2026-06-02 20:31:49 | INFO | each_eight_hours copy.py:39 | LOG FILE PATH: \\vmware-host\Shared Folders\SHARED FILES VM\MS\logs\each_eight_hours copy_2026-06-02_20-31-49.log
2026-06-02 20:31:49 | INFO | each_eight_hours copy.py:40 | Logger initialized
2026-06-02 20:31:49 | INFO | each_eight_hours copy.py:67 | Script initialized
2026-06-02 20:31:52 | INFO | each_eight_hours copy.py:97 | snap.exe terminated if it was running
2026-06-02 20:31:52 | INFO | my_functions.py:57 | ⏳ Esperando WebSocket de OBS...
2026-06-02 20:31:59 | INFO | baseclient.py:33 | Connecting with parameters: host='localhost' port=4455 password='' subs=0 timeout=None
2026-06-02 20:31:59 | INFO | reqs.py:23 | Successfully identified ReqClient with the server using RPC version:1
2026-06-02 20:31:59 | INFO | my_functions.py:63 | ✅ Conectado al OBS WebSocket
2026-06-02 20:31:59 | ERROR | reqs.py:59 | OBSSDKRequestError: Request GetRecordStatus returned code 207. With message: OBS is not ready to perform the request.
Traceback (most recent call last):
  File "C:\Users\Farm\AppData\Local\Programs\Python\Python311\Lib\site-packages\obsws_python\reqs.py", line 53, in send
    raise OBSSDKRequestError(
obsws_python.error.OBSSDKRequestError: Request GetRecordStatus returned code 207. With message: OBS is not ready to perform the request.
2026-06-02 20:32:00 | INFO | my_functions.py:88 | 🎬 Grabación iniciada
2026-06-02 20:32:00 | INFO | my_functions.py:1294 | ⏱ Esperando 0.1 segundos antes de empezar...
2026-06-02 20:32:00 | INFO | my_functions.py:1301 | 🔍 Esperando ventana que contenga alguna de: ['py', 'eight_hours'] (máx 20s)
2026-06-02 20:32:00 | INFO | my_functions.py:1313 | ✅ Ventana encontrada: 'C:\Windows\py.exe'
2026-06-02 20:32:00 | INFO | my_functions.py:1328 | ✅ Ventana seleccionada: 'C:\Windows\py.exe'
2026-06-02 20:32:02 | INFO | my_functions.py:1351 | 🔁 Reajuste #1...
2026-06-02 20:32:02 | INFO | my_functions.py:1358 | ✔ Verificación completa. Se hicieron 1 reajustes.
2026-06-02 20:32:32 | INFO | my_functions.py:2124 | Starting Steam window scan
2026-06-02 20:32:32 | INFO | my_functions.py:2127 | Found window: 
2026-06-02 20:32:32 | INFO | my_functions.py:2127 | Found window: C:\Windows\py.exe
2026-06-02 20:32:32 | INFO | my_functions.py:2127 | Found window: MS
2026-06-02 20:32:32 | INFO | my_functions.py:2127 | Found window: 
2026-06-02 20:32:32 | INFO | my_functions.py:2127 | Found window: 
2026-06-02 20:32:32 | INFO | my_functions.py:2127 | Found window: 
2026-06-02 20:32:32 | INFO | my_functions.py:2127 | Found window: 
2026-06-02 20:32:32 | INFO | my_functions.py:2127 | Found window: Program Manager
2026-06-02 20:32:32 | INFO | each_eight_hours copy.py:111 | Processing account: jeremy
2026-06-02 20:32:32 | INFO | each_eight_hours copy.py:114 | Game relaunched for account
2026-06-02 20:32:32 | INFO | my_functions.py:1294 | ⏱ Esperando 0.1 segundos antes de empezar...
2026-06-02 20:32:33 | INFO | my_functions.py:1301 | 🔍 Esperando ventana que contenga alguna de: ['SNAP'] (máx 20s)
2026-06-02 20:32:36 | INFO | my_functions.py:1313 | ✅ Ventana encontrada: 'SNAP'
2026-06-02 20:32:36 | INFO | my_functions.py:1328 | ✅ Ventana seleccionada: 'SNAP'
2026-06-02 20:32:38 | INFO | my_functions.py:1351 | 🔁 Reajuste #1...
2026-06-02 20:32:40 | INFO | my_functions.py:1358 | ✔ Verificación completa. Se hicieron 1 reajustes.
2026-06-02 20:32:40 | INFO | my_functions.py:997 | [DEBUG] Resizing SNAP window...
2026-06-02 20:32:40 | INFO | my_functions.py:1294 | ⏱ Esperando 0.1 segundos antes de empezar...
2026-06-02 20:32:40 | INFO | my_functions.py:1301 | 🔍 Esperando ventana que contenga alguna de: ['SNAP'] (máx 20s)
2026-06-02 20:32:40 | INFO | my_functions.py:1313 | ✅ Ventana encontrada: 'SNAP'
2026-06-02 20:32:40 | INFO | my_functions.py:1328 | ✅ Ventana seleccionada: 'SNAP'
2026-06-02 20:32:43 | INFO | my_functions.py:1360 | ✔ Verificación completa. No hubo cambios después del primer ajuste.
2026-06-02 20:32:43 | INFO | my_functions.py:248 | [DEBUG] Buscando en paralelo: ['small_submit.PNG', 'small_submit_hover.png', 'submit_hover_2.png', 'small_submit_hover_2.png'] | timeout=90s | confidence=0.8
2026-06-02 20:32:47 | INFO | my_functions.py:135 | Haciendo click en la posición (380, 642)
2026-06-02 20:32:47 | INFO | my_functions.py:270 | 🖱️ Click OK (En paralelo): small_submit.PNG at (380, 642) delay=0.2s
2026-06-02 20:32:50 | INFO | my_functions.py:248 | [DEBUG] Buscando en paralelo: ['small_submit.PNG', 'small_submit_hover.png', 'submit_hover_2.png', 'small_submit_hover_2.png'] | timeout=20s | confidence=0.8
2026-06-02 20:32:51 | INFO | my_functions.py:135 | Haciendo click en la posición (380, 721)
2026-06-02 20:32:51 | INFO | my_functions.py:270 | 🖱️ Click OK (En paralelo): small_submit.PNG at (380, 721) delay=0.2s
2026-06-02 20:32:52 | INFO | my_functions.py:1294 | ⏱ Esperando 0.1 segundos antes de empezar...
2026-06-02 20:32:52 | INFO | my_functions.py:1301 | 🔍 Esperando ventana que contenga alguna de: ['SNAP'] (máx 20s)
2026-06-02 20:32:52 | INFO | my_functions.py:1313 | ✅ Ventana encontrada: 'SNAP'
2026-06-02 20:32:52 | INFO | my_functions.py:1328 | ✅ Ventana seleccionada: 'SNAP'
2026-06-02 20:32:55 | INFO | my_functions.py:1360 | ✔ Verificación completa. No hubo cambios después del primer ajuste.
2026-06-02 20:32:55 | INFO | my_functions.py:170 | Searching please_sign.png (timeout=0s)
2026-06-02 20:32:55 | INFO | my_functions.py:214 | 
⛔ Not found: please_sign.png after 0.0s region=(0, 0, 765, 1038) confidence=0.8
2026-06-02 20:32:55 | INFO | my_functions.py:170 | Searching sign_in_with_google2.PNG (timeout=90s)
2026-06-02 20:32:55 | INFO | my_functions.py:200 | 
✅ Found: sign_in_with_google2.PNG pos=(406, 957) time=0.21s confidence=0.8
2026-06-02 20:32:55 | INFO | my_functions.py:248 | [DEBUG] Buscando en paralelo: ['sign_in_with_google2.PNG'] | timeout=20s | confidence=0.8
2026-06-02 20:32:57 | INFO | my_functions.py:135 | Haciendo click en la posición (406, 957)
2026-06-02 20:32:57 | INFO | my_functions.py:270 | 🖱️ Click OK (En paralelo): sign_in_with_google2.PNG at (406, 957) delay=1s
2026-06-02 20:32:58 | INFO | my_functions.py:248 | [DEBUG] Buscando en paralelo: ['jeremy.png'] | timeout=30s | confidence=0.8
2026-06-02 20:33:28 | INFO | my_functions.py:282 | [DEBUG] Click skipped, ninguna de las imágenes se encontró en el intento.
2026-06-02 20:33:30 | INFO | my_functions.py:248 | [DEBUG] Buscando en paralelo: ['jeremy.png'] | timeout=0s | confidence=0.8
2026-06-02 20:33:33 | INFO | my_functions.py:135 | Haciendo click en la posición (1143, 645)
2026-06-02 20:33:34 | INFO | my_functions.py:270 | 🖱️ Click OK (En paralelo): jeremy.png at (1143, 645) delay=3s
2026-06-02 20:33:36 | INFO | my_functions.py:170 | Searching marvelsnap_web.png (timeout=30s)
2026-06-02 20:33:37 | INFO | my_functions.py:200 | 
✅ Found: marvelsnap_web.png pos=(258, 80) time=1.78s confidence=0.7
2026-06-02 20:33:38 | INFO | my_functions.py:170 | Searching shop_unselected.PNG (timeout=0s)
2026-06-02 20:33:38 | INFO | my_functions.py:214 | 
⛔ Not found: shop_unselected.PNG after 0.0s region=(0, 0, 765, 1038) confidence=0.8
2026-06-02 20:33:38 | INFO | my_functions.py:248 | [DEBUG] Buscando en paralelo: ['super_premium.PNG'] | timeout=0s | confidence=0.8
2026-06-02 20:33:38 | INFO | my_functions.py:282 | [DEBUG] Click skipped, ninguna de las imágenes se encontró en el intento.
2026-06-02 20:33:39 | INFO | my_functions.py:248 | [DEBUG] Buscando en paralelo: ['maybe_later.PNG'] | timeout=0s | confidence=0.8
2026-06-02 20:33:40 | INFO | my_functions.py:282 | [DEBUG] Click skipped, ninguna de las imágenes se encontró en el intento.
2026-06-02 20:33:41 | INFO | my_functions.py:248 | [DEBUG] Buscando en paralelo: ['maybe_later2.PNG'] | timeout=0s | confidence=0.8
2026-06-02 20:33:41 | INFO | my_functions.py:282 | [DEBUG] Click skipped, ninguna de las imágenes se encontró en el intento.
2026-06-02 20:33:42 | INFO | my_functions.py:170 | Searching go_to_shop.PNG (timeout=0s)
2026-06-02 20:33:42 | INFO | my_functions.py:214 | 
⛔ Not found: go_to_shop.PNG after 0.0s region=(0, 0, 765, 1038) confidence=0.8
2026-06-02 20:33:42 | INFO | my_functions.py:248 | [DEBUG] Buscando en paralelo: ['14_days_of_winterverse.PNG'] | timeout=0s | confidence=0.8
2026-06-02 20:33:42 | INFO | my_functions.py:282 | [DEBUG] Click skipped, ninguna de las imágenes se encontró en el intento.
2026-06-02 20:33:44 | INFO | my_functions.py:170 | Searching welcome_back_calendar.PNG (timeout=0s)
2026-06-02 20:33:44 | INFO | my_functions.py:214 | 
⛔ Not found: welcome_back_calendar.PNG after 0.0s region=(0, 0, 765, 1038) confidence=0.8
2026-06-02 20:33:44 | INFO | my_functions.py:248 | [DEBUG] Buscando en paralelo: ['start_the_countdown.PNG'] | timeout=0s | confidence=0.8
2026-06-02 20:33:44 | INFO | my_functions.py:282 | [DEBUG] Click skipped, ninguna de las imágenes se encontró en el intento.
2026-06-02 20:33:45 | INFO | my_functions.py:248 | [DEBUG] Buscando en paralelo: ['event_has_ended_sanctum.PNG'] | timeout=0s | confidence=0.8
2026-06-02 20:33:45 | INFO | my_functions.py:282 | [DEBUG] Click skipped, ninguna de las imágenes se encontró en el intento.
2026-06-02 20:33:46 | INFO | my_functions.py:248 | [DEBUG] Buscando en paralelo: ['image_part_of_event_grand_arena_finished.PNG'] | timeout=0s | confidence=0.8
2026-06-02 20:33:46 | INFO | my_functions.py:282 | [DEBUG] Click skipped, ninguna de las imágenes se encontró en el intento.
2026-06-02 20:33:48 | INFO | my_functions.py:170 | Searching 28_day_event_login_rewards.PNG (timeout=0s)
2026-06-02 20:33:48 | INFO | my_functions.py:214 | 
⛔ Not found: 28_day_event_login_rewards.PNG after 0.0s region=(0, 0, 765, 1038) confidence=0.8
2026-06-02 20:33:48 | INFO | my_functions.py:170 | Searching 7_day_event_login.PNG (timeout=0s)
2026-06-02 20:33:48 | INFO | my_functions.py:214 | 
⛔ Not found: 7_day_event_login.PNG after 0.0s region=(0, 0, 765, 1038) confidence=0.8
2026-06-02 20:33:48 | INFO | my_functions.py:170 | Searching 14_days_event.PNG (timeout=0s)
2026-06-02 20:33:48 | INFO | my_functions.py:214 | 
⛔ Not found: 14_days_event.PNG after 0.01s region=(0, 0, 765, 1038) confidence=0.8
2026-06-02 20:33:48 | INFO | my_functions.py:248 | [DEBUG] Buscando en paralelo: ['lets_go.PNG'] | timeout=0s | confidence=0.8
2026-06-02 20:33:48 | INFO | my_functions.py:282 | [DEBUG] Click skipped, ninguna de las imágenes se encontró en el intento.
2026-06-02 20:33:51 | INFO | my_functions.py:170 | Searching shop_unselected.PNG (timeout=0s)
2026-06-02 20:33:51 | INFO | my_functions.py:200 | 
✅ Found: shop_unselected.PNG pos=(88, 961) time=0.21s confidence=0.8
2026-06-02 20:33:59 | INFO | my_functions.py:170 | Searching shop_unselected.PNG (timeout=0s)
2026-06-02 20:33:59 | INFO | my_functions.py:200 | 
✅ Found: shop_unselected.PNG pos=(88, 961) time=0.19s confidence=0.8
2026-06-02 20:33:59 | INFO | my_functions.py:524 | Ya esta listo
2026-06-02 20:34:03 | INFO | each_eight_hours copy.py:131 | Extracting data for account: jeremy
2026-06-02 20:34:03 | ERROR | my_functions.py:2277 | Error leyendo billetera: [Errno 2] No such file or directory: 'C:\\Users\\Farm\\AppData\\LocalLow\\Second Dinner\\SNAP\\Standalone\\States\\nvprod\\ProfileState.json.json'
2026-06-02 20:34:03 | INFO | each_eight_hours copy.py:145 | Account jeremy summary -> CL: 28973 | Unclaimed: 29 | Credits: 0, Gold: 0, Tokens: 0
2026-06-02 20:34:03 | INFO | my_functions.py:248 | [DEBUG] Buscando en paralelo: ['nut.png'] | timeout=20s | confidence=0.8
2026-06-02 20:34:05 | INFO | my_functions.py:135 | Haciendo click en la posición (184, 78)
2026-06-02 20:34:05 | INFO | my_functions.py:270 | 🖱️ Click OK (En paralelo): nut.png at (184, 78) delay=1s
2026-06-02 20:34:06 | INFO | my_functions.py:248 | [DEBUG] Buscando en paralelo: ['graphics_quality.png'] | timeout=3s | confidence=0.8
2026-06-02 20:34:07 | INFO | my_functions.py:135 | Haciendo click en la posición (304, 644)
2026-06-02 20:34:07 | INFO | my_functions.py:270 | 🖱️ Click OK (En paralelo): graphics_quality.png at (304, 644) delay=1s
2026-06-02 20:34:09 | INFO | my_functions.py:248 | [DEBUG] Buscando en paralelo: ['sign_out.png'] | timeout=20s | confidence=0.8
2026-06-02 20:34:11 | INFO | my_functions.py:135 | Haciendo click en la posición (380, 796)
2026-06-02 20:34:11 | INFO | my_functions.py:270 | 🖱️ Click OK (En paralelo): sign_out.png at (380, 796) delay=1s
2026-06-02 20:34:13 | INFO | my_functions.py:248 | [DEBUG] Buscando en paralelo: ['sign_out_grande.png'] | timeout=20s | confidence=0.8
2026-06-02 20:34:14 | INFO | my_functions.py:135 | Haciendo click en la posición (359, 437)
2026-06-02 20:34:14 | INFO | my_functions.py:270 | 🖱️ Click OK (En paralelo): sign_out_grande.png at (359, 437) delay=1s
2026-06-02 20:34:16 | INFO | my_functions.py:248 | [DEBUG] Buscando en paralelo: ['sign_out2.png'] | timeout=20s | confidence=0.8
2026-06-02 20:34:17 | INFO | my_functions.py:135 | Haciendo click en la posición (383, 634)
2026-06-02 20:34:17 | INFO | my_functions.py:270 | 🖱️ Click OK (En paralelo): sign_out2.png at (383, 634) delay=1s
2026-06-02 20:34:18 | INFO | my_functions.py:1294 | ⏱ Esperando 0.1 segundos antes de empezar...
2026-06-02 20:34:18 | INFO | my_functions.py:1301 | 🔍 Esperando ventana que contenga alguna de: SNAP (máx 20s)
2026-06-02 20:34:18 | INFO | my_functions.py:1313 | ✅ Ventana encontrada: 'SNAP'
2026-06-02 20:34:18 | INFO | my_functions.py:1328 | ✅ Ventana seleccionada: 'SNAP'
2026-06-02 20:34:20 | INFO | my_functions.py:1351 | 🔁 Reajuste #1...
2026-06-02 20:34:22 | INFO | my_functions.py:1358 | ✔ Verificación completa. Se hicieron 1 reajustes.
2026-06-02 20:34:26 | INFO | each_eight_hours copy.py:111 | Processing account: reeps_vm
2026-06-02 20:34:26 | INFO | each_eight_hours copy.py:114 | Game relaunched for account
2026-06-02 20:34:26 | INFO | my_functions.py:1294 | ⏱ Esperando 0.1 segundos antes de empezar...
2026-06-02 20:34:27 | INFO | my_functions.py:1301 | 🔍 Esperando ventana que contenga alguna de: ['SNAP'] (máx 20s)
2026-06-02 20:34:29 | INFO | my_functions.py:1313 | ✅ Ventana encontrada: 'SNAP'
2026-06-02 20:34:29 | INFO | my_functions.py:1328 | ✅ Ventana seleccionada: 'SNAP'
2026-06-02 20:34:31 | INFO | my_functions.py:1360 | ✔ Verificación completa. No hubo cambios después del primer ajuste.
2026-06-02 20:34:31 | INFO | my_functions.py:997 | [DEBUG] Resizing SNAP window...
2026-06-02 20:34:31 | INFO | my_functions.py:1294 | ⏱ Esperando 0.1 segundos antes de empezar...
2026-06-02 20:34:31 | INFO | my_functions.py:1301 | 🔍 Esperando ventana que contenga alguna de: ['SNAP'] (máx 20s)
2026-06-02 20:34:31 | INFO | my_functions.py:1313 | ✅ Ventana encontrada: 'SNAP'
2026-06-02 20:34:31 | INFO | my_functions.py:1328 | ✅ Ventana seleccionada: 'SNAP'
2026-06-02 20:34:34 | INFO | my_functions.py:1360 | ✔ Verificación completa. No hubo cambios después del primer ajuste.
2026-06-02 20:34:34 | INFO | my_functions.py:248 | [DEBUG] Buscando en paralelo: ['small_submit.PNG', 'small_submit_hover.png', 'submit_hover_2.png', 'small_submit_hover_2.png'] | timeout=90s | confidence=0.8
2026-06-02 20:34:38 | INFO | my_functions.py:135 | Haciendo click en la posición (380, 642)
2026-06-02 20:34:38 | INFO | my_functions.py:270 | 🖱️ Click OK (En paralelo): small_submit.PNG at (380, 642) delay=0.2s
2026-06-02 20:34:41 | INFO | my_functions.py:248 | [DEBUG] Buscando en paralelo: ['small_submit.PNG', 'small_submit_hover.png', 'submit_hover_2.png', 'small_submit_hover_2.png'] | timeout=20s | confidence=0.8
2026-06-02 20:34:41 | INFO | my_functions.py:135 | Haciendo click en la posición (380, 721)
2026-06-02 20:34:42 | INFO | my_functions.py:270 | 🖱️ Click OK (En paralelo): small_submit.PNG at (380, 721) delay=0.2s
2026-06-02 20:34:43 | INFO | my_functions.py:1294 | ⏱ Esperando 0.1 segundos antes de empezar...
2026-06-02 20:34:43 | INFO | my_functions.py:1301 | 🔍 Esperando ventana que contenga alguna de: ['SNAP'] (máx 20s)
2026-06-02 20:34:43 | INFO | my_functions.py:1313 | ✅ Ventana encontrada: 'SNAP'
2026-06-02 20:34:43 | INFO | my_functions.py:1328 | ✅ Ventana seleccionada: 'SNAP'
2026-06-02 20:34:45 | INFO | my_functions.py:1351 | 🔁 Reajuste #1...
2026-06-02 20:34:46 | INFO | my_functions.py:1358 | ✔ Verificación completa. Se hicieron 1 reajustes.
2026-06-02 20:34:46 | INFO | my_functions.py:170 | Searching please_sign.png (timeout=0s)
2026-06-02 20:34:46 | INFO | my_functions.py:200 | 
✅ Found: please_sign.png pos=(383, 438) time=0.18s confidence=0.8
2026-06-02 20:34:46 | INFO | my_functions.py:248 | [DEBUG] Buscando en paralelo: ['ok_btn.png'] | timeout=20s | confidence=0.8
2026-06-02 20:34:47 | INFO | my_functions.py:135 | Haciendo click en la posición (382, 634)
2026-06-02 20:34:47 | INFO | my_functions.py:270 | 🖱️ Click OK (En paralelo): ok_btn.png at (382, 634) delay=1s
2026-06-02 20:34:49 | INFO | my_functions.py:248 | [DEBUG] Buscando en paralelo: ['small_submit.PNG', 'small_submit_hover.png', 'submit_hover_2.png', 'small_submit_hover_2.png'] | timeout=90s | confidence=0.8
2026-06-02 20:34:50 | INFO | my_functions.py:135 | Haciendo click en la posición (383, 643)
2026-06-02 20:34:50 | INFO | my_functions.py:270 | 🖱️ Click OK (En paralelo): small_submit_hover_2.png at (383, 643) delay=0.2s
2026-06-02 20:34:51 | INFO | my_functions.py:248 | [DEBUG] Buscando en paralelo: ['small_submit.PNG', 'small_submit_hover.png', 'submit_hover_2.png', 'small_submit_hover_2.png'] | timeout=20s | confidence=0.8
2026-06-02 20:34:52 | INFO | my_functions.py:135 | Haciendo click en la posición (380, 721)
2026-06-02 20:34:52 | INFO | my_functions.py:270 | 🖱️ Click OK (En paralelo): small_submit.PNG at (380, 721) delay=0.2s
2026-06-02 20:34:53 | INFO | my_functions.py:170 | Searching sign_in_with_google2.PNG (timeout=90s)
2026-06-02 20:34:53 | INFO | my_functions.py:200 | 
✅ Found: sign_in_with_google2.PNG pos=(406, 957) time=0.19s confidence=0.8
2026-06-02 20:34:53 | INFO | my_functions.py:248 | [DEBUG] Buscando en paralelo: ['sign_in_with_google2.PNG'] | timeout=20s | confidence=0.8
2026-06-02 20:34:54 | INFO | my_functions.py:135 | Haciendo click en la posición (406, 957)
2026-06-02 20:34:55 | INFO | my_functions.py:270 | 🖱️ Click OK (En paralelo): sign_in_with_google2.PNG at (406, 957) delay=1s
2026-06-02 20:34:56 | INFO | my_functions.py:248 | [DEBUG] Buscando en paralelo: ['reeps_vm.png'] | timeout=30s | confidence=0.8
2026-06-02 20:35:03 | INFO | my_functions.py:135 | Haciendo click en la posición (1126, 534)
2026-06-02 20:35:03 | INFO | my_functions.py:270 | 🖱️ Click OK (En paralelo): reeps_vm.png at (1126, 534) delay=3s
2026-06-02 20:35:04 | INFO | my_functions.py:170 | Searching marvelsnap_web.png (timeout=30s)
2026-06-02 20:35:07 | INFO | my_functions.py:200 | 
✅ Found: marvelsnap_web.png pos=(258, 80) time=2.92s confidence=0.7
2026-06-02 20:35:07 | INFO | my_functions.py:170 | Searching shop_unselected.PNG (timeout=0s)
2026-06-02 20:35:08 | INFO | my_functions.py:214 | 
⛔ Not found: shop_unselected.PNG after 0.0s region=(0, 0, 765, 1038) confidence=0.8
2026-06-02 20:35:08 | INFO | my_functions.py:248 | [DEBUG] Buscando en paralelo: ['super_premium.PNG'] | timeout=0s | confidence=0.8
2026-06-02 20:35:08 | INFO | my_functions.py:282 | [DEBUG] Click skipped, ninguna de las imágenes se encontró en el intento.
2026-06-02 20:35:09 | INFO | my_functions.py:248 | [DEBUG] Buscando en paralelo: ['maybe_later.PNG'] | timeout=0s | confidence=0.8
2026-06-02 20:35:09 | INFO | my_functions.py:282 | [DEBUG] Click skipped, ninguna de las imágenes se encontró en el intento.
2026-06-02 20:35:10 | INFO | my_functions.py:248 | [DEBUG] Buscando en paralelo: ['maybe_later2.PNG'] | timeout=0s | confidence=0.8
2026-06-02 20:35:10 | INFO | my_functions.py:282 | [DEBUG] Click skipped, ninguna de las imágenes se encontró en el intento.
2026-06-02 20:35:12 | INFO | my_functions.py:170 | Searching go_to_shop.PNG (timeout=0s)
2026-06-02 20:35:12 | INFO | my_functions.py:214 | 
⛔ Not found: go_to_shop.PNG after 0.0s region=(0, 0, 765, 1038) confidence=0.8
2026-06-02 20:35:12 | INFO | my_functions.py:248 | [DEBUG] Buscando en paralelo: ['14_days_of_winterverse.PNG'] | timeout=0s | confidence=0.8
2026-06-02 20:35:12 | INFO | my_functions.py:282 | [DEBUG] Click skipped, ninguna de las imágenes se encontró en el intento.
2026-06-02 20:35:13 | INFO | my_functions.py:170 | Searching welcome_back_calendar.PNG (timeout=0s)
2026-06-02 20:35:13 | INFO | my_functions.py:214 | 
⛔ Not found: welcome_back_calendar.PNG after 0.0s region=(0, 0, 765, 1038) confidence=0.8
2026-06-02 20:35:13 | INFO | my_functions.py:248 | [DEBUG] Buscando en paralelo: ['start_the_countdown.PNG'] | timeout=0s | confidence=0.8
2026-06-02 20:35:13 | INFO | my_functions.py:282 | [DEBUG] Click skipped, ninguna de las imágenes se encontró en el intento.
2026-06-02 20:35:14 | INFO | my_functions.py:248 | [DEBUG] Buscando en paralelo: ['event_has_ended_sanctum.PNG'] | timeout=0s | confidence=0.8
2026-06-02 20:35:15 | INFO | my_functions.py:282 | [DEBUG] Click skipped, ninguna de las imágenes se encontró en el intento.
2026-06-02 20:35:16 | INFO | my_functions.py:248 | [DEBUG] Buscando en paralelo: ['image_part_of_event_grand_arena_finished.PNG'] | timeout=0s | confidence=0.8
2026-06-02 20:35:16 | INFO | my_functions.py:282 | [DEBUG] Click skipped, ninguna de las imágenes se encontró en el intento.
2026-06-02 20:35:17 | INFO | my_functions.py:170 | Searching 28_day_event_login_rewards.PNG (timeout=0s)
2026-06-02 20:35:17 | INFO | my_functions.py:214 | 
⛔ Not found: 28_day_event_login_rewards.PNG after 0.0s region=(0, 0, 765, 1038) confidence=0.8
2026-06-02 20:35:17 | INFO | my_functions.py:170 | Searching 7_day_event_login.PNG (timeout=0s)
2026-06-02 20:35:17 | INFO | my_functions.py:214 | 
⛔ Not found: 7_day_event_login.PNG after 0.0s region=(0, 0, 765, 1038) confidence=0.8
2026-06-02 20:35:17 | INFO | my_functions.py:170 | Searching 14_days_event.PNG (timeout=0s)
2026-06-02 20:35:18 | INFO | my_functions.py:214 | 
⛔ Not found: 14_days_event.PNG after 0.0s region=(0, 0, 765, 1038) confidence=0.8
2026-06-02 20:35:18 | INFO | my_functions.py:248 | [DEBUG] Buscando en paralelo: ['lets_go.PNG'] | timeout=0s | confidence=0.8
2026-06-02 20:35:18 | INFO | my_functions.py:282 | [DEBUG] Click skipped, ninguna de las imágenes se encontró en el intento.
2026-06-02 20:35:20 | INFO | my_functions.py:170 | Searching shop_unselected.PNG (timeout=0s)
2026-06-02 20:35:20 | INFO | my_functions.py:200 | 
✅ Found: shop_unselected.PNG pos=(88, 961) time=0.22s confidence=0.8
2026-06-02 20:35:28 | INFO | my_functions.py:170 | Searching shop_unselected.PNG (timeout=0s)
2026-06-02 20:35:28 | INFO | my_functions.py:214 | 
⛔ Not found: shop_unselected.PNG after 0.0s region=(0, 0, 765, 1038) confidence=0.8
2026-06-02 20:35:29 | INFO | my_functions.py:170 | Searching shop_unselected.PNG (timeout=0s)
2026-06-02 20:35:30 | INFO | my_functions.py:214 | 
⛔ Not found: shop_unselected.PNG after 0.0s region=(0, 0, 765, 1038) confidence=0.8
2026-06-02 20:35:30 | INFO | my_functions.py:248 | [DEBUG] Buscando en paralelo: ['super_premium.PNG'] | timeout=0s | confidence=0.8
2026-06-02 20:35:31 | INFO | my_functions.py:135 | Haciendo click en la posición (480, 777)
2026-06-02 20:35:31 | INFO | my_functions.py:270 | 🖱️ Click OK (En paralelo): super_premium.PNG at (480, 777) delay=1s
2026-06-02 20:35:32 | INFO | my_functions.py:143 | Presionando ESC (1/1)
2026-06-02 20:35:41 | INFO | my_functions.py:170 | Searching shop_unselected.PNG (timeout=0s)
2026-06-02 20:35:41 | INFO | my_functions.py:200 | 
✅ Found: shop_unselected.PNG pos=(88, 961) time=0.18s confidence=0.8
2026-06-02 20:35:41 | INFO | my_functions.py:524 | Ya esta listo
2026-06-02 20:35:45 | INFO | each_eight_hours copy.py:131 | Extracting data for account: reeps_vm
2026-06-02 20:35:45 | ERROR | my_functions.py:2277 | Error leyendo billetera: [Errno 2] No such file or directory: 'C:\\Users\\Farm\\AppData\\LocalLow\\Second Dinner\\SNAP\\Standalone\\States\\nvprod\\ProfileState.json.json'
2026-06-02 20:35:45 | INFO | each_eight_hours copy.py:145 | Account reeps_vm summary -> CL: 2883 | Unclaimed: 175 | Credits: 0, Gold: 0, Tokens: 0
2026-06-02 20:35:45 | INFO | my_functions.py:248 | [DEBUG] Buscando en paralelo: ['nut.png'] | timeout=20s | confidence=0.8
2026-06-02 20:35:46 | INFO | my_functions.py:135 | Haciendo click en la posición (184, 78)
2026-06-02 20:35:47 | INFO | my_functions.py:270 | 🖱️ Click OK (En paralelo): nut.png at (184, 78) delay=1s
2026-06-02 20:35:48 | INFO | my_functions.py:248 | [DEBUG] Buscando en paralelo: ['graphics_quality.png'] | timeout=3s | confidence=0.8
2026-06-02 20:35:49 | INFO | my_functions.py:135 | Haciendo click en la posición (304, 644)
2026-06-02 20:35:49 | INFO | my_functions.py:270 | 🖱️ Click OK (En paralelo): graphics_quality.png at (304, 644) delay=1s
2026-06-02 20:35:51 | INFO | my_functions.py:248 | [DEBUG] Buscando en paralelo: ['sign_out.png'] | timeout=20s | confidence=0.8
2026-06-02 20:35:52 | INFO | my_functions.py:135 | Haciendo click en la posición (380, 796)
2026-06-02 20:35:53 | INFO | my_functions.py:270 | 🖱️ Click OK (En paralelo): sign_out.png at (380, 796) delay=1s
2026-06-02 20:35:55 | INFO | my_functions.py:248 | [DEBUG] Buscando en paralelo: ['sign_out_grande.png'] | timeout=20s | confidence=0.8
2026-06-02 20:35:56 | INFO | my_functions.py:135 | Haciendo click en la posición (359, 437)
2026-06-02 20:35:56 | INFO | my_functions.py:270 | 🖱️ Click OK (En paralelo): sign_out_grande.png at (359, 437) delay=1s
2026-06-02 20:35:57 | INFO | my_functions.py:248 | [DEBUG] Buscando en paralelo: ['sign_out2.png'] | timeout=20s | confidence=0.8
2026-06-02 20:35:59 | INFO | my_functions.py:135 | Haciendo click en la posición (383, 634)
2026-06-02 20:35:59 | INFO | my_functions.py:270 | 🖱️ Click OK (En paralelo): sign_out2.png at (383, 634) delay=1s
2026-06-02 20:36:00 | INFO | my_functions.py:1294 | ⏱ Esperando 0.1 segundos antes de empezar...
2026-06-02 20:36:00 | INFO | my_functions.py:1301 | 🔍 Esperando ventana que contenga alguna de: SNAP (máx 20s)
2026-06-02 20:36:00 | INFO | my_functions.py:1313 | ✅ Ventana encontrada: 'SNAP'
2026-06-02 20:36:00 | INFO | my_functions.py:1328 | ✅ Ventana seleccionada: 'SNAP'
2026-06-02 20:36:02 | INFO | my_functions.py:1351 | 🔁 Reajuste #1...
2026-06-02 20:36:04 | INFO | my_functions.py:1358 | ✔ Verificación completa. Se hicieron 1 reajustes.
