2026-05-26 06:55:23 | INFO | each_eight_hours.py:39 | LOG FILE PATH: \\vmware-host\Shared Folders\SHARED FILES VM\MS\logs\each_eight_hours_2026-05-26_06-55-23.log
2026-05-26 06:55:23 | INFO | each_eight_hours.py:40 | Logger initialized
2026-05-26 06:55:23 | INFO | each_eight_hours.py:67 | Script initialized
2026-05-26 06:55:25 | INFO | each_eight_hours.py:128 | snap.exe terminated if it was running
2026-05-26 06:55:26 | INFO | my_functions.py:57 | ⏳ Esperando WebSocket de OBS...
2026-05-26 06:55:32 | INFO | baseclient.py:33 | Connecting with parameters: host='localhost' port=4455 password='' subs=0 timeout=None
2026-05-26 06:55:32 | INFO | reqs.py:23 | Successfully identified ReqClient with the server using RPC version:1
2026-05-26 06:55:32 | INFO | my_functions.py:63 | ✅ Conectado al OBS WebSocket
2026-05-26 06:55:32 | ERROR | reqs.py:59 | OBSSDKRequestError: Request GetRecordStatus returned code 207. With message: OBS is not ready to perform the request.
Traceback (most recent call last):
  File "C:\Users\Farm\AppData\Local\Programs\Python\Python311\Lib\site-packages\obsws_python\reqs.py", line 53, in send
    raise OBSSDKRequestError(
obsws_python.error.OBSSDKRequestError: Request GetRecordStatus returned code 207. With message: OBS is not ready to perform the request.
2026-05-26 06:55:33 | INFO | my_functions.py:88 | 🎬 Grabación iniciada
2026-05-26 06:55:33 | INFO | my_functions.py:1286 | ⏱ Esperando 0.1 segundos antes de empezar...
2026-05-26 06:55:34 | INFO | my_functions.py:1293 | 🔍 Esperando ventana que contenga alguna de: ['py', 'eight_hours'] (máx 20s)
2026-05-26 06:55:34 | INFO | my_functions.py:1305 | ✅ Ventana encontrada: 'each_eight_hours  - Acceso directo'
2026-05-26 06:55:34 | INFO | my_functions.py:1320 | ✅ Ventana seleccionada: 'each_eight_hours  - Acceso directo'
2026-05-26 06:55:36 | INFO | my_functions.py:1343 | 🔁 Reajuste #1...
2026-05-26 06:55:36 | INFO | my_functions.py:1350 | ✔ Verificación completa. Se hicieron 1 reajustes.
2026-05-26 06:56:06 | INFO | my_functions.py:2116 | Starting Steam window scan
2026-05-26 06:56:06 | INFO | my_functions.py:2119 | Found window: 
2026-05-26 06:56:06 | INFO | my_functions.py:2119 | Found window: each_eight_hours  - Acceso directo
2026-05-26 06:56:06 | INFO | my_functions.py:2119 | Found window: 
2026-05-26 06:56:06 | INFO | my_functions.py:2119 | Found window: 
2026-05-26 06:56:06 | INFO | my_functions.py:2119 | Found window: 
2026-05-26 06:56:06 | INFO | my_functions.py:2119 | Found window: 
2026-05-26 06:56:06 | INFO | my_functions.py:2119 | Found window: RivaTunerStatisticsServer
2026-05-26 06:56:06 | INFO | my_functions.py:2119 | Found window: Program Manager
2026-05-26 06:56:06 | INFO | each_eight_hours.py:139 | Processing account: jeremy
2026-05-26 06:56:06 | INFO | each_eight_hours.py:142 | Game relaunched for account
2026-05-26 06:56:06 | INFO | my_functions.py:1286 | ⏱ Esperando 0.1 segundos antes de empezar...
2026-05-26 06:56:06 | INFO | my_functions.py:1293 | 🔍 Esperando ventana que contenga alguna de: ['SNAP'] (máx 20s)
2026-05-26 06:56:14 | INFO | my_functions.py:1305 | ✅ Ventana encontrada: 'SNAP'
2026-05-26 06:56:14 | INFO | my_functions.py:1320 | ✅ Ventana seleccionada: 'SNAP'
2026-05-26 06:56:16 | INFO | my_functions.py:1352 | ✔ Verificación completa. No hubo cambios después del primer ajuste.
2026-05-26 06:56:16 | INFO | my_functions.py:991 | [DEBUG] Resizing SNAP window...
2026-05-26 06:56:16 | INFO | my_functions.py:1286 | ⏱ Esperando 0.1 segundos antes de empezar...
2026-05-26 06:56:16 | INFO | my_functions.py:1293 | 🔍 Esperando ventana que contenga alguna de: ['SNAP'] (máx 20s)
2026-05-26 06:56:16 | INFO | my_functions.py:1305 | ✅ Ventana encontrada: 'SNAP'
2026-05-26 06:56:16 | INFO | my_functions.py:1320 | ✅ Ventana seleccionada: 'SNAP'
2026-05-26 06:56:19 | INFO | my_functions.py:1352 | ✔ Verificación completa. No hubo cambios después del primer ajuste.
2026-05-26 06:56:19 | INFO | my_functions.py:248 | [DEBUG] Buscando en paralelo: ['small_submit.PNG', 'small_submit_hover.png', 'submit_hover_2.png', 'small_submit_hover_2.png'] | timeout=90s | confidence=0.8
2026-05-26 06:56:26 | INFO | my_functions.py:135 | Haciendo click en la posición (380, 644)
2026-05-26 06:56:26 | INFO | my_functions.py:270 | 🖱️ Click OK (En paralelo): small_submit.PNG at (380, 644) delay=0.2s
2026-05-26 06:56:27 | INFO | my_functions.py:248 | [DEBUG] Buscando en paralelo: ['small_submit.PNG', 'small_submit_hover.png', 'submit_hover_2.png', 'small_submit_hover_2.png'] | timeout=20s | confidence=0.8
2026-05-26 06:56:28 | INFO | my_functions.py:135 | Haciendo click en la posición (380, 721)
2026-05-26 06:56:28 | INFO | my_functions.py:270 | 🖱️ Click OK (En paralelo): small_submit.PNG at (380, 721) delay=0.2s
2026-05-26 06:56:29 | INFO | my_functions.py:1286 | ⏱ Esperando 0.1 segundos antes de empezar...
2026-05-26 06:56:29 | INFO | my_functions.py:1293 | 🔍 Esperando ventana que contenga alguna de: ['SNAP'] (máx 20s)
2026-05-26 06:56:29 | INFO | my_functions.py:1305 | ✅ Ventana encontrada: 'SNAP'
2026-05-26 06:56:29 | INFO | my_functions.py:1320 | ✅ Ventana seleccionada: 'SNAP'
2026-05-26 06:56:31 | INFO | my_functions.py:1343 | 🔁 Reajuste #1...
2026-05-26 06:56:32 | INFO | my_functions.py:1350 | ✔ Verificación completa. Se hicieron 1 reajustes.
2026-05-26 06:56:32 | INFO | my_functions.py:170 | Searching please_sign.png (timeout=0s)
2026-05-26 06:56:32 | INFO | my_functions.py:200 | 
✅ Found: please_sign.png pos=(383, 438) time=0.17s confidence=0.8
2026-05-26 06:56:32 | INFO | my_functions.py:248 | [DEBUG] Buscando en paralelo: ['ok_btn.png'] | timeout=20s | confidence=0.8
2026-05-26 06:56:34 | INFO | my_functions.py:135 | Haciendo click en la posición (382, 634)
2026-05-26 06:56:34 | INFO | my_functions.py:270 | 🖱️ Click OK (En paralelo): ok_btn.png at (382, 634) delay=1s
2026-05-26 06:56:35 | INFO | my_functions.py:248 | [DEBUG] Buscando en paralelo: ['small_submit.PNG', 'small_submit_hover.png', 'submit_hover_2.png', 'small_submit_hover_2.png'] | timeout=90s | confidence=0.8
2026-05-26 06:56:36 | INFO | my_functions.py:135 | Haciendo click en la posición (383, 643)
2026-05-26 06:56:36 | INFO | my_functions.py:270 | 🖱️ Click OK (En paralelo): small_submit_hover_2.png at (383, 643) delay=0.2s
2026-05-26 06:56:37 | INFO | my_functions.py:248 | [DEBUG] Buscando en paralelo: ['small_submit.PNG', 'small_submit_hover.png', 'submit_hover_2.png', 'small_submit_hover_2.png'] | timeout=20s | confidence=0.8
2026-05-26 06:56:38 | INFO | my_functions.py:135 | Haciendo click en la posición (380, 721)
2026-05-26 06:56:38 | INFO | my_functions.py:270 | 🖱️ Click OK (En paralelo): small_submit.PNG at (380, 721) delay=0.2s
2026-05-26 06:56:39 | INFO | my_functions.py:170 | Searching sign_in_with_google2.PNG (timeout=90s)
2026-05-26 06:56:39 | INFO | my_functions.py:200 | 
✅ Found: sign_in_with_google2.PNG pos=(406, 957) time=0.22s confidence=0.8
2026-05-26 06:56:39 | INFO | my_functions.py:248 | [DEBUG] Buscando en paralelo: ['sign_in_with_google2.PNG'] | timeout=20s | confidence=0.8
2026-05-26 06:56:41 | INFO | my_functions.py:135 | Haciendo click en la posición (406, 957)
2026-05-26 06:56:41 | INFO | my_functions.py:270 | 🖱️ Click OK (En paralelo): sign_in_with_google2.PNG at (406, 957) delay=1s
2026-05-26 06:56:42 | INFO | my_functions.py:248 | [DEBUG] Buscando en paralelo: ['jeremy.png'] | timeout=30s | confidence=0.8
2026-05-26 06:57:12 | INFO | my_functions.py:282 | [DEBUG] Click skipped, ninguna de las imágenes se encontró en el intento.
2026-05-26 06:57:14 | INFO | my_functions.py:248 | [DEBUG] Buscando en paralelo: ['jeremy.png'] | timeout=0s | confidence=0.8
2026-05-26 06:57:17 | INFO | my_functions.py:135 | Haciendo click en la posición (1143, 645)
2026-05-26 06:57:17 | INFO | my_functions.py:270 | 🖱️ Click OK (En paralelo): jeremy.png at (1143, 645) delay=3s
2026-05-26 06:57:19 | INFO | my_functions.py:170 | Searching marvelsnap_web.png (timeout=30s)
2026-05-26 06:57:49 | INFO | my_functions.py:214 | 
⛔ Not found: marvelsnap_web.png after 30.1s region=(0, 0, 765, 1038) confidence=0.7
2026-05-26 06:57:49 | INFO | my_functions.py:170 | Searching shop_unselected.PNG (timeout=0s)
2026-05-26 06:57:49 | INFO | my_functions.py:214 | 
⛔ Not found: shop_unselected.PNG after 0.0s region=(0, 0, 765, 1038) confidence=0.8
2026-05-26 06:57:49 | INFO | my_functions.py:248 | [DEBUG] Buscando en paralelo: ['super_premium.PNG'] | timeout=0s | confidence=0.8
2026-05-26 06:57:49 | INFO | my_functions.py:282 | [DEBUG] Click skipped, ninguna de las imágenes se encontró en el intento.
2026-05-26 06:57:50 | INFO | my_functions.py:248 | [DEBUG] Buscando en paralelo: ['maybe_later.PNG'] | timeout=0s | confidence=0.8
2026-05-26 06:57:50 | INFO | my_functions.py:282 | [DEBUG] Click skipped, ninguna de las imágenes se encontró en el intento.
2026-05-26 06:57:51 | INFO | my_functions.py:248 | [DEBUG] Buscando en paralelo: ['maybe_later2.PNG'] | timeout=0s | confidence=0.8
2026-05-26 06:57:52 | INFO | my_functions.py:282 | [DEBUG] Click skipped, ninguna de las imágenes se encontró en el intento.
2026-05-26 06:57:53 | INFO | my_functions.py:170 | Searching go_to_shop.PNG (timeout=0s)
2026-05-26 06:57:53 | INFO | my_functions.py:214 | 
⛔ Not found: go_to_shop.PNG after 0.0s region=(0, 0, 765, 1038) confidence=0.8
2026-05-26 06:57:53 | INFO | my_functions.py:248 | [DEBUG] Buscando en paralelo: ['14_days_of_winterverse.PNG'] | timeout=0s | confidence=0.8
2026-05-26 06:57:53 | INFO | my_functions.py:282 | [DEBUG] Click skipped, ninguna de las imágenes se encontró en el intento.
2026-05-26 06:57:54 | INFO | my_functions.py:170 | Searching welcome_back_calendar.PNG (timeout=0s)
2026-05-26 06:57:54 | INFO | my_functions.py:214 | 
⛔ Not found: welcome_back_calendar.PNG after 0.0s region=(0, 0, 765, 1038) confidence=0.8
2026-05-26 06:57:54 | INFO | my_functions.py:248 | [DEBUG] Buscando en paralelo: ['start_the_countdown.PNG'] | timeout=0s | confidence=0.8
2026-05-26 06:57:55 | INFO | my_functions.py:282 | [DEBUG] Click skipped, ninguna de las imágenes se encontró en el intento.
2026-05-26 06:57:56 | INFO | my_functions.py:248 | [DEBUG] Buscando en paralelo: ['event_has_ended_sanctum.PNG'] | timeout=0s | confidence=0.8
2026-05-26 06:57:56 | INFO | my_functions.py:282 | [DEBUG] Click skipped, ninguna de las imágenes se encontró en el intento.
2026-05-26 06:57:57 | INFO | my_functions.py:248 | [DEBUG] Buscando en paralelo: ['image_part_of_event_grand_arena_finished.PNG'] | timeout=0s | confidence=0.8
2026-05-26 06:57:57 | INFO | my_functions.py:282 | [DEBUG] Click skipped, ninguna de las imágenes se encontró en el intento.
2026-05-26 06:57:58 | INFO | my_functions.py:170 | Searching 28_day_event_login_rewards.PNG (timeout=0s)
2026-05-26 06:57:58 | INFO | my_functions.py:214 | 
⛔ Not found: 28_day_event_login_rewards.PNG after 0.0s region=(0, 0, 765, 1038) confidence=0.8
2026-05-26 06:57:58 | INFO | my_functions.py:170 | Searching 7_day_event_login.PNG (timeout=0s)
2026-05-26 06:57:58 | INFO | my_functions.py:214 | 
⛔ Not found: 7_day_event_login.PNG after 0.0s region=(0, 0, 765, 1038) confidence=0.8
2026-05-26 06:57:58 | INFO | my_functions.py:170 | Searching 14_days_event.PNG (timeout=0s)
2026-05-26 06:57:59 | INFO | my_functions.py:214 | 
⛔ Not found: 14_days_event.PNG after 0.0s region=(0, 0, 765, 1038) confidence=0.8
2026-05-26 06:57:59 | INFO | my_functions.py:248 | [DEBUG] Buscando en paralelo: ['lets_go.PNG'] | timeout=0s | confidence=0.8
2026-05-26 06:57:59 | INFO | my_functions.py:282 | [DEBUG] Click skipped, ninguna de las imágenes se encontró en el intento.
2026-05-26 06:58:01 | INFO | my_functions.py:170 | Searching shop_unselected.PNG (timeout=0s)
2026-05-26 06:58:01 | INFO | my_functions.py:214 | 
⛔ Not found: shop_unselected.PNG after 0.0s region=(0, 0, 765, 1038) confidence=0.8
2026-05-26 06:58:01 | INFO | my_functions.py:248 | [DEBUG] Buscando en paralelo: ['super_premium.PNG'] | timeout=0s | confidence=0.8
2026-05-26 06:58:01 | INFO | my_functions.py:282 | [DEBUG] Click skipped, ninguna de las imágenes se encontró en el intento.
2026-05-26 06:58:02 | INFO | my_functions.py:248 | [DEBUG] Buscando en paralelo: ['maybe_later.PNG'] | timeout=0s | confidence=0.8
2026-05-26 06:58:02 | INFO | my_functions.py:282 | [DEBUG] Click skipped, ninguna de las imágenes se encontró en el intento.
2026-05-26 06:58:04 | INFO | my_functions.py:248 | [DEBUG] Buscando en paralelo: ['maybe_later2.PNG'] | timeout=0s | confidence=0.8
2026-05-26 06:58:04 | INFO | my_functions.py:282 | [DEBUG] Click skipped, ninguna de las imágenes se encontró en el intento.
2026-05-26 06:58:05 | INFO | my_functions.py:170 | Searching go_to_shop.PNG (timeout=0s)
2026-05-26 06:58:05 | INFO | my_functions.py:214 | 
⛔ Not found: go_to_shop.PNG after 0.0s region=(0, 0, 765, 1038) confidence=0.8
2026-05-26 06:58:05 | INFO | my_functions.py:248 | [DEBUG] Buscando en paralelo: ['14_days_of_winterverse.PNG'] | timeout=0s | confidence=0.8
2026-05-26 06:58:05 | INFO | my_functions.py:282 | [DEBUG] Click skipped, ninguna de las imágenes se encontró en el intento.
2026-05-26 06:58:06 | INFO | my_functions.py:170 | Searching welcome_back_calendar.PNG (timeout=0s)
2026-05-26 06:58:06 | INFO | my_functions.py:214 | 
⛔ Not found: welcome_back_calendar.PNG after 0.0s region=(0, 0, 765, 1038) confidence=0.8
2026-05-26 06:58:06 | INFO | my_functions.py:248 | [DEBUG] Buscando en paralelo: ['start_the_countdown.PNG'] | timeout=0s | confidence=0.8
2026-05-26 06:58:07 | INFO | my_functions.py:282 | [DEBUG] Click skipped, ninguna de las imágenes se encontró en el intento.
2026-05-26 06:58:08 | INFO | my_functions.py:248 | [DEBUG] Buscando en paralelo: ['event_has_ended_sanctum.PNG'] | timeout=0s | confidence=0.8
2026-05-26 06:58:08 | INFO | my_functions.py:282 | [DEBUG] Click skipped, ninguna de las imágenes se encontró en el intento.
2026-05-26 06:58:09 | INFO | my_functions.py:248 | [DEBUG] Buscando en paralelo: ['image_part_of_event_grand_arena_finished.PNG'] | timeout=0s | confidence=0.8
2026-05-26 06:58:09 | INFO | my_functions.py:282 | [DEBUG] Click skipped, ninguna de las imágenes se encontró en el intento.
2026-05-26 06:58:10 | INFO | my_functions.py:170 | Searching 28_day_event_login_rewards.PNG (timeout=0s)
2026-05-26 06:58:10 | INFO | my_functions.py:214 | 
⛔ Not found: 28_day_event_login_rewards.PNG after 0.0s region=(0, 0, 765, 1038) confidence=0.8
2026-05-26 06:58:10 | INFO | my_functions.py:170 | Searching 7_day_event_login.PNG (timeout=0s)
2026-05-26 06:58:10 | INFO | my_functions.py:214 | 
⛔ Not found: 7_day_event_login.PNG after 0.0s region=(0, 0, 765, 1038) confidence=0.8
2026-05-26 06:58:10 | INFO | my_functions.py:170 | Searching 14_days_event.PNG (timeout=0s)
2026-05-26 06:58:11 | INFO | my_functions.py:214 | 
⛔ Not found: 14_days_event.PNG after 0.01s region=(0, 0, 765, 1038) confidence=0.8
2026-05-26 06:58:11 | INFO | my_functions.py:248 | [DEBUG] Buscando en paralelo: ['lets_go.PNG'] | timeout=0s | confidence=0.8
2026-05-26 06:58:11 | INFO | my_functions.py:282 | [DEBUG] Click skipped, ninguna de las imágenes se encontró en el intento.
2026-05-26 06:58:13 | INFO | my_functions.py:170 | Searching shop_unselected.PNG (timeout=0s)
2026-05-26 06:58:13 | INFO | my_functions.py:214 | 
⛔ Not found: shop_unselected.PNG after 0.0s region=(0, 0, 765, 1038) confidence=0.8
2026-05-26 06:58:13 | INFO | my_functions.py:248 | [DEBUG] Buscando en paralelo: ['super_premium.PNG'] | timeout=0s | confidence=0.8
2026-05-26 06:58:13 | INFO | my_functions.py:282 | [DEBUG] Click skipped, ninguna de las imágenes se encontró en el intento.
2026-05-26 06:58:14 | INFO | my_functions.py:248 | [DEBUG] Buscando en paralelo: ['maybe_later.PNG'] | timeout=0s | confidence=0.8
2026-05-26 06:58:14 | INFO | my_functions.py:282 | [DEBUG] Click skipped, ninguna de las imágenes se encontró en el intento.
2026-05-26 06:58:16 | INFO | my_functions.py:248 | [DEBUG] Buscando en paralelo: ['maybe_later2.PNG'] | timeout=0s | confidence=0.8
2026-05-26 06:58:16 | INFO | my_functions.py:282 | [DEBUG] Click skipped, ninguna de las imágenes se encontró en el intento.
2026-05-26 06:58:17 | INFO | my_functions.py:170 | Searching go_to_shop.PNG (timeout=0s)
2026-05-26 06:58:17 | INFO | my_functions.py:214 | 
⛔ Not found: go_to_shop.PNG after 0.0s region=(0, 0, 765, 1038) confidence=0.8
2026-05-26 06:58:17 | INFO | my_functions.py:248 | [DEBUG] Buscando en paralelo: ['14_days_of_winterverse.PNG'] | timeout=0s | confidence=0.8
2026-05-26 06:58:17 | INFO | my_functions.py:282 | [DEBUG] Click skipped, ninguna de las imágenes se encontró en el intento.
2026-05-26 06:58:18 | INFO | my_functions.py:170 | Searching welcome_back_calendar.PNG (timeout=0s)
2026-05-26 06:58:18 | INFO | my_functions.py:214 | 
⛔ Not found: welcome_back_calendar.PNG after 0.0s region=(0, 0, 765, 1038) confidence=0.8
2026-05-26 06:58:18 | INFO | my_functions.py:248 | [DEBUG] Buscando en paralelo: ['start_the_countdown.PNG'] | timeout=0s | confidence=0.8
2026-05-26 06:58:19 | INFO | my_functions.py:282 | [DEBUG] Click skipped, ninguna de las imágenes se encontró en el intento.
2026-05-26 06:58:20 | INFO | my_functions.py:248 | [DEBUG] Buscando en paralelo: ['event_has_ended_sanctum.PNG'] | timeout=0s | confidence=0.8
2026-05-26 06:58:20 | INFO | my_functions.py:282 | [DEBUG] Click skipped, ninguna de las imágenes se encontró en el intento.
2026-05-26 06:58:21 | INFO | my_functions.py:248 | [DEBUG] Buscando en paralelo: ['image_part_of_event_grand_arena_finished.PNG'] | timeout=0s | confidence=0.8
2026-05-26 06:58:21 | INFO | my_functions.py:282 | [DEBUG] Click skipped, ninguna de las imágenes se encontró en el intento.
2026-05-26 06:58:22 | INFO | my_functions.py:170 | Searching 28_day_event_login_rewards.PNG (timeout=0s)
2026-05-26 06:58:22 | INFO | my_functions.py:214 | 
⛔ Not found: 28_day_event_login_rewards.PNG after 0.0s region=(0, 0, 765, 1038) confidence=0.8
2026-05-26 06:58:22 | INFO | my_functions.py:170 | Searching 7_day_event_login.PNG (timeout=0s)
2026-05-26 06:58:22 | INFO | my_functions.py:214 | 
⛔ Not found: 7_day_event_login.PNG after 0.0s region=(0, 0, 765, 1038) confidence=0.8
2026-05-26 06:58:22 | INFO | my_functions.py:170 | Searching 14_days_event.PNG (timeout=0s)
2026-05-26 06:58:23 | INFO | my_functions.py:214 | 
⛔ Not found: 14_days_event.PNG after 0.0s region=(0, 0, 765, 1038) confidence=0.8
2026-05-26 06:58:23 | INFO | my_functions.py:248 | [DEBUG] Buscando en paralelo: ['lets_go.PNG'] | timeout=0s | confidence=0.8
2026-05-26 06:58:23 | INFO | my_functions.py:282 | [DEBUG] Click skipped, ninguna de las imágenes se encontró en el intento.
2026-05-26 06:58:25 | INFO | my_functions.py:170 | Searching shop_unselected.PNG (timeout=0s)
2026-05-26 06:58:25 | INFO | my_functions.py:214 | 
⛔ Not found: shop_unselected.PNG after 0.0s region=(0, 0, 765, 1038) confidence=0.8
2026-05-26 06:58:25 | INFO | my_functions.py:248 | [DEBUG] Buscando en paralelo: ['super_premium.PNG'] | timeout=0s | confidence=0.8
2026-05-26 06:58:25 | INFO | my_functions.py:282 | [DEBUG] Click skipped, ninguna de las imágenes se encontró en el intento.
2026-05-26 06:58:26 | INFO | my_functions.py:248 | [DEBUG] Buscando en paralelo: ['maybe_later.PNG'] | timeout=0s | confidence=0.8
2026-05-26 06:58:26 | INFO | my_functions.py:282 | [DEBUG] Click skipped, ninguna de las imágenes se encontró en el intento.
2026-05-26 06:58:28 | INFO | my_functions.py:248 | [DEBUG] Buscando en paralelo: ['maybe_later2.PNG'] | timeout=0s | confidence=0.8
2026-05-26 06:58:28 | INFO | my_functions.py:282 | [DEBUG] Click skipped, ninguna de las imágenes se encontró en el intento.
2026-05-26 06:58:29 | INFO | my_functions.py:170 | Searching go_to_shop.PNG (timeout=0s)
2026-05-26 06:58:29 | INFO | my_functions.py:214 | 
⛔ Not found: go_to_shop.PNG after 0.0s region=(0, 0, 765, 1038) confidence=0.8
2026-05-26 06:58:29 | INFO | my_functions.py:248 | [DEBUG] Buscando en paralelo: ['14_days_of_winterverse.PNG'] | timeout=0s | confidence=0.8
2026-05-26 06:58:29 | INFO | my_functions.py:282 | [DEBUG] Click skipped, ninguna de las imágenes se encontró en el intento.
2026-05-26 06:58:30 | INFO | my_functions.py:170 | Searching welcome_back_calendar.PNG (timeout=0s)
2026-05-26 06:58:30 | INFO | my_functions.py:214 | 
⛔ Not found: welcome_back_calendar.PNG after 0.0s region=(0, 0, 765, 1038) confidence=0.8
2026-05-26 06:58:30 | INFO | my_functions.py:248 | [DEBUG] Buscando en paralelo: ['start_the_countdown.PNG'] | timeout=0s | confidence=0.8
2026-05-26 06:58:31 | INFO | my_functions.py:282 | [DEBUG] Click skipped, ninguna de las imágenes se encontró en el intento.
2026-05-26 06:58:32 | INFO | my_functions.py:248 | [DEBUG] Buscando en paralelo: ['event_has_ended_sanctum.PNG'] | timeout=0s | confidence=0.8
2026-05-26 06:58:32 | INFO | my_functions.py:282 | [DEBUG] Click skipped, ninguna de las imágenes se encontró en el intento.
2026-05-26 06:58:33 | INFO | my_functions.py:248 | [DEBUG] Buscando en paralelo: ['image_part_of_event_grand_arena_finished.PNG'] | timeout=0s | confidence=0.8
2026-05-26 06:58:33 | INFO | my_functions.py:282 | [DEBUG] Click skipped, ninguna de las imágenes se encontró en el intento.
2026-05-26 06:58:34 | INFO | my_functions.py:170 | Searching 28_day_event_login_rewards.PNG (timeout=0s)
2026-05-26 06:58:34 | INFO | my_functions.py:214 | 
⛔ Not found: 28_day_event_login_rewards.PNG after 0.0s region=(0, 0, 765, 1038) confidence=0.8
2026-05-26 06:58:34 | INFO | my_functions.py:170 | Searching 7_day_event_login.PNG (timeout=0s)
2026-05-26 06:58:34 | INFO | my_functions.py:214 | 
⛔ Not found: 7_day_event_login.PNG after 0.0s region=(0, 0, 765, 1038) confidence=0.8
2026-05-26 06:58:34 | INFO | my_functions.py:170 | Searching 14_days_event.PNG (timeout=0s)
2026-05-26 06:58:35 | INFO | my_functions.py:214 | 
⛔ Not found: 14_days_event.PNG after 0.0s region=(0, 0, 765, 1038) confidence=0.8
2026-05-26 06:58:35 | INFO | my_functions.py:248 | [DEBUG] Buscando en paralelo: ['lets_go.PNG'] | timeout=0s | confidence=0.8
2026-05-26 06:58:35 | INFO | my_functions.py:282 | [DEBUG] Click skipped, ninguna de las imágenes se encontró en el intento.
2026-05-26 06:58:37 | INFO | my_functions.py:170 | Searching shop_unselected.PNG (timeout=0s)
2026-05-26 06:58:37 | INFO | my_functions.py:214 | 
⛔ Not found: shop_unselected.PNG after 0.0s region=(0, 0, 765, 1038) confidence=0.8
2026-05-26 06:58:37 | INFO | my_functions.py:248 | [DEBUG] Buscando en paralelo: ['super_premium.PNG'] | timeout=0s | confidence=0.8
2026-05-26 06:58:37 | INFO | my_functions.py:282 | [DEBUG] Click skipped, ninguna de las imágenes se encontró en el intento.
2026-05-26 06:58:38 | INFO | my_functions.py:248 | [DEBUG] Buscando en paralelo: ['maybe_later.PNG'] | timeout=0s | confidence=0.8
2026-05-26 06:58:38 | INFO | my_functions.py:282 | [DEBUG] Click skipped, ninguna de las imágenes se encontró en el intento.
2026-05-26 06:58:39 | INFO | my_functions.py:248 | [DEBUG] Buscando en paralelo: ['maybe_later2.PNG'] | timeout=0s | confidence=0.8
2026-05-26 06:58:40 | INFO | my_functions.py:282 | [DEBUG] Click skipped, ninguna de las imágenes se encontró en el intento.
2026-05-26 06:58:41 | INFO | my_functions.py:170 | Searching go_to_shop.PNG (timeout=0s)
2026-05-26 06:58:41 | INFO | my_functions.py:214 | 
⛔ Not found: go_to_shop.PNG after 0.0s region=(0, 0, 765, 1038) confidence=0.8
2026-05-26 06:58:41 | INFO | my_functions.py:248 | [DEBUG] Buscando en paralelo: ['14_days_of_winterverse.PNG'] | timeout=0s | confidence=0.8
2026-05-26 06:58:41 | INFO | my_functions.py:282 | [DEBUG] Click skipped, ninguna de las imágenes se encontró en el intento.
2026-05-26 06:58:42 | INFO | my_functions.py:170 | Searching welcome_back_calendar.PNG (timeout=0s)
2026-05-26 06:58:42 | INFO | my_functions.py:214 | 
⛔ Not found: welcome_back_calendar.PNG after 0.15s region=(0, 0, 765, 1038) confidence=0.8
2026-05-26 06:58:42 | INFO | my_functions.py:248 | [DEBUG] Buscando en paralelo: ['start_the_countdown.PNG'] | timeout=0s | confidence=0.8
2026-05-26 06:58:43 | INFO | my_functions.py:282 | [DEBUG] Click skipped, ninguna de las imágenes se encontró en el intento.
2026-05-26 06:58:44 | INFO | my_functions.py:248 | [DEBUG] Buscando en paralelo: ['event_has_ended_sanctum.PNG'] | timeout=0s | confidence=0.8
2026-05-26 06:58:44 | INFO | my_functions.py:282 | [DEBUG] Click skipped, ninguna de las imágenes se encontró en el intento.
2026-05-26 06:58:45 | INFO | my_functions.py:248 | [DEBUG] Buscando en paralelo: ['image_part_of_event_grand_arena_finished.PNG'] | timeout=0s | confidence=0.8
2026-05-26 06:58:45 | INFO | my_functions.py:282 | [DEBUG] Click skipped, ninguna de las imágenes se encontró en el intento.
2026-05-26 06:58:46 | INFO | my_functions.py:170 | Searching 28_day_event_login_rewards.PNG (timeout=0s)
2026-05-26 06:58:46 | INFO | my_functions.py:214 | 
⛔ Not found: 28_day_event_login_rewards.PNG after 0.0s region=(0, 0, 765, 1038) confidence=0.8
2026-05-26 06:58:46 | INFO | my_functions.py:170 | Searching 7_day_event_login.PNG (timeout=0s)
2026-05-26 06:58:47 | INFO | my_functions.py:214 | 
⛔ Not found: 7_day_event_login.PNG after 0.0s region=(0, 0, 765, 1038) confidence=0.8
2026-05-26 06:58:47 | INFO | my_functions.py:170 | Searching 14_days_event.PNG (timeout=0s)
2026-05-26 06:58:47 | INFO | my_functions.py:214 | 
⛔ Not found: 14_days_event.PNG after 0.0s region=(0, 0, 765, 1038) confidence=0.8
2026-05-26 06:58:47 | INFO | my_functions.py:248 | [DEBUG] Buscando en paralelo: ['lets_go.PNG'] | timeout=0s | confidence=0.8
2026-05-26 06:58:47 | INFO | my_functions.py:282 | [DEBUG] Click skipped, ninguna de las imágenes se encontró en el intento.
2026-05-26 06:58:49 | INFO | my_functions.py:170 | Searching shop_unselected.PNG (timeout=0s)
2026-05-26 06:58:49 | INFO | my_functions.py:214 | 
⛔ Not found: shop_unselected.PNG after 0.0s region=(0, 0, 765, 1038) confidence=0.8
2026-05-26 06:58:49 | INFO | my_functions.py:248 | [DEBUG] Buscando en paralelo: ['super_premium.PNG'] | timeout=0s | confidence=0.8
2026-05-26 06:58:49 | INFO | my_functions.py:282 | [DEBUG] Click skipped, ninguna de las imágenes se encontró en el intento.
2026-05-26 06:58:50 | INFO | my_functions.py:248 | [DEBUG] Buscando en paralelo: ['maybe_later.PNG'] | timeout=0s | confidence=0.8
2026-05-26 06:58:51 | INFO | my_functions.py:282 | [DEBUG] Click skipped, ninguna de las imágenes se encontró en el intento.
2026-05-26 06:58:52 | INFO | my_functions.py:248 | [DEBUG] Buscando en paralelo: ['maybe_later2.PNG'] | timeout=0s | confidence=0.8
2026-05-26 06:58:52 | INFO | my_functions.py:282 | [DEBUG] Click skipped, ninguna de las imágenes se encontró en el intento.
2026-05-26 06:58:53 | INFO | my_functions.py:170 | Searching go_to_shop.PNG (timeout=0s)
2026-05-26 06:58:53 | INFO | my_functions.py:214 | 
⛔ Not found: go_to_shop.PNG after 0.0s region=(0, 0, 765, 1038) confidence=0.8
2026-05-26 06:58:53 | INFO | my_functions.py:248 | [DEBUG] Buscando en paralelo: ['14_days_of_winterverse.PNG'] | timeout=0s | confidence=0.8
2026-05-26 06:58:53 | INFO | my_functions.py:282 | [DEBUG] Click skipped, ninguna de las imágenes se encontró en el intento.
2026-05-26 06:58:54 | INFO | my_functions.py:170 | Searching welcome_back_calendar.PNG (timeout=0s)
2026-05-26 06:58:54 | INFO | my_functions.py:214 | 
⛔ Not found: welcome_back_calendar.PNG after 0.0s region=(0, 0, 765, 1038) confidence=0.8
2026-05-26 06:58:54 | INFO | my_functions.py:248 | [DEBUG] Buscando en paralelo: ['start_the_countdown.PNG'] | timeout=0s | confidence=0.8
2026-05-26 06:58:55 | INFO | my_functions.py:282 | [DEBUG] Click skipped, ninguna de las imágenes se encontró en el intento.
2026-05-26 06:58:56 | INFO | my_functions.py:248 | [DEBUG] Buscando en paralelo: ['event_has_ended_sanctum.PNG'] | timeout=0s | confidence=0.8
2026-05-26 06:58:56 | INFO | my_functions.py:282 | [DEBUG] Click skipped, ninguna de las imágenes se encontró en el intento.
2026-05-26 06:58:57 | INFO | my_functions.py:248 | [DEBUG] Buscando en paralelo: ['image_part_of_event_grand_arena_finished.PNG'] | timeout=0s | confidence=0.8
2026-05-26 06:58:57 | INFO | my_functions.py:282 | [DEBUG] Click skipped, ninguna de las imágenes se encontró en el intento.
2026-05-26 06:58:58 | INFO | my_functions.py:170 | Searching 28_day_event_login_rewards.PNG (timeout=0s)
2026-05-26 06:58:58 | INFO | my_functions.py:214 | 
⛔ Not found: 28_day_event_login_rewards.PNG after 0.0s region=(0, 0, 765, 1038) confidence=0.8
2026-05-26 06:58:58 | INFO | my_functions.py:170 | Searching 7_day_event_login.PNG (timeout=0s)
2026-05-26 06:58:59 | INFO | my_functions.py:214 | 
⛔ Not found: 7_day_event_login.PNG after 0.0s region=(0, 0, 765, 1038) confidence=0.8
2026-05-26 06:58:59 | INFO | my_functions.py:170 | Searching 14_days_event.PNG (timeout=0s)
2026-05-26 06:58:59 | INFO | my_functions.py:214 | 
⛔ Not found: 14_days_event.PNG after 0.0s region=(0, 0, 765, 1038) confidence=0.8
2026-05-26 06:58:59 | INFO | my_functions.py:248 | [DEBUG] Buscando en paralelo: ['lets_go.PNG'] | timeout=0s | confidence=0.8
2026-05-26 06:58:59 | INFO | my_functions.py:282 | [DEBUG] Click skipped, ninguna de las imágenes se encontró en el intento.
2026-05-26 06:59:01 | INFO | my_functions.py:170 | Searching shop_unselected.PNG (timeout=0s)
2026-05-26 06:59:01 | INFO | my_functions.py:214 | 
⛔ Not found: shop_unselected.PNG after 0.0s region=(0, 0, 765, 1038) confidence=0.8
2026-05-26 06:59:01 | INFO | my_functions.py:248 | [DEBUG] Buscando en paralelo: ['super_premium.PNG'] | timeout=0s | confidence=0.8
2026-05-26 06:59:01 | INFO | my_functions.py:282 | [DEBUG] Click skipped, ninguna de las imágenes se encontró en el intento.
2026-05-26 06:59:02 | INFO | my_functions.py:248 | [DEBUG] Buscando en paralelo: ['maybe_later.PNG'] | timeout=0s | confidence=0.8
2026-05-26 06:59:02 | INFO | my_functions.py:282 | [DEBUG] Click skipped, ninguna de las imágenes se encontró en el intento.
2026-05-26 06:59:04 | INFO | my_functions.py:248 | [DEBUG] Buscando en paralelo: ['maybe_later2.PNG'] | timeout=0s | confidence=0.8
2026-05-26 06:59:04 | INFO | my_functions.py:282 | [DEBUG] Click skipped, ninguna de las imágenes se encontró en el intento.
2026-05-26 06:59:05 | INFO | my_functions.py:170 | Searching go_to_shop.PNG (timeout=0s)
2026-05-26 06:59:05 | INFO | my_functions.py:214 | 
⛔ Not found: go_to_shop.PNG after 0.0s region=(0, 0, 765, 1038) confidence=0.8
2026-05-26 06:59:05 | INFO | my_functions.py:248 | [DEBUG] Buscando en paralelo: ['14_days_of_winterverse.PNG'] | timeout=0s | confidence=0.8
2026-05-26 06:59:05 | INFO | my_functions.py:282 | [DEBUG] Click skipped, ninguna de las imágenes se encontró en el intento.
2026-05-26 06:59:06 | INFO | my_functions.py:170 | Searching welcome_back_calendar.PNG (timeout=0s)
2026-05-26 06:59:06 | INFO | my_functions.py:214 | 
⛔ Not found: welcome_back_calendar.PNG after 0.0s region=(0, 0, 765, 1038) confidence=0.8
2026-05-26 06:59:06 | INFO | my_functions.py:248 | [DEBUG] Buscando en paralelo: ['start_the_countdown.PNG'] | timeout=0s | confidence=0.8
2026-05-26 06:59:07 | INFO | my_functions.py:282 | [DEBUG] Click skipped, ninguna de las imágenes se encontró en el intento.
2026-05-26 06:59:08 | INFO | my_functions.py:248 | [DEBUG] Buscando en paralelo: ['event_has_ended_sanctum.PNG'] | timeout=0s | confidence=0.8
2026-05-26 06:59:08 | INFO | my_functions.py:282 | [DEBUG] Click skipped, ninguna de las imágenes se encontró en el intento.
2026-05-26 06:59:09 | INFO | my_functions.py:248 | [DEBUG] Buscando en paralelo: ['image_part_of_event_grand_arena_finished.PNG'] | timeout=0s | confidence=0.8
2026-05-26 06:59:09 | INFO | my_functions.py:282 | [DEBUG] Click skipped, ninguna de las imágenes se encontró en el intento.
2026-05-26 06:59:10 | INFO | my_functions.py:170 | Searching 28_day_event_login_rewards.PNG (timeout=0s)
2026-05-26 06:59:10 | INFO | my_functions.py:214 | 
⛔ Not found: 28_day_event_login_rewards.PNG after 0.0s region=(0, 0, 765, 1038) confidence=0.8
2026-05-26 06:59:10 | INFO | my_functions.py:170 | Searching 7_day_event_login.PNG (timeout=0s)
2026-05-26 06:59:11 | INFO | my_functions.py:214 | 
⛔ Not found: 7_day_event_login.PNG after 0.0s region=(0, 0, 765, 1038) confidence=0.8
2026-05-26 06:59:11 | INFO | my_functions.py:170 | Searching 14_days_event.PNG (timeout=0s)
2026-05-26 06:59:11 | INFO | my_functions.py:214 | 
⛔ Not found: 14_days_event.PNG after 0.0s region=(0, 0, 765, 1038) confidence=0.8
2026-05-26 06:59:11 | INFO | my_functions.py:248 | [DEBUG] Buscando en paralelo: ['lets_go.PNG'] | timeout=0s | confidence=0.8
2026-05-26 06:59:11 | INFO | my_functions.py:282 | [DEBUG] Click skipped, ninguna de las imágenes se encontró en el intento.
2026-05-26 06:59:13 | INFO | my_functions.py:170 | Searching shop_unselected.PNG (timeout=0s)
2026-05-26 06:59:13 | INFO | my_functions.py:214 | 
⛔ Not found: shop_unselected.PNG after 0.0s region=(0, 0, 765, 1038) confidence=0.8
2026-05-26 06:59:13 | INFO | my_functions.py:248 | [DEBUG] Buscando en paralelo: ['super_premium.PNG'] | timeout=0s | confidence=0.8
2026-05-26 06:59:13 | INFO | my_functions.py:282 | [DEBUG] Click skipped, ninguna de las imágenes se encontró en el intento.
2026-05-26 06:59:14 | INFO | my_functions.py:248 | [DEBUG] Buscando en paralelo: ['maybe_later.PNG'] | timeout=0s | confidence=0.8
2026-05-26 06:59:14 | INFO | my_functions.py:282 | [DEBUG] Click skipped, ninguna de las imágenes se encontró en el intento.
2026-05-26 06:59:16 | INFO | my_functions.py:248 | [DEBUG] Buscando en paralelo: ['maybe_later2.PNG'] | timeout=0s | confidence=0.8
2026-05-26 06:59:16 | INFO | my_functions.py:282 | [DEBUG] Click skipped, ninguna de las imágenes se encontró en el intento.
2026-05-26 06:59:17 | INFO | my_functions.py:170 | Searching go_to_shop.PNG (timeout=0s)
2026-05-26 06:59:17 | INFO | my_functions.py:214 | 
⛔ Not found: go_to_shop.PNG after 0.0s region=(0, 0, 765, 1038) confidence=0.8
2026-05-26 06:59:17 | INFO | my_functions.py:248 | [DEBUG] Buscando en paralelo: ['14_days_of_winterverse.PNG'] | timeout=0s | confidence=0.8
2026-05-26 06:59:17 | INFO | my_functions.py:282 | [DEBUG] Click skipped, ninguna de las imágenes se encontró en el intento.
2026-05-26 06:59:18 | INFO | my_functions.py:170 | Searching welcome_back_calendar.PNG (timeout=0s)
2026-05-26 06:59:18 | INFO | my_functions.py:214 | 
⛔ Not found: welcome_back_calendar.PNG after 0.0s region=(0, 0, 765, 1038) confidence=0.8
2026-05-26 06:59:18 | INFO | my_functions.py:248 | [DEBUG] Buscando en paralelo: ['start_the_countdown.PNG'] | timeout=0s | confidence=0.8
2026-05-26 06:59:19 | INFO | my_functions.py:282 | [DEBUG] Click skipped, ninguna de las imágenes se encontró en el intento.
2026-05-26 06:59:20 | INFO | my_functions.py:248 | [DEBUG] Buscando en paralelo: ['event_has_ended_sanctum.PNG'] | timeout=0s | confidence=0.8
2026-05-26 06:59:20 | INFO | my_functions.py:282 | [DEBUG] Click skipped, ninguna de las imágenes se encontró en el intento.
2026-05-26 06:59:21 | INFO | my_functions.py:248 | [DEBUG] Buscando en paralelo: ['image_part_of_event_grand_arena_finished.PNG'] | timeout=0s | confidence=0.8
2026-05-26 06:59:21 | INFO | my_functions.py:282 | [DEBUG] Click skipped, ninguna de las imágenes se encontró en el intento.
2026-05-26 06:59:22 | INFO | my_functions.py:170 | Searching 28_day_event_login_rewards.PNG (timeout=0s)
2026-05-26 06:59:22 | INFO | my_functions.py:214 | 
⛔ Not found: 28_day_event_login_rewards.PNG after 0.0s region=(0, 0, 765, 1038) confidence=0.8
2026-05-26 06:59:22 | INFO | my_functions.py:170 | Searching 7_day_event_login.PNG (timeout=0s)
2026-05-26 06:59:22 | INFO | my_functions.py:214 | 
⛔ Not found: 7_day_event_login.PNG after 0.0s region=(0, 0, 765, 1038) confidence=0.8
2026-05-26 06:59:22 | INFO | my_functions.py:170 | Searching 14_days_event.PNG (timeout=0s)
2026-05-26 06:59:23 | INFO | my_functions.py:214 | 
⛔ Not found: 14_days_event.PNG after 0.0s region=(0, 0, 765, 1038) confidence=0.8
2026-05-26 06:59:23 | INFO | my_functions.py:248 | [DEBUG] Buscando en paralelo: ['lets_go.PNG'] | timeout=0s | confidence=0.8
2026-05-26 06:59:23 | INFO | my_functions.py:282 | [DEBUG] Click skipped, ninguna de las imágenes se encontró en el intento.
2026-05-26 06:59:27 | ERROR | each_eight_hours.py:366 | Unhandled exception occurred
Traceback (most recent call last):
  File "Z:\SHARED FILES VM\MS\each_eight_hours.py", line 152, in <module>
    submissions = count_available_submissions()
                  ^^^^^^^^^^^^^^^^^^^^^^^^^^^^^
  File "Z:\SHARED FILES VM\MS\my_functions.py", line 323, in count_available_submissions
    with open(file_path, 'r', encoding='utf-8-sig') as f:
         ^^^^^^^^^^^^^^^^^^^^^^^^^^^^^^^^^^^^^^^^^^
FileNotFoundError: [Errno 2] No such file or directory: 'C:\\Users\\Farm\\AppData\\LocalLow\\Second Dinner\\SNAP\\Standalone\\States\\nvprod\\MissionState.json'
