2026-06-25 22:00:32 | INFO | each_eight_hours.py:36 | LOG FILE PATH: \\vmware-host\Shared Folders\SHARED FILES VM\MS\logs\each_eight_hours_2026-06-25_22-00-32.log
2026-06-25 22:00:32 | INFO | each_eight_hours.py:37 | Logger initialized
2026-06-25 22:00:32 | INFO | each_eight_hours.py:64 | Script initialized
2026-06-25 22:00:55 | INFO | each_eight_hours.py:105 | snap.exe terminated if it was running
2026-06-25 22:00:55 | INFO | my_functions.py:56 | ⏳ Esperando WebSocket de OBS...
2026-06-25 22:01:01 | INFO | baseclient.py:33 | Connecting with parameters: host='localhost' port=4455 password='' subs=0 timeout=None
2026-06-25 22:01:01 | INFO | reqs.py:23 | Successfully identified ReqClient with the server using RPC version:1
2026-06-25 22:01:01 | INFO | my_functions.py:62 | ✅ Conectado al OBS WebSocket
2026-06-25 22:01:01 | ERROR | reqs.py:59 | OBSSDKRequestError: Request GetRecordStatus returned code 207. With message: OBS is not ready to perform the request.
Traceback (most recent call last):
  File "C:\Users\Farm\AppData\Local\Programs\Python\Python311\Lib\site-packages\obsws_python\reqs.py", line 53, in send
    raise OBSSDKRequestError(
obsws_python.error.OBSSDKRequestError: Request GetRecordStatus returned code 207. With message: OBS is not ready to perform the request.
2026-06-25 22:01:02 | INFO | my_functions.py:87 | 🎬 Grabación iniciada
2026-06-25 22:01:02 | INFO | my_functions.py:1547 | ⏱ Esperando 0.1 segundos antes de empezar...
2026-06-25 22:01:02 | INFO | my_functions.py:1554 | 🔍 Esperando ventana que contenga alguna de: ['py', 'eight_hours'] (máx 20s)
2026-06-25 22:01:02 | INFO | my_functions.py:1566 | ✅ Ventana encontrada: 'each_eight_hours  - Acceso directo'
2026-06-25 22:01:02 | INFO | my_functions.py:1581 | ✅ Ventana seleccionada: 'each_eight_hours  - Acceso directo'
2026-06-25 22:01:04 | INFO | my_functions.py:1604 | 🔁 Reajuste #1...
2026-06-25 22:01:05 | INFO | my_functions.py:1611 | ✔ Verificación completa. Se hicieron 1 reajustes.
2026-06-25 22:01:05 | INFO | each_eight_hours.py:113 | Processing account: jeremy
2026-06-25 22:01:05 | INFO | my_functions.py:1547 | ⏱ Esperando 0.1 segundos antes de empezar...
2026-06-25 22:01:05 | INFO | my_functions.py:1554 | 🔍 Esperando ventana que contenga alguna de: ['SNAP'] (máx 20s)
2026-06-25 22:01:09 | INFO | my_functions.py:1566 | ✅ Ventana encontrada: 'SNAP'
2026-06-25 22:01:09 | INFO | my_functions.py:1581 | ✅ Ventana seleccionada: 'SNAP'
2026-06-25 22:01:12 | INFO | my_functions.py:1613 | ✔ Verificación completa. No hubo cambios después del primer ajuste.
2026-06-25 22:01:12 | INFO | my_functions.py:1206 | [DEBUG] Resizing SNAP window...
2026-06-25 22:01:12 | INFO | my_functions.py:1547 | ⏱ Esperando 0.1 segundos antes de empezar...
2026-06-25 22:01:12 | INFO | my_functions.py:1554 | 🔍 Esperando ventana que contenga alguna de: ['SNAP'] (máx 20s)
2026-06-25 22:01:12 | INFO | my_functions.py:1566 | ✅ Ventana encontrada: 'SNAP'
2026-06-25 22:01:12 | INFO | my_functions.py:1581 | ✅ Ventana seleccionada: 'SNAP'
2026-06-25 22:01:15 | INFO | my_functions.py:1613 | ✔ Verificación completa. No hubo cambios después del primer ajuste.
2026-06-25 22:01:15 | INFO | my_functions.py:247 | [DEBUG] Buscando en paralelo: ['small_submit.PNG', 'small_submit_hover.png', 'submit_hover_2.png', 'small_submit_hover_2.png'] | timeout=90s | confidence=0.8
2026-06-25 22:02:49 | INFO | my_functions.py:281 | [DEBUG] Click skipped, ninguna de las imágenes se encontró en el intento.
2026-06-25 22:02:50 | INFO | my_functions.py:169 | Searching shop_unselected.PNG (timeout=0s)
2026-06-25 22:02:51 | INFO | my_functions.py:213 | 
⛔ Not found: shop_unselected.PNG after 0.0s region=(0, 0, 765, 1038) confidence=0.8
2026-06-25 22:02:51 | INFO | my_functions.py:247 | [DEBUG] Buscando en paralelo: ['super_premium.PNG'] | timeout=0s | confidence=0.8
2026-06-25 22:02:52 | INFO | my_functions.py:134 | Haciendo click en la posición (480, 777)
2026-06-25 22:02:52 | INFO | my_functions.py:269 | 🖱️ Click OK (En paralelo): super_premium.PNG at (480, 777) delay=1s
2026-06-25 22:02:53 | INFO | my_functions.py:142 | Presionando ESC (1/1)
2026-06-25 22:03:02 | INFO | my_functions.py:169 | Searching shop_unselected.PNG (timeout=0s)
2026-06-25 22:03:03 | INFO | my_functions.py:199 | 
✅ Found: shop_unselected.PNG pos=(88, 961) time=0.78s confidence=0.8
2026-06-25 22:03:03 | INFO | my_functions.py:714 | Ya esta listo
2026-06-25 22:03:03 | INFO | my_functions.py:247 | [DEBUG] Buscando en paralelo: ['nut.png'] | timeout=20s | confidence=0.8
2026-06-25 22:03:05 | INFO | my_functions.py:134 | Haciendo click en la posición (184, 78)
2026-06-25 22:03:05 | INFO | my_functions.py:269 | 🖱️ Click OK (En paralelo): nut.png at (184, 78) delay=1s
2026-06-25 22:03:06 | INFO | my_functions.py:247 | [DEBUG] Buscando en paralelo: ['graphics_quality.png'] | timeout=3s | confidence=0.8
2026-06-25 22:03:08 | INFO | my_functions.py:134 | Haciendo click en la posición (304, 644)
2026-06-25 22:03:08 | INFO | my_functions.py:269 | 🖱️ Click OK (En paralelo): graphics_quality.png at (304, 644) delay=1s
2026-06-25 22:03:10 | INFO | my_functions.py:247 | [DEBUG] Buscando en paralelo: ['sign_out.png'] | timeout=20s | confidence=0.8
2026-06-25 22:03:12 | INFO | my_functions.py:134 | Haciendo click en la posición (380, 796)
2026-06-25 22:03:12 | INFO | my_functions.py:269 | 🖱️ Click OK (En paralelo): sign_out.png at (380, 796) delay=1s
2026-06-25 22:03:14 | INFO | my_functions.py:247 | [DEBUG] Buscando en paralelo: ['sign_out_grande.png'] | timeout=20s | confidence=0.8
2026-06-25 22:03:15 | INFO | my_functions.py:134 | Haciendo click en la posición (359, 437)
2026-06-25 22:03:16 | INFO | my_functions.py:269 | 🖱️ Click OK (En paralelo): sign_out_grande.png at (359, 437) delay=1s
2026-06-25 22:03:17 | INFO | my_functions.py:247 | [DEBUG] Buscando en paralelo: ['sign_out2.png'] | timeout=20s | confidence=0.8
2026-06-25 22:03:18 | INFO | my_functions.py:134 | Haciendo click en la posición (383, 634)
2026-06-25 22:03:19 | INFO | my_functions.py:269 | 🖱️ Click OK (En paralelo): sign_out2.png at (383, 634) delay=1s
2026-06-25 22:03:20 | INFO | my_functions.py:1547 | ⏱ Esperando 0.1 segundos antes de empezar...
2026-06-25 22:03:20 | INFO | my_functions.py:1554 | 🔍 Esperando ventana que contenga alguna de: SNAP (máx 20s)
2026-06-25 22:03:20 | INFO | my_functions.py:1566 | ✅ Ventana encontrada: 'SNAP'
2026-06-25 22:03:20 | INFO | my_functions.py:1581 | ✅ Ventana seleccionada: 'SNAP'
2026-06-25 22:03:22 | INFO | my_functions.py:1604 | 🔁 Reajuste #1...
2026-06-25 22:03:24 | INFO | my_functions.py:1611 | ✔ Verificación completa. Se hicieron 1 reajustes.
2026-06-25 22:03:28 | INFO | my_functions.py:1206 | [DEBUG] Resizing SNAP window...
2026-06-25 22:03:28 | INFO | my_functions.py:1547 | ⏱ Esperando 0.1 segundos antes de empezar...
2026-06-25 22:03:28 | INFO | my_functions.py:1554 | 🔍 Esperando ventana que contenga alguna de: ['SNAP'] (máx 20s)
2026-06-25 22:03:31 | INFO | my_functions.py:1566 | ✅ Ventana encontrada: 'SNAP'
2026-06-25 22:03:31 | INFO | my_functions.py:1581 | ✅ Ventana seleccionada: 'SNAP'
2026-06-25 22:03:34 | INFO | my_functions.py:1613 | ✔ Verificación completa. No hubo cambios después del primer ajuste.
2026-06-25 22:03:34 | INFO | my_functions.py:247 | [DEBUG] Buscando en paralelo: ['small_submit.PNG', 'small_submit_hover.png', 'submit_hover_2.png', 'small_submit_hover_2.png'] | timeout=90s | confidence=0.8
2026-06-25 22:03:48 | INFO | my_functions.py:134 | Haciendo click en la posición (380, 642)
2026-06-25 22:03:48 | INFO | my_functions.py:269 | 🖱️ Click OK (En paralelo): small_submit.PNG at (380, 642) delay=0.2s
2026-06-25 22:03:51 | INFO | my_functions.py:247 | [DEBUG] Buscando en paralelo: ['small_submit.PNG', 'small_submit_hover.png', 'submit_hover_2.png', 'small_submit_hover_2.png'] | timeout=20s | confidence=0.8
2026-06-25 22:03:52 | INFO | my_functions.py:134 | Haciendo click en la posición (380, 721)
2026-06-25 22:03:53 | INFO | my_functions.py:269 | 🖱️ Click OK (En paralelo): small_submit.PNG at (380, 721) delay=0.2s
2026-06-25 22:03:54 | INFO | my_functions.py:1547 | ⏱ Esperando 0.1 segundos antes de empezar...
2026-06-25 22:03:54 | INFO | my_functions.py:1554 | 🔍 Esperando ventana que contenga alguna de: ['SNAP'] (máx 20s)
2026-06-25 22:03:54 | INFO | my_functions.py:1566 | ✅ Ventana encontrada: 'SNAP'
2026-06-25 22:03:54 | INFO | my_functions.py:1581 | ✅ Ventana seleccionada: 'SNAP'
2026-06-25 22:03:56 | INFO | my_functions.py:1604 | 🔁 Reajuste #1...
2026-06-25 22:03:57 | INFO | my_functions.py:1611 | ✔ Verificación completa. Se hicieron 1 reajustes.
2026-06-25 22:03:57 | INFO | my_functions.py:169 | Searching please_sign.png (timeout=0s)
2026-06-25 22:03:57 | INFO | my_functions.py:199 | 
✅ Found: please_sign.png pos=(383, 438) time=0.52s confidence=0.8
2026-06-25 22:03:57 | INFO | my_functions.py:247 | [DEBUG] Buscando en paralelo: ['ok_btn.png'] | timeout=20s | confidence=0.8
2026-06-25 22:03:59 | INFO | my_functions.py:134 | Haciendo click en la posición (382, 634)
2026-06-25 22:03:59 | INFO | my_functions.py:269 | 🖱️ Click OK (En paralelo): ok_btn.png at (382, 634) delay=1s
2026-06-25 22:04:00 | INFO | my_functions.py:247 | [DEBUG] Buscando en paralelo: ['small_submit.PNG', 'small_submit_hover.png', 'submit_hover_2.png', 'small_submit_hover_2.png'] | timeout=30s | confidence=0.8
2026-06-25 22:04:03 | INFO | my_functions.py:134 | Haciendo click en la posición (383, 643)
2026-06-25 22:04:03 | INFO | my_functions.py:269 | 🖱️ Click OK (En paralelo): small_submit_hover_2.png at (383, 643) delay=0.2s
2026-06-25 22:04:05 | INFO | my_functions.py:247 | [DEBUG] Buscando en paralelo: ['small_submit.PNG', 'small_submit_hover.png', 'submit_hover_2.png', 'small_submit_hover_2.png'] | timeout=20s | confidence=0.8
2026-06-25 22:04:06 | INFO | my_functions.py:134 | Haciendo click en la posición (380, 721)
2026-06-25 22:04:06 | INFO | my_functions.py:269 | 🖱️ Click OK (En paralelo): small_submit.PNG at (380, 721) delay=0.2s
2026-06-25 22:04:07 | INFO | my_functions.py:247 | [DEBUG] Buscando en paralelo: ['sign_in_with_google2.PNG'] | timeout=20s | confidence=0.8
2026-06-25 22:04:09 | INFO | my_functions.py:134 | Haciendo click en la posición (406, 957)
2026-06-25 22:04:09 | INFO | my_functions.py:269 | 🖱️ Click OK (En paralelo): sign_in_with_google2.PNG at (406, 957) delay=1s
2026-06-25 22:04:10 | INFO | my_functions.py:169 | Searching pagina_cargada.png (timeout=60s)
2026-06-25 22:04:18 | INFO | my_functions.py:199 | 
✅ Found: pagina_cargada.png pos=(70, 24) time=7.76s confidence=0.8
2026-06-25 22:04:18 | INFO | my_functions.py:247 | [DEBUG] Buscando en paralelo: ['jeremy.png'] | timeout=0s | confidence=0.8
2026-06-25 22:04:19 | INFO | my_functions.py:281 | [DEBUG] Click skipped, ninguna de las imágenes se encontró en el intento.
2026-06-25 22:04:21 | INFO | my_functions.py:247 | [DEBUG] Buscando en paralelo: ['jeremy.png'] | timeout=0s | confidence=0.8
2026-06-25 22:04:25 | INFO | my_functions.py:134 | Haciendo click en la posición (1143, 645)
2026-06-25 22:04:25 | INFO | my_functions.py:269 | 🖱️ Click OK (En paralelo): jeremy.png at (1143, 645) delay=3s
2026-06-25 22:04:27 | INFO | my_functions.py:169 | Searching marvelsnap_web.png (timeout=30s)
2026-06-25 22:04:31 | INFO | my_functions.py:199 | 
✅ Found: marvelsnap_web.png pos=(258, 80) time=4.26s confidence=0.7
2026-06-25 22:04:34 | INFO | my_functions.py:247 | [DEBUG] Buscando en paralelo: ['small_submit.PNG', 'small_submit_hover.png', 'submit_hover_2.png', 'small_submit_hover_2.png'] | timeout=20s | confidence=0.8
2026-06-25 22:04:57 | INFO | my_functions.py:281 | [DEBUG] Click skipped, ninguna de las imágenes se encontró en el intento.
2026-06-25 22:04:58 | INFO | my_functions.py:1547 | ⏱ Esperando 0.1 segundos antes de empezar...
2026-06-25 22:04:58 | INFO | my_functions.py:1554 | 🔍 Esperando ventana que contenga alguna de: ['SNAP'] (máx 20s)
2026-06-25 22:04:58 | INFO | my_functions.py:1566 | ✅ Ventana encontrada: 'SNAP'
2026-06-25 22:04:58 | INFO | my_functions.py:1581 | ✅ Ventana seleccionada: 'SNAP'
2026-06-25 22:05:01 | INFO | my_functions.py:1613 | ✔ Verificación completa. No hubo cambios después del primer ajuste.
2026-06-25 22:05:01 | INFO | my_functions.py:169 | Searching please_sign.png (timeout=0s)
2026-06-25 22:05:01 | INFO | my_functions.py:213 | 
⛔ Not found: please_sign.png after 0.0s region=(0, 0, 765, 1038) confidence=0.8
2026-06-25 22:05:01 | INFO | my_functions.py:247 | [DEBUG] Buscando en paralelo: ['sign_in_with_google2.PNG'] | timeout=20s | confidence=0.8
2026-06-25 22:05:22 | INFO | my_functions.py:281 | [DEBUG] Click skipped, ninguna de las imágenes se encontró en el intento.
2026-06-25 22:05:23 | INFO | my_functions.py:169 | Searching pagina_cargada.png (timeout=60s)
2026-06-25 22:06:24 | INFO | my_functions.py:213 | 
⛔ Not found: pagina_cargada.png after 60.75s region=(0, 0, 765, 1038) confidence=0.8
2026-06-25 22:06:24 | INFO | my_functions.py:169 | Searching marvelsnap_web.png (timeout=30s)
2026-06-25 22:06:56 | INFO | my_functions.py:213 | 
⛔ Not found: marvelsnap_web.png after 30.71s region=(0, 0, 765, 1038) confidence=0.7
2026-06-25 22:06:56 | INFO | my_functions.py:169 | Searching shop_unselected.PNG (timeout=0s)
2026-06-25 22:06:56 | INFO | my_functions.py:199 | 
✅ Found: shop_unselected.PNG pos=(89, 961) time=0.74s confidence=0.8
2026-06-25 22:07:04 | INFO | my_functions.py:169 | Searching shop_unselected.PNG (timeout=0s)
2026-06-25 22:07:05 | INFO | my_functions.py:199 | 
✅ Found: shop_unselected.PNG pos=(88, 961) time=0.73s confidence=0.8
2026-06-25 22:07:05 | INFO | my_functions.py:714 | Ya esta listo
2026-06-25 22:07:10 | INFO | my_functions.py:533 | AVAILABLE: 5
2026-06-25 22:07:10 | INFO | my_functions.py:555 | Misiones completadas: 0
2026-06-25 22:07:10 | INFO | my_functions.py:169 | Searching play.PNG (timeout=0s)
2026-06-25 22:07:10 | INFO | my_functions.py:199 | 
✅ Found: play.PNG pos=(384, 824) time=0.61s confidence=0.8
2026-06-25 22:07:10 | INFO | my_functions.py:1442 | [INFO] Click realizado donde se equipa el deck a jugar
2026-06-25 22:07:14 | INFO | my_functions.py:247 | [DEBUG] Buscando en paralelo: ['deck_666666.png'] | timeout=3s | confidence=0.8
2026-06-25 22:07:16 | INFO | my_functions.py:134 | Haciendo click en la posición (235, 546)
2026-06-25 22:07:16 | INFO | my_functions.py:269 | 🖱️ Click OK (En paralelo): deck_666666.png at (235, 546) delay=1s
2026-06-25 22:07:18 | INFO | my_functions.py:247 | [DEBUG] Buscando en paralelo: ['equip.png'] | timeout=3s | confidence=0.95
2026-06-25 22:07:19 | INFO | my_functions.py:134 | Haciendo click en la posición (548, 983)
2026-06-25 22:07:20 | INFO | my_functions.py:269 | 🖱️ Click OK (En paralelo): equip.png at (548, 983) delay=1s
2026-06-25 22:07:21 | INFO | each_eight_hours.py:134 | Deck selected: 6turns
2026-06-25 22:07:21 | INFO | my_functions.py:247 | [DEBUG] Buscando en paralelo: ['maybe_later.PNG'] | timeout=2s | confidence=0.8
2026-06-25 22:07:23 | INFO | my_functions.py:281 | [DEBUG] Click skipped, ninguna de las imágenes se encontró en el intento.
2026-06-25 22:07:24 | INFO | my_functions.py:247 | [DEBUG] Buscando en paralelo: ['maybe_later2.PNG'] | timeout=0.01s | confidence=0.8
2026-06-25 22:07:25 | INFO | my_functions.py:281 | [DEBUG] Click skipped, ninguna de las imágenes se encontró en el intento.
2026-06-25 22:07:26 | INFO | each_eight_hours.py:148 | Starting game loop 1
2026-06-25 22:07:26 | INFO | my_functions.py:247 | [DEBUG] Buscando en paralelo: ['play.PNG'] | timeout=20s | confidence=0.8
2026-06-25 22:07:29 | INFO | my_functions.py:134 | Haciendo click en la posición (384, 824)
2026-06-25 22:07:30 | INFO | my_functions.py:269 | 🖱️ Click OK (En paralelo): play.PNG at (384, 824) delay=3s
2026-06-25 22:07:49 | INFO | my_functions.py:199 | 
✅ Found: end_turn.PNG pos=(681, 945) time=0.66s confidence=0.8
2026-06-25 22:07:49 | INFO | my_functions.py:247 | [DEBUG] Buscando en paralelo: ['snap.PNG'] | timeout=0s | confidence=0.8
2026-06-25 22:07:51 | INFO | my_functions.py:134 | Haciendo click en la posición (386, 123)
2026-06-25 22:07:51 | INFO | my_functions.py:269 | 🖱️ Click OK (En paralelo): snap.PNG at (386, 123) delay=1s
2026-06-25 22:07:57 | INFO | my_functions.py:247 | [DEBUG] Buscando en paralelo: ['end_turn.PNG'] | timeout=0s | confidence=0.8
2026-06-25 22:07:59 | INFO | my_functions.py:134 | Haciendo click en la posición (682, 946)
2026-06-25 22:07:59 | INFO | my_functions.py:269 | 🖱️ Click OK (En paralelo): end_turn.PNG at (682, 946) delay=1s
2026-06-25 22:08:00 | INFO | each_eight_hours.py:165 | End turn executed
2026-06-25 22:08:16 | INFO | my_functions.py:199 | 
✅ Found: end_turn.PNG pos=(681, 945) time=0.65s confidence=0.8
2026-06-25 22:08:16 | INFO | my_functions.py:247 | [DEBUG] Buscando en paralelo: ['snap.PNG'] | timeout=0s | confidence=0.8
2026-06-25 22:08:17 | INFO | my_functions.py:281 | [DEBUG] Click skipped, ninguna de las imágenes se encontró en el intento.
2026-06-25 22:08:23 | INFO | my_functions.py:247 | [DEBUG] Buscando en paralelo: ['end_turn.PNG'] | timeout=0s | confidence=0.8
2026-06-25 22:08:25 | INFO | my_functions.py:134 | Haciendo click en la posición (682, 945)
2026-06-25 22:08:25 | INFO | my_functions.py:269 | 🖱️ Click OK (En paralelo): end_turn.PNG at (682, 945) delay=1s
2026-06-25 22:08:26 | INFO | each_eight_hours.py:165 | End turn executed
2026-06-25 22:08:52 | INFO | my_functions.py:199 | 
✅ Found: end_turn.PNG pos=(681, 945) time=0.66s confidence=0.8
2026-06-25 22:08:52 | INFO | my_functions.py:247 | [DEBUG] Buscando en paralelo: ['snap.PNG'] | timeout=0s | confidence=0.8
2026-06-25 22:08:53 | INFO | my_functions.py:281 | [DEBUG] Click skipped, ninguna de las imágenes se encontró en el intento.
2026-06-25 22:08:59 | INFO | my_functions.py:247 | [DEBUG] Buscando en paralelo: ['end_turn.PNG'] | timeout=0s | confidence=0.8
2026-06-25 22:09:01 | INFO | my_functions.py:134 | Haciendo click en la posición (682, 945)
2026-06-25 22:09:01 | INFO | my_functions.py:269 | 🖱️ Click OK (En paralelo): end_turn.PNG at (682, 945) delay=1s
2026-06-25 22:09:02 | INFO | each_eight_hours.py:165 | End turn executed
2026-06-25 22:09:08 | INFO | my_functions.py:199 | 
✅ Found: end_turn.PNG pos=(681, 945) time=0.65s confidence=0.8
2026-06-25 22:09:08 | INFO | my_functions.py:247 | [DEBUG] Buscando en paralelo: ['snap.PNG'] | timeout=0s | confidence=0.8
2026-06-25 22:09:09 | INFO | my_functions.py:281 | [DEBUG] Click skipped, ninguna de las imágenes se encontró en el intento.
2026-06-25 22:09:15 | INFO | my_functions.py:247 | [DEBUG] Buscando en paralelo: ['end_turn.PNG'] | timeout=0s | confidence=0.8
2026-06-25 22:09:17 | INFO | my_functions.py:134 | Haciendo click en la posición (682, 945)
2026-06-25 22:09:17 | INFO | my_functions.py:269 | 🖱️ Click OK (En paralelo): end_turn.PNG at (682, 945) delay=1s
2026-06-25 22:09:18 | INFO | each_eight_hours.py:165 | End turn executed
2026-06-25 22:09:28 | INFO | my_functions.py:199 | 
✅ Found: end_turn.PNG pos=(681, 945) time=0.65s confidence=0.8
2026-06-25 22:09:28 | INFO | my_functions.py:247 | [DEBUG] Buscando en paralelo: ['snap.PNG'] | timeout=0s | confidence=0.8
2026-06-25 22:09:29 | INFO | my_functions.py:281 | [DEBUG] Click skipped, ninguna de las imágenes se encontró en el intento.
2026-06-25 22:09:35 | INFO | my_functions.py:247 | [DEBUG] Buscando en paralelo: ['end_turn.PNG'] | timeout=0s | confidence=0.8
2026-06-25 22:09:37 | INFO | my_functions.py:134 | Haciendo click en la posición (682, 945)
2026-06-25 22:09:37 | INFO | my_functions.py:269 | 🖱️ Click OK (En paralelo): end_turn.PNG at (682, 945) delay=1s
2026-06-25 22:09:38 | INFO | each_eight_hours.py:165 | End turn executed
2026-06-25 22:09:58 | INFO | my_functions.py:199 | 
✅ Found: end_turn.PNG pos=(681, 945) time=0.66s confidence=0.8
2026-06-25 22:09:58 | INFO | my_functions.py:247 | [DEBUG] Buscando en paralelo: ['snap.PNG'] | timeout=0s | confidence=0.8
2026-06-25 22:09:58 | INFO | my_functions.py:281 | [DEBUG] Click skipped, ninguna de las imágenes se encontró en el intento.
2026-06-25 22:10:05 | INFO | my_functions.py:247 | [DEBUG] Buscando en paralelo: ['end_turn.PNG'] | timeout=0s | confidence=0.8
2026-06-25 22:10:05 | INFO | my_functions.py:281 | [DEBUG] Click skipped, ninguna de las imágenes se encontró en el intento.
2026-06-25 22:10:08 | INFO | my_functions.py:199 | 
✅ Found: flechas.png pos=(42, 912) time=0.85s confidence=0.8
2026-06-25 22:10:10 | INFO | my_functions.py:142 | Presionando ESC (1/1)
2026-06-25 22:10:11 | INFO | my_functions.py:247 | [DEBUG] Buscando en paralelo: ['end_turn.PNG'] | timeout=0s | confidence=0.8
2026-06-25 22:10:13 | INFO | my_functions.py:134 | Haciendo click en la posición (682, 945)
2026-06-25 22:10:13 | INFO | my_functions.py:269 | 🖱️ Click OK (En paralelo): end_turn.PNG at (682, 945) delay=1s
2026-06-25 22:10:14 | WARNING | each_eight_hours.py:202 | Arrow overlay handled
2026-06-25 22:10:33 | INFO | my_functions.py:199 | 
✅ Found: end_turn.PNG pos=(681, 945) time=0.77s confidence=0.8
2026-06-25 22:10:33 | INFO | my_functions.py:247 | [DEBUG] Buscando en paralelo: ['snap.PNG'] | timeout=0s | confidence=0.8
2026-06-25 22:10:34 | INFO | my_functions.py:281 | [DEBUG] Click skipped, ninguna de las imágenes se encontró en el intento.
2026-06-25 22:10:40 | INFO | my_functions.py:247 | [DEBUG] Buscando en paralelo: ['end_turn.PNG'] | timeout=0s | confidence=0.8
2026-06-25 22:10:42 | INFO | my_functions.py:134 | Haciendo click en la posición (681, 945)
2026-06-25 22:10:42 | INFO | my_functions.py:269 | 🖱️ Click OK (En paralelo): end_turn.PNG at (681, 945) delay=1s
2026-06-25 22:10:43 | INFO | each_eight_hours.py:165 | End turn executed
2026-06-25 22:11:21 | INFO | my_functions.py:199 | 
✅ Found: collect_rewards.PNG pos=(679, 957) time=0.83s confidence=0.8
2026-06-25 22:11:21 | INFO | each_eight_hours.py:204 | Rewards detected, exiting match
2026-06-25 22:11:21 | INFO | my_functions.py:247 | [DEBUG] Buscando en paralelo: ['collect_rewards.PNG'] | timeout=20s | confidence=0.8
2026-06-25 22:11:23 | INFO | my_functions.py:134 | Haciendo click en la posición (679, 957)
2026-06-25 22:11:23 | INFO | my_functions.py:269 | 🖱️ Click OK (En paralelo): collect_rewards.PNG at (679, 957) delay=1s
2026-06-25 22:11:24 | INFO | my_functions.py:247 | [DEBUG] Buscando en paralelo: ['next.PNG'] | timeout=20s | confidence=0.8
2026-06-25 22:11:30 | INFO | my_functions.py:134 | Haciendo click en la posición (677, 973)
2026-06-25 22:11:31 | INFO | my_functions.py:269 | 🖱️ Click OK (En paralelo): next.PNG at (677, 973) delay=1s
2026-06-25 22:11:34 | INFO | my_functions.py:533 | AVAILABLE: 5
2026-06-25 22:11:34 | INFO | each_eight_hours.py:271 | Submissions after match: 5
2026-06-25 22:11:34 | INFO | my_functions.py:555 | Misiones completadas: 0
2026-06-25 22:11:34 | INFO | each_eight_hours.py:148 | Starting game loop 2
2026-06-25 22:11:34 | INFO | my_functions.py:247 | [DEBUG] Buscando en paralelo: ['play.PNG'] | timeout=20s | confidence=0.8
2026-06-25 22:11:37 | INFO | my_functions.py:134 | Haciendo click en la posición (384, 824)
2026-06-25 22:11:38 | INFO | my_functions.py:269 | 🖱️ Click OK (En paralelo): play.PNG at (384, 824) delay=3s
2026-06-25 22:11:53 | INFO | my_functions.py:199 | 
✅ Found: end_turn.PNG pos=(681, 945) time=0.63s confidence=0.8
2026-06-25 22:11:53 | INFO | my_functions.py:247 | [DEBUG] Buscando en paralelo: ['snap.PNG'] | timeout=0s | confidence=0.8
2026-06-25 22:11:55 | INFO | my_functions.py:134 | Haciendo click en la posición (386, 122)
2026-06-25 22:11:55 | INFO | my_functions.py:269 | 🖱️ Click OK (En paralelo): snap.PNG at (386, 122) delay=1s
2026-06-25 22:12:02 | INFO | my_functions.py:247 | [DEBUG] Buscando en paralelo: ['end_turn.PNG'] | timeout=0s | confidence=0.8
2026-06-25 22:12:03 | INFO | my_functions.py:134 | Haciendo click en la posición (682, 946)
2026-06-25 22:12:04 | INFO | my_functions.py:269 | 🖱️ Click OK (En paralelo): end_turn.PNG at (682, 946) delay=1s
2026-06-25 22:12:05 | INFO | each_eight_hours.py:165 | End turn executed
2026-06-25 22:12:14 | INFO | my_functions.py:199 | 
✅ Found: end_turn.PNG pos=(681, 945) time=0.67s confidence=0.8
2026-06-25 22:12:14 | INFO | my_functions.py:247 | [DEBUG] Buscando en paralelo: ['snap.PNG'] | timeout=0s | confidence=0.8
2026-06-25 22:12:15 | INFO | my_functions.py:281 | [DEBUG] Click skipped, ninguna de las imágenes se encontró en el intento.
2026-06-25 22:12:22 | INFO | my_functions.py:247 | [DEBUG] Buscando en paralelo: ['end_turn.PNG'] | timeout=0s | confidence=0.8
2026-06-25 22:12:23 | INFO | my_functions.py:134 | Haciendo click en la posición (682, 946)
2026-06-25 22:12:23 | INFO | my_functions.py:269 | 🖱️ Click OK (En paralelo): end_turn.PNG at (682, 946) delay=1s
2026-06-25 22:12:25 | INFO | each_eight_hours.py:165 | End turn executed
2026-06-25 22:12:34 | INFO | my_functions.py:199 | 
✅ Found: end_turn.PNG pos=(681, 945) time=0.66s confidence=0.8
2026-06-25 22:12:34 | INFO | my_functions.py:247 | [DEBUG] Buscando en paralelo: ['snap.PNG'] | timeout=0s | confidence=0.8
2026-06-25 22:12:35 | INFO | my_functions.py:281 | [DEBUG] Click skipped, ninguna de las imágenes se encontró en el intento.
2026-06-25 22:12:41 | INFO | my_functions.py:247 | [DEBUG] Buscando en paralelo: ['end_turn.PNG'] | timeout=0s | confidence=0.8
2026-06-25 22:12:43 | INFO | my_functions.py:134 | Haciendo click en la posición (682, 945)
2026-06-25 22:12:43 | INFO | my_functions.py:269 | 🖱️ Click OK (En paralelo): end_turn.PNG at (682, 945) delay=1s
2026-06-25 22:12:44 | INFO | each_eight_hours.py:165 | End turn executed
2026-06-25 22:13:10 | INFO | my_functions.py:199 | 
✅ Found: end_turn.PNG pos=(681, 945) time=0.66s confidence=0.8
2026-06-25 22:13:10 | INFO | my_functions.py:247 | [DEBUG] Buscando en paralelo: ['snap.PNG'] | timeout=0s | confidence=0.8
2026-06-25 22:13:11 | INFO | my_functions.py:281 | [DEBUG] Click skipped, ninguna de las imágenes se encontró en el intento.
2026-06-25 22:13:17 | INFO | my_functions.py:247 | [DEBUG] Buscando en paralelo: ['end_turn.PNG'] | timeout=0s | confidence=0.8
2026-06-25 22:13:19 | INFO | my_functions.py:134 | Haciendo click en la posición (682, 945)
2026-06-25 22:13:19 | INFO | my_functions.py:269 | 🖱️ Click OK (En paralelo): end_turn.PNG at (682, 945) delay=1s
2026-06-25 22:13:20 | INFO | each_eight_hours.py:165 | End turn executed
2026-06-25 22:13:39 | INFO | my_functions.py:199 | 
✅ Found: end_turn.PNG pos=(681, 945) time=0.65s confidence=0.8
2026-06-25 22:13:39 | INFO | my_functions.py:247 | [DEBUG] Buscando en paralelo: ['snap.PNG'] | timeout=0s | confidence=0.8
2026-06-25 22:13:40 | INFO | my_functions.py:281 | [DEBUG] Click skipped, ninguna de las imágenes se encontró en el intento.
2026-06-25 22:13:46 | INFO | my_functions.py:247 | [DEBUG] Buscando en paralelo: ['end_turn.PNG'] | timeout=0s | confidence=0.8
2026-06-25 22:13:48 | INFO | my_functions.py:134 | Haciendo click en la posición (682, 945)
2026-06-25 22:13:48 | INFO | my_functions.py:269 | 🖱️ Click OK (En paralelo): end_turn.PNG at (682, 945) delay=1s
2026-06-25 22:13:49 | INFO | each_eight_hours.py:165 | End turn executed
2026-06-25 22:14:05 | INFO | my_functions.py:199 | 
✅ Found: end_turn.PNG pos=(681, 945) time=0.65s confidence=0.8
2026-06-25 22:14:05 | INFO | my_functions.py:247 | [DEBUG] Buscando en paralelo: ['snap.PNG'] | timeout=0s | confidence=0.8
2026-06-25 22:14:06 | INFO | my_functions.py:281 | [DEBUG] Click skipped, ninguna de las imágenes se encontró en el intento.
2026-06-25 22:14:12 | INFO | my_functions.py:247 | [DEBUG] Buscando en paralelo: ['end_turn.PNG'] | timeout=0s | confidence=0.8
2026-06-25 22:14:14 | INFO | my_functions.py:134 | Haciendo click en la posición (682, 945)
2026-06-25 22:14:14 | INFO | my_functions.py:269 | 🖱️ Click OK (En paralelo): end_turn.PNG at (682, 945) delay=1s
2026-06-25 22:14:15 | INFO | each_eight_hours.py:165 | End turn executed
2026-06-25 22:14:43 | INFO | my_functions.py:199 | 
✅ Found: collect_rewards.PNG pos=(679, 957) time=0.8s confidence=0.8
2026-06-25 22:14:43 | INFO | each_eight_hours.py:204 | Rewards detected, exiting match
2026-06-25 22:14:43 | INFO | my_functions.py:247 | [DEBUG] Buscando en paralelo: ['collect_rewards.PNG'] | timeout=20s | confidence=0.8
2026-06-25 22:14:45 | INFO | my_functions.py:134 | Haciendo click en la posición (679, 957)
2026-06-25 22:14:45 | INFO | my_functions.py:269 | 🖱️ Click OK (En paralelo): collect_rewards.PNG at (679, 957) delay=1s
2026-06-25 22:14:46 | INFO | my_functions.py:247 | [DEBUG] Buscando en paralelo: ['next.PNG'] | timeout=20s | confidence=0.8
2026-06-25 22:14:51 | INFO | my_functions.py:134 | Haciendo click en la posición (677, 973)
2026-06-25 22:14:52 | INFO | my_functions.py:269 | 🖱️ Click OK (En paralelo): next.PNG at (677, 973) delay=1s
2026-06-25 22:14:55 | INFO | my_functions.py:533 | AVAILABLE: 5
2026-06-25 22:14:55 | INFO | each_eight_hours.py:271 | Submissions after match: 5
2026-06-25 22:14:55 | INFO | my_functions.py:555 | Misiones completadas: 0
2026-06-25 22:14:55 | INFO | each_eight_hours.py:148 | Starting game loop 3
2026-06-25 22:14:55 | INFO | my_functions.py:247 | [DEBUG] Buscando en paralelo: ['play.PNG'] | timeout=20s | confidence=0.8
2026-06-25 22:14:58 | INFO | my_functions.py:134 | Haciendo click en la posición (384, 824)
2026-06-25 22:14:59 | INFO | my_functions.py:269 | 🖱️ Click OK (En paralelo): play.PNG at (384, 824) delay=3s
2026-06-25 22:15:18 | INFO | my_functions.py:199 | 
✅ Found: end_turn.PNG pos=(681, 945) time=0.65s confidence=0.8
2026-06-25 22:15:18 | INFO | my_functions.py:247 | [DEBUG] Buscando en paralelo: ['snap.PNG'] | timeout=0s | confidence=0.8
2026-06-25 22:15:20 | INFO | my_functions.py:134 | Haciendo click en la posición (386, 122)
2026-06-25 22:15:20 | INFO | my_functions.py:269 | 🖱️ Click OK (En paralelo): snap.PNG at (386, 122) delay=1s
2026-06-25 22:15:26 | INFO | my_functions.py:247 | [DEBUG] Buscando en paralelo: ['end_turn.PNG'] | timeout=0s | confidence=0.8
2026-06-25 22:15:28 | INFO | my_functions.py:134 | Haciendo click en la posición (682, 946)
2026-06-25 22:15:28 | INFO | my_functions.py:269 | 🖱️ Click OK (En paralelo): end_turn.PNG at (682, 946) delay=1s
2026-06-25 22:15:29 | INFO | each_eight_hours.py:165 | End turn executed
2026-06-25 22:15:41 | INFO | my_functions.py:199 | 
✅ Found: end_turn.PNG pos=(681, 945) time=0.62s confidence=0.8
2026-06-25 22:15:41 | INFO | my_functions.py:247 | [DEBUG] Buscando en paralelo: ['snap.PNG'] | timeout=0s | confidence=0.8
2026-06-25 22:15:42 | INFO | my_functions.py:281 | [DEBUG] Click skipped, ninguna de las imágenes se encontró en el intento.
2026-06-25 22:15:48 | INFO | my_functions.py:247 | [DEBUG] Buscando en paralelo: ['end_turn.PNG'] | timeout=0s | confidence=0.8
2026-06-25 22:15:50 | INFO | my_functions.py:134 | Haciendo click en la posición (682, 945)
2026-06-25 22:15:50 | INFO | my_functions.py:269 | 🖱️ Click OK (En paralelo): end_turn.PNG at (682, 945) delay=1s
2026-06-25 22:15:51 | INFO | each_eight_hours.py:165 | End turn executed
2026-06-25 22:16:01 | INFO | my_functions.py:199 | 
✅ Found: end_turn.PNG pos=(681, 945) time=0.64s confidence=0.8
2026-06-25 22:16:01 | INFO | my_functions.py:247 | [DEBUG] Buscando en paralelo: ['snap.PNG'] | timeout=0s | confidence=0.8
2026-06-25 22:16:01 | INFO | my_functions.py:281 | [DEBUG] Click skipped, ninguna de las imágenes se encontró en el intento.
2026-06-25 22:16:07 | INFO | my_functions.py:247 | [DEBUG] Buscando en paralelo: ['end_turn.PNG'] | timeout=0s | confidence=0.8
2026-06-25 22:16:09 | INFO | my_functions.py:134 | Haciendo click en la posición (682, 945)
2026-06-25 22:16:09 | INFO | my_functions.py:269 | 🖱️ Click OK (En paralelo): end_turn.PNG at (682, 945) delay=1s
2026-06-25 22:16:10 | INFO | each_eight_hours.py:165 | End turn executed
2026-06-25 22:16:17 | INFO | my_functions.py:199 | 
✅ Found: never_seen_before.png pos=(395, 141) time=0.48s confidence=0.8
2026-06-25 22:16:18 | WARNING | each_eight_hours.py:178 | Unknown popup handled
2026-06-25 22:16:30 | INFO | my_functions.py:199 | 
✅ Found: end_turn.PNG pos=(681, 945) time=0.66s confidence=0.8
2026-06-25 22:16:30 | INFO | my_functions.py:247 | [DEBUG] Buscando en paralelo: ['snap.PNG'] | timeout=0s | confidence=0.8
2026-06-25 22:16:31 | INFO | my_functions.py:281 | [DEBUG] Click skipped, ninguna de las imágenes se encontró en el intento.
2026-06-25 22:16:37 | INFO | my_functions.py:247 | [DEBUG] Buscando en paralelo: ['end_turn.PNG'] | timeout=0s | confidence=0.8
2026-06-25 22:16:39 | INFO | my_functions.py:134 | Haciendo click en la posición (682, 945)
2026-06-25 22:16:39 | INFO | my_functions.py:269 | 🖱️ Click OK (En paralelo): end_turn.PNG at (682, 945) delay=1s
2026-06-25 22:16:40 | INFO | each_eight_hours.py:165 | End turn executed
2026-06-25 22:16:56 | INFO | my_functions.py:199 | 
✅ Found: end_turn.PNG pos=(681, 945) time=0.65s confidence=0.8
2026-06-25 22:16:56 | INFO | my_functions.py:247 | [DEBUG] Buscando en paralelo: ['snap.PNG'] | timeout=0s | confidence=0.8
2026-06-25 22:16:57 | INFO | my_functions.py:281 | [DEBUG] Click skipped, ninguna de las imágenes se encontró en el intento.
2026-06-25 22:17:03 | INFO | my_functions.py:247 | [DEBUG] Buscando en paralelo: ['end_turn.PNG'] | timeout=0s | confidence=0.8
2026-06-25 22:17:05 | INFO | my_functions.py:134 | Haciendo click en la posición (682, 945)
2026-06-25 22:17:05 | INFO | my_functions.py:269 | 🖱️ Click OK (En paralelo): end_turn.PNG at (682, 945) delay=1s
2026-06-25 22:17:06 | INFO | each_eight_hours.py:165 | End turn executed
2026-06-25 22:17:32 | INFO | my_functions.py:199 | 
✅ Found: end_turn.PNG pos=(681, 945) time=0.71s confidence=0.8
2026-06-25 22:17:32 | INFO | my_functions.py:247 | [DEBUG] Buscando en paralelo: ['snap.PNG'] | timeout=0s | confidence=0.8
2026-06-25 22:17:33 | INFO | my_functions.py:281 | [DEBUG] Click skipped, ninguna de las imágenes se encontró en el intento.
2026-06-25 22:17:39 | INFO | my_functions.py:247 | [DEBUG] Buscando en paralelo: ['end_turn.PNG'] | timeout=0s | confidence=0.8
2026-06-25 22:17:41 | INFO | my_functions.py:134 | Haciendo click en la posición (682, 945)
2026-06-25 22:17:41 | INFO | my_functions.py:269 | 🖱️ Click OK (En paralelo): end_turn.PNG at (682, 945) delay=1s
2026-06-25 22:17:42 | INFO | each_eight_hours.py:165 | End turn executed
2026-06-25 22:18:17 | INFO | my_functions.py:199 | 
✅ Found: collect_rewards.PNG pos=(679, 957) time=0.76s confidence=0.8
2026-06-25 22:18:17 | INFO | each_eight_hours.py:204 | Rewards detected, exiting match
2026-06-25 22:18:17 | INFO | my_functions.py:247 | [DEBUG] Buscando en paralelo: ['collect_rewards.PNG'] | timeout=20s | confidence=0.8
2026-06-25 22:18:19 | INFO | my_functions.py:134 | Haciendo click en la posición (679, 957)
2026-06-25 22:18:19 | INFO | my_functions.py:269 | 🖱️ Click OK (En paralelo): collect_rewards.PNG at (679, 957) delay=1s
2026-06-25 22:18:20 | INFO | my_functions.py:247 | [DEBUG] Buscando en paralelo: ['next.PNG'] | timeout=20s | confidence=0.8
2026-06-25 22:18:25 | INFO | my_functions.py:134 | Haciendo click en la posición (677, 973)
2026-06-25 22:18:26 | INFO | my_functions.py:269 | 🖱️ Click OK (En paralelo): next.PNG at (677, 973) delay=1s
2026-06-25 22:18:29 | INFO | my_functions.py:533 | AVAILABLE: 5
2026-06-25 22:18:29 | INFO | each_eight_hours.py:271 | Submissions after match: 5
2026-06-25 22:18:29 | INFO | my_functions.py:555 | Misiones completadas: 2
2026-06-25 22:18:29 | INFO | each_eight_hours.py:279 | Submission condition met, breaking loop
2026-06-25 22:18:29 | INFO | my_functions.py:247 | [DEBUG] Buscando en paralelo: ['missionsNotify2.png'] | timeout=20s | confidence=0.8
2026-06-25 22:18:32 | INFO | my_functions.py:134 | Haciendo click en la posición (538, 124)
2026-06-25 22:18:33 | INFO | my_functions.py:269 | 🖱️ Click OK (En paralelo): missionsNotify2.png at (538, 124) delay=3s
2026-06-25 22:18:34 | INFO | my_functions.py:1472 | [INFO] Iniciando click_missions_blue2
2026-06-25 22:18:34 | INFO | my_functions.py:134 | Haciendo click en la posición (150, 132)
2026-06-25 22:18:35 | INFO | my_functions.py:1475 | [ACTION] Click hecho en icono de calendario que me dirige a las misiones ordinarias
2026-06-25 22:18:35 | INFO | my_functions.py:169 | Searching bonus_challenge.png (timeout=0s)
2026-06-25 22:18:35 | INFO | my_functions.py:213 | 
⛔ Not found: bonus_challenge.png after 0.0s region=(0, 0, 765, 1038) confidence=0.8
2026-06-25 22:18:37 | INFO | my_functions.py:134 | Haciendo click en la posición (362, 493)
2026-06-25 22:18:39 | INFO | my_functions.py:1488 | [ACTION] Click 1/2 en misión azul
2026-06-25 22:18:39 | INFO | my_functions.py:134 | Haciendo click en la posición (362, 493)
2026-06-25 22:18:40 | INFO | my_functions.py:1488 | [ACTION] Click 2/2 en misión azul
2026-06-25 22:18:41 | INFO | my_functions.py:169 | Searching flechita_mission.PNG (timeout=0s)
2026-06-25 22:18:42 | INFO | my_functions.py:213 | 
⛔ Not found: flechita_mission.PNG after 0.0s region=(0, 0, 765, 1038) confidence=0.8
2026-06-25 22:18:42 | INFO | my_functions.py:247 | [DEBUG] Buscando en paralelo: ['weekly3.PNG'] | timeout=0s | confidence=0.8
2026-06-25 22:18:43 | INFO | my_functions.py:134 | Haciendo click en la posición (396, 266)
2026-06-25 22:18:43 | INFO | my_functions.py:269 | 🖱️ Click OK (En paralelo): weekly3.PNG at (396, 266) delay=0.1s
2026-06-25 22:18:44 | INFO | my_functions.py:247 | [DEBUG] Buscando en paralelo: ['claim!.PNG'] | timeout=0s | confidence=0.8
2026-06-25 22:18:45 | INFO | my_functions.py:134 | Haciendo click en la posición (381, 924)
2026-06-25 22:18:45 | INFO | my_functions.py:269 | 🖱️ Click OK (En paralelo): claim!.PNG at (381, 924) delay=0.2s
2026-06-25 22:18:46 | INFO | my_functions.py:247 | [DEBUG] Buscando en paralelo: ['claim_hover.PNG'] | timeout=0s | confidence=0.8
2026-06-25 22:18:47 | INFO | my_functions.py:134 | Haciendo click en la posición (383, 921)
2026-06-25 22:18:47 | INFO | my_functions.py:269 | 🖱️ Click OK (En paralelo): claim_hover.PNG at (383, 921) delay=0.2s
2026-06-25 22:18:48 | INFO | my_functions.py:247 | [DEBUG] Buscando en paralelo: ['claim!.PNG'] | timeout=0s | confidence=0.8
2026-06-25 22:18:49 | INFO | my_functions.py:281 | [DEBUG] Click skipped, ninguna de las imágenes se encontró en el intento.
2026-06-25 22:18:50 | INFO | my_functions.py:247 | [DEBUG] Buscando en paralelo: ['claim_hover.PNG'] | timeout=0s | confidence=0.8
2026-06-25 22:18:51 | INFO | my_functions.py:134 | Haciendo click en la posición (383, 921)
2026-06-25 22:18:51 | INFO | my_functions.py:269 | 🖱️ Click OK (En paralelo): claim_hover.PNG at (383, 921) delay=0.2s
2026-06-25 22:18:52 | INFO | my_functions.py:247 | [DEBUG] Buscando en paralelo: ['weekly3.PNG'] | timeout=0s | confidence=0.8
2026-06-25 22:18:53 | INFO | my_functions.py:281 | [DEBUG] Click skipped, ninguna de las imágenes se encontró en el intento.
2026-06-25 22:18:54 | INFO | my_functions.py:247 | [DEBUG] Buscando en paralelo: ['weekly3.PNG'] | timeout=0s | confidence=0.8
2026-06-25 22:18:55 | INFO | my_functions.py:281 | [DEBUG] Click skipped, ninguna de las imágenes se encontró en el intento.
2026-06-25 22:18:56 | INFO | my_functions.py:134 | Haciendo click en la posición (557, 64)
2026-06-25 22:18:57 | INFO | my_functions.py:247 | [DEBUG] Buscando en paralelo: ['cards_shop.PNG'] | timeout=20s | confidence=0.8
2026-06-25 22:19:00 | INFO | my_functions.py:134 | Haciendo click en la posición (568, 121)
2026-06-25 22:19:00 | INFO | my_functions.py:269 | 🖱️ Click OK (En paralelo): cards_shop.PNG at (568, 121) delay=1s
2026-06-25 22:19:01 | INFO | my_functions.py:247 | [DEBUG] Buscando en paralelo: ['token_icon.PNG'] | timeout=20s | confidence=0.8
2026-06-25 22:19:03 | INFO | my_functions.py:134 | Haciendo click en la posición (680, 171)
2026-06-25 22:19:03 | INFO | my_functions.py:269 | 🖱️ Click OK (En paralelo): token_icon.PNG at (680, 171) delay=1s
2026-06-25 22:19:07 | INFO | my_functions.py:247 | [DEBUG] Buscando en paralelo: ['claim!_token_3.PNG'] | timeout=4s | confidence=0.8
2026-06-25 22:19:11 | INFO | my_functions.py:281 | [DEBUG] Click skipped, ninguna de las imágenes se encontró en el intento.
2026-06-25 22:19:12 | INFO | my_functions.py:247 | [DEBUG] Buscando en paralelo: ['cards_shop.PNG'] | timeout=20s | confidence=0.8
2026-06-25 22:19:14 | INFO | my_functions.py:134 | Haciendo click en la posición (568, 122)
2026-06-25 22:19:14 | INFO | my_functions.py:269 | 🖱️ Click OK (En paralelo): cards_shop.PNG at (568, 122) delay=1s
2026-06-25 22:19:15 | INFO | my_functions.py:247 | [DEBUG] Buscando en paralelo: ['offers.PNG'] | timeout=20s | confidence=0.8
2026-06-25 22:19:17 | INFO | my_functions.py:134 | Haciendo click en la posición (197, 121)
2026-06-25 22:19:17 | INFO | my_functions.py:269 | 🖱️ Click OK (En paralelo): offers.PNG at (197, 121) delay=1s
2026-06-25 22:19:18 | INFO | my_functions.py:1356 | [INFO] Iniciando mejora de cartas
2026-06-25 22:19:18 | INFO | my_functions.py:247 | [DEBUG] Buscando en paralelo: ['upgrade_cards_icon.PNG'] | timeout=20s | confidence=0.8
2026-06-25 22:19:20 | INFO | my_functions.py:134 | Haciendo click en la posición (322, 170)
2026-06-25 22:19:20 | INFO | my_functions.py:269 | 🖱️ Click OK (En paralelo): upgrade_cards_icon.PNG at (322, 170) delay=1s
2026-06-25 22:19:21 | INFO | my_functions.py:1360 | [INFO] Abriendo icono de upgrade_cards
2026-06-25 22:19:22 | INFO | my_functions.py:1367 | [STEP] Mejorando carta 1
2026-06-25 22:19:23 | INFO | my_functions.py:1371 | [ACTION] Click en carta 1
2026-06-25 22:19:24 | INFO | my_functions.py:1376 | [ACTION] Click en botón upgrade
2026-06-25 22:19:31 | INFO | my_functions.py:169 | Searching aw_snap.png (timeout=3s)
2026-06-25 22:19:35 | INFO | my_functions.py:213 | 
⛔ Not found: aw_snap.png after 3.45s region=(0, 0, 765, 1038) confidence=0.8
2026-06-25 22:19:35 | INFO | my_functions.py:247 | [DEBUG] Buscando en paralelo: ['you_need_more_credits!.png'] | timeout=3s | confidence=0.8
2026-06-25 22:19:38 | INFO | my_functions.py:281 | [DEBUG] Click skipped, ninguna de las imágenes se encontró en el intento.
2026-06-25 22:19:44 | INFO | my_functions.py:1409 | [ACTION] Click para continuar a stage de nivel de coleccion
2026-06-25 22:19:49 | INFO | my_functions.py:142 | Presionando ESC (1/1)
2026-06-25 22:19:50 | INFO | my_functions.py:1417 | [ACTION] Saliendo de stage nivel de coleccion con ESC
2026-06-25 22:19:51 | INFO | my_functions.py:247 | [DEBUG] Buscando en paralelo: ['upgrade_cards_icon_selected.PNG'] | timeout=0s | confidence=0.8
2026-06-25 22:19:53 | INFO | my_functions.py:134 | Haciendo click en la posición (320, 173)
2026-06-25 22:19:53 | INFO | my_functions.py:269 | 🖱️ Click OK (En paralelo): upgrade_cards_icon_selected.PNG at (320, 173) delay=1s
2026-06-25 22:19:54 | INFO | my_functions.py:1429 | [INFO] Reabriendo icono de upgrade_cards
2026-06-25 22:19:55 | INFO | my_functions.py:1367 | [STEP] Mejorando carta 2
2026-06-25 22:19:55 | INFO | my_functions.py:1371 | [ACTION] Click en carta 2
2026-06-25 22:19:56 | INFO | my_functions.py:1376 | [ACTION] Click en botón upgrade
2026-06-25 22:20:03 | INFO | my_functions.py:169 | Searching aw_snap.png (timeout=3s)
2026-06-25 22:20:07 | INFO | my_functions.py:213 | 
⛔ Not found: aw_snap.png after 3.43s region=(0, 0, 765, 1038) confidence=0.8
2026-06-25 22:20:07 | INFO | my_functions.py:247 | [DEBUG] Buscando en paralelo: ['you_need_more_credits!.png'] | timeout=3s | confidence=0.8
2026-06-25 22:20:11 | INFO | my_functions.py:281 | [DEBUG] Click skipped, ninguna de las imágenes se encontró en el intento.
2026-06-25 22:20:17 | INFO | my_functions.py:1409 | [ACTION] Click para continuar a stage de nivel de coleccion
2026-06-25 22:20:22 | INFO | my_functions.py:142 | Presionando ESC (1/1)
2026-06-25 22:20:23 | INFO | my_functions.py:1417 | [ACTION] Saliendo de stage nivel de coleccion con ESC
2026-06-25 22:20:24 | INFO | my_functions.py:247 | [DEBUG] Buscando en paralelo: ['upgrade_cards_icon_selected.PNG'] | timeout=0s | confidence=0.8
2026-06-25 22:20:25 | INFO | my_functions.py:134 | Haciendo click en la posición (320, 173)
2026-06-25 22:20:26 | INFO | my_functions.py:269 | 🖱️ Click OK (En paralelo): upgrade_cards_icon_selected.PNG at (320, 173) delay=1s
2026-06-25 22:20:27 | INFO | my_functions.py:1429 | [INFO] Reabriendo icono de upgrade_cards
2026-06-25 22:20:28 | INFO | my_functions.py:1367 | [STEP] Mejorando carta 3
2026-06-25 22:20:28 | INFO | my_functions.py:1371 | [ACTION] Click en carta 3
2026-06-25 22:20:29 | INFO | my_functions.py:1376 | [ACTION] Click en botón upgrade
2026-06-25 22:20:36 | INFO | my_functions.py:169 | Searching aw_snap.png (timeout=3s)
2026-06-25 22:20:40 | INFO | my_functions.py:213 | 
⛔ Not found: aw_snap.png after 3.31s region=(0, 0, 765, 1038) confidence=0.8
2026-06-25 22:20:40 | INFO | my_functions.py:247 | [DEBUG] Buscando en paralelo: ['you_need_more_credits!.png'] | timeout=3s | confidence=0.8
2026-06-25 22:20:41 | INFO | my_functions.py:134 | Haciendo click en la posición (381, 345)
2026-06-25 22:20:42 | INFO | my_functions.py:269 | 🖱️ Click OK (En paralelo): you_need_more_credits!.png at (381, 345) delay=1s
2026-06-25 22:20:43 | INFO | my_functions.py:142 | Presionando ESC (1/2)
2026-06-25 22:20:43 | INFO | my_functions.py:142 | Presionando ESC (2/2)
2026-06-25 22:20:46 | INFO | my_functions.py:1435 | [INFO] Mejora de cartas completada ✅
2026-06-25 22:20:46 | INFO | my_functions.py:142 | Presionando ESC (1/1)
2026-06-25 22:20:46 | INFO | my_functions.py:247 | [DEBUG] Buscando en paralelo: ['white_x.png'] | timeout=2s | confidence=0.8
2026-06-25 22:20:49 | INFO | my_functions.py:281 | [DEBUG] Click skipped, ninguna de las imágenes se encontró en el intento.
2026-06-25 22:20:50 | INFO | each_eight_hours.py:46 | [22:20:50.752] [DEBUG] === INICIANDO FUNCIÓN collect_cl_rewards ===
2026-06-25 22:20:50 | INFO | each_eight_hours.py:46 | [22:20:50.782] [DEBUG] Haciendo click inicial en (387, 166)...
2026-06-25 22:20:50 | INFO | my_functions.py:134 | Haciendo click en la posición (387, 166)
2026-06-25 22:20:57 | INFO | each_eight_hours.py:46 | [22:20:57.167] [DEBUG] Se omitió el cambio de tamaño de ventanas (resize=False)
2026-06-25 22:20:57 | INFO | each_eight_hours.py:46 | [22:20:57.492] [DEBUG] Recompensas iniciales detectadas por la API: 3
2026-06-25 22:20:57 | INFO | each_eight_hours.py:46 | [22:20:57.495] [DEBUG] --------------------------------------------------
2026-06-25 22:20:57 | INFO | each_eight_hours.py:46 | [22:20:57.497] [DEBUG] Inicio de iteración. Recompensas restantes: 3
2026-06-25 22:20:57 | INFO | each_eight_hours.py:46 | [22:20:57.503] [DEBUG] Intentando hacer click en: (260, 580)
2026-06-25 22:20:58 | INFO | my_functions.py:169 | Searching claim!.PNG (timeout=3s)
2026-06-25 22:21:03 | INFO | my_functions.py:213 | 
⛔ Not found: claim!.PNG after 3.61s region=(0, 0, 765, 1038) confidence=0.8
2026-06-25 22:21:03 | INFO | each_eight_hours.py:46 | [22:21:03.016] [DEBUG] No se detectó 'Claim'. Buscando 'check.png' en región (228, 547, 65, 55)...
2026-06-25 22:21:03 | INFO | my_functions.py:169 | Searching check.png (timeout=1s)
2026-06-25 22:21:03 | INFO | my_functions.py:199 | 
✅ Found: check.png pos=(264, 579) time=0.14s confidence=0.8
2026-06-25 22:21:03 | INFO | each_eight_hours.py:46 | [22:21:03.162] [DEBUG] -> ¡ÉXITO! Crédito detectado por 'check.png'. Reclamado automáticamente por el click previo.
2026-06-25 22:21:03 | INFO | each_eight_hours.py:46 | [22:21:03.170] [DEBUG] Moviendo el mouse a la posición de scroll (350, 580)...
2026-06-25 22:21:04 | INFO | each_eight_hours.py:46 | [22:21:04.743] [DEBUG] Alternancia de coordenada X: Cambió de 260 a 470
2026-06-25 22:21:04 | INFO | each_eight_hours.py:46 | [22:21:04.747] [DEBUG] --------------------------------------------------
2026-06-25 22:21:04 | INFO | each_eight_hours.py:46 | [22:21:04.754] [DEBUG] Inicio de iteración. Recompensas restantes: 2
2026-06-25 22:21:04 | INFO | each_eight_hours.py:46 | [22:21:04.755] [DEBUG] Intentando hacer click en: (470, 580)
2026-06-25 22:21:05 | INFO | my_functions.py:169 | Searching claim!.PNG (timeout=3s)
2026-06-25 22:21:10 | INFO | my_functions.py:213 | 
⛔ Not found: claim!.PNG after 3.53s region=(0, 0, 765, 1038) confidence=0.8
2026-06-25 22:21:10 | INFO | each_eight_hours.py:46 | [22:21:10.232] [DEBUG] No se detectó 'Claim'. Buscando 'check.png' en región (449, 547, 65, 55)...
2026-06-25 22:21:10 | INFO | my_functions.py:169 | Searching check.png (timeout=1s)
2026-06-25 22:21:10 | INFO | my_functions.py:199 | 
✅ Found: check.png pos=(501, 580) time=0.13s confidence=0.8
2026-06-25 22:21:10 | INFO | each_eight_hours.py:46 | [22:21:10.361] [DEBUG] -> ¡ÉXITO! Crédito detectado por 'check.png'. Reclamado automáticamente por el click previo.
2026-06-25 22:21:10 | INFO | each_eight_hours.py:46 | [22:21:10.364] [DEBUG] Moviendo el mouse a la posición de scroll (350, 580)...
2026-06-25 22:21:11 | INFO | each_eight_hours.py:46 | [22:21:11.941] [DEBUG] Alternancia de coordenada X: Cambió de 470 a 260
2026-06-25 22:21:11 | INFO | each_eight_hours.py:46 | [22:21:11.946] [DEBUG] --------------------------------------------------
2026-06-25 22:21:11 | INFO | each_eight_hours.py:46 | [22:21:11.947] [DEBUG] Inicio de iteración. Recompensas restantes: 1
2026-06-25 22:21:11 | INFO | each_eight_hours.py:46 | [22:21:11.955] [DEBUG] Intentando hacer click en: (260, 580)
2026-06-25 22:21:13 | INFO | my_functions.py:169 | Searching claim!.PNG (timeout=3s)
2026-06-25 22:21:13 | INFO | my_functions.py:199 | 
✅ Found: claim!.PNG pos=(381, 924) time=0.75s confidence=0.8
2026-06-25 22:21:13 | INFO | each_eight_hours.py:46 | [22:21:13.929] [DEBUG] -> ¡ÉXITO! Botón 'Claim' detectado.
2026-06-25 22:21:13 | INFO | my_functions.py:169 | Searching set.png (timeout=0s)
2026-06-25 22:21:14 | INFO | my_functions.py:213 | 
⛔ Not found: set.png after 0.0s region=(0, 0, 765, 1038) confidence=0.8
2026-06-25 22:21:14 | INFO | my_functions.py:247 | [DEBUG] Buscando en paralelo: ['claim!.PNG'] | timeout=0s | confidence=0.8
2026-06-25 22:21:16 | INFO | my_functions.py:134 | Haciendo click en la posición (381, 924)
2026-06-25 22:21:16 | INFO | my_functions.py:269 | 🖱️ Click OK (En paralelo): claim!.PNG at (381, 924) delay=1s
2026-06-25 22:21:17 | INFO | each_eight_hours.py:46 | [22:21:17.838] [DEBUG] Moviendo el mouse a la posición de scroll (350, 580)...
2026-06-25 22:21:19 | INFO | each_eight_hours.py:46 | [22:21:19.408] [DEBUG] Alternancia de coordenada X: Cambió de 260 a 470
2026-06-25 22:21:19 | INFO | each_eight_hours.py:46 | Finished collecting rewards
2026-06-25 22:21:20 | INFO | my_functions.py:142 | Presionando ESC (1/1)
2026-06-25 22:21:21 | INFO | my_functions.py:247 | [DEBUG] Buscando en paralelo: ['nut.png'] | timeout=20s | confidence=0.8
2026-06-25 22:21:22 | INFO | my_functions.py:134 | Haciendo click en la posición (184, 78)
2026-06-25 22:21:23 | INFO | my_functions.py:269 | 🖱️ Click OK (En paralelo): nut.png at (184, 78) delay=1s
2026-06-25 22:21:24 | INFO | my_functions.py:247 | [DEBUG] Buscando en paralelo: ['graphics_quality.png'] | timeout=3s | confidence=0.8
2026-06-25 22:21:25 | INFO | my_functions.py:134 | Haciendo click en la posición (304, 644)
2026-06-25 22:21:25 | INFO | my_functions.py:269 | 🖱️ Click OK (En paralelo): graphics_quality.png at (304, 644) delay=1s
2026-06-25 22:21:28 | INFO | my_functions.py:247 | [DEBUG] Buscando en paralelo: ['sign_out.png'] | timeout=20s | confidence=0.8
2026-06-25 22:21:29 | INFO | my_functions.py:134 | Haciendo click en la posición (380, 796)
2026-06-25 22:21:29 | INFO | my_functions.py:269 | 🖱️ Click OK (En paralelo): sign_out.png at (380, 796) delay=1s
2026-06-25 22:21:32 | INFO | my_functions.py:247 | [DEBUG] Buscando en paralelo: ['sign_out_grande.png'] | timeout=20s | confidence=0.8
2026-06-25 22:21:33 | INFO | my_functions.py:134 | Haciendo click en la posición (359, 437)
2026-06-25 22:21:33 | INFO | my_functions.py:269 | 🖱️ Click OK (En paralelo): sign_out_grande.png at (359, 437) delay=1s
2026-06-25 22:21:34 | INFO | my_functions.py:247 | [DEBUG] Buscando en paralelo: ['sign_out2.png'] | timeout=20s | confidence=0.8
2026-06-25 22:21:36 | INFO | my_functions.py:134 | Haciendo click en la posición (383, 634)
2026-06-25 22:21:36 | INFO | my_functions.py:269 | 🖱️ Click OK (En paralelo): sign_out2.png at (383, 634) delay=1s
2026-06-25 22:21:37 | INFO | my_functions.py:1547 | ⏱ Esperando 0.1 segundos antes de empezar...
2026-06-25 22:21:37 | INFO | my_functions.py:1554 | 🔍 Esperando ventana que contenga alguna de: SNAP (máx 20s)
2026-06-25 22:21:37 | INFO | my_functions.py:1566 | ✅ Ventana encontrada: 'SNAP'
2026-06-25 22:21:37 | INFO | my_functions.py:1581 | ✅ Ventana seleccionada: 'SNAP'
2026-06-25 22:21:39 | INFO | my_functions.py:1604 | 🔁 Reajuste #1...
2026-06-25 22:21:41 | INFO | my_functions.py:1611 | ✔ Verificación completa. Se hicieron 1 reajustes.
2026-06-25 22:21:46 | INFO | each_eight_hours.py:113 | Processing account: john
2026-06-25 22:21:46 | INFO | my_functions.py:1547 | ⏱ Esperando 0.1 segundos antes de empezar...
2026-06-25 22:21:46 | INFO | my_functions.py:1554 | 🔍 Esperando ventana que contenga alguna de: ['SNAP'] (máx 20s)
2026-06-25 22:21:49 | INFO | my_functions.py:1566 | ✅ Ventana encontrada: 'SNAP'
2026-06-25 22:21:49 | INFO | my_functions.py:1581 | ✅ Ventana seleccionada: 'SNAP'
2026-06-25 22:21:51 | INFO | my_functions.py:1613 | ✔ Verificación completa. No hubo cambios después del primer ajuste.
2026-06-25 22:21:51 | INFO | my_functions.py:1206 | [DEBUG] Resizing SNAP window...
2026-06-25 22:21:51 | INFO | my_functions.py:1547 | ⏱ Esperando 0.1 segundos antes de empezar...
2026-06-25 22:21:51 | INFO | my_functions.py:1554 | 🔍 Esperando ventana que contenga alguna de: ['SNAP'] (máx 20s)
2026-06-25 22:21:51 | INFO | my_functions.py:1566 | ✅ Ventana encontrada: 'SNAP'
2026-06-25 22:21:51 | INFO | my_functions.py:1581 | ✅ Ventana seleccionada: 'SNAP'
2026-06-25 22:21:54 | INFO | my_functions.py:1613 | ✔ Verificación completa. No hubo cambios después del primer ajuste.
2026-06-25 22:21:54 | INFO | my_functions.py:247 | [DEBUG] Buscando en paralelo: ['small_submit.PNG', 'small_submit_hover.png', 'submit_hover_2.png', 'small_submit_hover_2.png'] | timeout=90s | confidence=0.8
2026-06-25 22:22:00 | INFO | my_functions.py:134 | Haciendo click en la posición (383, 646)
2026-06-25 22:22:00 | INFO | my_functions.py:269 | 🖱️ Click OK (En paralelo): small_submit_hover_2.png at (383, 646) delay=0.2s
2026-06-25 22:22:03 | INFO | my_functions.py:247 | [DEBUG] Buscando en paralelo: ['small_submit.PNG', 'small_submit_hover.png', 'submit_hover_2.png', 'small_submit_hover_2.png'] | timeout=20s | confidence=0.8
2026-06-25 22:22:05 | INFO | my_functions.py:134 | Haciendo click en la posición (380, 721)
2026-06-25 22:22:05 | INFO | my_functions.py:269 | 🖱️ Click OK (En paralelo): small_submit.PNG at (380, 721) delay=0.2s
2026-06-25 22:22:06 | INFO | my_functions.py:1547 | ⏱ Esperando 0.1 segundos antes de empezar...
2026-06-25 22:22:06 | INFO | my_functions.py:1554 | 🔍 Esperando ventana que contenga alguna de: ['SNAP'] (máx 20s)
2026-06-25 22:22:06 | INFO | my_functions.py:1566 | ✅ Ventana encontrada: 'SNAP'
2026-06-25 22:22:06 | INFO | my_functions.py:1581 | ✅ Ventana seleccionada: 'SNAP'
2026-06-25 22:22:08 | INFO | my_functions.py:1604 | 🔁 Reajuste #1...
2026-06-25 22:22:09 | INFO | my_functions.py:1611 | ✔ Verificación completa. Se hicieron 1 reajustes.
2026-06-25 22:22:09 | INFO | my_functions.py:169 | Searching please_sign.png (timeout=0s)
2026-06-25 22:22:10 | INFO | my_functions.py:199 | 
✅ Found: please_sign.png pos=(383, 438) time=0.46s confidence=0.8
2026-06-25 22:22:10 | INFO | my_functions.py:247 | [DEBUG] Buscando en paralelo: ['ok_btn.png'] | timeout=20s | confidence=0.8
2026-06-25 22:22:12 | INFO | my_functions.py:134 | Haciendo click en la posición (382, 634)
2026-06-25 22:22:12 | INFO | my_functions.py:269 | 🖱️ Click OK (En paralelo): ok_btn.png at (382, 634) delay=1s
2026-06-25 22:22:13 | INFO | my_functions.py:247 | [DEBUG] Buscando en paralelo: ['small_submit.PNG', 'small_submit_hover.png', 'submit_hover_2.png', 'small_submit_hover_2.png'] | timeout=30s | confidence=0.8
2026-06-25 22:22:16 | INFO | my_functions.py:134 | Haciendo click en la posición (383, 643)
2026-06-25 22:22:16 | INFO | my_functions.py:269 | 🖱️ Click OK (En paralelo): small_submit_hover_2.png at (383, 643) delay=0.2s
2026-06-25 22:22:17 | INFO | my_functions.py:247 | [DEBUG] Buscando en paralelo: ['small_submit.PNG', 'small_submit_hover.png', 'submit_hover_2.png', 'small_submit_hover_2.png'] | timeout=20s | confidence=0.8
2026-06-25 22:22:19 | INFO | my_functions.py:134 | Haciendo click en la posición (380, 721)
2026-06-25 22:22:19 | INFO | my_functions.py:269 | 🖱️ Click OK (En paralelo): small_submit.PNG at (380, 721) delay=0.2s
2026-06-25 22:22:20 | INFO | my_functions.py:247 | [DEBUG] Buscando en paralelo: ['sign_in_with_google2.PNG'] | timeout=20s | confidence=0.8
2026-06-25 22:22:21 | INFO | my_functions.py:134 | Haciendo click en la posición (406, 957)
2026-06-25 22:22:21 | INFO | my_functions.py:269 | 🖱️ Click OK (En paralelo): sign_in_with_google2.PNG at (406, 957) delay=1s
2026-06-25 22:22:23 | INFO | my_functions.py:169 | Searching pagina_cargada.png (timeout=60s)
2026-06-25 22:22:30 | INFO | my_functions.py:199 | 
✅ Found: pagina_cargada.png pos=(70, 24) time=7.54s confidence=0.8
2026-06-25 22:22:30 | INFO | my_functions.py:247 | [DEBUG] Buscando en paralelo: ['john.png'] | timeout=0s | confidence=0.8
2026-06-25 22:22:34 | INFO | my_functions.py:134 | Haciendo click en la posición (1143, 619)
2026-06-25 22:22:34 | INFO | my_functions.py:269 | 🖱️ Click OK (En paralelo): john.png at (1143, 619) delay=3s
2026-06-25 22:22:35 | INFO | my_functions.py:169 | Searching marvelsnap_web.png (timeout=30s)
2026-06-25 22:22:41 | INFO | my_functions.py:199 | 
✅ Found: marvelsnap_web.png pos=(258, 80) time=5.85s confidence=0.7
2026-06-25 22:22:42 | INFO | my_functions.py:169 | Searching shop_unselected.PNG (timeout=0s)
2026-06-25 22:22:42 | INFO | my_functions.py:213 | 
⛔ Not found: shop_unselected.PNG after 0.0s region=(0, 0, 765, 1038) confidence=0.8
2026-06-25 22:22:42 | INFO | my_functions.py:247 | [DEBUG] Buscando en paralelo: ['super_premium.PNG'] | timeout=0s | confidence=0.8
2026-06-25 22:22:43 | INFO | my_functions.py:281 | [DEBUG] Click skipped, ninguna de las imágenes se encontró en el intento.
2026-06-25 22:22:44 | INFO | my_functions.py:247 | [DEBUG] Buscando en paralelo: ['maybe_later.PNG'] | timeout=0s | confidence=0.8
2026-06-25 22:22:45 | INFO | my_functions.py:281 | [DEBUG] Click skipped, ninguna de las imágenes se encontró en el intento.
2026-06-25 22:22:46 | INFO | my_functions.py:247 | [DEBUG] Buscando en paralelo: ['maybe_later2.PNG'] | timeout=0s | confidence=0.8
2026-06-25 22:22:46 | INFO | my_functions.py:281 | [DEBUG] Click skipped, ninguna de las imágenes se encontró en el intento.
2026-06-25 22:22:48 | INFO | my_functions.py:169 | Searching go_to_shop.PNG (timeout=0s)
2026-06-25 22:22:48 | INFO | my_functions.py:213 | 
⛔ Not found: go_to_shop.PNG after 0.0s region=(0, 0, 765, 1038) confidence=0.8
2026-06-25 22:22:48 | INFO | my_functions.py:247 | [DEBUG] Buscando en paralelo: ['14_days_of_winterverse.PNG'] | timeout=0s | confidence=0.8
2026-06-25 22:22:49 | INFO | my_functions.py:281 | [DEBUG] Click skipped, ninguna de las imágenes se encontró en el intento.
2026-06-25 22:22:50 | INFO | my_functions.py:169 | Searching welcome_back_calendar.PNG (timeout=0s)
2026-06-25 22:22:50 | INFO | my_functions.py:213 | 
⛔ Not found: welcome_back_calendar.PNG after 0.0s region=(0, 0, 765, 1038) confidence=0.8
2026-06-25 22:22:50 | INFO | my_functions.py:247 | [DEBUG] Buscando en paralelo: ['start_the_countdown.PNG'] | timeout=0s | confidence=0.8
2026-06-25 22:22:51 | INFO | my_functions.py:281 | [DEBUG] Click skipped, ninguna de las imágenes se encontró en el intento.
2026-06-25 22:22:52 | INFO | my_functions.py:247 | [DEBUG] Buscando en paralelo: ['event_has_ended_sanctum.PNG'] | timeout=0s | confidence=0.8
2026-06-25 22:22:53 | INFO | my_functions.py:281 | [DEBUG] Click skipped, ninguna de las imágenes se encontró en el intento.
2026-06-25 22:22:54 | INFO | my_functions.py:247 | [DEBUG] Buscando en paralelo: ['event_has_ended_teamclash.PNG'] | timeout=0s | confidence=0.8
2026-06-25 22:22:54 | INFO | my_functions.py:281 | [DEBUG] Click skipped, ninguna de las imágenes se encontró en el intento.
2026-06-25 22:22:56 | INFO | my_functions.py:247 | [DEBUG] Buscando en paralelo: ['image_part_of_event_grand_arena_finished.PNG'] | timeout=0s | confidence=0.8
2026-06-25 22:22:56 | INFO | my_functions.py:281 | [DEBUG] Click skipped, ninguna de las imágenes se encontró en el intento.
2026-06-25 22:22:57 | INFO | my_functions.py:169 | Searching 28_day_event_login_rewards.PNG (timeout=0s)
2026-06-25 22:22:58 | INFO | my_functions.py:213 | 
⛔ Not found: 28_day_event_login_rewards.PNG after 0.0s region=(0, 0, 765, 1038) confidence=0.8
2026-06-25 22:22:58 | INFO | my_functions.py:169 | Searching 7_day_event_login.PNG (timeout=0s)
2026-06-25 22:22:58 | INFO | my_functions.py:213 | 
⛔ Not found: 7_day_event_login.PNG after 0.0s region=(0, 0, 765, 1038) confidence=0.8
2026-06-25 22:22:58 | INFO | my_functions.py:169 | Searching 14_days_event.PNG (timeout=0s)
2026-06-25 22:22:59 | INFO | my_functions.py:213 | 
⛔ Not found: 14_days_event.PNG after 0.0s region=(0, 0, 765, 1038) confidence=0.8
2026-06-25 22:22:59 | INFO | my_functions.py:247 | [DEBUG] Buscando en paralelo: ['lets_go.PNG'] | timeout=0s | confidence=0.8
2026-06-25 22:22:59 | INFO | my_functions.py:281 | [DEBUG] Click skipped, ninguna de las imágenes se encontró en el intento.
2026-06-25 22:23:01 | INFO | my_functions.py:169 | Searching shop_unselected.PNG (timeout=0s)
2026-06-25 22:23:02 | INFO | my_functions.py:199 | 
✅ Found: shop_unselected.PNG pos=(88, 961) time=0.75s confidence=0.8
2026-06-25 22:23:10 | INFO | my_functions.py:169 | Searching shop_unselected.PNG (timeout=0s)
2026-06-25 22:23:11 | INFO | my_functions.py:199 | 
✅ Found: shop_unselected.PNG pos=(88, 961) time=0.73s confidence=0.8
2026-06-25 22:23:11 | INFO | my_functions.py:714 | Ya esta listo
2026-06-25 22:23:15 | INFO | my_functions.py:533 | AVAILABLE: 6
2026-06-25 22:23:15 | INFO | my_functions.py:555 | Misiones completadas: 0
2026-06-25 22:23:15 | INFO | my_functions.py:169 | Searching play.PNG (timeout=0s)
2026-06-25 22:23:16 | INFO | my_functions.py:199 | 
✅ Found: play.PNG pos=(384, 824) time=0.63s confidence=0.8
2026-06-25 22:23:16 | INFO | my_functions.py:1442 | [INFO] Click realizado donde se equipa el deck a jugar
2026-06-25 22:23:20 | INFO | my_functions.py:247 | [DEBUG] Buscando en paralelo: ['deck_666666.png'] | timeout=3s | confidence=0.8
2026-06-25 22:23:22 | INFO | my_functions.py:134 | Haciendo click en la posición (384, 546)
2026-06-25 22:23:22 | INFO | my_functions.py:269 | 🖱️ Click OK (En paralelo): deck_666666.png at (384, 546) delay=1s
2026-06-25 22:23:23 | INFO | my_functions.py:247 | [DEBUG] Buscando en paralelo: ['equip.png'] | timeout=3s | confidence=0.95
