2026-06-24 10:39:13 | INFO | each_eight_hours.py:36 | LOG FILE PATH: \\vmware-host\Shared Folders\SHARED FILES VM\MS\logs\each_eight_hours_2026-06-24_10-39-13.log
2026-06-24 10:39:13 | INFO | each_eight_hours.py:37 | Logger initialized
2026-06-24 10:39:13 | INFO | each_eight_hours.py:64 | Script initialized
2026-06-24 10:39:32 | INFO | each_eight_hours.py:105 | snap.exe terminated if it was running
2026-06-24 10:39:32 | INFO | my_functions.py:56 | ⏳ Esperando WebSocket de OBS...
2026-06-24 10:39:32 | INFO | baseclient.py:33 | Connecting with parameters: host='localhost' port=4455 password='' subs=0 timeout=None
2026-06-24 10:39:32 | INFO | reqs.py:23 | Successfully identified ReqClient with the server using RPC version:1
2026-06-24 10:39:32 | INFO | my_functions.py:62 | ✅ Conectado al OBS WebSocket
2026-06-24 10:39:32 | INFO | my_functions.py:78 | ⏹ Grabación ya estaba activa, deteniéndola...
2026-06-24 10:39:32 | INFO | baseclient.py:33 | Connecting with parameters: host='localhost' port=4455 password='' subs=0 timeout=None
2026-06-24 10:39:32 | INFO | reqs.py:23 | Successfully identified ReqClient with the server using RPC version:1
2026-06-24 10:39:32 | INFO | my_functions.py:93 | Record stopped.
2026-06-24 10:39:44 | INFO | my_functions.py:123 | Archivo renombrado a: C:\Users\Farm\Videos\my_functions_2026-06-24_10-39-44.mkv
2026-06-24 10:39:47 | INFO | my_functions.py:83 | 🎬 Nueva grabación iniciada
2026-06-24 10:39:47 | INFO | my_functions.py:1547 | ⏱ Esperando 0.1 segundos antes de empezar...
2026-06-24 10:39:48 | INFO | my_functions.py:1554 | 🔍 Esperando ventana que contenga alguna de: ['py', 'eight_hours'] (máx 20s)
2026-06-24 10:39:48 | INFO | my_functions.py:1566 | ✅ Ventana encontrada: 'each_eight_hours  - Acceso directo'
2026-06-24 10:39:48 | INFO | my_functions.py:1581 | ✅ Ventana seleccionada: 'each_eight_hours  - Acceso directo'
2026-06-24 10:39:50 | INFO | my_functions.py:1604 | 🔁 Reajuste #1...
2026-06-24 10:39:50 | INFO | my_functions.py:1611 | ✔ Verificación completa. Se hicieron 1 reajustes.
2026-06-24 10:39:50 | INFO | each_eight_hours.py:113 | Processing account: jeremy
2026-06-24 10:39:50 | INFO | my_functions.py:1547 | ⏱ Esperando 0.1 segundos antes de empezar...
2026-06-24 10:39:50 | INFO | my_functions.py:1554 | 🔍 Esperando ventana que contenga alguna de: ['SNAP'] (máx 20s)
2026-06-24 10:39:54 | INFO | my_functions.py:1566 | ✅ Ventana encontrada: 'SNAP'
2026-06-24 10:39:54 | INFO | my_functions.py:1581 | ✅ Ventana seleccionada: 'SNAP'
2026-06-24 10:39:56 | INFO | my_functions.py:1613 | ✔ Verificación completa. No hubo cambios después del primer ajuste.
2026-06-24 10:39:56 | INFO | my_functions.py:1206 | [DEBUG] Resizing SNAP window...
2026-06-24 10:39:56 | INFO | my_functions.py:1547 | ⏱ Esperando 0.1 segundos antes de empezar...
2026-06-24 10:39:56 | INFO | my_functions.py:1554 | 🔍 Esperando ventana que contenga alguna de: ['SNAP'] (máx 20s)
2026-06-24 10:39:56 | INFO | my_functions.py:1566 | ✅ Ventana encontrada: 'SNAP'
2026-06-24 10:39:56 | INFO | my_functions.py:1581 | ✅ Ventana seleccionada: 'SNAP'
2026-06-24 10:39:59 | INFO | my_functions.py:1613 | ✔ Verificación completa. No hubo cambios después del primer ajuste.
2026-06-24 10:39:59 | INFO | my_functions.py:247 | [DEBUG] Buscando en paralelo: ['small_submit.PNG', 'small_submit_hover.png', 'submit_hover_2.png', 'small_submit_hover_2.png'] | timeout=90s | confidence=0.8
2026-06-24 10:41:32 | INFO | my_functions.py:281 | [DEBUG] Click skipped, ninguna de las imágenes se encontró en el intento.
2026-06-24 10:41:33 | INFO | my_functions.py:169 | Searching shop_unselected.PNG (timeout=0s)
2026-06-24 10:41:34 | INFO | my_functions.py:199 | 
✅ Found: shop_unselected.PNG pos=(88, 961) time=0.74s confidence=0.8
2026-06-24 10:41:42 | INFO | my_functions.py:169 | Searching shop_unselected.PNG (timeout=0s)
2026-06-24 10:41:43 | INFO | my_functions.py:199 | 
✅ Found: shop_unselected.PNG pos=(88, 961) time=0.78s confidence=0.8
2026-06-24 10:41:43 | INFO | my_functions.py:714 | Ya esta listo
2026-06-24 10:41:43 | INFO | my_functions.py:247 | [DEBUG] Buscando en paralelo: ['nut.png'] | timeout=20s | confidence=0.8
2026-06-24 10:41:45 | INFO | my_functions.py:134 | Haciendo click en la posición (184, 78)
2026-06-24 10:41:45 | INFO | my_functions.py:269 | 🖱️ Click OK (En paralelo): nut.png at (184, 78) delay=1s
2026-06-24 10:41:46 | INFO | my_functions.py:247 | [DEBUG] Buscando en paralelo: ['graphics_quality.png'] | timeout=3s | confidence=0.8
2026-06-24 10:41:47 | INFO | my_functions.py:134 | Haciendo click en la posición (304, 644)
2026-06-24 10:41:48 | INFO | my_functions.py:269 | 🖱️ Click OK (En paralelo): graphics_quality.png at (304, 644) delay=1s
2026-06-24 10:41:50 | INFO | my_functions.py:247 | [DEBUG] Buscando en paralelo: ['sign_out.png'] | timeout=20s | confidence=0.8
2026-06-24 10:41:51 | INFO | my_functions.py:134 | Haciendo click en la posición (380, 796)
2026-06-24 10:41:52 | INFO | my_functions.py:269 | 🖱️ Click OK (En paralelo): sign_out.png at (380, 796) delay=1s
2026-06-24 10:41:54 | INFO | my_functions.py:247 | [DEBUG] Buscando en paralelo: ['sign_out_grande.png'] | timeout=20s | confidence=0.8
2026-06-24 10:41:55 | INFO | my_functions.py:134 | Haciendo click en la posición (359, 437)
2026-06-24 10:41:55 | INFO | my_functions.py:269 | 🖱️ Click OK (En paralelo): sign_out_grande.png at (359, 437) delay=1s
2026-06-24 10:41:57 | INFO | my_functions.py:247 | [DEBUG] Buscando en paralelo: ['sign_out2.png'] | timeout=20s | confidence=0.8
2026-06-24 10:41:58 | INFO | my_functions.py:134 | Haciendo click en la posición (383, 634)
2026-06-24 10:41:58 | INFO | my_functions.py:269 | 🖱️ Click OK (En paralelo): sign_out2.png at (383, 634) delay=1s
2026-06-24 10:41:59 | INFO | my_functions.py:1547 | ⏱ Esperando 0.1 segundos antes de empezar...
2026-06-24 10:42:00 | INFO | my_functions.py:1554 | 🔍 Esperando ventana que contenga alguna de: SNAP (máx 20s)
2026-06-24 10:42:00 | INFO | my_functions.py:1566 | ✅ Ventana encontrada: 'SNAP'
2026-06-24 10:42:00 | INFO | my_functions.py:1581 | ✅ Ventana seleccionada: 'SNAP'
2026-06-24 10:42:02 | INFO | my_functions.py:1604 | 🔁 Reajuste #1...
2026-06-24 10:42:04 | INFO | my_functions.py:1611 | ✔ Verificación completa. Se hicieron 1 reajustes.
2026-06-24 10:42:08 | INFO | my_functions.py:1206 | [DEBUG] Resizing SNAP window...
2026-06-24 10:42:08 | INFO | my_functions.py:1547 | ⏱ Esperando 0.1 segundos antes de empezar...
2026-06-24 10:42:08 | INFO | my_functions.py:1554 | 🔍 Esperando ventana que contenga alguna de: ['SNAP'] (máx 20s)
2026-06-24 10:42:10 | INFO | my_functions.py:1566 | ✅ Ventana encontrada: 'SNAP'
2026-06-24 10:42:10 | INFO | my_functions.py:1581 | ✅ Ventana seleccionada: 'SNAP'
2026-06-24 10:42:13 | INFO | my_functions.py:1613 | ✔ Verificación completa. No hubo cambios después del primer ajuste.
2026-06-24 10:42:13 | INFO | my_functions.py:247 | [DEBUG] Buscando en paralelo: ['small_submit.PNG', 'small_submit_hover.png', 'submit_hover_2.png', 'small_submit_hover_2.png'] | timeout=90s | confidence=0.8
2026-06-24 10:42:20 | INFO | my_functions.py:134 | Haciendo click en la posición (383, 646)
2026-06-24 10:42:20 | INFO | my_functions.py:269 | 🖱️ Click OK (En paralelo): small_submit_hover_2.png at (383, 646) delay=0.2s
2026-06-24 10:42:23 | INFO | my_functions.py:247 | [DEBUG] Buscando en paralelo: ['small_submit.PNG', 'small_submit_hover.png', 'submit_hover_2.png', 'small_submit_hover_2.png'] | timeout=20s | confidence=0.8
2026-06-24 10:42:25 | INFO | my_functions.py:134 | Haciendo click en la posición (380, 721)
2026-06-24 10:42:25 | INFO | my_functions.py:269 | 🖱️ Click OK (En paralelo): small_submit.PNG at (380, 721) delay=0.2s
2026-06-24 10:42:26 | INFO | my_functions.py:1547 | ⏱ Esperando 0.1 segundos antes de empezar...
2026-06-24 10:42:26 | INFO | my_functions.py:1554 | 🔍 Esperando ventana que contenga alguna de: ['SNAP'] (máx 20s)
2026-06-24 10:42:26 | INFO | my_functions.py:1566 | ✅ Ventana encontrada: 'SNAP'
2026-06-24 10:42:26 | INFO | my_functions.py:1581 | ✅ Ventana seleccionada: 'SNAP'
2026-06-24 10:42:28 | INFO | my_functions.py:1604 | 🔁 Reajuste #1...
2026-06-24 10:42:29 | INFO | my_functions.py:1611 | ✔ Verificación completa. Se hicieron 1 reajustes.
2026-06-24 10:42:29 | INFO | my_functions.py:169 | Searching please_sign.png (timeout=0s)
2026-06-24 10:42:30 | INFO | my_functions.py:199 | 
✅ Found: please_sign.png pos=(383, 438) time=0.53s confidence=0.8
2026-06-24 10:42:30 | INFO | my_functions.py:247 | [DEBUG] Buscando en paralelo: ['ok_btn.png'] | timeout=20s | confidence=0.8
2026-06-24 10:42:31 | INFO | my_functions.py:134 | Haciendo click en la posición (382, 634)
2026-06-24 10:42:32 | INFO | my_functions.py:269 | 🖱️ Click OK (En paralelo): ok_btn.png at (382, 634) delay=1s
2026-06-24 10:42:33 | INFO | my_functions.py:247 | [DEBUG] Buscando en paralelo: ['small_submit.PNG', 'small_submit_hover.png', 'submit_hover_2.png', 'small_submit_hover_2.png'] | timeout=30s | confidence=0.8
2026-06-24 10:42:36 | INFO | my_functions.py:134 | Haciendo click en la posición (383, 643)
2026-06-24 10:42:36 | INFO | my_functions.py:269 | 🖱️ Click OK (En paralelo): small_submit_hover_2.png at (383, 643) delay=0.2s
2026-06-24 10:42:37 | INFO | my_functions.py:247 | [DEBUG] Buscando en paralelo: ['small_submit.PNG', 'small_submit_hover.png', 'submit_hover_2.png', 'small_submit_hover_2.png'] | timeout=20s | confidence=0.8
2026-06-24 10:42:38 | INFO | my_functions.py:134 | Haciendo click en la posición (380, 721)
2026-06-24 10:42:39 | INFO | my_functions.py:269 | 🖱️ Click OK (En paralelo): small_submit.PNG at (380, 721) delay=0.2s
2026-06-24 10:42:40 | INFO | my_functions.py:247 | [DEBUG] Buscando en paralelo: ['sign_in_with_google2.PNG'] | timeout=20s | confidence=0.8
2026-06-24 10:42:41 | INFO | my_functions.py:134 | Haciendo click en la posición (406, 957)
2026-06-24 10:42:41 | INFO | my_functions.py:269 | 🖱️ Click OK (En paralelo): sign_in_with_google2.PNG at (406, 957) delay=1s
2026-06-24 10:42:43 | INFO | my_functions.py:169 | Searching pagina_cargada.png (timeout=60s)
2026-06-24 10:42:50 | INFO | my_functions.py:199 | 
✅ Found: pagina_cargada.png pos=(70, 24) time=7.03s confidence=0.8
2026-06-24 10:42:50 | INFO | my_functions.py:247 | [DEBUG] Buscando en paralelo: ['jeremy.png'] | timeout=0s | confidence=0.8
2026-06-24 10:42:50 | INFO | my_functions.py:281 | [DEBUG] Click skipped, ninguna de las imágenes se encontró en el intento.
2026-06-24 10:42:52 | INFO | my_functions.py:247 | [DEBUG] Buscando en paralelo: ['jeremy.png'] | timeout=0s | confidence=0.8
2026-06-24 10:42:56 | INFO | my_functions.py:134 | Haciendo click en la posición (1143, 645)
2026-06-24 10:42:57 | INFO | my_functions.py:269 | 🖱️ Click OK (En paralelo): jeremy.png at (1143, 645) delay=3s
2026-06-24 10:42:59 | INFO | my_functions.py:169 | Searching marvelsnap_web.png (timeout=30s)
2026-06-24 10:43:02 | INFO | my_functions.py:199 | 
✅ Found: marvelsnap_web.png pos=(258, 80) time=3.43s confidence=0.7
2026-06-24 10:43:02 | INFO | my_functions.py:247 | [DEBUG] Buscando en paralelo: ['small_submit.PNG', 'small_submit_hover.png', 'submit_hover_2.png', 'small_submit_hover_2.png'] | timeout=90s | confidence=0.8
2026-06-24 10:44:35 | INFO | my_functions.py:281 | [DEBUG] Click skipped, ninguna de las imágenes se encontró en el intento.
2026-06-24 10:44:38 | INFO | my_functions.py:247 | [DEBUG] Buscando en paralelo: ['small_submit.PNG', 'small_submit_hover.png', 'submit_hover_2.png', 'small_submit_hover_2.png'] | timeout=20s | confidence=0.8
2026-06-24 10:45:00 | INFO | my_functions.py:281 | [DEBUG] Click skipped, ninguna de las imágenes se encontró en el intento.
2026-06-24 10:45:01 | INFO | my_functions.py:1547 | ⏱ Esperando 0.1 segundos antes de empezar...
2026-06-24 10:45:01 | INFO | my_functions.py:1554 | 🔍 Esperando ventana que contenga alguna de: ['SNAP'] (máx 20s)
2026-06-24 10:45:01 | INFO | my_functions.py:1566 | ✅ Ventana encontrada: 'SNAP'
2026-06-24 10:45:01 | INFO | my_functions.py:1581 | ✅ Ventana seleccionada: 'SNAP'
2026-06-24 10:45:04 | INFO | my_functions.py:1613 | ✔ Verificación completa. No hubo cambios después del primer ajuste.
2026-06-24 10:45:04 | INFO | my_functions.py:169 | Searching please_sign.png (timeout=0s)
2026-06-24 10:45:05 | INFO | my_functions.py:213 | 
⛔ Not found: please_sign.png after 0.0s region=(0, 0, 765, 1038) confidence=0.8
2026-06-24 10:45:05 | INFO | my_functions.py:247 | [DEBUG] Buscando en paralelo: ['sign_in_with_google2.PNG'] | timeout=20s | confidence=0.8
2026-06-24 10:45:25 | INFO | my_functions.py:281 | [DEBUG] Click skipped, ninguna de las imágenes se encontró en el intento.
2026-06-24 10:45:26 | INFO | my_functions.py:169 | Searching pagina_cargada.png (timeout=60s)
2026-06-24 10:46:27 | INFO | my_functions.py:213 | 
⛔ Not found: pagina_cargada.png after 60.2s region=(0, 0, 765, 1038) confidence=0.8
2026-06-24 10:46:27 | INFO | my_functions.py:169 | Searching marvelsnap_web.png (timeout=30s)
2026-06-24 10:46:59 | INFO | my_functions.py:213 | 
⛔ Not found: marvelsnap_web.png after 30.52s region=(0, 0, 765, 1038) confidence=0.7
2026-06-24 10:46:59 | INFO | my_functions.py:169 | Searching shop_unselected.PNG (timeout=0s)
2026-06-24 10:46:59 | INFO | my_functions.py:199 | 
✅ Found: shop_unselected.PNG pos=(88, 961) time=0.71s confidence=0.8
2026-06-24 10:47:07 | INFO | my_functions.py:169 | Searching shop_unselected.PNG (timeout=0s)
2026-06-24 10:47:08 | INFO | my_functions.py:199 | 
✅ Found: shop_unselected.PNG pos=(88, 961) time=0.76s confidence=0.8
2026-06-24 10:47:08 | INFO | my_functions.py:714 | Ya esta listo
2026-06-24 10:47:12 | INFO | my_functions.py:533 | AVAILABLE: 4
2026-06-24 10:47:12 | INFO | my_functions.py:247 | [DEBUG] Buscando en paralelo: ['nut.png'] | timeout=20s | confidence=0.8
2026-06-24 10:47:14 | INFO | my_functions.py:134 | Haciendo click en la posición (184, 78)
2026-06-24 10:47:15 | INFO | my_functions.py:269 | 🖱️ Click OK (En paralelo): nut.png at (184, 78) delay=1s
2026-06-24 10:47:16 | INFO | my_functions.py:247 | [DEBUG] Buscando en paralelo: ['graphics_quality.png'] | timeout=3s | confidence=0.8
2026-06-24 10:47:17 | INFO | my_functions.py:134 | Haciendo click en la posición (304, 644)
2026-06-24 10:47:17 | INFO | my_functions.py:269 | 🖱️ Click OK (En paralelo): graphics_quality.png at (304, 644) delay=1s
2026-06-24 10:47:19 | INFO | my_functions.py:247 | [DEBUG] Buscando en paralelo: ['sign_out.png'] | timeout=20s | confidence=0.8
2026-06-24 10:47:21 | INFO | my_functions.py:134 | Haciendo click en la posición (380, 796)
2026-06-24 10:47:21 | INFO | my_functions.py:269 | 🖱️ Click OK (En paralelo): sign_out.png at (380, 796) delay=1s
2026-06-24 10:47:23 | INFO | my_functions.py:247 | [DEBUG] Buscando en paralelo: ['sign_out_grande.png'] | timeout=20s | confidence=0.8
2026-06-24 10:47:25 | INFO | my_functions.py:134 | Haciendo click en la posición (359, 437)
2026-06-24 10:47:25 | INFO | my_functions.py:269 | 🖱️ Click OK (En paralelo): sign_out_grande.png at (359, 437) delay=1s
2026-06-24 10:47:26 | INFO | my_functions.py:247 | [DEBUG] Buscando en paralelo: ['sign_out2.png'] | timeout=20s | confidence=0.8
2026-06-24 10:47:28 | INFO | my_functions.py:134 | Haciendo click en la posición (383, 634)
2026-06-24 10:47:28 | INFO | my_functions.py:269 | 🖱️ Click OK (En paralelo): sign_out2.png at (383, 634) delay=1s
2026-06-24 10:47:29 | INFO | my_functions.py:1547 | ⏱ Esperando 0.1 segundos antes de empezar...
2026-06-24 10:47:29 | INFO | my_functions.py:1554 | 🔍 Esperando ventana que contenga alguna de: SNAP (máx 20s)
2026-06-24 10:47:29 | INFO | my_functions.py:1566 | ✅ Ventana encontrada: 'SNAP'
2026-06-24 10:47:29 | INFO | my_functions.py:1581 | ✅ Ventana seleccionada: 'SNAP'
2026-06-24 10:47:31 | INFO | my_functions.py:1604 | 🔁 Reajuste #1...
2026-06-24 10:47:33 | INFO | my_functions.py:1611 | ✔ Verificación completa. Se hicieron 1 reajustes.
2026-06-24 10:47:37 | INFO | each_eight_hours.py:113 | Processing account: john
2026-06-24 10:47:38 | INFO | my_functions.py:1547 | ⏱ Esperando 0.1 segundos antes de empezar...
2026-06-24 10:47:38 | INFO | my_functions.py:1554 | 🔍 Esperando ventana que contenga alguna de: ['SNAP'] (máx 20s)
2026-06-24 10:47:40 | INFO | my_functions.py:1566 | ✅ Ventana encontrada: 'SNAP'
2026-06-24 10:47:40 | INFO | my_functions.py:1581 | ✅ Ventana seleccionada: 'SNAP'
2026-06-24 10:47:42 | INFO | my_functions.py:1613 | ✔ Verificación completa. No hubo cambios después del primer ajuste.
2026-06-24 10:47:42 | INFO | my_functions.py:1206 | [DEBUG] Resizing SNAP window...
2026-06-24 10:47:42 | INFO | my_functions.py:1547 | ⏱ Esperando 0.1 segundos antes de empezar...
2026-06-24 10:47:42 | INFO | my_functions.py:1554 | 🔍 Esperando ventana que contenga alguna de: ['SNAP'] (máx 20s)
2026-06-24 10:47:42 | INFO | my_functions.py:1566 | ✅ Ventana encontrada: 'SNAP'
2026-06-24 10:47:42 | INFO | my_functions.py:1581 | ✅ Ventana seleccionada: 'SNAP'
2026-06-24 10:47:45 | INFO | my_functions.py:1613 | ✔ Verificación completa. No hubo cambios después del primer ajuste.
2026-06-24 10:47:45 | INFO | my_functions.py:247 | [DEBUG] Buscando en paralelo: ['small_submit.PNG', 'small_submit_hover.png', 'submit_hover_2.png', 'small_submit_hover_2.png'] | timeout=90s | confidence=0.8
2026-06-24 10:47:53 | INFO | my_functions.py:134 | Haciendo click en la posición (380, 642)
2026-06-24 10:47:53 | INFO | my_functions.py:269 | 🖱️ Click OK (En paralelo): small_submit.PNG at (380, 642) delay=0.2s
2026-06-24 10:47:56 | INFO | my_functions.py:247 | [DEBUG] Buscando en paralelo: ['small_submit.PNG', 'small_submit_hover.png', 'submit_hover_2.png', 'small_submit_hover_2.png'] | timeout=20s | confidence=0.8
2026-06-24 10:47:57 | INFO | my_functions.py:134 | Haciendo click en la posición (380, 721)
2026-06-24 10:47:58 | INFO | my_functions.py:269 | 🖱️ Click OK (En paralelo): small_submit.PNG at (380, 721) delay=0.2s
2026-06-24 10:47:59 | INFO | my_functions.py:1547 | ⏱ Esperando 0.1 segundos antes de empezar...
2026-06-24 10:47:59 | INFO | my_functions.py:1554 | 🔍 Esperando ventana que contenga alguna de: ['SNAP'] (máx 20s)
2026-06-24 10:47:59 | INFO | my_functions.py:1566 | ✅ Ventana encontrada: 'SNAP'
2026-06-24 10:47:59 | INFO | my_functions.py:1581 | ✅ Ventana seleccionada: 'SNAP'
2026-06-24 10:48:01 | INFO | my_functions.py:1604 | 🔁 Reajuste #1...
2026-06-24 10:48:02 | INFO | my_functions.py:1611 | ✔ Verificación completa. Se hicieron 1 reajustes.
2026-06-24 10:48:02 | INFO | my_functions.py:169 | Searching please_sign.png (timeout=0s)
2026-06-24 10:48:02 | INFO | my_functions.py:199 | 
✅ Found: please_sign.png pos=(383, 438) time=0.46s confidence=0.8
2026-06-24 10:48:02 | INFO | my_functions.py:247 | [DEBUG] Buscando en paralelo: ['ok_btn.png'] | timeout=20s | confidence=0.8
2026-06-24 10:48:04 | INFO | my_functions.py:134 | Haciendo click en la posición (382, 634)
2026-06-24 10:48:04 | INFO | my_functions.py:269 | 🖱️ Click OK (En paralelo): ok_btn.png at (382, 634) delay=1s
2026-06-24 10:48:05 | INFO | my_functions.py:247 | [DEBUG] Buscando en paralelo: ['small_submit.PNG', 'small_submit_hover.png', 'submit_hover_2.png', 'small_submit_hover_2.png'] | timeout=30s | confidence=0.8
2026-06-24 10:48:08 | INFO | my_functions.py:134 | Haciendo click en la posición (383, 643)
2026-06-24 10:48:09 | INFO | my_functions.py:269 | 🖱️ Click OK (En paralelo): small_submit_hover_2.png at (383, 643) delay=0.2s
2026-06-24 10:48:10 | INFO | my_functions.py:247 | [DEBUG] Buscando en paralelo: ['small_submit.PNG', 'small_submit_hover.png', 'submit_hover_2.png', 'small_submit_hover_2.png'] | timeout=20s | confidence=0.8
2026-06-24 10:48:11 | INFO | my_functions.py:134 | Haciendo click en la posición (380, 721)
2026-06-24 10:48:11 | INFO | my_functions.py:269 | 🖱️ Click OK (En paralelo): small_submit.PNG at (380, 721) delay=0.2s
2026-06-24 10:48:13 | INFO | my_functions.py:247 | [DEBUG] Buscando en paralelo: ['sign_in_with_google2.PNG'] | timeout=20s | confidence=0.8
2026-06-24 10:48:14 | INFO | my_functions.py:134 | Haciendo click en la posición (406, 957)
2026-06-24 10:48:14 | INFO | my_functions.py:269 | 🖱️ Click OK (En paralelo): sign_in_with_google2.PNG at (406, 957) delay=1s
2026-06-24 10:48:15 | INFO | my_functions.py:169 | Searching pagina_cargada.png (timeout=60s)
2026-06-24 10:48:21 | INFO | my_functions.py:199 | 
✅ Found: pagina_cargada.png pos=(70, 24) time=5.6s confidence=0.8
2026-06-24 10:48:21 | INFO | my_functions.py:247 | [DEBUG] Buscando en paralelo: ['john.png'] | timeout=0s | confidence=0.8
2026-06-24 10:48:25 | INFO | my_functions.py:134 | Haciendo click en la posición (1143, 619)
2026-06-24 10:48:25 | INFO | my_functions.py:269 | 🖱️ Click OK (En paralelo): john.png at (1143, 619) delay=3s
2026-06-24 10:48:26 | INFO | my_functions.py:169 | Searching marvelsnap_web.png (timeout=30s)
2026-06-24 10:48:31 | INFO | my_functions.py:199 | 
✅ Found: marvelsnap_web.png pos=(258, 80) time=4.89s confidence=0.7
2026-06-24 10:48:31 | INFO | my_functions.py:169 | Searching shop_unselected.PNG (timeout=0s)
2026-06-24 10:48:32 | INFO | my_functions.py:213 | 
⛔ Not found: shop_unselected.PNG after 0.0s region=(0, 0, 765, 1038) confidence=0.8
2026-06-24 10:48:32 | INFO | my_functions.py:247 | [DEBUG] Buscando en paralelo: ['super_premium.PNG'] | timeout=0s | confidence=0.8
2026-06-24 10:48:33 | INFO | my_functions.py:281 | [DEBUG] Click skipped, ninguna de las imágenes se encontró en el intento.
2026-06-24 10:48:34 | INFO | my_functions.py:247 | [DEBUG] Buscando en paralelo: ['maybe_later.PNG'] | timeout=0s | confidence=0.8
2026-06-24 10:48:34 | INFO | my_functions.py:281 | [DEBUG] Click skipped, ninguna de las imágenes se encontró en el intento.
2026-06-24 10:48:35 | INFO | my_functions.py:247 | [DEBUG] Buscando en paralelo: ['maybe_later2.PNG'] | timeout=0s | confidence=0.8
2026-06-24 10:48:36 | INFO | my_functions.py:281 | [DEBUG] Click skipped, ninguna de las imágenes se encontró en el intento.
2026-06-24 10:48:37 | INFO | my_functions.py:169 | Searching go_to_shop.PNG (timeout=0s)
2026-06-24 10:48:38 | INFO | my_functions.py:213 | 
⛔ Not found: go_to_shop.PNG after 0.0s region=(0, 0, 765, 1038) confidence=0.8
2026-06-24 10:48:38 | INFO | my_functions.py:247 | [DEBUG] Buscando en paralelo: ['14_days_of_winterverse.PNG'] | timeout=0s | confidence=0.8
2026-06-24 10:48:38 | INFO | my_functions.py:281 | [DEBUG] Click skipped, ninguna de las imágenes se encontró en el intento.
2026-06-24 10:48:39 | INFO | my_functions.py:169 | Searching welcome_back_calendar.PNG (timeout=0s)
2026-06-24 10:48:40 | INFO | my_functions.py:213 | 
⛔ Not found: welcome_back_calendar.PNG after 0.0s region=(0, 0, 765, 1038) confidence=0.8
2026-06-24 10:48:40 | INFO | my_functions.py:247 | [DEBUG] Buscando en paralelo: ['start_the_countdown.PNG'] | timeout=0s | confidence=0.8
2026-06-24 10:48:40 | INFO | my_functions.py:281 | [DEBUG] Click skipped, ninguna de las imágenes se encontró en el intento.
2026-06-24 10:48:41 | INFO | my_functions.py:247 | [DEBUG] Buscando en paralelo: ['event_has_ended_sanctum.PNG'] | timeout=0s | confidence=0.8
2026-06-24 10:48:42 | INFO | my_functions.py:281 | [DEBUG] Click skipped, ninguna de las imágenes se encontró en el intento.
2026-06-24 10:48:43 | INFO | my_functions.py:247 | [DEBUG] Buscando en paralelo: ['event_has_ended_teamclash.PNG'] | timeout=0s | confidence=0.8
2026-06-24 10:48:44 | INFO | my_functions.py:281 | [DEBUG] Click skipped, ninguna de las imágenes se encontró en el intento.
2026-06-24 10:48:45 | INFO | my_functions.py:247 | [DEBUG] Buscando en paralelo: ['image_part_of_event_grand_arena_finished.PNG'] | timeout=0s | confidence=0.8
2026-06-24 10:48:45 | INFO | my_functions.py:281 | [DEBUG] Click skipped, ninguna de las imágenes se encontró en el intento.
2026-06-24 10:48:46 | INFO | my_functions.py:169 | Searching 28_day_event_login_rewards.PNG (timeout=0s)
2026-06-24 10:48:47 | INFO | my_functions.py:213 | 
⛔ Not found: 28_day_event_login_rewards.PNG after 0.0s region=(0, 0, 765, 1038) confidence=0.8
2026-06-24 10:48:47 | INFO | my_functions.py:169 | Searching 7_day_event_login.PNG (timeout=0s)
2026-06-24 10:48:48 | INFO | my_functions.py:213 | 
⛔ Not found: 7_day_event_login.PNG after 0.0s region=(0, 0, 765, 1038) confidence=0.8
2026-06-24 10:48:48 | INFO | my_functions.py:169 | Searching 14_days_event.PNG (timeout=0s)
2026-06-24 10:48:48 | INFO | my_functions.py:213 | 
⛔ Not found: 14_days_event.PNG after 0.0s region=(0, 0, 765, 1038) confidence=0.8
2026-06-24 10:48:48 | INFO | my_functions.py:247 | [DEBUG] Buscando en paralelo: ['lets_go.PNG'] | timeout=0s | confidence=0.8
2026-06-24 10:48:49 | INFO | my_functions.py:281 | [DEBUG] Click skipped, ninguna de las imágenes se encontró en el intento.
2026-06-24 10:48:51 | INFO | my_functions.py:169 | Searching shop_unselected.PNG (timeout=0s)
2026-06-24 10:48:51 | INFO | my_functions.py:199 | 
✅ Found: shop_unselected.PNG pos=(88, 961) time=0.73s confidence=0.8
2026-06-24 10:48:59 | INFO | my_functions.py:169 | Searching shop_unselected.PNG (timeout=0s)
2026-06-24 10:49:00 | INFO | my_functions.py:199 | 
✅ Found: shop_unselected.PNG pos=(88, 961) time=0.7s confidence=0.8
2026-06-24 10:49:00 | INFO | my_functions.py:714 | Ya esta listo
2026-06-24 10:49:04 | INFO | my_functions.py:533 | AVAILABLE: 6
2026-06-24 10:49:04 | INFO | my_functions.py:555 | Misiones completadas: 0
2026-06-24 10:49:04 | INFO | my_functions.py:169 | Searching play.PNG (timeout=0s)
2026-06-24 10:49:05 | INFO | my_functions.py:199 | 
✅ Found: play.PNG pos=(384, 824) time=0.63s confidence=0.8
2026-06-24 10:49:05 | INFO | my_functions.py:1442 | [INFO] Click realizado donde se equipa el deck a jugar
2026-06-24 10:49:09 | INFO | my_functions.py:247 | [DEBUG] Buscando en paralelo: ['deck_666666.png'] | timeout=3s | confidence=0.8
2026-06-24 10:49:11 | INFO | my_functions.py:134 | Haciendo click en la posición (384, 546)
2026-06-24 10:49:11 | INFO | my_functions.py:269 | 🖱️ Click OK (En paralelo): deck_666666.png at (384, 546) delay=1s
2026-06-24 10:49:12 | INFO | my_functions.py:247 | [DEBUG] Buscando en paralelo: ['equip.png'] | timeout=3s | confidence=0.95
2026-06-24 10:49:14 | INFO | my_functions.py:134 | Haciendo click en la posición (548, 983)
2026-06-24 10:49:14 | INFO | my_functions.py:269 | 🖱️ Click OK (En paralelo): equip.png at (548, 983) delay=1s
2026-06-24 10:49:15 | INFO | each_eight_hours.py:134 | Deck selected: 6turns
2026-06-24 10:49:15 | INFO | my_functions.py:247 | [DEBUG] Buscando en paralelo: ['maybe_later.PNG'] | timeout=2s | confidence=0.8
2026-06-24 10:49:18 | INFO | my_functions.py:281 | [DEBUG] Click skipped, ninguna de las imágenes se encontró en el intento.
2026-06-24 10:49:19 | INFO | my_functions.py:247 | [DEBUG] Buscando en paralelo: ['maybe_later2.PNG'] | timeout=0.01s | confidence=0.8
2026-06-24 10:49:19 | INFO | my_functions.py:281 | [DEBUG] Click skipped, ninguna de las imágenes se encontró en el intento.
2026-06-24 10:49:20 | INFO | each_eight_hours.py:148 | Starting game loop 1
2026-06-24 10:49:20 | INFO | my_functions.py:247 | [DEBUG] Buscando en paralelo: ['play.PNG'] | timeout=20s | confidence=0.8
2026-06-24 10:49:24 | INFO | my_functions.py:134 | Haciendo click en la posición (384, 824)
2026-06-24 10:49:24 | INFO | my_functions.py:269 | 🖱️ Click OK (En paralelo): play.PNG at (384, 824) delay=3s
2026-06-24 10:49:46 | INFO | my_functions.py:199 | 
✅ Found: end_turn.PNG pos=(681, 945) time=0.66s confidence=0.8
2026-06-24 10:49:46 | INFO | my_functions.py:247 | [DEBUG] Buscando en paralelo: ['snap.PNG'] | timeout=0s | confidence=0.8
2026-06-24 10:49:48 | INFO | my_functions.py:134 | Haciendo click en la posición (386, 122)
2026-06-24 10:49:48 | INFO | my_functions.py:269 | 🖱️ Click OK (En paralelo): snap.PNG at (386, 122) delay=1s
2026-06-24 10:49:54 | INFO | my_functions.py:247 | [DEBUG] Buscando en paralelo: ['end_turn.PNG'] | timeout=0s | confidence=0.8
2026-06-24 10:49:56 | INFO | my_functions.py:134 | Haciendo click en la posición (682, 946)
2026-06-24 10:49:56 | INFO | my_functions.py:269 | 🖱️ Click OK (En paralelo): end_turn.PNG at (682, 946) delay=1s
2026-06-24 10:49:57 | INFO | each_eight_hours.py:165 | End turn executed
2026-06-24 10:50:07 | INFO | my_functions.py:199 | 
✅ Found: end_turn.PNG pos=(681, 945) time=0.66s confidence=0.8
2026-06-24 10:50:07 | INFO | my_functions.py:247 | [DEBUG] Buscando en paralelo: ['snap.PNG'] | timeout=0s | confidence=0.8
2026-06-24 10:50:08 | INFO | my_functions.py:281 | [DEBUG] Click skipped, ninguna de las imágenes se encontró en el intento.
2026-06-24 10:50:14 | INFO | my_functions.py:247 | [DEBUG] Buscando en paralelo: ['end_turn.PNG'] | timeout=0s | confidence=0.8
2026-06-24 10:50:15 | INFO | my_functions.py:134 | Haciendo click en la posición (682, 945)
2026-06-24 10:50:16 | INFO | my_functions.py:269 | 🖱️ Click OK (En paralelo): end_turn.PNG at (682, 945) delay=1s
2026-06-24 10:50:17 | INFO | each_eight_hours.py:165 | End turn executed
2026-06-24 10:50:33 | INFO | my_functions.py:199 | 
✅ Found: end_turn.PNG pos=(681, 945) time=0.65s confidence=0.8
2026-06-24 10:50:33 | INFO | my_functions.py:247 | [DEBUG] Buscando en paralelo: ['snap.PNG'] | timeout=0s | confidence=0.8
2026-06-24 10:50:34 | INFO | my_functions.py:281 | [DEBUG] Click skipped, ninguna de las imágenes se encontró en el intento.
2026-06-24 10:50:40 | INFO | my_functions.py:247 | [DEBUG] Buscando en paralelo: ['end_turn.PNG'] | timeout=0s | confidence=0.8
2026-06-24 10:50:41 | INFO | my_functions.py:134 | Haciendo click en la posición (682, 945)
2026-06-24 10:50:42 | INFO | my_functions.py:269 | 🖱️ Click OK (En paralelo): end_turn.PNG at (682, 945) delay=1s
2026-06-24 10:50:43 | INFO | each_eight_hours.py:165 | End turn executed
2026-06-24 10:50:59 | INFO | my_functions.py:199 | 
✅ Found: end_turn.PNG pos=(681, 945) time=0.64s confidence=0.8
2026-06-24 10:50:59 | INFO | my_functions.py:247 | [DEBUG] Buscando en paralelo: ['snap.PNG'] | timeout=0s | confidence=0.8
2026-06-24 10:51:00 | INFO | my_functions.py:281 | [DEBUG] Click skipped, ninguna de las imágenes se encontró en el intento.
2026-06-24 10:51:06 | INFO | my_functions.py:247 | [DEBUG] Buscando en paralelo: ['end_turn.PNG'] | timeout=0s | confidence=0.8
2026-06-24 10:51:07 | INFO | my_functions.py:134 | Haciendo click en la posición (682, 945)
2026-06-24 10:51:08 | INFO | my_functions.py:269 | 🖱️ Click OK (En paralelo): end_turn.PNG at (682, 945) delay=1s
2026-06-24 10:51:09 | INFO | each_eight_hours.py:165 | End turn executed
2026-06-24 10:51:38 | INFO | my_functions.py:199 | 
✅ Found: end_turn.PNG pos=(681, 945) time=0.66s confidence=0.8
2026-06-24 10:51:38 | INFO | my_functions.py:247 | [DEBUG] Buscando en paralelo: ['snap.PNG'] | timeout=0s | confidence=0.8
2026-06-24 10:51:39 | INFO | my_functions.py:281 | [DEBUG] Click skipped, ninguna de las imágenes se encontró en el intento.
2026-06-24 10:51:45 | INFO | my_functions.py:247 | [DEBUG] Buscando en paralelo: ['end_turn.PNG'] | timeout=0s | confidence=0.8
2026-06-24 10:51:46 | INFO | my_functions.py:134 | Haciendo click en la posición (682, 945)
2026-06-24 10:51:47 | INFO | my_functions.py:269 | 🖱️ Click OK (En paralelo): end_turn.PNG at (682, 945) delay=1s
2026-06-24 10:51:48 | INFO | each_eight_hours.py:165 | End turn executed
2026-06-24 10:52:01 | INFO | my_functions.py:199 | 
✅ Found: end_turn.PNG pos=(681, 945) time=0.65s confidence=0.8
2026-06-24 10:52:01 | INFO | my_functions.py:247 | [DEBUG] Buscando en paralelo: ['snap.PNG'] | timeout=0s | confidence=0.8
2026-06-24 10:52:02 | INFO | my_functions.py:281 | [DEBUG] Click skipped, ninguna de las imágenes se encontró en el intento.
2026-06-24 10:52:08 | INFO | my_functions.py:247 | [DEBUG] Buscando en paralelo: ['end_turn.PNG'] | timeout=0s | confidence=0.8
2026-06-24 10:52:09 | INFO | my_functions.py:134 | Haciendo click en la posición (681, 945)
2026-06-24 10:52:10 | INFO | my_functions.py:269 | 🖱️ Click OK (En paralelo): end_turn.PNG at (681, 945) delay=1s
2026-06-24 10:52:11 | INFO | each_eight_hours.py:165 | End turn executed
2026-06-24 10:52:39 | INFO | my_functions.py:199 | 
✅ Found: collect_rewards.PNG pos=(679, 957) time=0.78s confidence=0.8
2026-06-24 10:52:39 | INFO | each_eight_hours.py:204 | Rewards detected, exiting match
2026-06-24 10:52:39 | INFO | my_functions.py:247 | [DEBUG] Buscando en paralelo: ['collect_rewards.PNG'] | timeout=20s | confidence=0.8
2026-06-24 10:52:41 | INFO | my_functions.py:134 | Haciendo click en la posición (679, 957)
2026-06-24 10:52:41 | INFO | my_functions.py:269 | 🖱️ Click OK (En paralelo): collect_rewards.PNG at (679, 957) delay=1s
2026-06-24 10:52:42 | INFO | my_functions.py:247 | [DEBUG] Buscando en paralelo: ['next.PNG'] | timeout=20s | confidence=0.8
2026-06-24 10:52:48 | INFO | my_functions.py:134 | Haciendo click en la posición (677, 973)
2026-06-24 10:52:48 | INFO | my_functions.py:269 | 🖱️ Click OK (En paralelo): next.PNG at (677, 973) delay=1s
2026-06-24 10:52:52 | INFO | my_functions.py:533 | AVAILABLE: 6
2026-06-24 10:52:52 | INFO | each_eight_hours.py:271 | Submissions after match: 6
2026-06-24 10:52:52 | INFO | my_functions.py:555 | Misiones completadas: 1
2026-06-24 10:52:52 | INFO | each_eight_hours.py:148 | Starting game loop 2
2026-06-24 10:52:52 | INFO | my_functions.py:247 | [DEBUG] Buscando en paralelo: ['play.PNG'] | timeout=20s | confidence=0.8
2026-06-24 10:52:55 | INFO | my_functions.py:134 | Haciendo click en la posición (384, 824)
2026-06-24 10:52:55 | INFO | my_functions.py:269 | 🖱️ Click OK (En paralelo): play.PNG at (384, 824) delay=3s
2026-06-24 10:53:23 | INFO | my_functions.py:199 | 
✅ Found: end_turn.PNG pos=(681, 945) time=0.63s confidence=0.8
2026-06-24 10:53:23 | INFO | my_functions.py:247 | [DEBUG] Buscando en paralelo: ['snap.PNG'] | timeout=0s | confidence=0.8
2026-06-24 10:53:25 | INFO | my_functions.py:134 | Haciendo click en la posición (386, 123)
2026-06-24 10:53:25 | INFO | my_functions.py:269 | 🖱️ Click OK (En paralelo): snap.PNG at (386, 123) delay=1s
2026-06-24 10:53:31 | INFO | my_functions.py:247 | [DEBUG] Buscando en paralelo: ['end_turn.PNG'] | timeout=0s | confidence=0.8
2026-06-24 10:53:33 | INFO | my_functions.py:134 | Haciendo click en la posición (682, 946)
2026-06-24 10:53:33 | INFO | my_functions.py:269 | 🖱️ Click OK (En paralelo): end_turn.PNG at (682, 946) delay=1s
2026-06-24 10:53:34 | INFO | each_eight_hours.py:165 | End turn executed
2026-06-24 10:53:56 | INFO | my_functions.py:199 | 
✅ Found: end_turn.PNG pos=(681, 945) time=0.68s confidence=0.8
2026-06-24 10:53:56 | INFO | my_functions.py:247 | [DEBUG] Buscando en paralelo: ['snap.PNG'] | timeout=0s | confidence=0.8
2026-06-24 10:53:57 | INFO | my_functions.py:281 | [DEBUG] Click skipped, ninguna de las imágenes se encontró en el intento.
2026-06-24 10:54:03 | INFO | my_functions.py:247 | [DEBUG] Buscando en paralelo: ['end_turn.PNG'] | timeout=0s | confidence=0.8
2026-06-24 10:54:05 | INFO | my_functions.py:134 | Haciendo click en la posición (682, 946)
2026-06-24 10:54:05 | INFO | my_functions.py:269 | 🖱️ Click OK (En paralelo): end_turn.PNG at (682, 946) delay=1s
2026-06-24 10:54:06 | INFO | each_eight_hours.py:165 | End turn executed
2026-06-24 10:54:16 | INFO | my_functions.py:199 | 
✅ Found: end_turn.PNG pos=(681, 945) time=0.66s confidence=0.8
2026-06-24 10:54:16 | INFO | my_functions.py:247 | [DEBUG] Buscando en paralelo: ['snap.PNG'] | timeout=0s | confidence=0.8
2026-06-24 10:54:17 | INFO | my_functions.py:281 | [DEBUG] Click skipped, ninguna de las imágenes se encontró en el intento.
2026-06-24 10:54:23 | INFO | my_functions.py:247 | [DEBUG] Buscando en paralelo: ['end_turn.PNG'] | timeout=0s | confidence=0.8
2026-06-24 10:54:25 | INFO | my_functions.py:134 | Haciendo click en la posición (682, 945)
2026-06-24 10:54:25 | INFO | my_functions.py:269 | 🖱️ Click OK (En paralelo): end_turn.PNG at (682, 945) delay=1s
2026-06-24 10:54:26 | INFO | each_eight_hours.py:165 | End turn executed
2026-06-24 10:54:39 | INFO | my_functions.py:199 | 
✅ Found: end_turn.PNG pos=(681, 945) time=0.67s confidence=0.8
2026-06-24 10:54:39 | INFO | my_functions.py:247 | [DEBUG] Buscando en paralelo: ['snap.PNG'] | timeout=0s | confidence=0.8
2026-06-24 10:54:39 | INFO | my_functions.py:281 | [DEBUG] Click skipped, ninguna de las imágenes se encontró en el intento.
2026-06-24 10:54:45 | INFO | my_functions.py:247 | [DEBUG] Buscando en paralelo: ['end_turn.PNG'] | timeout=0s | confidence=0.8
2026-06-24 10:54:47 | INFO | my_functions.py:134 | Haciendo click en la posición (682, 945)
2026-06-24 10:54:47 | INFO | my_functions.py:269 | 🖱️ Click OK (En paralelo): end_turn.PNG at (682, 945) delay=1s
2026-06-24 10:54:48 | INFO | each_eight_hours.py:165 | End turn executed
2026-06-24 10:55:04 | INFO | my_functions.py:199 | 
✅ Found: end_turn.PNG pos=(681, 945) time=0.65s confidence=0.8
2026-06-24 10:55:04 | INFO | my_functions.py:247 | [DEBUG] Buscando en paralelo: ['snap.PNG'] | timeout=0s | confidence=0.8
2026-06-24 10:55:05 | INFO | my_functions.py:281 | [DEBUG] Click skipped, ninguna de las imágenes se encontró en el intento.
2026-06-24 10:55:11 | INFO | my_functions.py:247 | [DEBUG] Buscando en paralelo: ['end_turn.PNG'] | timeout=0s | confidence=0.8
2026-06-24 10:55:13 | INFO | my_functions.py:134 | Haciendo click en la posición (682, 945)
2026-06-24 10:55:13 | INFO | my_functions.py:269 | 🖱️ Click OK (En paralelo): end_turn.PNG at (682, 945) delay=1s
2026-06-24 10:55:14 | INFO | each_eight_hours.py:165 | End turn executed
2026-06-24 10:55:37 | INFO | my_functions.py:199 | 
✅ Found: end_turn.PNG pos=(681, 945) time=0.65s confidence=0.8
2026-06-24 10:55:37 | INFO | my_functions.py:247 | [DEBUG] Buscando en paralelo: ['snap.PNG'] | timeout=0s | confidence=0.8
2026-06-24 10:55:38 | INFO | my_functions.py:281 | [DEBUG] Click skipped, ninguna de las imágenes se encontró en el intento.
2026-06-24 10:55:44 | INFO | my_functions.py:247 | [DEBUG] Buscando en paralelo: ['end_turn.PNG'] | timeout=0s | confidence=0.8
2026-06-24 10:55:45 | INFO | my_functions.py:134 | Haciendo click en la posición (682, 945)
2026-06-24 10:55:46 | INFO | my_functions.py:269 | 🖱️ Click OK (En paralelo): end_turn.PNG at (682, 945) delay=1s
2026-06-24 10:55:47 | INFO | each_eight_hours.py:165 | End turn executed
2026-06-24 10:55:53 | INFO | my_functions.py:199 | 
✅ Found: collect_rewards.PNG pos=(679, 968) time=0.77s confidence=0.8
2026-06-24 10:55:53 | INFO | each_eight_hours.py:204 | Rewards detected, exiting match
2026-06-24 10:55:53 | INFO | my_functions.py:247 | [DEBUG] Buscando en paralelo: ['collect_rewards.PNG'] | timeout=20s | confidence=0.8
2026-06-24 10:55:54 | INFO | my_functions.py:134 | Haciendo click en la posición (679, 957)
2026-06-24 10:55:55 | INFO | my_functions.py:269 | 🖱️ Click OK (En paralelo): collect_rewards.PNG at (679, 957) delay=1s
2026-06-24 10:55:56 | INFO | my_functions.py:247 | [DEBUG] Buscando en paralelo: ['next.PNG'] | timeout=20s | confidence=0.8
2026-06-24 10:56:02 | INFO | my_functions.py:134 | Haciendo click en la posición (677, 973)
2026-06-24 10:56:02 | INFO | my_functions.py:269 | 🖱️ Click OK (En paralelo): next.PNG at (677, 973) delay=1s
2026-06-24 10:56:05 | INFO | my_functions.py:533 | AVAILABLE: 6
2026-06-24 10:56:05 | INFO | each_eight_hours.py:271 | Submissions after match: 6
2026-06-24 10:56:05 | INFO | my_functions.py:555 | Misiones completadas: 1
2026-06-24 10:56:05 | INFO | each_eight_hours.py:148 | Starting game loop 3
2026-06-24 10:56:05 | INFO | my_functions.py:247 | [DEBUG] Buscando en paralelo: ['play.PNG'] | timeout=20s | confidence=0.8
2026-06-24 10:56:08 | INFO | my_functions.py:134 | Haciendo click en la posición (384, 824)
2026-06-24 10:56:09 | INFO | my_functions.py:269 | 🖱️ Click OK (En paralelo): play.PNG at (384, 824) delay=3s
2026-06-24 10:56:28 | INFO | my_functions.py:199 | 
✅ Found: end_turn.PNG pos=(681, 945) time=0.65s confidence=0.8
2026-06-24 10:56:28 | INFO | my_functions.py:247 | [DEBUG] Buscando en paralelo: ['snap.PNG'] | timeout=0s | confidence=0.8
2026-06-24 10:56:30 | INFO | my_functions.py:134 | Haciendo click en la posición (386, 123)
2026-06-24 10:56:30 | INFO | my_functions.py:269 | 🖱️ Click OK (En paralelo): snap.PNG at (386, 123) delay=1s
2026-06-24 10:56:36 | INFO | my_functions.py:247 | [DEBUG] Buscando en paralelo: ['end_turn.PNG'] | timeout=0s | confidence=0.8
2026-06-24 10:56:38 | INFO | my_functions.py:134 | Haciendo click en la posición (682, 946)
2026-06-24 10:56:38 | INFO | my_functions.py:269 | 🖱️ Click OK (En paralelo): end_turn.PNG at (682, 946) delay=1s
2026-06-24 10:56:39 | INFO | each_eight_hours.py:165 | End turn executed
2026-06-24 10:56:55 | INFO | my_functions.py:199 | 
✅ Found: end_turn.PNG pos=(681, 945) time=0.64s confidence=0.8
2026-06-24 10:56:55 | INFO | my_functions.py:247 | [DEBUG] Buscando en paralelo: ['snap.PNG'] | timeout=0s | confidence=0.8
2026-06-24 10:56:55 | INFO | my_functions.py:281 | [DEBUG] Click skipped, ninguna de las imágenes se encontró en el intento.
2026-06-24 10:57:02 | INFO | my_functions.py:247 | [DEBUG] Buscando en paralelo: ['end_turn.PNG'] | timeout=0s | confidence=0.8
2026-06-24 10:57:04 | INFO | my_functions.py:134 | Haciendo click en la posición (682, 945)
2026-06-24 10:57:04 | INFO | my_functions.py:269 | 🖱️ Click OK (En paralelo): end_turn.PNG at (682, 945) delay=1s
2026-06-24 10:57:05 | INFO | each_eight_hours.py:165 | End turn executed
2026-06-24 10:57:19 | INFO | my_functions.py:199 | 
✅ Found: end_turn.PNG pos=(681, 945) time=0.68s confidence=0.8
2026-06-24 10:57:19 | INFO | my_functions.py:247 | [DEBUG] Buscando en paralelo: ['snap.PNG'] | timeout=0s | confidence=0.8
2026-06-24 10:57:20 | INFO | my_functions.py:281 | [DEBUG] Click skipped, ninguna de las imágenes se encontró en el intento.
2026-06-24 10:57:26 | INFO | my_functions.py:247 | [DEBUG] Buscando en paralelo: ['end_turn.PNG'] | timeout=0s | confidence=0.8
2026-06-24 10:57:27 | INFO | my_functions.py:134 | Haciendo click en la posición (682, 945)
2026-06-24 10:57:28 | INFO | my_functions.py:269 | 🖱️ Click OK (En paralelo): end_turn.PNG at (682, 945) delay=1s
2026-06-24 10:57:29 | INFO | each_eight_hours.py:165 | End turn executed
2026-06-24 10:57:42 | INFO | my_functions.py:199 | 
✅ Found: end_turn.PNG pos=(681, 945) time=0.66s confidence=0.8
2026-06-24 10:57:42 | INFO | my_functions.py:247 | [DEBUG] Buscando en paralelo: ['snap.PNG'] | timeout=0s | confidence=0.8
2026-06-24 10:57:43 | INFO | my_functions.py:281 | [DEBUG] Click skipped, ninguna de las imágenes se encontró en el intento.
2026-06-24 10:57:49 | INFO | my_functions.py:247 | [DEBUG] Buscando en paralelo: ['end_turn.PNG'] | timeout=0s | confidence=0.8
2026-06-24 10:57:50 | INFO | my_functions.py:134 | Haciendo click en la posición (682, 945)
2026-06-24 10:57:51 | INFO | my_functions.py:269 | 🖱️ Click OK (En paralelo): end_turn.PNG at (682, 945) delay=1s
2026-06-24 10:57:52 | INFO | each_eight_hours.py:165 | End turn executed
2026-06-24 10:58:08 | INFO | my_functions.py:199 | 
✅ Found: end_turn.PNG pos=(681, 945) time=0.75s confidence=0.8
2026-06-24 10:58:08 | INFO | my_functions.py:247 | [DEBUG] Buscando en paralelo: ['snap.PNG'] | timeout=0s | confidence=0.8
2026-06-24 10:58:09 | INFO | my_functions.py:281 | [DEBUG] Click skipped, ninguna de las imágenes se encontró en el intento.
2026-06-24 10:58:15 | INFO | my_functions.py:247 | [DEBUG] Buscando en paralelo: ['end_turn.PNG'] | timeout=0s | confidence=0.8
2026-06-24 10:58:17 | INFO | my_functions.py:134 | Haciendo click en la posición (682, 945)
2026-06-24 10:58:17 | INFO | my_functions.py:269 | 🖱️ Click OK (En paralelo): end_turn.PNG at (682, 945) delay=1s
2026-06-24 10:58:18 | INFO | each_eight_hours.py:165 | End turn executed
2026-06-24 10:58:38 | INFO | my_functions.py:199 | 
✅ Found: end_turn.PNG pos=(681, 945) time=0.75s confidence=0.8
2026-06-24 10:58:38 | INFO | my_functions.py:247 | [DEBUG] Buscando en paralelo: ['snap.PNG'] | timeout=0s | confidence=0.8
2026-06-24 10:58:39 | INFO | my_functions.py:281 | [DEBUG] Click skipped, ninguna de las imágenes se encontró en el intento.
2026-06-24 10:58:46 | INFO | my_functions.py:247 | [DEBUG] Buscando en paralelo: ['end_turn.PNG'] | timeout=0s | confidence=0.8
2026-06-24 10:58:47 | INFO | my_functions.py:134 | Haciendo click en la posición (682, 945)
2026-06-24 10:58:48 | INFO | my_functions.py:269 | 🖱️ Click OK (En paralelo): end_turn.PNG at (682, 945) delay=1s
2026-06-24 10:58:49 | INFO | each_eight_hours.py:165 | End turn executed
2026-06-24 10:59:05 | INFO | my_functions.py:199 | 
✅ Found: collect_rewards.PNG pos=(679, 957) time=0.77s confidence=0.8
2026-06-24 10:59:05 | INFO | each_eight_hours.py:204 | Rewards detected, exiting match
2026-06-24 10:59:05 | INFO | my_functions.py:247 | [DEBUG] Buscando en paralelo: ['collect_rewards.PNG'] | timeout=20s | confidence=0.8
2026-06-24 10:59:07 | INFO | my_functions.py:134 | Haciendo click en la posición (679, 957)
2026-06-24 10:59:07 | INFO | my_functions.py:269 | 🖱️ Click OK (En paralelo): collect_rewards.PNG at (679, 957) delay=1s
2026-06-24 10:59:09 | INFO | my_functions.py:247 | [DEBUG] Buscando en paralelo: ['next.PNG'] | timeout=20s | confidence=0.8
2026-06-24 10:59:14 | INFO | my_functions.py:134 | Haciendo click en la posición (677, 973)
2026-06-24 10:59:14 | INFO | my_functions.py:269 | 🖱️ Click OK (En paralelo): next.PNG at (677, 973) delay=1s
2026-06-24 10:59:17 | INFO | my_functions.py:533 | AVAILABLE: 6
2026-06-24 10:59:17 | INFO | each_eight_hours.py:271 | Submissions after match: 6
2026-06-24 10:59:17 | INFO | my_functions.py:555 | Misiones completadas: 2
2026-06-24 10:59:17 | INFO | each_eight_hours.py:275 | Submission condition met, breaking loop
2026-06-24 10:59:17 | INFO | my_functions.py:247 | [DEBUG] Buscando en paralelo: ['missionsNotify2.png'] | timeout=20s | confidence=0.8
2026-06-24 10:59:21 | INFO | my_functions.py:134 | Haciendo click en la posición (537, 125)
2026-06-24 10:59:21 | INFO | my_functions.py:269 | 🖱️ Click OK (En paralelo): missionsNotify2.png at (537, 125) delay=3s
2026-06-24 10:59:22 | INFO | my_functions.py:1472 | [INFO] Iniciando click_missions_blue2
2026-06-24 10:59:22 | INFO | my_functions.py:134 | Haciendo click en la posición (150, 132)
2026-06-24 10:59:23 | INFO | my_functions.py:1475 | [ACTION] Click hecho en icono de calendario que me dirige a las misiones ordinarias
2026-06-24 10:59:23 | INFO | my_functions.py:169 | Searching bonus_challenge.png (timeout=0s)
2026-06-24 10:59:24 | INFO | my_functions.py:213 | 
⛔ Not found: bonus_challenge.png after 0.0s region=(0, 0, 765, 1038) confidence=0.8
2026-06-24 10:59:26 | INFO | my_functions.py:134 | Haciendo click en la posición (362, 493)
2026-06-24 10:59:27 | INFO | my_functions.py:1488 | [ACTION] Click 1/2 en misión azul
2026-06-24 10:59:28 | INFO | my_functions.py:134 | Haciendo click en la posición (362, 493)
2026-06-24 10:59:29 | INFO | my_functions.py:1488 | [ACTION] Click 2/2 en misión azul
2026-06-24 10:59:29 | INFO | my_functions.py:169 | Searching flechita_mission.PNG (timeout=0s)
2026-06-24 10:59:30 | INFO | my_functions.py:213 | 
⛔ Not found: flechita_mission.PNG after 0.0s region=(0, 0, 765, 1038) confidence=0.8
2026-06-24 10:59:30 | INFO | my_functions.py:247 | [DEBUG] Buscando en paralelo: ['weekly3.PNG'] | timeout=0s | confidence=0.8
2026-06-24 10:59:31 | INFO | my_functions.py:281 | [DEBUG] Click skipped, ninguna de las imágenes se encontró en el intento.
2026-06-24 10:59:32 | INFO | my_functions.py:247 | [DEBUG] Buscando en paralelo: ['weekly3.PNG'] | timeout=0s | confidence=0.8
2026-06-24 10:59:33 | INFO | my_functions.py:281 | [DEBUG] Click skipped, ninguna de las imágenes se encontró en el intento.
2026-06-24 10:59:34 | INFO | my_functions.py:134 | Haciendo click en la posición (557, 64)
2026-06-24 10:59:35 | INFO | my_functions.py:247 | [DEBUG] Buscando en paralelo: ['cards_shop.PNG'] | timeout=20s | confidence=0.8
2026-06-24 10:59:38 | INFO | my_functions.py:134 | Haciendo click en la posición (568, 121)
2026-06-24 10:59:38 | INFO | my_functions.py:269 | 🖱️ Click OK (En paralelo): cards_shop.PNG at (568, 121) delay=1s
2026-06-24 10:59:39 | INFO | my_functions.py:247 | [DEBUG] Buscando en paralelo: ['token_icon.PNG'] | timeout=20s | confidence=0.8
2026-06-24 10:59:42 | INFO | my_functions.py:134 | Haciendo click en la posición (531, 171)
2026-06-24 10:59:42 | INFO | my_functions.py:269 | 🖱️ Click OK (En paralelo): token_icon.PNG at (531, 171) delay=1s
2026-06-24 10:59:45 | INFO | my_functions.py:247 | [DEBUG] Buscando en paralelo: ['claim!_token_3.PNG'] | timeout=4s | confidence=0.8
2026-06-24 10:59:50 | INFO | my_functions.py:281 | [DEBUG] Click skipped, ninguna de las imágenes se encontró en el intento.
2026-06-24 10:59:51 | INFO | my_functions.py:247 | [DEBUG] Buscando en paralelo: ['cards_shop.PNG'] | timeout=20s | confidence=0.8
2026-06-24 10:59:53 | INFO | my_functions.py:134 | Haciendo click en la posición (568, 122)
2026-06-24 10:59:53 | INFO | my_functions.py:269 | 🖱️ Click OK (En paralelo): cards_shop.PNG at (568, 122) delay=1s
2026-06-24 10:59:54 | INFO | my_functions.py:247 | [DEBUG] Buscando en paralelo: ['offers.PNG'] | timeout=20s | confidence=0.8
2026-06-24 10:59:56 | INFO | my_functions.py:134 | Haciendo click en la posición (197, 121)
2026-06-24 10:59:56 | INFO | my_functions.py:269 | 🖱️ Click OK (En paralelo): offers.PNG at (197, 121) delay=1s
2026-06-24 11:00:00 | INFO | my_functions.py:1356 | [INFO] Iniciando mejora de cartas
2026-06-24 11:00:00 | INFO | my_functions.py:247 | [DEBUG] Buscando en paralelo: ['upgrade_cards_icon.PNG'] | timeout=20s | confidence=0.8
2026-06-24 11:00:01 | INFO | my_functions.py:134 | Haciendo click en la posición (322, 170)
2026-06-24 11:00:02 | INFO | my_functions.py:269 | 🖱️ Click OK (En paralelo): upgrade_cards_icon.PNG at (322, 170) delay=1s
2026-06-24 11:00:03 | INFO | my_functions.py:1360 | [INFO] Abriendo icono de upgrade_cards
2026-06-24 11:00:04 | INFO | my_functions.py:1367 | [STEP] Mejorando carta 1
2026-06-24 11:00:04 | INFO | my_functions.py:1371 | [ACTION] Click en carta 1
2026-06-24 11:00:05 | INFO | my_functions.py:1376 | [ACTION] Click en botón upgrade
2026-06-24 11:00:12 | INFO | my_functions.py:169 | Searching aw_snap.png (timeout=3s)
2026-06-24 11:00:16 | INFO | my_functions.py:213 | 
⛔ Not found: aw_snap.png after 3.24s region=(0, 0, 765, 1038) confidence=0.8
2026-06-24 11:00:16 | INFO | my_functions.py:247 | [DEBUG] Buscando en paralelo: ['you_need_more_credits!.png'] | timeout=3s | confidence=0.8
2026-06-24 11:00:19 | INFO | my_functions.py:281 | [DEBUG] Click skipped, ninguna de las imágenes se encontró en el intento.
2026-06-24 11:00:25 | INFO | my_functions.py:1409 | [ACTION] Click para continuar a stage de nivel de coleccion
2026-06-24 11:00:30 | INFO | my_functions.py:142 | Presionando ESC (1/1)
2026-06-24 11:00:31 | INFO | my_functions.py:1417 | [ACTION] Saliendo de stage nivel de coleccion con ESC
2026-06-24 11:00:32 | INFO | my_functions.py:247 | [DEBUG] Buscando en paralelo: ['upgrade_cards_icon_selected.PNG'] | timeout=0s | confidence=0.8
2026-06-24 11:00:34 | INFO | my_functions.py:134 | Haciendo click en la posición (320, 173)
2026-06-24 11:00:34 | INFO | my_functions.py:269 | 🖱️ Click OK (En paralelo): upgrade_cards_icon_selected.PNG at (320, 173) delay=1s
2026-06-24 11:00:35 | INFO | my_functions.py:1429 | [INFO] Reabriendo icono de upgrade_cards
2026-06-24 11:00:36 | INFO | my_functions.py:1367 | [STEP] Mejorando carta 2
2026-06-24 11:00:36 | INFO | my_functions.py:1371 | [ACTION] Click en carta 2
2026-06-24 11:00:37 | INFO | my_functions.py:1376 | [ACTION] Click en botón upgrade
2026-06-24 11:00:44 | INFO | my_functions.py:169 | Searching aw_snap.png (timeout=3s)
2026-06-24 11:00:49 | INFO | my_functions.py:213 | 
⛔ Not found: aw_snap.png after 3.54s region=(0, 0, 765, 1038) confidence=0.8
2026-06-24 11:00:49 | INFO | my_functions.py:247 | [DEBUG] Buscando en paralelo: ['you_need_more_credits!.png'] | timeout=3s | confidence=0.8
2026-06-24 11:00:50 | INFO | my_functions.py:134 | Haciendo click en la posición (381, 345)
2026-06-24 11:00:50 | INFO | my_functions.py:269 | 🖱️ Click OK (En paralelo): you_need_more_credits!.png at (381, 345) delay=1s
2026-06-24 11:00:51 | INFO | my_functions.py:142 | Presionando ESC (1/2)
2026-06-24 11:00:52 | INFO | my_functions.py:142 | Presionando ESC (2/2)
2026-06-24 11:00:55 | INFO | my_functions.py:1435 | [INFO] Mejora de cartas completada ✅
2026-06-24 11:00:55 | INFO | my_functions.py:142 | Presionando ESC (1/1)
2026-06-24 11:00:55 | INFO | my_functions.py:247 | [DEBUG] Buscando en paralelo: ['white_x.png'] | timeout=2s | confidence=0.8
2026-06-24 11:00:58 | INFO | my_functions.py:281 | [DEBUG] Click skipped, ninguna de las imágenes se encontró en el intento.
2026-06-24 11:00:59 | INFO | each_eight_hours.py:46 | [11:00:59.407] [DEBUG] === INICIANDO FUNCIÓN collect_cl_rewards ===
2026-06-24 11:00:59 | INFO | each_eight_hours.py:46 | [11:00:59.418] [DEBUG] Haciendo click inicial en (387, 166)...
2026-06-24 11:00:59 | INFO | my_functions.py:134 | Haciendo click en la posición (387, 166)
2026-06-24 11:01:03 | INFO | each_eight_hours.py:46 | [11:01:03.637] [DEBUG] Se omitió el cambio de tamaño de ventanas (resize=False)
2026-06-24 11:01:03 | INFO | each_eight_hours.py:46 | [11:01:03.675] [DEBUG] Recompensas iniciales detectadas por la API: 17
2026-06-24 11:01:03 | INFO | each_eight_hours.py:46 | [11:01:03.677] [DEBUG] --------------------------------------------------
2026-06-24 11:01:03 | INFO | each_eight_hours.py:46 | [11:01:03.679] [DEBUG] Inicio de iteración. Recompensas restantes: 17
2026-06-24 11:01:03 | INFO | each_eight_hours.py:46 | [11:01:03.681] [DEBUG] Intentando hacer click en: (260, 580)
2026-06-24 11:01:04 | INFO | my_functions.py:169 | Searching claim!.PNG (timeout=3s)
2026-06-24 11:01:08 | INFO | my_functions.py:213 | 
⛔ Not found: claim!.PNG after 3.05s region=(0, 0, 765, 1038) confidence=0.8
2026-06-24 11:01:08 | INFO | each_eight_hours.py:46 | [11:01:08.778] [DEBUG] No se detectó 'Claim'. Buscando 'check.png' en región (228, 547, 65, 55)...
2026-06-24 11:01:08 | INFO | my_functions.py:169 | Searching check.png (timeout=1s)
2026-06-24 11:01:10 | INFO | my_functions.py:213 | 
⛔ Not found: check.png after 1.1s region=(228, 547, 65, 55) confidence=0.8
2026-06-24 11:01:10 | INFO | each_eight_hours.py:46 | [11:01:10.009] [DEBUG] -> [CORRECCIÓN] Primer click fallido. Cambiando de lado a X = 470
2026-06-24 11:01:10 | INFO | each_eight_hours.py:46 | [11:01:10.012] [DEBUG] --------------------------------------------------
2026-06-24 11:01:10 | INFO | each_eight_hours.py:46 | [11:01:10.018] [DEBUG] Inicio de iteración. Recompensas restantes: 17
2026-06-24 11:01:10 | INFO | each_eight_hours.py:46 | [11:01:10.024] [DEBUG] Intentando hacer click en: (470, 580)
2026-06-24 11:01:11 | INFO | my_functions.py:169 | Searching claim!.PNG (timeout=3s)
2026-06-24 11:01:12 | INFO | my_functions.py:199 | 
✅ Found: claim!.PNG pos=(381, 924) time=0.83s confidence=0.8
2026-06-24 11:01:12 | INFO | each_eight_hours.py:46 | [11:01:12.100] [DEBUG] -> ¡ÉXITO! Botón 'Claim' detectado.
2026-06-24 11:01:12 | INFO | my_functions.py:169 | Searching set.png (timeout=0s)
2026-06-24 11:01:13 | INFO | my_functions.py:213 | 
⛔ Not found: set.png after 0.0s region=(0, 0, 765, 1038) confidence=0.8
2026-06-24 11:01:13 | INFO | my_functions.py:247 | [DEBUG] Buscando en paralelo: ['claim!.PNG'] | timeout=0s | confidence=0.8
2026-06-24 11:01:14 | INFO | my_functions.py:134 | Haciendo click en la posición (381, 924)
2026-06-24 11:01:15 | INFO | my_functions.py:269 | 🖱️ Click OK (En paralelo): claim!.PNG at (381, 924) delay=1s
2026-06-24 11:01:16 | INFO | each_eight_hours.py:46 | [11:01:16.131] [DEBUG] Moviendo el mouse a la posición de scroll (350, 580)...
2026-06-24 11:01:17 | INFO | each_eight_hours.py:46 | [11:01:17.726] [DEBUG] Alternancia de coordenada X: Cambió de 470 a 260
2026-06-24 11:01:17 | INFO | each_eight_hours.py:46 | [11:01:17.730] [DEBUG] --------------------------------------------------
2026-06-24 11:01:17 | INFO | each_eight_hours.py:46 | [11:01:17.733] [DEBUG] Inicio de iteración. Recompensas restantes: 16
2026-06-24 11:01:17 | INFO | each_eight_hours.py:46 | [11:01:17.738] [DEBUG] Intentando hacer click en: (260, 580)
2026-06-24 11:01:18 | INFO | my_functions.py:169 | Searching claim!.PNG (timeout=3s)
2026-06-24 11:01:22 | INFO | my_functions.py:213 | 
⛔ Not found: claim!.PNG after 3.12s region=(0, 0, 765, 1038) confidence=0.8
2026-06-24 11:01:22 | INFO | each_eight_hours.py:46 | [11:01:22.812] [DEBUG] No se detectó 'Claim'. Buscando 'check.png' en región (228, 547, 65, 55)...
2026-06-24 11:01:22 | INFO | my_functions.py:169 | Searching check.png (timeout=1s)
2026-06-24 11:01:22 | INFO | my_functions.py:199 | 
✅ Found: check.png pos=(264, 579) time=0.13s confidence=0.8
2026-06-24 11:01:22 | INFO | each_eight_hours.py:46 | [11:01:22.945] [DEBUG] -> ¡ÉXITO! Crédito detectado por 'check.png'. Reclamado automáticamente por el click previo.
2026-06-24 11:01:22 | INFO | each_eight_hours.py:46 | [11:01:22.948] [DEBUG] Moviendo el mouse a la posición de scroll (350, 580)...
2026-06-24 11:01:24 | INFO | each_eight_hours.py:46 | [11:01:24.525] [DEBUG] Alternancia de coordenada X: Cambió de 260 a 470
2026-06-24 11:01:24 | INFO | each_eight_hours.py:46 | [11:01:24.529] [DEBUG] --------------------------------------------------
2026-06-24 11:01:24 | INFO | each_eight_hours.py:46 | [11:01:24.530] [DEBUG] Inicio de iteración. Recompensas restantes: 15
2026-06-24 11:01:24 | INFO | each_eight_hours.py:46 | [11:01:24.537] [DEBUG] Intentando hacer click en: (470, 580)
2026-06-24 11:01:25 | INFO | my_functions.py:169 | Searching claim!.PNG (timeout=3s)
2026-06-24 11:01:29 | INFO | my_functions.py:213 | 
⛔ Not found: claim!.PNG after 3.14s region=(0, 0, 765, 1038) confidence=0.8
2026-06-24 11:01:29 | INFO | each_eight_hours.py:46 | [11:01:29.750] [DEBUG] No se detectó 'Claim'. Buscando 'check.png' en región (449, 547, 65, 55)...
2026-06-24 11:01:29 | INFO | my_functions.py:169 | Searching check.png (timeout=1s)
2026-06-24 11:01:29 | INFO | my_functions.py:199 | 
✅ Found: check.png pos=(500, 576) time=0.16s confidence=0.8
2026-06-24 11:01:29 | INFO | each_eight_hours.py:46 | [11:01:29.924] [DEBUG] -> ¡ÉXITO! Crédito detectado por 'check.png'. Reclamado automáticamente por el click previo.
2026-06-24 11:01:29 | INFO | each_eight_hours.py:46 | [11:01:29.929] [DEBUG] Moviendo el mouse a la posición de scroll (350, 580)...
2026-06-24 11:01:31 | INFO | each_eight_hours.py:46 | [11:01:31.515] [DEBUG] Alternancia de coordenada X: Cambió de 470 a 260
2026-06-24 11:01:31 | INFO | each_eight_hours.py:46 | [11:01:31.522] [DEBUG] --------------------------------------------------
2026-06-24 11:01:31 | INFO | each_eight_hours.py:46 | [11:01:31.534] [DEBUG] Inicio de iteración. Recompensas restantes: 14
2026-06-24 11:01:31 | INFO | each_eight_hours.py:46 | [11:01:31.537] [DEBUG] Intentando hacer click en: (260, 580)
2026-06-24 11:01:32 | INFO | my_functions.py:169 | Searching claim!.PNG (timeout=3s)
2026-06-24 11:01:33 | INFO | my_functions.py:199 | 
✅ Found: claim!.PNG pos=(381, 924) time=0.83s confidence=0.8
2026-06-24 11:01:33 | INFO | each_eight_hours.py:46 | [11:01:33.674] [DEBUG] -> ¡ÉXITO! Botón 'Claim' detectado.
2026-06-24 11:01:33 | INFO | my_functions.py:169 | Searching set.png (timeout=0s)
2026-06-24 11:01:34 | INFO | my_functions.py:213 | 
⛔ Not found: set.png after 0.0s region=(0, 0, 765, 1038) confidence=0.8
2026-06-24 11:01:34 | INFO | my_functions.py:247 | [DEBUG] Buscando en paralelo: ['claim!.PNG'] | timeout=0s | confidence=0.8
2026-06-24 11:01:36 | INFO | my_functions.py:134 | Haciendo click en la posición (381, 924)
2026-06-24 11:01:36 | INFO | my_functions.py:269 | 🖱️ Click OK (En paralelo): claim!.PNG at (381, 924) delay=1s
2026-06-24 11:01:37 | INFO | each_eight_hours.py:46 | [11:01:37.714] [DEBUG] Moviendo el mouse a la posición de scroll (350, 580)...
2026-06-24 11:01:39 | INFO | each_eight_hours.py:46 | [11:01:39.286] [DEBUG] Alternancia de coordenada X: Cambió de 260 a 470
2026-06-24 11:01:39 | INFO | each_eight_hours.py:46 | [11:01:39.290] [DEBUG] --------------------------------------------------
2026-06-24 11:01:39 | INFO | each_eight_hours.py:46 | [11:01:39.295] [DEBUG] Inicio de iteración. Recompensas restantes: 13
2026-06-24 11:01:39 | INFO | each_eight_hours.py:46 | [11:01:39.302] [DEBUG] Intentando hacer click en: (470, 580)
2026-06-24 11:01:40 | INFO | my_functions.py:169 | Searching claim!.PNG (timeout=3s)
2026-06-24 11:01:45 | INFO | my_functions.py:213 | 
⛔ Not found: claim!.PNG after 3.7s region=(0, 0, 765, 1038) confidence=0.8
2026-06-24 11:01:45 | INFO | each_eight_hours.py:46 | [11:01:45.005] [DEBUG] No se detectó 'Claim'. Buscando 'check.png' en región (449, 547, 65, 55)...
2026-06-24 11:01:45 | INFO | my_functions.py:169 | Searching check.png (timeout=1s)
2026-06-24 11:01:45 | INFO | my_functions.py:199 | 
✅ Found: check.png pos=(500, 580) time=0.12s confidence=0.8
2026-06-24 11:01:45 | INFO | each_eight_hours.py:46 | [11:01:45.132] [DEBUG] -> ¡ÉXITO! Crédito detectado por 'check.png'. Reclamado automáticamente por el click previo.
2026-06-24 11:01:45 | INFO | each_eight_hours.py:46 | [11:01:45.136] [DEBUG] Moviendo el mouse a la posición de scroll (350, 580)...
2026-06-24 11:01:46 | INFO | each_eight_hours.py:46 | [11:01:46.729] [DEBUG] Alternancia de coordenada X: Cambió de 470 a 260
2026-06-24 11:01:46 | INFO | each_eight_hours.py:46 | [11:01:46.733] [DEBUG] --------------------------------------------------
2026-06-24 11:01:46 | INFO | each_eight_hours.py:46 | [11:01:46.736] [DEBUG] Inicio de iteración. Recompensas restantes: 12
2026-06-24 11:01:46 | INFO | each_eight_hours.py:46 | [11:01:46.742] [DEBUG] Intentando hacer click en: (260, 580)
2026-06-24 11:01:47 | INFO | my_functions.py:169 | Searching claim!.PNG (timeout=3s)
2026-06-24 11:01:52 | INFO | my_functions.py:213 | 
⛔ Not found: claim!.PNG after 3.39s region=(0, 0, 765, 1038) confidence=0.8
2026-06-24 11:01:52 | INFO | each_eight_hours.py:46 | [11:01:52.092] [DEBUG] No se detectó 'Claim'. Buscando 'check.png' en región (228, 547, 65, 55)...
2026-06-24 11:01:52 | INFO | my_functions.py:169 | Searching check.png (timeout=1s)
2026-06-24 11:01:52 | INFO | my_functions.py:199 | 
✅ Found: check.png pos=(264, 583) time=0.12s confidence=0.8
2026-06-24 11:01:52 | INFO | each_eight_hours.py:46 | [11:01:52.233] [DEBUG] -> ¡ÉXITO! Crédito detectado por 'check.png'. Reclamado automáticamente por el click previo.
2026-06-24 11:01:52 | INFO | each_eight_hours.py:46 | [11:01:52.236] [DEBUG] Moviendo el mouse a la posición de scroll (350, 580)...
2026-06-24 11:01:53 | INFO | each_eight_hours.py:46 | [11:01:53.809] [DEBUG] Alternancia de coordenada X: Cambió de 260 a 470
2026-06-24 11:01:53 | INFO | each_eight_hours.py:46 | [11:01:53.819] [DEBUG] --------------------------------------------------
2026-06-24 11:01:53 | INFO | each_eight_hours.py:46 | [11:01:53.829] [DEBUG] Inicio de iteración. Recompensas restantes: 11
2026-06-24 11:01:53 | INFO | each_eight_hours.py:46 | [11:01:53.832] [DEBUG] Intentando hacer click en: (470, 580)
2026-06-24 11:01:55 | INFO | my_functions.py:169 | Searching claim!.PNG (timeout=3s)
2026-06-24 11:01:55 | INFO | my_functions.py:199 | 
✅ Found: claim!.PNG pos=(381, 924) time=0.73s confidence=0.8
2026-06-24 11:01:55 | INFO | each_eight_hours.py:46 | [11:01:55.781] [DEBUG] -> ¡ÉXITO! Botón 'Claim' detectado.
2026-06-24 11:01:55 | INFO | my_functions.py:169 | Searching set.png (timeout=0s)
2026-06-24 11:01:56 | INFO | my_functions.py:213 | 
⛔ Not found: set.png after 0.0s region=(0, 0, 765, 1038) confidence=0.8
2026-06-24 11:01:56 | INFO | my_functions.py:247 | [DEBUG] Buscando en paralelo: ['claim!.PNG'] | timeout=0s | confidence=0.8
2026-06-24 11:01:58 | INFO | my_functions.py:134 | Haciendo click en la posición (381, 924)
2026-06-24 11:01:58 | INFO | my_functions.py:269 | 🖱️ Click OK (En paralelo): claim!.PNG at (381, 924) delay=1s
2026-06-24 11:01:59 | INFO | each_eight_hours.py:46 | [11:01:59.725] [DEBUG] Moviendo el mouse a la posición de scroll (350, 580)...
2026-06-24 11:02:01 | INFO | each_eight_hours.py:46 | [11:02:01.297] [DEBUG] Alternancia de coordenada X: Cambió de 470 a 260
2026-06-24 11:02:01 | INFO | each_eight_hours.py:46 | [11:02:01.301] [DEBUG] --------------------------------------------------
2026-06-24 11:02:01 | INFO | each_eight_hours.py:46 | [11:02:01.304] [DEBUG] Inicio de iteración. Recompensas restantes: 10
2026-06-24 11:02:01 | INFO | each_eight_hours.py:46 | [11:02:01.309] [DEBUG] Intentando hacer click en: (260, 580)
2026-06-24 11:02:02 | INFO | my_functions.py:169 | Searching claim!.PNG (timeout=3s)
2026-06-24 11:02:06 | INFO | my_functions.py:213 | 
⛔ Not found: claim!.PNG after 3.54s region=(0, 0, 765, 1038) confidence=0.8
2026-06-24 11:02:06 | INFO | each_eight_hours.py:46 | [11:02:06.750] [DEBUG] No se detectó 'Claim'. Buscando 'check.png' en región (228, 547, 65, 55)...
2026-06-24 11:02:06 | INFO | my_functions.py:169 | Searching check.png (timeout=1s)
2026-06-24 11:02:06 | INFO | my_functions.py:199 | 
✅ Found: check.png pos=(265, 583) time=0.13s confidence=0.8
2026-06-24 11:02:06 | INFO | each_eight_hours.py:46 | [11:02:06.890] [DEBUG] -> ¡ÉXITO! Crédito detectado por 'check.png'. Reclamado automáticamente por el click previo.
2026-06-24 11:02:06 | INFO | each_eight_hours.py:46 | [11:02:06.894] [DEBUG] Moviendo el mouse a la posición de scroll (350, 580)...
2026-06-24 11:02:08 | INFO | each_eight_hours.py:46 | [11:02:08.469] [DEBUG] Alternancia de coordenada X: Cambió de 260 a 470
2026-06-24 11:02:08 | INFO | each_eight_hours.py:46 | [11:02:08.471] [DEBUG] --------------------------------------------------
2026-06-24 11:02:08 | INFO | each_eight_hours.py:46 | [11:02:08.472] [DEBUG] Inicio de iteración. Recompensas restantes: 9
2026-06-24 11:02:08 | INFO | each_eight_hours.py:46 | [11:02:08.474] [DEBUG] Intentando hacer click en: (470, 580)
2026-06-24 11:02:09 | INFO | my_functions.py:169 | Searching claim!.PNG (timeout=3s)
2026-06-24 11:02:14 | INFO | my_functions.py:213 | 
⛔ Not found: claim!.PNG after 3.61s region=(0, 0, 765, 1038) confidence=0.8
2026-06-24 11:02:14 | INFO | each_eight_hours.py:46 | [11:02:14.026] [DEBUG] No se detectó 'Claim'. Buscando 'check.png' en región (449, 547, 65, 55)...
2026-06-24 11:02:14 | INFO | my_functions.py:169 | Searching check.png (timeout=1s)
2026-06-24 11:02:14 | INFO | my_functions.py:199 | 
✅ Found: check.png pos=(500, 587) time=0.12s confidence=0.8
2026-06-24 11:02:14 | INFO | each_eight_hours.py:46 | [11:02:14.155] [DEBUG] -> ¡ÉXITO! Crédito detectado por 'check.png'. Reclamado automáticamente por el click previo.
2026-06-24 11:02:14 | INFO | each_eight_hours.py:46 | [11:02:14.160] [DEBUG] Moviendo el mouse a la posición de scroll (350, 580)...
2026-06-24 11:02:15 | INFO | each_eight_hours.py:46 | [11:02:15.734] [DEBUG] Alternancia de coordenada X: Cambió de 470 a 260
2026-06-24 11:02:15 | INFO | each_eight_hours.py:46 | [11:02:15.738] [DEBUG] --------------------------------------------------
2026-06-24 11:02:15 | INFO | each_eight_hours.py:46 | [11:02:15.745] [DEBUG] Inicio de iteración. Recompensas restantes: 8
2026-06-24 11:02:15 | INFO | each_eight_hours.py:46 | [11:02:15.747] [DEBUG] Intentando hacer click en: (260, 580)
2026-06-24 11:02:16 | INFO | my_functions.py:169 | Searching claim!.PNG (timeout=3s)
2026-06-24 11:02:17 | INFO | my_functions.py:199 | 
✅ Found: claim!.PNG pos=(381, 924) time=0.74s confidence=0.8
2026-06-24 11:02:17 | INFO | each_eight_hours.py:46 | [11:02:17.702] [DEBUG] -> ¡ÉXITO! Botón 'Claim' detectado.
2026-06-24 11:02:17 | INFO | my_functions.py:169 | Searching set.png (timeout=0s)
2026-06-24 11:02:18 | INFO | my_functions.py:213 | 
⛔ Not found: set.png after 0.0s region=(0, 0, 765, 1038) confidence=0.8
2026-06-24 11:02:18 | INFO | my_functions.py:247 | [DEBUG] Buscando en paralelo: ['claim!.PNG'] | timeout=0s | confidence=0.8
2026-06-24 11:02:20 | INFO | my_functions.py:134 | Haciendo click en la posición (381, 924)
2026-06-24 11:02:20 | INFO | my_functions.py:269 | 🖱️ Click OK (En paralelo): claim!.PNG at (381, 924) delay=1s
2026-06-24 11:02:21 | INFO | each_eight_hours.py:46 | [11:02:21.598] [DEBUG] Moviendo el mouse a la posición de scroll (350, 580)...
2026-06-24 11:02:23 | INFO | each_eight_hours.py:46 | [11:02:23.170] [DEBUG] Alternancia de coordenada X: Cambió de 260 a 470
2026-06-24 11:02:23 | INFO | each_eight_hours.py:46 | [11:02:23.174] [DEBUG] --------------------------------------------------
2026-06-24 11:02:23 | INFO | each_eight_hours.py:46 | [11:02:23.177] [DEBUG] Inicio de iteración. Recompensas restantes: 7
2026-06-24 11:02:23 | INFO | each_eight_hours.py:46 | [11:02:23.183] [DEBUG] Intentando hacer click en: (470, 580)
2026-06-24 11:02:24 | INFO | my_functions.py:169 | Searching claim!.PNG (timeout=3s)
2026-06-24 11:02:25 | INFO | my_functions.py:199 | 
✅ Found: claim!.PNG pos=(275, 924) time=0.8s confidence=0.8
2026-06-24 11:02:25 | INFO | each_eight_hours.py:46 | [11:02:25.210] [DEBUG] -> ¡ÉXITO! Botón 'Claim' detectado.
2026-06-24 11:02:25 | INFO | my_functions.py:169 | Searching set.png (timeout=0s)
2026-06-24 11:02:26 | INFO | my_functions.py:199 | 
✅ Found: set.png pos=(328, 836) time=0.87s confidence=0.8
2026-06-24 11:02:31 | INFO | my_functions.py:247 | [DEBUG] Buscando en paralelo: ['claim!.PNG'] | timeout=0s | confidence=0.8
2026-06-24 11:02:32 | INFO | my_functions.py:134 | Haciendo click en la posición (275, 924)
2026-06-24 11:02:33 | INFO | my_functions.py:269 | 🖱️ Click OK (En paralelo): claim!.PNG at (275, 924) delay=1s
2026-06-24 11:02:34 | INFO | my_functions.py:169 | Searching nice!2.PNG (timeout=4s)
2026-06-24 11:02:35 | INFO | my_functions.py:199 | 
✅ Found: nice!2.PNG pos=(386, 924) time=1.53s confidence=0.8
2026-06-24 11:02:35 | INFO | my_functions.py:134 | Haciendo click en la posición (386, 924)
2026-06-24 11:02:37 | INFO | each_eight_hours.py:46 | [11:02:37.110] [DEBUG] Moviendo el mouse a la posición de scroll (350, 580)...
2026-06-24 11:02:38 | INFO | each_eight_hours.py:46 | [11:02:38.681] [DEBUG] Alternancia de coordenada X: Cambió de 470 a 260
2026-06-24 11:02:38 | INFO | each_eight_hours.py:46 | [11:02:38.685] [DEBUG] --------------------------------------------------
2026-06-24 11:02:38 | INFO | each_eight_hours.py:46 | [11:02:38.687] [DEBUG] Inicio de iteración. Recompensas restantes: 6
2026-06-24 11:02:38 | INFO | each_eight_hours.py:46 | [11:02:38.694] [DEBUG] Intentando hacer click en: (260, 580)
2026-06-24 11:02:39 | INFO | my_functions.py:169 | Searching claim!.PNG (timeout=3s)
2026-06-24 11:02:44 | INFO | my_functions.py:213 | 
⛔ Not found: claim!.PNG after 3.64s region=(0, 0, 765, 1038) confidence=0.8
2026-06-24 11:02:44 | INFO | each_eight_hours.py:46 | [11:02:44.282] [DEBUG] No se detectó 'Claim'. Buscando 'check.png' en región (228, 547, 65, 55)...
2026-06-24 11:02:44 | INFO | my_functions.py:169 | Searching check.png (timeout=1s)
2026-06-24 11:02:45 | INFO | my_functions.py:213 | 
⛔ Not found: check.png after 1.08s region=(228, 547, 65, 55) confidence=0.8
2026-06-24 11:02:45 | INFO | each_eight_hours.py:46 | [11:02:45.478] [DEBUG] -> [ALERTA] No se detectó ninguna recompensa válida tras el click.
2026-06-24 11:02:45 | INFO | each_eight_hours.py:46 | [11:02:45.486] [DEBUG] Moviendo el mouse a la posición de scroll (350, 580)...
2026-06-24 11:02:47 | INFO | each_eight_hours.py:46 | [11:02:47.060] [DEBUG] Alternancia de coordenada X: Cambió de 260 a 470
2026-06-24 11:02:47 | INFO | each_eight_hours.py:46 | [11:02:47.064] [DEBUG] --------------------------------------------------
2026-06-24 11:02:47 | INFO | each_eight_hours.py:46 | [11:02:47.066] [DEBUG] Inicio de iteración. Recompensas restantes: 5
2026-06-24 11:02:47 | INFO | each_eight_hours.py:46 | [11:02:47.072] [DEBUG] Intentando hacer click en: (470, 580)
2026-06-24 11:02:48 | INFO | my_functions.py:169 | Searching claim!.PNG (timeout=3s)
2026-06-24 11:02:49 | INFO | my_functions.py:199 | 
✅ Found: claim!.PNG pos=(381, 924) time=0.76s confidence=0.8
2026-06-24 11:02:49 | INFO | each_eight_hours.py:46 | [11:02:49.048] [DEBUG] -> ¡ÉXITO! Botón 'Claim' detectado.
2026-06-24 11:02:49 | INFO | my_functions.py:169 | Searching set.png (timeout=0s)
2026-06-24 11:02:49 | INFO | my_functions.py:213 | 
⛔ Not found: set.png after 0.0s region=(0, 0, 765, 1038) confidence=0.8
2026-06-24 11:02:49 | INFO | my_functions.py:247 | [DEBUG] Buscando en paralelo: ['claim!.PNG'] | timeout=0s | confidence=0.8
2026-06-24 11:02:51 | INFO | my_functions.py:134 | Haciendo click en la posición (381, 924)
2026-06-24 11:02:51 | INFO | my_functions.py:269 | 🖱️ Click OK (En paralelo): claim!.PNG at (381, 924) delay=1s
2026-06-24 11:02:52 | INFO | each_eight_hours.py:46 | [11:02:52.956] [DEBUG] Moviendo el mouse a la posición de scroll (350, 580)...
2026-06-24 11:02:54 | INFO | each_eight_hours.py:46 | [11:02:54.530] [DEBUG] Alternancia de coordenada X: Cambió de 470 a 260
2026-06-24 11:02:54 | INFO | each_eight_hours.py:46 | [11:02:54.534] [DEBUG] --------------------------------------------------
2026-06-24 11:02:54 | INFO | each_eight_hours.py:46 | [11:02:54.540] [DEBUG] Inicio de iteración. Recompensas restantes: 4
2026-06-24 11:02:54 | INFO | each_eight_hours.py:46 | [11:02:54.544] [DEBUG] Intentando hacer click en: (260, 580)
2026-06-24 11:02:55 | INFO | my_functions.py:169 | Searching claim!.PNG (timeout=3s)
2026-06-24 11:03:00 | INFO | my_functions.py:213 | 
⛔ Not found: claim!.PNG after 3.69s region=(0, 0, 765, 1038) confidence=0.8
2026-06-24 11:03:00 | INFO | each_eight_hours.py:46 | [11:03:00.188] [DEBUG] No se detectó 'Claim'. Buscando 'check.png' en región (228, 547, 65, 55)...
2026-06-24 11:03:00 | INFO | my_functions.py:169 | Searching check.png (timeout=1s)
2026-06-24 11:03:01 | INFO | my_functions.py:213 | 
⛔ Not found: check.png after 1.09s region=(228, 547, 65, 55) confidence=0.8
2026-06-24 11:03:01 | INFO | each_eight_hours.py:46 | [11:03:01.387] [DEBUG] -> [ALERTA] No se detectó ninguna recompensa válida tras el click.
2026-06-24 11:03:01 | INFO | each_eight_hours.py:46 | [11:03:01.397] [DEBUG] Moviendo el mouse a la posición de scroll (350, 580)...
2026-06-24 11:03:02 | INFO | each_eight_hours.py:46 | [11:03:02.964] [DEBUG] Alternancia de coordenada X: Cambió de 260 a 470
2026-06-24 11:03:02 | INFO | each_eight_hours.py:46 | [11:03:02.967] [DEBUG] --------------------------------------------------
2026-06-24 11:03:02 | INFO | each_eight_hours.py:46 | [11:03:02.970] [DEBUG] Inicio de iteración. Recompensas restantes: 3
2026-06-24 11:03:02 | INFO | each_eight_hours.py:46 | [11:03:02.975] [DEBUG] Intentando hacer click en: (470, 580)
2026-06-24 11:03:04 | INFO | my_functions.py:169 | Searching claim!.PNG (timeout=3s)
2026-06-24 11:03:08 | INFO | my_functions.py:213 | 
⛔ Not found: claim!.PNG after 3.54s region=(0, 0, 765, 1038) confidence=0.8
2026-06-24 11:03:08 | INFO | each_eight_hours.py:46 | [11:03:08.422] [DEBUG] No se detectó 'Claim'. Buscando 'check.png' en región (449, 547, 65, 55)...
2026-06-24 11:03:08 | INFO | my_functions.py:169 | Searching check.png (timeout=1s)
2026-06-24 11:03:09 | INFO | my_functions.py:213 | 
⛔ Not found: check.png after 1.06s region=(449, 547, 65, 55) confidence=0.8
2026-06-24 11:03:09 | INFO | each_eight_hours.py:46 | [11:03:09.590] [DEBUG] -> [ALERTA] No se detectó ninguna recompensa válida tras el click.
2026-06-24 11:03:09 | INFO | each_eight_hours.py:46 | [11:03:09.610] [DEBUG] Moviendo el mouse a la posición de scroll (350, 580)...
2026-06-24 11:03:11 | INFO | each_eight_hours.py:46 | [11:03:11.182] [DEBUG] Alternancia de coordenada X: Cambió de 470 a 260
2026-06-24 11:03:11 | INFO | each_eight_hours.py:46 | [11:03:11.187] [DEBUG] --------------------------------------------------
2026-06-24 11:03:11 | INFO | each_eight_hours.py:46 | [11:03:11.189] [DEBUG] Inicio de iteración. Recompensas restantes: 2
2026-06-24 11:03:11 | INFO | each_eight_hours.py:46 | [11:03:11.196] [DEBUG] Intentando hacer click en: (260, 580)
2026-06-24 11:03:12 | INFO | my_functions.py:169 | Searching claim!.PNG (timeout=3s)
2026-06-24 11:03:13 | INFO | my_functions.py:199 | 
✅ Found: claim!.PNG pos=(381, 924) time=0.72s confidence=0.8
2026-06-24 11:03:13 | INFO | each_eight_hours.py:46 | [11:03:13.129] [DEBUG] -> ¡ÉXITO! Botón 'Claim' detectado.
2026-06-24 11:03:13 | INFO | my_functions.py:169 | Searching set.png (timeout=0s)
2026-06-24 11:03:13 | INFO | my_functions.py:213 | 
⛔ Not found: set.png after 0.0s region=(0, 0, 765, 1038) confidence=0.8
2026-06-24 11:03:13 | INFO | my_functions.py:247 | [DEBUG] Buscando en paralelo: ['claim!.PNG'] | timeout=0s | confidence=0.8
2026-06-24 11:03:15 | INFO | my_functions.py:134 | Haciendo click en la posición (381, 924)
2026-06-24 11:03:15 | INFO | my_functions.py:269 | 🖱️ Click OK (En paralelo): claim!.PNG at (381, 924) delay=1s
2026-06-24 11:03:16 | INFO | each_eight_hours.py:46 | [11:03:16.997] [DEBUG] Moviendo el mouse a la posición de scroll (350, 580)...
2026-06-24 11:03:18 | INFO | each_eight_hours.py:46 | [11:03:18.595] [DEBUG] Alternancia de coordenada X: Cambió de 260 a 470
2026-06-24 11:03:18 | INFO | each_eight_hours.py:46 | [11:03:18.602] [DEBUG] --------------------------------------------------
2026-06-24 11:03:18 | INFO | each_eight_hours.py:46 | [11:03:18.605] [DEBUG] Inicio de iteración. Recompensas restantes: 1
2026-06-24 11:03:18 | INFO | each_eight_hours.py:46 | [11:03:18.617] [DEBUG] Intentando hacer click en: (470, 580)
2026-06-24 11:03:19 | INFO | my_functions.py:169 | Searching claim!.PNG (timeout=3s)
2026-06-24 11:03:24 | INFO | my_functions.py:213 | 
⛔ Not found: claim!.PNG after 3.78s region=(0, 0, 765, 1038) confidence=0.8
2026-06-24 11:03:24 | INFO | each_eight_hours.py:46 | [11:03:24.597] [DEBUG] No se detectó 'Claim'. Buscando 'check.png' en región (449, 547, 65, 55)...
2026-06-24 11:03:24 | INFO | my_functions.py:169 | Searching check.png (timeout=1s)
2026-06-24 11:03:25 | INFO | my_functions.py:213 | 
⛔ Not found: check.png after 1.02s region=(449, 547, 65, 55) confidence=0.8
2026-06-24 11:03:25 | INFO | each_eight_hours.py:46 | [11:03:25.737] [DEBUG] -> [ALERTA] No se detectó ninguna recompensa válida tras el click.
2026-06-24 11:03:25 | INFO | each_eight_hours.py:46 | [11:03:25.740] [DEBUG] Moviendo el mouse a la posición de scroll (350, 580)...
2026-06-24 11:03:27 | INFO | each_eight_hours.py:46 | [11:03:27.319] [DEBUG] Alternancia de coordenada X: Cambió de 470 a 260
2026-06-24 11:03:27 | INFO | each_eight_hours.py:46 | Finished collecting rewards
2026-06-24 11:03:27 | INFO | my_functions.py:247 | [DEBUG] Buscando en paralelo: ['nut.png'] | timeout=20s | confidence=0.8
2026-06-24 11:03:47 | INFO | my_functions.py:281 | [DEBUG] Click skipped, ninguna de las imágenes se encontró en el intento.
2026-06-24 11:03:48 | INFO | my_functions.py:247 | [DEBUG] Buscando en paralelo: ['graphics_quality.png'] | timeout=3s | confidence=0.8
