2026-08-20 14:32:41 | INFO | my_functions.py:55 | ⏳ Esperando WebSocket de OBS...
2026-08-20 14:32:50 | INFO | baseclient.py:33 | Connecting with parameters: host='localhost' port=4455 password='' subs=0 timeout=None
2026-08-20 14:32:50 | INFO | reqs.py:23 | Successfully identified ReqClient with the server using RPC version:1
2026-08-20 14:32:50 | INFO | my_functions.py:61 | ✅ Conectado al OBS WebSocket
2026-08-20 14:32:50 | ERROR | reqs.py:59 | OBSSDKRequestError: Request GetRecordStatus returned code 207. With message: OBS is not ready to perform the request.
Traceback (most recent call last):
  File "C:\Users\Farm\AppData\Local\Programs\Python\Python311\Lib\site-packages\obsws_python\reqs.py", line 53, in send
    raise OBSSDKRequestError(
obsws_python.error.OBSSDKRequestError: Request GetRecordStatus returned code 207. With message: OBS is not ready to perform the request.
2026-08-20 14:32:51 | INFO | my_functions.py:86 | 🎬 Grabación iniciada
2026-08-20 14:32:51 | INFO | each_eight_hours copy 2.py:68 | snap.exe terminated if it was running
2026-08-20 14:32:51 | INFO | my_functions.py:1580 | ⏱ Esperando 0.1 segundos antes de empezar...
2026-08-20 14:32:51 | INFO | my_functions.py:1587 | 🔍 Esperando ventana que contenga alguna de: ['py', 'eight_hours'] (máx 20s)
2026-08-20 14:32:51 | INFO | my_functions.py:1599 | ✅ Ventana encontrada: 'each_eight_hours copy 2 - Acceso directo'
2026-08-20 14:32:51 | INFO | my_functions.py:1614 | ✅ Ventana seleccionada: 'each_eight_hours copy 2 - Acceso directo'
2026-08-20 14:32:53 | INFO | my_functions.py:1637 | 🔁 Reajuste #1...
2026-08-20 14:32:53 | INFO | my_functions.py:1644 | ✔ Verificación completa. Se hicieron 1 reajustes.
2026-08-20 14:32:53 | INFO | each_eight_hours copy 2.py:73 | Processing account: robert
2026-08-20 14:32:56 | INFO | my_functions.py:1580 | ⏱ Esperando 0.1 segundos antes de empezar...
2026-08-20 14:32:56 | INFO | my_functions.py:1587 | 🔍 Esperando ventana que contenga alguna de: ['SNAP'] (máx 20s)
2026-08-20 14:33:04 | INFO | my_functions.py:1599 | ✅ Ventana encontrada: 'SNAP'
2026-08-20 14:33:04 | INFO | my_functions.py:1614 | ✅ Ventana seleccionada: 'SNAP'
2026-08-20 14:33:06 | INFO | my_functions.py:1637 | 🔁 Reajuste #1...
2026-08-20 14:33:10 | INFO | my_functions.py:1644 | ✔ Verificación completa. Se hicieron 1 reajustes.
2026-08-20 14:33:10 | INFO | my_functions.py:1206 | [DEBUG] Resizing SNAP window...
2026-08-20 14:33:10 | INFO | my_functions.py:1580 | ⏱ Esperando 0.1 segundos antes de empezar...
2026-08-20 14:33:10 | INFO | my_functions.py:1587 | 🔍 Esperando ventana que contenga alguna de: ['SNAP'] (máx 20s)
2026-08-20 14:33:10 | INFO | my_functions.py:1599 | ✅ Ventana encontrada: 'SNAP'
2026-08-20 14:33:10 | INFO | my_functions.py:1614 | ✅ Ventana seleccionada: 'SNAP'
2026-08-20 14:33:12 | INFO | my_functions.py:1637 | 🔁 Reajuste #1...
2026-08-20 14:33:14 | INFO | my_functions.py:1637 | 🔁 Reajuste #2...
2026-08-20 14:33:14 | INFO | my_functions.py:1637 | 🔁 Reajuste #3...
2026-08-20 14:33:14 | INFO | my_functions.py:1637 | 🔁 Reajuste #4...
2026-08-20 14:33:15 | INFO | my_functions.py:1637 | 🔁 Reajuste #5...
2026-08-20 14:33:15 | INFO | my_functions.py:1637 | 🔁 Reajuste #6...
2026-08-20 14:33:15 | INFO | my_functions.py:1637 | 🔁 Reajuste #7...
2026-08-20 14:33:15 | INFO | my_functions.py:1637 | 🔁 Reajuste #8...
2026-08-20 14:33:15 | INFO | my_functions.py:1637 | 🔁 Reajuste #9...
2026-08-20 14:33:16 | INFO | my_functions.py:1637 | 🔁 Reajuste #10...
2026-08-20 14:33:16 | INFO | my_functions.py:1637 | 🔁 Reajuste #11...
2026-08-20 14:33:17 | INFO | my_functions.py:1637 | 🔁 Reajuste #12...
2026-08-20 14:33:17 | INFO | my_functions.py:1637 | 🔁 Reajuste #13...
2026-08-20 14:33:17 | INFO | my_functions.py:1637 | 🔁 Reajuste #14...
2026-08-20 14:33:17 | INFO | my_functions.py:1644 | ✔ Verificación completa. Se hicieron 14 reajustes.
2026-08-20 14:33:17 | INFO | my_functions.py:248 | [DEBUG] Buscando en paralelo: ['small_submit.PNG', 'small_submit_hover.png', 'submit_hover_2.png', 'small_submit_hover_2.png'] | timeout=90s | confidence=0.8
