2026-05-25 09:00:36 | INFO | each_eight_hours.py:39 | LOG FILE PATH: \\vmware-host\Shared Folders\SHARED FILES VM\MS\logs\each_eight_hours_2026-05-25_09-00-36.log
2026-05-25 09:00:36 | INFO | each_eight_hours.py:40 | Logger initialized
2026-05-25 09:00:36 | INFO | each_eight_hours.py:67 | Script initialized
2026-05-25 09:00:39 | INFO | each_eight_hours.py:128 | snap.exe terminated if it was running
2026-05-25 09:00:39 | INFO | my_functions.py:57 | ⏳ Esperando WebSocket de OBS...
2026-05-25 09:00:39 | INFO | baseclient.py:33 | Connecting with parameters: host='localhost' port=4455 password='' subs=0 timeout=None
2026-05-25 09:00:39 | INFO | reqs.py:23 | Successfully identified ReqClient with the server using RPC version:1
2026-05-25 09:00:39 | INFO | my_functions.py:63 | ✅ Conectado al OBS WebSocket
2026-05-25 09:00:39 | INFO | my_functions.py:79 | ⏹ Grabación ya estaba activa, deteniéndola...
2026-05-25 09:00:39 | INFO | baseclient.py:33 | Connecting with parameters: host='localhost' port=4455 password='' subs=0 timeout=None
2026-05-25 09:00:39 | INFO | reqs.py:23 | Successfully identified ReqClient with the server using RPC version:1
2026-05-25 09:00:40 | INFO | my_functions.py:94 | Record stopped.
2026-05-25 09:00:52 | INFO | my_functions.py:124 | Archivo renombrado a: C:\Users\Farm\Videos\my_functions_2026-05-25_09-00-52.mkv
2026-05-25 09:00:55 | ERROR | reqs.py:59 | OBSSDKRequestError: Request StartRecord returned code 500.
Traceback (most recent call last):
  File "C:\Users\Farm\AppData\Local\Programs\Python\Python311\Lib\site-packages\obsws_python\reqs.py", line 53, in send
    raise OBSSDKRequestError(
obsws_python.error.OBSSDKRequestError: Request StartRecord returned code 500.
2026-05-25 09:00:55 | ERROR | each_eight_hours.py:366 | Unhandled exception occurred
Traceback (most recent call last):
  File "Z:\SHARED FILES VM\MS\each_eight_hours.py", line 130, in <module>
    start_obs_then_record()
  File "Z:\SHARED FILES VM\MS\my_functions.py", line 82, in start_obs_then_record
    client.start_record()
  File "C:\Users\Farm\AppData\Local\Programs\Python\Python311\Lib\site-packages\obsws_python\reqs.py", line 1820, in start_record
    self.send("StartRecord")
  File "C:\Users\Farm\AppData\Local\Programs\Python\Python311\Lib\site-packages\obsws_python\reqs.py", line 53, in send
    raise OBSSDKRequestError(
obsws_python.error.OBSSDKRequestError: Request StartRecord returned code 500.
