2026-07-03 20:00:10 | INFO | each_eight_hours.py:36 | LOG FILE PATH: \\vmware-host\Shared Folders\SHARED FILES VM\MS\logs\each_eight_hours_2026-07-03_20-00-10.log
2026-07-03 20:00:10 | INFO | each_eight_hours.py:37 | Logger initialized
2026-07-03 20:00:10 | INFO | each_eight_hours.py:64 | Script initialized
2026-07-03 20:00:30 | INFO | my_functions.py:56 | ⏳ Esperando WebSocket de OBS...
2026-07-03 20:00:35 | INFO | baseclient.py:33 | Connecting with parameters: host='localhost' port=4455 password='' subs=0 timeout=None
2026-07-03 20:00:35 | INFO | reqs.py:23 | Successfully identified ReqClient with the server using RPC version:1
2026-07-03 20:00:35 | INFO | my_functions.py:62 | ✅ Conectado al OBS WebSocket
2026-07-03 20:00:35 | ERROR | reqs.py:59 | OBSSDKRequestError: Request GetRecordStatus returned code 207. With message: OBS is not ready to perform the request.
Traceback (most recent call last):
  File "C:\Users\Farm\AppData\Local\Programs\Python\Python311\Lib\site-packages\obsws_python\reqs.py", line 53, in send
    raise OBSSDKRequestError(
obsws_python.error.OBSSDKRequestError: Request GetRecordStatus returned code 207. With message: OBS is not ready to perform the request.
2026-07-03 20:00:36 | INFO | my_functions.py:87 | 🎬 Grabación iniciada
2026-07-03 20:00:36 | INFO | each_eight_hours.py:106 | snap.exe terminated if it was running
2026-07-03 20:00:36 | INFO | my_functions.py:1540 | ⏱ Esperando 0.1 segundos antes de empezar...
2026-07-03 20:00:37 | INFO | my_functions.py:1547 | 🔍 Esperando ventana que contenga alguna de: ['py', 'eight_hours'] (máx 20s)
2026-07-03 20:00:37 | INFO | my_functions.py:1559 | ✅ Ventana encontrada: 'each_eight_hours  - Acceso directo'
2026-07-03 20:00:37 | INFO | my_functions.py:1574 | ✅ Ventana seleccionada: 'each_eight_hours  - Acceso directo'
2026-07-03 20:00:39 | INFO | my_functions.py:1597 | 🔁 Reajuste #1...
2026-07-03 20:00:39 | INFO | my_functions.py:1604 | ✔ Verificación completa. Se hicieron 1 reajustes.
2026-07-03 20:00:39 | INFO | each_eight_hours.py:113 | Processing account: john
2026-07-03 20:00:39 | INFO | my_functions.py:1540 | ⏱ Esperando 0.1 segundos antes de empezar...
2026-07-03 20:00:39 | INFO | my_functions.py:1547 | 🔍 Esperando ventana que contenga alguna de: ['SNAP'] (máx 20s)
2026-07-03 20:00:43 | INFO | my_functions.py:1559 | ✅ Ventana encontrada: 'SNAP'
2026-07-03 20:00:43 | INFO | my_functions.py:1574 | ✅ Ventana seleccionada: 'SNAP'
2026-07-03 20:00:45 | INFO | my_functions.py:1597 | 🔁 Reajuste #1...
2026-07-03 20:00:49 | INFO | my_functions.py:1604 | ✔ Verificación completa. Se hicieron 1 reajustes.
2026-07-03 20:00:49 | INFO | my_functions.py:1206 | [DEBUG] Resizing SNAP window...
2026-07-03 20:00:49 | INFO | my_functions.py:1540 | ⏱ Esperando 0.1 segundos antes de empezar...
2026-07-03 20:00:49 | INFO | my_functions.py:1547 | 🔍 Esperando ventana que contenga alguna de: ['SNAP'] (máx 20s)
2026-07-03 20:00:49 | INFO | my_functions.py:1559 | ✅ Ventana encontrada: 'SNAP'
2026-07-03 20:00:49 | INFO | my_functions.py:1574 | ✅ Ventana seleccionada: 'SNAP'
2026-07-03 20:00:51 | INFO | my_functions.py:1597 | 🔁 Reajuste #1...
2026-07-03 20:00:52 | INFO | my_functions.py:1597 | 🔁 Reajuste #2...
2026-07-03 20:00:52 | INFO | my_functions.py:1597 | 🔁 Reajuste #3...
2026-07-03 20:00:52 | INFO | my_functions.py:1597 | 🔁 Reajuste #4...
2026-07-03 20:00:53 | INFO | my_functions.py:1597 | 🔁 Reajuste #5...
2026-07-03 20:00:54 | INFO | my_functions.py:1597 | 🔁 Reajuste #6...
2026-07-03 20:00:54 | INFO | my_functions.py:1597 | 🔁 Reajuste #7...
2026-07-03 20:00:54 | INFO | my_functions.py:1597 | 🔁 Reajuste #8...
2026-07-03 20:00:54 | INFO | my_functions.py:1597 | 🔁 Reajuste #9...
2026-07-03 20:00:55 | INFO | my_functions.py:1597 | 🔁 Reajuste #10...
2026-07-03 20:00:55 | INFO | my_functions.py:1597 | 🔁 Reajuste #11...
2026-07-03 20:00:55 | INFO | my_functions.py:1597 | 🔁 Reajuste #12...
2026-07-03 20:00:57 | INFO | my_functions.py:1604 | ✔ Verificación completa. Se hicieron 12 reajustes.
2026-07-03 20:00:57 | INFO | my_functions.py:247 | [DEBUG] Buscando en paralelo: ['small_submit.PNG', 'small_submit_hover.png', 'submit_hover_2.png', 'small_submit_hover_2.png'] | timeout=90s | confidence=0.8
2026-07-03 20:01:03 | INFO | my_functions.py:134 | Haciendo click en la posición (961, 659)
2026-07-03 20:01:03 | INFO | my_functions.py:269 | 🖱️ Click OK (En paralelo): small_submit_hover_2.png at (961, 659) delay=0.2s
2026-07-03 20:01:06 | INFO | my_functions.py:247 | [DEBUG] Buscando en paralelo: ['small_submit.PNG', 'small_submit_hover.png', 'submit_hover_2.png', 'small_submit_hover_2.png'] | timeout=20s | confidence=0.8
2026-07-03 20:01:12 | INFO | my_functions.py:134 | Haciendo click en la posición (961, 745)
2026-07-03 20:01:12 | INFO | my_functions.py:269 | 🖱️ Click OK (En paralelo): small_submit_hover_2.png at (961, 745) delay=0.2s
2026-07-03 20:01:13 | INFO | my_functions.py:1540 | ⏱ Esperando 0.1 segundos antes de empezar...
2026-07-03 20:01:14 | INFO | my_functions.py:1547 | 🔍 Esperando ventana que contenga alguna de: ['SNAP'] (máx 20s)
2026-07-03 20:01:14 | INFO | my_functions.py:1559 | ✅ Ventana encontrada: 'SNAP'
2026-07-03 20:01:14 | INFO | my_functions.py:1574 | ✅ Ventana seleccionada: 'SNAP'
2026-07-03 20:01:16 | INFO | my_functions.py:1597 | 🔁 Reajuste #1...
2026-07-03 20:01:16 | INFO | my_functions.py:1597 | 🔁 Reajuste #2...
2026-07-03 20:01:16 | INFO | my_functions.py:1597 | 🔁 Reajuste #3...
2026-07-03 20:01:16 | INFO | my_functions.py:1597 | 🔁 Reajuste #4...
2026-07-03 20:01:17 | INFO | my_functions.py:1604 | ✔ Verificación completa. Se hicieron 4 reajustes.
2026-07-03 20:01:17 | INFO | my_functions.py:169 | Searching please_sign.png (timeout=0s)
2026-07-03 20:01:17 | INFO | my_functions.py:213 | 
⛔ Not found: please_sign.png after 0.01s region=(0, 0, 765, 1038) confidence=0.8
2026-07-03 20:01:17 | INFO | my_functions.py:247 | [DEBUG] Buscando en paralelo: ['sign_in_with_google2.PNG'] | timeout=20s | confidence=0.8
2026-07-03 20:01:37 | INFO | my_functions.py:281 | [DEBUG] Click skipped, ninguna de las imágenes se encontró en el intento.
2026-07-03 20:01:39 | INFO | my_functions.py:169 | Searching pagina_cargada.png (timeout=60s)
2026-07-03 20:02:40 | INFO | my_functions.py:213 | 
⛔ Not found: pagina_cargada.png after 60.76s region=(0, 0, 765, 1038) confidence=0.8
2026-07-03 20:02:40 | INFO | my_functions.py:169 | Searching marvelsnap_web.png (timeout=30s)
2026-07-03 20:03:11 | INFO | my_functions.py:213 | 
⛔ Not found: marvelsnap_web.png after 30.09s region=(0, 0, 765, 1038) confidence=0.7
2026-07-03 20:03:11 | INFO | my_functions.py:169 | Searching shop_unselected.PNG (timeout=0s)
2026-07-03 20:03:12 | INFO | my_functions.py:213 | 
⛔ Not found: shop_unselected.PNG after 0.01s region=(0, 0, 765, 1038) confidence=0.8
2026-07-03 20:03:12 | INFO | my_functions.py:247 | [DEBUG] Buscando en paralelo: ['super_premium.PNG'] | timeout=0s | confidence=0.8
2026-07-03 20:03:12 | INFO | my_functions.py:281 | [DEBUG] Click skipped, ninguna de las imágenes se encontró en el intento.
2026-07-03 20:03:13 | INFO | my_functions.py:247 | [DEBUG] Buscando en paralelo: ['maybe_later.PNG'] | timeout=0s | confidence=0.8
2026-07-03 20:03:14 | INFO | my_functions.py:281 | [DEBUG] Click skipped, ninguna de las imágenes se encontró en el intento.
2026-07-03 20:03:15 | INFO | my_functions.py:247 | [DEBUG] Buscando en paralelo: ['maybe_later2.PNG'] | timeout=0s | confidence=0.8
2026-07-03 20:03:16 | INFO | my_functions.py:281 | [DEBUG] Click skipped, ninguna de las imágenes se encontró en el intento.
2026-07-03 20:03:17 | INFO | my_functions.py:169 | Searching go_to_shop.PNG (timeout=0s)
2026-07-03 20:03:17 | INFO | my_functions.py:213 | 
⛔ Not found: go_to_shop.PNG after 0.0s region=(0, 0, 765, 1038) confidence=0.8
2026-07-03 20:03:17 | INFO | my_functions.py:247 | [DEBUG] Buscando en paralelo: ['14_days_of_winterverse.PNG'] | timeout=0s | confidence=0.8
2026-07-03 20:03:18 | INFO | my_functions.py:281 | [DEBUG] Click skipped, ninguna de las imágenes se encontró en el intento.
2026-07-03 20:03:19 | INFO | my_functions.py:169 | Searching welcome_back_calendar.PNG (timeout=0s)
2026-07-03 20:03:19 | INFO | my_functions.py:213 | 
⛔ Not found: welcome_back_calendar.PNG after 0.0s region=(0, 0, 765, 1038) confidence=0.8
2026-07-03 20:03:19 | INFO | my_functions.py:247 | [DEBUG] Buscando en paralelo: ['start_the_countdown.PNG'] | timeout=0s | confidence=0.8
2026-07-03 20:03:20 | INFO | my_functions.py:281 | [DEBUG] Click skipped, ninguna de las imágenes se encontró en el intento.
2026-07-03 20:03:21 | INFO | my_functions.py:247 | [DEBUG] Buscando en paralelo: ['event_has_ended_sanctum.PNG'] | timeout=0s | confidence=0.8
2026-07-03 20:03:22 | INFO | my_functions.py:281 | [DEBUG] Click skipped, ninguna de las imágenes se encontró en el intento.
2026-07-03 20:03:23 | INFO | my_functions.py:247 | [DEBUG] Buscando en paralelo: ['event_has_ended_teamclash.PNG'] | timeout=0s | confidence=0.8
2026-07-03 20:03:23 | INFO | my_functions.py:281 | [DEBUG] Click skipped, ninguna de las imágenes se encontró en el intento.
2026-07-03 20:03:25 | INFO | my_functions.py:247 | [DEBUG] Buscando en paralelo: ['image_part_of_event_grand_arena_finished.PNG'] | timeout=0s | confidence=0.8
2026-07-03 20:03:25 | INFO | my_functions.py:281 | [DEBUG] Click skipped, ninguna de las imágenes se encontró en el intento.
2026-07-03 20:03:26 | INFO | my_functions.py:169 | Searching 28_day_event_login_rewards.PNG (timeout=0s)
2026-07-03 20:03:27 | INFO | my_functions.py:213 | 
⛔ Not found: 28_day_event_login_rewards.PNG after 0.0s region=(0, 0, 765, 1038) confidence=0.8
2026-07-03 20:03:27 | INFO | my_functions.py:169 | Searching 7_day_event_login.PNG (timeout=0s)
2026-07-03 20:03:27 | INFO | my_functions.py:213 | 
⛔ Not found: 7_day_event_login.PNG after 0.0s region=(0, 0, 765, 1038) confidence=0.8
2026-07-03 20:03:27 | INFO | my_functions.py:169 | Searching 14_days_event.PNG (timeout=0s)
2026-07-03 20:03:28 | INFO | my_functions.py:213 | 
⛔ Not found: 14_days_event.PNG after 0.01s region=(0, 0, 765, 1038) confidence=0.8
2026-07-03 20:03:28 | INFO | my_functions.py:247 | [DEBUG] Buscando en paralelo: ['lets_go.PNG'] | timeout=0s | confidence=0.8
2026-07-03 20:03:28 | INFO | my_functions.py:281 | [DEBUG] Click skipped, ninguna de las imágenes se encontró en el intento.
2026-07-03 20:03:30 | INFO | my_functions.py:169 | Searching shop_unselected.PNG (timeout=0s)
2026-07-03 20:03:31 | INFO | my_functions.py:213 | 
⛔ Not found: shop_unselected.PNG after 0.0s region=(0, 0, 765, 1038) confidence=0.8
2026-07-03 20:03:31 | INFO | my_functions.py:247 | [DEBUG] Buscando en paralelo: ['super_premium.PNG'] | timeout=0s | confidence=0.8
2026-07-03 20:03:31 | INFO | my_functions.py:281 | [DEBUG] Click skipped, ninguna de las imágenes se encontró en el intento.
2026-07-03 20:03:32 | INFO | my_functions.py:247 | [DEBUG] Buscando en paralelo: ['maybe_later.PNG'] | timeout=0s | confidence=0.8
2026-07-03 20:03:33 | INFO | my_functions.py:281 | [DEBUG] Click skipped, ninguna de las imágenes se encontró en el intento.
2026-07-03 20:03:34 | INFO | my_functions.py:247 | [DEBUG] Buscando en paralelo: ['maybe_later2.PNG'] | timeout=0s | confidence=0.8
2026-07-03 20:03:36 | INFO | my_functions.py:281 | [DEBUG] Click skipped, ninguna de las imágenes se encontró en el intento.
2026-07-03 20:03:37 | INFO | my_functions.py:169 | Searching go_to_shop.PNG (timeout=0s)
2026-07-03 20:03:37 | INFO | my_functions.py:213 | 
⛔ Not found: go_to_shop.PNG after 0.0s region=(0, 0, 765, 1038) confidence=0.8
2026-07-03 20:03:37 | INFO | my_functions.py:247 | [DEBUG] Buscando en paralelo: ['14_days_of_winterverse.PNG'] | timeout=0s | confidence=0.8
2026-07-03 20:03:38 | INFO | my_functions.py:281 | [DEBUG] Click skipped, ninguna de las imágenes se encontró en el intento.
2026-07-03 20:03:39 | INFO | my_functions.py:169 | Searching welcome_back_calendar.PNG (timeout=0s)
2026-07-03 20:03:39 | INFO | my_functions.py:213 | 
⛔ Not found: welcome_back_calendar.PNG after 0.0s region=(0, 0, 765, 1038) confidence=0.8
2026-07-03 20:03:39 | INFO | my_functions.py:247 | [DEBUG] Buscando en paralelo: ['start_the_countdown.PNG'] | timeout=0s | confidence=0.8
2026-07-03 20:03:40 | INFO | my_functions.py:281 | [DEBUG] Click skipped, ninguna de las imágenes se encontró en el intento.
2026-07-03 20:03:41 | INFO | my_functions.py:247 | [DEBUG] Buscando en paralelo: ['event_has_ended_sanctum.PNG'] | timeout=0s | confidence=0.8
2026-07-03 20:03:41 | INFO | my_functions.py:281 | [DEBUG] Click skipped, ninguna de las imágenes se encontró en el intento.
2026-07-03 20:03:43 | INFO | my_functions.py:247 | [DEBUG] Buscando en paralelo: ['event_has_ended_teamclash.PNG'] | timeout=0s | confidence=0.8
2026-07-03 20:03:43 | INFO | my_functions.py:281 | [DEBUG] Click skipped, ninguna de las imágenes se encontró en el intento.
2026-07-03 20:03:44 | INFO | my_functions.py:247 | [DEBUG] Buscando en paralelo: ['image_part_of_event_grand_arena_finished.PNG'] | timeout=0s | confidence=0.8
2026-07-03 20:03:45 | INFO | my_functions.py:281 | [DEBUG] Click skipped, ninguna de las imágenes se encontró en el intento.
2026-07-03 20:03:46 | INFO | my_functions.py:169 | Searching 28_day_event_login_rewards.PNG (timeout=0s)
2026-07-03 20:03:47 | INFO | my_functions.py:213 | 
⛔ Not found: 28_day_event_login_rewards.PNG after 0.0s region=(0, 0, 765, 1038) confidence=0.8
2026-07-03 20:03:47 | INFO | my_functions.py:169 | Searching 7_day_event_login.PNG (timeout=0s)
2026-07-03 20:03:47 | INFO | my_functions.py:213 | 
⛔ Not found: 7_day_event_login.PNG after 0.0s region=(0, 0, 765, 1038) confidence=0.8
2026-07-03 20:03:47 | INFO | my_functions.py:169 | Searching 14_days_event.PNG (timeout=0s)
2026-07-03 20:03:48 | INFO | my_functions.py:213 | 
⛔ Not found: 14_days_event.PNG after 0.0s region=(0, 0, 765, 1038) confidence=0.8
2026-07-03 20:03:48 | INFO | my_functions.py:247 | [DEBUG] Buscando en paralelo: ['lets_go.PNG'] | timeout=0s | confidence=0.8
2026-07-03 20:03:48 | INFO | my_functions.py:281 | [DEBUG] Click skipped, ninguna de las imágenes se encontró en el intento.
2026-07-03 20:03:50 | INFO | my_functions.py:169 | Searching shop_unselected.PNG (timeout=0s)
2026-07-03 20:03:51 | INFO | my_functions.py:213 | 
⛔ Not found: shop_unselected.PNG after 0.0s region=(0, 0, 765, 1038) confidence=0.8
2026-07-03 20:03:51 | INFO | my_functions.py:247 | [DEBUG] Buscando en paralelo: ['super_premium.PNG'] | timeout=0s | confidence=0.8
2026-07-03 20:03:52 | INFO | my_functions.py:281 | [DEBUG] Click skipped, ninguna de las imágenes se encontró en el intento.
2026-07-03 20:03:53 | INFO | my_functions.py:247 | [DEBUG] Buscando en paralelo: ['maybe_later.PNG'] | timeout=0s | confidence=0.8
2026-07-03 20:03:53 | INFO | my_functions.py:281 | [DEBUG] Click skipped, ninguna de las imágenes se encontró en el intento.
2026-07-03 20:03:54 | INFO | my_functions.py:247 | [DEBUG] Buscando en paralelo: ['maybe_later2.PNG'] | timeout=0s | confidence=0.8
2026-07-03 20:03:55 | INFO | my_functions.py:281 | [DEBUG] Click skipped, ninguna de las imágenes se encontró en el intento.
2026-07-03 20:03:56 | INFO | my_functions.py:169 | Searching go_to_shop.PNG (timeout=0s)
2026-07-03 20:03:57 | INFO | my_functions.py:213 | 
⛔ Not found: go_to_shop.PNG after 0.0s region=(0, 0, 765, 1038) confidence=0.8
2026-07-03 20:03:57 | INFO | my_functions.py:247 | [DEBUG] Buscando en paralelo: ['14_days_of_winterverse.PNG'] | timeout=0s | confidence=0.8
2026-07-03 20:03:58 | INFO | my_functions.py:281 | [DEBUG] Click skipped, ninguna de las imágenes se encontró en el intento.
2026-07-03 20:03:59 | INFO | my_functions.py:169 | Searching welcome_back_calendar.PNG (timeout=0s)
2026-07-03 20:03:59 | INFO | my_functions.py:213 | 
⛔ Not found: welcome_back_calendar.PNG after 0.02s region=(0, 0, 765, 1038) confidence=0.8
2026-07-03 20:03:59 | INFO | my_functions.py:247 | [DEBUG] Buscando en paralelo: ['start_the_countdown.PNG'] | timeout=0s | confidence=0.8
2026-07-03 20:04:00 | INFO | my_functions.py:281 | [DEBUG] Click skipped, ninguna de las imágenes se encontró en el intento.
2026-07-03 20:04:01 | INFO | my_functions.py:247 | [DEBUG] Buscando en paralelo: ['event_has_ended_sanctum.PNG'] | timeout=0s | confidence=0.8
2026-07-03 20:04:02 | INFO | my_functions.py:281 | [DEBUG] Click skipped, ninguna de las imágenes se encontró en el intento.
2026-07-03 20:04:03 | INFO | my_functions.py:247 | [DEBUG] Buscando en paralelo: ['event_has_ended_teamclash.PNG'] | timeout=0s | confidence=0.8
2026-07-03 20:04:04 | INFO | my_functions.py:281 | [DEBUG] Click skipped, ninguna de las imágenes se encontró en el intento.
2026-07-03 20:04:05 | INFO | my_functions.py:247 | [DEBUG] Buscando en paralelo: ['image_part_of_event_grand_arena_finished.PNG'] | timeout=0s | confidence=0.8
2026-07-03 20:04:05 | INFO | my_functions.py:281 | [DEBUG] Click skipped, ninguna de las imágenes se encontró en el intento.
2026-07-03 20:04:06 | INFO | my_functions.py:169 | Searching 28_day_event_login_rewards.PNG (timeout=0s)
2026-07-03 20:04:07 | INFO | my_functions.py:213 | 
⛔ Not found: 28_day_event_login_rewards.PNG after 0.0s region=(0, 0, 765, 1038) confidence=0.8
2026-07-03 20:04:07 | INFO | my_functions.py:169 | Searching 7_day_event_login.PNG (timeout=0s)
2026-07-03 20:04:08 | INFO | my_functions.py:213 | 
⛔ Not found: 7_day_event_login.PNG after 0.48s region=(0, 0, 765, 1038) confidence=0.8
2026-07-03 20:04:08 | INFO | my_functions.py:169 | Searching 14_days_event.PNG (timeout=0s)
2026-07-03 20:04:08 | INFO | my_functions.py:213 | 
⛔ Not found: 14_days_event.PNG after 0.0s region=(0, 0, 765, 1038) confidence=0.8
2026-07-03 20:04:08 | INFO | my_functions.py:247 | [DEBUG] Buscando en paralelo: ['lets_go.PNG'] | timeout=0s | confidence=0.8
2026-07-03 20:04:09 | INFO | my_functions.py:281 | [DEBUG] Click skipped, ninguna de las imágenes se encontró en el intento.
2026-07-03 20:04:11 | INFO | my_functions.py:169 | Searching shop_unselected.PNG (timeout=0s)
2026-07-03 20:04:12 | INFO | my_functions.py:213 | 
⛔ Not found: shop_unselected.PNG after 0.0s region=(0, 0, 765, 1038) confidence=0.8
2026-07-03 20:04:12 | INFO | my_functions.py:247 | [DEBUG] Buscando en paralelo: ['super_premium.PNG'] | timeout=0s | confidence=0.8
2026-07-03 20:04:12 | INFO | my_functions.py:281 | [DEBUG] Click skipped, ninguna de las imágenes se encontró en el intento.
2026-07-03 20:04:13 | INFO | my_functions.py:247 | [DEBUG] Buscando en paralelo: ['maybe_later.PNG'] | timeout=0s | confidence=0.8
2026-07-03 20:04:14 | INFO | my_functions.py:281 | [DEBUG] Click skipped, ninguna de las imágenes se encontró en el intento.
2026-07-03 20:04:15 | INFO | my_functions.py:247 | [DEBUG] Buscando en paralelo: ['maybe_later2.PNG'] | timeout=0s | confidence=0.8
2026-07-03 20:04:16 | INFO | my_functions.py:281 | [DEBUG] Click skipped, ninguna de las imágenes se encontró en el intento.
2026-07-03 20:04:17 | INFO | my_functions.py:169 | Searching go_to_shop.PNG (timeout=0s)
2026-07-03 20:04:17 | INFO | my_functions.py:213 | 
⛔ Not found: go_to_shop.PNG after 0.0s region=(0, 0, 765, 1038) confidence=0.8
2026-07-03 20:04:17 | INFO | my_functions.py:247 | [DEBUG] Buscando en paralelo: ['14_days_of_winterverse.PNG'] | timeout=0s | confidence=0.8
2026-07-03 20:04:18 | INFO | my_functions.py:281 | [DEBUG] Click skipped, ninguna de las imágenes se encontró en el intento.
2026-07-03 20:04:19 | INFO | my_functions.py:169 | Searching welcome_back_calendar.PNG (timeout=0s)
2026-07-03 20:04:19 | INFO | my_functions.py:213 | 
⛔ Not found: welcome_back_calendar.PNG after 0.0s region=(0, 0, 765, 1038) confidence=0.8
2026-07-03 20:04:19 | INFO | my_functions.py:247 | [DEBUG] Buscando en paralelo: ['start_the_countdown.PNG'] | timeout=0s | confidence=0.8
2026-07-03 20:04:20 | INFO | my_functions.py:281 | [DEBUG] Click skipped, ninguna de las imágenes se encontró en el intento.
2026-07-03 20:04:21 | INFO | my_functions.py:247 | [DEBUG] Buscando en paralelo: ['event_has_ended_sanctum.PNG'] | timeout=0s | confidence=0.8
2026-07-03 20:04:22 | INFO | my_functions.py:281 | [DEBUG] Click skipped, ninguna de las imágenes se encontró en el intento.
2026-07-03 20:04:23 | INFO | my_functions.py:247 | [DEBUG] Buscando en paralelo: ['event_has_ended_teamclash.PNG'] | timeout=0s | confidence=0.8
2026-07-03 20:04:23 | INFO | my_functions.py:281 | [DEBUG] Click skipped, ninguna de las imágenes se encontró en el intento.
2026-07-03 20:04:25 | INFO | my_functions.py:247 | [DEBUG] Buscando en paralelo: ['image_part_of_event_grand_arena_finished.PNG'] | timeout=0s | confidence=0.8
2026-07-03 20:04:25 | INFO | my_functions.py:281 | [DEBUG] Click skipped, ninguna de las imágenes se encontró en el intento.
2026-07-03 20:04:26 | INFO | my_functions.py:169 | Searching 28_day_event_login_rewards.PNG (timeout=0s)
2026-07-03 20:04:27 | INFO | my_functions.py:213 | 
⛔ Not found: 28_day_event_login_rewards.PNG after 0.0s region=(0, 0, 765, 1038) confidence=0.8
2026-07-03 20:04:27 | INFO | my_functions.py:169 | Searching 7_day_event_login.PNG (timeout=0s)
2026-07-03 20:04:27 | INFO | my_functions.py:213 | 
⛔ Not found: 7_day_event_login.PNG after 0.0s region=(0, 0, 765, 1038) confidence=0.8
2026-07-03 20:04:27 | INFO | my_functions.py:169 | Searching 14_days_event.PNG (timeout=0s)
2026-07-03 20:04:28 | INFO | my_functions.py:213 | 
⛔ Not found: 14_days_event.PNG after 0.0s region=(0, 0, 765, 1038) confidence=0.8
2026-07-03 20:04:28 | INFO | my_functions.py:247 | [DEBUG] Buscando en paralelo: ['lets_go.PNG'] | timeout=0s | confidence=0.8
2026-07-03 20:04:28 | INFO | my_functions.py:281 | [DEBUG] Click skipped, ninguna de las imágenes se encontró en el intento.
2026-07-03 20:04:30 | INFO | my_functions.py:169 | Searching shop_unselected.PNG (timeout=0s)
2026-07-03 20:04:31 | INFO | my_functions.py:213 | 
⛔ Not found: shop_unselected.PNG after 0.0s region=(0, 0, 765, 1038) confidence=0.8
2026-07-03 20:04:31 | INFO | my_functions.py:247 | [DEBUG] Buscando en paralelo: ['super_premium.PNG'] | timeout=0s | confidence=0.8
2026-07-03 20:04:32 | INFO | my_functions.py:281 | [DEBUG] Click skipped, ninguna de las imágenes se encontró en el intento.
2026-07-03 20:04:33 | INFO | my_functions.py:247 | [DEBUG] Buscando en paralelo: ['maybe_later.PNG'] | timeout=0s | confidence=0.8
2026-07-03 20:04:34 | INFO | my_functions.py:281 | [DEBUG] Click skipped, ninguna de las imágenes se encontró en el intento.
2026-07-03 20:04:35 | INFO | my_functions.py:247 | [DEBUG] Buscando en paralelo: ['maybe_later2.PNG'] | timeout=0s | confidence=0.8
2026-07-03 20:04:36 | INFO | my_functions.py:281 | [DEBUG] Click skipped, ninguna de las imágenes se encontró en el intento.
2026-07-03 20:04:37 | INFO | my_functions.py:169 | Searching go_to_shop.PNG (timeout=0s)
2026-07-03 20:04:38 | INFO | my_functions.py:213 | 
⛔ Not found: go_to_shop.PNG after 0.0s region=(0, 0, 765, 1038) confidence=0.8
2026-07-03 20:04:38 | INFO | my_functions.py:247 | [DEBUG] Buscando en paralelo: ['14_days_of_winterverse.PNG'] | timeout=0s | confidence=0.8
2026-07-03 20:04:38 | INFO | my_functions.py:281 | [DEBUG] Click skipped, ninguna de las imágenes se encontró en el intento.
2026-07-03 20:04:39 | INFO | my_functions.py:169 | Searching welcome_back_calendar.PNG (timeout=0s)
2026-07-03 20:04:40 | INFO | my_functions.py:213 | 
⛔ Not found: welcome_back_calendar.PNG after 0.0s region=(0, 0, 765, 1038) confidence=0.8
2026-07-03 20:04:40 | INFO | my_functions.py:247 | [DEBUG] Buscando en paralelo: ['start_the_countdown.PNG'] | timeout=0s | confidence=0.8
2026-07-03 20:04:40 | INFO | my_functions.py:281 | [DEBUG] Click skipped, ninguna de las imágenes se encontró en el intento.
2026-07-03 20:04:41 | INFO | my_functions.py:247 | [DEBUG] Buscando en paralelo: ['event_has_ended_sanctum.PNG'] | timeout=0s | confidence=0.8
2026-07-03 20:04:42 | INFO | my_functions.py:281 | [DEBUG] Click skipped, ninguna de las imágenes se encontró en el intento.
2026-07-03 20:04:43 | INFO | my_functions.py:247 | [DEBUG] Buscando en paralelo: ['event_has_ended_teamclash.PNG'] | timeout=0s | confidence=0.8
2026-07-03 20:04:44 | INFO | my_functions.py:281 | [DEBUG] Click skipped, ninguna de las imágenes se encontró en el intento.
2026-07-03 20:04:45 | INFO | my_functions.py:247 | [DEBUG] Buscando en paralelo: ['image_part_of_event_grand_arena_finished.PNG'] | timeout=0s | confidence=0.8
2026-07-03 20:04:45 | INFO | my_functions.py:281 | [DEBUG] Click skipped, ninguna de las imágenes se encontró en el intento.
2026-07-03 20:04:46 | INFO | my_functions.py:169 | Searching 28_day_event_login_rewards.PNG (timeout=0s)
2026-07-03 20:04:47 | INFO | my_functions.py:213 | 
⛔ Not found: 28_day_event_login_rewards.PNG after 0.0s region=(0, 0, 765, 1038) confidence=0.8
2026-07-03 20:04:47 | INFO | my_functions.py:169 | Searching 7_day_event_login.PNG (timeout=0s)
2026-07-03 20:04:47 | INFO | my_functions.py:213 | 
⛔ Not found: 7_day_event_login.PNG after 0.0s region=(0, 0, 765, 1038) confidence=0.8
2026-07-03 20:04:47 | INFO | my_functions.py:169 | Searching 14_days_event.PNG (timeout=0s)
2026-07-03 20:04:48 | INFO | my_functions.py:213 | 
⛔ Not found: 14_days_event.PNG after 0.0s region=(0, 0, 765, 1038) confidence=0.8
2026-07-03 20:04:48 | INFO | my_functions.py:247 | [DEBUG] Buscando en paralelo: ['lets_go.PNG'] | timeout=0s | confidence=0.8
2026-07-03 20:04:48 | INFO | my_functions.py:281 | [DEBUG] Click skipped, ninguna de las imágenes se encontró en el intento.
2026-07-03 20:04:55 | ERROR | each_eight_hours.py:292 | Unhandled exception occurred
Traceback (most recent call last):
  File "Z:\SHARED FILES VM\MS\each_eight_hours.py", line 120, in <module>
    submissions = count_available_submissions()
                  ^^^^^^^^^^^^^^^^^^^^^^^^^^^^^
  File "Z:\SHARED FILES VM\MS\my_functions.py", line 526, in count_available_submissions
    with open(file_path, 'r', encoding='utf-8-sig') as f:
         ^^^^^^^^^^^^^^^^^^^^^^^^^^^^^^^^^^^^^^^^^^
FileNotFoundError: [Errno 2] No such file or directory: 'C:\\Users\\Farm\\AppData\\LocalLow\\Second Dinner\\SNAP\\Standalone\\States\\nvprod\\MissionState.json'
