2026-07-12 21:26:43 | INFO | each_eight_hours.py:36 | LOG FILE PATH: \\vmware-host\Shared Folders\SHARED FILES VM\MS\logs\each_eight_hours_2026-07-12_21-26-43.log
2026-07-12 21:26:43 | INFO | each_eight_hours.py:37 | Logger initialized
2026-07-12 21:26:43 | INFO | each_eight_hours.py:64 | Script initialized
2026-07-12 21:27:05 | INFO | my_functions.py:56 | ⏳ Esperando WebSocket de OBS...
2026-07-12 21:27:10 | INFO | baseclient.py:33 | Connecting with parameters: host='localhost' port=4455 password='' subs=0 timeout=None
2026-07-12 21:27:10 | INFO | reqs.py:23 | Successfully identified ReqClient with the server using RPC version:1
2026-07-12 21:27:10 | INFO | my_functions.py:62 | ✅ Conectado al OBS WebSocket
2026-07-12 21:27:10 | ERROR | reqs.py:59 | OBSSDKRequestError: Request GetRecordStatus returned code 207. With message: OBS is not ready to perform the request.
Traceback (most recent call last):
  File "C:\Users\Farm\AppData\Local\Programs\Python\Python311\Lib\site-packages\obsws_python\reqs.py", line 53, in send
    raise OBSSDKRequestError(
obsws_python.error.OBSSDKRequestError: Request GetRecordStatus returned code 207. With message: OBS is not ready to perform the request.
2026-07-12 21:27:11 | INFO | my_functions.py:87 | 🎬 Grabación iniciada
2026-07-12 21:27:12 | INFO | each_eight_hours.py:106 | snap.exe terminated if it was running
2026-07-12 21:27:12 | INFO | my_functions.py:1545 | ⏱ Esperando 0.1 segundos antes de empezar...
2026-07-12 21:27:12 | INFO | my_functions.py:1552 | 🔍 Esperando ventana que contenga alguna de: ['py', 'eight_hours'] (máx 20s)
2026-07-12 21:27:12 | INFO | my_functions.py:1564 | ✅ Ventana encontrada: 'each_eight_hours  - Acceso directo'
2026-07-12 21:27:12 | INFO | my_functions.py:1579 | ✅ Ventana seleccionada: 'each_eight_hours  - Acceso directo'
2026-07-12 21:27:14 | INFO | my_functions.py:1602 | 🔁 Reajuste #1...
2026-07-12 21:27:14 | INFO | my_functions.py:1609 | ✔ Verificación completa. Se hicieron 1 reajustes.
2026-07-12 21:27:14 | INFO | each_eight_hours.py:113 | Processing account: john
2026-07-12 21:27:14 | INFO | my_functions.py:1545 | ⏱ Esperando 0.1 segundos antes de empezar...
2026-07-12 21:27:14 | INFO | my_functions.py:1552 | 🔍 Esperando ventana que contenga alguna de: ['SNAP'] (máx 20s)
2026-07-12 21:27:18 | INFO | my_functions.py:1564 | ✅ Ventana encontrada: 'SNAP'
2026-07-12 21:27:18 | INFO | my_functions.py:1579 | ✅ Ventana seleccionada: 'SNAP'
2026-07-12 21:27:20 | INFO | my_functions.py:1602 | 🔁 Reajuste #1...
2026-07-12 21:27:22 | INFO | my_functions.py:1609 | ✔ Verificación completa. Se hicieron 1 reajustes.
2026-07-12 21:27:22 | INFO | my_functions.py:1206 | [DEBUG] Resizing SNAP window...
2026-07-12 21:27:22 | INFO | my_functions.py:1545 | ⏱ Esperando 0.1 segundos antes de empezar...
2026-07-12 21:27:23 | INFO | my_functions.py:1552 | 🔍 Esperando ventana que contenga alguna de: ['SNAP'] (máx 20s)
2026-07-12 21:27:23 | INFO | my_functions.py:1564 | ✅ Ventana encontrada: 'SNAP'
2026-07-12 21:27:23 | INFO | my_functions.py:1579 | ✅ Ventana seleccionada: 'SNAP'
2026-07-12 21:27:30 | INFO | my_functions.py:1611 | ✔ Verificación completa. No hubo cambios después del primer ajuste.
2026-07-12 21:27:30 | INFO | my_functions.py:247 | [DEBUG] Buscando en paralelo: ['sign_in_with_google2.PNG'] | timeout=20s | confidence=0.8
2026-07-12 21:27:50 | INFO | my_functions.py:281 | [DEBUG] Click skipped, ninguna de las imágenes se encontró en el intento.
2026-07-12 21:27:51 | INFO | my_functions.py:169 | Searching pagina_cargada.png (timeout=60s)
