2026-05-12 11:22:56 | INFO | each_eight_hours.py:39 | LOG FILE PATH: \\vmware-host\Shared Folders\SHARED FILES VM\MS\logs\each_eight_hours_2026-05-12_11-22-56.log
2026-05-12 11:22:56 | INFO | each_eight_hours.py:40 | Logger initialized
2026-05-12 11:22:56 | INFO | each_eight_hours.py:67 | Script initialized
2026-05-12 11:22:57 | INFO | each_eight_hours.py:117 | Execution started
2026-05-12 11:22:57 | INFO | each_eight_hours.py:120 | Mouse moved to initial position
2026-05-12 11:22:57 | INFO | each_eight_hours.py:127 | snap.exe terminated if it was running
2026-05-12 11:22:57 | INFO | my_functions.py:60 | ⏳ Esperando WebSocket de OBS...
2026-05-12 11:22:57 | INFO | baseclient.py:33 | Connecting with parameters: host='localhost' port=4455 password='' subs=0 timeout=None
2026-05-12 11:22:57 | INFO | reqs.py:23 | Successfully identified ReqClient with the server using RPC version:1
2026-05-12 11:22:57 | INFO | my_functions.py:66 | ✅ Conectado al OBS WebSocket
2026-05-12 11:22:57 | INFO | my_functions.py:91 | 🎬 Grabación iniciada
2026-05-12 11:22:57 | INFO | each_eight_hours.py:130 | OBS started and recording
2026-05-12 11:22:57 | INFO | my_functions.py:1668 | ⏱ Esperando 0.1 segundos antes de empezar...
2026-05-12 11:22:58 | INFO | my_functions.py:1675 | 🔍 Esperando ventana que contenga alguna de: ['py', 'eight_hours'] (máx 20s)
2026-05-12 11:22:58 | INFO | my_functions.py:1687 | ✅ Ventana encontrada: 'each_eight_hours  - Acceso directo'
2026-05-12 11:22:58 | INFO | my_functions.py:1702 | ✅ Ventana seleccionada: 'each_eight_hours  - Acceso directo'
2026-05-12 11:22:59 | ERROR | each_eight_hours.py:60 | Uncaught exception
Traceback (most recent call last):
  File "Z:\SHARED FILES VM\MS\each_eight_hours.py", line 132, in <module>
    resize_window_by_tuple2(
  File "Z:\SHARED FILES VM\MS\my_functions.py", line 1709, in resize_window_by_tuple2
    time.sleep(2)
KeyboardInterrupt
