2026-05-23 18:15:57 | INFO | each_eight_hours.py:39 | LOG FILE PATH: \\vmware-host\Shared Folders\SHARED FILES VM\MS\logs\each_eight_hours_2026-05-23_18-15-57.log
2026-05-23 18:15:57 | INFO | each_eight_hours.py:40 | Logger initialized
2026-05-23 18:15:57 | INFO | each_eight_hours.py:67 | Script initialized
2026-05-23 18:15:59 | INFO | each_eight_hours.py:128 | snap.exe terminated if it was running
2026-05-23 18:15:59 | INFO | my_functions.py:57 | ⏳ Esperando WebSocket de OBS...
2026-05-23 18:15:59 | INFO | baseclient.py:33 | Connecting with parameters: host='localhost' port=4455 password='' subs=0 timeout=None
2026-05-23 18:15:59 | INFO | reqs.py:23 | Successfully identified ReqClient with the server using RPC version:1
2026-05-23 18:15:59 | INFO | my_functions.py:63 | ✅ Conectado al OBS WebSocket
2026-05-23 18:15:59 | INFO | my_functions.py:79 | ⏹ Grabación ya estaba activa, deteniéndola...
2026-05-23 18:15:59 | INFO | baseclient.py:33 | Connecting with parameters: host='localhost' port=4455 password='' subs=0 timeout=None
2026-05-23 18:15:59 | INFO | reqs.py:23 | Successfully identified ReqClient with the server using RPC version:1
2026-05-23 18:15:59 | INFO | my_functions.py:94 | Record stopped.
2026-05-23 18:16:11 | INFO | my_functions.py:124 | Archivo renombrado a: C:\Users\Farm\Videos\my_functions_2026-05-23_18-16-11.mkv
2026-05-23 18:16:14 | INFO | my_functions.py:84 | 🎬 Nueva grabación iniciada
2026-05-23 18:16:14 | INFO | my_functions.py:1286 | ⏱ Esperando 0.1 segundos antes de empezar...
2026-05-23 18:16:14 | INFO | my_functions.py:1293 | 🔍 Esperando ventana que contenga alguna de: ['py', 'eight_hours'] (máx 20s)
2026-05-23 18:16:14 | INFO | my_functions.py:1305 | ✅ Ventana encontrada: 'each_eight_hours  - Acceso directo'
2026-05-23 18:16:14 | INFO | my_functions.py:1320 | ✅ Ventana seleccionada: 'each_eight_hours  - Acceso directo'
2026-05-23 18:16:16 | INFO | my_functions.py:1343 | 🔁 Reajuste #1...
2026-05-23 18:16:16 | INFO | my_functions.py:1350 | ✔ Verificación completa. Se hicieron 1 reajustes.
2026-05-23 18:16:46 | INFO | my_functions.py:2116 | Starting Steam window scan
2026-05-23 18:16:46 | INFO | my_functions.py:2119 | Found window: 
2026-05-23 18:16:46 | INFO | my_functions.py:2119 | Found window: each_eight_hours  - Acceso directo
2026-05-23 18:16:46 | INFO | my_functions.py:2119 | Found window: 
2026-05-23 18:16:46 | INFO | my_functions.py:2119 | Found window: 
2026-05-23 18:16:46 | INFO | my_functions.py:2119 | Found window: 
2026-05-23 18:16:46 | INFO | my_functions.py:2119 | Found window: 
2026-05-23 18:16:46 | INFO | my_functions.py:2119 | Found window: Program Manager
2026-05-23 18:16:46 | INFO | each_eight_hours.py:139 | Processing account: reeps_vm
2026-05-23 18:16:47 | INFO | each_eight_hours.py:142 | Game relaunched for account
2026-05-23 18:16:47 | INFO | my_functions.py:1286 | ⏱ Esperando 0.1 segundos antes de empezar...
2026-05-23 18:16:47 | INFO | my_functions.py:1293 | 🔍 Esperando ventana que contenga alguna de: ['SNAP'] (máx 20s)
2026-05-23 18:16:49 | INFO | my_functions.py:1305 | ✅ Ventana encontrada: 'SNAP'
2026-05-23 18:16:49 | INFO | my_functions.py:1320 | ✅ Ventana seleccionada: 'SNAP'
2026-05-23 18:16:51 | INFO | my_functions.py:1343 | 🔁 Reajuste #1...
2026-05-23 18:16:52 | INFO | my_functions.py:1350 | ✔ Verificación completa. Se hicieron 1 reajustes.
2026-05-23 18:16:52 | INFO | my_functions.py:991 | [DEBUG] Resizing SNAP window...
2026-05-23 18:16:52 | INFO | my_functions.py:1286 | ⏱ Esperando 0.1 segundos antes de empezar...
2026-05-23 18:16:52 | INFO | my_functions.py:1293 | 🔍 Esperando ventana que contenga alguna de: ['SNAP'] (máx 20s)
2026-05-23 18:16:52 | INFO | my_functions.py:1305 | ✅ Ventana encontrada: 'SNAP'
2026-05-23 18:16:52 | INFO | my_functions.py:1320 | ✅ Ventana seleccionada: 'SNAP'
2026-05-23 18:16:55 | INFO | my_functions.py:1352 | ✔ Verificación completa. No hubo cambios después del primer ajuste.
2026-05-23 18:16:55 | INFO | my_functions.py:248 | [DEBUG] Buscando en paralelo: ['small_submit.PNG', 'small_submit_hover.png', 'submit_hover_2.png', 'small_submit_hover_2.png'] | timeout=90s | confidence=0.8
2026-05-23 18:16:58 | INFO | my_functions.py:135 | Haciendo click en la posición (380, 642)
2026-05-23 18:16:58 | INFO | my_functions.py:270 | 🖱️ Click OK (En paralelo): small_submit.PNG at (380, 642) delay=0.2s
2026-05-23 18:16:59 | INFO | my_functions.py:248 | [DEBUG] Buscando en paralelo: ['small_submit.PNG', 'small_submit_hover.png', 'submit_hover_2.png', 'small_submit_hover_2.png'] | timeout=20s | confidence=0.8
2026-05-23 18:16:59 | INFO | my_functions.py:135 | Haciendo click en la posición (380, 721)
2026-05-23 18:17:00 | INFO | my_functions.py:270 | 🖱️ Click OK (En paralelo): small_submit.PNG at (380, 721) delay=0.2s
2026-05-23 18:17:01 | INFO | my_functions.py:1286 | ⏱ Esperando 0.1 segundos antes de empezar...
2026-05-23 18:17:01 | INFO | my_functions.py:1293 | 🔍 Esperando ventana que contenga alguna de: ['SNAP'] (máx 20s)
2026-05-23 18:17:01 | INFO | my_functions.py:1305 | ✅ Ventana encontrada: 'SNAP'
2026-05-23 18:17:01 | INFO | my_functions.py:1320 | ✅ Ventana seleccionada: 'SNAP'
2026-05-23 18:17:03 | INFO | my_functions.py:1343 | 🔁 Reajuste #1...
2026-05-23 18:17:04 | INFO | my_functions.py:1350 | ✔ Verificación completa. Se hicieron 1 reajustes.
2026-05-23 18:17:04 | INFO | my_functions.py:170 | Searching please_sign.png (timeout=0s)
2026-05-23 18:17:04 | INFO | my_functions.py:200 | 
✅ Found: please_sign.png pos=(383, 438) time=0.17s confidence=0.8
2026-05-23 18:17:04 | INFO | my_functions.py:248 | [DEBUG] Buscando en paralelo: ['ok_btn.png'] | timeout=20s | confidence=0.8
2026-05-23 18:17:05 | INFO | my_functions.py:135 | Haciendo click en la posición (382, 634)
2026-05-23 18:17:06 | INFO | my_functions.py:270 | 🖱️ Click OK (En paralelo): ok_btn.png at (382, 634) delay=1s
2026-05-23 18:17:07 | INFO | my_functions.py:248 | [DEBUG] Buscando en paralelo: ['small_submit.PNG', 'small_submit_hover.png', 'submit_hover_2.png', 'small_submit_hover_2.png'] | timeout=90s | confidence=0.8
2026-05-23 18:17:08 | INFO | my_functions.py:135 | Haciendo click en la posición (383, 643)
2026-05-23 18:17:08 | INFO | my_functions.py:270 | 🖱️ Click OK (En paralelo): small_submit_hover_2.png at (383, 643) delay=0.2s
2026-05-23 18:17:09 | INFO | my_functions.py:248 | [DEBUG] Buscando en paralelo: ['small_submit.PNG', 'small_submit_hover.png', 'submit_hover_2.png', 'small_submit_hover_2.png'] | timeout=20s | confidence=0.8
2026-05-23 18:17:10 | INFO | my_functions.py:135 | Haciendo click en la posición (380, 721)
2026-05-23 18:17:10 | INFO | my_functions.py:270 | 🖱️ Click OK (En paralelo): small_submit.PNG at (380, 721) delay=0.2s
2026-05-23 18:17:11 | INFO | my_functions.py:170 | Searching sign_in_with_google2.PNG (timeout=90s)
2026-05-23 18:17:11 | INFO | my_functions.py:200 | 
✅ Found: sign_in_with_google2.PNG pos=(406, 957) time=0.18s confidence=0.8
2026-05-23 18:17:11 | INFO | my_functions.py:248 | [DEBUG] Buscando en paralelo: ['sign_in_with_google2.PNG'] | timeout=20s | confidence=0.8
2026-05-23 18:17:13 | INFO | my_functions.py:135 | Haciendo click en la posición (406, 957)
2026-05-23 18:17:13 | INFO | my_functions.py:270 | 🖱️ Click OK (En paralelo): sign_in_with_google2.PNG at (406, 957) delay=1s
2026-05-23 18:17:14 | INFO | my_functions.py:248 | [DEBUG] Buscando en paralelo: ['reeps_vm.png'] | timeout=30s | confidence=0.8
2026-05-23 18:17:24 | INFO | my_functions.py:135 | Haciendo click en la posición (1126, 534)
2026-05-23 18:17:24 | INFO | my_functions.py:270 | 🖱️ Click OK (En paralelo): reeps_vm.png at (1126, 534) delay=3s
2026-05-23 18:17:25 | INFO | my_functions.py:170 | Searching marvelsnap_web.png (timeout=30s)
2026-05-23 18:17:33 | INFO | my_functions.py:200 | 
✅ Found: marvelsnap_web.png pos=(258, 80) time=8.43s confidence=0.7
2026-05-23 18:17:34 | INFO | my_functions.py:170 | Searching shop_unselected.PNG (timeout=0s)
2026-05-23 18:17:34 | INFO | my_functions.py:214 | 
⛔ Not found: shop_unselected.PNG after 0.01s region=(0, 0, 765, 1038) confidence=0.8
2026-05-23 18:17:34 | INFO | my_functions.py:248 | [DEBUG] Buscando en paralelo: ['super_premium.PNG'] | timeout=0s | confidence=0.8
2026-05-23 18:17:34 | INFO | my_functions.py:282 | [DEBUG] Click skipped, ninguna de las imágenes se encontró en el intento.
2026-05-23 18:17:35 | INFO | my_functions.py:248 | [DEBUG] Buscando en paralelo: ['maybe_later.PNG'] | timeout=0s | confidence=0.8
2026-05-23 18:17:35 | INFO | my_functions.py:282 | [DEBUG] Click skipped, ninguna de las imágenes se encontró en el intento.
2026-05-23 18:17:36 | INFO | my_functions.py:248 | [DEBUG] Buscando en paralelo: ['maybe_later2.PNG'] | timeout=0s | confidence=0.8
2026-05-23 18:17:37 | INFO | my_functions.py:282 | [DEBUG] Click skipped, ninguna de las imágenes se encontró en el intento.
2026-05-23 18:17:38 | INFO | my_functions.py:170 | Searching go_to_shop.PNG (timeout=0s)
2026-05-23 18:17:38 | INFO | my_functions.py:214 | 
⛔ Not found: go_to_shop.PNG after 0.0s region=(0, 0, 765, 1038) confidence=0.8
2026-05-23 18:17:38 | INFO | my_functions.py:248 | [DEBUG] Buscando en paralelo: ['14_days_of_winterverse.PNG'] | timeout=0s | confidence=0.8
2026-05-23 18:17:38 | INFO | my_functions.py:282 | [DEBUG] Click skipped, ninguna de las imágenes se encontró en el intento.
2026-05-23 18:17:39 | INFO | my_functions.py:170 | Searching welcome_back_calendar.PNG (timeout=0s)
2026-05-23 18:17:39 | INFO | my_functions.py:214 | 
⛔ Not found: welcome_back_calendar.PNG after 0.0s region=(0, 0, 765, 1038) confidence=0.8
2026-05-23 18:17:39 | INFO | my_functions.py:248 | [DEBUG] Buscando en paralelo: ['start_the_countdown.PNG'] | timeout=0s | confidence=0.8
2026-05-23 18:17:40 | INFO | my_functions.py:282 | [DEBUG] Click skipped, ninguna de las imágenes se encontró en el intento.
2026-05-23 18:17:41 | INFO | my_functions.py:248 | [DEBUG] Buscando en paralelo: ['event_has_ended_sanctum.PNG'] | timeout=0s | confidence=0.8
2026-05-23 18:17:41 | INFO | my_functions.py:282 | [DEBUG] Click skipped, ninguna de las imágenes se encontró en el intento.
2026-05-23 18:17:42 | INFO | my_functions.py:248 | [DEBUG] Buscando en paralelo: ['image_part_of_event_grand_arena_finished.PNG'] | timeout=0s | confidence=0.8
2026-05-23 18:17:42 | INFO | my_functions.py:282 | [DEBUG] Click skipped, ninguna de las imágenes se encontró en el intento.
2026-05-23 18:17:44 | INFO | my_functions.py:170 | Searching 28_day_event_login_rewards.PNG (timeout=0s)
2026-05-23 18:17:44 | INFO | my_functions.py:214 | 
⛔ Not found: 28_day_event_login_rewards.PNG after 0.0s region=(0, 0, 765, 1038) confidence=0.8
2026-05-23 18:17:44 | INFO | my_functions.py:170 | Searching 7_day_event_login.PNG (timeout=0s)
2026-05-23 18:17:44 | INFO | my_functions.py:214 | 
⛔ Not found: 7_day_event_login.PNG after 0.0s region=(0, 0, 765, 1038) confidence=0.8
2026-05-23 18:17:44 | INFO | my_functions.py:170 | Searching 14_days_event.PNG (timeout=0s)
2026-05-23 18:17:44 | INFO | my_functions.py:214 | 
⛔ Not found: 14_days_event.PNG after 0.0s region=(0, 0, 765, 1038) confidence=0.8
2026-05-23 18:17:44 | INFO | my_functions.py:248 | [DEBUG] Buscando en paralelo: ['lets_go.PNG'] | timeout=0s | confidence=0.8
2026-05-23 18:17:44 | INFO | my_functions.py:282 | [DEBUG] Click skipped, ninguna de las imágenes se encontró en el intento.
2026-05-23 18:17:47 | INFO | my_functions.py:170 | Searching shop_unselected.PNG (timeout=0s)
2026-05-23 18:17:47 | INFO | my_functions.py:214 | 
⛔ Not found: shop_unselected.PNG after 0.0s region=(0, 0, 765, 1038) confidence=0.8
2026-05-23 18:17:47 | INFO | my_functions.py:248 | [DEBUG] Buscando en paralelo: ['super_premium.PNG'] | timeout=0s | confidence=0.8
2026-05-23 18:17:47 | INFO | my_functions.py:282 | [DEBUG] Click skipped, ninguna de las imágenes se encontró en el intento.
2026-05-23 18:17:48 | INFO | my_functions.py:248 | [DEBUG] Buscando en paralelo: ['maybe_later.PNG'] | timeout=0s | confidence=0.8
2026-05-23 18:17:48 | INFO | my_functions.py:282 | [DEBUG] Click skipped, ninguna de las imágenes se encontró en el intento.
2026-05-23 18:17:49 | INFO | my_functions.py:248 | [DEBUG] Buscando en paralelo: ['maybe_later2.PNG'] | timeout=0s | confidence=0.8
2026-05-23 18:17:50 | INFO | my_functions.py:282 | [DEBUG] Click skipped, ninguna de las imágenes se encontró en el intento.
2026-05-23 18:17:51 | INFO | my_functions.py:170 | Searching go_to_shop.PNG (timeout=0s)
2026-05-23 18:17:51 | INFO | my_functions.py:214 | 
⛔ Not found: go_to_shop.PNG after 0.0s region=(0, 0, 765, 1038) confidence=0.8
2026-05-23 18:17:51 | INFO | my_functions.py:248 | [DEBUG] Buscando en paralelo: ['14_days_of_winterverse.PNG'] | timeout=0s | confidence=0.8
2026-05-23 18:17:51 | INFO | my_functions.py:282 | [DEBUG] Click skipped, ninguna de las imágenes se encontró en el intento.
2026-05-23 18:17:52 | INFO | my_functions.py:170 | Searching welcome_back_calendar.PNG (timeout=0s)
2026-05-23 18:17:52 | INFO | my_functions.py:214 | 
⛔ Not found: welcome_back_calendar.PNG after 0.0s region=(0, 0, 765, 1038) confidence=0.8
2026-05-23 18:17:52 | INFO | my_functions.py:248 | [DEBUG] Buscando en paralelo: ['start_the_countdown.PNG'] | timeout=0s | confidence=0.8
2026-05-23 18:17:53 | INFO | my_functions.py:282 | [DEBUG] Click skipped, ninguna de las imágenes se encontró en el intento.
2026-05-23 18:17:54 | INFO | my_functions.py:248 | [DEBUG] Buscando en paralelo: ['event_has_ended_sanctum.PNG'] | timeout=0s | confidence=0.8
2026-05-23 18:17:55 | INFO | my_functions.py:135 | Haciendo click en la posición (383, 216)
2026-05-23 18:17:55 | INFO | my_functions.py:270 | 🖱️ Click OK (En paralelo): event_has_ended_sanctum.PNG at (383, 216) delay=1s
2026-05-23 18:17:56 | INFO | my_functions.py:143 | Presionando ESC (1/1)
2026-05-23 18:17:57 | INFO | my_functions.py:170 | Searching claim!.PNG (timeout=5s)
2026-05-23 18:18:02 | INFO | my_functions.py:214 | 
⛔ Not found: claim!.PNG after 5.05s region=(0, 0, 765, 1038) confidence=0.8
2026-05-23 18:18:10 | INFO | my_functions.py:170 | Searching shop_unselected.PNG (timeout=0s)
2026-05-23 18:18:11 | INFO | my_functions.py:214 | 
⛔ Not found: shop_unselected.PNG after 0.0s region=(0, 0, 765, 1038) confidence=0.8
2026-05-23 18:18:12 | INFO | my_functions.py:170 | Searching shop_unselected.PNG (timeout=0s)
2026-05-23 18:18:12 | INFO | my_functions.py:214 | 
⛔ Not found: shop_unselected.PNG after 0.0s region=(0, 0, 765, 1038) confidence=0.8
2026-05-23 18:18:12 | INFO | my_functions.py:248 | [DEBUG] Buscando en paralelo: ['super_premium.PNG'] | timeout=0s | confidence=0.8
2026-05-23 18:18:12 | INFO | my_functions.py:282 | [DEBUG] Click skipped, ninguna de las imágenes se encontró en el intento.
2026-05-23 18:18:13 | INFO | my_functions.py:248 | [DEBUG] Buscando en paralelo: ['maybe_later.PNG'] | timeout=0s | confidence=0.8
2026-05-23 18:18:13 | INFO | my_functions.py:282 | [DEBUG] Click skipped, ninguna de las imágenes se encontró en el intento.
2026-05-23 18:18:14 | INFO | my_functions.py:248 | [DEBUG] Buscando en paralelo: ['maybe_later2.PNG'] | timeout=0s | confidence=0.8
2026-05-23 18:18:15 | INFO | my_functions.py:282 | [DEBUG] Click skipped, ninguna de las imágenes se encontró en el intento.
2026-05-23 18:18:16 | INFO | my_functions.py:170 | Searching go_to_shop.PNG (timeout=0s)
2026-05-23 18:18:16 | INFO | my_functions.py:214 | 
⛔ Not found: go_to_shop.PNG after 0.0s region=(0, 0, 765, 1038) confidence=0.8
2026-05-23 18:18:16 | INFO | my_functions.py:248 | [DEBUG] Buscando en paralelo: ['14_days_of_winterverse.PNG'] | timeout=0s | confidence=0.8
2026-05-23 18:18:16 | INFO | my_functions.py:282 | [DEBUG] Click skipped, ninguna de las imágenes se encontró en el intento.
2026-05-23 18:18:17 | INFO | my_functions.py:170 | Searching welcome_back_calendar.PNG (timeout=0s)
2026-05-23 18:18:17 | INFO | my_functions.py:214 | 
⛔ Not found: welcome_back_calendar.PNG after 0.0s region=(0, 0, 765, 1038) confidence=0.8
2026-05-23 18:18:17 | INFO | my_functions.py:248 | [DEBUG] Buscando en paralelo: ['start_the_countdown.PNG'] | timeout=0s | confidence=0.8
2026-05-23 18:18:18 | INFO | my_functions.py:282 | [DEBUG] Click skipped, ninguna de las imágenes se encontró en el intento.
2026-05-23 18:18:19 | INFO | my_functions.py:248 | [DEBUG] Buscando en paralelo: ['event_has_ended_sanctum.PNG'] | timeout=0s | confidence=0.8
2026-05-23 18:18:20 | INFO | my_functions.py:135 | Haciendo click en la posición (383, 216)
2026-05-23 18:18:20 | INFO | my_functions.py:270 | 🖱️ Click OK (En paralelo): event_has_ended_sanctum.PNG at (383, 216) delay=1s
2026-05-23 18:18:21 | INFO | my_functions.py:143 | Presionando ESC (1/1)
2026-05-23 18:18:22 | INFO | my_functions.py:170 | Searching claim!.PNG (timeout=5s)
2026-05-23 18:18:27 | INFO | my_functions.py:214 | 
⛔ Not found: claim!.PNG after 5.13s region=(0, 0, 765, 1038) confidence=0.8
2026-05-23 18:18:35 | INFO | my_functions.py:170 | Searching shop_unselected.PNG (timeout=0s)
2026-05-23 18:18:36 | INFO | my_functions.py:200 | 
✅ Found: shop_unselected.PNG pos=(88, 961) time=0.45s confidence=0.8
2026-05-23 18:18:36 | INFO | my_functions.py:518 | Ya esta listo
2026-05-23 18:18:38 | INFO | my_functions.py:330 | AVAILABLE: 6
2026-05-23 18:18:38 | INFO | my_functions.py:352 | Misiones completadas: 0
2026-05-23 18:18:38 | INFO | my_functions.py:170 | Searching play.PNG (timeout=0s)
2026-05-23 18:18:39 | INFO | my_functions.py:200 | 
✅ Found: play.PNG pos=(384, 824) time=0.37s confidence=0.8
2026-05-23 18:18:39 | INFO | my_functions.py:1181 | [INFO] Click realizado donde se equipa el deck a jugar
2026-05-23 18:18:43 | INFO | my_functions.py:248 | [DEBUG] Buscando en paralelo: ['deck_666666.png'] | timeout=3s | confidence=0.8
2026-05-23 18:18:44 | INFO | my_functions.py:135 | Haciendo click en la posición (235, 547)
2026-05-23 18:18:44 | INFO | my_functions.py:270 | 🖱️ Click OK (En paralelo): deck_666666.png at (235, 547) delay=1s
2026-05-23 18:18:45 | INFO | my_functions.py:248 | [DEBUG] Buscando en paralelo: ['equip.png'] | timeout=3s | confidence=0.95
2026-05-23 18:18:49 | INFO | my_functions.py:282 | [DEBUG] Click skipped, ninguna de las imágenes se encontró en el intento.
2026-05-23 18:18:50 | INFO | my_functions.py:143 | Presionando ESC (1/1)
2026-05-23 18:18:50 | INFO | each_eight_hours.py:166 | Deck selected: 6turns
2026-05-23 18:18:50 | INFO | my_functions.py:248 | [DEBUG] Buscando en paralelo: ['maybe_later.PNG'] | timeout=2s | confidence=0.8
2026-05-23 18:18:52 | INFO | my_functions.py:282 | [DEBUG] Click skipped, ninguna de las imágenes se encontró en el intento.
2026-05-23 18:18:53 | INFO | my_functions.py:248 | [DEBUG] Buscando en paralelo: ['maybe_later2.PNG'] | timeout=0.01s | confidence=0.8
2026-05-23 18:18:54 | INFO | my_functions.py:282 | [DEBUG] Click skipped, ninguna de las imágenes se encontró en el intento.
2026-05-23 18:18:55 | INFO | each_eight_hours.py:221 | Starting game loop 1
2026-05-23 18:18:55 | INFO | my_functions.py:248 | [DEBUG] Buscando en paralelo: ['play.PNG'] | timeout=20s | confidence=0.8
2026-05-23 18:18:58 | INFO | my_functions.py:135 | Haciendo click en la posición (384, 824)
2026-05-23 18:18:58 | INFO | my_functions.py:270 | 🖱️ Click OK (En paralelo): play.PNG at (384, 824) delay=3s
2026-05-23 18:19:23 | INFO | my_functions.py:200 | 
✅ Found: end_turn.PNG pos=(681, 945) time=0.21s confidence=0.8
2026-05-23 18:19:23 | INFO | my_functions.py:248 | [DEBUG] Buscando en paralelo: ['snap.PNG'] | timeout=0s | confidence=0.8
2026-05-23 18:19:25 | INFO | my_functions.py:135 | Haciendo click en la posición (386, 123)
2026-05-23 18:19:25 | INFO | my_functions.py:270 | 🖱️ Click OK (En paralelo): snap.PNG at (386, 123) delay=1s
2026-05-23 18:19:31 | INFO | my_functions.py:135 | Haciendo click en la posición (681, 945)
2026-05-23 18:19:32 | INFO | each_eight_hours.py:237 | End turn executed
2026-05-23 18:19:44 | INFO | my_functions.py:200 | 
✅ Found: end_turn.PNG pos=(681, 945) time=0.21s confidence=0.8
2026-05-23 18:19:44 | INFO | my_functions.py:248 | [DEBUG] Buscando en paralelo: ['snap.PNG'] | timeout=0s | confidence=0.8
2026-05-23 18:19:44 | INFO | my_functions.py:282 | [DEBUG] Click skipped, ninguna de las imágenes se encontró en el intento.
2026-05-23 18:19:50 | INFO | my_functions.py:135 | Haciendo click en la posición (681, 945)
2026-05-23 18:19:52 | INFO | each_eight_hours.py:237 | End turn executed
2026-05-23 18:20:00 | INFO | my_functions.py:200 | 
✅ Found: end_turn.PNG pos=(681, 945) time=0.22s confidence=0.8
2026-05-23 18:20:00 | INFO | my_functions.py:248 | [DEBUG] Buscando en paralelo: ['snap.PNG'] | timeout=0s | confidence=0.8
2026-05-23 18:20:00 | INFO | my_functions.py:282 | [DEBUG] Click skipped, ninguna de las imágenes se encontró en el intento.
2026-05-23 18:20:06 | INFO | my_functions.py:135 | Haciendo click en la posición (681, 945)
2026-05-23 18:20:07 | INFO | each_eight_hours.py:237 | End turn executed
2026-05-23 18:20:15 | INFO | my_functions.py:200 | 
✅ Found: end_turn.PNG pos=(681, 945) time=0.2s confidence=0.8
2026-05-23 18:20:15 | INFO | my_functions.py:248 | [DEBUG] Buscando en paralelo: ['snap.PNG'] | timeout=0s | confidence=0.8
2026-05-23 18:20:15 | INFO | my_functions.py:282 | [DEBUG] Click skipped, ninguna de las imágenes se encontró en el intento.
2026-05-23 18:20:21 | INFO | my_functions.py:135 | Haciendo click en la posición (681, 945)
2026-05-23 18:20:22 | INFO | each_eight_hours.py:237 | End turn executed
2026-05-23 18:20:46 | INFO | my_functions.py:200 | 
✅ Found: end_turn.PNG pos=(681, 945) time=0.18s confidence=0.8
2026-05-23 18:20:46 | INFO | my_functions.py:248 | [DEBUG] Buscando en paralelo: ['snap.PNG'] | timeout=0s | confidence=0.8
2026-05-23 18:20:46 | INFO | my_functions.py:282 | [DEBUG] Click skipped, ninguna de las imágenes se encontró en el intento.
2026-05-23 18:20:52 | INFO | my_functions.py:135 | Haciendo click en la posición (681, 945)
2026-05-23 18:20:53 | INFO | each_eight_hours.py:237 | End turn executed
2026-05-23 18:21:05 | INFO | my_functions.py:200 | 
✅ Found: end_turn.PNG pos=(681, 945) time=0.19s confidence=0.8
2026-05-23 18:21:05 | INFO | my_functions.py:248 | [DEBUG] Buscando en paralelo: ['snap.PNG'] | timeout=0s | confidence=0.8
2026-05-23 18:21:05 | INFO | my_functions.py:282 | [DEBUG] Click skipped, ninguna de las imágenes se encontró en el intento.
2026-05-23 18:21:11 | INFO | my_functions.py:135 | Haciendo click en la posición (681, 945)
2026-05-23 18:21:12 | INFO | each_eight_hours.py:237 | End turn executed
2026-05-23 18:21:40 | INFO | my_functions.py:200 | 
✅ Found: collect_rewards.PNG pos=(679, 965) time=0.21s confidence=0.8
2026-05-23 18:21:40 | INFO | each_eight_hours.py:276 | Rewards detected, exiting match
2026-05-23 18:21:40 | INFO | my_functions.py:248 | [DEBUG] Buscando en paralelo: ['collect_rewards.PNG'] | timeout=20s | confidence=0.8
2026-05-23 18:21:41 | INFO | my_functions.py:135 | Haciendo click en la posición (679, 958)
2026-05-23 18:21:41 | INFO | my_functions.py:270 | 🖱️ Click OK (En paralelo): collect_rewards.PNG at (679, 958) delay=1s
2026-05-23 18:21:43 | INFO | my_functions.py:248 | [DEBUG] Buscando en paralelo: ['next.PNG'] | timeout=20s | confidence=0.8
2026-05-23 18:21:46 | INFO | my_functions.py:135 | Haciendo click en la posición (677, 973)
2026-05-23 18:21:46 | INFO | my_functions.py:270 | 🖱️ Click OK (En paralelo): next.PNG at (677, 973) delay=1s
2026-05-23 18:21:49 | INFO | my_functions.py:330 | AVAILABLE: 6
2026-05-23 18:21:49 | INFO | each_eight_hours.py:343 | Submissions after match: 6
2026-05-23 18:21:49 | INFO | my_functions.py:352 | Misiones completadas: 2
2026-05-23 18:21:49 | INFO | each_eight_hours.py:347 | Submission condition met, breaking loop
2026-05-23 18:21:49 | INFO | my_functions.py:248 | [DEBUG] Buscando en paralelo: ['missionsNotify2.png'] | timeout=20s | confidence=0.8
2026-05-23 18:21:52 | INFO | my_functions.py:135 | Haciendo click en la posición (538, 124)
2026-05-23 18:21:53 | INFO | my_functions.py:270 | 🖱️ Click OK (En paralelo): missionsNotify2.png at (538, 124) delay=3s
2026-05-23 18:21:54 | INFO | my_functions.py:1211 | [INFO] Iniciando click_missions_blue2
2026-05-23 18:21:54 | INFO | my_functions.py:135 | Haciendo click en la posición (150, 132)
2026-05-23 18:21:55 | INFO | my_functions.py:1214 | [ACTION] Click hecho en icono de calendario que me dirige a las misiones ordinarias
2026-05-23 18:21:55 | INFO | my_functions.py:170 | Searching bonus_challenge.png (timeout=0s)
2026-05-23 18:21:55 | INFO | my_functions.py:214 | 
⛔ Not found: bonus_challenge.png after 0.0s region=(0, 0, 765, 1038) confidence=0.8
2026-05-23 18:21:57 | INFO | my_functions.py:135 | Haciendo click en la posición (362, 493)
2026-05-23 18:21:58 | INFO | my_functions.py:1227 | [ACTION] Click 1/2 en misión azul
2026-05-23 18:21:59 | INFO | my_functions.py:135 | Haciendo click en la posición (362, 493)
2026-05-23 18:22:00 | INFO | my_functions.py:1227 | [ACTION] Click 2/2 en misión azul
2026-05-23 18:22:01 | INFO | my_functions.py:170 | Searching flechita_mission.PNG (timeout=0s)
2026-05-23 18:22:01 | INFO | my_functions.py:214 | 
⛔ Not found: flechita_mission.PNG after 0.0s region=(0, 0, 765, 1038) confidence=0.8
2026-05-23 18:22:01 | INFO | my_functions.py:248 | [DEBUG] Buscando en paralelo: ['weekly3.PNG'] | timeout=0s | confidence=0.8
2026-05-23 18:22:01 | INFO | my_functions.py:282 | [DEBUG] Click skipped, ninguna de las imágenes se encontró en el intento.
2026-05-23 18:22:02 | INFO | my_functions.py:248 | [DEBUG] Buscando en paralelo: ['weekly3.PNG'] | timeout=0s | confidence=0.8
2026-05-23 18:22:02 | INFO | my_functions.py:282 | [DEBUG] Click skipped, ninguna de las imágenes se encontró en el intento.
2026-05-23 18:22:03 | INFO | my_functions.py:135 | Haciendo click en la posición (557, 64)
2026-05-23 18:22:05 | INFO | my_functions.py:248 | [DEBUG] Buscando en paralelo: ['cards_shop.PNG'] | timeout=20s | confidence=0.8
2026-05-23 18:22:06 | INFO | my_functions.py:135 | Haciendo click en la posición (568, 121)
2026-05-23 18:22:07 | INFO | my_functions.py:270 | 🖱️ Click OK (En paralelo): cards_shop.PNG at (568, 121) delay=1s
2026-05-23 18:22:08 | INFO | my_functions.py:248 | [DEBUG] Buscando en paralelo: ['token_icon.PNG'] | timeout=20s | confidence=0.8
2026-05-23 18:22:09 | INFO | my_functions.py:135 | Haciendo click en la posición (693, 171)
2026-05-23 18:22:09 | INFO | my_functions.py:270 | 🖱️ Click OK (En paralelo): token_icon.PNG at (693, 171) delay=1s
2026-05-23 18:22:12 | INFO | my_functions.py:248 | [DEBUG] Buscando en paralelo: ['claim!_token_3.PNG'] | timeout=4s | confidence=0.8
2026-05-23 18:22:14 | INFO | my_functions.py:135 | Haciendo click en la posición (231, 573)
2026-05-23 18:22:14 | INFO | my_functions.py:270 | 🖱️ Click OK (En paralelo): claim!_token_3.PNG at (231, 573) delay=1s
2026-05-23 18:22:15 | INFO | my_functions.py:248 | [DEBUG] Buscando en paralelo: ['offers.PNG'] | timeout=0.1s | confidence=0.8
2026-05-23 18:22:16 | INFO | my_functions.py:135 | Haciendo click en la posición (197, 122)
2026-05-23 18:22:16 | INFO | my_functions.py:270 | 🖱️ Click OK (En paralelo): offers.PNG at (197, 122) delay=1s
2026-05-23 18:22:17 | INFO | my_functions.py:248 | [DEBUG] Buscando en paralelo: ['credits_selected.png'] | timeout=0.1s | confidence=0.8
2026-05-23 18:22:18 | INFO | my_functions.py:282 | [DEBUG] Click skipped, ninguna de las imágenes se encontró en el intento.
2026-05-23 18:22:19 | INFO | my_functions.py:248 | [DEBUG] Buscando en paralelo: ['credits.PNG'] | timeout=0.1s | confidence=0.95
2026-05-23 18:22:20 | INFO | my_functions.py:135 | Haciendo click en la posición (442, 172)
2026-05-23 18:22:20 | INFO | my_functions.py:270 | 🖱️ Click OK (En paralelo): credits.PNG at (442, 172) delay=1s
2026-05-23 18:22:23 | INFO | my_functions.py:248 | [DEBUG] Buscando en paralelo: ['claim_25_credits.png'] | timeout=2s | confidence=0.8
2026-05-23 18:22:24 | INFO | my_functions.py:135 | Haciendo click en la posición (236, 328)
2026-05-23 18:22:24 | INFO | my_functions.py:270 | 🖱️ Click OK (En paralelo): claim_25_credits.png at (236, 328) delay=1s
2026-05-23 18:22:25 | INFO | my_functions.py:248 | [DEBUG] Buscando en paralelo: ['cards_shop.PNG'] | timeout=20s | confidence=0.8
2026-05-23 18:22:27 | INFO | my_functions.py:135 | Haciendo click en la posición (568, 121)
2026-05-23 18:22:27 | INFO | my_functions.py:270 | 🖱️ Click OK (En paralelo): cards_shop.PNG at (568, 121) delay=1s
2026-05-23 18:22:28 | INFO | my_functions.py:248 | [DEBUG] Buscando en paralelo: ['offers.PNG'] | timeout=20s | confidence=0.8
2026-05-23 18:22:29 | INFO | my_functions.py:135 | Haciendo click en la posición (197, 121)
2026-05-23 18:22:29 | INFO | my_functions.py:270 | 🖱️ Click OK (En paralelo): offers.PNG at (197, 121) delay=1s
2026-05-23 18:22:30 | INFO | my_functions.py:1111 | [INFO] Iniciando mejora de cartas
2026-05-23 18:22:30 | INFO | my_functions.py:248 | [DEBUG] Buscando en paralelo: ['upgrade_cards_icon.PNG'] | timeout=20s | confidence=0.8
2026-05-23 18:22:32 | INFO | my_functions.py:135 | Haciendo click en la posición (322, 170)
2026-05-23 18:22:32 | INFO | my_functions.py:270 | 🖱️ Click OK (En paralelo): upgrade_cards_icon.PNG at (322, 170) delay=1s
2026-05-23 18:22:33 | INFO | my_functions.py:1115 | [INFO] Abriendo icono de upgrade_cards
2026-05-23 18:22:34 | INFO | my_functions.py:1121 | [STEP] Mejorando carta 1
2026-05-23 18:22:34 | INFO | my_functions.py:1125 | [ACTION] Click en carta 1
2026-05-23 18:22:35 | INFO | my_functions.py:1130 | [ACTION] Click en botón upgrade
2026-05-23 18:22:42 | INFO | my_functions.py:248 | [DEBUG] Buscando en paralelo: ['you_need_more_credits!.png'] | timeout=3s | confidence=0.8
2026-05-23 18:22:45 | INFO | my_functions.py:282 | [DEBUG] Click skipped, ninguna de las imágenes se encontró en el intento.
2026-05-23 18:22:52 | INFO | my_functions.py:1145 | [ACTION] Click para continuar a stage de nivel de coleccion
2026-05-23 18:22:57 | INFO | my_functions.py:143 | Presionando ESC (1/1)
2026-05-23 18:22:57 | INFO | my_functions.py:1150 | [ACTION] Saliendo de stage nivel de coleccion con ESC
2026-05-23 18:22:58 | INFO | my_functions.py:248 | [DEBUG] Buscando en paralelo: ['upgrade_cards_icon_selected.PNG'] | timeout=0s | confidence=0.8
2026-05-23 18:22:59 | INFO | my_functions.py:135 | Haciendo click en la posición (320, 173)
2026-05-23 18:23:00 | INFO | my_functions.py:270 | 🖱️ Click OK (En paralelo): upgrade_cards_icon_selected.PNG at (320, 173) delay=1s
2026-05-23 18:23:01 | INFO | my_functions.py:1170 | [INFO] Reabriendo icono de upgrade_cards
2026-05-23 18:23:02 | INFO | my_functions.py:1121 | [STEP] Mejorando carta 2
2026-05-23 18:23:02 | INFO | my_functions.py:1125 | [ACTION] Click en carta 2
2026-05-23 18:23:03 | INFO | my_functions.py:1130 | [ACTION] Click en botón upgrade
2026-05-23 18:23:10 | INFO | my_functions.py:248 | [DEBUG] Buscando en paralelo: ['you_need_more_credits!.png'] | timeout=3s | confidence=0.8
2026-05-23 18:23:11 | INFO | my_functions.py:135 | Haciendo click en la posición (381, 345)
2026-05-23 18:23:11 | INFO | my_functions.py:270 | 🖱️ Click OK (En paralelo): you_need_more_credits!.png at (381, 345) delay=1s
2026-05-23 18:23:13 | INFO | my_functions.py:143 | Presionando ESC (1/2)
2026-05-23 18:23:13 | INFO | my_functions.py:143 | Presionando ESC (2/2)
2026-05-23 18:23:16 | INFO | my_functions.py:1173 | [INFO] Mejora de cartas completada ✅
2026-05-23 18:23:16 | INFO | my_functions.py:143 | Presionando ESC (1/1)
2026-05-23 18:23:16 | INFO | my_functions.py:248 | [DEBUG] Buscando en paralelo: ['nut.png'] | timeout=20s | confidence=0.8
2026-05-23 18:23:18 | INFO | my_functions.py:135 | Haciendo click en la posición (184, 78)
2026-05-23 18:23:18 | INFO | my_functions.py:270 | 🖱️ Click OK (En paralelo): nut.png at (184, 78) delay=1s
2026-05-23 18:23:19 | INFO | my_functions.py:248 | [DEBUG] Buscando en paralelo: ['graphics_quality.png'] | timeout=3s | confidence=0.8
2026-05-23 18:23:20 | INFO | my_functions.py:135 | Haciendo click en la posición (304, 644)
2026-05-23 18:23:20 | INFO | my_functions.py:270 | 🖱️ Click OK (En paralelo): graphics_quality.png at (304, 644) delay=1s
2026-05-23 18:23:22 | INFO | my_functions.py:248 | [DEBUG] Buscando en paralelo: ['sign_out.png'] | timeout=20s | confidence=0.8
2026-05-23 18:23:24 | INFO | my_functions.py:135 | Haciendo click en la posición (380, 796)
2026-05-23 18:23:24 | INFO | my_functions.py:270 | 🖱️ Click OK (En paralelo): sign_out.png at (380, 796) delay=1s
2026-05-23 18:23:26 | INFO | my_functions.py:248 | [DEBUG] Buscando en paralelo: ['sign_out_grande.png'] | timeout=20s | confidence=0.8
2026-05-23 18:23:27 | INFO | my_functions.py:135 | Haciendo click en la posición (359, 437)
2026-05-23 18:23:27 | INFO | my_functions.py:270 | 🖱️ Click OK (En paralelo): sign_out_grande.png at (359, 437) delay=1s
2026-05-23 18:23:28 | INFO | my_functions.py:248 | [DEBUG] Buscando en paralelo: ['sign_out2.png'] | timeout=20s | confidence=0.8
2026-05-23 18:23:30 | INFO | my_functions.py:135 | Haciendo click en la posición (383, 634)
2026-05-23 18:23:30 | INFO | my_functions.py:270 | 🖱️ Click OK (En paralelo): sign_out2.png at (383, 634) delay=1s
2026-05-23 18:23:31 | INFO | my_functions.py:1286 | ⏱ Esperando 0.1 segundos antes de empezar...
2026-05-23 18:23:31 | INFO | my_functions.py:1293 | 🔍 Esperando ventana que contenga alguna de: SNAP (máx 20s)
2026-05-23 18:23:31 | INFO | my_functions.py:1305 | ✅ Ventana encontrada: 'SNAP'
2026-05-23 18:23:31 | INFO | my_functions.py:1320 | ✅ Ventana seleccionada: 'SNAP'
2026-05-23 18:23:33 | INFO | my_functions.py:1343 | 🔁 Reajuste #1...
2026-05-23 18:23:35 | INFO | my_functions.py:1350 | ✔ Verificación completa. Se hicieron 1 reajustes.
2026-05-23 18:23:39 | INFO | each_eight_hours.py:139 | Processing account: overture_vm
2026-05-23 18:23:39 | INFO | each_eight_hours.py:142 | Game relaunched for account
2026-05-23 18:23:39 | INFO | my_functions.py:1286 | ⏱ Esperando 0.1 segundos antes de empezar...
2026-05-23 18:23:40 | INFO | my_functions.py:1293 | 🔍 Esperando ventana que contenga alguna de: ['SNAP'] (máx 20s)
2026-05-23 18:23:43 | INFO | my_functions.py:1305 | ✅ Ventana encontrada: 'SNAP'
2026-05-23 18:23:43 | INFO | my_functions.py:1320 | ✅ Ventana seleccionada: 'SNAP'
2026-05-23 18:23:45 | INFO | my_functions.py:1352 | ✔ Verificación completa. No hubo cambios después del primer ajuste.
2026-05-23 18:23:45 | INFO | my_functions.py:991 | [DEBUG] Resizing SNAP window...
2026-05-23 18:23:45 | INFO | my_functions.py:1286 | ⏱ Esperando 0.1 segundos antes de empezar...
2026-05-23 18:23:45 | INFO | my_functions.py:1293 | 🔍 Esperando ventana que contenga alguna de: ['SNAP'] (máx 20s)
2026-05-23 18:23:45 | INFO | my_functions.py:1305 | ✅ Ventana encontrada: 'SNAP'
2026-05-23 18:23:45 | INFO | my_functions.py:1320 | ✅ Ventana seleccionada: 'SNAP'
2026-05-23 18:23:48 | INFO | my_functions.py:1352 | ✔ Verificación completa. No hubo cambios después del primer ajuste.
2026-05-23 18:23:48 | INFO | my_functions.py:248 | [DEBUG] Buscando en paralelo: ['small_submit.PNG', 'small_submit_hover.png', 'submit_hover_2.png', 'small_submit_hover_2.png'] | timeout=90s | confidence=0.8
2026-05-23 18:23:53 | INFO | my_functions.py:135 | Haciendo click en la posición (380, 642)
2026-05-23 18:23:53 | INFO | my_functions.py:270 | 🖱️ Click OK (En paralelo): small_submit.PNG at (380, 642) delay=0.2s
2026-05-23 18:23:54 | INFO | my_functions.py:248 | [DEBUG] Buscando en paralelo: ['small_submit.PNG', 'small_submit_hover.png', 'submit_hover_2.png', 'small_submit_hover_2.png'] | timeout=20s | confidence=0.8
2026-05-23 18:23:54 | INFO | my_functions.py:135 | Haciendo click en la posición (380, 721)
2026-05-23 18:23:55 | INFO | my_functions.py:270 | 🖱️ Click OK (En paralelo): small_submit.PNG at (380, 721) delay=0.2s
2026-05-23 18:23:56 | INFO | my_functions.py:1286 | ⏱ Esperando 0.1 segundos antes de empezar...
2026-05-23 18:23:56 | INFO | my_functions.py:1293 | 🔍 Esperando ventana que contenga alguna de: ['SNAP'] (máx 20s)
2026-05-23 18:23:56 | INFO | my_functions.py:1305 | ✅ Ventana encontrada: 'SNAP'
2026-05-23 18:23:56 | INFO | my_functions.py:1320 | ✅ Ventana seleccionada: 'SNAP'
2026-05-23 18:23:58 | INFO | my_functions.py:1343 | 🔁 Reajuste #1...
2026-05-23 18:23:59 | INFO | my_functions.py:1350 | ✔ Verificación completa. Se hicieron 1 reajustes.
2026-05-23 18:23:59 | INFO | my_functions.py:170 | Searching please_sign.png (timeout=0s)
2026-05-23 18:23:59 | INFO | my_functions.py:200 | 
✅ Found: please_sign.png pos=(383, 438) time=0.18s confidence=0.8
2026-05-23 18:23:59 | INFO | my_functions.py:248 | [DEBUG] Buscando en paralelo: ['ok_btn.png'] | timeout=20s | confidence=0.8
2026-05-23 18:24:00 | INFO | my_functions.py:135 | Haciendo click en la posición (382, 634)
2026-05-23 18:24:00 | INFO | my_functions.py:270 | 🖱️ Click OK (En paralelo): ok_btn.png at (382, 634) delay=1s
2026-05-23 18:24:02 | INFO | my_functions.py:248 | [DEBUG] Buscando en paralelo: ['small_submit.PNG', 'small_submit_hover.png', 'submit_hover_2.png', 'small_submit_hover_2.png'] | timeout=90s | confidence=0.8
2026-05-23 18:24:03 | INFO | my_functions.py:135 | Haciendo click en la posición (383, 643)
2026-05-23 18:24:03 | INFO | my_functions.py:270 | 🖱️ Click OK (En paralelo): small_submit_hover_2.png at (383, 643) delay=0.2s
2026-05-23 18:24:04 | INFO | my_functions.py:248 | [DEBUG] Buscando en paralelo: ['small_submit.PNG', 'small_submit_hover.png', 'submit_hover_2.png', 'small_submit_hover_2.png'] | timeout=20s | confidence=0.8
2026-05-23 18:24:05 | INFO | my_functions.py:135 | Haciendo click en la posición (380, 721)
2026-05-23 18:24:05 | INFO | my_functions.py:270 | 🖱️ Click OK (En paralelo): small_submit.PNG at (380, 721) delay=0.2s
2026-05-23 18:24:06 | INFO | my_functions.py:170 | Searching sign_in_with_google2.PNG (timeout=90s)
2026-05-23 18:24:06 | INFO | my_functions.py:200 | 
✅ Found: sign_in_with_google2.PNG pos=(406, 957) time=0.16s confidence=0.8
2026-05-23 18:24:06 | INFO | my_functions.py:248 | [DEBUG] Buscando en paralelo: ['sign_in_with_google2.PNG'] | timeout=20s | confidence=0.8
2026-05-23 18:24:07 | INFO | my_functions.py:135 | Haciendo click en la posición (406, 957)
2026-05-23 18:24:08 | INFO | my_functions.py:270 | 🖱️ Click OK (En paralelo): sign_in_with_google2.PNG at (406, 957) delay=1s
2026-05-23 18:24:09 | INFO | my_functions.py:248 | [DEBUG] Buscando en paralelo: ['overture_vm.png'] | timeout=30s | confidence=0.8
2026-05-23 18:24:15 | INFO | my_functions.py:135 | Haciendo click en la posición (1126, 447)
2026-05-23 18:24:15 | INFO | my_functions.py:270 | 🖱️ Click OK (En paralelo): overture_vm.png at (1126, 447) delay=3s
2026-05-23 18:24:16 | INFO | my_functions.py:170 | Searching marvelsnap_web.png (timeout=30s)
2026-05-23 18:24:23 | INFO | my_functions.py:200 | 
✅ Found: marvelsnap_web.png pos=(258, 80) time=6.56s confidence=0.7
2026-05-23 18:24:23 | INFO | my_functions.py:170 | Searching shop_unselected.PNG (timeout=0s)
2026-05-23 18:24:23 | INFO | my_functions.py:214 | 
⛔ Not found: shop_unselected.PNG after 0.0s region=(0, 0, 765, 1038) confidence=0.8
2026-05-23 18:24:23 | INFO | my_functions.py:248 | [DEBUG] Buscando en paralelo: ['super_premium.PNG'] | timeout=0s | confidence=0.8
2026-05-23 18:24:24 | INFO | my_functions.py:282 | [DEBUG] Click skipped, ninguna de las imágenes se encontró en el intento.
2026-05-23 18:24:25 | INFO | my_functions.py:248 | [DEBUG] Buscando en paralelo: ['maybe_later.PNG'] | timeout=0s | confidence=0.8
2026-05-23 18:24:25 | INFO | my_functions.py:282 | [DEBUG] Click skipped, ninguna de las imágenes se encontró en el intento.
2026-05-23 18:24:26 | INFO | my_functions.py:248 | [DEBUG] Buscando en paralelo: ['maybe_later2.PNG'] | timeout=0s | confidence=0.8
2026-05-23 18:24:26 | INFO | my_functions.py:282 | [DEBUG] Click skipped, ninguna de las imágenes se encontró en el intento.
2026-05-23 18:24:27 | INFO | my_functions.py:170 | Searching go_to_shop.PNG (timeout=0s)
2026-05-23 18:24:27 | INFO | my_functions.py:214 | 
⛔ Not found: go_to_shop.PNG after 0.0s region=(0, 0, 765, 1038) confidence=0.8
2026-05-23 18:24:27 | INFO | my_functions.py:248 | [DEBUG] Buscando en paralelo: ['14_days_of_winterverse.PNG'] | timeout=0s | confidence=0.8
2026-05-23 18:24:28 | INFO | my_functions.py:282 | [DEBUG] Click skipped, ninguna de las imágenes se encontró en el intento.
2026-05-23 18:24:29 | INFO | my_functions.py:170 | Searching welcome_back_calendar.PNG (timeout=0s)
2026-05-23 18:24:29 | INFO | my_functions.py:214 | 
⛔ Not found: welcome_back_calendar.PNG after 0.0s region=(0, 0, 765, 1038) confidence=0.8
2026-05-23 18:24:29 | INFO | my_functions.py:248 | [DEBUG] Buscando en paralelo: ['start_the_countdown.PNG'] | timeout=0s | confidence=0.8
2026-05-23 18:24:29 | INFO | my_functions.py:282 | [DEBUG] Click skipped, ninguna de las imágenes se encontró en el intento.
2026-05-23 18:24:30 | INFO | my_functions.py:248 | [DEBUG] Buscando en paralelo: ['event_has_ended_sanctum.PNG'] | timeout=0s | confidence=0.8
2026-05-23 18:24:30 | INFO | my_functions.py:282 | [DEBUG] Click skipped, ninguna de las imágenes se encontró en el intento.
2026-05-23 18:24:32 | INFO | my_functions.py:248 | [DEBUG] Buscando en paralelo: ['image_part_of_event_grand_arena_finished.PNG'] | timeout=0s | confidence=0.8
2026-05-23 18:24:32 | INFO | my_functions.py:282 | [DEBUG] Click skipped, ninguna de las imágenes se encontró en el intento.
2026-05-23 18:24:33 | INFO | my_functions.py:170 | Searching 28_day_event_login_rewards.PNG (timeout=0s)
2026-05-23 18:24:33 | INFO | my_functions.py:214 | 
⛔ Not found: 28_day_event_login_rewards.PNG after 0.0s region=(0, 0, 765, 1038) confidence=0.8
2026-05-23 18:24:33 | INFO | my_functions.py:170 | Searching 7_day_event_login.PNG (timeout=0s)
2026-05-23 18:24:33 | INFO | my_functions.py:214 | 
⛔ Not found: 7_day_event_login.PNG after 0.0s region=(0, 0, 765, 1038) confidence=0.8
2026-05-23 18:24:33 | INFO | my_functions.py:170 | Searching 14_days_event.PNG (timeout=0s)
2026-05-23 18:24:33 | INFO | my_functions.py:214 | 
⛔ Not found: 14_days_event.PNG after 0.0s region=(0, 0, 765, 1038) confidence=0.8
2026-05-23 18:24:33 | INFO | my_functions.py:248 | [DEBUG] Buscando en paralelo: ['lets_go.PNG'] | timeout=0s | confidence=0.8
2026-05-23 18:24:34 | INFO | my_functions.py:282 | [DEBUG] Click skipped, ninguna de las imágenes se encontró en el intento.
2026-05-23 18:24:36 | INFO | my_functions.py:170 | Searching shop_unselected.PNG (timeout=0s)
2026-05-23 18:24:36 | INFO | my_functions.py:214 | 
⛔ Not found: shop_unselected.PNG after 0.0s region=(0, 0, 765, 1038) confidence=0.8
2026-05-23 18:24:36 | INFO | my_functions.py:248 | [DEBUG] Buscando en paralelo: ['super_premium.PNG'] | timeout=0s | confidence=0.8
2026-05-23 18:24:36 | INFO | my_functions.py:282 | [DEBUG] Click skipped, ninguna de las imágenes se encontró en el intento.
2026-05-23 18:24:37 | INFO | my_functions.py:248 | [DEBUG] Buscando en paralelo: ['maybe_later.PNG'] | timeout=0s | confidence=0.8
2026-05-23 18:24:37 | INFO | my_functions.py:282 | [DEBUG] Click skipped, ninguna de las imágenes se encontró en el intento.
2026-05-23 18:24:38 | INFO | my_functions.py:248 | [DEBUG] Buscando en paralelo: ['maybe_later2.PNG'] | timeout=0s | confidence=0.8
2026-05-23 18:24:39 | INFO | my_functions.py:282 | [DEBUG] Click skipped, ninguna de las imágenes se encontró en el intento.
2026-05-23 18:24:40 | INFO | my_functions.py:170 | Searching go_to_shop.PNG (timeout=0s)
2026-05-23 18:24:40 | INFO | my_functions.py:214 | 
⛔ Not found: go_to_shop.PNG after 0.0s region=(0, 0, 765, 1038) confidence=0.8
2026-05-23 18:24:40 | INFO | my_functions.py:248 | [DEBUG] Buscando en paralelo: ['14_days_of_winterverse.PNG'] | timeout=0s | confidence=0.8
2026-05-23 18:24:40 | INFO | my_functions.py:282 | [DEBUG] Click skipped, ninguna de las imágenes se encontró en el intento.
2026-05-23 18:24:41 | INFO | my_functions.py:170 | Searching welcome_back_calendar.PNG (timeout=0s)
2026-05-23 18:24:41 | INFO | my_functions.py:214 | 
⛔ Not found: welcome_back_calendar.PNG after 0.0s region=(0, 0, 765, 1038) confidence=0.8
2026-05-23 18:24:41 | INFO | my_functions.py:248 | [DEBUG] Buscando en paralelo: ['start_the_countdown.PNG'] | timeout=0s | confidence=0.8
2026-05-23 18:24:42 | INFO | my_functions.py:282 | [DEBUG] Click skipped, ninguna de las imágenes se encontró en el intento.
2026-05-23 18:24:43 | INFO | my_functions.py:248 | [DEBUG] Buscando en paralelo: ['event_has_ended_sanctum.PNG'] | timeout=0s | confidence=0.8
2026-05-23 18:24:44 | INFO | my_functions.py:135 | Haciendo click en la posición (383, 216)
2026-05-23 18:24:44 | INFO | my_functions.py:270 | 🖱️ Click OK (En paralelo): event_has_ended_sanctum.PNG at (383, 216) delay=1s
2026-05-23 18:24:45 | INFO | my_functions.py:143 | Presionando ESC (1/1)
2026-05-23 18:24:46 | INFO | my_functions.py:170 | Searching claim!.PNG (timeout=5s)
2026-05-23 18:24:51 | INFO | my_functions.py:214 | 
⛔ Not found: claim!.PNG after 5.03s region=(0, 0, 765, 1038) confidence=0.8
2026-05-23 18:24:59 | INFO | my_functions.py:170 | Searching shop_unselected.PNG (timeout=0s)
2026-05-23 18:24:59 | INFO | my_functions.py:200 | 
✅ Found: shop_unselected.PNG pos=(88, 961) time=0.18s confidence=0.8
2026-05-23 18:24:59 | INFO | my_functions.py:518 | Ya esta listo
2026-05-23 18:25:02 | INFO | my_functions.py:330 | AVAILABLE: 6
2026-05-23 18:25:02 | INFO | my_functions.py:352 | Misiones completadas: 0
2026-05-23 18:25:02 | INFO | my_functions.py:170 | Searching play.PNG (timeout=0s)
2026-05-23 18:25:02 | INFO | my_functions.py:200 | 
✅ Found: play.PNG pos=(384, 824) time=0.34s confidence=0.8
2026-05-23 18:25:02 | INFO | my_functions.py:1181 | [INFO] Click realizado donde se equipa el deck a jugar
2026-05-23 18:25:06 | INFO | my_functions.py:248 | [DEBUG] Buscando en paralelo: ['deck_666666.png'] | timeout=3s | confidence=0.8
2026-05-23 18:25:08 | INFO | my_functions.py:135 | Haciendo click en la posición (384, 546)
2026-05-23 18:25:08 | INFO | my_functions.py:270 | 🖱️ Click OK (En paralelo): deck_666666.png at (384, 546) delay=1s
2026-05-23 18:25:09 | INFO | my_functions.py:248 | [DEBUG] Buscando en paralelo: ['equip.png'] | timeout=3s | confidence=0.95
2026-05-23 18:25:10 | INFO | my_functions.py:135 | Haciendo click en la posición (548, 983)
2026-05-23 18:25:10 | INFO | my_functions.py:270 | 🖱️ Click OK (En paralelo): equip.png at (548, 983) delay=1s
2026-05-23 18:25:11 | INFO | each_eight_hours.py:166 | Deck selected: 6turns
2026-05-23 18:25:11 | INFO | my_functions.py:248 | [DEBUG] Buscando en paralelo: ['maybe_later.PNG'] | timeout=2s | confidence=0.8
2026-05-23 18:25:14 | INFO | my_functions.py:282 | [DEBUG] Click skipped, ninguna de las imágenes se encontró en el intento.
2026-05-23 18:25:15 | INFO | my_functions.py:248 | [DEBUG] Buscando en paralelo: ['maybe_later2.PNG'] | timeout=0.01s | confidence=0.8
2026-05-23 18:25:15 | INFO | my_functions.py:282 | [DEBUG] Click skipped, ninguna de las imágenes se encontró en el intento.
2026-05-23 18:25:16 | INFO | each_eight_hours.py:221 | Starting game loop 1
2026-05-23 18:25:16 | INFO | my_functions.py:248 | [DEBUG] Buscando en paralelo: ['play.PNG'] | timeout=20s | confidence=0.8
2026-05-23 18:25:19 | INFO | my_functions.py:135 | Haciendo click en la posición (384, 824)
2026-05-23 18:25:19 | INFO | my_functions.py:270 | 🖱️ Click OK (En paralelo): play.PNG at (384, 824) delay=3s
2026-05-23 18:25:44 | INFO | my_functions.py:200 | 
✅ Found: end_turn.PNG pos=(681, 945) time=0.19s confidence=0.8
2026-05-23 18:25:44 | INFO | my_functions.py:248 | [DEBUG] Buscando en paralelo: ['snap.PNG'] | timeout=0s | confidence=0.8
2026-05-23 18:25:45 | INFO | my_functions.py:135 | Haciendo click en la posición (386, 122)
2026-05-23 18:25:45 | INFO | my_functions.py:270 | 🖱️ Click OK (En paralelo): snap.PNG at (386, 122) delay=1s
2026-05-23 18:25:52 | INFO | my_functions.py:135 | Haciendo click en la posición (681, 945)
2026-05-23 18:25:53 | INFO | each_eight_hours.py:237 | End turn executed
2026-05-23 18:26:09 | INFO | my_functions.py:200 | 
✅ Found: end_turn.PNG pos=(681, 945) time=0.22s confidence=0.8
2026-05-23 18:26:09 | INFO | my_functions.py:248 | [DEBUG] Buscando en paralelo: ['snap.PNG'] | timeout=0s | confidence=0.8
2026-05-23 18:26:10 | INFO | my_functions.py:282 | [DEBUG] Click skipped, ninguna de las imágenes se encontró en el intento.
2026-05-23 18:26:16 | INFO | my_functions.py:135 | Haciendo click en la posición (681, 945)
2026-05-23 18:26:17 | INFO | each_eight_hours.py:237 | End turn executed
2026-05-23 18:26:27 | INFO | my_functions.py:200 | 
✅ Found: end_turn.PNG pos=(681, 945) time=0.18s confidence=0.8
2026-05-23 18:26:27 | INFO | my_functions.py:248 | [DEBUG] Buscando en paralelo: ['snap.PNG'] | timeout=0s | confidence=0.8
2026-05-23 18:26:28 | INFO | my_functions.py:282 | [DEBUG] Click skipped, ninguna de las imágenes se encontró en el intento.
2026-05-23 18:26:35 | INFO | my_functions.py:135 | Haciendo click en la posición (681, 945)
2026-05-23 18:26:36 | INFO | each_eight_hours.py:237 | End turn executed
2026-05-23 18:26:55 | INFO | my_functions.py:200 | 
✅ Found: end_turn.PNG pos=(681, 945) time=0.19s confidence=0.8
2026-05-23 18:26:55 | INFO | my_functions.py:248 | [DEBUG] Buscando en paralelo: ['snap.PNG'] | timeout=0s | confidence=0.8
2026-05-23 18:26:55 | INFO | my_functions.py:282 | [DEBUG] Click skipped, ninguna de las imágenes se encontró en el intento.
2026-05-23 18:27:02 | INFO | my_functions.py:135 | Haciendo click en la posición (681, 945)
2026-05-23 18:27:03 | INFO | each_eight_hours.py:237 | End turn executed
2026-05-23 18:27:13 | INFO | my_functions.py:200 | 
✅ Found: end_turn.PNG pos=(681, 945) time=0.22s confidence=0.8
2026-05-23 18:27:13 | INFO | my_functions.py:248 | [DEBUG] Buscando en paralelo: ['snap.PNG'] | timeout=0s | confidence=0.8
2026-05-23 18:27:13 | INFO | my_functions.py:282 | [DEBUG] Click skipped, ninguna de las imágenes se encontró en el intento.
2026-05-23 18:27:20 | INFO | my_functions.py:135 | Haciendo click en la posición (681, 945)
2026-05-23 18:27:21 | INFO | each_eight_hours.py:237 | End turn executed
2026-05-23 18:28:03 | INFO | my_functions.py:200 | 
✅ Found: end_turn.PNG pos=(681, 945) time=0.18s confidence=0.8
2026-05-23 18:28:03 | INFO | my_functions.py:248 | [DEBUG] Buscando en paralelo: ['snap.PNG'] | timeout=0s | confidence=0.8
2026-05-23 18:28:03 | INFO | my_functions.py:282 | [DEBUG] Click skipped, ninguna de las imágenes se encontró en el intento.
2026-05-23 18:28:10 | INFO | my_functions.py:135 | Haciendo click en la posición (681, 945)
2026-05-23 18:28:11 | INFO | each_eight_hours.py:237 | End turn executed
2026-05-23 18:28:42 | INFO | my_functions.py:200 | 
✅ Found: collect_rewards.PNG pos=(679, 957) time=0.23s confidence=0.8
2026-05-23 18:28:42 | INFO | each_eight_hours.py:276 | Rewards detected, exiting match
2026-05-23 18:28:42 | INFO | my_functions.py:248 | [DEBUG] Buscando en paralelo: ['collect_rewards.PNG'] | timeout=20s | confidence=0.8
2026-05-23 18:28:44 | INFO | my_functions.py:135 | Haciendo click en la posición (679, 957)
2026-05-23 18:28:44 | INFO | my_functions.py:270 | 🖱️ Click OK (En paralelo): collect_rewards.PNG at (679, 957) delay=1s
2026-05-23 18:28:45 | INFO | my_functions.py:248 | [DEBUG] Buscando en paralelo: ['next.PNG'] | timeout=20s | confidence=0.8
2026-05-23 18:28:50 | INFO | my_functions.py:135 | Haciendo click en la posición (676, 1000)
2026-05-23 18:28:50 | INFO | my_functions.py:270 | 🖱️ Click OK (En paralelo): next.PNG at (676, 1000) delay=1s
2026-05-23 18:28:53 | INFO | my_functions.py:330 | AVAILABLE: 6
2026-05-23 18:28:53 | INFO | each_eight_hours.py:343 | Submissions after match: 6
2026-05-23 18:28:53 | INFO | my_functions.py:352 | Misiones completadas: 1
2026-05-23 18:28:53 | INFO | each_eight_hours.py:221 | Starting game loop 2
2026-05-23 18:28:53 | INFO | my_functions.py:248 | [DEBUG] Buscando en paralelo: ['play.PNG'] | timeout=20s | confidence=0.8
2026-05-23 18:28:56 | INFO | my_functions.py:135 | Haciendo click en la posición (384, 824)
2026-05-23 18:28:57 | INFO | my_functions.py:270 | 🖱️ Click OK (En paralelo): play.PNG at (384, 824) delay=3s
2026-05-23 18:29:09 | INFO | my_functions.py:200 | 
✅ Found: end_turn.PNG pos=(681, 945) time=0.18s confidence=0.8
2026-05-23 18:29:09 | INFO | my_functions.py:248 | [DEBUG] Buscando en paralelo: ['snap.PNG'] | timeout=0s | confidence=0.8
2026-05-23 18:29:11 | INFO | my_functions.py:135 | Haciendo click en la posición (386, 122)
2026-05-23 18:29:11 | INFO | my_functions.py:270 | 🖱️ Click OK (En paralelo): snap.PNG at (386, 122) delay=1s
2026-05-23 18:29:17 | INFO | my_functions.py:135 | Haciendo click en la posición (681, 945)
2026-05-23 18:29:18 | INFO | each_eight_hours.py:237 | End turn executed
2026-05-23 18:29:38 | INFO | my_functions.py:200 | 
✅ Found: end_turn.PNG pos=(681, 945) time=0.2s confidence=0.8
2026-05-23 18:29:38 | INFO | my_functions.py:248 | [DEBUG] Buscando en paralelo: ['snap.PNG'] | timeout=0s | confidence=0.8
2026-05-23 18:29:38 | INFO | my_functions.py:282 | [DEBUG] Click skipped, ninguna de las imágenes se encontró en el intento.
2026-05-23 18:29:45 | INFO | my_functions.py:135 | Haciendo click en la posición (681, 945)
2026-05-23 18:29:46 | INFO | each_eight_hours.py:237 | End turn executed
2026-05-23 18:29:57 | INFO | my_functions.py:200 | 
✅ Found: end_turn.PNG pos=(681, 945) time=0.19s confidence=0.8
2026-05-23 18:29:57 | INFO | my_functions.py:248 | [DEBUG] Buscando en paralelo: ['snap.PNG'] | timeout=0s | confidence=0.8
2026-05-23 18:29:57 | INFO | my_functions.py:282 | [DEBUG] Click skipped, ninguna de las imágenes se encontró en el intento.
2026-05-23 18:30:04 | INFO | my_functions.py:135 | Haciendo click en la posición (681, 945)
2026-05-23 18:30:05 | INFO | each_eight_hours.py:237 | End turn executed
2026-05-23 18:30:20 | INFO | my_functions.py:200 | 
✅ Found: end_turn.PNG pos=(681, 945) time=0.2s confidence=0.8
2026-05-23 18:30:20 | INFO | my_functions.py:248 | [DEBUG] Buscando en paralelo: ['snap.PNG'] | timeout=0s | confidence=0.8
2026-05-23 18:30:20 | INFO | my_functions.py:282 | [DEBUG] Click skipped, ninguna de las imágenes se encontró en el intento.
2026-05-23 18:30:26 | INFO | my_functions.py:135 | Haciendo click en la posición (681, 945)
2026-05-23 18:30:28 | INFO | each_eight_hours.py:237 | End turn executed
2026-05-23 18:30:57 | INFO | my_functions.py:200 | 
✅ Found: end_turn.PNG pos=(681, 945) time=0.19s confidence=0.8
2026-05-23 18:30:57 | INFO | my_functions.py:248 | [DEBUG] Buscando en paralelo: ['snap.PNG'] | timeout=0s | confidence=0.8
2026-05-23 18:30:57 | INFO | my_functions.py:282 | [DEBUG] Click skipped, ninguna de las imágenes se encontró en el intento.
2026-05-23 18:31:03 | INFO | my_functions.py:135 | Haciendo click en la posición (681, 945)
2026-05-23 18:31:04 | INFO | each_eight_hours.py:237 | End turn executed
2026-05-23 18:31:29 | INFO | my_functions.py:200 | 
✅ Found: end_turn.PNG pos=(681, 945) time=0.19s confidence=0.8
2026-05-23 18:31:29 | INFO | my_functions.py:248 | [DEBUG] Buscando en paralelo: ['snap.PNG'] | timeout=0s | confidence=0.8
2026-05-23 18:31:29 | INFO | my_functions.py:282 | [DEBUG] Click skipped, ninguna de las imágenes se encontró en el intento.
2026-05-23 18:31:36 | INFO | my_functions.py:135 | Haciendo click en la posición (681, 945)
2026-05-23 18:31:37 | INFO | each_eight_hours.py:237 | End turn executed
2026-05-23 18:31:53 | INFO | my_functions.py:200 | 
✅ Found: end_turn.PNG pos=(681, 945) time=0.17s confidence=0.8
2026-05-23 18:31:53 | INFO | my_functions.py:248 | [DEBUG] Buscando en paralelo: ['snap.PNG'] | timeout=0s | confidence=0.8
2026-05-23 18:31:53 | INFO | my_functions.py:282 | [DEBUG] Click skipped, ninguna de las imágenes se encontró en el intento.
2026-05-23 18:32:00 | INFO | my_functions.py:135 | Haciendo click en la posición (681, 945)
2026-05-23 18:32:01 | INFO | each_eight_hours.py:237 | End turn executed
2026-05-23 18:32:01 | INFO | my_functions.py:200 | 
✅ Found: flechas.png pos=(42, 912) time=0.17s confidence=0.8
2026-05-23 18:32:03 | INFO | my_functions.py:143 | Presionando ESC (1/1)
2026-05-23 18:32:04 | INFO | my_functions.py:248 | [DEBUG] Buscando en paralelo: ['end_turn.PNG'] | timeout=0s | confidence=0.8
2026-05-23 18:32:05 | INFO | my_functions.py:135 | Haciendo click en la posición (682, 945)
2026-05-23 18:32:05 | INFO | my_functions.py:270 | 🖱️ Click OK (En paralelo): end_turn.PNG at (682, 945) delay=1s
2026-05-23 18:32:07 | WARNING | each_eight_hours.py:274 | Arrow overlay handled
2026-05-23 18:32:44 | INFO | my_functions.py:200 | 
✅ Found: collect_rewards.PNG pos=(679, 995) time=0.21s confidence=0.8
2026-05-23 18:32:44 | INFO | each_eight_hours.py:276 | Rewards detected, exiting match
2026-05-23 18:32:44 | INFO | my_functions.py:248 | [DEBUG] Buscando en paralelo: ['collect_rewards.PNG'] | timeout=20s | confidence=0.8
2026-05-23 18:32:46 | INFO | my_functions.py:135 | Haciendo click en la posición (679, 963)
2026-05-23 18:32:46 | INFO | my_functions.py:270 | 🖱️ Click OK (En paralelo): collect_rewards.PNG at (679, 963) delay=1s
2026-05-23 18:32:47 | INFO | my_functions.py:248 | [DEBUG] Buscando en paralelo: ['next.PNG'] | timeout=20s | confidence=0.8
2026-05-23 18:32:52 | INFO | my_functions.py:135 | Haciendo click en la posición (677, 973)
2026-05-23 18:32:52 | INFO | my_functions.py:270 | 🖱️ Click OK (En paralelo): next.PNG at (677, 973) delay=1s
2026-05-23 18:32:55 | INFO | my_functions.py:330 | AVAILABLE: 6
2026-05-23 18:32:55 | INFO | each_eight_hours.py:343 | Submissions after match: 6
2026-05-23 18:32:55 | INFO | my_functions.py:352 | Misiones completadas: 2
2026-05-23 18:32:55 | INFO | each_eight_hours.py:347 | Submission condition met, breaking loop
2026-05-23 18:32:55 | INFO | my_functions.py:248 | [DEBUG] Buscando en paralelo: ['missionsNotify2.png'] | timeout=20s | confidence=0.8
2026-05-23 18:32:59 | INFO | my_functions.py:135 | Haciendo click en la posición (538, 124)
2026-05-23 18:32:59 | INFO | my_functions.py:270 | 🖱️ Click OK (En paralelo): missionsNotify2.png at (538, 124) delay=3s
2026-05-23 18:33:00 | INFO | my_functions.py:1211 | [INFO] Iniciando click_missions_blue2
2026-05-23 18:33:00 | INFO | my_functions.py:135 | Haciendo click en la posición (150, 132)
2026-05-23 18:33:01 | INFO | my_functions.py:1214 | [ACTION] Click hecho en icono de calendario que me dirige a las misiones ordinarias
2026-05-23 18:33:01 | INFO | my_functions.py:170 | Searching bonus_challenge.png (timeout=0s)
2026-05-23 18:33:01 | INFO | my_functions.py:214 | 
⛔ Not found: bonus_challenge.png after 0.0s region=(0, 0, 765, 1038) confidence=0.8
2026-05-23 18:33:03 | INFO | my_functions.py:135 | Haciendo click en la posición (362, 493)
2026-05-23 18:33:04 | INFO | my_functions.py:1227 | [ACTION] Click 1/2 en misión azul
2026-05-23 18:33:05 | INFO | my_functions.py:135 | Haciendo click en la posición (362, 493)
2026-05-23 18:33:06 | INFO | my_functions.py:1227 | [ACTION] Click 2/2 en misión azul
2026-05-23 18:33:07 | INFO | my_functions.py:170 | Searching flechita_mission.PNG (timeout=0s)
2026-05-23 18:33:07 | INFO | my_functions.py:214 | 
⛔ Not found: flechita_mission.PNG after 0.0s region=(0, 0, 765, 1038) confidence=0.8
2026-05-23 18:33:07 | INFO | my_functions.py:248 | [DEBUG] Buscando en paralelo: ['weekly3.PNG'] | timeout=0s | confidence=0.8
2026-05-23 18:33:07 | INFO | my_functions.py:282 | [DEBUG] Click skipped, ninguna de las imágenes se encontró en el intento.
2026-05-23 18:33:08 | INFO | my_functions.py:248 | [DEBUG] Buscando en paralelo: ['weekly3.PNG'] | timeout=0s | confidence=0.8
2026-05-23 18:33:08 | INFO | my_functions.py:282 | [DEBUG] Click skipped, ninguna de las imágenes se encontró en el intento.
2026-05-23 18:33:09 | INFO | my_functions.py:135 | Haciendo click en la posición (557, 64)
2026-05-23 18:33:11 | INFO | my_functions.py:248 | [DEBUG] Buscando en paralelo: ['cards_shop.PNG'] | timeout=20s | confidence=0.8
2026-05-23 18:33:12 | INFO | my_functions.py:135 | Haciendo click en la posición (568, 121)
2026-05-23 18:33:12 | INFO | my_functions.py:270 | 🖱️ Click OK (En paralelo): cards_shop.PNG at (568, 121) delay=1s
2026-05-23 18:33:14 | INFO | my_functions.py:248 | [DEBUG] Buscando en paralelo: ['token_icon.PNG'] | timeout=20s | confidence=0.8
2026-05-23 18:33:17 | INFO | my_functions.py:135 | Haciendo click en la posición (680, 171)
2026-05-23 18:33:17 | INFO | my_functions.py:270 | 🖱️ Click OK (En paralelo): token_icon.PNG at (680, 171) delay=1s
2026-05-23 18:33:20 | INFO | my_functions.py:248 | [DEBUG] Buscando en paralelo: ['claim!_token_3.PNG'] | timeout=4s | confidence=0.8
2026-05-23 18:33:21 | INFO | my_functions.py:135 | Haciendo click en la posición (231, 573)
2026-05-23 18:33:21 | INFO | my_functions.py:270 | 🖱️ Click OK (En paralelo): claim!_token_3.PNG at (231, 573) delay=1s
2026-05-23 18:33:23 | INFO | my_functions.py:248 | [DEBUG] Buscando en paralelo: ['offers.PNG'] | timeout=0.1s | confidence=0.8
2026-05-23 18:33:24 | INFO | my_functions.py:135 | Haciendo click en la posición (197, 122)
2026-05-23 18:33:24 | INFO | my_functions.py:270 | 🖱️ Click OK (En paralelo): offers.PNG at (197, 122) delay=1s
2026-05-23 18:33:25 | INFO | my_functions.py:248 | [DEBUG] Buscando en paralelo: ['credits_selected.png'] | timeout=0.1s | confidence=0.8
2026-05-23 18:33:25 | INFO | my_functions.py:282 | [DEBUG] Click skipped, ninguna de las imágenes se encontró en el intento.
2026-05-23 18:33:26 | INFO | my_functions.py:248 | [DEBUG] Buscando en paralelo: ['credits.PNG'] | timeout=0.1s | confidence=0.95
2026-05-23 18:33:28 | INFO | my_functions.py:135 | Haciendo click en la posición (442, 172)
2026-05-23 18:33:28 | INFO | my_functions.py:270 | 🖱️ Click OK (En paralelo): credits.PNG at (442, 172) delay=1s
2026-05-23 18:33:30 | INFO | my_functions.py:248 | [DEBUG] Buscando en paralelo: ['claim_25_credits.png'] | timeout=2s | confidence=0.8
2026-05-23 18:33:32 | INFO | my_functions.py:135 | Haciendo click en la posición (236, 328)
2026-05-23 18:33:32 | INFO | my_functions.py:270 | 🖱️ Click OK (En paralelo): claim_25_credits.png at (236, 328) delay=1s
2026-05-23 18:33:33 | INFO | my_functions.py:248 | [DEBUG] Buscando en paralelo: ['cards_shop.PNG'] | timeout=20s | confidence=0.8
2026-05-23 18:33:34 | INFO | my_functions.py:135 | Haciendo click en la posición (568, 121)
2026-05-23 18:33:34 | INFO | my_functions.py:270 | 🖱️ Click OK (En paralelo): cards_shop.PNG at (568, 121) delay=1s
2026-05-23 18:33:35 | INFO | my_functions.py:248 | [DEBUG] Buscando en paralelo: ['offers.PNG'] | timeout=20s | confidence=0.8
2026-05-23 18:33:37 | INFO | my_functions.py:135 | Haciendo click en la posición (197, 121)
2026-05-23 18:33:37 | INFO | my_functions.py:270 | 🖱️ Click OK (En paralelo): offers.PNG at (197, 121) delay=1s
2026-05-23 18:33:38 | INFO | my_functions.py:1111 | [INFO] Iniciando mejora de cartas
2026-05-23 18:33:38 | INFO | my_functions.py:248 | [DEBUG] Buscando en paralelo: ['upgrade_cards_icon.PNG'] | timeout=20s | confidence=0.8
2026-05-23 18:33:39 | INFO | my_functions.py:135 | Haciendo click en la posición (322, 170)
2026-05-23 18:33:39 | INFO | my_functions.py:270 | 🖱️ Click OK (En paralelo): upgrade_cards_icon.PNG at (322, 170) delay=1s
2026-05-23 18:33:40 | INFO | my_functions.py:1115 | [INFO] Abriendo icono de upgrade_cards
2026-05-23 18:33:41 | INFO | my_functions.py:1121 | [STEP] Mejorando carta 1
2026-05-23 18:33:42 | INFO | my_functions.py:1125 | [ACTION] Click en carta 1
2026-05-23 18:33:43 | INFO | my_functions.py:1130 | [ACTION] Click en botón upgrade
2026-05-23 18:33:50 | INFO | my_functions.py:248 | [DEBUG] Buscando en paralelo: ['you_need_more_credits!.png'] | timeout=3s | confidence=0.8
2026-05-23 18:33:53 | INFO | my_functions.py:282 | [DEBUG] Click skipped, ninguna de las imágenes se encontró en el intento.
2026-05-23 18:33:59 | INFO | my_functions.py:1145 | [ACTION] Click para continuar a stage de nivel de coleccion
2026-05-23 18:34:04 | INFO | my_functions.py:143 | Presionando ESC (1/1)
2026-05-23 18:34:05 | INFO | my_functions.py:1150 | [ACTION] Saliendo de stage nivel de coleccion con ESC
2026-05-23 18:34:06 | INFO | my_functions.py:248 | [DEBUG] Buscando en paralelo: ['upgrade_cards_icon_selected.PNG'] | timeout=0s | confidence=0.8
2026-05-23 18:34:07 | INFO | my_functions.py:135 | Haciendo click en la posición (320, 173)
2026-05-23 18:34:07 | INFO | my_functions.py:270 | 🖱️ Click OK (En paralelo): upgrade_cards_icon_selected.PNG at (320, 173) delay=1s
2026-05-23 18:34:09 | INFO | my_functions.py:1170 | [INFO] Reabriendo icono de upgrade_cards
2026-05-23 18:34:10 | INFO | my_functions.py:1121 | [STEP] Mejorando carta 2
2026-05-23 18:34:10 | INFO | my_functions.py:1125 | [ACTION] Click en carta 2
2026-05-23 18:34:11 | INFO | my_functions.py:1130 | [ACTION] Click en botón upgrade
2026-05-23 18:34:18 | INFO | my_functions.py:248 | [DEBUG] Buscando en paralelo: ['you_need_more_credits!.png'] | timeout=3s | confidence=0.8
2026-05-23 18:34:19 | INFO | my_functions.py:135 | Haciendo click en la posición (381, 345)
2026-05-23 18:34:19 | INFO | my_functions.py:270 | 🖱️ Click OK (En paralelo): you_need_more_credits!.png at (381, 345) delay=1s
2026-05-23 18:34:20 | INFO | my_functions.py:143 | Presionando ESC (1/2)
2026-05-23 18:34:21 | INFO | my_functions.py:143 | Presionando ESC (2/2)
2026-05-23 18:34:24 | INFO | my_functions.py:1173 | [INFO] Mejora de cartas completada ✅
2026-05-23 18:34:24 | INFO | my_functions.py:143 | Presionando ESC (1/1)
2026-05-23 18:34:24 | INFO | my_functions.py:248 | [DEBUG] Buscando en paralelo: ['nut.png'] | timeout=20s | confidence=0.8
2026-05-23 18:34:25 | INFO | my_functions.py:135 | Haciendo click en la posición (184, 78)
2026-05-23 18:34:26 | INFO | my_functions.py:270 | 🖱️ Click OK (En paralelo): nut.png at (184, 78) delay=1s
2026-05-23 18:34:27 | INFO | my_functions.py:248 | [DEBUG] Buscando en paralelo: ['graphics_quality.png'] | timeout=3s | confidence=0.8
2026-05-23 18:34:28 | INFO | my_functions.py:135 | Haciendo click en la posición (304, 644)
2026-05-23 18:34:28 | INFO | my_functions.py:270 | 🖱️ Click OK (En paralelo): graphics_quality.png at (304, 644) delay=1s
2026-05-23 18:34:30 | INFO | my_functions.py:248 | [DEBUG] Buscando en paralelo: ['sign_out.png'] | timeout=20s | confidence=0.8
2026-05-23 18:34:32 | INFO | my_functions.py:135 | Haciendo click en la posición (380, 796)
2026-05-23 18:34:32 | INFO | my_functions.py:270 | 🖱️ Click OK (En paralelo): sign_out.png at (380, 796) delay=1s
2026-05-23 18:34:34 | INFO | my_functions.py:248 | [DEBUG] Buscando en paralelo: ['sign_out_grande.png'] | timeout=20s | confidence=0.8
2026-05-23 18:34:35 | INFO | my_functions.py:135 | Haciendo click en la posición (359, 437)
2026-05-23 18:34:35 | INFO | my_functions.py:270 | 🖱️ Click OK (En paralelo): sign_out_grande.png at (359, 437) delay=1s
2026-05-23 18:34:36 | INFO | my_functions.py:248 | [DEBUG] Buscando en paralelo: ['sign_out2.png'] | timeout=20s | confidence=0.8
2026-05-23 18:34:38 | INFO | my_functions.py:135 | Haciendo click en la posición (383, 634)
2026-05-23 18:34:38 | INFO | my_functions.py:270 | 🖱️ Click OK (En paralelo): sign_out2.png at (383, 634) delay=1s
2026-05-23 18:34:39 | INFO | my_functions.py:1286 | ⏱ Esperando 0.1 segundos antes de empezar...
2026-05-23 18:34:39 | INFO | my_functions.py:1293 | 🔍 Esperando ventana que contenga alguna de: SNAP (máx 20s)
2026-05-23 18:34:39 | INFO | my_functions.py:1305 | ✅ Ventana encontrada: 'SNAP'
2026-05-23 18:34:39 | INFO | my_functions.py:1320 | ✅ Ventana seleccionada: 'SNAP'
2026-05-23 18:34:41 | INFO | my_functions.py:1343 | 🔁 Reajuste #1...
2026-05-23 18:34:43 | INFO | my_functions.py:1350 | ✔ Verificación completa. Se hicieron 1 reajustes.
2026-05-23 18:34:47 | INFO | each_eight_hours.py:139 | Processing account: bender_vm
2026-05-23 18:34:47 | INFO | each_eight_hours.py:142 | Game relaunched for account
2026-05-23 18:34:47 | INFO | my_functions.py:1286 | ⏱ Esperando 0.1 segundos antes de empezar...
2026-05-23 18:34:47 | INFO | my_functions.py:1293 | 🔍 Esperando ventana que contenga alguna de: ['SNAP'] (máx 20s)
2026-05-23 18:34:50 | INFO | my_functions.py:1305 | ✅ Ventana encontrada: 'SNAP'
2026-05-23 18:34:50 | INFO | my_functions.py:1320 | ✅ Ventana seleccionada: 'SNAP'
2026-05-23 18:34:52 | INFO | my_functions.py:1352 | ✔ Verificación completa. No hubo cambios después del primer ajuste.
2026-05-23 18:34:52 | INFO | my_functions.py:991 | [DEBUG] Resizing SNAP window...
2026-05-23 18:34:52 | INFO | my_functions.py:1286 | ⏱ Esperando 0.1 segundos antes de empezar...
2026-05-23 18:34:52 | INFO | my_functions.py:1293 | 🔍 Esperando ventana que contenga alguna de: ['SNAP'] (máx 20s)
2026-05-23 18:34:52 | INFO | my_functions.py:1305 | ✅ Ventana encontrada: 'SNAP'
2026-05-23 18:34:52 | INFO | my_functions.py:1320 | ✅ Ventana seleccionada: 'SNAP'
2026-05-23 18:34:55 | INFO | my_functions.py:1352 | ✔ Verificación completa. No hubo cambios después del primer ajuste.
2026-05-23 18:34:55 | INFO | my_functions.py:248 | [DEBUG] Buscando en paralelo: ['small_submit.PNG', 'small_submit_hover.png', 'submit_hover_2.png', 'small_submit_hover_2.png'] | timeout=90s | confidence=0.8
2026-05-23 18:34:59 | INFO | my_functions.py:135 | Haciendo click en la posición (380, 643)
2026-05-23 18:34:59 | INFO | my_functions.py:270 | 🖱️ Click OK (En paralelo): small_submit.PNG at (380, 643) delay=0.2s
2026-05-23 18:35:00 | INFO | my_functions.py:248 | [DEBUG] Buscando en paralelo: ['small_submit.PNG', 'small_submit_hover.png', 'submit_hover_2.png', 'small_submit_hover_2.png'] | timeout=20s | confidence=0.8
2026-05-23 18:35:00 | INFO | my_functions.py:135 | Haciendo click en la posición (380, 721)
2026-05-23 18:35:01 | INFO | my_functions.py:270 | 🖱️ Click OK (En paralelo): small_submit.PNG at (380, 721) delay=0.2s
2026-05-23 18:35:02 | INFO | my_functions.py:1286 | ⏱ Esperando 0.1 segundos antes de empezar...
2026-05-23 18:35:02 | INFO | my_functions.py:1293 | 🔍 Esperando ventana que contenga alguna de: ['SNAP'] (máx 20s)
2026-05-23 18:35:02 | INFO | my_functions.py:1305 | ✅ Ventana encontrada: 'SNAP'
2026-05-23 18:35:02 | INFO | my_functions.py:1320 | ✅ Ventana seleccionada: 'SNAP'
2026-05-23 18:35:04 | INFO | my_functions.py:1343 | 🔁 Reajuste #1...
2026-05-23 18:35:05 | INFO | my_functions.py:1350 | ✔ Verificación completa. Se hicieron 1 reajustes.
2026-05-23 18:35:05 | INFO | my_functions.py:170 | Searching please_sign.png (timeout=0s)
2026-05-23 18:35:05 | INFO | my_functions.py:200 | 
✅ Found: please_sign.png pos=(383, 438) time=0.18s confidence=0.8
2026-05-23 18:35:05 | INFO | my_functions.py:248 | [DEBUG] Buscando en paralelo: ['ok_btn.png'] | timeout=20s | confidence=0.8
2026-05-23 18:35:06 | INFO | my_functions.py:135 | Haciendo click en la posición (382, 634)
2026-05-23 18:35:07 | INFO | my_functions.py:270 | 🖱️ Click OK (En paralelo): ok_btn.png at (382, 634) delay=1s
2026-05-23 18:35:08 | INFO | my_functions.py:248 | [DEBUG] Buscando en paralelo: ['small_submit.PNG', 'small_submit_hover.png', 'submit_hover_2.png', 'small_submit_hover_2.png'] | timeout=90s | confidence=0.8
2026-05-23 18:35:09 | INFO | my_functions.py:135 | Haciendo click en la posición (383, 643)
2026-05-23 18:35:09 | INFO | my_functions.py:270 | 🖱️ Click OK (En paralelo): small_submit_hover_2.png at (383, 643) delay=0.2s
2026-05-23 18:35:10 | INFO | my_functions.py:248 | [DEBUG] Buscando en paralelo: ['small_submit.PNG', 'small_submit_hover.png', 'submit_hover_2.png', 'small_submit_hover_2.png'] | timeout=20s | confidence=0.8
2026-05-23 18:35:11 | INFO | my_functions.py:135 | Haciendo click en la posición (380, 721)
2026-05-23 18:35:11 | INFO | my_functions.py:270 | 🖱️ Click OK (En paralelo): small_submit.PNG at (380, 721) delay=0.2s
2026-05-23 18:35:12 | INFO | my_functions.py:170 | Searching sign_in_with_google2.PNG (timeout=90s)
2026-05-23 18:35:12 | INFO | my_functions.py:200 | 
✅ Found: sign_in_with_google2.PNG pos=(406, 957) time=0.2s confidence=0.8
2026-05-23 18:35:12 | INFO | my_functions.py:248 | [DEBUG] Buscando en paralelo: ['sign_in_with_google2.PNG'] | timeout=20s | confidence=0.8
2026-05-23 18:35:14 | INFO | my_functions.py:135 | Haciendo click en la posición (406, 957)
2026-05-23 18:35:14 | INFO | my_functions.py:270 | 🖱️ Click OK (En paralelo): sign_in_with_google2.PNG at (406, 957) delay=1s
2026-05-23 18:35:15 | INFO | my_functions.py:248 | [DEBUG] Buscando en paralelo: ['bender_vm.png'] | timeout=30s | confidence=0.8
2026-05-23 18:35:24 | INFO | my_functions.py:135 | Haciendo click en la posición (1125, 358)
2026-05-23 18:35:24 | INFO | my_functions.py:270 | 🖱️ Click OK (En paralelo): bender_vm.png at (1125, 358) delay=3s
2026-05-23 18:35:25 | INFO | my_functions.py:170 | Searching marvelsnap_web.png (timeout=30s)
2026-05-23 18:35:31 | INFO | my_functions.py:200 | 
✅ Found: marvelsnap_web.png pos=(258, 80) time=5.91s confidence=0.7
2026-05-23 18:35:31 | INFO | my_functions.py:170 | Searching shop_unselected.PNG (timeout=0s)
2026-05-23 18:35:31 | INFO | my_functions.py:214 | 
⛔ Not found: shop_unselected.PNG after 0.0s region=(0, 0, 765, 1038) confidence=0.8
2026-05-23 18:35:31 | INFO | my_functions.py:248 | [DEBUG] Buscando en paralelo: ['super_premium.PNG'] | timeout=0s | confidence=0.8
2026-05-23 18:35:31 | INFO | my_functions.py:282 | [DEBUG] Click skipped, ninguna de las imágenes se encontró en el intento.
2026-05-23 18:35:33 | INFO | my_functions.py:248 | [DEBUG] Buscando en paralelo: ['maybe_later.PNG'] | timeout=0s | confidence=0.8
2026-05-23 18:35:33 | INFO | my_functions.py:282 | [DEBUG] Click skipped, ninguna de las imágenes se encontró en el intento.
2026-05-23 18:35:34 | INFO | my_functions.py:248 | [DEBUG] Buscando en paralelo: ['maybe_later2.PNG'] | timeout=0s | confidence=0.8
2026-05-23 18:35:34 | INFO | my_functions.py:282 | [DEBUG] Click skipped, ninguna de las imágenes se encontró en el intento.
2026-05-23 18:35:35 | INFO | my_functions.py:170 | Searching go_to_shop.PNG (timeout=0s)
2026-05-23 18:35:35 | INFO | my_functions.py:214 | 
⛔ Not found: go_to_shop.PNG after 0.0s region=(0, 0, 765, 1038) confidence=0.8
2026-05-23 18:35:35 | INFO | my_functions.py:248 | [DEBUG] Buscando en paralelo: ['14_days_of_winterverse.PNG'] | timeout=0s | confidence=0.8
2026-05-23 18:35:36 | INFO | my_functions.py:282 | [DEBUG] Click skipped, ninguna de las imágenes se encontró en el intento.
2026-05-23 18:35:37 | INFO | my_functions.py:170 | Searching welcome_back_calendar.PNG (timeout=0s)
2026-05-23 18:35:37 | INFO | my_functions.py:214 | 
⛔ Not found: welcome_back_calendar.PNG after 0.0s region=(0, 0, 765, 1038) confidence=0.8
2026-05-23 18:35:37 | INFO | my_functions.py:248 | [DEBUG] Buscando en paralelo: ['start_the_countdown.PNG'] | timeout=0s | confidence=0.8
2026-05-23 18:35:37 | INFO | my_functions.py:282 | [DEBUG] Click skipped, ninguna de las imágenes se encontró en el intento.
2026-05-23 18:35:38 | INFO | my_functions.py:248 | [DEBUG] Buscando en paralelo: ['event_has_ended_sanctum.PNG'] | timeout=0s | confidence=0.8
2026-05-23 18:35:38 | INFO | my_functions.py:282 | [DEBUG] Click skipped, ninguna de las imágenes se encontró en el intento.
2026-05-23 18:35:39 | INFO | my_functions.py:248 | [DEBUG] Buscando en paralelo: ['image_part_of_event_grand_arena_finished.PNG'] | timeout=0s | confidence=0.8
2026-05-23 18:35:40 | INFO | my_functions.py:282 | [DEBUG] Click skipped, ninguna de las imágenes se encontró en el intento.
2026-05-23 18:35:41 | INFO | my_functions.py:170 | Searching 28_day_event_login_rewards.PNG (timeout=0s)
2026-05-23 18:35:41 | INFO | my_functions.py:214 | 
⛔ Not found: 28_day_event_login_rewards.PNG after 0.0s region=(0, 0, 765, 1038) confidence=0.8
2026-05-23 18:35:41 | INFO | my_functions.py:170 | Searching 7_day_event_login.PNG (timeout=0s)
2026-05-23 18:35:41 | INFO | my_functions.py:214 | 
⛔ Not found: 7_day_event_login.PNG after 0.0s region=(0, 0, 765, 1038) confidence=0.8
2026-05-23 18:35:41 | INFO | my_functions.py:170 | Searching 14_days_event.PNG (timeout=0s)
2026-05-23 18:35:41 | INFO | my_functions.py:214 | 
⛔ Not found: 14_days_event.PNG after 0.0s region=(0, 0, 765, 1038) confidence=0.8
2026-05-23 18:35:41 | INFO | my_functions.py:248 | [DEBUG] Buscando en paralelo: ['lets_go.PNG'] | timeout=0s | confidence=0.8
2026-05-23 18:35:42 | INFO | my_functions.py:282 | [DEBUG] Click skipped, ninguna de las imágenes se encontró en el intento.
2026-05-23 18:35:44 | INFO | my_functions.py:170 | Searching shop_unselected.PNG (timeout=0s)
2026-05-23 18:35:44 | INFO | my_functions.py:200 | 
✅ Found: shop_unselected.PNG pos=(88, 961) time=0.2s confidence=0.8
2026-05-23 18:35:52 | INFO | my_functions.py:170 | Searching shop_unselected.PNG (timeout=0s)
2026-05-23 18:35:52 | INFO | my_functions.py:214 | 
⛔ Not found: shop_unselected.PNG after 0.0s region=(0, 0, 765, 1038) confidence=0.8
2026-05-23 18:35:53 | INFO | my_functions.py:170 | Searching shop_unselected.PNG (timeout=0s)
2026-05-23 18:35:53 | INFO | my_functions.py:214 | 
⛔ Not found: shop_unselected.PNG after 0.0s region=(0, 0, 765, 1038) confidence=0.8
2026-05-23 18:35:53 | INFO | my_functions.py:248 | [DEBUG] Buscando en paralelo: ['super_premium.PNG'] | timeout=0s | confidence=0.8
2026-05-23 18:35:54 | INFO | my_functions.py:282 | [DEBUG] Click skipped, ninguna de las imágenes se encontró en el intento.
2026-05-23 18:35:55 | INFO | my_functions.py:248 | [DEBUG] Buscando en paralelo: ['maybe_later.PNG'] | timeout=0s | confidence=0.8
2026-05-23 18:35:55 | INFO | my_functions.py:282 | [DEBUG] Click skipped, ninguna de las imágenes se encontró en el intento.
2026-05-23 18:35:56 | INFO | my_functions.py:248 | [DEBUG] Buscando en paralelo: ['maybe_later2.PNG'] | timeout=0s | confidence=0.8
2026-05-23 18:35:56 | INFO | my_functions.py:282 | [DEBUG] Click skipped, ninguna de las imágenes se encontró en el intento.
2026-05-23 18:35:57 | INFO | my_functions.py:170 | Searching go_to_shop.PNG (timeout=0s)
2026-05-23 18:35:58 | INFO | my_functions.py:214 | 
⛔ Not found: go_to_shop.PNG after 0.0s region=(0, 0, 765, 1038) confidence=0.8
2026-05-23 18:35:58 | INFO | my_functions.py:248 | [DEBUG] Buscando en paralelo: ['14_days_of_winterverse.PNG'] | timeout=0s | confidence=0.8
2026-05-23 18:35:58 | INFO | my_functions.py:282 | [DEBUG] Click skipped, ninguna de las imágenes se encontró en el intento.
2026-05-23 18:35:59 | INFO | my_functions.py:170 | Searching welcome_back_calendar.PNG (timeout=0s)
2026-05-23 18:35:59 | INFO | my_functions.py:214 | 
⛔ Not found: welcome_back_calendar.PNG after 0.0s region=(0, 0, 765, 1038) confidence=0.8
2026-05-23 18:35:59 | INFO | my_functions.py:248 | [DEBUG] Buscando en paralelo: ['start_the_countdown.PNG'] | timeout=0s | confidence=0.8
2026-05-23 18:35:59 | INFO | my_functions.py:282 | [DEBUG] Click skipped, ninguna de las imágenes se encontró en el intento.
2026-05-23 18:36:00 | INFO | my_functions.py:248 | [DEBUG] Buscando en paralelo: ['event_has_ended_sanctum.PNG'] | timeout=0s | confidence=0.8
2026-05-23 18:36:02 | INFO | my_functions.py:135 | Haciendo click en la posición (383, 216)
2026-05-23 18:36:02 | INFO | my_functions.py:270 | 🖱️ Click OK (En paralelo): event_has_ended_sanctum.PNG at (383, 216) delay=1s
2026-05-23 18:36:03 | INFO | my_functions.py:143 | Presionando ESC (1/1)
2026-05-23 18:36:04 | INFO | my_functions.py:170 | Searching claim!.PNG (timeout=5s)
2026-05-23 18:36:09 | INFO | my_functions.py:214 | 
⛔ Not found: claim!.PNG after 5.11s region=(0, 0, 765, 1038) confidence=0.8
2026-05-23 18:36:17 | INFO | my_functions.py:170 | Searching shop_unselected.PNG (timeout=0s)
2026-05-23 18:36:17 | INFO | my_functions.py:214 | 
⛔ Not found: shop_unselected.PNG after 0.0s region=(0, 0, 765, 1038) confidence=0.8
2026-05-23 18:36:18 | INFO | my_functions.py:170 | Searching shop_unselected.PNG (timeout=0s)
2026-05-23 18:36:18 | INFO | my_functions.py:214 | 
⛔ Not found: shop_unselected.PNG after 0.0s region=(0, 0, 765, 1038) confidence=0.8
2026-05-23 18:36:18 | INFO | my_functions.py:248 | [DEBUG] Buscando en paralelo: ['super_premium.PNG'] | timeout=0s | confidence=0.8
2026-05-23 18:36:19 | INFO | my_functions.py:282 | [DEBUG] Click skipped, ninguna de las imágenes se encontró en el intento.
2026-05-23 18:36:20 | INFO | my_functions.py:248 | [DEBUG] Buscando en paralelo: ['maybe_later.PNG'] | timeout=0s | confidence=0.8
2026-05-23 18:36:20 | INFO | my_functions.py:282 | [DEBUG] Click skipped, ninguna de las imágenes se encontró en el intento.
2026-05-23 18:36:21 | INFO | my_functions.py:248 | [DEBUG] Buscando en paralelo: ['maybe_later2.PNG'] | timeout=0s | confidence=0.8
2026-05-23 18:36:21 | INFO | my_functions.py:282 | [DEBUG] Click skipped, ninguna de las imágenes se encontró en el intento.
2026-05-23 18:36:22 | INFO | my_functions.py:170 | Searching go_to_shop.PNG (timeout=0s)
2026-05-23 18:36:23 | INFO | my_functions.py:214 | 
⛔ Not found: go_to_shop.PNG after 0.0s region=(0, 0, 765, 1038) confidence=0.8
2026-05-23 18:36:23 | INFO | my_functions.py:248 | [DEBUG] Buscando en paralelo: ['14_days_of_winterverse.PNG'] | timeout=0s | confidence=0.8
2026-05-23 18:36:23 | INFO | my_functions.py:282 | [DEBUG] Click skipped, ninguna de las imágenes se encontró en el intento.
2026-05-23 18:36:24 | INFO | my_functions.py:170 | Searching welcome_back_calendar.PNG (timeout=0s)
2026-05-23 18:36:24 | INFO | my_functions.py:214 | 
⛔ Not found: welcome_back_calendar.PNG after 0.31s region=(0, 0, 765, 1038) confidence=0.8
2026-05-23 18:36:24 | INFO | my_functions.py:248 | [DEBUG] Buscando en paralelo: ['start_the_countdown.PNG'] | timeout=0s | confidence=0.8
2026-05-23 18:36:25 | INFO | my_functions.py:282 | [DEBUG] Click skipped, ninguna de las imágenes se encontró en el intento.
2026-05-23 18:36:26 | INFO | my_functions.py:248 | [DEBUG] Buscando en paralelo: ['event_has_ended_sanctum.PNG'] | timeout=0s | confidence=0.8
2026-05-23 18:36:27 | INFO | my_functions.py:135 | Haciendo click en la posición (383, 215)
2026-05-23 18:36:27 | INFO | my_functions.py:270 | 🖱️ Click OK (En paralelo): event_has_ended_sanctum.PNG at (383, 215) delay=1s
2026-05-23 18:36:28 | INFO | my_functions.py:143 | Presionando ESC (1/1)
2026-05-23 18:36:29 | INFO | my_functions.py:170 | Searching claim!.PNG (timeout=5s)
2026-05-23 18:36:34 | INFO | my_functions.py:214 | 
⛔ Not found: claim!.PNG after 5.02s region=(0, 0, 765, 1038) confidence=0.8
2026-05-23 18:36:42 | INFO | my_functions.py:170 | Searching shop_unselected.PNG (timeout=0s)
2026-05-23 18:36:43 | INFO | my_functions.py:200 | 
✅ Found: shop_unselected.PNG pos=(89, 961) time=0.19s confidence=0.8
2026-05-23 18:36:43 | INFO | my_functions.py:518 | Ya esta listo
2026-05-23 18:36:45 | INFO | my_functions.py:330 | AVAILABLE: 6
2026-05-23 18:36:45 | INFO | my_functions.py:352 | Misiones completadas: 0
2026-05-23 18:36:45 | INFO | my_functions.py:170 | Searching play.PNG (timeout=0s)
2026-05-23 18:36:45 | INFO | my_functions.py:200 | 
✅ Found: play.PNG pos=(384, 824) time=0.22s confidence=0.8
2026-05-23 18:36:45 | INFO | my_functions.py:1181 | [INFO] Click realizado donde se equipa el deck a jugar
2026-05-23 18:36:49 | INFO | my_functions.py:248 | [DEBUG] Buscando en paralelo: ['deck_666666.png'] | timeout=3s | confidence=0.8
2026-05-23 18:36:50 | INFO | my_functions.py:135 | Haciendo click en la posición (235, 546)
2026-05-23 18:36:51 | INFO | my_functions.py:270 | 🖱️ Click OK (En paralelo): deck_666666.png at (235, 546) delay=1s
2026-05-23 18:36:52 | INFO | my_functions.py:248 | [DEBUG] Buscando en paralelo: ['equip.png'] | timeout=3s | confidence=0.95
2026-05-23 18:36:53 | INFO | my_functions.py:135 | Haciendo click en la posición (548, 983)
2026-05-23 18:36:53 | INFO | my_functions.py:270 | 🖱️ Click OK (En paralelo): equip.png at (548, 983) delay=1s
2026-05-23 18:36:54 | INFO | each_eight_hours.py:166 | Deck selected: 6turns
2026-05-23 18:36:54 | INFO | my_functions.py:248 | [DEBUG] Buscando en paralelo: ['maybe_later.PNG'] | timeout=2s | confidence=0.8
2026-05-23 18:36:56 | INFO | my_functions.py:282 | [DEBUG] Click skipped, ninguna de las imágenes se encontró en el intento.
2026-05-23 18:36:58 | INFO | my_functions.py:248 | [DEBUG] Buscando en paralelo: ['maybe_later2.PNG'] | timeout=0.01s | confidence=0.8
2026-05-23 18:36:58 | INFO | my_functions.py:282 | [DEBUG] Click skipped, ninguna de las imágenes se encontró en el intento.
2026-05-23 18:36:59 | INFO | each_eight_hours.py:221 | Starting game loop 1
2026-05-23 18:36:59 | INFO | my_functions.py:248 | [DEBUG] Buscando en paralelo: ['play.PNG'] | timeout=20s | confidence=0.8
2026-05-23 18:37:02 | INFO | my_functions.py:135 | Haciendo click en la posición (384, 824)
2026-05-23 18:37:02 | INFO | my_functions.py:270 | 🖱️ Click OK (En paralelo): play.PNG at (384, 824) delay=3s
2026-05-23 18:37:17 | INFO | my_functions.py:200 | 
✅ Found: end_turn.PNG pos=(681, 945) time=0.21s confidence=0.8
2026-05-23 18:37:17 | INFO | my_functions.py:248 | [DEBUG] Buscando en paralelo: ['snap.PNG'] | timeout=0s | confidence=0.8
2026-05-23 18:37:18 | INFO | my_functions.py:135 | Haciendo click en la posición (386, 122)
2026-05-23 18:37:18 | INFO | my_functions.py:270 | 🖱️ Click OK (En paralelo): snap.PNG at (386, 122) delay=1s
2026-05-23 18:37:24 | INFO | my_functions.py:135 | Haciendo click en la posición (681, 945)
2026-05-23 18:37:25 | INFO | each_eight_hours.py:237 | End turn executed
2026-05-23 18:37:37 | INFO | my_functions.py:200 | 
✅ Found: end_turn.PNG pos=(681, 945) time=0.18s confidence=0.8
2026-05-23 18:37:37 | INFO | my_functions.py:248 | [DEBUG] Buscando en paralelo: ['snap.PNG'] | timeout=0s | confidence=0.8
2026-05-23 18:37:37 | INFO | my_functions.py:282 | [DEBUG] Click skipped, ninguna de las imágenes se encontró en el intento.
2026-05-23 18:37:43 | INFO | my_functions.py:135 | Haciendo click en la posición (681, 945)
2026-05-23 18:37:45 | INFO | each_eight_hours.py:237 | End turn executed
2026-05-23 18:38:03 | INFO | my_functions.py:200 | 
✅ Found: end_turn.PNG pos=(681, 945) time=0.18s confidence=0.8
2026-05-23 18:38:03 | INFO | my_functions.py:248 | [DEBUG] Buscando en paralelo: ['snap.PNG'] | timeout=0s | confidence=0.8
2026-05-23 18:38:03 | INFO | my_functions.py:282 | [DEBUG] Click skipped, ninguna de las imágenes se encontró en el intento.
2026-05-23 18:38:09 | INFO | my_functions.py:135 | Haciendo click en la posición (681, 945)
2026-05-23 18:38:10 | INFO | each_eight_hours.py:237 | End turn executed
2026-05-23 18:38:25 | INFO | my_functions.py:200 | 
✅ Found: end_turn.PNG pos=(681, 945) time=0.18s confidence=0.8
2026-05-23 18:38:25 | INFO | my_functions.py:248 | [DEBUG] Buscando en paralelo: ['snap.PNG'] | timeout=0s | confidence=0.8
2026-05-23 18:38:25 | INFO | my_functions.py:282 | [DEBUG] Click skipped, ninguna de las imágenes se encontró en el intento.
2026-05-23 18:38:31 | INFO | my_functions.py:135 | Haciendo click en la posición (681, 945)
2026-05-23 18:38:33 | INFO | each_eight_hours.py:237 | End turn executed
2026-05-23 18:38:57 | INFO | my_functions.py:200 | 
✅ Found: end_turn.PNG pos=(681, 945) time=0.19s confidence=0.8
2026-05-23 18:38:57 | INFO | my_functions.py:248 | [DEBUG] Buscando en paralelo: ['snap.PNG'] | timeout=0s | confidence=0.8
2026-05-23 18:38:57 | INFO | my_functions.py:282 | [DEBUG] Click skipped, ninguna de las imágenes se encontró en el intento.
2026-05-23 18:39:03 | INFO | my_functions.py:135 | Haciendo click en la posición (681, 945)
2026-05-23 18:39:05 | INFO | each_eight_hours.py:237 | End turn executed
2026-05-23 18:39:28 | INFO | my_functions.py:200 | 
✅ Found: end_turn.PNG pos=(681, 945) time=0.18s confidence=0.8
2026-05-23 18:39:28 | INFO | my_functions.py:248 | [DEBUG] Buscando en paralelo: ['snap.PNG'] | timeout=0s | confidence=0.8
2026-05-23 18:39:28 | INFO | my_functions.py:282 | [DEBUG] Click skipped, ninguna de las imágenes se encontró en el intento.
2026-05-23 18:39:35 | INFO | my_functions.py:135 | Haciendo click en la posición (681, 945)
2026-05-23 18:39:36 | INFO | each_eight_hours.py:237 | End turn executed
2026-05-23 18:39:59 | INFO | my_functions.py:200 | 
✅ Found: collect_rewards.PNG pos=(679, 957) time=0.23s confidence=0.8
2026-05-23 18:39:59 | INFO | each_eight_hours.py:276 | Rewards detected, exiting match
2026-05-23 18:39:59 | INFO | my_functions.py:248 | [DEBUG] Buscando en paralelo: ['collect_rewards.PNG'] | timeout=20s | confidence=0.8
2026-05-23 18:40:00 | INFO | my_functions.py:135 | Haciendo click en la posición (679, 957)
2026-05-23 18:40:01 | INFO | my_functions.py:270 | 🖱️ Click OK (En paralelo): collect_rewards.PNG at (679, 957) delay=1s
2026-05-23 18:40:02 | INFO | my_functions.py:248 | [DEBUG] Buscando en paralelo: ['next.PNG'] | timeout=20s | confidence=0.8
2026-05-23 18:40:06 | INFO | my_functions.py:135 | Haciendo click en la posición (677, 973)
2026-05-23 18:40:06 | INFO | my_functions.py:270 | 🖱️ Click OK (En paralelo): next.PNG at (677, 973) delay=1s
2026-05-23 18:40:09 | INFO | my_functions.py:330 | AVAILABLE: 6
2026-05-23 18:40:09 | INFO | each_eight_hours.py:343 | Submissions after match: 6
2026-05-23 18:40:09 | INFO | my_functions.py:352 | Misiones completadas: 1
2026-05-23 18:40:09 | INFO | each_eight_hours.py:221 | Starting game loop 2
2026-05-23 18:40:09 | INFO | my_functions.py:248 | [DEBUG] Buscando en paralelo: ['play.PNG'] | timeout=20s | confidence=0.8
2026-05-23 18:40:12 | INFO | my_functions.py:135 | Haciendo click en la posición (384, 824)
2026-05-23 18:40:13 | INFO | my_functions.py:270 | 🖱️ Click OK (En paralelo): play.PNG at (384, 824) delay=3s
2026-05-23 18:40:38 | INFO | my_functions.py:200 | 
✅ Found: end_turn.PNG pos=(681, 945) time=0.19s confidence=0.8
2026-05-23 18:40:38 | INFO | my_functions.py:248 | [DEBUG] Buscando en paralelo: ['snap.PNG'] | timeout=0s | confidence=0.8
2026-05-23 18:40:39 | INFO | my_functions.py:135 | Haciendo click en la posición (386, 123)
2026-05-23 18:40:40 | INFO | my_functions.py:270 | 🖱️ Click OK (En paralelo): snap.PNG at (386, 123) delay=1s
2026-05-23 18:40:46 | INFO | my_functions.py:135 | Haciendo click en la posición (681, 945)
2026-05-23 18:40:47 | INFO | each_eight_hours.py:237 | End turn executed
2026-05-23 18:41:05 | INFO | my_functions.py:200 | 
✅ Found: end_turn.PNG pos=(681, 945) time=0.18s confidence=0.8
2026-05-23 18:41:05 | INFO | my_functions.py:248 | [DEBUG] Buscando en paralelo: ['snap.PNG'] | timeout=0s | confidence=0.8
2026-05-23 18:41:06 | INFO | my_functions.py:282 | [DEBUG] Click skipped, ninguna de las imágenes se encontró en el intento.
2026-05-23 18:41:12 | INFO | my_functions.py:135 | Haciendo click en la posición (681, 945)
2026-05-23 18:41:13 | INFO | each_eight_hours.py:237 | End turn executed
2026-05-23 18:41:27 | INFO | my_functions.py:200 | 
✅ Found: end_turn.PNG pos=(681, 945) time=0.22s confidence=0.8
2026-05-23 18:41:27 | INFO | my_functions.py:248 | [DEBUG] Buscando en paralelo: ['snap.PNG'] | timeout=0s | confidence=0.8
2026-05-23 18:41:28 | INFO | my_functions.py:282 | [DEBUG] Click skipped, ninguna de las imágenes se encontró en el intento.
2026-05-23 18:41:34 | INFO | my_functions.py:135 | Haciendo click en la posición (681, 945)
2026-05-23 18:41:35 | INFO | each_eight_hours.py:237 | End turn executed
2026-05-23 18:41:54 | INFO | my_functions.py:200 | 
✅ Found: end_turn.PNG pos=(681, 945) time=0.18s confidence=0.8
2026-05-23 18:41:54 | INFO | my_functions.py:248 | [DEBUG] Buscando en paralelo: ['snap.PNG'] | timeout=0s | confidence=0.8
2026-05-23 18:41:54 | INFO | my_functions.py:282 | [DEBUG] Click skipped, ninguna de las imágenes se encontró en el intento.
2026-05-23 18:42:01 | INFO | my_functions.py:135 | Haciendo click en la posición (681, 945)
2026-05-23 18:42:02 | INFO | each_eight_hours.py:237 | End turn executed
2026-05-23 18:42:26 | INFO | my_functions.py:200 | 
✅ Found: end_turn.PNG pos=(681, 945) time=0.19s confidence=0.8
2026-05-23 18:42:26 | INFO | my_functions.py:248 | [DEBUG] Buscando en paralelo: ['snap.PNG'] | timeout=0s | confidence=0.8
2026-05-23 18:42:26 | INFO | my_functions.py:282 | [DEBUG] Click skipped, ninguna de las imágenes se encontró en el intento.
2026-05-23 18:42:32 | INFO | my_functions.py:135 | Haciendo click en la posición (681, 945)
2026-05-23 18:42:34 | INFO | each_eight_hours.py:237 | End turn executed
2026-05-23 18:42:43 | INFO | my_functions.py:200 | 
✅ Found: end_turn.PNG pos=(681, 945) time=0.19s confidence=0.8
2026-05-23 18:42:43 | INFO | my_functions.py:248 | [DEBUG] Buscando en paralelo: ['snap.PNG'] | timeout=0s | confidence=0.8
2026-05-23 18:42:44 | INFO | my_functions.py:282 | [DEBUG] Click skipped, ninguna de las imágenes se encontró en el intento.
2026-05-23 18:42:50 | INFO | my_functions.py:135 | Haciendo click en la posición (681, 945)
2026-05-23 18:42:51 | INFO | each_eight_hours.py:237 | End turn executed
2026-05-23 18:42:58 | INFO | my_functions.py:200 | 
✅ Found: collect_rewards.PNG pos=(680, 957) time=0.23s confidence=0.8
2026-05-23 18:42:58 | INFO | each_eight_hours.py:276 | Rewards detected, exiting match
2026-05-23 18:42:58 | INFO | my_functions.py:248 | [DEBUG] Buscando en paralelo: ['collect_rewards.PNG'] | timeout=20s | confidence=0.8
2026-05-23 18:42:59 | INFO | my_functions.py:135 | Haciendo click en la posición (679, 957)
2026-05-23 18:42:59 | INFO | my_functions.py:270 | 🖱️ Click OK (En paralelo): collect_rewards.PNG at (679, 957) delay=1s
2026-05-23 18:43:00 | INFO | my_functions.py:248 | [DEBUG] Buscando en paralelo: ['next.PNG'] | timeout=20s | confidence=0.8
2026-05-23 18:43:04 | INFO | my_functions.py:135 | Haciendo click en la posición (677, 1000)
2026-05-23 18:43:04 | INFO | my_functions.py:270 | 🖱️ Click OK (En paralelo): next.PNG at (677, 1000) delay=1s
2026-05-23 18:43:07 | INFO | my_functions.py:330 | AVAILABLE: 6
2026-05-23 18:43:07 | INFO | each_eight_hours.py:343 | Submissions after match: 6
2026-05-23 18:43:07 | INFO | my_functions.py:352 | Misiones completadas: 3
2026-05-23 18:43:07 | INFO | each_eight_hours.py:347 | Submission condition met, breaking loop
2026-05-23 18:43:07 | INFO | my_functions.py:248 | [DEBUG] Buscando en paralelo: ['missionsNotify2.png'] | timeout=20s | confidence=0.8
2026-05-23 18:43:11 | INFO | my_functions.py:135 | Haciendo click en la posición (538, 124)
2026-05-23 18:43:11 | INFO | my_functions.py:270 | 🖱️ Click OK (En paralelo): missionsNotify2.png at (538, 124) delay=3s
2026-05-23 18:43:12 | INFO | my_functions.py:1211 | [INFO] Iniciando click_missions_blue2
2026-05-23 18:43:12 | INFO | my_functions.py:135 | Haciendo click en la posición (150, 132)
2026-05-23 18:43:13 | INFO | my_functions.py:1214 | [ACTION] Click hecho en icono de calendario que me dirige a las misiones ordinarias
2026-05-23 18:43:13 | INFO | my_functions.py:170 | Searching bonus_challenge.png (timeout=0s)
2026-05-23 18:43:13 | INFO | my_functions.py:214 | 
⛔ Not found: bonus_challenge.png after 0.0s region=(0, 0, 765, 1038) confidence=0.8
2026-05-23 18:43:15 | INFO | my_functions.py:135 | Haciendo click en la posición (362, 493)
2026-05-23 18:43:17 | INFO | my_functions.py:1227 | [ACTION] Click 1/3 en misión azul
2026-05-23 18:43:17 | INFO | my_functions.py:135 | Haciendo click en la posición (362, 493)
2026-05-23 18:43:18 | INFO | my_functions.py:1227 | [ACTION] Click 2/3 en misión azul
2026-05-23 18:43:19 | INFO | my_functions.py:135 | Haciendo click en la posición (362, 493)
2026-05-23 18:43:20 | INFO | my_functions.py:1227 | [ACTION] Click 3/3 en misión azul
2026-05-23 18:43:20 | INFO | my_functions.py:170 | Searching flechita_mission.PNG (timeout=0s)
2026-05-23 18:43:21 | INFO | my_functions.py:214 | 
⛔ Not found: flechita_mission.PNG after 0.0s region=(0, 0, 765, 1038) confidence=0.8
2026-05-23 18:43:21 | INFO | my_functions.py:248 | [DEBUG] Buscando en paralelo: ['weekly3.PNG'] | timeout=0s | confidence=0.8
2026-05-23 18:43:21 | INFO | my_functions.py:282 | [DEBUG] Click skipped, ninguna de las imágenes se encontró en el intento.
2026-05-23 18:43:22 | INFO | my_functions.py:248 | [DEBUG] Buscando en paralelo: ['weekly3.PNG'] | timeout=0s | confidence=0.8
2026-05-23 18:43:22 | INFO | my_functions.py:282 | [DEBUG] Click skipped, ninguna de las imágenes se encontró en el intento.
2026-05-23 18:43:23 | INFO | my_functions.py:135 | Haciendo click en la posición (557, 64)
2026-05-23 18:43:24 | INFO | my_functions.py:248 | [DEBUG] Buscando en paralelo: ['cards_shop.PNG'] | timeout=20s | confidence=0.8
2026-05-23 18:43:26 | INFO | my_functions.py:135 | Haciendo click en la posición (568, 121)
2026-05-23 18:43:26 | INFO | my_functions.py:270 | 🖱️ Click OK (En paralelo): cards_shop.PNG at (568, 121) delay=1s
2026-05-23 18:43:27 | INFO | my_functions.py:248 | [DEBUG] Buscando en paralelo: ['token_icon.PNG'] | timeout=20s | confidence=0.8
2026-05-23 18:43:29 | INFO | my_functions.py:135 | Haciendo click en la posición (680, 171)
2026-05-23 18:43:29 | INFO | my_functions.py:270 | 🖱️ Click OK (En paralelo): token_icon.PNG at (680, 171) delay=1s
2026-05-23 18:43:32 | INFO | my_functions.py:248 | [DEBUG] Buscando en paralelo: ['claim!_token_3.PNG'] | timeout=4s | confidence=0.8
2026-05-23 18:43:33 | INFO | my_functions.py:135 | Haciendo click en la posición (231, 573)
2026-05-23 18:43:34 | INFO | my_functions.py:270 | 🖱️ Click OK (En paralelo): claim!_token_3.PNG at (231, 573) delay=1s
2026-05-23 18:43:35 | INFO | my_functions.py:248 | [DEBUG] Buscando en paralelo: ['offers.PNG'] | timeout=0.1s | confidence=0.8
2026-05-23 18:43:35 | INFO | my_functions.py:282 | [DEBUG] Click skipped, ninguna de las imágenes se encontró en el intento.
2026-05-23 18:43:36 | INFO | my_functions.py:248 | [DEBUG] Buscando en paralelo: ['offers_selected.PNG'] | timeout=0.1s | confidence=0.8
2026-05-23 18:43:37 | INFO | my_functions.py:135 | Haciendo click en la posición (197, 119)
2026-05-23 18:43:37 | INFO | my_functions.py:270 | 🖱️ Click OK (En paralelo): offers_selected.PNG at (197, 119) delay=1s
2026-05-23 18:43:39 | INFO | my_functions.py:248 | [DEBUG] Buscando en paralelo: ['credits_selected.png'] | timeout=0.1s | confidence=0.8
2026-05-23 18:43:40 | INFO | my_functions.py:135 | Haciendo click en la posición (443, 167)
2026-05-23 18:43:40 | INFO | my_functions.py:270 | 🖱️ Click OK (En paralelo): credits_selected.png at (443, 167) delay=1s
2026-05-23 18:43:43 | INFO | my_functions.py:248 | [DEBUG] Buscando en paralelo: ['claim_25_credits.png'] | timeout=2s | confidence=0.8
2026-05-23 18:43:44 | INFO | my_functions.py:135 | Haciendo click en la posición (236, 328)
2026-05-23 18:43:44 | INFO | my_functions.py:270 | 🖱️ Click OK (En paralelo): claim_25_credits.png at (236, 328) delay=1s
2026-05-23 18:43:45 | INFO | my_functions.py:248 | [DEBUG] Buscando en paralelo: ['cards_shop.PNG'] | timeout=20s | confidence=0.8
2026-05-23 18:43:46 | INFO | my_functions.py:135 | Haciendo click en la posición (568, 121)
2026-05-23 18:43:46 | INFO | my_functions.py:270 | 🖱️ Click OK (En paralelo): cards_shop.PNG at (568, 121) delay=1s
2026-05-23 18:43:48 | INFO | my_functions.py:248 | [DEBUG] Buscando en paralelo: ['offers.PNG'] | timeout=20s | confidence=0.8
