2026-05-19 15:50:21 | INFO | each_eight_hours.py:39 | LOG FILE PATH: \\vmware-host\Shared Folders\SHARED FILES VM\MS\logs\each_eight_hours_2026-05-19_15-50-21.log
2026-05-19 15:50:21 | INFO | each_eight_hours.py:40 | Logger initialized
2026-05-19 15:50:21 | INFO | each_eight_hours.py:67 | Script initialized
2026-05-19 15:50:23 | INFO | each_eight_hours.py:128 | snap.exe terminated if it was running
2026-05-19 15:50:23 | INFO | my_functions.py:57 | ⏳ Esperando WebSocket de OBS...
2026-05-19 15:50:23 | INFO | baseclient.py:33 | Connecting with parameters: host='localhost' port=4455 password='' subs=0 timeout=None
2026-05-19 15:50:23 | INFO | reqs.py:23 | Successfully identified ReqClient with the server using RPC version:1
2026-05-19 15:50:23 | INFO | my_functions.py:63 | ✅ Conectado al OBS WebSocket
2026-05-19 15:50:23 | INFO | my_functions.py:79 | ⏹ Grabación ya estaba activa, deteniéndola...
2026-05-19 15:50:23 | INFO | baseclient.py:33 | Connecting with parameters: host='localhost' port=4455 password='' subs=0 timeout=None
2026-05-19 15:50:23 | INFO | reqs.py:23 | Successfully identified ReqClient with the server using RPC version:1
2026-05-19 15:50:23 | INFO | my_functions.py:94 | Record stopped.
2026-05-19 15:50:35 | INFO | my_functions.py:124 | Archivo renombrado a: C:\Users\Farm\Videos\my_functions_2026-05-19_15-50-35.mkv
2026-05-19 15:50:38 | INFO | my_functions.py:84 | 🎬 Nueva grabación iniciada
2026-05-19 15:50:38 | INFO | my_functions.py:1286 | ⏱ Esperando 0.1 segundos antes de empezar...
2026-05-19 15:50:38 | INFO | my_functions.py:1293 | 🔍 Esperando ventana que contenga alguna de: ['py', 'eight_hours'] (máx 20s)
2026-05-19 15:50:38 | INFO | my_functions.py:1305 | ✅ Ventana encontrada: 'each_eight_hours  - Acceso directo'
2026-05-19 15:50:38 | INFO | my_functions.py:1320 | ✅ Ventana seleccionada: 'each_eight_hours  - Acceso directo'
2026-05-19 15:50:40 | INFO | my_functions.py:1343 | 🔁 Reajuste #1...
2026-05-19 15:50:40 | INFO | my_functions.py:1350 | ✔ Verificación completa. Se hicieron 1 reajustes.
2026-05-19 15:51:10 | INFO | my_functions.py:2116 | Starting Steam window scan
2026-05-19 15:51:10 | INFO | my_functions.py:2119 | Found window: 
2026-05-19 15:51:10 | INFO | my_functions.py:2119 | Found window: each_eight_hours  - Acceso directo
2026-05-19 15:51:10 | INFO | my_functions.py:2119 | Found window: Microsoft Text Input Application
2026-05-19 15:51:10 | INFO | my_functions.py:2119 | Found window: 
2026-05-19 15:51:10 | INFO | my_functions.py:2119 | Found window: 
2026-05-19 15:51:10 | INFO | my_functions.py:2119 | Found window: 
2026-05-19 15:51:10 | INFO | my_functions.py:2119 | Found window: 
2026-05-19 15:51:10 | INFO | my_functions.py:2119 | Found window: Program Manager
2026-05-19 15:51:10 | INFO | each_eight_hours.py:139 | Processing account: reeps_vm
2026-05-19 15:51:10 | INFO | each_eight_hours.py:142 | Game relaunched for account
2026-05-19 15:51:10 | INFO | my_functions.py:1286 | ⏱ Esperando 0.1 segundos antes de empezar...
2026-05-19 15:51:10 | INFO | my_functions.py:1293 | 🔍 Esperando ventana que contenga alguna de: ['SNAP'] (máx 20s)
2026-05-19 15:51:13 | INFO | my_functions.py:1305 | ✅ Ventana encontrada: 'SNAP'
2026-05-19 15:51:13 | INFO | my_functions.py:1320 | ✅ Ventana seleccionada: 'SNAP'
2026-05-19 15:51:15 | INFO | my_functions.py:1352 | ✔ Verificación completa. No hubo cambios después del primer ajuste.
2026-05-19 15:51:15 | INFO | my_functions.py:991 | [DEBUG] Resizing SNAP window...
2026-05-19 15:51:15 | INFO | my_functions.py:1286 | ⏱ Esperando 0.1 segundos antes de empezar...
2026-05-19 15:51:15 | INFO | my_functions.py:1293 | 🔍 Esperando ventana que contenga alguna de: ['SNAP'] (máx 20s)
2026-05-19 15:51:15 | INFO | my_functions.py:1305 | ✅ Ventana encontrada: 'SNAP'
2026-05-19 15:51:15 | INFO | my_functions.py:1320 | ✅ Ventana seleccionada: 'SNAP'
2026-05-19 15:51:18 | INFO | my_functions.py:1352 | ✔ Verificación completa. No hubo cambios después del primer ajuste.
2026-05-19 15:51:18 | INFO | my_functions.py:248 | [DEBUG] Buscando en paralelo: ['small_submit.PNG', 'small_submit_hover.png', 'submit_hover_2.png'] | timeout=90s | confidence=0.8
2026-05-19 15:51:21 | INFO | my_functions.py:135 | Haciendo click en la posición (380, 642)
2026-05-19 15:51:21 | INFO | my_functions.py:270 | 🖱️ Click OK (En paralelo): small_submit.PNG at (380, 642) delay=0.2s
2026-05-19 15:51:22 | INFO | my_functions.py:248 | [DEBUG] Buscando en paralelo: ['small_submit.PNG', 'small_submit_hover.png', 'submit_hover_2.png'] | timeout=20s | confidence=0.8
2026-05-19 15:51:22 | INFO | my_functions.py:135 | Haciendo click en la posición (380, 721)
2026-05-19 15:51:23 | INFO | my_functions.py:270 | 🖱️ Click OK (En paralelo): small_submit.PNG at (380, 721) delay=0.2s
2026-05-19 15:51:24 | INFO | my_functions.py:1286 | ⏱ Esperando 0.1 segundos antes de empezar...
2026-05-19 15:51:24 | INFO | my_functions.py:1293 | 🔍 Esperando ventana que contenga alguna de: ['SNAP'] (máx 20s)
2026-05-19 15:51:24 | INFO | my_functions.py:1305 | ✅ Ventana encontrada: 'SNAP'
2026-05-19 15:51:24 | INFO | my_functions.py:1320 | ✅ Ventana seleccionada: 'SNAP'
2026-05-19 15:51:27 | INFO | my_functions.py:1352 | ✔ Verificación completa. No hubo cambios después del primer ajuste.
2026-05-19 15:51:27 | INFO | my_functions.py:170 | Searching please_sign.png (timeout=0s)
2026-05-19 15:51:27 | INFO | my_functions.py:214 | 
⛔ Not found: please_sign.png after 0.0s region=(0, 0, 765, 1038) confidence=0.8
2026-05-19 15:51:27 | INFO | my_functions.py:170 | Searching sign_in_with_google2.PNG (timeout=90s)
2026-05-19 15:51:27 | INFO | my_functions.py:200 | 
✅ Found: sign_in_with_google2.PNG pos=(406, 957) time=0.15s confidence=0.8
2026-05-19 15:51:27 | INFO | my_functions.py:248 | [DEBUG] Buscando en paralelo: ['sign_in_with_google2.PNG'] | timeout=20s | confidence=0.8
2026-05-19 15:51:28 | INFO | my_functions.py:135 | Haciendo click en la posición (406, 957)
2026-05-19 15:51:29 | INFO | my_functions.py:270 | 🖱️ Click OK (En paralelo): sign_in_with_google2.PNG at (406, 957) delay=1s
2026-05-19 15:51:30 | INFO | my_functions.py:248 | [DEBUG] Buscando en paralelo: ['reeps_vm.png'] | timeout=30s | confidence=0.8
2026-05-19 15:51:37 | INFO | my_functions.py:135 | Haciendo click en la posición (1126, 534)
2026-05-19 15:51:37 | INFO | my_functions.py:270 | 🖱️ Click OK (En paralelo): reeps_vm.png at (1126, 534) delay=3s
2026-05-19 15:51:38 | INFO | my_functions.py:170 | Searching marvelsnap_web.png (timeout=30s)
2026-05-19 15:51:43 | INFO | my_functions.py:200 | 
✅ Found: marvelsnap_web.png pos=(258, 80) time=4.47s confidence=0.7
2026-05-19 15:51:44 | INFO | my_functions.py:170 | Searching shop_unselected.PNG (timeout=0s)
2026-05-19 15:51:44 | INFO | my_functions.py:214 | 
⛔ Not found: shop_unselected.PNG after 0.0s region=(0, 0, 765, 1038) confidence=0.8
2026-05-19 15:51:44 | INFO | my_functions.py:248 | [DEBUG] Buscando en paralelo: ['super_premium.PNG'] | timeout=0s | confidence=0.8
2026-05-19 15:51:44 | INFO | my_functions.py:282 | [DEBUG] Click skipped, ninguna de las imágenes se encontró en el intento.
2026-05-19 15:51:45 | INFO | my_functions.py:248 | [DEBUG] Buscando en paralelo: ['maybe_later.PNG'] | timeout=0s | confidence=0.8
2026-05-19 15:51:46 | INFO | my_functions.py:282 | [DEBUG] Click skipped, ninguna de las imágenes se encontró en el intento.
2026-05-19 15:51:47 | INFO | my_functions.py:248 | [DEBUG] Buscando en paralelo: ['maybe_later2.PNG'] | timeout=0s | confidence=0.8
2026-05-19 15:51:47 | INFO | my_functions.py:282 | [DEBUG] Click skipped, ninguna de las imágenes se encontró en el intento.
2026-05-19 15:51:48 | INFO | my_functions.py:170 | Searching go_to_shop.PNG (timeout=0s)
2026-05-19 15:51:48 | INFO | my_functions.py:214 | 
⛔ Not found: go_to_shop.PNG after 0.0s region=(0, 0, 765, 1038) confidence=0.8
2026-05-19 15:51:48 | INFO | my_functions.py:248 | [DEBUG] Buscando en paralelo: ['14_days_of_winterverse.PNG'] | timeout=0s | confidence=0.8
2026-05-19 15:51:48 | INFO | my_functions.py:282 | [DEBUG] Click skipped, ninguna de las imágenes se encontró en el intento.
2026-05-19 15:51:49 | INFO | my_functions.py:170 | Searching welcome_back_calendar.PNG (timeout=0s)
2026-05-19 15:51:50 | INFO | my_functions.py:214 | 
⛔ Not found: welcome_back_calendar.PNG after 0.0s region=(0, 0, 765, 1038) confidence=0.8
2026-05-19 15:51:50 | INFO | my_functions.py:248 | [DEBUG] Buscando en paralelo: ['start_the_countdown.PNG'] | timeout=0s | confidence=0.8
2026-05-19 15:51:50 | INFO | my_functions.py:282 | [DEBUG] Click skipped, ninguna de las imágenes se encontró en el intento.
2026-05-19 15:51:51 | INFO | my_functions.py:248 | [DEBUG] Buscando en paralelo: ['event_has_ended_sanctum.PNG'] | timeout=0s | confidence=0.8
2026-05-19 15:51:51 | INFO | my_functions.py:282 | [DEBUG] Click skipped, ninguna de las imágenes se encontró en el intento.
2026-05-19 15:51:52 | INFO | my_functions.py:248 | [DEBUG] Buscando en paralelo: ['image_part_of_event_grand_arena_finished.PNG'] | timeout=0s | confidence=0.8
2026-05-19 15:51:53 | INFO | my_functions.py:282 | [DEBUG] Click skipped, ninguna de las imágenes se encontró en el intento.
2026-05-19 15:51:54 | INFO | my_functions.py:170 | Searching 28_day_event_login_rewards.PNG (timeout=0s)
2026-05-19 15:51:54 | INFO | my_functions.py:214 | 
⛔ Not found: 28_day_event_login_rewards.PNG after 0.0s region=(0, 0, 765, 1038) confidence=0.8
2026-05-19 15:51:54 | INFO | my_functions.py:170 | Searching 7_day_event_login.PNG (timeout=0s)
2026-05-19 15:51:54 | INFO | my_functions.py:214 | 
⛔ Not found: 7_day_event_login.PNG after 0.0s region=(0, 0, 765, 1038) confidence=0.8
2026-05-19 15:51:54 | INFO | my_functions.py:170 | Searching 14_days_event.PNG (timeout=0s)
2026-05-19 15:51:54 | INFO | my_functions.py:214 | 
⛔ Not found: 14_days_event.PNG after 0.0s region=(0, 0, 765, 1038) confidence=0.8
2026-05-19 15:51:54 | INFO | my_functions.py:248 | [DEBUG] Buscando en paralelo: ['lets_go.PNG'] | timeout=0s | confidence=0.8
2026-05-19 15:51:55 | INFO | my_functions.py:282 | [DEBUG] Click skipped, ninguna de las imágenes se encontró en el intento.
2026-05-19 15:51:57 | INFO | my_functions.py:170 | Searching shop_unselected.PNG (timeout=0s)
2026-05-19 15:51:57 | INFO | my_functions.py:214 | 
⛔ Not found: shop_unselected.PNG after 0.0s region=(0, 0, 765, 1038) confidence=0.8
2026-05-19 15:51:57 | INFO | my_functions.py:248 | [DEBUG] Buscando en paralelo: ['super_premium.PNG'] | timeout=0s | confidence=0.8
2026-05-19 15:51:58 | INFO | my_functions.py:135 | Haciendo click en la posición (480, 777)
2026-05-19 15:51:59 | INFO | my_functions.py:270 | 🖱️ Click OK (En paralelo): super_premium.PNG at (480, 777) delay=1s
2026-05-19 15:52:00 | INFO | my_functions.py:143 | Presionando ESC (1/1)
2026-05-19 15:52:08 | INFO | my_functions.py:170 | Searching shop_unselected.PNG (timeout=0s)
2026-05-19 15:52:08 | INFO | my_functions.py:200 | 
✅ Found: shop_unselected.PNG pos=(88, 961) time=0.24s confidence=0.8
2026-05-19 15:52:08 | INFO | my_functions.py:518 | Ya esta listo
2026-05-19 15:52:11 | INFO | my_functions.py:330 | AVAILABLE: 4
2026-05-19 15:52:11 | INFO | each_eight_hours.py:168 | Entering shop to claim credits
2026-05-19 15:52:11 | INFO | my_functions.py:248 | [DEBUG] Buscando en paralelo: ['shop_unselected.PNG'] | timeout=20s | confidence=0.8
2026-05-19 15:52:12 | INFO | my_functions.py:135 | Haciendo click en la posición (88, 961)
2026-05-19 15:52:12 | INFO | my_functions.py:270 | 🖱️ Click OK (En paralelo): shop_unselected.PNG at (88, 961) delay=1s
2026-05-19 15:52:13 | INFO | my_functions.py:248 | [DEBUG] Buscando en paralelo: ['offers.PNG', 'offers_selected.PNG'] | timeout=20s | confidence=0.8
2026-05-19 15:52:14 | INFO | my_functions.py:135 | Haciendo click en la posición (197, 122)
2026-05-19 15:52:15 | INFO | my_functions.py:270 | 🖱️ Click OK (En paralelo): offers.PNG at (197, 122) delay=1s
2026-05-19 15:52:16 | INFO | my_functions.py:248 | [DEBUG] Buscando en paralelo: ['credits_selected.png', 'credits.PNG'] | timeout=3s | confidence=0.8
2026-05-19 15:52:17 | INFO | my_functions.py:135 | Haciendo click en la posición (173, 64)
2026-05-19 15:52:17 | INFO | my_functions.py:270 | 🖱️ Click OK (En paralelo): credits.PNG at (173, 64) delay=1s
2026-05-19 15:52:20 | INFO | my_functions.py:248 | [DEBUG] Buscando en paralelo: ['claim_25_credits.png'] | timeout=3s | confidence=0.8
2026-05-19 15:52:21 | INFO | my_functions.py:135 | Haciendo click en la posición (236, 328)
2026-05-19 15:52:22 | INFO | my_functions.py:270 | 🖱️ Click OK (En paralelo): claim_25_credits.png at (236, 328) delay=1s
2026-05-19 15:52:23 | INFO | my_functions.py:143 | Presionando ESC (1/1)
2026-05-19 15:52:23 | INFO | my_functions.py:248 | [DEBUG] Buscando en paralelo: ['white_x.png'] | timeout=2s | confidence=0.8
2026-05-19 15:52:25 | INFO | my_functions.py:282 | [DEBUG] Click skipped, ninguna de las imágenes se encontró en el intento.
2026-05-19 15:52:27 | INFO | my_functions.py:248 | [DEBUG] Buscando en paralelo: ['nut.png'] | timeout=20s | confidence=0.8
2026-05-19 15:52:28 | INFO | my_functions.py:135 | Haciendo click en la posición (184, 78)
2026-05-19 15:52:28 | INFO | my_functions.py:270 | 🖱️ Click OK (En paralelo): nut.png at (184, 78) delay=1s
2026-05-19 15:52:29 | INFO | my_functions.py:248 | [DEBUG] Buscando en paralelo: ['graphics_quality.png'] | timeout=3s | confidence=0.8
2026-05-19 15:52:31 | INFO | my_functions.py:135 | Haciendo click en la posición (304, 644)
2026-05-19 15:52:31 | INFO | my_functions.py:270 | 🖱️ Click OK (En paralelo): graphics_quality.png at (304, 644) delay=1s
2026-05-19 15:52:33 | INFO | my_functions.py:248 | [DEBUG] Buscando en paralelo: ['sign_out.png'] | timeout=20s | confidence=0.8
2026-05-19 15:52:34 | INFO | my_functions.py:135 | Haciendo click en la posición (380, 796)
2026-05-19 15:52:34 | INFO | my_functions.py:270 | 🖱️ Click OK (En paralelo): sign_out.png at (380, 796) delay=1s
2026-05-19 15:52:37 | INFO | my_functions.py:248 | [DEBUG] Buscando en paralelo: ['sign_out_grande.png'] | timeout=20s | confidence=0.8
2026-05-19 15:52:38 | INFO | my_functions.py:135 | Haciendo click en la posición (359, 437)
2026-05-19 15:52:38 | INFO | my_functions.py:270 | 🖱️ Click OK (En paralelo): sign_out_grande.png at (359, 437) delay=1s
2026-05-19 15:52:39 | INFO | my_functions.py:248 | [DEBUG] Buscando en paralelo: ['sign_out2.png'] | timeout=20s | confidence=0.8
2026-05-19 15:52:40 | INFO | my_functions.py:135 | Haciendo click en la posición (383, 634)
2026-05-19 15:52:40 | INFO | my_functions.py:270 | 🖱️ Click OK (En paralelo): sign_out2.png at (383, 634) delay=1s
2026-05-19 15:52:42 | INFO | my_functions.py:1286 | ⏱ Esperando 0.1 segundos antes de empezar...
2026-05-19 15:52:42 | INFO | my_functions.py:1293 | 🔍 Esperando ventana que contenga alguna de: SNAP (máx 20s)
2026-05-19 15:52:42 | INFO | my_functions.py:1305 | ✅ Ventana encontrada: 'SNAP'
2026-05-19 15:52:42 | INFO | my_functions.py:1320 | ✅ Ventana seleccionada: 'SNAP'
2026-05-19 15:52:44 | INFO | my_functions.py:1343 | 🔁 Reajuste #1...
2026-05-19 15:52:46 | INFO | my_functions.py:1350 | ✔ Verificación completa. Se hicieron 1 reajustes.
2026-05-19 15:52:50 | INFO | each_eight_hours.py:210 | Logged out due to insufficient submissions
2026-05-19 15:52:51 | INFO | each_eight_hours.py:213 | snap.exe closed
2026-05-19 15:52:54 | INFO | each_eight_hours.py:139 | Processing account: overture_vm
2026-05-19 15:52:54 | INFO | each_eight_hours.py:142 | Game relaunched for account
2026-05-19 15:52:54 | INFO | my_functions.py:1286 | ⏱ Esperando 0.1 segundos antes de empezar...
2026-05-19 15:52:54 | INFO | my_functions.py:1293 | 🔍 Esperando ventana que contenga alguna de: ['SNAP'] (máx 20s)
2026-05-19 15:52:56 | INFO | my_functions.py:1305 | ✅ Ventana encontrada: 'SNAP'
2026-05-19 15:52:56 | INFO | my_functions.py:1320 | ✅ Ventana seleccionada: 'SNAP'
2026-05-19 15:52:59 | INFO | my_functions.py:1352 | ✔ Verificación completa. No hubo cambios después del primer ajuste.
2026-05-19 15:52:59 | INFO | my_functions.py:991 | [DEBUG] Resizing SNAP window...
2026-05-19 15:52:59 | INFO | my_functions.py:1286 | ⏱ Esperando 0.1 segundos antes de empezar...
2026-05-19 15:52:59 | INFO | my_functions.py:1293 | 🔍 Esperando ventana que contenga alguna de: ['SNAP'] (máx 20s)
2026-05-19 15:52:59 | INFO | my_functions.py:1305 | ✅ Ventana encontrada: 'SNAP'
2026-05-19 15:52:59 | INFO | my_functions.py:1320 | ✅ Ventana seleccionada: 'SNAP'
2026-05-19 15:53:02 | INFO | my_functions.py:1352 | ✔ Verificación completa. No hubo cambios después del primer ajuste.
2026-05-19 15:53:02 | INFO | my_functions.py:248 | [DEBUG] Buscando en paralelo: ['small_submit.PNG', 'small_submit_hover.png', 'submit_hover_2.png'] | timeout=90s | confidence=0.8
2026-05-19 15:53:05 | INFO | my_functions.py:135 | Haciendo click en la posición (380, 643)
2026-05-19 15:53:05 | INFO | my_functions.py:270 | 🖱️ Click OK (En paralelo): small_submit.PNG at (380, 643) delay=0.2s
2026-05-19 15:53:06 | INFO | my_functions.py:248 | [DEBUG] Buscando en paralelo: ['small_submit.PNG', 'small_submit_hover.png', 'submit_hover_2.png'] | timeout=20s | confidence=0.8
2026-05-19 15:53:06 | INFO | my_functions.py:135 | Haciendo click en la posición (380, 721)
2026-05-19 15:53:07 | INFO | my_functions.py:270 | 🖱️ Click OK (En paralelo): small_submit.PNG at (380, 721) delay=0.2s
2026-05-19 15:53:08 | INFO | my_functions.py:1286 | ⏱ Esperando 0.1 segundos antes de empezar...
2026-05-19 15:53:08 | INFO | my_functions.py:1293 | 🔍 Esperando ventana que contenga alguna de: ['SNAP'] (máx 20s)
2026-05-19 15:53:08 | INFO | my_functions.py:1305 | ✅ Ventana encontrada: 'SNAP'
2026-05-19 15:53:08 | INFO | my_functions.py:1320 | ✅ Ventana seleccionada: 'SNAP'
2026-05-19 15:53:10 | INFO | my_functions.py:1343 | 🔁 Reajuste #1...
2026-05-19 15:53:11 | INFO | my_functions.py:1350 | ✔ Verificación completa. Se hicieron 1 reajustes.
2026-05-19 15:53:11 | INFO | my_functions.py:170 | Searching please_sign.png (timeout=0s)
2026-05-19 15:53:11 | INFO | my_functions.py:200 | 
✅ Found: please_sign.png pos=(383, 438) time=0.18s confidence=0.8
2026-05-19 15:53:11 | INFO | my_functions.py:248 | [DEBUG] Buscando en paralelo: ['ok_btn.png'] | timeout=20s | confidence=0.8
2026-05-19 15:53:12 | INFO | my_functions.py:135 | Haciendo click en la posición (382, 634)
2026-05-19 15:53:12 | INFO | my_functions.py:270 | 🖱️ Click OK (En paralelo): ok_btn.png at (382, 634) delay=1s
2026-05-19 15:53:14 | INFO | my_functions.py:248 | [DEBUG] Buscando en paralelo: ['small_submit.PNG', 'small_submit_hover.png', 'submit_hover_2.png'] | timeout=90s | confidence=0.8
2026-05-19 15:54:44 | INFO | my_functions.py:282 | [DEBUG] Click skipped, ninguna de las imágenes se encontró en el intento.
2026-05-19 15:54:45 | INFO | my_functions.py:248 | [DEBUG] Buscando en paralelo: ['small_submit.PNG', 'small_submit_hover.png', 'submit_hover_2.png'] | timeout=20s | confidence=0.8
2026-05-19 15:55:05 | INFO | my_functions.py:282 | [DEBUG] Click skipped, ninguna de las imágenes se encontró en el intento.
2026-05-19 15:55:06 | INFO | my_functions.py:170 | Searching sign_in_with_google2.PNG (timeout=90s)
2026-05-19 15:56:37 | INFO | my_functions.py:214 | 
⛔ Not found: sign_in_with_google2.PNG after 90.13s region=(0, 0, 765, 1038) confidence=0.8
2026-05-19 15:56:37 | INFO | my_functions.py:248 | [DEBUG] Buscando en paralelo: ['sign_in_with_google2.PNG'] | timeout=20s | confidence=0.8
2026-05-19 15:56:57 | INFO | my_functions.py:282 | [DEBUG] Click skipped, ninguna de las imágenes se encontró en el intento.
2026-05-19 15:56:58 | INFO | my_functions.py:248 | [DEBUG] Buscando en paralelo: ['overture_vm.png'] | timeout=30s | confidence=0.8
2026-05-19 15:57:28 | INFO | my_functions.py:282 | [DEBUG] Click skipped, ninguna de las imágenes se encontró en el intento.
2026-05-19 15:57:30 | INFO | my_functions.py:248 | [DEBUG] Buscando en paralelo: ['overture_vm.png'] | timeout=0s | confidence=0.8
2026-05-19 15:57:30 | INFO | my_functions.py:282 | [DEBUG] Click skipped, ninguna de las imágenes se encontró en el intento.
2026-05-19 15:57:32 | INFO | my_functions.py:248 | [DEBUG] Buscando en paralelo: ['overture_vm.png'] | timeout=0s | confidence=0.8
2026-05-19 15:57:32 | INFO | my_functions.py:282 | [DEBUG] Click skipped, ninguna de las imágenes se encontró en el intento.
2026-05-19 15:57:34 | INFO | my_functions.py:248 | [DEBUG] Buscando en paralelo: ['overture_vm.png'] | timeout=0s | confidence=0.8
2026-05-19 15:57:34 | INFO | my_functions.py:282 | [DEBUG] Click skipped, ninguna de las imágenes se encontró en el intento.
2026-05-19 15:57:35 | INFO | my_functions.py:170 | Searching marvelsnap_web.png (timeout=30s)
2026-05-19 15:58:06 | INFO | my_functions.py:214 | 
⛔ Not found: marvelsnap_web.png after 30.11s region=(0, 0, 765, 1038) confidence=0.7
2026-05-19 15:58:06 | INFO | my_functions.py:170 | Searching shop_unselected.PNG (timeout=0s)
2026-05-19 15:58:06 | INFO | my_functions.py:214 | 
⛔ Not found: shop_unselected.PNG after 0.0s region=(0, 0, 765, 1038) confidence=0.8
2026-05-19 15:58:06 | INFO | my_functions.py:248 | [DEBUG] Buscando en paralelo: ['super_premium.PNG'] | timeout=0s | confidence=0.8
2026-05-19 15:58:06 | INFO | my_functions.py:282 | [DEBUG] Click skipped, ninguna de las imágenes se encontró en el intento.
2026-05-19 15:58:07 | INFO | my_functions.py:248 | [DEBUG] Buscando en paralelo: ['maybe_later.PNG'] | timeout=0s | confidence=0.8
2026-05-19 15:58:07 | INFO | my_functions.py:282 | [DEBUG] Click skipped, ninguna de las imágenes se encontró en el intento.
2026-05-19 15:58:08 | INFO | my_functions.py:248 | [DEBUG] Buscando en paralelo: ['maybe_later2.PNG'] | timeout=0s | confidence=0.8
2026-05-19 15:58:09 | INFO | my_functions.py:282 | [DEBUG] Click skipped, ninguna de las imágenes se encontró en el intento.
2026-05-19 15:58:10 | INFO | my_functions.py:170 | Searching go_to_shop.PNG (timeout=0s)
2026-05-19 15:58:10 | INFO | my_functions.py:214 | 
⛔ Not found: go_to_shop.PNG after 0.0s region=(0, 0, 765, 1038) confidence=0.8
2026-05-19 15:58:10 | INFO | my_functions.py:248 | [DEBUG] Buscando en paralelo: ['14_days_of_winterverse.PNG'] | timeout=0s | confidence=0.8
2026-05-19 15:58:10 | INFO | my_functions.py:282 | [DEBUG] Click skipped, ninguna de las imágenes se encontró en el intento.
2026-05-19 15:58:11 | INFO | my_functions.py:170 | Searching welcome_back_calendar.PNG (timeout=0s)
2026-05-19 15:58:12 | INFO | my_functions.py:214 | 
⛔ Not found: welcome_back_calendar.PNG after 0.17s region=(0, 0, 765, 1038) confidence=0.8
2026-05-19 15:58:12 | INFO | my_functions.py:248 | [DEBUG] Buscando en paralelo: ['start_the_countdown.PNG'] | timeout=0s | confidence=0.8
2026-05-19 15:58:12 | INFO | my_functions.py:282 | [DEBUG] Click skipped, ninguna de las imágenes se encontró en el intento.
2026-05-19 15:58:13 | INFO | my_functions.py:248 | [DEBUG] Buscando en paralelo: ['event_has_ended_sanctum.PNG'] | timeout=0s | confidence=0.8
2026-05-19 15:58:13 | INFO | my_functions.py:282 | [DEBUG] Click skipped, ninguna de las imágenes se encontró en el intento.
2026-05-19 15:58:14 | INFO | my_functions.py:248 | [DEBUG] Buscando en paralelo: ['image_part_of_event_grand_arena_finished.PNG'] | timeout=0s | confidence=0.8
2026-05-19 15:58:14 | INFO | my_functions.py:282 | [DEBUG] Click skipped, ninguna de las imágenes se encontró en el intento.
2026-05-19 15:58:16 | INFO | my_functions.py:170 | Searching 28_day_event_login_rewards.PNG (timeout=0s)
2026-05-19 15:58:16 | INFO | my_functions.py:214 | 
⛔ Not found: 28_day_event_login_rewards.PNG after 0.0s region=(0, 0, 765, 1038) confidence=0.8
2026-05-19 15:58:16 | INFO | my_functions.py:170 | Searching 7_day_event_login.PNG (timeout=0s)
2026-05-19 15:58:16 | INFO | my_functions.py:214 | 
⛔ Not found: 7_day_event_login.PNG after 0.0s region=(0, 0, 765, 1038) confidence=0.8
2026-05-19 15:58:16 | INFO | my_functions.py:170 | Searching 14_days_event.PNG (timeout=0s)
2026-05-19 15:58:16 | INFO | my_functions.py:214 | 
⛔ Not found: 14_days_event.PNG after 0.0s region=(0, 0, 765, 1038) confidence=0.8
2026-05-19 15:58:16 | INFO | my_functions.py:248 | [DEBUG] Buscando en paralelo: ['lets_go.PNG'] | timeout=0s | confidence=0.8
2026-05-19 15:58:16 | INFO | my_functions.py:282 | [DEBUG] Click skipped, ninguna de las imágenes se encontró en el intento.
2026-05-19 15:58:18 | INFO | my_functions.py:170 | Searching shop_unselected.PNG (timeout=0s)
2026-05-19 15:58:19 | INFO | my_functions.py:214 | 
⛔ Not found: shop_unselected.PNG after 0.0s region=(0, 0, 765, 1038) confidence=0.8
2026-05-19 15:58:19 | INFO | my_functions.py:248 | [DEBUG] Buscando en paralelo: ['super_premium.PNG'] | timeout=0s | confidence=0.8
2026-05-19 15:58:19 | INFO | my_functions.py:282 | [DEBUG] Click skipped, ninguna de las imágenes se encontró en el intento.
2026-05-19 15:58:20 | INFO | my_functions.py:248 | [DEBUG] Buscando en paralelo: ['maybe_later.PNG'] | timeout=0s | confidence=0.8
2026-05-19 15:58:20 | INFO | my_functions.py:282 | [DEBUG] Click skipped, ninguna de las imágenes se encontró en el intento.
2026-05-19 15:58:21 | INFO | my_functions.py:248 | [DEBUG] Buscando en paralelo: ['maybe_later2.PNG'] | timeout=0s | confidence=0.8
2026-05-19 15:58:21 | INFO | my_functions.py:282 | [DEBUG] Click skipped, ninguna de las imágenes se encontró en el intento.
2026-05-19 15:58:22 | INFO | my_functions.py:170 | Searching go_to_shop.PNG (timeout=0s)
2026-05-19 15:58:23 | INFO | my_functions.py:214 | 
⛔ Not found: go_to_shop.PNG after 0.0s region=(0, 0, 765, 1038) confidence=0.8
2026-05-19 15:58:23 | INFO | my_functions.py:248 | [DEBUG] Buscando en paralelo: ['14_days_of_winterverse.PNG'] | timeout=0s | confidence=0.8
2026-05-19 15:58:23 | INFO | my_functions.py:282 | [DEBUG] Click skipped, ninguna de las imágenes se encontró en el intento.
2026-05-19 15:58:24 | INFO | my_functions.py:170 | Searching welcome_back_calendar.PNG (timeout=0s)
2026-05-19 15:58:24 | INFO | my_functions.py:214 | 
⛔ Not found: welcome_back_calendar.PNG after 0.0s region=(0, 0, 765, 1038) confidence=0.8
2026-05-19 15:58:24 | INFO | my_functions.py:248 | [DEBUG] Buscando en paralelo: ['start_the_countdown.PNG'] | timeout=0s | confidence=0.8
2026-05-19 15:58:24 | INFO | my_functions.py:282 | [DEBUG] Click skipped, ninguna de las imágenes se encontró en el intento.
2026-05-19 15:58:25 | INFO | my_functions.py:248 | [DEBUG] Buscando en paralelo: ['event_has_ended_sanctum.PNG'] | timeout=0s | confidence=0.8
2026-05-19 15:58:25 | INFO | my_functions.py:282 | [DEBUG] Click skipped, ninguna de las imágenes se encontró en el intento.
2026-05-19 15:58:27 | INFO | my_functions.py:248 | [DEBUG] Buscando en paralelo: ['image_part_of_event_grand_arena_finished.PNG'] | timeout=0s | confidence=0.8
2026-05-19 15:58:27 | INFO | my_functions.py:282 | [DEBUG] Click skipped, ninguna de las imágenes se encontró en el intento.
2026-05-19 15:58:28 | INFO | my_functions.py:170 | Searching 28_day_event_login_rewards.PNG (timeout=0s)
2026-05-19 15:58:28 | INFO | my_functions.py:214 | 
⛔ Not found: 28_day_event_login_rewards.PNG after 0.0s region=(0, 0, 765, 1038) confidence=0.8
2026-05-19 15:58:28 | INFO | my_functions.py:170 | Searching 7_day_event_login.PNG (timeout=0s)
2026-05-19 15:58:28 | INFO | my_functions.py:214 | 
⛔ Not found: 7_day_event_login.PNG after 0.0s region=(0, 0, 765, 1038) confidence=0.8
2026-05-19 15:58:28 | INFO | my_functions.py:170 | Searching 14_days_event.PNG (timeout=0s)
2026-05-19 15:58:28 | INFO | my_functions.py:214 | 
⛔ Not found: 14_days_event.PNG after 0.0s region=(0, 0, 765, 1038) confidence=0.8
2026-05-19 15:58:28 | INFO | my_functions.py:248 | [DEBUG] Buscando en paralelo: ['lets_go.PNG'] | timeout=0s | confidence=0.8
2026-05-19 15:58:28 | INFO | my_functions.py:282 | [DEBUG] Click skipped, ninguna de las imágenes se encontró en el intento.
2026-05-19 15:58:31 | INFO | my_functions.py:170 | Searching shop_unselected.PNG (timeout=0s)
2026-05-19 15:58:31 | INFO | my_functions.py:214 | 
⛔ Not found: shop_unselected.PNG after 0.0s region=(0, 0, 765, 1038) confidence=0.8
2026-05-19 15:58:31 | INFO | my_functions.py:248 | [DEBUG] Buscando en paralelo: ['super_premium.PNG'] | timeout=0s | confidence=0.8
2026-05-19 15:58:31 | INFO | my_functions.py:282 | [DEBUG] Click skipped, ninguna de las imágenes se encontró en el intento.
2026-05-19 15:58:32 | INFO | my_functions.py:248 | [DEBUG] Buscando en paralelo: ['maybe_later.PNG'] | timeout=0s | confidence=0.8
2026-05-19 15:58:32 | INFO | my_functions.py:282 | [DEBUG] Click skipped, ninguna de las imágenes se encontró en el intento.
2026-05-19 15:58:33 | INFO | my_functions.py:248 | [DEBUG] Buscando en paralelo: ['maybe_later2.PNG'] | timeout=0s | confidence=0.8
2026-05-19 15:58:34 | INFO | my_functions.py:282 | [DEBUG] Click skipped, ninguna de las imágenes se encontró en el intento.
2026-05-19 15:58:35 | INFO | my_functions.py:170 | Searching go_to_shop.PNG (timeout=0s)
2026-05-19 15:58:35 | INFO | my_functions.py:214 | 
⛔ Not found: go_to_shop.PNG after 0.0s region=(0, 0, 765, 1038) confidence=0.8
2026-05-19 15:58:35 | INFO | my_functions.py:248 | [DEBUG] Buscando en paralelo: ['14_days_of_winterverse.PNG'] | timeout=0s | confidence=0.8
2026-05-19 15:58:35 | INFO | my_functions.py:282 | [DEBUG] Click skipped, ninguna de las imágenes se encontró en el intento.
2026-05-19 15:58:36 | INFO | my_functions.py:170 | Searching welcome_back_calendar.PNG (timeout=0s)
2026-05-19 15:58:36 | INFO | my_functions.py:214 | 
⛔ Not found: welcome_back_calendar.PNG after 0.0s region=(0, 0, 765, 1038) confidence=0.8
2026-05-19 15:58:36 | INFO | my_functions.py:248 | [DEBUG] Buscando en paralelo: ['start_the_countdown.PNG'] | timeout=0s | confidence=0.8
2026-05-19 15:58:36 | INFO | my_functions.py:282 | [DEBUG] Click skipped, ninguna de las imágenes se encontró en el intento.
2026-05-19 15:58:38 | INFO | my_functions.py:248 | [DEBUG] Buscando en paralelo: ['event_has_ended_sanctum.PNG'] | timeout=0s | confidence=0.8
2026-05-19 15:58:38 | INFO | my_functions.py:282 | [DEBUG] Click skipped, ninguna de las imágenes se encontró en el intento.
2026-05-19 15:58:39 | INFO | my_functions.py:248 | [DEBUG] Buscando en paralelo: ['image_part_of_event_grand_arena_finished.PNG'] | timeout=0s | confidence=0.8
2026-05-19 15:58:39 | INFO | my_functions.py:282 | [DEBUG] Click skipped, ninguna de las imágenes se encontró en el intento.
2026-05-19 15:58:40 | INFO | my_functions.py:170 | Searching 28_day_event_login_rewards.PNG (timeout=0s)
2026-05-19 15:58:40 | INFO | my_functions.py:214 | 
⛔ Not found: 28_day_event_login_rewards.PNG after 0.0s region=(0, 0, 765, 1038) confidence=0.8
2026-05-19 15:58:40 | INFO | my_functions.py:170 | Searching 7_day_event_login.PNG (timeout=0s)
2026-05-19 15:58:40 | INFO | my_functions.py:214 | 
⛔ Not found: 7_day_event_login.PNG after 0.0s region=(0, 0, 765, 1038) confidence=0.8
2026-05-19 15:58:40 | INFO | my_functions.py:170 | Searching 14_days_event.PNG (timeout=0s)
2026-05-19 15:58:41 | INFO | my_functions.py:214 | 
⛔ Not found: 14_days_event.PNG after 0.0s region=(0, 0, 765, 1038) confidence=0.8
2026-05-19 15:58:41 | INFO | my_functions.py:248 | [DEBUG] Buscando en paralelo: ['lets_go.PNG'] | timeout=0s | confidence=0.8
2026-05-19 15:58:41 | INFO | my_functions.py:282 | [DEBUG] Click skipped, ninguna de las imágenes se encontró en el intento.
2026-05-19 15:58:43 | INFO | my_functions.py:170 | Searching shop_unselected.PNG (timeout=0s)
2026-05-19 15:58:43 | INFO | my_functions.py:214 | 
⛔ Not found: shop_unselected.PNG after 0.0s region=(0, 0, 765, 1038) confidence=0.8
2026-05-19 15:58:43 | INFO | my_functions.py:248 | [DEBUG] Buscando en paralelo: ['super_premium.PNG'] | timeout=0s | confidence=0.8
2026-05-19 15:58:43 | INFO | my_functions.py:282 | [DEBUG] Click skipped, ninguna de las imágenes se encontró en el intento.
2026-05-19 15:58:44 | INFO | my_functions.py:248 | [DEBUG] Buscando en paralelo: ['maybe_later.PNG'] | timeout=0s | confidence=0.8
2026-05-19 15:58:45 | INFO | my_functions.py:282 | [DEBUG] Click skipped, ninguna de las imágenes se encontró en el intento.
2026-05-19 15:58:46 | INFO | my_functions.py:248 | [DEBUG] Buscando en paralelo: ['maybe_later2.PNG'] | timeout=0s | confidence=0.8
2026-05-19 15:58:46 | INFO | my_functions.py:282 | [DEBUG] Click skipped, ninguna de las imágenes se encontró en el intento.
2026-05-19 15:58:47 | INFO | my_functions.py:170 | Searching go_to_shop.PNG (timeout=0s)
2026-05-19 15:58:47 | INFO | my_functions.py:214 | 
⛔ Not found: go_to_shop.PNG after 0.18s region=(0, 0, 765, 1038) confidence=0.8
2026-05-19 15:58:47 | INFO | my_functions.py:248 | [DEBUG] Buscando en paralelo: ['14_days_of_winterverse.PNG'] | timeout=0s | confidence=0.8
2026-05-19 15:58:47 | INFO | my_functions.py:282 | [DEBUG] Click skipped, ninguna de las imágenes se encontró en el intento.
2026-05-19 15:58:49 | INFO | my_functions.py:170 | Searching welcome_back_calendar.PNG (timeout=0s)
2026-05-19 15:58:49 | INFO | my_functions.py:214 | 
⛔ Not found: welcome_back_calendar.PNG after 0.0s region=(0, 0, 765, 1038) confidence=0.8
2026-05-19 15:58:49 | INFO | my_functions.py:248 | [DEBUG] Buscando en paralelo: ['start_the_countdown.PNG'] | timeout=0s | confidence=0.8
2026-05-19 15:58:49 | INFO | my_functions.py:282 | [DEBUG] Click skipped, ninguna de las imágenes se encontró en el intento.
2026-05-19 15:58:50 | INFO | my_functions.py:248 | [DEBUG] Buscando en paralelo: ['event_has_ended_sanctum.PNG'] | timeout=0s | confidence=0.8
2026-05-19 15:58:50 | INFO | my_functions.py:282 | [DEBUG] Click skipped, ninguna de las imágenes se encontró en el intento.
2026-05-19 15:58:51 | INFO | my_functions.py:248 | [DEBUG] Buscando en paralelo: ['image_part_of_event_grand_arena_finished.PNG'] | timeout=0s | confidence=0.8
2026-05-19 15:58:51 | INFO | my_functions.py:282 | [DEBUG] Click skipped, ninguna de las imágenes se encontró en el intento.
2026-05-19 15:58:53 | INFO | my_functions.py:170 | Searching 28_day_event_login_rewards.PNG (timeout=0s)
2026-05-19 15:58:53 | INFO | my_functions.py:214 | 
⛔ Not found: 28_day_event_login_rewards.PNG after 0.0s region=(0, 0, 765, 1038) confidence=0.8
2026-05-19 15:58:53 | INFO | my_functions.py:170 | Searching 7_day_event_login.PNG (timeout=0s)
2026-05-19 15:58:53 | INFO | my_functions.py:214 | 
⛔ Not found: 7_day_event_login.PNG after 0.0s region=(0, 0, 765, 1038) confidence=0.8
2026-05-19 15:58:53 | INFO | my_functions.py:170 | Searching 14_days_event.PNG (timeout=0s)
2026-05-19 15:58:53 | INFO | my_functions.py:214 | 
⛔ Not found: 14_days_event.PNG after 0.0s region=(0, 0, 765, 1038) confidence=0.8
2026-05-19 15:58:53 | INFO | my_functions.py:248 | [DEBUG] Buscando en paralelo: ['lets_go.PNG'] | timeout=0s | confidence=0.8
2026-05-19 15:58:54 | INFO | my_functions.py:282 | [DEBUG] Click skipped, ninguna de las imágenes se encontró en el intento.
2026-05-19 15:58:56 | INFO | my_functions.py:170 | Searching shop_unselected.PNG (timeout=0s)
2026-05-19 15:58:56 | INFO | my_functions.py:214 | 
⛔ Not found: shop_unselected.PNG after 0.0s region=(0, 0, 765, 1038) confidence=0.8
2026-05-19 15:58:56 | INFO | my_functions.py:248 | [DEBUG] Buscando en paralelo: ['super_premium.PNG'] | timeout=0s | confidence=0.8
2026-05-19 15:58:56 | INFO | my_functions.py:282 | [DEBUG] Click skipped, ninguna de las imágenes se encontró en el intento.
2026-05-19 15:58:57 | INFO | my_functions.py:248 | [DEBUG] Buscando en paralelo: ['maybe_later.PNG'] | timeout=0s | confidence=0.8
2026-05-19 15:58:57 | INFO | my_functions.py:282 | [DEBUG] Click skipped, ninguna de las imágenes se encontró en el intento.
2026-05-19 15:58:58 | INFO | my_functions.py:248 | [DEBUG] Buscando en paralelo: ['maybe_later2.PNG'] | timeout=0s | confidence=0.8
2026-05-19 15:58:59 | INFO | my_functions.py:282 | [DEBUG] Click skipped, ninguna de las imágenes se encontró en el intento.
2026-05-19 15:59:00 | INFO | my_functions.py:170 | Searching go_to_shop.PNG (timeout=0s)
2026-05-19 15:59:00 | INFO | my_functions.py:214 | 
⛔ Not found: go_to_shop.PNG after 0.0s region=(0, 0, 765, 1038) confidence=0.8
2026-05-19 15:59:00 | INFO | my_functions.py:248 | [DEBUG] Buscando en paralelo: ['14_days_of_winterverse.PNG'] | timeout=0s | confidence=0.8
2026-05-19 15:59:00 | INFO | my_functions.py:282 | [DEBUG] Click skipped, ninguna de las imágenes se encontró en el intento.
2026-05-19 15:59:01 | INFO | my_functions.py:170 | Searching welcome_back_calendar.PNG (timeout=0s)
2026-05-19 15:59:02 | INFO | my_functions.py:214 | 
⛔ Not found: welcome_back_calendar.PNG after 0.02s region=(0, 0, 765, 1038) confidence=0.8
2026-05-19 15:59:02 | INFO | my_functions.py:248 | [DEBUG] Buscando en paralelo: ['start_the_countdown.PNG'] | timeout=0s | confidence=0.8
2026-05-19 15:59:02 | INFO | my_functions.py:282 | [DEBUG] Click skipped, ninguna de las imágenes se encontró en el intento.
2026-05-19 15:59:03 | INFO | my_functions.py:248 | [DEBUG] Buscando en paralelo: ['event_has_ended_sanctum.PNG'] | timeout=0s | confidence=0.8
2026-05-19 15:59:03 | INFO | my_functions.py:282 | [DEBUG] Click skipped, ninguna de las imágenes se encontró en el intento.
2026-05-19 15:59:04 | INFO | my_functions.py:248 | [DEBUG] Buscando en paralelo: ['image_part_of_event_grand_arena_finished.PNG'] | timeout=0s | confidence=0.8
2026-05-19 15:59:04 | INFO | my_functions.py:282 | [DEBUG] Click skipped, ninguna de las imágenes se encontró en el intento.
2026-05-19 15:59:05 | INFO | my_functions.py:170 | Searching 28_day_event_login_rewards.PNG (timeout=0s)
2026-05-19 15:59:06 | INFO | my_functions.py:214 | 
⛔ Not found: 28_day_event_login_rewards.PNG after 0.0s region=(0, 0, 765, 1038) confidence=0.8
2026-05-19 15:59:06 | INFO | my_functions.py:170 | Searching 7_day_event_login.PNG (timeout=0s)
2026-05-19 15:59:06 | INFO | my_functions.py:214 | 
⛔ Not found: 7_day_event_login.PNG after 0.0s region=(0, 0, 765, 1038) confidence=0.8
2026-05-19 15:59:06 | INFO | my_functions.py:170 | Searching 14_days_event.PNG (timeout=0s)
2026-05-19 15:59:06 | INFO | my_functions.py:214 | 
⛔ Not found: 14_days_event.PNG after 0.0s region=(0, 0, 765, 1038) confidence=0.8
2026-05-19 15:59:06 | INFO | my_functions.py:248 | [DEBUG] Buscando en paralelo: ['lets_go.PNG'] | timeout=0s | confidence=0.8
2026-05-19 15:59:06 | INFO | my_functions.py:282 | [DEBUG] Click skipped, ninguna de las imágenes se encontró en el intento.
2026-05-19 15:59:08 | INFO | my_functions.py:170 | Searching shop_unselected.PNG (timeout=0s)
2026-05-19 15:59:09 | INFO | my_functions.py:214 | 
⛔ Not found: shop_unselected.PNG after 0.0s region=(0, 0, 765, 1038) confidence=0.8
2026-05-19 15:59:09 | INFO | my_functions.py:248 | [DEBUG] Buscando en paralelo: ['super_premium.PNG'] | timeout=0s | confidence=0.8
2026-05-19 15:59:09 | INFO | my_functions.py:282 | [DEBUG] Click skipped, ninguna de las imágenes se encontró en el intento.
2026-05-19 15:59:10 | INFO | my_functions.py:248 | [DEBUG] Buscando en paralelo: ['maybe_later.PNG'] | timeout=0s | confidence=0.8
2026-05-19 15:59:10 | INFO | my_functions.py:282 | [DEBUG] Click skipped, ninguna de las imágenes se encontró en el intento.
2026-05-19 15:59:11 | INFO | my_functions.py:248 | [DEBUG] Buscando en paralelo: ['maybe_later2.PNG'] | timeout=0s | confidence=0.8
2026-05-19 15:59:12 | INFO | my_functions.py:282 | [DEBUG] Click skipped, ninguna de las imágenes se encontró en el intento.
2026-05-19 15:59:13 | INFO | my_functions.py:170 | Searching go_to_shop.PNG (timeout=0s)
2026-05-19 15:59:13 | INFO | my_functions.py:214 | 
⛔ Not found: go_to_shop.PNG after 0.0s region=(0, 0, 765, 1038) confidence=0.8
2026-05-19 15:59:13 | INFO | my_functions.py:248 | [DEBUG] Buscando en paralelo: ['14_days_of_winterverse.PNG'] | timeout=0s | confidence=0.8
2026-05-19 15:59:13 | INFO | my_functions.py:282 | [DEBUG] Click skipped, ninguna de las imágenes se encontró en el intento.
2026-05-19 15:59:14 | INFO | my_functions.py:170 | Searching welcome_back_calendar.PNG (timeout=0s)
2026-05-19 15:59:14 | INFO | my_functions.py:214 | 
⛔ Not found: welcome_back_calendar.PNG after 0.0s region=(0, 0, 765, 1038) confidence=0.8
2026-05-19 15:59:14 | INFO | my_functions.py:248 | [DEBUG] Buscando en paralelo: ['start_the_countdown.PNG'] | timeout=0s | confidence=0.8
2026-05-19 15:59:15 | INFO | my_functions.py:282 | [DEBUG] Click skipped, ninguna de las imágenes se encontró en el intento.
2026-05-19 15:59:16 | INFO | my_functions.py:248 | [DEBUG] Buscando en paralelo: ['event_has_ended_sanctum.PNG'] | timeout=0s | confidence=0.8
2026-05-19 15:59:16 | INFO | my_functions.py:282 | [DEBUG] Click skipped, ninguna de las imágenes se encontró en el intento.
2026-05-19 15:59:17 | INFO | my_functions.py:248 | [DEBUG] Buscando en paralelo: ['image_part_of_event_grand_arena_finished.PNG'] | timeout=0s | confidence=0.8
2026-05-19 15:59:17 | INFO | my_functions.py:282 | [DEBUG] Click skipped, ninguna de las imágenes se encontró en el intento.
2026-05-19 15:59:18 | INFO | my_functions.py:170 | Searching 28_day_event_login_rewards.PNG (timeout=0s)
2026-05-19 15:59:18 | INFO | my_functions.py:214 | 
⛔ Not found: 28_day_event_login_rewards.PNG after 0.0s region=(0, 0, 765, 1038) confidence=0.8
2026-05-19 15:59:18 | INFO | my_functions.py:170 | Searching 7_day_event_login.PNG (timeout=0s)
2026-05-19 15:59:19 | INFO | my_functions.py:214 | 
⛔ Not found: 7_day_event_login.PNG after 0.0s region=(0, 0, 765, 1038) confidence=0.8
2026-05-19 15:59:19 | INFO | my_functions.py:170 | Searching 14_days_event.PNG (timeout=0s)
2026-05-19 15:59:19 | INFO | my_functions.py:214 | 
⛔ Not found: 14_days_event.PNG after 0.0s region=(0, 0, 765, 1038) confidence=0.8
2026-05-19 15:59:19 | INFO | my_functions.py:248 | [DEBUG] Buscando en paralelo: ['lets_go.PNG'] | timeout=0s | confidence=0.8
2026-05-19 15:59:19 | INFO | my_functions.py:282 | [DEBUG] Click skipped, ninguna de las imágenes se encontró en el intento.
2026-05-19 15:59:21 | INFO | my_functions.py:170 | Searching shop_unselected.PNG (timeout=0s)
2026-05-19 15:59:21 | INFO | my_functions.py:214 | 
⛔ Not found: shop_unselected.PNG after 0.0s region=(0, 0, 765, 1038) confidence=0.8
2026-05-19 15:59:21 | INFO | my_functions.py:248 | [DEBUG] Buscando en paralelo: ['super_premium.PNG'] | timeout=0s | confidence=0.8
2026-05-19 15:59:21 | INFO | my_functions.py:282 | [DEBUG] Click skipped, ninguna de las imágenes se encontró en el intento.
2026-05-19 15:59:23 | INFO | my_functions.py:248 | [DEBUG] Buscando en paralelo: ['maybe_later.PNG'] | timeout=0s | confidence=0.8
2026-05-19 15:59:23 | INFO | my_functions.py:282 | [DEBUG] Click skipped, ninguna de las imágenes se encontró en el intento.
2026-05-19 15:59:24 | INFO | my_functions.py:248 | [DEBUG] Buscando en paralelo: ['maybe_later2.PNG'] | timeout=0s | confidence=0.8
2026-05-19 15:59:24 | INFO | my_functions.py:282 | [DEBUG] Click skipped, ninguna de las imágenes se encontró en el intento.
2026-05-19 15:59:25 | INFO | my_functions.py:170 | Searching go_to_shop.PNG (timeout=0s)
2026-05-19 15:59:25 | INFO | my_functions.py:214 | 
⛔ Not found: go_to_shop.PNG after 0.0s region=(0, 0, 765, 1038) confidence=0.8
2026-05-19 15:59:25 | INFO | my_functions.py:248 | [DEBUG] Buscando en paralelo: ['14_days_of_winterverse.PNG'] | timeout=0s | confidence=0.8
2026-05-19 15:59:26 | INFO | my_functions.py:282 | [DEBUG] Click skipped, ninguna de las imágenes se encontró en el intento.
2026-05-19 15:59:27 | INFO | my_functions.py:170 | Searching welcome_back_calendar.PNG (timeout=0s)
2026-05-19 15:59:27 | INFO | my_functions.py:214 | 
⛔ Not found: welcome_back_calendar.PNG after 0.0s region=(0, 0, 765, 1038) confidence=0.8
2026-05-19 15:59:27 | INFO | my_functions.py:248 | [DEBUG] Buscando en paralelo: ['start_the_countdown.PNG'] | timeout=0s | confidence=0.8
2026-05-19 15:59:27 | INFO | my_functions.py:282 | [DEBUG] Click skipped, ninguna de las imágenes se encontró en el intento.
2026-05-19 15:59:28 | INFO | my_functions.py:248 | [DEBUG] Buscando en paralelo: ['event_has_ended_sanctum.PNG'] | timeout=0s | confidence=0.8
2026-05-19 15:59:28 | INFO | my_functions.py:282 | [DEBUG] Click skipped, ninguna de las imágenes se encontró en el intento.
2026-05-19 15:59:29 | INFO | my_functions.py:248 | [DEBUG] Buscando en paralelo: ['image_part_of_event_grand_arena_finished.PNG'] | timeout=0s | confidence=0.8
2026-05-19 15:59:30 | INFO | my_functions.py:282 | [DEBUG] Click skipped, ninguna de las imágenes se encontró en el intento.
2026-05-19 15:59:31 | INFO | my_functions.py:170 | Searching 28_day_event_login_rewards.PNG (timeout=0s)
2026-05-19 15:59:31 | INFO | my_functions.py:214 | 
⛔ Not found: 28_day_event_login_rewards.PNG after 0.0s region=(0, 0, 765, 1038) confidence=0.8
2026-05-19 15:59:31 | INFO | my_functions.py:170 | Searching 7_day_event_login.PNG (timeout=0s)
2026-05-19 15:59:31 | INFO | my_functions.py:214 | 
⛔ Not found: 7_day_event_login.PNG after 0.0s region=(0, 0, 765, 1038) confidence=0.8
2026-05-19 15:59:31 | INFO | my_functions.py:170 | Searching 14_days_event.PNG (timeout=0s)
2026-05-19 15:59:31 | INFO | my_functions.py:214 | 
⛔ Not found: 14_days_event.PNG after 0.0s region=(0, 0, 765, 1038) confidence=0.8
2026-05-19 15:59:31 | INFO | my_functions.py:248 | [DEBUG] Buscando en paralelo: ['lets_go.PNG'] | timeout=0s | confidence=0.8
2026-05-19 15:59:31 | INFO | my_functions.py:282 | [DEBUG] Click skipped, ninguna de las imágenes se encontró en el intento.
2026-05-19 15:59:34 | INFO | my_functions.py:170 | Searching shop_unselected.PNG (timeout=0s)
2026-05-19 15:59:34 | INFO | my_functions.py:214 | 
⛔ Not found: shop_unselected.PNG after 0.0s region=(0, 0, 765, 1038) confidence=0.8
2026-05-19 15:59:34 | INFO | my_functions.py:248 | [DEBUG] Buscando en paralelo: ['super_premium.PNG'] | timeout=0s | confidence=0.8
2026-05-19 15:59:34 | INFO | my_functions.py:282 | [DEBUG] Click skipped, ninguna de las imágenes se encontró en el intento.
2026-05-19 15:59:35 | INFO | my_functions.py:248 | [DEBUG] Buscando en paralelo: ['maybe_later.PNG'] | timeout=0s | confidence=0.8
2026-05-19 15:59:35 | INFO | my_functions.py:282 | [DEBUG] Click skipped, ninguna de las imágenes se encontró en el intento.
2026-05-19 15:59:36 | INFO | my_functions.py:248 | [DEBUG] Buscando en paralelo: ['maybe_later2.PNG'] | timeout=0s | confidence=0.8
2026-05-19 15:59:37 | INFO | my_functions.py:282 | [DEBUG] Click skipped, ninguna de las imágenes se encontró en el intento.
2026-05-19 15:59:38 | INFO | my_functions.py:170 | Searching go_to_shop.PNG (timeout=0s)
2026-05-19 15:59:38 | INFO | my_functions.py:214 | 
⛔ Not found: go_to_shop.PNG after 0.0s region=(0, 0, 765, 1038) confidence=0.8
2026-05-19 15:59:38 | INFO | my_functions.py:248 | [DEBUG] Buscando en paralelo: ['14_days_of_winterverse.PNG'] | timeout=0s | confidence=0.8
2026-05-19 15:59:38 | INFO | my_functions.py:282 | [DEBUG] Click skipped, ninguna de las imágenes se encontró en el intento.
2026-05-19 15:59:39 | INFO | my_functions.py:170 | Searching welcome_back_calendar.PNG (timeout=0s)
2026-05-19 15:59:39 | INFO | my_functions.py:214 | 
⛔ Not found: welcome_back_calendar.PNG after 0.0s region=(0, 0, 765, 1038) confidence=0.8
2026-05-19 15:59:39 | INFO | my_functions.py:248 | [DEBUG] Buscando en paralelo: ['start_the_countdown.PNG'] | timeout=0s | confidence=0.8
2026-05-19 15:59:39 | INFO | my_functions.py:282 | [DEBUG] Click skipped, ninguna de las imágenes se encontró en el intento.
2026-05-19 15:59:41 | INFO | my_functions.py:248 | [DEBUG] Buscando en paralelo: ['event_has_ended_sanctum.PNG'] | timeout=0s | confidence=0.8
2026-05-19 15:59:41 | INFO | my_functions.py:282 | [DEBUG] Click skipped, ninguna de las imágenes se encontró en el intento.
2026-05-19 15:59:42 | INFO | my_functions.py:248 | [DEBUG] Buscando en paralelo: ['image_part_of_event_grand_arena_finished.PNG'] | timeout=0s | confidence=0.8
2026-05-19 15:59:42 | INFO | my_functions.py:282 | [DEBUG] Click skipped, ninguna de las imágenes se encontró en el intento.
2026-05-19 15:59:43 | INFO | my_functions.py:170 | Searching 28_day_event_login_rewards.PNG (timeout=0s)
2026-05-19 15:59:43 | INFO | my_functions.py:214 | 
⛔ Not found: 28_day_event_login_rewards.PNG after 0.0s region=(0, 0, 765, 1038) confidence=0.8
2026-05-19 15:59:43 | INFO | my_functions.py:170 | Searching 7_day_event_login.PNG (timeout=0s)
2026-05-19 15:59:43 | INFO | my_functions.py:214 | 
⛔ Not found: 7_day_event_login.PNG after 0.0s region=(0, 0, 765, 1038) confidence=0.8
2026-05-19 15:59:43 | INFO | my_functions.py:170 | Searching 14_days_event.PNG (timeout=0s)
2026-05-19 15:59:44 | INFO | my_functions.py:214 | 
⛔ Not found: 14_days_event.PNG after 0.0s region=(0, 0, 765, 1038) confidence=0.8
2026-05-19 15:59:44 | INFO | my_functions.py:248 | [DEBUG] Buscando en paralelo: ['lets_go.PNG'] | timeout=0s | confidence=0.8
2026-05-19 15:59:44 | INFO | my_functions.py:282 | [DEBUG] Click skipped, ninguna de las imágenes se encontró en el intento.
2026-05-19 15:59:48 | ERROR | each_eight_hours.py:363 | Unhandled exception occurred
Traceback (most recent call last):
  File "Z:\SHARED FILES VM\MS\each_eight_hours.py", line 152, in <module>
    submissions = count_available_submissions()
                  ^^^^^^^^^^^^^^^^^^^^^^^^^^^^^
  File "Z:\SHARED FILES VM\MS\my_functions.py", line 323, in count_available_submissions
    with open(file_path, 'r', encoding='utf-8-sig') as f:
         ^^^^^^^^^^^^^^^^^^^^^^^^^^^^^^^^^^^^^^^^^^
FileNotFoundError: [Errno 2] No such file or directory: 'C:\\Users\\Farm\\AppData\\LocalLow\\Second Dinner\\SNAP\\Standalone\\States\\nvprod\\MissionState.json'
