2026-06-18 23:31:51 | INFO | each_eight_hours.py:36 | LOG FILE PATH: \\vmware-host\Shared Folders\SHARED FILES VM\MS\logs\each_eight_hours_2026-06-18_23-31-51.log
2026-06-18 23:31:51 | INFO | each_eight_hours.py:37 | Logger initialized
2026-06-18 23:31:51 | INFO | each_eight_hours.py:64 | Script initialized
2026-06-18 23:32:11 | INFO | each_eight_hours.py:105 | snap.exe terminated if it was running
2026-06-18 23:32:12 | INFO | my_functions.py:56 | ⏳ Esperando WebSocket de OBS...
2026-06-18 23:32:17 | INFO | baseclient.py:33 | Connecting with parameters: host='localhost' port=4455 password='' subs=0 timeout=None
2026-06-18 23:32:17 | INFO | reqs.py:23 | Successfully identified ReqClient with the server using RPC version:1
2026-06-18 23:32:17 | INFO | my_functions.py:62 | ✅ Conectado al OBS WebSocket
2026-06-18 23:32:17 | ERROR | reqs.py:59 | OBSSDKRequestError: Request GetRecordStatus returned code 207. With message: OBS is not ready to perform the request.
Traceback (most recent call last):
  File "C:\Users\Farm\AppData\Local\Programs\Python\Python311\Lib\site-packages\obsws_python\reqs.py", line 53, in send
    raise OBSSDKRequestError(
obsws_python.error.OBSSDKRequestError: Request GetRecordStatus returned code 207. With message: OBS is not ready to perform the request.
2026-06-18 23:32:18 | INFO | my_functions.py:87 | 🎬 Grabación iniciada
2026-06-18 23:32:18 | INFO | my_functions.py:1546 | ⏱ Esperando 0.1 segundos antes de empezar...
2026-06-18 23:32:18 | INFO | my_functions.py:1553 | 🔍 Esperando ventana que contenga alguna de: ['py', 'eight_hours'] (máx 20s)
2026-06-18 23:32:18 | INFO | my_functions.py:1565 | ✅ Ventana encontrada: 'each_eight_hours  - Acceso directo'
2026-06-18 23:32:18 | INFO | my_functions.py:1580 | ✅ Ventana seleccionada: 'each_eight_hours  - Acceso directo'
2026-06-18 23:32:20 | INFO | my_functions.py:1603 | 🔁 Reajuste #1...
2026-06-18 23:32:20 | INFO | my_functions.py:1610 | ✔ Verificación completa. Se hicieron 1 reajustes.
2026-06-18 23:32:20 | INFO | each_eight_hours.py:113 | Processing account: jeremy
2026-06-18 23:32:20 | INFO | my_functions.py:1546 | ⏱ Esperando 0.1 segundos antes de empezar...
2026-06-18 23:32:20 | INFO | my_functions.py:1553 | 🔍 Esperando ventana que contenga alguna de: ['SNAP'] (máx 20s)
2026-06-18 23:32:24 | INFO | my_functions.py:1565 | ✅ Ventana encontrada: 'SNAP'
2026-06-18 23:32:24 | INFO | my_functions.py:1580 | ✅ Ventana seleccionada: 'SNAP'
2026-06-18 23:32:26 | INFO | my_functions.py:1612 | ✔ Verificación completa. No hubo cambios después del primer ajuste.
2026-06-18 23:32:26 | INFO | my_functions.py:1205 | [DEBUG] Resizing SNAP window...
2026-06-18 23:32:26 | INFO | my_functions.py:1546 | ⏱ Esperando 0.1 segundos antes de empezar...
2026-06-18 23:32:26 | INFO | my_functions.py:1553 | 🔍 Esperando ventana que contenga alguna de: ['SNAP'] (máx 20s)
2026-06-18 23:32:26 | INFO | my_functions.py:1565 | ✅ Ventana encontrada: 'SNAP'
2026-06-18 23:32:26 | INFO | my_functions.py:1580 | ✅ Ventana seleccionada: 'SNAP'
2026-06-18 23:32:29 | INFO | my_functions.py:1612 | ✔ Verificación completa. No hubo cambios después del primer ajuste.
2026-06-18 23:32:29 | INFO | my_functions.py:247 | [DEBUG] Buscando en paralelo: ['small_submit.PNG', 'small_submit_hover.png', 'submit_hover_2.png', 'small_submit_hover_2.png'] | timeout=90s | confidence=0.8
2026-06-18 23:32:36 | INFO | my_functions.py:134 | Haciendo click en la posición (383, 646)
2026-06-18 23:32:36 | INFO | my_functions.py:269 | 🖱️ Click OK (En paralelo): small_submit_hover_2.png at (383, 646) delay=0.2s
2026-06-18 23:32:40 | INFO | my_functions.py:247 | [DEBUG] Buscando en paralelo: ['small_submit.PNG', 'small_submit_hover.png', 'submit_hover_2.png', 'small_submit_hover_2.png'] | timeout=20s | confidence=0.8
2026-06-18 23:32:41 | INFO | my_functions.py:134 | Haciendo click en la posición (380, 721)
2026-06-18 23:32:41 | INFO | my_functions.py:269 | 🖱️ Click OK (En paralelo): small_submit.PNG at (380, 721) delay=0.2s
2026-06-18 23:32:42 | INFO | my_functions.py:1546 | ⏱ Esperando 0.1 segundos antes de empezar...
2026-06-18 23:32:42 | INFO | my_functions.py:1553 | 🔍 Esperando ventana que contenga alguna de: ['SNAP'] (máx 20s)
2026-06-18 23:32:42 | INFO | my_functions.py:1565 | ✅ Ventana encontrada: 'SNAP'
2026-06-18 23:32:42 | INFO | my_functions.py:1580 | ✅ Ventana seleccionada: 'SNAP'
2026-06-18 23:32:44 | INFO | my_functions.py:1603 | 🔁 Reajuste #1...
2026-06-18 23:32:45 | INFO | my_functions.py:1610 | ✔ Verificación completa. Se hicieron 1 reajustes.
2026-06-18 23:32:45 | INFO | my_functions.py:169 | Searching please_sign.png (timeout=0s)
2026-06-18 23:32:46 | INFO | my_functions.py:199 | 
✅ Found: please_sign.png pos=(383, 438) time=0.45s confidence=0.8
2026-06-18 23:32:46 | INFO | my_functions.py:247 | [DEBUG] Buscando en paralelo: ['ok_btn.png'] | timeout=20s | confidence=0.8
2026-06-18 23:32:48 | INFO | my_functions.py:134 | Haciendo click en la posición (382, 634)
2026-06-18 23:32:48 | INFO | my_functions.py:269 | 🖱️ Click OK (En paralelo): ok_btn.png at (382, 634) delay=1s
2026-06-18 23:32:49 | INFO | my_functions.py:247 | [DEBUG] Buscando en paralelo: ['small_submit.PNG', 'small_submit_hover.png', 'submit_hover_2.png', 'small_submit_hover_2.png'] | timeout=30s | confidence=0.8
2026-06-18 23:32:52 | INFO | my_functions.py:134 | Haciendo click en la posición (383, 643)
2026-06-18 23:32:52 | INFO | my_functions.py:269 | 🖱️ Click OK (En paralelo): small_submit_hover_2.png at (383, 643) delay=0.2s
2026-06-18 23:32:53 | INFO | my_functions.py:247 | [DEBUG] Buscando en paralelo: ['small_submit.PNG', 'small_submit_hover.png', 'submit_hover_2.png', 'small_submit_hover_2.png'] | timeout=20s | confidence=0.8
2026-06-18 23:32:55 | INFO | my_functions.py:134 | Haciendo click en la posición (380, 721)
2026-06-18 23:32:55 | INFO | my_functions.py:269 | 🖱️ Click OK (En paralelo): small_submit.PNG at (380, 721) delay=0.2s
2026-06-18 23:32:56 | INFO | my_functions.py:247 | [DEBUG] Buscando en paralelo: ['sign_in_with_google2.PNG'] | timeout=20s | confidence=0.8
2026-06-18 23:32:58 | INFO | my_functions.py:134 | Haciendo click en la posición (406, 957)
2026-06-18 23:32:58 | INFO | my_functions.py:269 | 🖱️ Click OK (En paralelo): sign_in_with_google2.PNG at (406, 957) delay=1s
2026-06-18 23:32:59 | INFO | my_functions.py:169 | Searching pagina_cargada.png (timeout=60s)
2026-06-18 23:33:06 | INFO | my_functions.py:199 | 
✅ Found: pagina_cargada.png pos=(70, 24) time=7.37s confidence=0.8
2026-06-18 23:33:06 | INFO | my_functions.py:247 | [DEBUG] Buscando en paralelo: ['jeremy.png'] | timeout=0s | confidence=0.8
2026-06-18 23:33:07 | INFO | my_functions.py:281 | [DEBUG] Click skipped, ninguna de las imágenes se encontró en el intento.
2026-06-18 23:33:09 | INFO | my_functions.py:247 | [DEBUG] Buscando en paralelo: ['jeremy.png'] | timeout=0s | confidence=0.8
2026-06-18 23:33:13 | INFO | my_functions.py:134 | Haciendo click en la posición (1143, 645)
2026-06-18 23:33:13 | INFO | my_functions.py:269 | 🖱️ Click OK (En paralelo): jeremy.png at (1143, 645) delay=3s
2026-06-18 23:33:15 | INFO | my_functions.py:169 | Searching marvelsnap_web.png (timeout=30s)
2026-06-18 23:33:19 | INFO | my_functions.py:199 | 
✅ Found: marvelsnap_web.png pos=(258, 80) time=3.57s confidence=0.7
2026-06-18 23:33:19 | INFO | my_functions.py:169 | Searching shop_unselected.PNG (timeout=0s)
2026-06-18 23:33:20 | INFO | my_functions.py:213 | 
⛔ Not found: shop_unselected.PNG after 0.0s region=(0, 0, 765, 1038) confidence=0.8
2026-06-18 23:33:20 | INFO | my_functions.py:247 | [DEBUG] Buscando en paralelo: ['super_premium.PNG'] | timeout=0s | confidence=0.8
2026-06-18 23:33:21 | INFO | my_functions.py:281 | [DEBUG] Click skipped, ninguna de las imágenes se encontró en el intento.
2026-06-18 23:33:22 | INFO | my_functions.py:247 | [DEBUG] Buscando en paralelo: ['maybe_later.PNG'] | timeout=0s | confidence=0.8
2026-06-18 23:33:23 | INFO | my_functions.py:281 | [DEBUG] Click skipped, ninguna de las imágenes se encontró en el intento.
2026-06-18 23:33:24 | INFO | my_functions.py:247 | [DEBUG] Buscando en paralelo: ['maybe_later2.PNG'] | timeout=0s | confidence=0.8
2026-06-18 23:33:24 | INFO | my_functions.py:281 | [DEBUG] Click skipped, ninguna de las imágenes se encontró en el intento.
2026-06-18 23:33:25 | INFO | my_functions.py:169 | Searching go_to_shop.PNG (timeout=0s)
2026-06-18 23:33:26 | INFO | my_functions.py:213 | 
⛔ Not found: go_to_shop.PNG after 0.0s region=(0, 0, 765, 1038) confidence=0.8
2026-06-18 23:33:26 | INFO | my_functions.py:247 | [DEBUG] Buscando en paralelo: ['14_days_of_winterverse.PNG'] | timeout=0s | confidence=0.8
2026-06-18 23:33:26 | INFO | my_functions.py:281 | [DEBUG] Click skipped, ninguna de las imágenes se encontró en el intento.
2026-06-18 23:33:28 | INFO | my_functions.py:169 | Searching welcome_back_calendar.PNG (timeout=0s)
2026-06-18 23:33:28 | INFO | my_functions.py:213 | 
⛔ Not found: welcome_back_calendar.PNG after 0.0s region=(0, 0, 765, 1038) confidence=0.8
2026-06-18 23:33:28 | INFO | my_functions.py:247 | [DEBUG] Buscando en paralelo: ['start_the_countdown.PNG'] | timeout=0s | confidence=0.8
2026-06-18 23:33:29 | INFO | my_functions.py:281 | [DEBUG] Click skipped, ninguna de las imágenes se encontró en el intento.
2026-06-18 23:33:30 | INFO | my_functions.py:247 | [DEBUG] Buscando en paralelo: ['event_has_ended_sanctum.PNG'] | timeout=0s | confidence=0.8
2026-06-18 23:33:30 | INFO | my_functions.py:281 | [DEBUG] Click skipped, ninguna de las imágenes se encontró en el intento.
2026-06-18 23:33:31 | INFO | my_functions.py:247 | [DEBUG] Buscando en paralelo: ['event_has_ended_teamclash.PNG'] | timeout=0s | confidence=0.8
2026-06-18 23:33:32 | INFO | my_functions.py:281 | [DEBUG] Click skipped, ninguna de las imágenes se encontró en el intento.
2026-06-18 23:33:33 | INFO | my_functions.py:247 | [DEBUG] Buscando en paralelo: ['image_part_of_event_grand_arena_finished.PNG'] | timeout=0s | confidence=0.8
2026-06-18 23:33:34 | INFO | my_functions.py:281 | [DEBUG] Click skipped, ninguna de las imágenes se encontró en el intento.
2026-06-18 23:33:35 | INFO | my_functions.py:169 | Searching 28_day_event_login_rewards.PNG (timeout=0s)
2026-06-18 23:33:36 | INFO | my_functions.py:213 | 
⛔ Not found: 28_day_event_login_rewards.PNG after 0.46s region=(0, 0, 765, 1038) confidence=0.8
2026-06-18 23:33:36 | INFO | my_functions.py:169 | Searching 7_day_event_login.PNG (timeout=0s)
2026-06-18 23:33:36 | INFO | my_functions.py:213 | 
⛔ Not found: 7_day_event_login.PNG after 0.01s region=(0, 0, 765, 1038) confidence=0.8
2026-06-18 23:33:36 | INFO | my_functions.py:169 | Searching 14_days_event.PNG (timeout=0s)
2026-06-18 23:33:37 | INFO | my_functions.py:213 | 
⛔ Not found: 14_days_event.PNG after 0.0s region=(0, 0, 765, 1038) confidence=0.8
2026-06-18 23:33:37 | INFO | my_functions.py:247 | [DEBUG] Buscando en paralelo: ['lets_go.PNG'] | timeout=0s | confidence=0.8
2026-06-18 23:33:37 | INFO | my_functions.py:281 | [DEBUG] Click skipped, ninguna de las imágenes se encontró en el intento.
2026-06-18 23:33:39 | INFO | my_functions.py:169 | Searching shop_unselected.PNG (timeout=0s)
2026-06-18 23:33:40 | INFO | my_functions.py:199 | 
✅ Found: shop_unselected.PNG pos=(88, 961) time=0.72s confidence=0.8
2026-06-18 23:33:48 | INFO | my_functions.py:169 | Searching shop_unselected.PNG (timeout=0s)
2026-06-18 23:33:49 | INFO | my_functions.py:199 | 
✅ Found: shop_unselected.PNG pos=(88, 961) time=0.72s confidence=0.8
2026-06-18 23:33:49 | INFO | my_functions.py:714 | Ya esta listo
2026-06-18 23:33:53 | INFO | my_functions.py:533 | AVAILABLE: 3
2026-06-18 23:33:53 | INFO | my_functions.py:247 | [DEBUG] Buscando en paralelo: ['nut.png'] | timeout=20s | confidence=0.8
2026-06-18 23:33:55 | INFO | my_functions.py:134 | Haciendo click en la posición (184, 78)
2026-06-18 23:33:55 | INFO | my_functions.py:269 | 🖱️ Click OK (En paralelo): nut.png at (184, 78) delay=1s
2026-06-18 23:33:56 | INFO | my_functions.py:247 | [DEBUG] Buscando en paralelo: ['graphics_quality.png'] | timeout=3s | confidence=0.8
2026-06-18 23:33:58 | INFO | my_functions.py:134 | Haciendo click en la posición (304, 644)
2026-06-18 23:33:58 | INFO | my_functions.py:269 | 🖱️ Click OK (En paralelo): graphics_quality.png at (304, 644) delay=1s
2026-06-18 23:34:00 | INFO | my_functions.py:247 | [DEBUG] Buscando en paralelo: ['sign_out.png'] | timeout=20s | confidence=0.8
2026-06-18 23:34:02 | INFO | my_functions.py:134 | Haciendo click en la posición (380, 796)
2026-06-18 23:34:02 | INFO | my_functions.py:269 | 🖱️ Click OK (En paralelo): sign_out.png at (380, 796) delay=1s
2026-06-18 23:34:04 | INFO | my_functions.py:247 | [DEBUG] Buscando en paralelo: ['sign_out_grande.png'] | timeout=20s | confidence=0.8
2026-06-18 23:34:06 | INFO | my_functions.py:134 | Haciendo click en la posición (359, 437)
2026-06-18 23:34:06 | INFO | my_functions.py:269 | 🖱️ Click OK (En paralelo): sign_out_grande.png at (359, 437) delay=1s
2026-06-18 23:34:07 | INFO | my_functions.py:247 | [DEBUG] Buscando en paralelo: ['sign_out2.png'] | timeout=20s | confidence=0.8
2026-06-18 23:34:09 | INFO | my_functions.py:134 | Haciendo click en la posición (383, 634)
2026-06-18 23:34:09 | INFO | my_functions.py:269 | 🖱️ Click OK (En paralelo): sign_out2.png at (383, 634) delay=1s
2026-06-18 23:34:10 | INFO | my_functions.py:1546 | ⏱ Esperando 0.1 segundos antes de empezar...
2026-06-18 23:34:10 | INFO | my_functions.py:1553 | 🔍 Esperando ventana que contenga alguna de: SNAP (máx 20s)
2026-06-18 23:34:10 | INFO | my_functions.py:1565 | ✅ Ventana encontrada: 'SNAP'
2026-06-18 23:34:10 | INFO | my_functions.py:1580 | ✅ Ventana seleccionada: 'SNAP'
2026-06-18 23:34:12 | INFO | my_functions.py:1603 | 🔁 Reajuste #1...
2026-06-18 23:34:14 | INFO | my_functions.py:1610 | ✔ Verificación completa. Se hicieron 1 reajustes.
2026-06-18 23:34:18 | INFO | each_eight_hours.py:113 | Processing account: john
2026-06-18 23:34:18 | INFO | my_functions.py:1546 | ⏱ Esperando 0.1 segundos antes de empezar...
2026-06-18 23:34:18 | INFO | my_functions.py:1553 | 🔍 Esperando ventana que contenga alguna de: ['SNAP'] (máx 20s)
2026-06-18 23:34:21 | INFO | my_functions.py:1565 | ✅ Ventana encontrada: 'SNAP'
2026-06-18 23:34:21 | INFO | my_functions.py:1580 | ✅ Ventana seleccionada: 'SNAP'
2026-06-18 23:34:23 | INFO | my_functions.py:1612 | ✔ Verificación completa. No hubo cambios después del primer ajuste.
2026-06-18 23:34:23 | INFO | my_functions.py:1205 | [DEBUG] Resizing SNAP window...
2026-06-18 23:34:23 | INFO | my_functions.py:1546 | ⏱ Esperando 0.1 segundos antes de empezar...
2026-06-18 23:34:23 | INFO | my_functions.py:1553 | 🔍 Esperando ventana que contenga alguna de: ['SNAP'] (máx 20s)
2026-06-18 23:34:23 | INFO | my_functions.py:1565 | ✅ Ventana encontrada: 'SNAP'
2026-06-18 23:34:23 | INFO | my_functions.py:1580 | ✅ Ventana seleccionada: 'SNAP'
2026-06-18 23:34:26 | INFO | my_functions.py:1612 | ✔ Verificación completa. No hubo cambios después del primer ajuste.
2026-06-18 23:34:26 | INFO | my_functions.py:247 | [DEBUG] Buscando en paralelo: ['small_submit.PNG', 'small_submit_hover.png', 'submit_hover_2.png', 'small_submit_hover_2.png'] | timeout=90s | confidence=0.8
2026-06-18 23:34:33 | INFO | my_functions.py:134 | Haciendo click en la posición (380, 642)
2026-06-18 23:34:34 | INFO | my_functions.py:269 | 🖱️ Click OK (En paralelo): small_submit.PNG at (380, 642) delay=0.2s
2026-06-18 23:34:37 | INFO | my_functions.py:247 | [DEBUG] Buscando en paralelo: ['small_submit.PNG', 'small_submit_hover.png', 'submit_hover_2.png', 'small_submit_hover_2.png'] | timeout=20s | confidence=0.8
2026-06-18 23:34:38 | INFO | my_functions.py:134 | Haciendo click en la posición (380, 721)
2026-06-18 23:34:38 | INFO | my_functions.py:269 | 🖱️ Click OK (En paralelo): small_submit.PNG at (380, 721) delay=0.2s
2026-06-18 23:34:39 | INFO | my_functions.py:1546 | ⏱ Esperando 0.1 segundos antes de empezar...
2026-06-18 23:34:40 | INFO | my_functions.py:1553 | 🔍 Esperando ventana que contenga alguna de: ['SNAP'] (máx 20s)
2026-06-18 23:34:40 | INFO | my_functions.py:1565 | ✅ Ventana encontrada: 'SNAP'
2026-06-18 23:34:40 | INFO | my_functions.py:1580 | ✅ Ventana seleccionada: 'SNAP'
2026-06-18 23:34:42 | INFO | my_functions.py:1603 | 🔁 Reajuste #1...
2026-06-18 23:34:43 | INFO | my_functions.py:1610 | ✔ Verificación completa. Se hicieron 1 reajustes.
2026-06-18 23:34:43 | INFO | my_functions.py:169 | Searching please_sign.png (timeout=0s)
2026-06-18 23:34:43 | INFO | my_functions.py:199 | 
✅ Found: please_sign.png pos=(383, 438) time=0.45s confidence=0.8
2026-06-18 23:34:43 | INFO | my_functions.py:247 | [DEBUG] Buscando en paralelo: ['ok_btn.png'] | timeout=20s | confidence=0.8
2026-06-18 23:34:45 | INFO | my_functions.py:134 | Haciendo click en la posición (382, 634)
2026-06-18 23:34:45 | INFO | my_functions.py:269 | 🖱️ Click OK (En paralelo): ok_btn.png at (382, 634) delay=1s
2026-06-18 23:34:46 | INFO | my_functions.py:247 | [DEBUG] Buscando en paralelo: ['small_submit.PNG', 'small_submit_hover.png', 'submit_hover_2.png', 'small_submit_hover_2.png'] | timeout=30s | confidence=0.8
2026-06-18 23:34:49 | INFO | my_functions.py:134 | Haciendo click en la posición (383, 643)
2026-06-18 23:34:49 | INFO | my_functions.py:269 | 🖱️ Click OK (En paralelo): small_submit_hover_2.png at (383, 643) delay=0.2s
2026-06-18 23:34:50 | INFO | my_functions.py:247 | [DEBUG] Buscando en paralelo: ['small_submit.PNG', 'small_submit_hover.png', 'submit_hover_2.png', 'small_submit_hover_2.png'] | timeout=20s | confidence=0.8
2026-06-18 23:34:52 | INFO | my_functions.py:134 | Haciendo click en la posición (380, 721)
2026-06-18 23:34:52 | INFO | my_functions.py:269 | 🖱️ Click OK (En paralelo): small_submit.PNG at (380, 721) delay=0.2s
2026-06-18 23:34:53 | INFO | my_functions.py:247 | [DEBUG] Buscando en paralelo: ['sign_in_with_google2.PNG'] | timeout=20s | confidence=0.8
2026-06-18 23:34:55 | INFO | my_functions.py:134 | Haciendo click en la posición (406, 957)
2026-06-18 23:34:55 | INFO | my_functions.py:269 | 🖱️ Click OK (En paralelo): sign_in_with_google2.PNG at (406, 957) delay=1s
2026-06-18 23:34:56 | INFO | my_functions.py:169 | Searching pagina_cargada.png (timeout=60s)
2026-06-18 23:35:08 | INFO | my_functions.py:199 | 
✅ Found: pagina_cargada.png pos=(70, 24) time=11.81s confidence=0.8
2026-06-18 23:35:08 | INFO | my_functions.py:247 | [DEBUG] Buscando en paralelo: ['john.png'] | timeout=0s | confidence=0.8
2026-06-18 23:35:12 | INFO | my_functions.py:134 | Haciendo click en la posición (1143, 619)
2026-06-18 23:35:12 | INFO | my_functions.py:269 | 🖱️ Click OK (En paralelo): john.png at (1143, 619) delay=3s
2026-06-18 23:35:13 | INFO | my_functions.py:169 | Searching marvelsnap_web.png (timeout=30s)
2026-06-18 23:35:17 | INFO | my_functions.py:199 | 
✅ Found: marvelsnap_web.png pos=(258, 80) time=4.22s confidence=0.7
2026-06-18 23:35:17 | INFO | my_functions.py:169 | Searching shop_unselected.PNG (timeout=0s)
2026-06-18 23:35:18 | INFO | my_functions.py:213 | 
⛔ Not found: shop_unselected.PNG after 0.0s region=(0, 0, 765, 1038) confidence=0.8
2026-06-18 23:35:18 | INFO | my_functions.py:247 | [DEBUG] Buscando en paralelo: ['super_premium.PNG'] | timeout=0s | confidence=0.8
2026-06-18 23:35:19 | INFO | my_functions.py:281 | [DEBUG] Click skipped, ninguna de las imágenes se encontró en el intento.
2026-06-18 23:35:20 | INFO | my_functions.py:247 | [DEBUG] Buscando en paralelo: ['maybe_later.PNG'] | timeout=0s | confidence=0.8
2026-06-18 23:35:20 | INFO | my_functions.py:281 | [DEBUG] Click skipped, ninguna de las imágenes se encontró en el intento.
2026-06-18 23:35:21 | INFO | my_functions.py:247 | [DEBUG] Buscando en paralelo: ['maybe_later2.PNG'] | timeout=0s | confidence=0.8
2026-06-18 23:35:22 | INFO | my_functions.py:281 | [DEBUG] Click skipped, ninguna de las imágenes se encontró en el intento.
2026-06-18 23:35:23 | INFO | my_functions.py:169 | Searching go_to_shop.PNG (timeout=0s)
2026-06-18 23:35:24 | INFO | my_functions.py:213 | 
⛔ Not found: go_to_shop.PNG after 0.0s region=(0, 0, 765, 1038) confidence=0.8
2026-06-18 23:35:24 | INFO | my_functions.py:247 | [DEBUG] Buscando en paralelo: ['14_days_of_winterverse.PNG'] | timeout=0s | confidence=0.8
2026-06-18 23:35:24 | INFO | my_functions.py:281 | [DEBUG] Click skipped, ninguna de las imágenes se encontró en el intento.
2026-06-18 23:35:25 | INFO | my_functions.py:169 | Searching welcome_back_calendar.PNG (timeout=0s)
2026-06-18 23:35:26 | INFO | my_functions.py:213 | 
⛔ Not found: welcome_back_calendar.PNG after 0.0s region=(0, 0, 765, 1038) confidence=0.8
2026-06-18 23:35:26 | INFO | my_functions.py:247 | [DEBUG] Buscando en paralelo: ['start_the_countdown.PNG'] | timeout=0s | confidence=0.8
2026-06-18 23:35:26 | INFO | my_functions.py:281 | [DEBUG] Click skipped, ninguna de las imágenes se encontró en el intento.
2026-06-18 23:35:28 | INFO | my_functions.py:247 | [DEBUG] Buscando en paralelo: ['event_has_ended_sanctum.PNG'] | timeout=0s | confidence=0.8
2026-06-18 23:35:28 | INFO | my_functions.py:281 | [DEBUG] Click skipped, ninguna de las imágenes se encontró en el intento.
2026-06-18 23:35:29 | INFO | my_functions.py:247 | [DEBUG] Buscando en paralelo: ['event_has_ended_teamclash.PNG'] | timeout=0s | confidence=0.8
2026-06-18 23:35:30 | INFO | my_functions.py:281 | [DEBUG] Click skipped, ninguna de las imágenes se encontró en el intento.
2026-06-18 23:35:31 | INFO | my_functions.py:247 | [DEBUG] Buscando en paralelo: ['image_part_of_event_grand_arena_finished.PNG'] | timeout=0s | confidence=0.8
2026-06-18 23:35:31 | INFO | my_functions.py:281 | [DEBUG] Click skipped, ninguna de las imágenes se encontró en el intento.
2026-06-18 23:35:32 | INFO | my_functions.py:169 | Searching 28_day_event_login_rewards.PNG (timeout=0s)
2026-06-18 23:35:33 | INFO | my_functions.py:213 | 
⛔ Not found: 28_day_event_login_rewards.PNG after 0.0s region=(0, 0, 765, 1038) confidence=0.8
2026-06-18 23:35:33 | INFO | my_functions.py:169 | Searching 7_day_event_login.PNG (timeout=0s)
2026-06-18 23:35:33 | INFO | my_functions.py:213 | 
⛔ Not found: 7_day_event_login.PNG after 0.0s region=(0, 0, 765, 1038) confidence=0.8
2026-06-18 23:35:33 | INFO | my_functions.py:169 | Searching 14_days_event.PNG (timeout=0s)
2026-06-18 23:35:34 | INFO | my_functions.py:213 | 
⛔ Not found: 14_days_event.PNG after 0.0s region=(0, 0, 765, 1038) confidence=0.8
2026-06-18 23:35:34 | INFO | my_functions.py:247 | [DEBUG] Buscando en paralelo: ['lets_go.PNG'] | timeout=0s | confidence=0.8
2026-06-18 23:35:34 | INFO | my_functions.py:281 | [DEBUG] Click skipped, ninguna de las imágenes se encontró en el intento.
2026-06-18 23:35:36 | INFO | my_functions.py:169 | Searching shop_unselected.PNG (timeout=0s)
2026-06-18 23:35:37 | INFO | my_functions.py:199 | 
✅ Found: shop_unselected.PNG pos=(88, 961) time=0.71s confidence=0.8
2026-06-18 23:35:45 | INFO | my_functions.py:169 | Searching shop_unselected.PNG (timeout=0s)
2026-06-18 23:35:46 | INFO | my_functions.py:199 | 
✅ Found: shop_unselected.PNG pos=(88, 961) time=0.72s confidence=0.8
2026-06-18 23:35:46 | INFO | my_functions.py:714 | Ya esta listo
2026-06-18 23:35:50 | INFO | my_functions.py:533 | AVAILABLE: 6
2026-06-18 23:35:50 | INFO | my_functions.py:555 | Misiones completadas: 0
2026-06-18 23:35:50 | INFO | my_functions.py:169 | Searching play.PNG (timeout=0s)
2026-06-18 23:35:51 | INFO | my_functions.py:199 | 
✅ Found: play.PNG pos=(384, 824) time=0.6s confidence=0.8
2026-06-18 23:35:51 | INFO | my_functions.py:1441 | [INFO] Click realizado donde se equipa el deck a jugar
2026-06-18 23:35:55 | INFO | my_functions.py:247 | [DEBUG] Buscando en paralelo: ['deck_666666.png'] | timeout=3s | confidence=0.8
2026-06-18 23:35:57 | INFO | my_functions.py:134 | Haciendo click en la posición (384, 546)
2026-06-18 23:35:57 | INFO | my_functions.py:269 | 🖱️ Click OK (En paralelo): deck_666666.png at (384, 546) delay=1s
2026-06-18 23:35:58 | INFO | my_functions.py:247 | [DEBUG] Buscando en paralelo: ['equip.png'] | timeout=3s | confidence=0.95
2026-06-18 23:36:00 | INFO | my_functions.py:134 | Haciendo click en la posición (548, 983)
2026-06-18 23:36:00 | INFO | my_functions.py:269 | 🖱️ Click OK (En paralelo): equip.png at (548, 983) delay=1s
2026-06-18 23:36:01 | INFO | each_eight_hours.py:134 | Deck selected: 6turns
2026-06-18 23:36:01 | INFO | my_functions.py:247 | [DEBUG] Buscando en paralelo: ['maybe_later.PNG'] | timeout=2s | confidence=0.8
2026-06-18 23:36:03 | INFO | my_functions.py:281 | [DEBUG] Click skipped, ninguna de las imágenes se encontró en el intento.
2026-06-18 23:36:04 | INFO | my_functions.py:247 | [DEBUG] Buscando en paralelo: ['maybe_later2.PNG'] | timeout=0.01s | confidence=0.8
2026-06-18 23:36:05 | INFO | my_functions.py:281 | [DEBUG] Click skipped, ninguna de las imágenes se encontró en el intento.
2026-06-18 23:36:06 | INFO | each_eight_hours.py:148 | Starting game loop 1
2026-06-18 23:36:06 | INFO | my_functions.py:247 | [DEBUG] Buscando en paralelo: ['play.PNG'] | timeout=20s | confidence=0.8
2026-06-18 23:36:10 | INFO | my_functions.py:134 | Haciendo click en la posición (384, 824)
2026-06-18 23:36:10 | INFO | my_functions.py:269 | 🖱️ Click OK (En paralelo): play.PNG at (384, 824) delay=3s
2026-06-18 23:36:33 | INFO | my_functions.py:199 | 
✅ Found: end_turn.PNG pos=(681, 945) time=0.84s confidence=0.8
2026-06-18 23:36:33 | INFO | my_functions.py:247 | [DEBUG] Buscando en paralelo: ['snap.PNG'] | timeout=0s | confidence=0.8
2026-06-18 23:36:35 | INFO | my_functions.py:134 | Haciendo click en la posición (386, 124)
2026-06-18 23:36:35 | INFO | my_functions.py:269 | 🖱️ Click OK (En paralelo): snap.PNG at (386, 124) delay=1s
2026-06-18 23:36:41 | INFO | my_functions.py:247 | [DEBUG] Buscando en paralelo: ['end_turn.PNG'] | timeout=0s | confidence=0.8
2026-06-18 23:36:43 | INFO | my_functions.py:134 | Haciendo click en la posición (682, 946)
2026-06-18 23:36:43 | INFO | my_functions.py:269 | 🖱️ Click OK (En paralelo): end_turn.PNG at (682, 946) delay=1s
2026-06-18 23:36:44 | INFO | each_eight_hours.py:165 | End turn executed
2026-06-18 23:37:04 | INFO | my_functions.py:199 | 
✅ Found: end_turn.PNG pos=(681, 945) time=0.64s confidence=0.8
2026-06-18 23:37:04 | INFO | my_functions.py:247 | [DEBUG] Buscando en paralelo: ['snap.PNG'] | timeout=0s | confidence=0.8
2026-06-18 23:37:05 | INFO | my_functions.py:281 | [DEBUG] Click skipped, ninguna de las imágenes se encontró en el intento.
2026-06-18 23:37:11 | INFO | my_functions.py:247 | [DEBUG] Buscando en paralelo: ['end_turn.PNG'] | timeout=0s | confidence=0.8
2026-06-18 23:37:13 | INFO | my_functions.py:134 | Haciendo click en la posición (682, 945)
2026-06-18 23:37:13 | INFO | my_functions.py:269 | 🖱️ Click OK (En paralelo): end_turn.PNG at (682, 945) delay=1s
2026-06-18 23:37:14 | INFO | each_eight_hours.py:165 | End turn executed
2026-06-18 23:37:24 | INFO | my_functions.py:199 | 
✅ Found: end_turn.PNG pos=(681, 945) time=0.7s confidence=0.8
2026-06-18 23:37:24 | INFO | my_functions.py:247 | [DEBUG] Buscando en paralelo: ['snap.PNG'] | timeout=0s | confidence=0.8
2026-06-18 23:37:25 | INFO | my_functions.py:281 | [DEBUG] Click skipped, ninguna de las imágenes se encontró en el intento.
2026-06-18 23:37:31 | INFO | my_functions.py:247 | [DEBUG] Buscando en paralelo: ['end_turn.PNG'] | timeout=0s | confidence=0.8
2026-06-18 23:37:33 | INFO | my_functions.py:134 | Haciendo click en la posición (682, 945)
2026-06-18 23:37:33 | INFO | my_functions.py:269 | 🖱️ Click OK (En paralelo): end_turn.PNG at (682, 945) delay=1s
2026-06-18 23:37:34 | INFO | each_eight_hours.py:165 | End turn executed
2026-06-18 23:37:42 | INFO | my_functions.py:199 | 
✅ Found: end_turn.PNG pos=(681, 945) time=0.64s confidence=0.8
2026-06-18 23:37:42 | INFO | my_functions.py:247 | [DEBUG] Buscando en paralelo: ['snap.PNG'] | timeout=0s | confidence=0.8
2026-06-18 23:37:42 | INFO | my_functions.py:281 | [DEBUG] Click skipped, ninguna de las imágenes se encontró en el intento.
2026-06-18 23:37:49 | INFO | my_functions.py:247 | [DEBUG] Buscando en paralelo: ['end_turn.PNG'] | timeout=0s | confidence=0.8
2026-06-18 23:37:50 | INFO | my_functions.py:134 | Haciendo click en la posición (682, 945)
2026-06-18 23:37:51 | INFO | my_functions.py:269 | 🖱️ Click OK (En paralelo): end_turn.PNG at (682, 945) delay=1s
2026-06-18 23:37:52 | INFO | each_eight_hours.py:165 | End turn executed
2026-06-18 23:38:13 | INFO | my_functions.py:199 | 
✅ Found: end_turn.PNG pos=(681, 945) time=0.7s confidence=0.8
2026-06-18 23:38:13 | INFO | my_functions.py:247 | [DEBUG] Buscando en paralelo: ['snap.PNG'] | timeout=0s | confidence=0.8
2026-06-18 23:38:14 | INFO | my_functions.py:281 | [DEBUG] Click skipped, ninguna de las imágenes se encontró en el intento.
2026-06-18 23:38:20 | INFO | my_functions.py:247 | [DEBUG] Buscando en paralelo: ['end_turn.PNG'] | timeout=0s | confidence=0.8
2026-06-18 23:38:22 | INFO | my_functions.py:134 | Haciendo click en la posición (682, 945)
2026-06-18 23:38:22 | INFO | my_functions.py:269 | 🖱️ Click OK (En paralelo): end_turn.PNG at (682, 945) delay=1s
2026-06-18 23:38:23 | INFO | each_eight_hours.py:165 | End turn executed
2026-06-18 23:38:47 | INFO | my_functions.py:199 | 
✅ Found: end_turn.PNG pos=(681, 945) time=0.71s confidence=0.8
2026-06-18 23:38:47 | INFO | my_functions.py:247 | [DEBUG] Buscando en paralelo: ['snap.PNG'] | timeout=0s | confidence=0.8
2026-06-18 23:38:48 | INFO | my_functions.py:281 | [DEBUG] Click skipped, ninguna de las imágenes se encontró en el intento.
2026-06-18 23:38:54 | INFO | my_functions.py:247 | [DEBUG] Buscando en paralelo: ['end_turn.PNG'] | timeout=0s | confidence=0.8
2026-06-18 23:38:56 | INFO | my_functions.py:134 | Haciendo click en la posición (682, 945)
2026-06-18 23:38:56 | INFO | my_functions.py:269 | 🖱️ Click OK (En paralelo): end_turn.PNG at (682, 945) delay=1s
2026-06-18 23:38:57 | INFO | each_eight_hours.py:165 | End turn executed
2026-06-18 23:39:17 | INFO | my_functions.py:199 | 
✅ Found: collect_rewards.PNG pos=(679, 957) time=0.82s confidence=0.8
2026-06-18 23:39:17 | INFO | each_eight_hours.py:204 | Rewards detected, exiting match
2026-06-18 23:39:17 | INFO | my_functions.py:247 | [DEBUG] Buscando en paralelo: ['collect_rewards.PNG'] | timeout=20s | confidence=0.8
2026-06-18 23:39:19 | INFO | my_functions.py:134 | Haciendo click en la posición (679, 957)
2026-06-18 23:39:19 | INFO | my_functions.py:269 | 🖱️ Click OK (En paralelo): collect_rewards.PNG at (679, 957) delay=1s
2026-06-18 23:39:20 | INFO | my_functions.py:247 | [DEBUG] Buscando en paralelo: ['next.PNG'] | timeout=20s | confidence=0.8
2026-06-18 23:39:26 | INFO | my_functions.py:134 | Haciendo click en la posición (677, 973)
2026-06-18 23:39:26 | INFO | my_functions.py:269 | 🖱️ Click OK (En paralelo): next.PNG at (677, 973) delay=1s
2026-06-18 23:39:29 | INFO | my_functions.py:533 | AVAILABLE: 6
2026-06-18 23:39:29 | INFO | each_eight_hours.py:271 | Submissions after match: 6
2026-06-18 23:39:29 | INFO | my_functions.py:555 | Misiones completadas: 1
2026-06-18 23:39:29 | INFO | each_eight_hours.py:148 | Starting game loop 2
2026-06-18 23:39:29 | INFO | my_functions.py:247 | [DEBUG] Buscando en paralelo: ['play.PNG'] | timeout=20s | confidence=0.8
2026-06-18 23:39:33 | INFO | my_functions.py:134 | Haciendo click en la posición (384, 824)
2026-06-18 23:39:33 | INFO | my_functions.py:269 | 🖱️ Click OK (En paralelo): play.PNG at (384, 824) delay=3s
2026-06-18 23:39:52 | INFO | my_functions.py:199 | 
✅ Found: end_turn.PNG pos=(681, 945) time=0.68s confidence=0.8
2026-06-18 23:39:52 | INFO | my_functions.py:247 | [DEBUG] Buscando en paralelo: ['snap.PNG'] | timeout=0s | confidence=0.8
2026-06-18 23:39:54 | INFO | my_functions.py:134 | Haciendo click en la posición (386, 123)
2026-06-18 23:39:54 | INFO | my_functions.py:269 | 🖱️ Click OK (En paralelo): snap.PNG at (386, 123) delay=1s
2026-06-18 23:40:01 | INFO | my_functions.py:247 | [DEBUG] Buscando en paralelo: ['end_turn.PNG'] | timeout=0s | confidence=0.8
2026-06-18 23:40:02 | INFO | my_functions.py:134 | Haciendo click en la posición (682, 946)
2026-06-18 23:40:03 | INFO | my_functions.py:269 | 🖱️ Click OK (En paralelo): end_turn.PNG at (682, 946) delay=1s
2026-06-18 23:40:04 | INFO | each_eight_hours.py:165 | End turn executed
2026-06-18 23:40:24 | INFO | my_functions.py:199 | 
✅ Found: end_turn.PNG pos=(681, 945) time=0.69s confidence=0.8
2026-06-18 23:40:24 | INFO | my_functions.py:247 | [DEBUG] Buscando en paralelo: ['snap.PNG'] | timeout=0s | confidence=0.8
2026-06-18 23:40:24 | INFO | my_functions.py:281 | [DEBUG] Click skipped, ninguna de las imágenes se encontró en el intento.
2026-06-18 23:40:31 | INFO | my_functions.py:247 | [DEBUG] Buscando en paralelo: ['end_turn.PNG'] | timeout=0s | confidence=0.8
2026-06-18 23:40:32 | INFO | my_functions.py:134 | Haciendo click en la posición (682, 945)
2026-06-18 23:40:33 | INFO | my_functions.py:269 | 🖱️ Click OK (En paralelo): end_turn.PNG at (682, 945) delay=1s
2026-06-18 23:40:34 | INFO | each_eight_hours.py:165 | End turn executed
2026-06-18 23:40:43 | INFO | my_functions.py:199 | 
✅ Found: end_turn.PNG pos=(681, 945) time=0.67s confidence=0.8
2026-06-18 23:40:43 | INFO | my_functions.py:247 | [DEBUG] Buscando en paralelo: ['snap.PNG'] | timeout=0s | confidence=0.8
2026-06-18 23:40:44 | INFO | my_functions.py:281 | [DEBUG] Click skipped, ninguna de las imágenes se encontró en el intento.
2026-06-18 23:40:50 | INFO | my_functions.py:247 | [DEBUG] Buscando en paralelo: ['end_turn.PNG'] | timeout=0s | confidence=0.8
2026-06-18 23:40:52 | INFO | my_functions.py:134 | Haciendo click en la posición (682, 945)
2026-06-18 23:40:52 | INFO | my_functions.py:269 | 🖱️ Click OK (En paralelo): end_turn.PNG at (682, 945) delay=1s
2026-06-18 23:40:53 | INFO | each_eight_hours.py:165 | End turn executed
2026-06-18 23:41:06 | INFO | my_functions.py:199 | 
✅ Found: end_turn.PNG pos=(681, 945) time=0.65s confidence=0.8
2026-06-18 23:41:06 | INFO | my_functions.py:247 | [DEBUG] Buscando en paralelo: ['snap.PNG'] | timeout=0s | confidence=0.8
2026-06-18 23:41:07 | INFO | my_functions.py:281 | [DEBUG] Click skipped, ninguna de las imágenes se encontró en el intento.
2026-06-18 23:41:13 | INFO | my_functions.py:247 | [DEBUG] Buscando en paralelo: ['end_turn.PNG'] | timeout=0s | confidence=0.8
2026-06-18 23:41:15 | INFO | my_functions.py:134 | Haciendo click en la posición (682, 945)
2026-06-18 23:41:15 | INFO | my_functions.py:269 | 🖱️ Click OK (En paralelo): end_turn.PNG at (682, 945) delay=1s
2026-06-18 23:41:16 | INFO | each_eight_hours.py:165 | End turn executed
2026-06-18 23:41:39 | INFO | my_functions.py:199 | 
✅ Found: end_turn.PNG pos=(681, 945) time=0.7s confidence=0.8
2026-06-18 23:41:39 | INFO | my_functions.py:247 | [DEBUG] Buscando en paralelo: ['snap.PNG'] | timeout=0s | confidence=0.8
2026-06-18 23:41:40 | INFO | my_functions.py:281 | [DEBUG] Click skipped, ninguna de las imágenes se encontró en el intento.
2026-06-18 23:41:46 | INFO | my_functions.py:247 | [DEBUG] Buscando en paralelo: ['end_turn.PNG'] | timeout=0s | confidence=0.8
2026-06-18 23:41:48 | INFO | my_functions.py:134 | Haciendo click en la posición (682, 945)
2026-06-18 23:41:48 | INFO | my_functions.py:269 | 🖱️ Click OK (En paralelo): end_turn.PNG at (682, 945) delay=1s
2026-06-18 23:41:49 | INFO | each_eight_hours.py:165 | End turn executed
2026-06-18 23:42:09 | INFO | my_functions.py:199 | 
✅ Found: end_turn.PNG pos=(681, 945) time=0.69s confidence=0.8
2026-06-18 23:42:09 | INFO | my_functions.py:247 | [DEBUG] Buscando en paralelo: ['snap.PNG'] | timeout=0s | confidence=0.8
2026-06-18 23:42:09 | INFO | my_functions.py:281 | [DEBUG] Click skipped, ninguna de las imágenes se encontró en el intento.
2026-06-18 23:42:16 | INFO | my_functions.py:247 | [DEBUG] Buscando en paralelo: ['end_turn.PNG'] | timeout=0s | confidence=0.8
2026-06-18 23:42:17 | INFO | my_functions.py:134 | Haciendo click en la posición (682, 945)
2026-06-18 23:42:17 | INFO | my_functions.py:269 | 🖱️ Click OK (En paralelo): end_turn.PNG at (682, 945) delay=1s
2026-06-18 23:42:19 | INFO | each_eight_hours.py:165 | End turn executed
2026-06-18 23:42:38 | INFO | my_functions.py:199 | 
✅ Found: collect_rewards.PNG pos=(679, 957) time=0.8s confidence=0.8
2026-06-18 23:42:38 | INFO | each_eight_hours.py:204 | Rewards detected, exiting match
2026-06-18 23:42:38 | INFO | my_functions.py:247 | [DEBUG] Buscando en paralelo: ['collect_rewards.PNG'] | timeout=20s | confidence=0.8
2026-06-18 23:42:40 | INFO | my_functions.py:134 | Haciendo click en la posición (679, 957)
2026-06-18 23:42:40 | INFO | my_functions.py:269 | 🖱️ Click OK (En paralelo): collect_rewards.PNG at (679, 957) delay=1s
2026-06-18 23:42:41 | INFO | my_functions.py:247 | [DEBUG] Buscando en paralelo: ['next.PNG'] | timeout=20s | confidence=0.8
2026-06-18 23:42:47 | INFO | my_functions.py:134 | Haciendo click en la posición (677, 973)
2026-06-18 23:42:48 | INFO | my_functions.py:269 | 🖱️ Click OK (En paralelo): next.PNG at (677, 973) delay=1s
2026-06-18 23:42:51 | INFO | my_functions.py:533 | AVAILABLE: 6
2026-06-18 23:42:51 | INFO | each_eight_hours.py:271 | Submissions after match: 6
2026-06-18 23:42:51 | INFO | my_functions.py:555 | Misiones completadas: 2
2026-06-18 23:42:51 | INFO | each_eight_hours.py:275 | Submission condition met, breaking loop
2026-06-18 23:42:51 | INFO | my_functions.py:247 | [DEBUG] Buscando en paralelo: ['missionsNotify2.png'] | timeout=20s | confidence=0.8
2026-06-18 23:42:54 | INFO | my_functions.py:134 | Haciendo click en la posición (538, 124)
2026-06-18 23:42:55 | INFO | my_functions.py:269 | 🖱️ Click OK (En paralelo): missionsNotify2.png at (538, 124) delay=3s
2026-06-18 23:42:56 | INFO | my_functions.py:1471 | [INFO] Iniciando click_missions_blue2
2026-06-18 23:42:56 | INFO | my_functions.py:134 | Haciendo click en la posición (150, 132)
2026-06-18 23:42:57 | INFO | my_functions.py:1474 | [ACTION] Click hecho en icono de calendario que me dirige a las misiones ordinarias
2026-06-18 23:42:57 | INFO | my_functions.py:169 | Searching bonus_challenge.png (timeout=0s)
2026-06-18 23:42:57 | INFO | my_functions.py:213 | 
⛔ Not found: bonus_challenge.png after 0.0s region=(0, 0, 765, 1038) confidence=0.8
2026-06-18 23:42:59 | INFO | my_functions.py:134 | Haciendo click en la posición (362, 493)
2026-06-18 23:43:01 | INFO | my_functions.py:1487 | [ACTION] Click 1/2 en misión azul
2026-06-18 23:43:01 | INFO | my_functions.py:134 | Haciendo click en la posición (362, 493)
2026-06-18 23:43:02 | INFO | my_functions.py:1487 | [ACTION] Click 2/2 en misión azul
2026-06-18 23:43:03 | INFO | my_functions.py:169 | Searching flechita_mission.PNG (timeout=0s)
2026-06-18 23:43:04 | INFO | my_functions.py:213 | 
⛔ Not found: flechita_mission.PNG after 0.0s region=(0, 0, 765, 1038) confidence=0.8
2026-06-18 23:43:04 | INFO | my_functions.py:247 | [DEBUG] Buscando en paralelo: ['weekly3.PNG'] | timeout=0s | confidence=0.8
2026-06-18 23:43:05 | INFO | my_functions.py:134 | Haciendo click en la posición (396, 266)
2026-06-18 23:43:05 | INFO | my_functions.py:269 | 🖱️ Click OK (En paralelo): weekly3.PNG at (396, 266) delay=0.1s
2026-06-18 23:43:06 | INFO | my_functions.py:247 | [DEBUG] Buscando en paralelo: ['claim!.PNG'] | timeout=0s | confidence=0.8
2026-06-18 23:43:07 | INFO | my_functions.py:134 | Haciendo click en la posición (381, 924)
2026-06-18 23:43:07 | INFO | my_functions.py:269 | 🖱️ Click OK (En paralelo): claim!.PNG at (381, 924) delay=0.2s
2026-06-18 23:43:08 | INFO | my_functions.py:247 | [DEBUG] Buscando en paralelo: ['claim_hover.PNG'] | timeout=0s | confidence=0.8
2026-06-18 23:43:09 | INFO | my_functions.py:134 | Haciendo click en la posición (383, 921)
2026-06-18 23:43:09 | INFO | my_functions.py:269 | 🖱️ Click OK (En paralelo): claim_hover.PNG at (383, 921) delay=0.2s
2026-06-18 23:43:11 | INFO | my_functions.py:247 | [DEBUG] Buscando en paralelo: ['claim!.PNG'] | timeout=0s | confidence=0.8
2026-06-18 23:43:11 | INFO | my_functions.py:281 | [DEBUG] Click skipped, ninguna de las imágenes se encontró en el intento.
2026-06-18 23:43:12 | INFO | my_functions.py:247 | [DEBUG] Buscando en paralelo: ['claim_hover.PNG'] | timeout=0s | confidence=0.8
2026-06-18 23:43:13 | INFO | my_functions.py:134 | Haciendo click en la posición (383, 921)
2026-06-18 23:43:14 | INFO | my_functions.py:269 | 🖱️ Click OK (En paralelo): claim_hover.PNG at (383, 921) delay=0.2s
2026-06-18 23:43:15 | INFO | my_functions.py:247 | [DEBUG] Buscando en paralelo: ['weekly3.PNG'] | timeout=0s | confidence=0.8
2026-06-18 23:43:16 | INFO | my_functions.py:281 | [DEBUG] Click skipped, ninguna de las imágenes se encontró en el intento.
2026-06-18 23:43:17 | INFO | my_functions.py:247 | [DEBUG] Buscando en paralelo: ['weekly3.PNG'] | timeout=0s | confidence=0.8
2026-06-18 23:43:17 | INFO | my_functions.py:281 | [DEBUG] Click skipped, ninguna de las imágenes se encontró en el intento.
2026-06-18 23:43:19 | INFO | my_functions.py:134 | Haciendo click en la posición (557, 64)
2026-06-18 23:43:20 | INFO | my_functions.py:247 | [DEBUG] Buscando en paralelo: ['cards_shop.PNG'] | timeout=20s | confidence=0.8
2026-06-18 23:43:22 | INFO | my_functions.py:134 | Haciendo click en la posición (568, 121)
2026-06-18 23:43:23 | INFO | my_functions.py:269 | 🖱️ Click OK (En paralelo): cards_shop.PNG at (568, 121) delay=1s
2026-06-18 23:43:24 | INFO | my_functions.py:247 | [DEBUG] Buscando en paralelo: ['token_icon.PNG'] | timeout=20s | confidence=0.8
2026-06-18 23:43:26 | INFO | my_functions.py:134 | Haciendo click en la posición (531, 171)
2026-06-18 23:43:26 | INFO | my_functions.py:269 | 🖱️ Click OK (En paralelo): token_icon.PNG at (531, 171) delay=1s
2026-06-18 23:43:29 | INFO | my_functions.py:247 | [DEBUG] Buscando en paralelo: ['claim!_token_3.PNG'] | timeout=4s | confidence=0.8
2026-06-18 23:43:34 | INFO | my_functions.py:281 | [DEBUG] Click skipped, ninguna de las imágenes se encontró en el intento.
2026-06-18 23:43:35 | INFO | my_functions.py:247 | [DEBUG] Buscando en paralelo: ['cards_shop.PNG'] | timeout=20s | confidence=0.8
2026-06-18 23:43:37 | INFO | my_functions.py:134 | Haciendo click en la posición (568, 122)
2026-06-18 23:43:37 | INFO | my_functions.py:269 | 🖱️ Click OK (En paralelo): cards_shop.PNG at (568, 122) delay=1s
2026-06-18 23:43:38 | INFO | my_functions.py:247 | [DEBUG] Buscando en paralelo: ['offers.PNG'] | timeout=20s | confidence=0.8
2026-06-18 23:43:40 | INFO | my_functions.py:134 | Haciendo click en la posición (197, 121)
2026-06-18 23:43:40 | INFO | my_functions.py:269 | 🖱️ Click OK (En paralelo): offers.PNG at (197, 121) delay=1s
2026-06-18 23:43:43 | INFO | my_functions.py:1355 | [INFO] Iniciando mejora de cartas
2026-06-18 23:43:43 | INFO | my_functions.py:247 | [DEBUG] Buscando en paralelo: ['upgrade_cards_icon.PNG'] | timeout=20s | confidence=0.8
2026-06-18 23:43:45 | INFO | my_functions.py:134 | Haciendo click en la posición (322, 170)
2026-06-18 23:43:45 | INFO | my_functions.py:269 | 🖱️ Click OK (En paralelo): upgrade_cards_icon.PNG at (322, 170) delay=1s
2026-06-18 23:43:47 | INFO | my_functions.py:1359 | [INFO] Abriendo icono de upgrade_cards
2026-06-18 23:43:48 | INFO | my_functions.py:1366 | [STEP] Mejorando carta 1
2026-06-18 23:43:48 | INFO | my_functions.py:1370 | [ACTION] Click en carta 1
2026-06-18 23:43:49 | INFO | my_functions.py:1375 | [ACTION] Click en botón upgrade
2026-06-18 23:43:56 | INFO | my_functions.py:169 | Searching aw_snap.png (timeout=3s)
2026-06-18 23:43:59 | INFO | my_functions.py:213 | 
⛔ Not found: aw_snap.png after 3.01s region=(0, 0, 765, 1038) confidence=0.8
2026-06-18 23:43:59 | INFO | my_functions.py:247 | [DEBUG] Buscando en paralelo: ['you_need_more_credits!.png'] | timeout=3s | confidence=0.8
2026-06-18 23:44:03 | INFO | my_functions.py:281 | [DEBUG] Click skipped, ninguna de las imágenes se encontró en el intento.
2026-06-18 23:44:09 | INFO | my_functions.py:1408 | [ACTION] Click para continuar a stage de nivel de coleccion
2026-06-18 23:44:14 | INFO | each_eight_hours.py:46 | [23:44:14.663] [DEBUG] === INICIANDO FUNCIÓN collect_cl_rewards ===
2026-06-18 23:44:14 | INFO | my_functions.py:1546 | ⏱ Esperando 0.1 segundos antes de empezar...
2026-06-18 23:44:14 | INFO | my_functions.py:1553 | 🔍 Esperando ventana que contenga alguna de: ['sandbox'] (máx 3s)
2026-06-18 23:44:18 | INFO | my_functions.py:1571 | ❌ No se encontró ninguna ventana con '['sandbox']' tras 3s
2026-06-18 23:44:18 | INFO | my_functions.py:1546 | ⏱ Esperando 0.1 segundos antes de empezar...
2026-06-18 23:44:18 | INFO | my_functions.py:1553 | 🔍 Esperando ventana que contenga alguna de: ['SNAP'] (máx 3s)
2026-06-18 23:44:18 | INFO | my_functions.py:1565 | ✅ Ventana encontrada: 'SNAP'
2026-06-18 23:44:18 | INFO | my_functions.py:1580 | ✅ Ventana seleccionada: 'SNAP'
2026-06-18 23:44:20 | INFO | my_functions.py:1612 | ✔ Verificación completa. No hubo cambios después del primer ajuste.
2026-06-18 23:44:20 | INFO | each_eight_hours.py:46 | [23:44:20.298] [DEBUG] Recompensas iniciales detectadas por la API: 35
2026-06-18 23:44:20 | INFO | each_eight_hours.py:46 | [23:44:20.300] [DEBUG] --------------------------------------------------
2026-06-18 23:44:20 | INFO | each_eight_hours.py:46 | [23:44:20.303] [DEBUG] Inicio de iteración. Recompensas restantes: 35
2026-06-18 23:44:20 | INFO | each_eight_hours.py:46 | [23:44:20.305] [DEBUG] Intentando hacer click en: (260, 580)
2026-06-18 23:44:21 | INFO | my_functions.py:169 | Searching claim!.PNG (timeout=3s)
2026-06-18 23:44:26 | INFO | my_functions.py:213 | 
⛔ Not found: claim!.PNG after 3.7s region=(0, 0, 765, 1038) confidence=0.8
2026-06-18 23:44:26 | INFO | each_eight_hours.py:46 | [23:44:26.042] [DEBUG] No se detectó 'Claim'. Buscando 'check.png' en región (228, 547, 65, 55)...
2026-06-18 23:44:26 | INFO | my_functions.py:169 | Searching check.png (timeout=1s)
2026-06-18 23:44:27 | INFO | my_functions.py:213 | 
⛔ Not found: check.png after 1.03s region=(228, 547, 65, 55) confidence=0.8
2026-06-18 23:44:27 | INFO | each_eight_hours.py:46 | [23:44:27.193] [DEBUG] -> [CORRECCIÓN] Primer click fallido. Cambiando de lado a X = 470
2026-06-18 23:44:27 | INFO | each_eight_hours.py:46 | [23:44:27.196] [DEBUG] --------------------------------------------------
2026-06-18 23:44:27 | INFO | each_eight_hours.py:46 | [23:44:27.205] [DEBUG] Inicio de iteración. Recompensas restantes: 35
2026-06-18 23:44:27 | INFO | each_eight_hours.py:46 | [23:44:27.207] [DEBUG] Intentando hacer click en: (470, 580)
2026-06-18 23:44:28 | INFO | my_functions.py:169 | Searching claim!.PNG (timeout=3s)
2026-06-18 23:44:32 | INFO | my_functions.py:213 | 
⛔ Not found: claim!.PNG after 3.7s region=(0, 0, 765, 1038) confidence=0.8
2026-06-18 23:44:32 | INFO | each_eight_hours.py:46 | [23:44:32.906] [DEBUG] No se detectó 'Claim'. Buscando 'check.png' en región (449, 547, 65, 55)...
2026-06-18 23:44:32 | INFO | my_functions.py:169 | Searching check.png (timeout=1s)
2026-06-18 23:44:33 | INFO | my_functions.py:199 | 
✅ Found: check.png pos=(500, 586) time=0.13s confidence=0.8
2026-06-18 23:44:33 | INFO | each_eight_hours.py:46 | [23:44:33.046] [DEBUG] -> ¡ÉXITO! Crédito detectado por 'check.png'. Reclamado automáticamente por el click previo.
2026-06-18 23:44:33 | INFO | each_eight_hours.py:46 | [23:44:33.057] [DEBUG] Moviendo el mouse a la posición de scroll (350, 580)...
2026-06-18 23:44:34 | INFO | each_eight_hours.py:46 | [23:44:34.632] [DEBUG] Alternancia de coordenada X: Cambió de 470 a 260
2026-06-18 23:44:34 | INFO | each_eight_hours.py:46 | [23:44:34.636] [DEBUG] --------------------------------------------------
2026-06-18 23:44:34 | INFO | each_eight_hours.py:46 | [23:44:34.638] [DEBUG] Inicio de iteración. Recompensas restantes: 34
2026-06-18 23:44:34 | INFO | each_eight_hours.py:46 | [23:44:34.644] [DEBUG] Intentando hacer click en: (260, 580)
2026-06-18 23:44:35 | INFO | my_functions.py:169 | Searching claim!.PNG (timeout=3s)
2026-06-18 23:44:36 | INFO | my_functions.py:199 | 
✅ Found: claim!.PNG pos=(381, 924) time=0.77s confidence=0.8
2026-06-18 23:44:36 | INFO | each_eight_hours.py:46 | [23:44:36.625] [DEBUG] -> ¡ÉXITO! Botón 'Claim' detectado.
2026-06-18 23:44:36 | INFO | my_functions.py:169 | Searching set.png (timeout=0s)
2026-06-18 23:44:37 | INFO | my_functions.py:213 | 
⛔ Not found: set.png after 0.0s region=(0, 0, 765, 1038) confidence=0.8
2026-06-18 23:44:37 | INFO | my_functions.py:247 | [DEBUG] Buscando en paralelo: ['claim!.PNG'] | timeout=0s | confidence=0.8
2026-06-18 23:44:39 | INFO | my_functions.py:134 | Haciendo click en la posición (381, 924)
2026-06-18 23:44:39 | INFO | my_functions.py:269 | 🖱️ Click OK (En paralelo): claim!.PNG at (381, 924) delay=1s
2026-06-18 23:44:40 | INFO | each_eight_hours.py:46 | [23:44:40.577] [DEBUG] Moviendo el mouse a la posición de scroll (350, 580)...
2026-06-18 23:44:42 | INFO | each_eight_hours.py:46 | [23:44:42.162] [DEBUG] Alternancia de coordenada X: Cambió de 260 a 470
2026-06-18 23:44:42 | INFO | each_eight_hours.py:46 | [23:44:42.164] [DEBUG] --------------------------------------------------
2026-06-18 23:44:42 | INFO | each_eight_hours.py:46 | [23:44:42.166] [DEBUG] Inicio de iteración. Recompensas restantes: 33
2026-06-18 23:44:42 | INFO | each_eight_hours.py:46 | [23:44:42.172] [DEBUG] Intentando hacer click en: (470, 580)
2026-06-18 23:44:43 | INFO | my_functions.py:169 | Searching claim!.PNG (timeout=3s)
2026-06-18 23:44:47 | INFO | my_functions.py:213 | 
⛔ Not found: claim!.PNG after 3.68s region=(0, 0, 765, 1038) confidence=0.8
2026-06-18 23:44:47 | INFO | each_eight_hours.py:46 | [23:44:47.817] [DEBUG] No se detectó 'Claim'. Buscando 'check.png' en región (449, 547, 65, 55)...
2026-06-18 23:44:47 | INFO | my_functions.py:169 | Searching check.png (timeout=1s)
2026-06-18 23:44:48 | INFO | my_functions.py:213 | 
⛔ Not found: check.png after 1.02s region=(449, 547, 65, 55) confidence=0.8
2026-06-18 23:44:48 | INFO | each_eight_hours.py:46 | [23:44:48.960] [DEBUG] -> [ALERTA] No se detectó ninguna recompensa válida tras el click.
2026-06-18 23:44:48 | INFO | each_eight_hours.py:46 | [23:44:48.963] [DEBUG] Moviendo el mouse a la posición de scroll (350, 580)...
2026-06-18 23:44:50 | INFO | each_eight_hours.py:46 | [23:44:50.534] [DEBUG] Alternancia de coordenada X: Cambió de 470 a 260
2026-06-18 23:44:50 | INFO | each_eight_hours.py:46 | [23:44:50.538] [DEBUG] --------------------------------------------------
2026-06-18 23:44:50 | INFO | each_eight_hours.py:46 | [23:44:50.545] [DEBUG] Inicio de iteración. Recompensas restantes: 32
2026-06-18 23:44:50 | INFO | each_eight_hours.py:46 | [23:44:50.550] [DEBUG] Intentando hacer click en: (260, 580)
2026-06-18 23:44:51 | INFO | my_functions.py:169 | Searching claim!.PNG (timeout=3s)
2026-06-18 23:44:56 | INFO | my_functions.py:213 | 
⛔ Not found: claim!.PNG after 3.59s region=(0, 0, 765, 1038) confidence=0.8
2026-06-18 23:44:56 | INFO | each_eight_hours.py:46 | [23:44:56.103] [DEBUG] No se detectó 'Claim'. Buscando 'check.png' en región (228, 547, 65, 55)...
2026-06-18 23:44:56 | INFO | my_functions.py:169 | Searching check.png (timeout=1s)
2026-06-18 23:44:57 | INFO | my_functions.py:213 | 
⛔ Not found: check.png after 1.02s region=(228, 547, 65, 55) confidence=0.8
2026-06-18 23:44:57 | INFO | each_eight_hours.py:46 | [23:44:57.246] [DEBUG] -> [ALERTA] No se detectó ninguna recompensa válida tras el click.
2026-06-18 23:44:57 | INFO | each_eight_hours.py:46 | [23:44:57.249] [DEBUG] Moviendo el mouse a la posición de scroll (350, 580)...
2026-06-18 23:44:58 | INFO | each_eight_hours.py:46 | [23:44:58.819] [DEBUG] Alternancia de coordenada X: Cambió de 260 a 470
2026-06-18 23:44:58 | INFO | each_eight_hours.py:46 | [23:44:58.823] [DEBUG] --------------------------------------------------
2026-06-18 23:44:58 | INFO | each_eight_hours.py:46 | [23:44:58.825] [DEBUG] Inicio de iteración. Recompensas restantes: 31
2026-06-18 23:44:58 | INFO | each_eight_hours.py:46 | [23:44:58.831] [DEBUG] Intentando hacer click en: (470, 580)
2026-06-18 23:45:00 | INFO | my_functions.py:169 | Searching claim!.PNG (timeout=3s)
2026-06-18 23:45:00 | INFO | my_functions.py:199 | 
✅ Found: claim!.PNG pos=(381, 924) time=0.76s confidence=0.8
2026-06-18 23:45:00 | INFO | each_eight_hours.py:46 | [23:45:00.803] [DEBUG] -> ¡ÉXITO! Botón 'Claim' detectado.
2026-06-18 23:45:00 | INFO | my_functions.py:169 | Searching set.png (timeout=0s)
2026-06-18 23:45:01 | INFO | my_functions.py:213 | 
⛔ Not found: set.png after 0.0s region=(0, 0, 765, 1038) confidence=0.8
2026-06-18 23:45:01 | INFO | my_functions.py:247 | [DEBUG] Buscando en paralelo: ['claim!.PNG'] | timeout=0s | confidence=0.8
2026-06-18 23:45:03 | INFO | my_functions.py:134 | Haciendo click en la posición (381, 924)
2026-06-18 23:45:03 | INFO | my_functions.py:269 | 🖱️ Click OK (En paralelo): claim!.PNG at (381, 924) delay=1s
2026-06-18 23:45:04 | INFO | each_eight_hours.py:46 | [23:45:04.747] [DEBUG] Moviendo el mouse a la posición de scroll (350, 580)...
2026-06-18 23:45:06 | INFO | each_eight_hours.py:46 | [23:45:06.322] [DEBUG] Alternancia de coordenada X: Cambió de 470 a 260
2026-06-18 23:45:06 | INFO | each_eight_hours.py:46 | [23:45:06.334] [DEBUG] --------------------------------------------------
2026-06-18 23:45:06 | INFO | each_eight_hours.py:46 | [23:45:06.344] [DEBUG] Inicio de iteración. Recompensas restantes: 30
2026-06-18 23:45:06 | INFO | each_eight_hours.py:46 | [23:45:06.348] [DEBUG] Intentando hacer click en: (260, 580)
2026-06-18 23:45:07 | INFO | my_functions.py:169 | Searching claim!.PNG (timeout=3s)
2026-06-18 23:45:11 | INFO | my_functions.py:213 | 
⛔ Not found: claim!.PNG after 3.69s region=(0, 0, 765, 1038) confidence=0.8
2026-06-18 23:45:11 | INFO | each_eight_hours.py:46 | [23:45:11.999] [DEBUG] No se detectó 'Claim'. Buscando 'check.png' en región (228, 547, 65, 55)...
2026-06-18 23:45:12 | INFO | my_functions.py:169 | Searching check.png (timeout=1s)
2026-06-18 23:45:13 | INFO | my_functions.py:213 | 
⛔ Not found: check.png after 1.07s region=(228, 547, 65, 55) confidence=0.8
2026-06-18 23:45:13 | INFO | each_eight_hours.py:46 | [23:45:13.192] [DEBUG] -> [ALERTA] No se detectó ninguna recompensa válida tras el click.
2026-06-18 23:45:13 | INFO | each_eight_hours.py:46 | [23:45:13.197] [DEBUG] Moviendo el mouse a la posición de scroll (350, 580)...
2026-06-18 23:45:14 | INFO | each_eight_hours.py:46 | [23:45:14.773] [DEBUG] Alternancia de coordenada X: Cambió de 260 a 470
2026-06-18 23:45:14 | INFO | each_eight_hours.py:46 | [23:45:14.777] [DEBUG] --------------------------------------------------
2026-06-18 23:45:14 | INFO | each_eight_hours.py:46 | [23:45:14.780] [DEBUG] Inicio de iteración. Recompensas restantes: 29
2026-06-18 23:45:14 | INFO | each_eight_hours.py:46 | [23:45:14.787] [DEBUG] Intentando hacer click en: (470, 580)
2026-06-18 23:45:16 | INFO | my_functions.py:169 | Searching claim!.PNG (timeout=3s)
2026-06-18 23:45:20 | INFO | my_functions.py:213 | 
⛔ Not found: claim!.PNG after 3.72s region=(0, 0, 765, 1038) confidence=0.8
2026-06-18 23:45:20 | INFO | each_eight_hours.py:46 | [23:45:20.453] [DEBUG] No se detectó 'Claim'. Buscando 'check.png' en región (449, 547, 65, 55)...
2026-06-18 23:45:20 | INFO | my_functions.py:169 | Searching check.png (timeout=1s)
2026-06-18 23:45:21 | INFO | my_functions.py:213 | 
⛔ Not found: check.png after 1.03s region=(449, 547, 65, 55) confidence=0.8
2026-06-18 23:45:21 | INFO | each_eight_hours.py:46 | [23:45:21.601] [DEBUG] -> [ALERTA] No se detectó ninguna recompensa válida tras el click.
2026-06-18 23:45:21 | INFO | each_eight_hours.py:46 | [23:45:21.604] [DEBUG] Moviendo el mouse a la posición de scroll (350, 580)...
2026-06-18 23:45:23 | INFO | each_eight_hours.py:46 | [23:45:23.177] [DEBUG] Alternancia de coordenada X: Cambió de 470 a 260
2026-06-18 23:45:23 | INFO | each_eight_hours.py:46 | [23:45:23.180] [DEBUG] --------------------------------------------------
2026-06-18 23:45:23 | INFO | each_eight_hours.py:46 | [23:45:23.182] [DEBUG] Inicio de iteración. Recompensas restantes: 28
2026-06-18 23:45:23 | INFO | each_eight_hours.py:46 | [23:45:23.187] [DEBUG] Intentando hacer click en: (260, 580)
2026-06-18 23:45:24 | INFO | my_functions.py:169 | Searching claim!.PNG (timeout=3s)
2026-06-18 23:45:25 | INFO | my_functions.py:199 | 
✅ Found: claim!.PNG pos=(381, 924) time=0.76s confidence=0.8
2026-06-18 23:45:25 | INFO | each_eight_hours.py:46 | [23:45:25.173] [DEBUG] -> ¡ÉXITO! Botón 'Claim' detectado.
2026-06-18 23:45:25 | INFO | my_functions.py:169 | Searching set.png (timeout=0s)
2026-06-18 23:45:26 | INFO | my_functions.py:213 | 
⛔ Not found: set.png after 0.0s region=(0, 0, 765, 1038) confidence=0.8
2026-06-18 23:45:26 | INFO | my_functions.py:247 | [DEBUG] Buscando en paralelo: ['claim!.PNG'] | timeout=0s | confidence=0.8
2026-06-18 23:45:27 | INFO | my_functions.py:134 | Haciendo click en la posición (381, 924)
2026-06-18 23:45:28 | INFO | my_functions.py:269 | 🖱️ Click OK (En paralelo): claim!.PNG at (381, 924) delay=1s
2026-06-18 23:45:29 | INFO | each_eight_hours.py:46 | [23:45:29.103] [DEBUG] Moviendo el mouse a la posición de scroll (350, 580)...
2026-06-18 23:45:30 | INFO | each_eight_hours.py:46 | [23:45:30.673] [DEBUG] Alternancia de coordenada X: Cambió de 260 a 470
2026-06-18 23:45:30 | INFO | each_eight_hours.py:46 | [23:45:30.678] [DEBUG] --------------------------------------------------
2026-06-18 23:45:30 | INFO | each_eight_hours.py:46 | [23:45:30.680] [DEBUG] Inicio de iteración. Recompensas restantes: 27
2026-06-18 23:45:30 | INFO | each_eight_hours.py:46 | [23:45:30.690] [DEBUG] Intentando hacer click en: (470, 580)
2026-06-18 23:45:31 | INFO | my_functions.py:169 | Searching claim!.PNG (timeout=3s)
2026-06-18 23:45:33 | INFO | my_functions.py:199 | 
✅ Found: claim!.PNG pos=(275, 924) time=1.52s confidence=0.8
2026-06-18 23:45:33 | INFO | each_eight_hours.py:46 | [23:45:33.418] [DEBUG] -> ¡ÉXITO! Botón 'Claim' detectado.
2026-06-18 23:45:33 | INFO | my_functions.py:169 | Searching set.png (timeout=0s)
2026-06-18 23:45:34 | INFO | my_functions.py:213 | 
⛔ Not found: set.png after 0.0s region=(0, 0, 765, 1038) confidence=0.8
2026-06-18 23:45:34 | INFO | my_functions.py:247 | [DEBUG] Buscando en paralelo: ['claim!.PNG'] | timeout=0s | confidence=0.8
2026-06-18 23:45:36 | INFO | my_functions.py:134 | Haciendo click en la posición (275, 924)
2026-06-18 23:45:36 | INFO | my_functions.py:269 | 🖱️ Click OK (En paralelo): claim!.PNG at (275, 924) delay=1s
2026-06-18 23:45:37 | INFO | each_eight_hours.py:46 | [23:45:37.339] [DEBUG] Moviendo el mouse a la posición de scroll (350, 580)...
2026-06-18 23:45:38 | INFO | each_eight_hours.py:46 | [23:45:38.909] [DEBUG] Alternancia de coordenada X: Cambió de 470 a 260
2026-06-18 23:45:38 | INFO | each_eight_hours.py:46 | [23:45:38.914] [DEBUG] --------------------------------------------------
2026-06-18 23:45:38 | INFO | each_eight_hours.py:46 | [23:45:38.916] [DEBUG] Inicio de iteración. Recompensas restantes: 26
2026-06-18 23:45:38 | INFO | each_eight_hours.py:46 | [23:45:38.924] [DEBUG] Intentando hacer click en: (260, 580)
2026-06-18 23:45:40 | INFO | my_functions.py:169 | Searching claim!.PNG (timeout=3s)
2026-06-18 23:45:44 | INFO | my_functions.py:213 | 
⛔ Not found: claim!.PNG after 3.67s region=(0, 0, 765, 1038) confidence=0.8
2026-06-18 23:45:44 | INFO | each_eight_hours.py:46 | [23:45:44.558] [DEBUG] No se detectó 'Claim'. Buscando 'check.png' en región (228, 547, 65, 55)...
2026-06-18 23:45:44 | INFO | my_functions.py:169 | Searching check.png (timeout=1s)
2026-06-18 23:45:45 | INFO | my_functions.py:213 | 
⛔ Not found: check.png after 1.01s region=(228, 547, 65, 55) confidence=0.8
2026-06-18 23:45:45 | INFO | each_eight_hours.py:46 | [23:45:45.689] [DEBUG] -> [ALERTA] No se detectó ninguna recompensa válida tras el click.
2026-06-18 23:45:45 | INFO | each_eight_hours.py:46 | [23:45:45.694] [DEBUG] Moviendo el mouse a la posición de scroll (350, 580)...
2026-06-18 23:45:47 | INFO | each_eight_hours.py:46 | [23:45:47.269] [DEBUG] Alternancia de coordenada X: Cambió de 260 a 470
2026-06-18 23:45:47 | INFO | each_eight_hours.py:46 | [23:45:47.271] [DEBUG] --------------------------------------------------
2026-06-18 23:45:47 | INFO | each_eight_hours.py:46 | [23:45:47.274] [DEBUG] Inicio de iteración. Recompensas restantes: 25
2026-06-18 23:45:47 | INFO | each_eight_hours.py:46 | [23:45:47.282] [DEBUG] Intentando hacer click en: (470, 580)
2026-06-18 23:45:48 | INFO | my_functions.py:169 | Searching claim!.PNG (timeout=3s)
2026-06-18 23:45:49 | INFO | my_functions.py:199 | 
✅ Found: claim!.PNG pos=(381, 924) time=0.79s confidence=0.8
2026-06-18 23:45:49 | INFO | each_eight_hours.py:46 | [23:45:49.273] [DEBUG] -> ¡ÉXITO! Botón 'Claim' detectado.
2026-06-18 23:45:49 | INFO | my_functions.py:169 | Searching set.png (timeout=0s)
2026-06-18 23:45:50 | INFO | my_functions.py:213 | 
⛔ Not found: set.png after 0.0s region=(0, 0, 765, 1038) confidence=0.8
2026-06-18 23:45:50 | INFO | my_functions.py:247 | [DEBUG] Buscando en paralelo: ['claim!.PNG'] | timeout=0s | confidence=0.8
2026-06-18 23:45:51 | INFO | my_functions.py:134 | Haciendo click en la posición (381, 924)
2026-06-18 23:45:52 | INFO | my_functions.py:269 | 🖱️ Click OK (En paralelo): claim!.PNG at (381, 924) delay=1s
2026-06-18 23:45:53 | INFO | each_eight_hours.py:46 | [23:45:53.227] [DEBUG] Moviendo el mouse a la posición de scroll (350, 580)...
2026-06-18 23:45:54 | INFO | each_eight_hours.py:46 | [23:45:54.800] [DEBUG] Alternancia de coordenada X: Cambió de 470 a 260
2026-06-18 23:45:54 | INFO | each_eight_hours.py:46 | [23:45:54.803] [DEBUG] --------------------------------------------------
2026-06-18 23:45:54 | INFO | each_eight_hours.py:46 | [23:45:54.805] [DEBUG] Inicio de iteración. Recompensas restantes: 24
2026-06-18 23:45:54 | INFO | each_eight_hours.py:46 | [23:45:54.812] [DEBUG] Intentando hacer click en: (260, 580)
2026-06-18 23:45:56 | INFO | my_functions.py:169 | Searching claim!.PNG (timeout=3s)
2026-06-18 23:46:00 | INFO | my_functions.py:213 | 
⛔ Not found: claim!.PNG after 3.73s region=(0, 0, 765, 1038) confidence=0.8
2026-06-18 23:46:00 | INFO | each_eight_hours.py:46 | [23:46:00.498] [DEBUG] No se detectó 'Claim'. Buscando 'check.png' en región (228, 547, 65, 55)...
2026-06-18 23:46:00 | INFO | my_functions.py:169 | Searching check.png (timeout=1s)
2026-06-18 23:46:01 | INFO | my_functions.py:213 | 
⛔ Not found: check.png after 1.0s region=(228, 547, 65, 55) confidence=0.8
2026-06-18 23:46:01 | INFO | each_eight_hours.py:46 | [23:46:01.623] [DEBUG] -> [ALERTA] No se detectó ninguna recompensa válida tras el click.
2026-06-18 23:46:01 | INFO | each_eight_hours.py:46 | [23:46:01.632] [DEBUG] Moviendo el mouse a la posición de scroll (350, 580)...
2026-06-18 23:46:03 | INFO | each_eight_hours.py:46 | [23:46:03.203] [DEBUG] Alternancia de coordenada X: Cambió de 260 a 470
2026-06-18 23:46:03 | INFO | each_eight_hours.py:46 | [23:46:03.206] [DEBUG] --------------------------------------------------
2026-06-18 23:46:03 | INFO | each_eight_hours.py:46 | [23:46:03.208] [DEBUG] Inicio de iteración. Recompensas restantes: 23
2026-06-18 23:46:03 | INFO | each_eight_hours.py:46 | [23:46:03.215] [DEBUG] Intentando hacer click en: (470, 580)
2026-06-18 23:46:04 | INFO | my_functions.py:169 | Searching claim!.PNG (timeout=3s)
2026-06-18 23:46:08 | INFO | my_functions.py:213 | 
⛔ Not found: claim!.PNG after 3.68s region=(0, 0, 765, 1038) confidence=0.8
2026-06-18 23:46:08 | INFO | each_eight_hours.py:46 | [23:46:08.832] [DEBUG] No se detectó 'Claim'. Buscando 'check.png' en región (449, 547, 65, 55)...
2026-06-18 23:46:08 | INFO | my_functions.py:169 | Searching check.png (timeout=1s)
2026-06-18 23:46:10 | INFO | my_functions.py:213 | 
⛔ Not found: check.png after 1.1s region=(449, 547, 65, 55) confidence=0.8
2026-06-18 23:46:10 | INFO | each_eight_hours.py:46 | [23:46:10.048] [DEBUG] -> [ALERTA] No se detectó ninguna recompensa válida tras el click.
2026-06-18 23:46:10 | INFO | each_eight_hours.py:46 | [23:46:10.059] [DEBUG] Moviendo el mouse a la posición de scroll (350, 580)...
2026-06-18 23:46:11 | INFO | each_eight_hours.py:46 | [23:46:11.629] [DEBUG] Alternancia de coordenada X: Cambió de 470 a 260
2026-06-18 23:46:11 | INFO | each_eight_hours.py:46 | [23:46:11.630] [DEBUG] --------------------------------------------------
2026-06-18 23:46:11 | INFO | each_eight_hours.py:46 | [23:46:11.632] [DEBUG] Inicio de iteración. Recompensas restantes: 22
2026-06-18 23:46:11 | INFO | each_eight_hours.py:46 | [23:46:11.639] [DEBUG] Intentando hacer click en: (260, 580)
2026-06-18 23:46:12 | INFO | my_functions.py:169 | Searching claim!.PNG (timeout=3s)
2026-06-18 23:46:13 | INFO | my_functions.py:199 | 
✅ Found: claim!.PNG pos=(381, 924) time=0.76s confidence=0.8
2026-06-18 23:46:13 | INFO | each_eight_hours.py:46 | [23:46:13.601] [DEBUG] -> ¡ÉXITO! Botón 'Claim' detectado.
2026-06-18 23:46:13 | INFO | my_functions.py:169 | Searching set.png (timeout=0s)
2026-06-18 23:46:14 | INFO | my_functions.py:213 | 
⛔ Not found: set.png after 0.0s region=(0, 0, 765, 1038) confidence=0.8
2026-06-18 23:46:14 | INFO | my_functions.py:247 | [DEBUG] Buscando en paralelo: ['claim!.PNG'] | timeout=0s | confidence=0.8
2026-06-18 23:46:16 | INFO | my_functions.py:134 | Haciendo click en la posición (381, 924)
2026-06-18 23:46:16 | INFO | my_functions.py:269 | 🖱️ Click OK (En paralelo): claim!.PNG at (381, 924) delay=1s
2026-06-18 23:46:17 | INFO | each_eight_hours.py:46 | [23:46:17.608] [DEBUG] Moviendo el mouse a la posición de scroll (350, 580)...
2026-06-18 23:46:19 | INFO | each_eight_hours.py:46 | [23:46:19.180] [DEBUG] Alternancia de coordenada X: Cambió de 260 a 470
2026-06-18 23:46:19 | INFO | each_eight_hours.py:46 | [23:46:19.185] [DEBUG] --------------------------------------------------
2026-06-18 23:46:19 | INFO | each_eight_hours.py:46 | [23:46:19.190] [DEBUG] Inicio de iteración. Recompensas restantes: 21
2026-06-18 23:46:19 | INFO | each_eight_hours.py:46 | [23:46:19.192] [DEBUG] Intentando hacer click en: (470, 580)
2026-06-18 23:46:20 | INFO | my_functions.py:169 | Searching claim!.PNG (timeout=3s)
2026-06-18 23:46:25 | INFO | my_functions.py:213 | 
⛔ Not found: claim!.PNG after 3.9s region=(0, 0, 765, 1038) confidence=0.8
2026-06-18 23:46:25 | INFO | each_eight_hours.py:46 | [23:46:25.151] [DEBUG] No se detectó 'Claim'. Buscando 'check.png' en región (449, 547, 65, 55)...
2026-06-18 23:46:25 | INFO | my_functions.py:169 | Searching check.png (timeout=1s)
2026-06-18 23:46:25 | INFO | my_functions.py:199 | 
✅ Found: check.png pos=(500, 578) time=0.13s confidence=0.8
2026-06-18 23:46:25 | INFO | each_eight_hours.py:46 | [23:46:25.296] [DEBUG] -> ¡ÉXITO! Crédito detectado por 'check.png'. Reclamado automáticamente por el click previo.
2026-06-18 23:46:25 | INFO | each_eight_hours.py:46 | [23:46:25.298] [DEBUG] Moviendo el mouse a la posición de scroll (350, 580)...
2026-06-18 23:46:26 | INFO | each_eight_hours.py:46 | [23:46:26.874] [DEBUG] Alternancia de coordenada X: Cambió de 470 a 260
2026-06-18 23:46:26 | INFO | each_eight_hours.py:46 | [23:46:26.877] [DEBUG] --------------------------------------------------
2026-06-18 23:46:26 | INFO | each_eight_hours.py:46 | [23:46:26.889] [DEBUG] Inicio de iteración. Recompensas restantes: 20
2026-06-18 23:46:26 | INFO | each_eight_hours.py:46 | [23:46:26.891] [DEBUG] Intentando hacer click en: (260, 580)
2026-06-18 23:46:28 | INFO | my_functions.py:169 | Searching claim!.PNG (timeout=3s)
2026-06-18 23:46:32 | INFO | my_functions.py:213 | 
⛔ Not found: claim!.PNG after 3.66s region=(0, 0, 765, 1038) confidence=0.8
2026-06-18 23:46:32 | INFO | each_eight_hours.py:46 | [23:46:32.508] [DEBUG] No se detectó 'Claim'. Buscando 'check.png' en región (228, 547, 65, 55)...
2026-06-18 23:46:32 | INFO | my_functions.py:169 | Searching check.png (timeout=1s)
2026-06-18 23:46:32 | INFO | my_functions.py:199 | 
✅ Found: check.png pos=(264, 581) time=0.13s confidence=0.8
2026-06-18 23:46:32 | INFO | each_eight_hours.py:46 | [23:46:32.645] [DEBUG] -> ¡ÉXITO! Crédito detectado por 'check.png'. Reclamado automáticamente por el click previo.
2026-06-18 23:46:32 | INFO | each_eight_hours.py:46 | [23:46:32.649] [DEBUG] Moviendo el mouse a la posición de scroll (350, 580)...
2026-06-18 23:46:34 | INFO | each_eight_hours.py:46 | [23:46:34.222] [DEBUG] Alternancia de coordenada X: Cambió de 260 a 470
2026-06-18 23:46:34 | INFO | each_eight_hours.py:46 | [23:46:34.229] [DEBUG] --------------------------------------------------
2026-06-18 23:46:34 | INFO | each_eight_hours.py:46 | [23:46:34.240] [DEBUG] Inicio de iteración. Recompensas restantes: 19
2026-06-18 23:46:34 | INFO | each_eight_hours.py:46 | [23:46:34.246] [DEBUG] Intentando hacer click en: (470, 580)
2026-06-18 23:46:35 | INFO | my_functions.py:169 | Searching claim!.PNG (timeout=3s)
2026-06-18 23:46:36 | INFO | my_functions.py:199 | 
✅ Found: claim!.PNG pos=(381, 924) time=0.77s confidence=0.8
2026-06-18 23:46:36 | INFO | each_eight_hours.py:46 | [23:46:36.222] [DEBUG] -> ¡ÉXITO! Botón 'Claim' detectado.
2026-06-18 23:46:36 | INFO | my_functions.py:169 | Searching set.png (timeout=0s)
2026-06-18 23:46:37 | INFO | my_functions.py:213 | 
⛔ Not found: set.png after 0.0s region=(0, 0, 765, 1038) confidence=0.8
2026-06-18 23:46:37 | INFO | my_functions.py:247 | [DEBUG] Buscando en paralelo: ['claim!.PNG'] | timeout=0s | confidence=0.8
2026-06-18 23:46:38 | INFO | my_functions.py:134 | Haciendo click en la posición (381, 924)
2026-06-18 23:46:39 | INFO | my_functions.py:269 | 🖱️ Click OK (En paralelo): claim!.PNG at (381, 924) delay=1s
2026-06-18 23:46:40 | INFO | each_eight_hours.py:46 | [23:46:40.127] [DEBUG] Moviendo el mouse a la posición de scroll (350, 580)...
2026-06-18 23:46:41 | INFO | each_eight_hours.py:46 | [23:46:41.697] [DEBUG] Alternancia de coordenada X: Cambió de 470 a 260
2026-06-18 23:46:41 | INFO | each_eight_hours.py:46 | [23:46:41.700] [DEBUG] --------------------------------------------------
2026-06-18 23:46:41 | INFO | each_eight_hours.py:46 | [23:46:41.702] [DEBUG] Inicio de iteración. Recompensas restantes: 18
2026-06-18 23:46:41 | INFO | each_eight_hours.py:46 | [23:46:41.707] [DEBUG] Intentando hacer click en: (260, 580)
2026-06-18 23:46:42 | INFO | my_functions.py:169 | Searching claim!.PNG (timeout=3s)
2026-06-18 23:46:43 | INFO | my_functions.py:199 | 
✅ Found: claim!.PNG pos=(275, 924) time=0.77s confidence=0.8
2026-06-18 23:46:43 | INFO | each_eight_hours.py:46 | [23:46:43.693] [DEBUG] -> ¡ÉXITO! Botón 'Claim' detectado.
2026-06-18 23:46:43 | INFO | my_functions.py:169 | Searching set.png (timeout=0s)
2026-06-18 23:46:44 | INFO | my_functions.py:213 | 
⛔ Not found: set.png after 0.0s region=(0, 0, 765, 1038) confidence=0.8
2026-06-18 23:46:44 | INFO | my_functions.py:247 | [DEBUG] Buscando en paralelo: ['claim!.PNG'] | timeout=0s | confidence=0.8
2026-06-18 23:46:46 | INFO | my_functions.py:134 | Haciendo click en la posición (275, 924)
2026-06-18 23:46:46 | INFO | my_functions.py:269 | 🖱️ Click OK (En paralelo): claim!.PNG at (275, 924) delay=1s
2026-06-18 23:46:47 | INFO | each_eight_hours.py:46 | [23:46:47.638] [DEBUG] Moviendo el mouse a la posición de scroll (350, 580)...
2026-06-18 23:46:49 | INFO | each_eight_hours.py:46 | [23:46:49.209] [DEBUG] Alternancia de coordenada X: Cambió de 260 a 470
2026-06-18 23:46:49 | INFO | each_eight_hours.py:46 | [23:46:49.214] [DEBUG] --------------------------------------------------
2026-06-18 23:46:49 | INFO | each_eight_hours.py:46 | [23:46:49.217] [DEBUG] Inicio de iteración. Recompensas restantes: 17
2026-06-18 23:46:49 | INFO | each_eight_hours.py:46 | [23:46:49.223] [DEBUG] Intentando hacer click en: (470, 580)
2026-06-18 23:46:50 | INFO | my_functions.py:169 | Searching claim!.PNG (timeout=3s)
2026-06-18 23:46:54 | INFO | my_functions.py:213 | 
⛔ Not found: claim!.PNG after 3.66s region=(0, 0, 765, 1038) confidence=0.8
2026-06-18 23:46:54 | INFO | each_eight_hours.py:46 | [23:46:54.824] [DEBUG] No se detectó 'Claim'. Buscando 'check.png' en región (449, 547, 65, 55)...
2026-06-18 23:46:54 | INFO | my_functions.py:169 | Searching check.png (timeout=1s)
2026-06-18 23:46:54 | INFO | my_functions.py:199 | 
✅ Found: check.png pos=(501, 584) time=0.12s confidence=0.8
2026-06-18 23:46:54 | INFO | each_eight_hours.py:46 | [23:46:54.953] [DEBUG] -> ¡ÉXITO! Crédito detectado por 'check.png'. Reclamado automáticamente por el click previo.
2026-06-18 23:46:54 | INFO | each_eight_hours.py:46 | [23:46:54.956] [DEBUG] Moviendo el mouse a la posición de scroll (350, 580)...
2026-06-18 23:46:56 | INFO | each_eight_hours.py:46 | [23:46:56.532] [DEBUG] Alternancia de coordenada X: Cambió de 470 a 260
2026-06-18 23:46:56 | INFO | each_eight_hours.py:46 | [23:46:56.536] [DEBUG] --------------------------------------------------
2026-06-18 23:46:56 | INFO | each_eight_hours.py:46 | [23:46:56.539] [DEBUG] Inicio de iteración. Recompensas restantes: 16
2026-06-18 23:46:56 | INFO | each_eight_hours.py:46 | [23:46:56.546] [DEBUG] Intentando hacer click en: (260, 580)
2026-06-18 23:46:57 | INFO | my_functions.py:169 | Searching claim!.PNG (timeout=3s)
2026-06-18 23:46:58 | INFO | my_functions.py:199 | 
✅ Found: claim!.PNG pos=(381, 924) time=0.74s confidence=0.8
2026-06-18 23:46:58 | INFO | each_eight_hours.py:46 | [23:46:58.502] [DEBUG] -> ¡ÉXITO! Botón 'Claim' detectado.
2026-06-18 23:46:58 | INFO | my_functions.py:169 | Searching set.png (timeout=0s)
2026-06-18 23:46:59 | INFO | my_functions.py:213 | 
⛔ Not found: set.png after 0.0s region=(0, 0, 765, 1038) confidence=0.8
2026-06-18 23:46:59 | INFO | my_functions.py:247 | [DEBUG] Buscando en paralelo: ['claim!.PNG'] | timeout=0s | confidence=0.8
2026-06-18 23:47:01 | INFO | my_functions.py:134 | Haciendo click en la posición (381, 924)
2026-06-18 23:47:01 | INFO | my_functions.py:269 | 🖱️ Click OK (En paralelo): claim!.PNG at (381, 924) delay=1s
2026-06-18 23:47:02 | INFO | each_eight_hours.py:46 | [23:47:02.480] [DEBUG] Moviendo el mouse a la posición de scroll (350, 580)...
2026-06-18 23:47:04 | INFO | each_eight_hours.py:46 | [23:47:04.065] [DEBUG] Alternancia de coordenada X: Cambió de 260 a 470
2026-06-18 23:47:04 | INFO | each_eight_hours.py:46 | [23:47:04.071] [DEBUG] --------------------------------------------------
2026-06-18 23:47:04 | INFO | each_eight_hours.py:46 | [23:47:04.074] [DEBUG] Inicio de iteración. Recompensas restantes: 15
2026-06-18 23:47:04 | INFO | each_eight_hours.py:46 | [23:47:04.083] [DEBUG] Intentando hacer click en: (470, 580)
2026-06-18 23:47:05 | INFO | my_functions.py:169 | Searching claim!.PNG (timeout=3s)
2026-06-18 23:47:09 | INFO | my_functions.py:213 | 
⛔ Not found: claim!.PNG after 3.01s region=(0, 0, 765, 1038) confidence=0.8
2026-06-18 23:47:09 | INFO | each_eight_hours.py:46 | [23:47:09.286] [DEBUG] No se detectó 'Claim'. Buscando 'check.png' en región (449, 547, 65, 55)...
2026-06-18 23:47:09 | INFO | my_functions.py:169 | Searching check.png (timeout=1s)
2026-06-18 23:47:09 | INFO | my_functions.py:199 | 
✅ Found: check.png pos=(501, 587) time=0.2s confidence=0.8
2026-06-18 23:47:09 | INFO | each_eight_hours.py:46 | [23:47:09.501] [DEBUG] -> ¡ÉXITO! Crédito detectado por 'check.png'. Reclamado automáticamente por el click previo.
2026-06-18 23:47:09 | INFO | each_eight_hours.py:46 | [23:47:09.505] [DEBUG] Moviendo el mouse a la posición de scroll (350, 580)...
2026-06-18 23:47:11 | INFO | each_eight_hours.py:46 | [23:47:11.096] [DEBUG] Alternancia de coordenada X: Cambió de 470 a 260
2026-06-18 23:47:11 | INFO | each_eight_hours.py:46 | [23:47:11.098] [DEBUG] --------------------------------------------------
2026-06-18 23:47:11 | INFO | each_eight_hours.py:46 | [23:47:11.110] [DEBUG] Inicio de iteración. Recompensas restantes: 14
2026-06-18 23:47:11 | INFO | each_eight_hours.py:46 | [23:47:11.115] [DEBUG] Intentando hacer click en: (260, 580)
2026-06-18 23:47:12 | INFO | my_functions.py:169 | Searching claim!.PNG (timeout=3s)
2026-06-18 23:47:16 | INFO | my_functions.py:213 | 
⛔ Not found: claim!.PNG after 3.13s region=(0, 0, 765, 1038) confidence=0.8
2026-06-18 23:47:16 | INFO | each_eight_hours.py:46 | [23:47:16.311] [DEBUG] No se detectó 'Claim'. Buscando 'check.png' en región (228, 547, 65, 55)...
2026-06-18 23:47:16 | INFO | my_functions.py:169 | Searching check.png (timeout=1s)
2026-06-18 23:47:17 | INFO | my_functions.py:213 | 
⛔ Not found: check.png after 1.09s region=(228, 547, 65, 55) confidence=0.8
2026-06-18 23:47:17 | INFO | each_eight_hours.py:46 | [23:47:17.557] [DEBUG] -> [ALERTA] No se detectó ninguna recompensa válida tras el click.
2026-06-18 23:47:17 | INFO | each_eight_hours.py:46 | [23:47:17.572] [DEBUG] Moviendo el mouse a la posición de scroll (350, 580)...
2026-06-18 23:47:19 | INFO | each_eight_hours.py:46 | [23:47:19.144] [DEBUG] Alternancia de coordenada X: Cambió de 260 a 470
2026-06-18 23:47:19 | INFO | each_eight_hours.py:46 | [23:47:19.151] [DEBUG] --------------------------------------------------
2026-06-18 23:47:19 | INFO | each_eight_hours.py:46 | [23:47:19.155] [DEBUG] Inicio de iteración. Recompensas restantes: 13
2026-06-18 23:47:19 | INFO | each_eight_hours.py:46 | [23:47:19.166] [DEBUG] Intentando hacer click en: (470, 580)
2026-06-18 23:47:20 | INFO | my_functions.py:169 | Searching claim!.PNG (timeout=3s)
2026-06-18 23:47:21 | INFO | my_functions.py:199 | 
✅ Found: claim!.PNG pos=(381, 924) time=0.89s confidence=0.8
2026-06-18 23:47:21 | INFO | each_eight_hours.py:46 | [23:47:21.319] [DEBUG] -> ¡ÉXITO! Botón 'Claim' detectado.
2026-06-18 23:47:21 | INFO | my_functions.py:169 | Searching set.png (timeout=0s)
2026-06-18 23:47:22 | INFO | my_functions.py:213 | 
⛔ Not found: set.png after 0.0s region=(0, 0, 765, 1038) confidence=0.8
2026-06-18 23:47:22 | INFO | my_functions.py:247 | [DEBUG] Buscando en paralelo: ['claim!.PNG'] | timeout=0s | confidence=0.8
2026-06-18 23:47:24 | INFO | my_functions.py:134 | Haciendo click en la posición (381, 924)
2026-06-18 23:47:24 | INFO | my_functions.py:269 | 🖱️ Click OK (En paralelo): claim!.PNG at (381, 924) delay=1s
2026-06-18 23:47:25 | INFO | each_eight_hours.py:46 | [23:47:25.516] [DEBUG] Moviendo el mouse a la posición de scroll (350, 580)...
2026-06-18 23:47:27 | INFO | each_eight_hours.py:46 | [23:47:27.087] [DEBUG] Alternancia de coordenada X: Cambió de 470 a 260
2026-06-18 23:47:27 | INFO | each_eight_hours.py:46 | [23:47:27.091] [DEBUG] --------------------------------------------------
2026-06-18 23:47:27 | INFO | each_eight_hours.py:46 | [23:47:27.092] [DEBUG] Inicio de iteración. Recompensas restantes: 12
2026-06-18 23:47:27 | INFO | each_eight_hours.py:46 | [23:47:27.101] [DEBUG] Intentando hacer click en: (260, 580)
2026-06-18 23:47:28 | INFO | my_functions.py:169 | Searching claim!.PNG (timeout=3s)
2026-06-18 23:47:30 | INFO | my_functions.py:199 | 
✅ Found: claim!.PNG pos=(275, 924) time=1.77s confidence=0.8
2026-06-18 23:47:30 | INFO | each_eight_hours.py:46 | [23:47:30.114] [DEBUG] -> ¡ÉXITO! Botón 'Claim' detectado.
2026-06-18 23:47:30 | INFO | my_functions.py:169 | Searching set.png (timeout=0s)
2026-06-18 23:47:31 | INFO | my_functions.py:213 | 
⛔ Not found: set.png after 0.0s region=(0, 0, 765, 1038) confidence=0.8
2026-06-18 23:47:31 | INFO | my_functions.py:247 | [DEBUG] Buscando en paralelo: ['claim!.PNG'] | timeout=0s | confidence=0.8
2026-06-18 23:47:33 | INFO | my_functions.py:134 | Haciendo click en la posición (275, 924)
2026-06-18 23:47:33 | INFO | my_functions.py:269 | 🖱️ Click OK (En paralelo): claim!.PNG at (275, 924) delay=1s
2026-06-18 23:47:34 | INFO | each_eight_hours.py:46 | [23:47:34.352] [DEBUG] Moviendo el mouse a la posición de scroll (350, 580)...
2026-06-18 23:47:35 | INFO | each_eight_hours.py:46 | [23:47:35.925] [DEBUG] Alternancia de coordenada X: Cambió de 260 a 470
2026-06-18 23:47:35 | INFO | each_eight_hours.py:46 | [23:47:35.930] [DEBUG] --------------------------------------------------
2026-06-18 23:47:35 | INFO | each_eight_hours.py:46 | [23:47:35.932] [DEBUG] Inicio de iteración. Recompensas restantes: 11
2026-06-18 23:47:35 | INFO | each_eight_hours.py:46 | [23:47:35.939] [DEBUG] Intentando hacer click en: (470, 580)
2026-06-18 23:47:37 | INFO | my_functions.py:169 | Searching claim!.PNG (timeout=3s)
2026-06-18 23:47:41 | INFO | my_functions.py:213 | 
⛔ Not found: claim!.PNG after 3.09s region=(0, 0, 765, 1038) confidence=0.8
2026-06-18 23:47:41 | INFO | each_eight_hours.py:46 | [23:47:41.012] [DEBUG] No se detectó 'Claim'. Buscando 'check.png' en región (449, 547, 65, 55)...
2026-06-18 23:47:41 | INFO | my_functions.py:169 | Searching check.png (timeout=1s)
2026-06-18 23:47:42 | INFO | my_functions.py:213 | 
⛔ Not found: check.png after 1.09s region=(449, 547, 65, 55) confidence=0.8
2026-06-18 23:47:42 | INFO | each_eight_hours.py:46 | [23:47:42.217] [DEBUG] -> [ALERTA] No se detectó ninguna recompensa válida tras el click.
2026-06-18 23:47:42 | INFO | each_eight_hours.py:46 | [23:47:42.220] [DEBUG] Moviendo el mouse a la posición de scroll (350, 580)...
2026-06-18 23:47:43 | INFO | each_eight_hours.py:46 | [23:47:43.793] [DEBUG] Alternancia de coordenada X: Cambió de 470 a 260
2026-06-18 23:47:43 | INFO | each_eight_hours.py:46 | [23:47:43.797] [DEBUG] --------------------------------------------------
2026-06-18 23:47:43 | INFO | each_eight_hours.py:46 | [23:47:43.800] [DEBUG] Inicio de iteración. Recompensas restantes: 10
2026-06-18 23:47:43 | INFO | each_eight_hours.py:46 | [23:47:43.807] [DEBUG] Intentando hacer click en: (260, 580)
2026-06-18 23:47:45 | INFO | my_functions.py:169 | Searching claim!.PNG (timeout=3s)
2026-06-18 23:47:45 | INFO | my_functions.py:199 | 
✅ Found: claim!.PNG pos=(381, 924) time=0.76s confidence=0.8
2026-06-18 23:47:45 | INFO | each_eight_hours.py:46 | [23:47:45.790] [DEBUG] -> ¡ÉXITO! Botón 'Claim' detectado.
2026-06-18 23:47:45 | INFO | my_functions.py:169 | Searching set.png (timeout=0s)
2026-06-18 23:47:46 | INFO | my_functions.py:213 | 
⛔ Not found: set.png after 0.0s region=(0, 0, 765, 1038) confidence=0.8
2026-06-18 23:47:46 | INFO | my_functions.py:247 | [DEBUG] Buscando en paralelo: ['claim!.PNG'] | timeout=0s | confidence=0.8
2026-06-18 23:47:48 | INFO | my_functions.py:134 | Haciendo click en la posición (381, 924)
2026-06-18 23:47:48 | INFO | my_functions.py:269 | 🖱️ Click OK (En paralelo): claim!.PNG at (381, 924) delay=1s
2026-06-18 23:47:49 | INFO | each_eight_hours.py:46 | [23:47:49.790] [DEBUG] Moviendo el mouse a la posición de scroll (350, 580)...
2026-06-18 23:47:51 | INFO | each_eight_hours.py:46 | [23:47:51.367] [DEBUG] Alternancia de coordenada X: Cambió de 260 a 470
2026-06-18 23:47:51 | INFO | each_eight_hours.py:46 | [23:47:51.371] [DEBUG] --------------------------------------------------
2026-06-18 23:47:51 | INFO | each_eight_hours.py:46 | [23:47:51.373] [DEBUG] Inicio de iteración. Recompensas restantes: 9
2026-06-18 23:47:51 | INFO | each_eight_hours.py:46 | [23:47:51.381] [DEBUG] Intentando hacer click en: (470, 580)
2026-06-18 23:47:52 | INFO | my_functions.py:169 | Searching claim!.PNG (timeout=3s)
2026-06-18 23:47:54 | INFO | my_functions.py:199 | 
✅ Found: claim!.PNG pos=(275, 924) time=1.55s confidence=0.8
2026-06-18 23:47:54 | INFO | each_eight_hours.py:46 | [23:47:54.182] [DEBUG] -> ¡ÉXITO! Botón 'Claim' detectado.
2026-06-18 23:47:54 | INFO | my_functions.py:169 | Searching set.png (timeout=0s)
2026-06-18 23:47:55 | INFO | my_functions.py:213 | 
⛔ Not found: set.png after 0.0s region=(0, 0, 765, 1038) confidence=0.8
2026-06-18 23:47:55 | INFO | my_functions.py:247 | [DEBUG] Buscando en paralelo: ['claim!.PNG'] | timeout=0s | confidence=0.8
2026-06-18 23:47:56 | INFO | my_functions.py:134 | Haciendo click en la posición (275, 924)
2026-06-18 23:47:57 | INFO | my_functions.py:269 | 🖱️ Click OK (En paralelo): claim!.PNG at (275, 924) delay=1s
2026-06-18 23:47:58 | INFO | each_eight_hours.py:46 | [23:47:58.173] [DEBUG] Moviendo el mouse a la posición de scroll (350, 580)...
2026-06-18 23:47:59 | INFO | each_eight_hours.py:46 | [23:47:59.747] [DEBUG] Alternancia de coordenada X: Cambió de 470 a 260
2026-06-18 23:47:59 | INFO | each_eight_hours.py:46 | [23:47:59.751] [DEBUG] --------------------------------------------------
2026-06-18 23:47:59 | INFO | each_eight_hours.py:46 | [23:47:59.759] [DEBUG] Inicio de iteración. Recompensas restantes: 8
2026-06-18 23:47:59 | INFO | each_eight_hours.py:46 | [23:47:59.760] [DEBUG] Intentando hacer click en: (260, 580)
2026-06-18 23:48:00 | INFO | my_functions.py:169 | Searching claim!.PNG (timeout=3s)
2026-06-18 23:48:04 | INFO | my_functions.py:213 | 
⛔ Not found: claim!.PNG after 3.16s region=(0, 0, 765, 1038) confidence=0.8
2026-06-18 23:48:04 | INFO | each_eight_hours.py:46 | [23:48:04.896] [DEBUG] No se detectó 'Claim'. Buscando 'check.png' en región (228, 547, 65, 55)...
2026-06-18 23:48:04 | INFO | my_functions.py:169 | Searching check.png (timeout=1s)
2026-06-18 23:48:06 | INFO | my_functions.py:213 | 
⛔ Not found: check.png after 1.09s region=(228, 547, 65, 55) confidence=0.8
2026-06-18 23:48:06 | INFO | each_eight_hours.py:46 | [23:48:06.110] [DEBUG] -> [ALERTA] No se detectó ninguna recompensa válida tras el click.
2026-06-18 23:48:06 | INFO | each_eight_hours.py:46 | [23:48:06.117] [DEBUG] Moviendo el mouse a la posición de scroll (350, 580)...
2026-06-18 23:48:07 | INFO | each_eight_hours.py:46 | [23:48:07.691] [DEBUG] Alternancia de coordenada X: Cambió de 260 a 470
2026-06-18 23:48:07 | INFO | each_eight_hours.py:46 | [23:48:07.694] [DEBUG] --------------------------------------------------
2026-06-18 23:48:07 | INFO | each_eight_hours.py:46 | [23:48:07.696] [DEBUG] Inicio de iteración. Recompensas restantes: 7
2026-06-18 23:48:07 | INFO | each_eight_hours.py:46 | [23:48:07.704] [DEBUG] Intentando hacer click en: (470, 580)
2026-06-18 23:48:08 | INFO | my_functions.py:169 | Searching claim!.PNG (timeout=3s)
2026-06-18 23:48:09 | INFO | my_functions.py:199 | 
✅ Found: claim!.PNG pos=(381, 924) time=1.06s confidence=0.8
2026-06-18 23:48:10 | INFO | each_eight_hours.py:46 | [23:48:10.000] [DEBUG] -> ¡ÉXITO! Botón 'Claim' detectado.
2026-06-18 23:48:10 | INFO | my_functions.py:169 | Searching set.png (timeout=0s)
2026-06-18 23:48:11 | INFO | my_functions.py:213 | 
⛔ Not found: set.png after 0.0s region=(0, 0, 765, 1038) confidence=0.8
2026-06-18 23:48:11 | INFO | my_functions.py:247 | [DEBUG] Buscando en paralelo: ['claim!.PNG'] | timeout=0s | confidence=0.8
2026-06-18 23:48:12 | INFO | my_functions.py:134 | Haciendo click en la posición (381, 924)
2026-06-18 23:48:13 | INFO | my_functions.py:269 | 🖱️ Click OK (En paralelo): claim!.PNG at (381, 924) delay=1s
2026-06-18 23:48:14 | INFO | each_eight_hours.py:46 | [23:48:14.133] [DEBUG] Moviendo el mouse a la posición de scroll (350, 580)...
2026-06-18 23:48:15 | INFO | each_eight_hours.py:46 | [23:48:15.708] [DEBUG] Alternancia de coordenada X: Cambió de 470 a 260
2026-06-18 23:48:15 | INFO | each_eight_hours.py:46 | [23:48:15.721] [DEBUG] --------------------------------------------------
2026-06-18 23:48:15 | INFO | each_eight_hours.py:46 | [23:48:15.722] [DEBUG] Inicio de iteración. Recompensas restantes: 6
2026-06-18 23:48:15 | INFO | each_eight_hours.py:46 | [23:48:15.732] [DEBUG] Intentando hacer click en: (260, 580)
2026-06-18 23:48:17 | INFO | my_functions.py:169 | Searching claim!.PNG (timeout=3s)
2026-06-18 23:48:21 | INFO | my_functions.py:213 | 
⛔ Not found: claim!.PNG after 3.26s region=(0, 0, 765, 1038) confidence=0.8
2026-06-18 23:48:21 | INFO | each_eight_hours.py:46 | [23:48:21.018] [DEBUG] No se detectó 'Claim'. Buscando 'check.png' en región (228, 547, 65, 55)...
2026-06-18 23:48:21 | INFO | my_functions.py:169 | Searching check.png (timeout=1s)
2026-06-18 23:48:22 | INFO | my_functions.py:213 | 
⛔ Not found: check.png after 1.01s region=(228, 547, 65, 55) confidence=0.8
2026-06-18 23:48:22 | INFO | each_eight_hours.py:46 | [23:48:22.145] [DEBUG] -> [ALERTA] No se detectó ninguna recompensa válida tras el click.
2026-06-18 23:48:22 | INFO | each_eight_hours.py:46 | [23:48:22.158] [DEBUG] Moviendo el mouse a la posición de scroll (350, 580)...
2026-06-18 23:48:23 | INFO | each_eight_hours.py:46 | [23:48:23.727] [DEBUG] Alternancia de coordenada X: Cambió de 260 a 470
2026-06-18 23:48:23 | INFO | each_eight_hours.py:46 | [23:48:23.729] [DEBUG] --------------------------------------------------
2026-06-18 23:48:23 | INFO | each_eight_hours.py:46 | [23:48:23.731] [DEBUG] Inicio de iteración. Recompensas restantes: 5
2026-06-18 23:48:23 | INFO | each_eight_hours.py:46 | [23:48:23.737] [DEBUG] Intentando hacer click en: (470, 580)
2026-06-18 23:48:24 | INFO | my_functions.py:169 | Searching claim!.PNG (timeout=3s)
2026-06-18 23:48:28 | INFO | my_functions.py:213 | 
⛔ Not found: claim!.PNG after 3.24s region=(0, 0, 765, 1038) confidence=0.8
2026-06-18 23:48:28 | INFO | each_eight_hours.py:46 | [23:48:28.995] [DEBUG] No se detectó 'Claim'. Buscando 'check.png' en región (449, 547, 65, 55)...
2026-06-18 23:48:29 | INFO | my_functions.py:169 | Searching check.png (timeout=1s)
2026-06-18 23:48:30 | INFO | my_functions.py:213 | 
⛔ Not found: check.png after 1.06s region=(449, 547, 65, 55) confidence=0.8
2026-06-18 23:48:30 | INFO | each_eight_hours.py:46 | [23:48:30.188] [DEBUG] -> [ALERTA] No se detectó ninguna recompensa válida tras el click.
2026-06-18 23:48:30 | INFO | each_eight_hours.py:46 | [23:48:30.191] [DEBUG] Moviendo el mouse a la posición de scroll (350, 580)...
2026-06-18 23:48:31 | INFO | each_eight_hours.py:46 | [23:48:31.769] [DEBUG] Alternancia de coordenada X: Cambió de 470 a 260
2026-06-18 23:48:31 | INFO | each_eight_hours.py:46 | [23:48:31.772] [DEBUG] --------------------------------------------------
2026-06-18 23:48:31 | INFO | each_eight_hours.py:46 | [23:48:31.773] [DEBUG] Inicio de iteración. Recompensas restantes: 4
2026-06-18 23:48:31 | INFO | each_eight_hours.py:46 | [23:48:31.780] [DEBUG] Intentando hacer click en: (260, 580)
2026-06-18 23:48:33 | INFO | my_functions.py:169 | Searching claim!.PNG (timeout=3s)
2026-06-18 23:48:33 | INFO | my_functions.py:199 | 
✅ Found: claim!.PNG pos=(381, 924) time=0.77s confidence=0.8
2026-06-18 23:48:33 | INFO | each_eight_hours.py:46 | [23:48:33.778] [DEBUG] -> ¡ÉXITO! Botón 'Claim' detectado.
2026-06-18 23:48:33 | INFO | my_functions.py:169 | Searching set.png (timeout=0s)
2026-06-18 23:48:34 | INFO | my_functions.py:213 | 
⛔ Not found: set.png after 0.0s region=(0, 0, 765, 1038) confidence=0.8
2026-06-18 23:48:34 | INFO | my_functions.py:247 | [DEBUG] Buscando en paralelo: ['claim!.PNG'] | timeout=0s | confidence=0.8
2026-06-18 23:48:36 | INFO | my_functions.py:134 | Haciendo click en la posición (381, 924)
2026-06-18 23:48:36 | INFO | my_functions.py:269 | 🖱️ Click OK (En paralelo): claim!.PNG at (381, 924) delay=1s
2026-06-18 23:48:37 | INFO | each_eight_hours.py:46 | [23:48:37.789] [DEBUG] Moviendo el mouse a la posición de scroll (350, 580)...
2026-06-18 23:48:39 | INFO | each_eight_hours.py:46 | [23:48:39.364] [DEBUG] Alternancia de coordenada X: Cambió de 260 a 470
2026-06-18 23:48:39 | INFO | each_eight_hours.py:46 | [23:48:39.368] [DEBUG] --------------------------------------------------
2026-06-18 23:48:39 | INFO | each_eight_hours.py:46 | [23:48:39.370] [DEBUG] Inicio de iteración. Recompensas restantes: 3
2026-06-18 23:48:39 | INFO | each_eight_hours.py:46 | [23:48:39.378] [DEBUG] Intentando hacer click en: (470, 580)
2026-06-18 23:48:40 | INFO | my_functions.py:169 | Searching claim!.PNG (timeout=3s)
2026-06-18 23:48:42 | INFO | my_functions.py:199 | 
✅ Found: claim!.PNG pos=(275, 924) time=1.61s confidence=0.8
2026-06-18 23:48:42 | INFO | each_eight_hours.py:46 | [23:48:42.212] [DEBUG] -> ¡ÉXITO! Botón 'Claim' detectado.
2026-06-18 23:48:42 | INFO | my_functions.py:169 | Searching set.png (timeout=0s)
2026-06-18 23:48:43 | INFO | my_functions.py:213 | 
⛔ Not found: set.png after 0.0s region=(0, 0, 765, 1038) confidence=0.8
2026-06-18 23:48:43 | INFO | my_functions.py:247 | [DEBUG] Buscando en paralelo: ['claim!.PNG'] | timeout=0s | confidence=0.8
2026-06-18 23:48:44 | INFO | my_functions.py:134 | Haciendo click en la posición (275, 924)
2026-06-18 23:48:45 | INFO | my_functions.py:269 | 🖱️ Click OK (En paralelo): claim!.PNG at (275, 924) delay=1s
2026-06-18 23:48:46 | INFO | each_eight_hours.py:46 | [23:48:46.224] [DEBUG] Moviendo el mouse a la posición de scroll (350, 580)...
2026-06-18 23:48:47 | INFO | each_eight_hours.py:46 | [23:48:47.797] [DEBUG] Alternancia de coordenada X: Cambió de 470 a 260
2026-06-18 23:48:47 | INFO | each_eight_hours.py:46 | [23:48:47.810] [DEBUG] --------------------------------------------------
2026-06-18 23:48:47 | INFO | each_eight_hours.py:46 | [23:48:47.813] [DEBUG] Inicio de iteración. Recompensas restantes: 2
2026-06-18 23:48:47 | INFO | each_eight_hours.py:46 | [23:48:47.816] [DEBUG] Intentando hacer click en: (260, 580)
2026-06-18 23:48:49 | INFO | my_functions.py:169 | Searching claim!.PNG (timeout=3s)
2026-06-18 23:48:53 | INFO | my_functions.py:213 | 
⛔ Not found: claim!.PNG after 3.76s region=(0, 0, 765, 1038) confidence=0.8
2026-06-18 23:48:53 | INFO | each_eight_hours.py:46 | [23:48:53.563] [DEBUG] No se detectó 'Claim'. Buscando 'check.png' en región (228, 547, 65, 55)...
2026-06-18 23:48:53 | INFO | my_functions.py:169 | Searching check.png (timeout=1s)
2026-06-18 23:48:54 | INFO | my_functions.py:213 | 
⛔ Not found: check.png after 1.08s region=(228, 547, 65, 55) confidence=0.8
2026-06-18 23:48:54 | INFO | each_eight_hours.py:46 | [23:48:54.786] [DEBUG] -> [ALERTA] No se detectó ninguna recompensa válida tras el click.
2026-06-18 23:48:54 | INFO | each_eight_hours.py:46 | [23:48:54.789] [DEBUG] Moviendo el mouse a la posición de scroll (350, 580)...
2026-06-18 23:48:56 | INFO | each_eight_hours.py:46 | [23:48:56.358] [DEBUG] Alternancia de coordenada X: Cambió de 260 a 470
2026-06-18 23:48:56 | INFO | each_eight_hours.py:46 | [23:48:56.362] [DEBUG] --------------------------------------------------
2026-06-18 23:48:56 | INFO | each_eight_hours.py:46 | [23:48:56.368] [DEBUG] Inicio de iteración. Recompensas restantes: 1
2026-06-18 23:48:56 | INFO | each_eight_hours.py:46 | [23:48:56.371] [DEBUG] Intentando hacer click en: (470, 580)
2026-06-18 23:48:57 | INFO | my_functions.py:169 | Searching claim!.PNG (timeout=3s)
2026-06-18 23:48:58 | INFO | my_functions.py:199 | 
✅ Found: claim!.PNG pos=(381, 924) time=0.77s confidence=0.8
2026-06-18 23:48:58 | INFO | each_eight_hours.py:46 | [23:48:58.368] [DEBUG] -> ¡ÉXITO! Botón 'Claim' detectado.
2026-06-18 23:48:58 | INFO | my_functions.py:169 | Searching set.png (timeout=0s)
2026-06-18 23:48:59 | INFO | my_functions.py:213 | 
⛔ Not found: set.png after 0.0s region=(0, 0, 765, 1038) confidence=0.8
2026-06-18 23:48:59 | INFO | my_functions.py:247 | [DEBUG] Buscando en paralelo: ['claim!.PNG'] | timeout=0s | confidence=0.8
2026-06-18 23:49:01 | INFO | my_functions.py:134 | Haciendo click en la posición (381, 924)
2026-06-18 23:49:01 | INFO | my_functions.py:269 | 🖱️ Click OK (En paralelo): claim!.PNG at (381, 924) delay=1s
2026-06-18 23:49:02 | INFO | each_eight_hours.py:46 | [23:49:02.343] [DEBUG] Moviendo el mouse a la posición de scroll (350, 580)...
2026-06-18 23:49:03 | INFO | each_eight_hours.py:46 | [23:49:03.917] [DEBUG] Alternancia de coordenada X: Cambió de 470 a 260
2026-06-18 23:49:03 | INFO | each_eight_hours.py:46 | Finished collecting rewards
2026-06-18 23:49:32 | ERROR | each_eight_hours.py:57 | Uncaught exception
Traceback (most recent call last):
  File "Z:\SHARED FILES VM\MS\each_eight_hours.py", line 282, in <module>
    after_finish_all_games()
  File "Z:\SHARED FILES VM\MS\my_functions.py", line 690, in after_finish_all_games
    upgrade_cards(3)
  File "Z:\SHARED FILES VM\MS\my_functions.py", line 1412, in upgrade_cards
    collect_cl_rewards()
  File "Z:\SHARED FILES VM\MS\my_functions.py", line 1808, in collect_cl_rewards
    #beep_forever()
    ^^^^^^^^^^^^^^
  File "Z:\SHARED FILES VM\MS\my_functions.py", line 153, in beep_forever
    time.sleep(10)
KeyboardInterrupt
