2026-07-10 15:58:50 | INFO | each_eight_hours.py:36 | LOG FILE PATH: \\vmware-host\Shared Folders\SHARED FILES VM\MS\logs\each_eight_hours_2026-07-10_15-58-50.log
2026-07-10 15:58:50 | INFO | each_eight_hours.py:37 | Logger initialized
2026-07-10 15:58:50 | INFO | each_eight_hours.py:64 | Script initialized
2026-07-10 15:59:13 | INFO | my_functions.py:56 | ⏳ Esperando WebSocket de OBS...
2026-07-10 15:59:18 | INFO | baseclient.py:33 | Connecting with parameters: host='localhost' port=4455 password='' subs=0 timeout=None
2026-07-10 15:59:18 | INFO | reqs.py:23 | Successfully identified ReqClient with the server using RPC version:1
2026-07-10 15:59:18 | INFO | my_functions.py:62 | ✅ Conectado al OBS WebSocket
2026-07-10 15:59:18 | ERROR | reqs.py:59 | OBSSDKRequestError: Request GetRecordStatus returned code 207. With message: OBS is not ready to perform the request.
Traceback (most recent call last):
  File "C:\Users\Farm\AppData\Local\Programs\Python\Python311\Lib\site-packages\obsws_python\reqs.py", line 53, in send
    raise OBSSDKRequestError(
obsws_python.error.OBSSDKRequestError: Request GetRecordStatus returned code 207. With message: OBS is not ready to perform the request.
2026-07-10 15:59:19 | INFO | my_functions.py:87 | 🎬 Grabación iniciada
2026-07-10 15:59:20 | INFO | each_eight_hours.py:106 | snap.exe terminated if it was running
2026-07-10 15:59:20 | INFO | my_functions.py:1545 | ⏱ Esperando 0.1 segundos antes de empezar...
2026-07-10 15:59:20 | INFO | my_functions.py:1552 | 🔍 Esperando ventana que contenga alguna de: ['py', 'eight_hours'] (máx 20s)
2026-07-10 15:59:20 | INFO | my_functions.py:1564 | ✅ Ventana encontrada: 'each_eight_hours  - Acceso directo'
2026-07-10 15:59:20 | INFO | my_functions.py:1579 | ✅ Ventana seleccionada: 'each_eight_hours  - Acceso directo'
2026-07-10 15:59:22 | INFO | my_functions.py:1602 | 🔁 Reajuste #1...
2026-07-10 15:59:22 | INFO | my_functions.py:1609 | ✔ Verificación completa. Se hicieron 1 reajustes.
2026-07-10 15:59:22 | INFO | each_eight_hours.py:113 | Processing account: john
2026-07-10 15:59:22 | INFO | my_functions.py:1545 | ⏱ Esperando 0.1 segundos antes de empezar...
2026-07-10 15:59:22 | INFO | my_functions.py:1552 | 🔍 Esperando ventana que contenga alguna de: ['SNAP'] (máx 20s)
2026-07-10 15:59:27 | INFO | my_functions.py:1564 | ✅ Ventana encontrada: 'SNAP'
2026-07-10 15:59:27 | INFO | my_functions.py:1579 | ✅ Ventana seleccionada: 'SNAP'
2026-07-10 15:59:29 | INFO | my_functions.py:1602 | 🔁 Reajuste #1...
2026-07-10 15:59:33 | INFO | my_functions.py:1609 | ✔ Verificación completa. Se hicieron 1 reajustes.
2026-07-10 15:59:34 | INFO | my_functions.py:1206 | [DEBUG] Resizing SNAP window...
2026-07-10 15:59:34 | INFO | my_functions.py:1545 | ⏱ Esperando 0.1 segundos antes de empezar...
2026-07-10 15:59:34 | INFO | my_functions.py:1552 | 🔍 Esperando ventana que contenga alguna de: ['SNAP'] (máx 20s)
2026-07-10 15:59:34 | INFO | my_functions.py:1564 | ✅ Ventana encontrada: 'SNAP'
2026-07-10 15:59:34 | INFO | my_functions.py:1579 | ✅ Ventana seleccionada: 'SNAP'
2026-07-10 15:59:36 | INFO | my_functions.py:1602 | 🔁 Reajuste #1...
2026-07-10 15:59:36 | INFO | my_functions.py:1602 | 🔁 Reajuste #2...
2026-07-10 15:59:36 | INFO | my_functions.py:1602 | 🔁 Reajuste #3...
2026-07-10 15:59:36 | INFO | my_functions.py:1602 | 🔁 Reajuste #4...
2026-07-10 15:59:37 | INFO | my_functions.py:1602 | 🔁 Reajuste #5...
2026-07-10 15:59:37 | INFO | my_functions.py:1602 | 🔁 Reajuste #6...
2026-07-10 15:59:38 | INFO | my_functions.py:1602 | 🔁 Reajuste #7...
2026-07-10 15:59:38 | INFO | my_functions.py:1602 | 🔁 Reajuste #8...
2026-07-10 15:59:39 | INFO | my_functions.py:1602 | 🔁 Reajuste #9...
2026-07-10 15:59:39 | INFO | my_functions.py:1602 | 🔁 Reajuste #10...
2026-07-10 15:59:39 | INFO | my_functions.py:1602 | 🔁 Reajuste #11...
2026-07-10 15:59:40 | INFO | my_functions.py:1602 | 🔁 Reajuste #12...
2026-07-10 15:59:40 | INFO | my_functions.py:1602 | 🔁 Reajuste #13...
2026-07-10 15:59:41 | INFO | my_functions.py:1609 | ✔ Verificación completa. Se hicieron 13 reajustes.
2026-07-10 15:59:41 | INFO | my_functions.py:247 | [DEBUG] Buscando en paralelo: ['small_submit.PNG', 'small_submit_hover.png', 'submit_hover_2.png', 'small_submit_hover_2.png'] | timeout=90s | confidence=0.8
2026-07-10 15:59:47 | INFO | my_functions.py:134 | Haciendo click en la posición (961, 659)
2026-07-10 15:59:48 | INFO | my_functions.py:269 | 🖱️ Click OK (En paralelo): small_submit_hover_2.png at (961, 659) delay=0.2s
2026-07-10 15:59:51 | INFO | my_functions.py:247 | [DEBUG] Buscando en paralelo: ['small_submit.PNG', 'small_submit_hover.png', 'submit_hover_2.png', 'small_submit_hover_2.png'] | timeout=20s | confidence=0.8
2026-07-10 15:59:57 | INFO | my_functions.py:134 | Haciendo click en la posición (961, 745)
2026-07-10 15:59:57 | INFO | my_functions.py:269 | 🖱️ Click OK (En paralelo): small_submit_hover_2.png at (961, 745) delay=0.2s
2026-07-10 15:59:58 | INFO | my_functions.py:1545 | ⏱ Esperando 0.1 segundos antes de empezar...
2026-07-10 15:59:58 | INFO | my_functions.py:1552 | 🔍 Esperando ventana que contenga alguna de: ['SNAP'] (máx 20s)
2026-07-10 15:59:58 | INFO | my_functions.py:1564 | ✅ Ventana encontrada: 'SNAP'
2026-07-10 15:59:58 | INFO | my_functions.py:1579 | ✅ Ventana seleccionada: 'SNAP'
2026-07-10 16:00:00 | INFO | my_functions.py:1602 | 🔁 Reajuste #1...
2026-07-10 16:00:00 | INFO | my_functions.py:1602 | 🔁 Reajuste #2...
2026-07-10 16:00:01 | INFO | my_functions.py:1602 | 🔁 Reajuste #3...
2026-07-10 16:00:01 | INFO | my_functions.py:1602 | 🔁 Reajuste #4...
2026-07-10 16:00:01 | INFO | my_functions.py:1609 | ✔ Verificación completa. Se hicieron 4 reajustes.
2026-07-10 16:00:01 | INFO | my_functions.py:169 | Searching please_sign.png (timeout=0s)
2026-07-10 16:00:02 | INFO | my_functions.py:213 | 
⛔ Not found: please_sign.png after 0.0s region=(0, 0, 765, 1038) confidence=0.8
2026-07-10 16:00:02 | INFO | my_functions.py:247 | [DEBUG] Buscando en paralelo: ['sign_in_with_google2.PNG'] | timeout=20s | confidence=0.8
2026-07-10 16:00:22 | INFO | my_functions.py:281 | [DEBUG] Click skipped, ninguna de las imágenes se encontró en el intento.
2026-07-10 16:00:23 | INFO | my_functions.py:169 | Searching pagina_cargada.png (timeout=60s)
2026-07-10 16:01:24 | INFO | my_functions.py:213 | 
⛔ Not found: pagina_cargada.png after 60.41s region=(0, 0, 765, 1038) confidence=0.8
2026-07-10 16:01:24 | INFO | my_functions.py:169 | Searching marvelsnap_web.png (timeout=30s)
