2026-05-19 14:17:33 | INFO | each_eight_hours.py:39 | LOG FILE PATH: \\vmware-host\Shared Folders\SHARED FILES VM\MS\logs\each_eight_hours_2026-05-19_14-17-33.log
2026-05-19 14:17:33 | INFO | each_eight_hours.py:40 | Logger initialized
2026-05-19 14:17:33 | INFO | each_eight_hours.py:67 | Script initialized
2026-05-19 14:17:35 | INFO | each_eight_hours.py:128 | snap.exe terminated if it was running
2026-05-19 14:17:35 | INFO | my_functions.py:57 | ⏳ Esperando WebSocket de OBS...
2026-05-19 14:17:35 | INFO | baseclient.py:33 | Connecting with parameters: host='localhost' port=4455 password='' subs=0 timeout=None
2026-05-19 14:17:35 | INFO | reqs.py:23 | Successfully identified ReqClient with the server using RPC version:1
2026-05-19 14:17:35 | INFO | my_functions.py:63 | ✅ Conectado al OBS WebSocket
2026-05-19 14:17:35 | INFO | my_functions.py:79 | ⏹ Grabación ya estaba activa, deteniéndola...
2026-05-19 14:17:35 | INFO | baseclient.py:33 | Connecting with parameters: host='localhost' port=4455 password='' subs=0 timeout=None
2026-05-19 14:17:35 | INFO | reqs.py:23 | Successfully identified ReqClient with the server using RPC version:1
2026-05-19 14:17:35 | INFO | my_functions.py:94 | Record stopped.
2026-05-19 14:17:47 | INFO | my_functions.py:124 | Archivo renombrado a: C:\Users\Farm\Videos\my_functions_2026-05-19_14-17-47.mkv
2026-05-19 14:17:50 | INFO | my_functions.py:84 | 🎬 Nueva grabación iniciada
2026-05-19 14:17:50 | INFO | my_functions.py:1281 | ⏱ Esperando 0.1 segundos antes de empezar...
2026-05-19 14:17:50 | INFO | my_functions.py:1288 | 🔍 Esperando ventana que contenga alguna de: ['py', 'eight_hours'] (máx 20s)
2026-05-19 14:17:50 | INFO | my_functions.py:1300 | ✅ Ventana encontrada: 'each_eight_hours  - Acceso directo'
2026-05-19 14:17:50 | INFO | my_functions.py:1315 | ✅ Ventana seleccionada: 'each_eight_hours  - Acceso directo'
2026-05-19 14:17:52 | INFO | my_functions.py:1338 | 🔁 Reajuste #1...
2026-05-19 14:17:52 | INFO | my_functions.py:1345 | ✔ Verificación completa. Se hicieron 1 reajustes.
2026-05-19 14:18:22 | INFO | my_functions.py:2111 | Starting Steam window scan
2026-05-19 14:18:22 | INFO | my_functions.py:2114 | Found window: 
2026-05-19 14:18:22 | INFO | my_functions.py:2114 | Found window: each_eight_hours  - Acceso directo
2026-05-19 14:18:22 | INFO | my_functions.py:2114 | Found window: 
2026-05-19 14:18:22 | INFO | my_functions.py:2114 | Found window: 
2026-05-19 14:18:22 | INFO | my_functions.py:2114 | Found window: 
2026-05-19 14:18:22 | INFO | my_functions.py:2114 | Found window: 
2026-05-19 14:18:22 | INFO | my_functions.py:2114 | Found window: Program Manager
2026-05-19 14:18:22 | INFO | each_eight_hours.py:139 | Processing account: reeps_vm
2026-05-19 14:18:23 | INFO | each_eight_hours.py:142 | Game relaunched for account
2026-05-19 14:18:23 | INFO | my_functions.py:1281 | ⏱ Esperando 0.1 segundos antes de empezar...
2026-05-19 14:18:23 | INFO | my_functions.py:1288 | 🔍 Esperando ventana que contenga alguna de: ['SNAP'] (máx 20s)
2026-05-19 14:18:25 | INFO | my_functions.py:1300 | ✅ Ventana encontrada: 'SNAP'
2026-05-19 14:18:25 | INFO | my_functions.py:1315 | ✅ Ventana seleccionada: 'SNAP'
2026-05-19 14:18:27 | INFO | my_functions.py:1347 | ✔ Verificación completa. No hubo cambios después del primer ajuste.
2026-05-19 14:18:27 | INFO | my_functions.py:986 | [DEBUG] Resizing SNAP window...
2026-05-19 14:18:27 | INFO | my_functions.py:1281 | ⏱ Esperando 0.1 segundos antes de empezar...
2026-05-19 14:18:27 | INFO | my_functions.py:1288 | 🔍 Esperando ventana que contenga alguna de: ['SNAP'] (máx 20s)
2026-05-19 14:18:27 | INFO | my_functions.py:1300 | ✅ Ventana encontrada: 'SNAP'
2026-05-19 14:18:27 | INFO | my_functions.py:1315 | ✅ Ventana seleccionada: 'SNAP'
2026-05-19 14:18:30 | INFO | my_functions.py:1347 | ✔ Verificación completa. No hubo cambios después del primer ajuste.
2026-05-19 14:18:30 | INFO | my_functions.py:248 | [DEBUG] Buscando en paralelo: ['small_submit.PNG'] | timeout=90s | confidence=0.8
2026-05-19 14:18:33 | INFO | my_functions.py:135 | Haciendo click en la posición (380, 643)
2026-05-19 14:18:33 | INFO | my_functions.py:270 | 🖱️ Click OK (En paralelo): small_submit.PNG at (380, 643) delay=0.2s
2026-05-19 14:18:33 | INFO | my_functions.py:248 | [DEBUG] Buscando en paralelo: ['submit.PNG'] | timeout=90s | confidence=0.8
2026-05-19 14:20:03 | INFO | my_functions.py:280 | [DEBUG] Click skipped, ninguna de las imágenes se encontró en el intento.
2026-05-19 14:20:03 | INFO | my_functions.py:1281 | ⏱ Esperando 0.1 segundos antes de empezar...
2026-05-19 14:20:04 | INFO | my_functions.py:1288 | 🔍 Esperando ventana que contenga alguna de: ['SNAP'] (máx 20s)
2026-05-19 14:20:04 | INFO | my_functions.py:1300 | ✅ Ventana encontrada: 'SNAP'
2026-05-19 14:20:04 | INFO | my_functions.py:1315 | ✅ Ventana seleccionada: 'SNAP'
2026-05-19 14:20:07 | INFO | my_functions.py:1347 | ✔ Verificación completa. No hubo cambios después del primer ajuste.
2026-05-19 14:20:07 | INFO | my_functions.py:170 | Searching please_sign.png (timeout=0s)
2026-05-19 14:20:07 | INFO | my_functions.py:214 | 
⛔ Not found: please_sign.png after 0.0s region=(0, 0, 765, 1038) confidence=0.8
2026-05-19 14:20:07 | INFO | my_functions.py:170 | Searching sign_in_with_google2.PNG (timeout=90s)
2026-05-19 14:21:37 | INFO | my_functions.py:214 | 
⛔ Not found: sign_in_with_google2.PNG after 90.02s region=(0, 0, 765, 1038) confidence=0.8
2026-05-19 14:21:37 | INFO | my_functions.py:248 | [DEBUG] Buscando en paralelo: ['sign_in_with_google2.PNG'] | timeout=20s | confidence=0.8
