2026-06-07 04:27:57 | INFO | each_eight_hours.py:36 | LOG FILE PATH: \\vmware-host\Shared Folders\SHARED FILES VM\MS\logs\each_eight_hours_2026-06-07_04-27-57.log
2026-06-07 04:27:57 | INFO | each_eight_hours.py:37 | Logger initialized
2026-06-07 04:27:57 | INFO | each_eight_hours.py:64 | Script initialized
2026-06-07 04:28:07 | INFO | each_eight_hours.py:105 | snap.exe terminated if it was running
2026-06-07 04:28:08 | INFO | my_functions.py:57 | ⏳ Esperando WebSocket de OBS...
2026-06-07 04:28:08 | INFO | baseclient.py:33 | Connecting with parameters: host='localhost' port=4455 password='' subs=0 timeout=None
2026-06-07 04:28:08 | INFO | reqs.py:23 | Successfully identified ReqClient with the server using RPC version:1
2026-06-07 04:28:08 | INFO | my_functions.py:63 | ✅ Conectado al OBS WebSocket
2026-06-07 04:28:08 | INFO | my_functions.py:79 | ⏹ Grabación ya estaba activa, deteniéndola...
2026-06-07 04:28:08 | INFO | baseclient.py:33 | Connecting with parameters: host='localhost' port=4455 password='' subs=0 timeout=None
2026-06-07 04:28:08 | INFO | reqs.py:23 | Successfully identified ReqClient with the server using RPC version:1
2026-06-07 04:28:08 | INFO | my_functions.py:94 | Record stopped.
2026-06-07 04:28:20 | ERROR | each_eight_hours.py:290 | Unhandled exception occurred
Traceback (most recent call last):
  File "Z:\SHARED FILES VM\MS\each_eight_hours.py", line 106, in <module>
    start_obs_then_record()
  File "Z:\SHARED FILES VM\MS\my_functions.py", line 80, in start_obs_then_record
    end_record_obs()
  File "Z:\SHARED FILES VM\MS\my_functions.py", line 111, in end_record_obs
    timestamp = datetime.now().strftime("%Y-%m-%d_%H-%M-%S")
                ^^^^^^^^^^^^
AttributeError: module 'datetime' has no attribute 'now'
