2026-08-19 19:05:02 | INFO | my_functions.py:55 | ⏳ Esperando WebSocket de OBS...
2026-08-19 19:05:02 | INFO | baseclient.py:33 | Connecting with parameters: host='localhost' port=4455 password='' subs=0 timeout=None
2026-08-19 19:05:02 | INFO | reqs.py:23 | Successfully identified ReqClient with the server using RPC version:1
2026-08-19 19:05:02 | INFO | my_functions.py:61 | ✅ Conectado al OBS WebSocket
2026-08-19 19:05:02 | INFO | my_functions.py:77 | ⏹ Grabación ya estaba activa, deteniéndola...
2026-08-19 19:05:02 | INFO | baseclient.py:33 | Connecting with parameters: host='localhost' port=4455 password='' subs=0 timeout=None
2026-08-19 19:05:02 | INFO | reqs.py:23 | Successfully identified ReqClient with the server using RPC version:1
2026-08-19 19:05:02 | INFO | my_functions.py:92 | Record stopped.
2026-08-19 19:05:14 | INFO | my_functions.py:122 | Archivo renombrado a: C:\Users\Farm\Videos\my_functions_2026-08-19_19-05-14.mkv
2026-08-19 19:05:17 | INFO | my_functions.py:82 | 🎬 Nueva grabación iniciada
2026-08-19 19:05:17 | INFO | each_eight_hours copy 2.py:68 | snap.exe terminated if it was running
2026-08-19 19:05:17 | INFO | my_functions.py:1577 | ⏱ Esperando 0.1 segundos antes de empezar...
2026-08-19 19:05:17 | INFO | my_functions.py:1584 | 🔍 Esperando ventana que contenga alguna de: ['py', 'eight_hours'] (máx 20s)
2026-08-19 19:05:17 | INFO | my_functions.py:1596 | ✅ Ventana encontrada: 'each_eight_hours copy 2 - Acceso directo'
2026-08-19 19:05:17 | INFO | my_functions.py:1611 | ✅ Ventana seleccionada: 'each_eight_hours copy 2 - Acceso directo'
2026-08-19 19:05:19 | INFO | my_functions.py:1634 | 🔁 Reajuste #1...
2026-08-19 19:05:19 | INFO | my_functions.py:1641 | ✔ Verificación completa. Se hicieron 1 reajustes.
2026-08-19 19:05:19 | INFO | each_eight_hours copy 2.py:73 | Processing account: robert
2026-08-19 19:05:20 | INFO | my_functions.py:1577 | ⏱ Esperando 0.1 segundos antes de empezar...
2026-08-19 19:05:20 | INFO | my_functions.py:1584 | 🔍 Esperando ventana que contenga alguna de: ['SNAP'] (máx 20s)
2026-08-19 19:05:22 | INFO | my_functions.py:1596 | ✅ Ventana encontrada: 'SNAP'
2026-08-19 19:05:22 | INFO | my_functions.py:1611 | ✅ Ventana seleccionada: 'SNAP'
2026-08-19 19:05:24 | INFO | my_functions.py:1643 | ✔ Verificación completa. No hubo cambios después del primer ajuste.
2026-08-19 19:05:24 | INFO | my_functions.py:1206 | [DEBUG] Resizing SNAP window...
2026-08-19 19:05:24 | INFO | my_functions.py:1577 | ⏱ Esperando 0.1 segundos antes de empezar...
2026-08-19 19:05:24 | INFO | my_functions.py:1584 | 🔍 Esperando ventana que contenga alguna de: ['SNAP'] (máx 20s)
2026-08-19 19:05:24 | INFO | my_functions.py:1596 | ✅ Ventana encontrada: 'SNAP'
2026-08-19 19:05:24 | INFO | my_functions.py:1611 | ✅ Ventana seleccionada: 'SNAP'
2026-08-19 19:05:31 | INFO | my_functions.py:1643 | ✔ Verificación completa. No hubo cambios después del primer ajuste.
2026-08-19 19:05:31 | INFO | my_functions.py:248 | [DEBUG] Buscando en paralelo: ['small_submit.PNG', 'small_submit_hover.png', 'submit_hover_2.png', 'small_submit_hover_2.png'] | timeout=90s | confidence=0.8
2026-08-19 19:07:06 | INFO | my_functions.py:282 | [DEBUG] Click skipped, ninguna de las imágenes se encontró en el intento.
2026-08-19 19:07:08 | INFO | my_functions.py:169 | Searching shop_unselected.PNG (timeout=0s)
2026-08-19 19:07:08 | INFO | my_functions.py:213 | 
⛔ Not found: shop_unselected.PNG after 0.0s region=(0, 0, 765, 1038) confidence=0.8
2026-08-19 19:07:08 | INFO | my_functions.py:248 | [DEBUG] Buscando en paralelo: ['super_premium.PNG'] | timeout=0s | confidence=0.8
2026-08-19 19:07:09 | INFO | my_functions.py:282 | [DEBUG] Click skipped, ninguna de las imágenes se encontró en el intento.
2026-08-19 19:07:10 | INFO | my_functions.py:248 | [DEBUG] Buscando en paralelo: ['maybe_later.PNG'] | timeout=0s | confidence=0.8
2026-08-19 19:07:10 | INFO | my_functions.py:282 | [DEBUG] Click skipped, ninguna de las imágenes se encontró en el intento.
2026-08-19 19:07:12 | INFO | my_functions.py:248 | [DEBUG] Buscando en paralelo: ['maybe_later2.PNG'] | timeout=0s | confidence=0.8
2026-08-19 19:07:12 | INFO | my_functions.py:282 | [DEBUG] Click skipped, ninguna de las imágenes se encontró en el intento.
2026-08-19 19:07:13 | INFO | my_functions.py:169 | Searching go_to_shop.PNG (timeout=0s)
2026-08-19 19:07:14 | INFO | my_functions.py:213 | 
⛔ Not found: go_to_shop.PNG after 0.0s region=(0, 0, 765, 1038) confidence=0.8
2026-08-19 19:07:14 | INFO | my_functions.py:248 | [DEBUG] Buscando en paralelo: ['14_days_of_winterverse.PNG'] | timeout=0s | confidence=0.8
2026-08-19 19:07:14 | INFO | my_functions.py:282 | [DEBUG] Click skipped, ninguna de las imágenes se encontró en el intento.
2026-08-19 19:07:15 | INFO | my_functions.py:169 | Searching welcome_back_calendar.PNG (timeout=0s)
2026-08-19 19:07:16 | INFO | my_functions.py:213 | 
⛔ Not found: welcome_back_calendar.PNG after 0.0s region=(0, 0, 765, 1038) confidence=0.8
2026-08-19 19:07:16 | INFO | my_functions.py:248 | [DEBUG] Buscando en paralelo: ['start_the_countdown.PNG'] | timeout=0s | confidence=0.8
2026-08-19 19:07:16 | INFO | my_functions.py:282 | [DEBUG] Click skipped, ninguna de las imágenes se encontró en el intento.
2026-08-19 19:07:17 | INFO | my_functions.py:248 | [DEBUG] Buscando en paralelo: ['event_has_ended_sanctum.PNG'] | timeout=0s | confidence=0.8
2026-08-19 19:07:18 | INFO | my_functions.py:282 | [DEBUG] Click skipped, ninguna de las imágenes se encontró en el intento.
2026-08-19 19:07:19 | INFO | my_functions.py:248 | [DEBUG] Buscando en paralelo: ['event_has_ended_teamclash.PNG'] | timeout=0s | confidence=0.8
2026-08-19 19:07:20 | INFO | my_functions.py:282 | [DEBUG] Click skipped, ninguna de las imágenes se encontró en el intento.
2026-08-19 19:07:21 | INFO | my_functions.py:248 | [DEBUG] Buscando en paralelo: ['image_part_of_event_grand_arena_finished.PNG'] | timeout=0s | confidence=0.8
2026-08-19 19:07:21 | INFO | my_functions.py:282 | [DEBUG] Click skipped, ninguna de las imágenes se encontró en el intento.
2026-08-19 19:07:22 | INFO | my_functions.py:169 | Searching 28_day_event_login_rewards.PNG (timeout=0s)
2026-08-19 19:07:23 | INFO | my_functions.py:213 | 
⛔ Not found: 28_day_event_login_rewards.PNG after 0.0s region=(0, 0, 765, 1038) confidence=0.8
2026-08-19 19:07:23 | INFO | my_functions.py:169 | Searching 7_day_event_login.PNG (timeout=0s)
2026-08-19 19:07:23 | INFO | my_functions.py:199 | 
✅ Found: 7_day_event_login.PNG pos=(381, 133) time=0.46s confidence=0.8
2026-08-19 19:07:23 | INFO | my_functions.py:141 | Presionando ESC (1/1)
2026-08-19 19:07:24 | INFO | my_functions.py:169 | Searching claim!.PNG (timeout=5s)
2026-08-19 19:07:25 | INFO | my_functions.py:199 | 
✅ Found: claim!.PNG pos=(381, 924) time=1.43s confidence=0.8
2026-08-19 19:07:28 | INFO | my_functions.py:133 | Haciendo click en la posición (381, 924)
2026-08-19 19:07:30 | INFO | my_functions.py:248 | [DEBUG] Buscando en paralelo: ['nice!.PNG'] | timeout=0s | confidence=0.8
2026-08-19 19:07:30 | INFO | my_functions.py:282 | [DEBUG] Click skipped, ninguna de las imágenes se encontró en el intento.
2026-08-19 19:07:31 | INFO | my_functions.py:248 | [DEBUG] Buscando en paralelo: ['claim!.PNG'] | timeout=0s | confidence=0.8
2026-08-19 19:07:32 | INFO | my_functions.py:282 | [DEBUG] Click skipped, ninguna de las imágenes se encontró en el intento.
2026-08-19 19:07:33 | INFO | my_functions.py:248 | [DEBUG] Buscando en paralelo: ['claim_hover.PNG'] | timeout=0s | confidence=0.8
2026-08-19 19:07:34 | INFO | my_functions.py:282 | [DEBUG] Click skipped, ninguna de las imágenes se encontró en el intento.
2026-08-19 19:07:35 | INFO | my_functions.py:248 | [DEBUG] Buscando en paralelo: ['nice_hover_half.PNG'] | timeout=0s | confidence=0.8
2026-08-19 19:07:37 | INFO | my_functions.py:133 | Haciendo click en la posición (380, 906)
2026-08-19 19:07:37 | INFO | my_functions.py:270 | 🖱️ Click OK (En paralelo): nice_hover_half.PNG at (380, 906) delay=1s
2026-08-19 19:07:38 | INFO | my_functions.py:248 | [DEBUG] Buscando en paralelo: ['nice!.PNG'] | timeout=0s | confidence=0.8
2026-08-19 19:07:39 | INFO | my_functions.py:282 | [DEBUG] Click skipped, ninguna de las imágenes se encontró en el intento.
2026-08-19 19:07:40 | INFO | my_functions.py:248 | [DEBUG] Buscando en paralelo: ['claim!.PNG'] | timeout=0s | confidence=0.8
2026-08-19 19:07:41 | INFO | my_functions.py:282 | [DEBUG] Click skipped, ninguna de las imágenes se encontró en el intento.
2026-08-19 19:07:42 | INFO | my_functions.py:248 | [DEBUG] Buscando en paralelo: ['claim_hover.PNG'] | timeout=0s | confidence=0.8
2026-08-19 19:07:42 | INFO | my_functions.py:282 | [DEBUG] Click skipped, ninguna de las imágenes se encontró en el intento.
2026-08-19 19:07:44 | INFO | my_functions.py:248 | [DEBUG] Buscando en paralelo: ['nice_hover_half.PNG'] | timeout=0s | confidence=0.8
2026-08-19 19:07:44 | INFO | my_functions.py:282 | [DEBUG] Click skipped, ninguna de las imágenes se encontró en el intento.
2026-08-19 19:07:53 | INFO | my_functions.py:169 | Searching shop_unselected.PNG (timeout=0s)
2026-08-19 19:07:54 | INFO | my_functions.py:213 | 
⛔ Not found: shop_unselected.PNG after 0.0s region=(0, 0, 765, 1038) confidence=0.8
2026-08-19 19:07:55 | INFO | my_functions.py:169 | Searching shop_unselected.PNG (timeout=0s)
2026-08-19 19:07:56 | INFO | my_functions.py:213 | 
⛔ Not found: shop_unselected.PNG after 0.0s region=(0, 0, 765, 1038) confidence=0.8
2026-08-19 19:07:56 | INFO | my_functions.py:248 | [DEBUG] Buscando en paralelo: ['super_premium.PNG'] | timeout=0s | confidence=0.8
2026-08-19 19:07:57 | INFO | my_functions.py:133 | Haciendo click en la posición (480, 777)
2026-08-19 19:07:57 | INFO | my_functions.py:270 | 🖱️ Click OK (En paralelo): super_premium.PNG at (480, 777) delay=1s
2026-08-19 19:07:59 | INFO | my_functions.py:141 | Presionando ESC (1/1)
2026-08-19 19:08:07 | INFO | my_functions.py:169 | Searching shop_unselected.PNG (timeout=0s)
2026-08-19 19:08:08 | INFO | my_functions.py:199 | 
✅ Found: shop_unselected.PNG pos=(88, 961) time=0.77s confidence=0.8
2026-08-19 19:08:08 | INFO | my_functions.py:714 | Ya esta listo
2026-08-19 19:08:08 | INFO | my_functions.py:248 | [DEBUG] Buscando en paralelo: ['nut.png'] | timeout=20s | confidence=0.8
2026-08-19 19:08:10 | INFO | my_functions.py:133 | Haciendo click en la posición (184, 78)
2026-08-19 19:08:10 | INFO | my_functions.py:270 | 🖱️ Click OK (En paralelo): nut.png at (184, 78) delay=1s
2026-08-19 19:08:11 | INFO | my_functions.py:248 | [DEBUG] Buscando en paralelo: ['graphics_quality.png'] | timeout=3s | confidence=0.8
2026-08-19 19:08:13 | INFO | my_functions.py:133 | Haciendo click en la posición (304, 644)
2026-08-19 19:08:13 | INFO | my_functions.py:270 | 🖱️ Click OK (En paralelo): graphics_quality.png at (304, 644) delay=1s
2026-08-19 19:08:15 | INFO | my_functions.py:248 | [DEBUG] Buscando en paralelo: ['sign_out.png'] | timeout=20s | confidence=0.8
2026-08-19 19:08:17 | INFO | my_functions.py:133 | Haciendo click en la posición (380, 796)
2026-08-19 19:08:17 | INFO | my_functions.py:270 | 🖱️ Click OK (En paralelo): sign_out.png at (380, 796) delay=1s
2026-08-19 19:08:19 | INFO | my_functions.py:248 | [DEBUG] Buscando en paralelo: ['sign_out_grande.png'] | timeout=20s | confidence=0.8
2026-08-19 19:08:21 | INFO | my_functions.py:133 | Haciendo click en la posición (359, 437)
2026-08-19 19:08:21 | INFO | my_functions.py:270 | 🖱️ Click OK (En paralelo): sign_out_grande.png at (359, 437) delay=1s
2026-08-19 19:08:22 | INFO | my_functions.py:248 | [DEBUG] Buscando en paralelo: ['sign_out2.png'] | timeout=20s | confidence=0.8
2026-08-19 19:08:24 | INFO | my_functions.py:133 | Haciendo click en la posición (383, 634)
2026-08-19 19:08:24 | INFO | my_functions.py:270 | 🖱️ Click OK (En paralelo): sign_out2.png at (383, 634) delay=1s
2026-08-19 19:08:25 | INFO | my_functions.py:1577 | ⏱ Esperando 0.1 segundos antes de empezar...
2026-08-19 19:08:25 | INFO | my_functions.py:1584 | 🔍 Esperando ventana que contenga alguna de: SNAP (máx 20s)
2026-08-19 19:08:25 | INFO | my_functions.py:1596 | ✅ Ventana encontrada: 'SNAP'
2026-08-19 19:08:25 | INFO | my_functions.py:1611 | ✅ Ventana seleccionada: 'SNAP'
2026-08-19 19:08:29 | INFO | my_functions.py:1643 | ✔ Verificación completa. No hubo cambios después del primer ajuste.
2026-08-19 19:08:34 | INFO | my_functions.py:1206 | [DEBUG] Resizing SNAP window...
2026-08-19 19:08:34 | INFO | my_functions.py:1577 | ⏱ Esperando 0.1 segundos antes de empezar...
2026-08-19 19:08:34 | INFO | my_functions.py:1584 | 🔍 Esperando ventana que contenga alguna de: ['SNAP'] (máx 20s)
2026-08-19 19:08:36 | INFO | my_functions.py:1596 | ✅ Ventana encontrada: 'SNAP'
2026-08-19 19:08:36 | INFO | my_functions.py:1611 | ✅ Ventana seleccionada: 'SNAP'
2026-08-19 19:08:40 | INFO | my_functions.py:1634 | 🔁 Reajuste #1...
2026-08-19 19:08:40 | INFO | my_functions.py:1634 | 🔁 Reajuste #2...
2026-08-19 19:08:41 | INFO | my_functions.py:1634 | 🔁 Reajuste #3...
2026-08-19 19:08:41 | INFO | my_functions.py:1634 | 🔁 Reajuste #4...
2026-08-19 19:08:41 | INFO | my_functions.py:1634 | 🔁 Reajuste #5...
2026-08-19 19:08:41 | INFO | my_functions.py:1634 | 🔁 Reajuste #6...
2026-08-19 19:08:42 | INFO | my_functions.py:1634 | 🔁 Reajuste #7...
2026-08-19 19:08:42 | INFO | my_functions.py:1634 | 🔁 Reajuste #8...
2026-08-19 19:08:42 | INFO | my_functions.py:1634 | 🔁 Reajuste #9...
2026-08-19 19:08:42 | INFO | my_functions.py:1634 | 🔁 Reajuste #10...
2026-08-19 19:08:43 | INFO | my_functions.py:1634 | 🔁 Reajuste #11...
2026-08-19 19:08:43 | INFO | my_functions.py:1634 | 🔁 Reajuste #12...
2026-08-19 19:08:43 | INFO | my_functions.py:1641 | ✔ Verificación completa. Se hicieron 12 reajustes.
2026-08-19 19:08:43 | INFO | my_functions.py:248 | [DEBUG] Buscando en paralelo: ['small_submit.PNG', 'small_submit_hover.png', 'submit_hover_2.png', 'small_submit_hover_2.png'] | timeout=90s | confidence=0.8
2026-08-19 19:08:56 | INFO | my_functions.py:133 | Haciendo click en la posición (961, 659)
2026-08-19 19:08:57 | INFO | my_functions.py:270 | 🖱️ Click OK (En paralelo): small_submit_hover_2.png at (961, 659) delay=0.2s
2026-08-19 19:09:00 | INFO | my_functions.py:248 | [DEBUG] Buscando en paralelo: ['small_submit.PNG', 'small_submit_hover.png', 'submit_hover_2.png', 'small_submit_hover_2.png'] | timeout=20s | confidence=0.8
2026-08-19 19:09:06 | INFO | my_functions.py:133 | Haciendo click en la posición (961, 745)
2026-08-19 19:09:07 | INFO | my_functions.py:270 | 🖱️ Click OK (En paralelo): small_submit_hover_2.png at (961, 745) delay=0.2s
2026-08-19 19:09:08 | INFO | my_functions.py:1577 | ⏱ Esperando 0.1 segundos antes de empezar...
2026-08-19 19:09:08 | INFO | my_functions.py:1584 | 🔍 Esperando ventana que contenga alguna de: ['SNAP'] (máx 20s)
2026-08-19 19:09:08 | INFO | my_functions.py:1596 | ✅ Ventana encontrada: 'SNAP'
2026-08-19 19:09:08 | INFO | my_functions.py:1611 | ✅ Ventana seleccionada: 'SNAP'
2026-08-19 19:09:10 | INFO | my_functions.py:1634 | 🔁 Reajuste #1...
2026-08-19 19:09:10 | INFO | my_functions.py:1634 | 🔁 Reajuste #2...
2026-08-19 19:09:10 | INFO | my_functions.py:1634 | 🔁 Reajuste #3...
2026-08-19 19:09:11 | INFO | my_functions.py:1634 | 🔁 Reajuste #4...
2026-08-19 19:09:11 | INFO | my_functions.py:1641 | ✔ Verificación completa. Se hicieron 4 reajustes.
2026-08-19 19:09:11 | INFO | my_functions.py:169 | Searching please_sign.png (timeout=0s)
2026-08-19 19:09:11 | INFO | my_functions.py:213 | 
⛔ Not found: please_sign.png after 0.01s region=(0, 0, 765, 1038) confidence=0.8
2026-08-19 19:09:11 | INFO | my_functions.py:248 | [DEBUG] Buscando en paralelo: ['sign_in_with_google2.PNG'] | timeout=20s | confidence=0.8
2026-08-19 19:09:32 | INFO | my_functions.py:282 | [DEBUG] Click skipped, ninguna de las imágenes se encontró en el intento.
2026-08-19 19:09:33 | INFO | my_functions.py:169 | Searching pagina_cargada.png (timeout=60s)
2026-08-19 19:10:34 | INFO | my_functions.py:213 | 
⛔ Not found: pagina_cargada.png after 60.7s region=(0, 0, 765, 1038) confidence=0.8
2026-08-19 19:10:34 | INFO | my_functions.py:169 | Searching marvelsnap_web.png (timeout=30s)
2026-08-19 19:11:05 | INFO | my_functions.py:213 | 
⛔ Not found: marvelsnap_web.png after 30.03s region=(0, 0, 765, 1038) confidence=0.7
2026-08-19 19:11:05 | INFO | my_functions.py:169 | Searching shop_unselected.PNG (timeout=0s)
2026-08-19 19:11:06 | INFO | my_functions.py:213 | 
⛔ Not found: shop_unselected.PNG after 0.01s region=(0, 0, 765, 1038) confidence=0.8
2026-08-19 19:11:06 | INFO | my_functions.py:248 | [DEBUG] Buscando en paralelo: ['super_premium.PNG'] | timeout=0s | confidence=0.8
2026-08-19 19:11:06 | INFO | my_functions.py:282 | [DEBUG] Click skipped, ninguna de las imágenes se encontró en el intento.
2026-08-19 19:11:07 | INFO | my_functions.py:248 | [DEBUG] Buscando en paralelo: ['maybe_later.PNG'] | timeout=0s | confidence=0.8
2026-08-19 19:11:08 | INFO | my_functions.py:282 | [DEBUG] Click skipped, ninguna de las imágenes se encontró en el intento.
2026-08-19 19:11:09 | INFO | my_functions.py:248 | [DEBUG] Buscando en paralelo: ['maybe_later2.PNG'] | timeout=0s | confidence=0.8
2026-08-19 19:11:10 | INFO | my_functions.py:282 | [DEBUG] Click skipped, ninguna de las imágenes se encontró en el intento.
2026-08-19 19:11:11 | INFO | my_functions.py:169 | Searching go_to_shop.PNG (timeout=0s)
2026-08-19 19:11:12 | INFO | my_functions.py:213 | 
⛔ Not found: go_to_shop.PNG after 0.0s region=(0, 0, 765, 1038) confidence=0.8
2026-08-19 19:11:12 | INFO | my_functions.py:248 | [DEBUG] Buscando en paralelo: ['14_days_of_winterverse.PNG'] | timeout=0s | confidence=0.8
2026-08-19 19:11:12 | INFO | my_functions.py:282 | [DEBUG] Click skipped, ninguna de las imágenes se encontró en el intento.
2026-08-19 19:11:13 | INFO | my_functions.py:169 | Searching welcome_back_calendar.PNG (timeout=0s)
2026-08-19 19:11:14 | INFO | my_functions.py:213 | 
⛔ Not found: welcome_back_calendar.PNG after 0.0s region=(0, 0, 765, 1038) confidence=0.8
2026-08-19 19:11:14 | INFO | my_functions.py:248 | [DEBUG] Buscando en paralelo: ['start_the_countdown.PNG'] | timeout=0s | confidence=0.8
2026-08-19 19:11:14 | INFO | my_functions.py:282 | [DEBUG] Click skipped, ninguna de las imágenes se encontró en el intento.
2026-08-19 19:11:15 | INFO | my_functions.py:248 | [DEBUG] Buscando en paralelo: ['event_has_ended_sanctum.PNG'] | timeout=0s | confidence=0.8
2026-08-19 19:11:16 | INFO | my_functions.py:282 | [DEBUG] Click skipped, ninguna de las imágenes se encontró en el intento.
2026-08-19 19:11:17 | INFO | my_functions.py:248 | [DEBUG] Buscando en paralelo: ['event_has_ended_teamclash.PNG'] | timeout=0s | confidence=0.8
2026-08-19 19:11:18 | INFO | my_functions.py:282 | [DEBUG] Click skipped, ninguna de las imágenes se encontró en el intento.
2026-08-19 19:11:19 | INFO | my_functions.py:248 | [DEBUG] Buscando en paralelo: ['image_part_of_event_grand_arena_finished.PNG'] | timeout=0s | confidence=0.8
2026-08-19 19:11:19 | INFO | my_functions.py:282 | [DEBUG] Click skipped, ninguna de las imágenes se encontró en el intento.
2026-08-19 19:11:20 | INFO | my_functions.py:169 | Searching 28_day_event_login_rewards.PNG (timeout=0s)
2026-08-19 19:11:21 | INFO | my_functions.py:213 | 
⛔ Not found: 28_day_event_login_rewards.PNG after 0.0s region=(0, 0, 765, 1038) confidence=0.8
2026-08-19 19:11:21 | INFO | my_functions.py:169 | Searching 7_day_event_login.PNG (timeout=0s)
2026-08-19 19:11:21 | INFO | my_functions.py:213 | 
⛔ Not found: 7_day_event_login.PNG after 0.0s region=(0, 0, 765, 1038) confidence=0.8
2026-08-19 19:11:21 | INFO | my_functions.py:169 | Searching 14_days_event.PNG (timeout=0s)
2026-08-19 19:11:22 | INFO | my_functions.py:213 | 
⛔ Not found: 14_days_event.PNG after 0.0s region=(0, 0, 765, 1038) confidence=0.8
2026-08-19 19:11:22 | INFO | my_functions.py:248 | [DEBUG] Buscando en paralelo: ['lets_go.PNG'] | timeout=0s | confidence=0.8
2026-08-19 19:11:22 | INFO | my_functions.py:282 | [DEBUG] Click skipped, ninguna de las imágenes se encontró en el intento.
2026-08-19 19:11:24 | INFO | my_functions.py:169 | Searching shop_unselected.PNG (timeout=0s)
2026-08-19 19:11:25 | INFO | my_functions.py:213 | 
⛔ Not found: shop_unselected.PNG after 0.0s region=(0, 0, 765, 1038) confidence=0.8
2026-08-19 19:11:25 | INFO | my_functions.py:248 | [DEBUG] Buscando en paralelo: ['super_premium.PNG'] | timeout=0s | confidence=0.8
2026-08-19 19:11:26 | INFO | my_functions.py:282 | [DEBUG] Click skipped, ninguna de las imágenes se encontró en el intento.
2026-08-19 19:11:27 | INFO | my_functions.py:248 | [DEBUG] Buscando en paralelo: ['maybe_later.PNG'] | timeout=0s | confidence=0.8
2026-08-19 19:11:27 | INFO | my_functions.py:282 | [DEBUG] Click skipped, ninguna de las imágenes se encontró en el intento.
2026-08-19 19:11:28 | INFO | my_functions.py:248 | [DEBUG] Buscando en paralelo: ['maybe_later2.PNG'] | timeout=0s | confidence=0.8
2026-08-19 19:11:29 | INFO | my_functions.py:282 | [DEBUG] Click skipped, ninguna de las imágenes se encontró en el intento.
2026-08-19 19:11:30 | INFO | my_functions.py:169 | Searching go_to_shop.PNG (timeout=0s)
2026-08-19 19:11:31 | INFO | my_functions.py:213 | 
⛔ Not found: go_to_shop.PNG after 0.0s region=(0, 0, 765, 1038) confidence=0.8
2026-08-19 19:11:31 | INFO | my_functions.py:248 | [DEBUG] Buscando en paralelo: ['14_days_of_winterverse.PNG'] | timeout=0s | confidence=0.8
2026-08-19 19:11:31 | INFO | my_functions.py:282 | [DEBUG] Click skipped, ninguna de las imágenes se encontró en el intento.
2026-08-19 19:11:32 | INFO | my_functions.py:169 | Searching welcome_back_calendar.PNG (timeout=0s)
2026-08-19 19:11:33 | INFO | my_functions.py:213 | 
⛔ Not found: welcome_back_calendar.PNG after 0.0s region=(0, 0, 765, 1038) confidence=0.8
2026-08-19 19:11:33 | INFO | my_functions.py:248 | [DEBUG] Buscando en paralelo: ['start_the_countdown.PNG'] | timeout=0s | confidence=0.8
2026-08-19 19:11:33 | INFO | my_functions.py:282 | [DEBUG] Click skipped, ninguna de las imágenes se encontró en el intento.
2026-08-19 19:11:34 | INFO | my_functions.py:248 | [DEBUG] Buscando en paralelo: ['event_has_ended_sanctum.PNG'] | timeout=0s | confidence=0.8
2026-08-19 19:11:35 | INFO | my_functions.py:282 | [DEBUG] Click skipped, ninguna de las imágenes se encontró en el intento.
2026-08-19 19:11:36 | INFO | my_functions.py:248 | [DEBUG] Buscando en paralelo: ['event_has_ended_teamclash.PNG'] | timeout=0s | confidence=0.8
2026-08-19 19:11:37 | INFO | my_functions.py:282 | [DEBUG] Click skipped, ninguna de las imágenes se encontró en el intento.
2026-08-19 19:11:38 | INFO | my_functions.py:248 | [DEBUG] Buscando en paralelo: ['image_part_of_event_grand_arena_finished.PNG'] | timeout=0s | confidence=0.8
2026-08-19 19:11:39 | INFO | my_functions.py:282 | [DEBUG] Click skipped, ninguna de las imágenes se encontró en el intento.
2026-08-19 19:11:40 | INFO | my_functions.py:169 | Searching 28_day_event_login_rewards.PNG (timeout=0s)
2026-08-19 19:11:41 | INFO | my_functions.py:213 | 
⛔ Not found: 28_day_event_login_rewards.PNG after 0.49s region=(0, 0, 765, 1038) confidence=0.8
2026-08-19 19:11:41 | INFO | my_functions.py:169 | Searching 7_day_event_login.PNG (timeout=0s)
2026-08-19 19:11:41 | INFO | my_functions.py:213 | 
⛔ Not found: 7_day_event_login.PNG after 0.0s region=(0, 0, 765, 1038) confidence=0.8
2026-08-19 19:11:41 | INFO | my_functions.py:169 | Searching 14_days_event.PNG (timeout=0s)
2026-08-19 19:11:42 | INFO | my_functions.py:213 | 
⛔ Not found: 14_days_event.PNG after 0.01s region=(0, 0, 765, 1038) confidence=0.8
2026-08-19 19:11:42 | INFO | my_functions.py:248 | [DEBUG] Buscando en paralelo: ['lets_go.PNG'] | timeout=0s | confidence=0.8
2026-08-19 19:11:42 | INFO | my_functions.py:282 | [DEBUG] Click skipped, ninguna de las imágenes se encontró en el intento.
2026-08-19 19:11:44 | INFO | my_functions.py:169 | Searching shop_unselected.PNG (timeout=0s)
2026-08-19 19:11:45 | INFO | my_functions.py:213 | 
⛔ Not found: shop_unselected.PNG after 0.0s region=(0, 0, 765, 1038) confidence=0.8
2026-08-19 19:11:45 | INFO | my_functions.py:248 | [DEBUG] Buscando en paralelo: ['super_premium.PNG'] | timeout=0s | confidence=0.8
2026-08-19 19:11:45 | INFO | my_functions.py:282 | [DEBUG] Click skipped, ninguna de las imágenes se encontró en el intento.
2026-08-19 19:11:47 | INFO | my_functions.py:248 | [DEBUG] Buscando en paralelo: ['maybe_later.PNG'] | timeout=0s | confidence=0.8
2026-08-19 19:11:47 | INFO | my_functions.py:282 | [DEBUG] Click skipped, ninguna de las imágenes se encontró en el intento.
2026-08-19 19:11:48 | INFO | my_functions.py:248 | [DEBUG] Buscando en paralelo: ['maybe_later2.PNG'] | timeout=0s | confidence=0.8
2026-08-19 19:11:49 | INFO | my_functions.py:282 | [DEBUG] Click skipped, ninguna de las imágenes se encontró en el intento.
2026-08-19 19:11:50 | INFO | my_functions.py:169 | Searching go_to_shop.PNG (timeout=0s)
2026-08-19 19:11:51 | INFO | my_functions.py:213 | 
⛔ Not found: go_to_shop.PNG after 0.0s region=(0, 0, 765, 1038) confidence=0.8
2026-08-19 19:11:51 | INFO | my_functions.py:248 | [DEBUG] Buscando en paralelo: ['14_days_of_winterverse.PNG'] | timeout=0s | confidence=0.8
2026-08-19 19:11:51 | INFO | my_functions.py:282 | [DEBUG] Click skipped, ninguna de las imágenes se encontró en el intento.
2026-08-19 19:11:52 | INFO | my_functions.py:169 | Searching welcome_back_calendar.PNG (timeout=0s)
2026-08-19 19:11:53 | INFO | my_functions.py:213 | 
⛔ Not found: welcome_back_calendar.PNG after 0.0s region=(0, 0, 765, 1038) confidence=0.8
2026-08-19 19:11:53 | INFO | my_functions.py:248 | [DEBUG] Buscando en paralelo: ['start_the_countdown.PNG'] | timeout=0s | confidence=0.8
2026-08-19 19:11:53 | INFO | my_functions.py:282 | [DEBUG] Click skipped, ninguna de las imágenes se encontró en el intento.
2026-08-19 19:11:54 | INFO | my_functions.py:248 | [DEBUG] Buscando en paralelo: ['event_has_ended_sanctum.PNG'] | timeout=0s | confidence=0.8
2026-08-19 19:11:55 | INFO | my_functions.py:282 | [DEBUG] Click skipped, ninguna de las imágenes se encontró en el intento.
2026-08-19 19:11:56 | INFO | my_functions.py:248 | [DEBUG] Buscando en paralelo: ['event_has_ended_teamclash.PNG'] | timeout=0s | confidence=0.8
2026-08-19 19:11:57 | INFO | my_functions.py:282 | [DEBUG] Click skipped, ninguna de las imágenes se encontró en el intento.
2026-08-19 19:11:58 | INFO | my_functions.py:248 | [DEBUG] Buscando en paralelo: ['image_part_of_event_grand_arena_finished.PNG'] | timeout=0s | confidence=0.8
2026-08-19 19:11:58 | INFO | my_functions.py:282 | [DEBUG] Click skipped, ninguna de las imágenes se encontró en el intento.
2026-08-19 19:11:59 | INFO | my_functions.py:169 | Searching 28_day_event_login_rewards.PNG (timeout=0s)
2026-08-19 19:12:00 | INFO | my_functions.py:213 | 
⛔ Not found: 28_day_event_login_rewards.PNG after 0.0s region=(0, 0, 765, 1038) confidence=0.8
2026-08-19 19:12:00 | INFO | my_functions.py:169 | Searching 7_day_event_login.PNG (timeout=0s)
2026-08-19 19:12:00 | INFO | my_functions.py:213 | 
⛔ Not found: 7_day_event_login.PNG after 0.0s region=(0, 0, 765, 1038) confidence=0.8
2026-08-19 19:12:00 | INFO | my_functions.py:169 | Searching 14_days_event.PNG (timeout=0s)
2026-08-19 19:12:01 | INFO | my_functions.py:213 | 
⛔ Not found: 14_days_event.PNG after 0.0s region=(0, 0, 765, 1038) confidence=0.8
2026-08-19 19:12:01 | INFO | my_functions.py:248 | [DEBUG] Buscando en paralelo: ['lets_go.PNG'] | timeout=0s | confidence=0.8
2026-08-19 19:12:01 | INFO | my_functions.py:282 | [DEBUG] Click skipped, ninguna de las imágenes se encontró en el intento.
2026-08-19 19:12:03 | INFO | my_functions.py:169 | Searching shop_unselected.PNG (timeout=0s)
2026-08-19 19:12:04 | INFO | my_functions.py:213 | 
⛔ Not found: shop_unselected.PNG after 0.0s region=(0, 0, 765, 1038) confidence=0.8
2026-08-19 19:12:04 | INFO | my_functions.py:248 | [DEBUG] Buscando en paralelo: ['super_premium.PNG'] | timeout=0s | confidence=0.8
2026-08-19 19:12:05 | INFO | my_functions.py:282 | [DEBUG] Click skipped, ninguna de las imágenes se encontró en el intento.
2026-08-19 19:12:06 | INFO | my_functions.py:248 | [DEBUG] Buscando en paralelo: ['maybe_later.PNG'] | timeout=0s | confidence=0.8
2026-08-19 19:12:06 | INFO | my_functions.py:282 | [DEBUG] Click skipped, ninguna de las imágenes se encontró en el intento.
2026-08-19 19:12:08 | INFO | my_functions.py:248 | [DEBUG] Buscando en paralelo: ['maybe_later2.PNG'] | timeout=0s | confidence=0.8
2026-08-19 19:12:08 | INFO | my_functions.py:282 | [DEBUG] Click skipped, ninguna de las imágenes se encontró en el intento.
2026-08-19 19:12:09 | INFO | my_functions.py:169 | Searching go_to_shop.PNG (timeout=0s)
2026-08-19 19:12:10 | INFO | my_functions.py:213 | 
⛔ Not found: go_to_shop.PNG after 0.0s region=(0, 0, 765, 1038) confidence=0.8
2026-08-19 19:12:10 | INFO | my_functions.py:248 | [DEBUG] Buscando en paralelo: ['14_days_of_winterverse.PNG'] | timeout=0s | confidence=0.8
2026-08-19 19:12:10 | INFO | my_functions.py:282 | [DEBUG] Click skipped, ninguna de las imágenes se encontró en el intento.
2026-08-19 19:12:11 | INFO | my_functions.py:169 | Searching welcome_back_calendar.PNG (timeout=0s)
2026-08-19 19:12:12 | INFO | my_functions.py:213 | 
⛔ Not found: welcome_back_calendar.PNG after 0.0s region=(0, 0, 765, 1038) confidence=0.8
2026-08-19 19:12:12 | INFO | my_functions.py:248 | [DEBUG] Buscando en paralelo: ['start_the_countdown.PNG'] | timeout=0s | confidence=0.8
2026-08-19 19:12:12 | INFO | my_functions.py:282 | [DEBUG] Click skipped, ninguna de las imágenes se encontró en el intento.
2026-08-19 19:12:14 | INFO | my_functions.py:248 | [DEBUG] Buscando en paralelo: ['event_has_ended_sanctum.PNG'] | timeout=0s | confidence=0.8
2026-08-19 19:12:14 | INFO | my_functions.py:282 | [DEBUG] Click skipped, ninguna de las imágenes se encontró en el intento.
2026-08-19 19:12:15 | INFO | my_functions.py:248 | [DEBUG] Buscando en paralelo: ['event_has_ended_teamclash.PNG'] | timeout=0s | confidence=0.8
2026-08-19 19:12:16 | INFO | my_functions.py:282 | [DEBUG] Click skipped, ninguna de las imágenes se encontró en el intento.
2026-08-19 19:12:17 | INFO | my_functions.py:248 | [DEBUG] Buscando en paralelo: ['image_part_of_event_grand_arena_finished.PNG'] | timeout=0s | confidence=0.8
2026-08-19 19:12:18 | INFO | my_functions.py:282 | [DEBUG] Click skipped, ninguna de las imágenes se encontró en el intento.
2026-08-19 19:12:19 | INFO | my_functions.py:169 | Searching 28_day_event_login_rewards.PNG (timeout=0s)
2026-08-19 19:12:19 | INFO | my_functions.py:213 | 
⛔ Not found: 28_day_event_login_rewards.PNG after 0.0s region=(0, 0, 765, 1038) confidence=0.8
2026-08-19 19:12:19 | INFO | my_functions.py:169 | Searching 7_day_event_login.PNG (timeout=0s)
2026-08-19 19:12:20 | INFO | my_functions.py:213 | 
⛔ Not found: 7_day_event_login.PNG after 0.0s region=(0, 0, 765, 1038) confidence=0.8
2026-08-19 19:12:20 | INFO | my_functions.py:169 | Searching 14_days_event.PNG (timeout=0s)
2026-08-19 19:12:20 | INFO | my_functions.py:213 | 
⛔ Not found: 14_days_event.PNG after 0.0s region=(0, 0, 765, 1038) confidence=0.8
2026-08-19 19:12:20 | INFO | my_functions.py:248 | [DEBUG] Buscando en paralelo: ['lets_go.PNG'] | timeout=0s | confidence=0.8
2026-08-19 19:12:21 | INFO | my_functions.py:282 | [DEBUG] Click skipped, ninguna de las imágenes se encontró en el intento.
2026-08-19 19:12:23 | INFO | my_functions.py:169 | Searching shop_unselected.PNG (timeout=0s)
2026-08-19 19:12:23 | INFO | my_functions.py:213 | 
⛔ Not found: shop_unselected.PNG after 0.0s region=(0, 0, 765, 1038) confidence=0.8
2026-08-19 19:12:23 | INFO | my_functions.py:248 | [DEBUG] Buscando en paralelo: ['super_premium.PNG'] | timeout=0s | confidence=0.8
2026-08-19 19:12:24 | INFO | my_functions.py:282 | [DEBUG] Click skipped, ninguna de las imágenes se encontró en el intento.
2026-08-19 19:12:25 | INFO | my_functions.py:248 | [DEBUG] Buscando en paralelo: ['maybe_later.PNG'] | timeout=0s | confidence=0.8
2026-08-19 19:12:26 | INFO | my_functions.py:282 | [DEBUG] Click skipped, ninguna de las imágenes se encontró en el intento.
2026-08-19 19:12:27 | INFO | my_functions.py:248 | [DEBUG] Buscando en paralelo: ['maybe_later2.PNG'] | timeout=0s | confidence=0.8
2026-08-19 19:12:28 | INFO | my_functions.py:282 | [DEBUG] Click skipped, ninguna de las imágenes se encontró en el intento.
2026-08-19 19:12:29 | INFO | my_functions.py:169 | Searching go_to_shop.PNG (timeout=0s)
2026-08-19 19:12:29 | INFO | my_functions.py:213 | 
⛔ Not found: go_to_shop.PNG after 0.0s region=(0, 0, 765, 1038) confidence=0.8
2026-08-19 19:12:29 | INFO | my_functions.py:248 | [DEBUG] Buscando en paralelo: ['14_days_of_winterverse.PNG'] | timeout=0s | confidence=0.8
2026-08-19 19:12:30 | INFO | my_functions.py:282 | [DEBUG] Click skipped, ninguna de las imágenes se encontró en el intento.
2026-08-19 19:12:31 | INFO | my_functions.py:169 | Searching welcome_back_calendar.PNG (timeout=0s)
2026-08-19 19:12:32 | INFO | my_functions.py:213 | 
⛔ Not found: welcome_back_calendar.PNG after 0.49s region=(0, 0, 765, 1038) confidence=0.8
2026-08-19 19:12:32 | INFO | my_functions.py:248 | [DEBUG] Buscando en paralelo: ['start_the_countdown.PNG'] | timeout=0s | confidence=0.8
2026-08-19 19:12:32 | INFO | my_functions.py:282 | [DEBUG] Click skipped, ninguna de las imágenes se encontró en el intento.
2026-08-19 19:12:33 | INFO | my_functions.py:248 | [DEBUG] Buscando en paralelo: ['event_has_ended_sanctum.PNG'] | timeout=0s | confidence=0.8
2026-08-19 19:12:34 | INFO | my_functions.py:282 | [DEBUG] Click skipped, ninguna de las imágenes se encontró en el intento.
2026-08-19 19:12:35 | INFO | my_functions.py:248 | [DEBUG] Buscando en paralelo: ['event_has_ended_teamclash.PNG'] | timeout=0s | confidence=0.8
2026-08-19 19:12:36 | INFO | my_functions.py:282 | [DEBUG] Click skipped, ninguna de las imágenes se encontró en el intento.
2026-08-19 19:12:37 | INFO | my_functions.py:248 | [DEBUG] Buscando en paralelo: ['image_part_of_event_grand_arena_finished.PNG'] | timeout=0s | confidence=0.8
2026-08-19 19:12:37 | INFO | my_functions.py:282 | [DEBUG] Click skipped, ninguna de las imágenes se encontró en el intento.
2026-08-19 19:12:38 | INFO | my_functions.py:169 | Searching 28_day_event_login_rewards.PNG (timeout=0s)
2026-08-19 19:12:39 | INFO | my_functions.py:213 | 
⛔ Not found: 28_day_event_login_rewards.PNG after 0.0s region=(0, 0, 765, 1038) confidence=0.8
2026-08-19 19:12:39 | INFO | my_functions.py:169 | Searching 7_day_event_login.PNG (timeout=0s)
2026-08-19 19:12:39 | INFO | my_functions.py:213 | 
⛔ Not found: 7_day_event_login.PNG after 0.0s region=(0, 0, 765, 1038) confidence=0.8
2026-08-19 19:12:39 | INFO | my_functions.py:169 | Searching 14_days_event.PNG (timeout=0s)
2026-08-19 19:12:40 | INFO | my_functions.py:213 | 
⛔ Not found: 14_days_event.PNG after 0.0s region=(0, 0, 765, 1038) confidence=0.8
2026-08-19 19:12:40 | INFO | my_functions.py:248 | [DEBUG] Buscando en paralelo: ['lets_go.PNG'] | timeout=0s | confidence=0.8
2026-08-19 19:12:40 | INFO | my_functions.py:282 | [DEBUG] Click skipped, ninguna de las imágenes se encontró en el intento.
2026-08-19 19:12:45 | INFO | my_functions.py:169 | Searching play.PNG (timeout=0s)
2026-08-19 19:12:45 | INFO | my_functions.py:213 | 
⛔ Not found: play.PNG after 0.0s region=(0, 0, 765, 1038) confidence=0.8
2026-08-19 19:12:45 | INFO | each_eight_hours copy 2.py:89 | Deck selected: 6turns
2026-08-19 19:12:45 | INFO | my_functions.py:248 | [DEBUG] Buscando en paralelo: ['maybe_later.PNG'] | timeout=2s | confidence=0.8
2026-08-19 19:12:48 | INFO | my_functions.py:282 | [DEBUG] Click skipped, ninguna de las imágenes se encontró en el intento.
2026-08-19 19:12:49 | INFO | my_functions.py:248 | [DEBUG] Buscando en paralelo: ['maybe_later2.PNG'] | timeout=0.01s | confidence=0.8
2026-08-19 19:12:50 | INFO | my_functions.py:282 | [DEBUG] Click skipped, ninguna de las imágenes se encontró en el intento.
2026-08-19 19:12:51 | INFO | each_eight_hours copy 2.py:95 | Starting game loop 1
2026-08-19 19:12:51 | INFO | my_functions.py:248 | [DEBUG] Buscando en paralelo: ['play.PNG'] | timeout=20s | confidence=0.8
2026-08-19 19:13:12 | INFO | my_functions.py:282 | [DEBUG] Click skipped, ninguna de las imágenes se encontró en el intento.
2026-08-19 19:13:13 | INFO | my_functions.py:169 | Searching 28_day_event_login_rewards.PNG (timeout=0s)
2026-08-19 19:13:13 | INFO | my_functions.py:213 | 
⛔ Not found: 28_day_event_login_rewards.PNG after 0.0s region=(0, 0, 765, 1038) confidence=0.8
2026-08-19 19:13:15 | INFO | my_functions.py:169 | Searching hyper_cube.png (timeout=5s)
2026-08-19 19:13:21 | INFO | my_functions.py:213 | 
⛔ Not found: hyper_cube.png after 5.46s region=(0, 0, 765, 1038) confidence=0.8
2026-08-19 19:13:21 | INFO | each_eight_hours copy 2.py:95 | Starting game loop 2
2026-08-19 19:13:21 | INFO | my_functions.py:248 | [DEBUG] Buscando en paralelo: ['play.PNG'] | timeout=20s | confidence=0.8
2026-08-19 19:13:41 | INFO | my_functions.py:282 | [DEBUG] Click skipped, ninguna de las imágenes se encontró en el intento.
2026-08-19 19:13:43 | INFO | my_functions.py:169 | Searching 28_day_event_login_rewards.PNG (timeout=0s)
2026-08-19 19:13:43 | INFO | my_functions.py:213 | 
⛔ Not found: 28_day_event_login_rewards.PNG after 0.0s region=(0, 0, 765, 1038) confidence=0.8
2026-08-19 19:13:45 | INFO | my_functions.py:169 | Searching hyper_cube.png (timeout=5s)
2026-08-19 19:13:51 | INFO | my_functions.py:213 | 
⛔ Not found: hyper_cube.png after 5.07s region=(0, 0, 765, 1038) confidence=0.8
2026-08-19 19:13:51 | INFO | each_eight_hours copy 2.py:95 | Starting game loop 3
2026-08-19 19:13:51 | INFO | my_functions.py:248 | [DEBUG] Buscando en paralelo: ['play.PNG'] | timeout=20s | confidence=0.8
2026-08-19 19:14:11 | INFO | my_functions.py:282 | [DEBUG] Click skipped, ninguna de las imágenes se encontró en el intento.
2026-08-19 19:14:12 | INFO | my_functions.py:169 | Searching 28_day_event_login_rewards.PNG (timeout=0s)
2026-08-19 19:14:13 | INFO | my_functions.py:213 | 
⛔ Not found: 28_day_event_login_rewards.PNG after 0.0s region=(0, 0, 765, 1038) confidence=0.8
2026-08-19 19:14:15 | INFO | my_functions.py:169 | Searching hyper_cube.png (timeout=5s)
2026-08-19 19:14:20 | INFO | my_functions.py:213 | 
⛔ Not found: hyper_cube.png after 5.09s region=(0, 0, 765, 1038) confidence=0.8
2026-08-19 19:14:20 | INFO | my_functions.py:248 | [DEBUG] Buscando en paralelo: ['missionsNotify2.png'] | timeout=20s | confidence=0.8
2026-08-19 19:14:40 | INFO | my_functions.py:282 | [DEBUG] Click skipped, ninguna de las imágenes se encontró en el intento.
2026-08-19 19:14:42 | INFO | my_functions.py:1494 | [INFO] Iniciando click_missions_blue_2
2026-08-19 19:14:42 | INFO | my_functions.py:133 | Haciendo click en la posición (150, 132)
2026-08-19 19:14:43 | INFO | my_functions.py:1497 | [ACTION] Click hecho en icono de calendario que me dirige a las misiones ordinarias
2026-08-19 19:14:43 | INFO | my_functions.py:169 | Searching bonus_challenge.png (timeout=0s)
2026-08-19 19:14:43 | INFO | my_functions.py:213 | 
⛔ Not found: bonus_challenge.png after 0.0s region=(0, 0, 765, 1038) confidence=0.8
2026-08-19 19:14:43 | INFO | my_functions.py:1504 | [INFO] No se detectó bonus_challenge. Usando coordenada Y por defecto: 493
2026-08-19 19:14:43 | INFO | my_functions.py:1506 | [INFO] Esperando 2 segundos antes de iniciar clics...
2026-08-19 19:14:45 | INFO | my_functions.py:133 | Haciendo click en la posición (362, 493)
2026-08-19 19:14:47 | INFO | my_functions.py:1512 | [ACTION] Click 1/6 realizado en misión azul
2026-08-19 19:14:47 | INFO | my_functions.py:133 | Haciendo click en la posición (362, 493)
2026-08-19 19:14:48 | INFO | my_functions.py:1512 | [ACTION] Click 2/6 realizado en misión azul
2026-08-19 19:14:49 | INFO | my_functions.py:133 | Haciendo click en la posición (362, 493)
2026-08-19 19:14:50 | INFO | my_functions.py:1512 | [ACTION] Click 3/6 realizado en misión azul
2026-08-19 19:14:50 | INFO | my_functions.py:133 | Haciendo click en la posición (362, 493)
2026-08-19 19:14:52 | INFO | my_functions.py:1512 | [ACTION] Click 4/6 realizado en misión azul
2026-08-19 19:14:52 | INFO | my_functions.py:133 | Haciendo click en la posición (362, 493)
2026-08-19 19:14:53 | INFO | my_functions.py:1512 | [ACTION] Click 5/6 realizado en misión azul
2026-08-19 19:14:54 | INFO | my_functions.py:133 | Haciendo click en la posición (362, 493)
2026-08-19 19:14:55 | INFO | my_functions.py:1512 | [ACTION] Click 6/6 realizado en misión azul
2026-08-19 19:14:56 | INFO | my_functions.py:1516 | [CHECK] Verificando si apareció flechita_mission tras los 6 clicks
2026-08-19 19:14:56 | INFO | my_functions.py:169 | Searching flechita_mission.PNG (timeout=0s)
2026-08-19 19:14:57 | INFO | my_functions.py:213 | 
⛔ Not found: flechita_mission.PNG after 0.01s region=(0, 0, 765, 1038) confidence=0.8
2026-08-19 19:14:57 | INFO | my_functions.py:1521 | [INFO] No se detectó flechita_mission
2026-08-19 19:14:57 | INFO | my_functions.py:1523 | [INFO] Función click_blue_missions_2 terminada
2026-08-19 19:14:57 | INFO | my_functions.py:248 | [DEBUG] Buscando en paralelo: ['weekly3.PNG'] | timeout=0s | confidence=0.8
2026-08-19 19:14:58 | INFO | my_functions.py:282 | [DEBUG] Click skipped, ninguna de las imágenes se encontró en el intento.
2026-08-19 19:14:59 | INFO | my_functions.py:133 | Haciendo click en la posición (557, 64)
2026-08-19 19:15:00 | INFO | my_functions.py:248 | [DEBUG] Buscando en paralelo: ['cards_shop.PNG'] | timeout=20s | confidence=0.8
2026-08-19 19:15:21 | INFO | my_functions.py:282 | [DEBUG] Click skipped, ninguna de las imágenes se encontró en el intento.
2026-08-19 19:15:22 | INFO | my_functions.py:248 | [DEBUG] Buscando en paralelo: ['token_icon.PNG'] | timeout=20s | confidence=0.8
2026-08-19 19:15:42 | INFO | my_functions.py:282 | [DEBUG] Click skipped, ninguna de las imágenes se encontró en el intento.
2026-08-19 19:15:45 | INFO | my_functions.py:248 | [DEBUG] Buscando en paralelo: ['claim!_token_3.PNG'] | timeout=4s | confidence=0.8
2026-08-19 19:15:49 | INFO | my_functions.py:282 | [DEBUG] Click skipped, ninguna de las imágenes se encontró en el intento.
2026-08-19 19:15:51 | INFO | my_functions.py:248 | [DEBUG] Buscando en paralelo: ['cards_shop.PNG'] | timeout=20s | confidence=0.8
2026-08-19 19:16:11 | INFO | my_functions.py:282 | [DEBUG] Click skipped, ninguna de las imágenes se encontró en el intento.
2026-08-19 19:16:12 | INFO | my_functions.py:248 | [DEBUG] Buscando en paralelo: ['offers.PNG'] | timeout=20s | confidence=0.8
2026-08-19 19:16:32 | INFO | my_functions.py:282 | [DEBUG] Click skipped, ninguna de las imágenes se encontró en el intento.
2026-08-19 19:16:33 | INFO | my_functions.py:1350 | [INFO] Iniciando mejora de cartas
2026-08-19 19:16:33 | INFO | my_functions.py:248 | [DEBUG] Buscando en paralelo: ['upgrade_cards_icon.PNG'] | timeout=3s | confidence=0.8
2026-08-19 19:16:37 | INFO | my_functions.py:282 | [DEBUG] Click skipped, ninguna de las imágenes se encontró en el intento.
2026-08-19 19:16:38 | WARNING | my_functions.py:1354 | [ALERT] No se encontró el ícono de upgrade_cards. Saltando función.
2026-08-19 19:16:38 | INFO | my_functions.py:141 | Presionando ESC (1/1)
2026-08-19 19:16:38 | INFO | my_functions.py:248 | [DEBUG] Buscando en paralelo: ['white_x.png'] | timeout=2s | confidence=0.8
2026-08-19 19:16:41 | INFO | my_functions.py:282 | [DEBUG] Click skipped, ninguna de las imágenes se encontró en el intento.
2026-08-19 19:16:42 | INFO | each_eight_hours copy 2.py:37 | [19:16:42.601] [DEBUG] === INICIANDO FUNCIÓN collect_cl_rewards ===
2026-08-19 19:16:42 | INFO | each_eight_hours copy 2.py:37 | [19:16:42.607] [DEBUG] Haciendo click inicial en (387, 166)...
2026-08-19 19:16:42 | INFO | my_functions.py:133 | Haciendo click en la posición (387, 166)
2026-08-19 19:16:48 | INFO | each_eight_hours copy 2.py:37 | [19:16:48.958] [DEBUG] Se omitió el cambio de tamaño de ventanas (resize=False)
2026-08-19 19:16:48 | INFO | each_eight_hours copy 2.py:37 | [19:16:48.977] [DEBUG] Recompensas iniciales detectadas por la API: 0
2026-08-19 19:16:48 | INFO | each_eight_hours copy 2.py:37 | Finished collecting rewards
2026-08-19 19:16:49 | INFO | my_functions.py:141 | Presionando ESC (1/1)
2026-08-19 19:16:50 | ERROR | my_functions.py:1840 | Error leyendo nivel de colección: 'Amount'
2026-08-19 19:16:50 | ERROR | each_eight_hours copy 2.py:237 | Unhandled exception occurred
Traceback (most recent call last):
  File "Z:\SHARED FILES VM\MS\each_eight_hours copy 2.py", line 201, in <module>
    'Collection Level': f"{get_collection_level():,}",
                        ^^^^^^^^^^^^^^^^^^^^^^^^^^^^^
ValueError: Cannot specify ',' with 's'.
