2026-08-16 04:38:29 | INFO | my_functions.py:55 | ⏳ Esperando WebSocket de OBS...
2026-08-16 04:38:39 | INFO | baseclient.py:33 | Connecting with parameters: host='localhost' port=4455 password='' subs=0 timeout=None
2026-08-16 04:38:39 | INFO | reqs.py:23 | Successfully identified ReqClient with the server using RPC version:1
2026-08-16 04:38:39 | INFO | my_functions.py:61 | ✅ Conectado al OBS WebSocket
2026-08-16 04:38:39 | ERROR | reqs.py:59 | OBSSDKRequestError: Request GetRecordStatus returned code 207. With message: OBS is not ready to perform the request.
Traceback (most recent call last):
  File "C:\Users\Farm\AppData\Local\Programs\Python\Python311\Lib\site-packages\obsws_python\reqs.py", line 53, in send
    raise OBSSDKRequestError(
obsws_python.error.OBSSDKRequestError: Request GetRecordStatus returned code 207. With message: OBS is not ready to perform the request.
2026-08-16 04:38:40 | INFO | my_functions.py:86 | 🎬 Grabación iniciada
2026-08-16 04:38:41 | INFO | each_eight_hours copy 2.py:68 | snap.exe terminated if it was running
2026-08-16 04:38:41 | INFO | my_functions.py:1577 | ⏱ Esperando 0.1 segundos antes de empezar...
2026-08-16 04:38:41 | INFO | my_functions.py:1584 | 🔍 Esperando ventana que contenga alguna de: ['py', 'eight_hours'] (máx 20s)
2026-08-16 04:38:41 | INFO | my_functions.py:1596 | ✅ Ventana encontrada: 'each_eight_hours copy 2 - Acceso directo'
2026-08-16 04:38:41 | INFO | my_functions.py:1611 | ✅ Ventana seleccionada: 'each_eight_hours copy 2 - Acceso directo'
2026-08-16 04:38:43 | INFO | my_functions.py:1634 | 🔁 Reajuste #1...
2026-08-16 04:38:43 | INFO | my_functions.py:1641 | ✔ Verificación completa. Se hicieron 1 reajustes.
2026-08-16 04:38:43 | INFO | each_eight_hours copy 2.py:73 | Processing account: robert
2026-08-16 04:38:43 | INFO | my_functions.py:1577 | ⏱ Esperando 0.1 segundos antes de empezar...
2026-08-16 04:38:44 | INFO | my_functions.py:1584 | 🔍 Esperando ventana que contenga alguna de: ['SNAP'] (máx 20s)
2026-08-16 04:38:50 | INFO | my_functions.py:1596 | ✅ Ventana encontrada: 'SNAP'
2026-08-16 04:38:50 | INFO | my_functions.py:1611 | ✅ Ventana seleccionada: 'SNAP'
2026-08-16 04:38:52 | INFO | my_functions.py:1643 | ✔ Verificación completa. No hubo cambios después del primer ajuste.
2026-08-16 04:38:53 | INFO | my_functions.py:1206 | [DEBUG] Resizing SNAP window...
2026-08-16 04:38:53 | INFO | my_functions.py:1577 | ⏱ Esperando 0.1 segundos antes de empezar...
2026-08-16 04:38:53 | INFO | my_functions.py:1584 | 🔍 Esperando ventana que contenga alguna de: ['SNAP'] (máx 20s)
2026-08-16 04:38:53 | INFO | my_functions.py:1596 | ✅ Ventana encontrada: 'SNAP'
2026-08-16 04:38:53 | INFO | my_functions.py:1611 | ✅ Ventana seleccionada: 'SNAP'
2026-08-16 04:39:00 | INFO | my_functions.py:1643 | ✔ Verificación completa. No hubo cambios después del primer ajuste.
2026-08-16 04:39:00 | INFO | my_functions.py:248 | [DEBUG] Buscando en paralelo: ['small_submit.PNG', 'small_submit_hover.png', 'submit_hover_2.png', 'small_submit_hover_2.png'] | timeout=90s | confidence=0.8
2026-08-16 04:39:15 | INFO | my_functions.py:133 | Haciendo click en la posición (380, 642)
2026-08-16 04:39:16 | INFO | my_functions.py:270 | 🖱️ Click OK (En paralelo): small_submit.PNG at (380, 642) delay=0.2s
2026-08-16 04:39:19 | INFO | my_functions.py:248 | [DEBUG] Buscando en paralelo: ['small_submit.PNG', 'small_submit_hover.png', 'submit_hover_2.png', 'small_submit_hover_2.png'] | timeout=20s | confidence=0.8
2026-08-16 04:39:20 | INFO | my_functions.py:133 | Haciendo click en la posición (380, 721)
2026-08-16 04:39:20 | INFO | my_functions.py:270 | 🖱️ Click OK (En paralelo): small_submit.PNG at (380, 721) delay=0.2s
2026-08-16 04:39:21 | INFO | my_functions.py:1577 | ⏱ Esperando 0.1 segundos antes de empezar...
2026-08-16 04:39:22 | INFO | my_functions.py:1584 | 🔍 Esperando ventana que contenga alguna de: ['SNAP'] (máx 20s)
2026-08-16 04:39:22 | INFO | my_functions.py:1596 | ✅ Ventana encontrada: 'SNAP'
2026-08-16 04:39:22 | INFO | my_functions.py:1611 | ✅ Ventana seleccionada: 'SNAP'
2026-08-16 04:39:24 | INFO | my_functions.py:1634 | 🔁 Reajuste #1...
2026-08-16 04:39:25 | INFO | my_functions.py:1641 | ✔ Verificación completa. Se hicieron 1 reajustes.
2026-08-16 04:39:25 | INFO | my_functions.py:169 | Searching please_sign.png (timeout=0s)
2026-08-16 04:39:25 | INFO | my_functions.py:199 | 
✅ Found: please_sign.png pos=(383, 438) time=0.53s confidence=0.8
2026-08-16 04:39:25 | INFO | my_functions.py:248 | [DEBUG] Buscando en paralelo: ['ok_btn.png'] | timeout=20s | confidence=0.8
2026-08-16 04:39:27 | INFO | my_functions.py:133 | Haciendo click en la posición (382, 634)
2026-08-16 04:39:27 | INFO | my_functions.py:270 | 🖱️ Click OK (En paralelo): ok_btn.png at (382, 634) delay=1s
2026-08-16 04:39:28 | INFO | my_functions.py:248 | [DEBUG] Buscando en paralelo: ['small_submit.PNG', 'small_submit_hover.png', 'submit_hover_2.png', 'small_submit_hover_2.png'] | timeout=30s | confidence=0.8
2026-08-16 04:39:31 | INFO | my_functions.py:133 | Haciendo click en la posición (383, 643)
2026-08-16 04:39:31 | INFO | my_functions.py:270 | 🖱️ Click OK (En paralelo): small_submit_hover_2.png at (383, 643) delay=0.2s
2026-08-16 04:39:32 | INFO | my_functions.py:248 | [DEBUG] Buscando en paralelo: ['small_submit.PNG', 'small_submit_hover.png', 'submit_hover_2.png', 'small_submit_hover_2.png'] | timeout=20s | confidence=0.8
2026-08-16 04:39:34 | INFO | my_functions.py:133 | Haciendo click en la posición (380, 721)
2026-08-16 04:39:34 | INFO | my_functions.py:270 | 🖱️ Click OK (En paralelo): small_submit.PNG at (380, 721) delay=0.2s
2026-08-16 04:39:35 | INFO | my_functions.py:248 | [DEBUG] Buscando en paralelo: ['sign_in_with_google2.PNG'] | timeout=20s | confidence=0.8
2026-08-16 04:39:37 | INFO | my_functions.py:133 | Haciendo click en la posición (406, 957)
2026-08-16 04:39:37 | INFO | my_functions.py:270 | 🖱️ Click OK (En paralelo): sign_in_with_google2.PNG at (406, 957) delay=1s
2026-08-16 04:39:37 | INFO | my_functions.py:169 | Searching pagina_cargada.png (timeout=60s)
2026-08-16 04:39:45 | INFO | my_functions.py:199 | 
✅ Found: pagina_cargada.png pos=(70, 24) time=8.36s confidence=0.8
2026-08-16 04:39:48 | INFO | my_functions.py:248 | [DEBUG] Buscando en paralelo: ['robert.png'] | timeout=0s | confidence=0.8
2026-08-16 04:39:52 | INFO | my_functions.py:133 | Haciendo click en la posición (1152, 794)
2026-08-16 04:39:52 | INFO | my_functions.py:270 | 🖱️ Click OK (En paralelo): robert.png at (1152, 794) delay=3s
2026-08-16 04:39:53 | INFO | my_functions.py:169 | Searching marvelsnap_web.png (timeout=30s)
2026-08-16 04:39:59 | INFO | my_functions.py:199 | 
✅ Found: marvelsnap_web.png pos=(258, 80) time=6.55s confidence=0.7
2026-08-16 04:40:00 | INFO | my_functions.py:169 | Searching shop_unselected.PNG (timeout=0s)
2026-08-16 04:40:01 | INFO | my_functions.py:213 | 
⛔ Not found: shop_unselected.PNG after 0.0s region=(0, 0, 765, 1038) confidence=0.8
2026-08-16 04:40:01 | INFO | my_functions.py:248 | [DEBUG] Buscando en paralelo: ['super_premium.PNG'] | timeout=0s | confidence=0.8
2026-08-16 04:40:01 | INFO | my_functions.py:282 | [DEBUG] Click skipped, ninguna de las imágenes se encontró en el intento.
2026-08-16 04:40:02 | INFO | my_functions.py:248 | [DEBUG] Buscando en paralelo: ['maybe_later.PNG'] | timeout=0s | confidence=0.8
2026-08-16 04:40:03 | INFO | my_functions.py:282 | [DEBUG] Click skipped, ninguna de las imágenes se encontró en el intento.
2026-08-16 04:40:04 | INFO | my_functions.py:248 | [DEBUG] Buscando en paralelo: ['maybe_later2.PNG'] | timeout=0s | confidence=0.8
2026-08-16 04:40:05 | INFO | my_functions.py:282 | [DEBUG] Click skipped, ninguna de las imágenes se encontró en el intento.
2026-08-16 04:40:06 | INFO | my_functions.py:169 | Searching go_to_shop.PNG (timeout=0s)
2026-08-16 04:40:07 | INFO | my_functions.py:213 | 
⛔ Not found: go_to_shop.PNG after 0.0s region=(0, 0, 765, 1038) confidence=0.8
2026-08-16 04:40:07 | INFO | my_functions.py:248 | [DEBUG] Buscando en paralelo: ['14_days_of_winterverse.PNG'] | timeout=0s | confidence=0.8
2026-08-16 04:40:07 | INFO | my_functions.py:282 | [DEBUG] Click skipped, ninguna de las imágenes se encontró en el intento.
2026-08-16 04:40:08 | INFO | my_functions.py:169 | Searching welcome_back_calendar.PNG (timeout=0s)
2026-08-16 04:40:09 | INFO | my_functions.py:213 | 
⛔ Not found: welcome_back_calendar.PNG after 0.0s region=(0, 0, 765, 1038) confidence=0.8
2026-08-16 04:40:09 | INFO | my_functions.py:248 | [DEBUG] Buscando en paralelo: ['start_the_countdown.PNG'] | timeout=0s | confidence=0.8
2026-08-16 04:40:09 | INFO | my_functions.py:282 | [DEBUG] Click skipped, ninguna de las imágenes se encontró en el intento.
2026-08-16 04:40:11 | INFO | my_functions.py:248 | [DEBUG] Buscando en paralelo: ['event_has_ended_sanctum.PNG'] | timeout=0s | confidence=0.8
2026-08-16 04:40:11 | INFO | my_functions.py:282 | [DEBUG] Click skipped, ninguna de las imágenes se encontró en el intento.
2026-08-16 04:40:12 | INFO | my_functions.py:248 | [DEBUG] Buscando en paralelo: ['event_has_ended_teamclash.PNG'] | timeout=0s | confidence=0.8
2026-08-16 04:40:13 | INFO | my_functions.py:282 | [DEBUG] Click skipped, ninguna de las imágenes se encontró en el intento.
2026-08-16 04:40:14 | INFO | my_functions.py:248 | [DEBUG] Buscando en paralelo: ['image_part_of_event_grand_arena_finished.PNG'] | timeout=0s | confidence=0.8
2026-08-16 04:40:15 | INFO | my_functions.py:282 | [DEBUG] Click skipped, ninguna de las imágenes se encontró en el intento.
2026-08-16 04:40:16 | INFO | my_functions.py:169 | Searching 28_day_event_login_rewards.PNG (timeout=0s)
2026-08-16 04:40:16 | INFO | my_functions.py:213 | 
⛔ Not found: 28_day_event_login_rewards.PNG after 0.0s region=(0, 0, 765, 1038) confidence=0.8
2026-08-16 04:40:16 | INFO | my_functions.py:169 | Searching 7_day_event_login.PNG (timeout=0s)
2026-08-16 04:40:17 | INFO | my_functions.py:213 | 
⛔ Not found: 7_day_event_login.PNG after 0.0s region=(0, 0, 765, 1038) confidence=0.8
2026-08-16 04:40:17 | INFO | my_functions.py:169 | Searching 14_days_event.PNG (timeout=0s)
2026-08-16 04:40:17 | INFO | my_functions.py:213 | 
⛔ Not found: 14_days_event.PNG after 0.01s region=(0, 0, 765, 1038) confidence=0.8
2026-08-16 04:40:17 | INFO | my_functions.py:248 | [DEBUG] Buscando en paralelo: ['lets_go.PNG'] | timeout=0s | confidence=0.8
2026-08-16 04:40:18 | INFO | my_functions.py:282 | [DEBUG] Click skipped, ninguna de las imágenes se encontró en el intento.
2026-08-16 04:40:20 | INFO | my_functions.py:169 | Searching shop_unselected.PNG (timeout=0s)
2026-08-16 04:40:21 | INFO | my_functions.py:213 | 
⛔ Not found: shop_unselected.PNG after 0.76s region=(0, 0, 765, 1038) confidence=0.8
2026-08-16 04:40:21 | INFO | my_functions.py:248 | [DEBUG] Buscando en paralelo: ['super_premium.PNG'] | timeout=0s | confidence=0.8
2026-08-16 04:40:23 | INFO | my_functions.py:133 | Haciendo click en la posición (480, 777)
2026-08-16 04:40:23 | INFO | my_functions.py:270 | 🖱️ Click OK (En paralelo): super_premium.PNG at (480, 777) delay=1s
2026-08-16 04:40:24 | INFO | my_functions.py:141 | Presionando ESC (1/1)
2026-08-16 04:40:33 | INFO | my_functions.py:169 | Searching shop_unselected.PNG (timeout=0s)
2026-08-16 04:40:34 | INFO | my_functions.py:199 | 
✅ Found: shop_unselected.PNG pos=(88, 961) time=0.75s confidence=0.8
2026-08-16 04:40:34 | INFO | my_functions.py:714 | Ya esta listo
2026-08-16 04:40:38 | INFO | my_functions.py:169 | Searching play.PNG (timeout=0s)
2026-08-16 04:40:39 | INFO | my_functions.py:199 | 
✅ Found: play.PNG pos=(384, 826) time=0.61s confidence=0.8
2026-08-16 04:40:39 | INFO | my_functions.py:1439 | [INFO] Click realizado donde se equipa el deck a jugar
2026-08-16 04:40:43 | INFO | my_functions.py:248 | [DEBUG] Buscando en paralelo: ['deck_666666.png'] | timeout=3s | confidence=0.8
2026-08-16 04:40:45 | INFO | my_functions.py:133 | Haciendo click en la posición (234, 702)
2026-08-16 04:40:45 | INFO | my_functions.py:270 | 🖱️ Click OK (En paralelo): deck_666666.png at (234, 702) delay=1s
2026-08-16 04:40:46 | INFO | my_functions.py:248 | [DEBUG] Buscando en paralelo: ['equip.png'] | timeout=3s | confidence=0.95
2026-08-16 04:40:48 | INFO | my_functions.py:133 | Haciendo click en la posición (548, 983)
2026-08-16 04:40:48 | INFO | my_functions.py:270 | 🖱️ Click OK (En paralelo): equip.png at (548, 983) delay=1s
2026-08-16 04:40:49 | INFO | each_eight_hours copy 2.py:89 | Deck selected: 6turns
2026-08-16 04:40:49 | INFO | my_functions.py:248 | [DEBUG] Buscando en paralelo: ['maybe_later.PNG'] | timeout=2s | confidence=0.8
2026-08-16 04:40:51 | INFO | my_functions.py:282 | [DEBUG] Click skipped, ninguna de las imágenes se encontró en el intento.
2026-08-16 04:40:52 | INFO | my_functions.py:248 | [DEBUG] Buscando en paralelo: ['maybe_later2.PNG'] | timeout=0.01s | confidence=0.8
2026-08-16 04:40:53 | INFO | my_functions.py:282 | [DEBUG] Click skipped, ninguna de las imágenes se encontró en el intento.
2026-08-16 04:40:54 | INFO | each_eight_hours copy 2.py:95 | Starting game loop 1
2026-08-16 04:40:54 | INFO | my_functions.py:248 | [DEBUG] Buscando en paralelo: ['play.PNG'] | timeout=20s | confidence=0.8
2026-08-16 04:40:58 | INFO | my_functions.py:133 | Haciendo click en la posición (384, 824)
2026-08-16 04:40:58 | INFO | my_functions.py:270 | 🖱️ Click OK (En paralelo): play.PNG at (384, 824) delay=3s
2026-08-16 04:41:02 | INFO | my_functions.py:169 | Searching failed_to_join_game_error.png (timeout=0s)
2026-08-16 04:41:03 | INFO | my_functions.py:213 | 
⛔ Not found: failed_to_join_game_error.png after 0.0s region=(0, 0, 765, 1038) confidence=0.8
2026-08-16 04:41:06 | INFO | my_functions.py:169 | Searching failed_to_join_game_error.png (timeout=0s)
2026-08-16 04:41:07 | INFO | my_functions.py:213 | 
⛔ Not found: failed_to_join_game_error.png after 0.0s region=(0, 0, 765, 1038) confidence=0.8
2026-08-16 04:41:11 | INFO | my_functions.py:169 | Searching failed_to_join_game_error.png (timeout=0s)
2026-08-16 04:41:11 | INFO | my_functions.py:213 | 
⛔ Not found: failed_to_join_game_error.png after 0.0s region=(0, 0, 765, 1038) confidence=0.8
2026-08-16 04:41:14 | INFO | my_functions.py:169 | Searching failed_to_join_game_error.png (timeout=0s)
2026-08-16 04:41:15 | INFO | my_functions.py:213 | 
⛔ Not found: failed_to_join_game_error.png after 0.0s region=(0, 0, 765, 1038) confidence=0.8
2026-08-16 04:41:16 | INFO | my_functions.py:199 | 
✅ Found: end_turn.PNG pos=(681, 945) time=0.66s confidence=0.8
2026-08-16 04:41:16 | INFO | my_functions.py:248 | [DEBUG] Buscando en paralelo: ['snap.PNG'] | timeout=0s | confidence=0.8
2026-08-16 04:41:18 | INFO | my_functions.py:133 | Haciendo click en la posición (386, 122)
2026-08-16 04:41:18 | INFO | my_functions.py:270 | 🖱️ Click OK (En paralelo): snap.PNG at (386, 122) delay=1s
2026-08-16 04:41:25 | INFO | my_functions.py:248 | [DEBUG] Buscando en paralelo: ['end_turn.PNG'] | timeout=0s | confidence=0.8
2026-08-16 04:41:26 | INFO | my_functions.py:133 | Haciendo click en la posición (682, 946)
2026-08-16 04:41:27 | INFO | my_functions.py:270 | 🖱️ Click OK (En paralelo): end_turn.PNG at (682, 946) delay=1s
2026-08-16 04:41:28 | INFO | each_eight_hours copy 2.py:108 | End turn executed
2026-08-16 04:41:30 | INFO | my_functions.py:169 | Searching failed_to_join_game_error.png (timeout=0s)
2026-08-16 04:41:30 | INFO | my_functions.py:213 | 
⛔ Not found: failed_to_join_game_error.png after 0.0s region=(0, 0, 765, 1038) confidence=0.8
2026-08-16 04:41:34 | INFO | my_functions.py:169 | Searching failed_to_join_game_error.png (timeout=0s)
2026-08-16 04:41:34 | INFO | my_functions.py:213 | 
⛔ Not found: failed_to_join_game_error.png after 0.0s region=(0, 0, 765, 1038) confidence=0.8
2026-08-16 04:41:37 | INFO | my_functions.py:169 | Searching failed_to_join_game_error.png (timeout=0s)
2026-08-16 04:41:38 | INFO | my_functions.py:213 | 
⛔ Not found: failed_to_join_game_error.png after 0.0s region=(0, 0, 765, 1038) confidence=0.8
2026-08-16 04:41:40 | INFO | my_functions.py:199 | 
✅ Found: end_turn.PNG pos=(681, 945) time=0.69s confidence=0.8
2026-08-16 04:41:40 | INFO | my_functions.py:248 | [DEBUG] Buscando en paralelo: ['snap.PNG'] | timeout=0s | confidence=0.8
2026-08-16 04:41:40 | INFO | my_functions.py:282 | [DEBUG] Click skipped, ninguna de las imágenes se encontró en el intento.
2026-08-16 04:41:47 | INFO | my_functions.py:248 | [DEBUG] Buscando en paralelo: ['end_turn.PNG'] | timeout=0s | confidence=0.8
2026-08-16 04:41:49 | INFO | my_functions.py:133 | Haciendo click en la posición (682, 945)
2026-08-16 04:41:49 | INFO | my_functions.py:270 | 🖱️ Click OK (En paralelo): end_turn.PNG at (682, 945) delay=1s
2026-08-16 04:41:50 | INFO | each_eight_hours copy 2.py:108 | End turn executed
2026-08-16 04:41:51 | INFO | my_functions.py:169 | Searching failed_to_join_game_error.png (timeout=0s)
2026-08-16 04:43:19 | INFO | my_functions.py:213 | 
⛔ Not found: failed_to_join_game_error.png after 10.65s region=(0, 0, 765, 1038) confidence=0.8
2026-08-16 04:43:31 | INFO | my_functions.py:169 | Searching failed_to_join_game_error.png (timeout=0s)
2026-08-16 04:43:32 | INFO | my_functions.py:213 | 
⛔ Not found: failed_to_join_game_error.png after 0.0s region=(0, 0, 765, 1038) confidence=0.8
2026-08-16 04:43:37 | INFO | my_functions.py:169 | Searching failed_to_join_game_error.png (timeout=0s)
2026-08-16 04:43:38 | INFO | my_functions.py:213 | 
⛔ Not found: failed_to_join_game_error.png after 0.0s region=(0, 0, 765, 1038) confidence=0.8
2026-08-16 04:43:44 | INFO | my_functions.py:169 | Searching failed_to_join_game_error.png (timeout=0s)
2026-08-16 04:43:46 | INFO | my_functions.py:213 | 
⛔ Not found: failed_to_join_game_error.png after 1.52s region=(0, 0, 765, 1038) confidence=0.8
2026-08-16 04:43:51 | INFO | my_functions.py:169 | Searching failed_to_join_game_error.png (timeout=0s)
2026-08-16 04:43:51 | INFO | my_functions.py:213 | 
⛔ Not found: failed_to_join_game_error.png after 0.0s region=(0, 0, 765, 1038) confidence=0.8
2026-08-16 04:43:55 | INFO | my_functions.py:169 | Searching failed_to_join_game_error.png (timeout=0s)
2026-08-16 04:43:56 | INFO | my_functions.py:213 | 
⛔ Not found: failed_to_join_game_error.png after 0.0s region=(0, 0, 765, 1038) confidence=0.8
2026-08-16 04:43:58 | INFO | my_functions.py:199 | 
✅ Found: end_turn.PNG pos=(681, 945) time=1.01s confidence=0.8
2026-08-16 04:43:58 | INFO | my_functions.py:248 | [DEBUG] Buscando en paralelo: ['snap.PNG'] | timeout=0s | confidence=0.8
2026-08-16 04:43:59 | INFO | my_functions.py:282 | [DEBUG] Click skipped, ninguna de las imágenes se encontró en el intento.
2026-08-16 04:44:05 | INFO | my_functions.py:248 | [DEBUG] Buscando en paralelo: ['end_turn.PNG'] | timeout=0s | confidence=0.8
2026-08-16 04:44:07 | INFO | my_functions.py:133 | Haciendo click en la posición (682, 945)
2026-08-16 04:44:07 | INFO | my_functions.py:270 | 🖱️ Click OK (En paralelo): end_turn.PNG at (682, 945) delay=1s
2026-08-16 04:44:08 | INFO | each_eight_hours copy 2.py:108 | End turn executed
2026-08-16 04:44:11 | INFO | my_functions.py:169 | Searching failed_to_join_game_error.png (timeout=0s)
2026-08-16 04:44:11 | INFO | my_functions.py:213 | 
⛔ Not found: failed_to_join_game_error.png after 0.0s region=(0, 0, 765, 1038) confidence=0.8
2026-08-16 04:44:15 | INFO | my_functions.py:169 | Searching failed_to_join_game_error.png (timeout=0s)
2026-08-16 04:44:15 | INFO | my_functions.py:213 | 
⛔ Not found: failed_to_join_game_error.png after 0.0s region=(0, 0, 765, 1038) confidence=0.8
2026-08-16 04:44:19 | INFO | my_functions.py:169 | Searching failed_to_join_game_error.png (timeout=0s)
2026-08-16 04:44:20 | INFO | my_functions.py:213 | 
⛔ Not found: failed_to_join_game_error.png after 0.0s region=(0, 0, 765, 1038) confidence=0.8
2026-08-16 04:44:21 | INFO | my_functions.py:199 | 
✅ Found: end_turn.PNG pos=(681, 945) time=0.72s confidence=0.8
2026-08-16 04:44:21 | INFO | my_functions.py:248 | [DEBUG] Buscando en paralelo: ['snap.PNG'] | timeout=0s | confidence=0.8
2026-08-16 04:44:22 | INFO | my_functions.py:282 | [DEBUG] Click skipped, ninguna de las imágenes se encontró en el intento.
2026-08-16 04:44:28 | INFO | my_functions.py:248 | [DEBUG] Buscando en paralelo: ['end_turn.PNG'] | timeout=0s | confidence=0.8
2026-08-16 04:44:30 | INFO | my_functions.py:133 | Haciendo click en la posición (682, 945)
2026-08-16 04:44:30 | INFO | my_functions.py:270 | 🖱️ Click OK (En paralelo): end_turn.PNG at (682, 945) delay=1s
2026-08-16 04:44:31 | INFO | each_eight_hours copy 2.py:108 | End turn executed
2026-08-16 04:44:33 | INFO | my_functions.py:169 | Searching failed_to_join_game_error.png (timeout=0s)
2026-08-16 04:44:34 | INFO | my_functions.py:213 | 
⛔ Not found: failed_to_join_game_error.png after 0.0s region=(0, 0, 765, 1038) confidence=0.8
2026-08-16 04:44:37 | INFO | my_functions.py:169 | Searching failed_to_join_game_error.png (timeout=0s)
2026-08-16 04:44:38 | INFO | my_functions.py:213 | 
⛔ Not found: failed_to_join_game_error.png after 0.0s region=(0, 0, 765, 1038) confidence=0.8
2026-08-16 04:44:41 | INFO | my_functions.py:169 | Searching failed_to_join_game_error.png (timeout=0s)
2026-08-16 04:44:42 | INFO | my_functions.py:213 | 
⛔ Not found: failed_to_join_game_error.png after 0.0s region=(0, 0, 765, 1038) confidence=0.8
2026-08-16 04:44:45 | INFO | my_functions.py:169 | Searching failed_to_join_game_error.png (timeout=0s)
2026-08-16 04:44:46 | INFO | my_functions.py:213 | 
⛔ Not found: failed_to_join_game_error.png after 0.0s region=(0, 0, 765, 1038) confidence=0.8
2026-08-16 04:44:47 | INFO | my_functions.py:199 | 
✅ Found: end_turn.PNG pos=(681, 945) time=0.7s confidence=0.8
2026-08-16 04:44:47 | INFO | my_functions.py:248 | [DEBUG] Buscando en paralelo: ['snap.PNG'] | timeout=0s | confidence=0.8
2026-08-16 04:44:48 | INFO | my_functions.py:282 | [DEBUG] Click skipped, ninguna de las imágenes se encontró en el intento.
2026-08-16 04:44:54 | INFO | my_functions.py:248 | [DEBUG] Buscando en paralelo: ['end_turn.PNG'] | timeout=0s | confidence=0.8
2026-08-16 04:44:56 | INFO | my_functions.py:133 | Haciendo click en la posición (682, 945)
2026-08-16 04:44:56 | INFO | my_functions.py:270 | 🖱️ Click OK (En paralelo): end_turn.PNG at (682, 945) delay=1s
2026-08-16 04:44:57 | INFO | each_eight_hours copy 2.py:108 | End turn executed
2026-08-16 04:44:59 | INFO | my_functions.py:169 | Searching failed_to_join_game_error.png (timeout=0s)
2026-08-16 04:45:00 | INFO | my_functions.py:213 | 
⛔ Not found: failed_to_join_game_error.png after 0.0s region=(0, 0, 765, 1038) confidence=0.8
2026-08-16 04:45:03 | INFO | my_functions.py:169 | Searching failed_to_join_game_error.png (timeout=0s)
2026-08-16 04:45:04 | INFO | my_functions.py:213 | 
⛔ Not found: failed_to_join_game_error.png after 0.0s region=(0, 0, 765, 1038) confidence=0.8
2026-08-16 04:45:07 | INFO | my_functions.py:169 | Searching failed_to_join_game_error.png (timeout=0s)
2026-08-16 04:45:08 | INFO | my_functions.py:213 | 
⛔ Not found: failed_to_join_game_error.png after 0.0s region=(0, 0, 765, 1038) confidence=0.8
2026-08-16 04:45:11 | INFO | my_functions.py:169 | Searching failed_to_join_game_error.png (timeout=0s)
2026-08-16 04:45:12 | INFO | my_functions.py:213 | 
⛔ Not found: failed_to_join_game_error.png after 0.0s region=(0, 0, 765, 1038) confidence=0.8
2026-08-16 04:45:15 | INFO | my_functions.py:169 | Searching failed_to_join_game_error.png (timeout=0s)
2026-08-16 04:45:15 | INFO | my_functions.py:213 | 
⛔ Not found: failed_to_join_game_error.png after 0.0s region=(0, 0, 765, 1038) confidence=0.8
2026-08-16 04:45:19 | INFO | my_functions.py:169 | Searching failed_to_join_game_error.png (timeout=0s)
2026-08-16 04:45:19 | INFO | my_functions.py:213 | 
⛔ Not found: failed_to_join_game_error.png after 0.0s region=(0, 0, 765, 1038) confidence=0.8
2026-08-16 04:45:21 | INFO | my_functions.py:199 | 
✅ Found: end_turn.PNG pos=(681, 945) time=0.63s confidence=0.8
2026-08-16 04:45:21 | INFO | my_functions.py:248 | [DEBUG] Buscando en paralelo: ['snap.PNG'] | timeout=0s | confidence=0.8
2026-08-16 04:45:21 | INFO | my_functions.py:282 | [DEBUG] Click skipped, ninguna de las imágenes se encontró en el intento.
2026-08-16 04:45:28 | INFO | my_functions.py:248 | [DEBUG] Buscando en paralelo: ['end_turn.PNG'] | timeout=0s | confidence=0.8
2026-08-16 04:45:29 | INFO | my_functions.py:133 | Haciendo click en la posición (682, 945)
2026-08-16 04:45:29 | INFO | my_functions.py:270 | 🖱️ Click OK (En paralelo): end_turn.PNG at (682, 945) delay=1s
2026-08-16 04:45:31 | INFO | each_eight_hours copy 2.py:108 | End turn executed
2026-08-16 04:45:32 | INFO | my_functions.py:169 | Searching failed_to_join_game_error.png (timeout=0s)
2026-08-16 04:45:33 | INFO | my_functions.py:213 | 
⛔ Not found: failed_to_join_game_error.png after 0.0s region=(0, 0, 765, 1038) confidence=0.8
2026-08-16 04:45:35 | INFO | my_functions.py:199 | 
✅ Found: never_seen_before.png pos=(395, 141) time=0.5s confidence=0.8
2026-08-16 04:45:35 | WARNING | each_eight_hours copy 2.py:116 | Unknown popup handled
2026-08-16 04:45:37 | INFO | my_functions.py:169 | Searching failed_to_join_game_error.png (timeout=0s)
2026-08-16 04:45:37 | INFO | my_functions.py:213 | 
⛔ Not found: failed_to_join_game_error.png after 0.0s region=(0, 0, 765, 1038) confidence=0.8
2026-08-16 04:45:41 | INFO | my_functions.py:169 | Searching failed_to_join_game_error.png (timeout=0s)
2026-08-16 04:45:41 | INFO | my_functions.py:213 | 
⛔ Not found: failed_to_join_game_error.png after 0.0s region=(0, 0, 765, 1038) confidence=0.8
2026-08-16 04:45:45 | INFO | my_functions.py:169 | Searching failed_to_join_game_error.png (timeout=0s)
2026-08-16 04:45:45 | INFO | my_functions.py:213 | 
⛔ Not found: failed_to_join_game_error.png after 0.0s region=(0, 0, 765, 1038) confidence=0.8
2026-08-16 04:45:49 | INFO | my_functions.py:169 | Searching failed_to_join_game_error.png (timeout=0s)
2026-08-16 04:45:49 | INFO | my_functions.py:213 | 
⛔ Not found: failed_to_join_game_error.png after 0.0s region=(0, 0, 765, 1038) confidence=0.8
2026-08-16 04:45:53 | INFO | my_functions.py:169 | Searching failed_to_join_game_error.png (timeout=0s)
2026-08-16 04:45:53 | INFO | my_functions.py:213 | 
⛔ Not found: failed_to_join_game_error.png after 0.0s region=(0, 0, 765, 1038) confidence=0.8
2026-08-16 04:45:56 | INFO | my_functions.py:169 | Searching failed_to_join_game_error.png (timeout=0s)
2026-08-16 04:45:57 | INFO | my_functions.py:213 | 
⛔ Not found: failed_to_join_game_error.png after 0.0s region=(0, 0, 765, 1038) confidence=0.8
2026-08-16 04:46:00 | INFO | my_functions.py:169 | Searching failed_to_join_game_error.png (timeout=0s)
2026-08-16 04:46:01 | INFO | my_functions.py:213 | 
⛔ Not found: failed_to_join_game_error.png after 0.0s region=(0, 0, 765, 1038) confidence=0.8
2026-08-16 04:46:02 | INFO | my_functions.py:199 | 
✅ Found: collect_rewards.PNG pos=(679, 957) time=0.83s confidence=0.8
2026-08-16 04:46:02 | INFO | each_eight_hours copy 2.py:138 | Rewards detected, exiting match. Game duration: 307.34 s
2026-08-16 04:46:02 | INFO | my_functions.py:248 | [DEBUG] Buscando en paralelo: ['collect_rewards.PNG'] | timeout=20s | confidence=0.8
2026-08-16 04:46:03 | INFO | my_functions.py:133 | Haciendo click en la posición (679, 957)
2026-08-16 04:46:04 | INFO | my_functions.py:270 | 🖱️ Click OK (En paralelo): collect_rewards.PNG at (679, 957) delay=1s
2026-08-16 04:46:05 | INFO | my_functions.py:248 | [DEBUG] Buscando en paralelo: ['next.PNG'] | timeout=20s | confidence=0.8
2026-08-16 04:46:10 | INFO | my_functions.py:133 | Haciendo click en la posición (677, 973)
2026-08-16 04:46:10 | INFO | my_functions.py:270 | 🖱️ Click OK (En paralelo): next.PNG at (677, 973) delay=1s
2026-08-16 04:46:13 | INFO | my_functions.py:169 | Searching hyper_cube.png (timeout=5s)
2026-08-16 04:46:19 | INFO | my_functions.py:213 | 
⛔ Not found: hyper_cube.png after 5.17s region=(0, 0, 765, 1038) confidence=0.8
2026-08-16 04:46:19 | INFO | each_eight_hours copy 2.py:95 | Starting game loop 2
2026-08-16 04:46:19 | INFO | my_functions.py:248 | [DEBUG] Buscando en paralelo: ['play.PNG'] | timeout=20s | confidence=0.8
2026-08-16 04:46:23 | INFO | my_functions.py:133 | Haciendo click en la posición (384, 824)
2026-08-16 04:46:23 | INFO | my_functions.py:270 | 🖱️ Click OK (En paralelo): play.PNG at (384, 824) delay=3s
2026-08-16 04:46:28 | INFO | my_functions.py:169 | Searching failed_to_join_game_error.png (timeout=0s)
2026-08-16 04:46:29 | INFO | my_functions.py:213 | 
⛔ Not found: failed_to_join_game_error.png after 0.0s region=(0, 0, 765, 1038) confidence=0.8
2026-08-16 04:46:33 | INFO | my_functions.py:169 | Searching failed_to_join_game_error.png (timeout=0s)
2026-08-16 04:46:34 | INFO | my_functions.py:213 | 
⛔ Not found: failed_to_join_game_error.png after 0.0s region=(0, 0, 765, 1038) confidence=0.8
2026-08-16 04:46:38 | INFO | my_functions.py:169 | Searching failed_to_join_game_error.png (timeout=0s)
2026-08-16 04:46:38 | INFO | my_functions.py:213 | 
⛔ Not found: failed_to_join_game_error.png after 0.0s region=(0, 0, 765, 1038) confidence=0.8
2026-08-16 04:46:42 | INFO | my_functions.py:169 | Searching failed_to_join_game_error.png (timeout=0s)
2026-08-16 04:46:42 | INFO | my_functions.py:213 | 
⛔ Not found: failed_to_join_game_error.png after 0.0s region=(0, 0, 765, 1038) confidence=0.8
2026-08-16 04:46:44 | INFO | my_functions.py:199 | 
✅ Found: end_turn.PNG pos=(681, 945) time=0.85s confidence=0.8
2026-08-16 04:46:44 | INFO | my_functions.py:248 | [DEBUG] Buscando en paralelo: ['snap.PNG'] | timeout=0s | confidence=0.8
2026-08-16 04:46:46 | INFO | my_functions.py:133 | Haciendo click en la posición (386, 123)
2026-08-16 04:46:46 | INFO | my_functions.py:270 | 🖱️ Click OK (En paralelo): snap.PNG at (386, 123) delay=1s
2026-08-16 04:46:55 | INFO | my_functions.py:248 | [DEBUG] Buscando en paralelo: ['end_turn.PNG'] | timeout=0s | confidence=0.8
2026-08-16 04:46:56 | INFO | my_functions.py:282 | [DEBUG] Click skipped, ninguna de las imágenes se encontró en el intento.
2026-08-16 04:46:59 | INFO | my_functions.py:169 | Searching failed_to_join_game_error.png (timeout=0s)
2026-08-16 04:46:59 | INFO | my_functions.py:213 | 
⛔ Not found: failed_to_join_game_error.png after 0.0s region=(0, 0, 765, 1038) confidence=0.8
2026-08-16 04:47:01 | INFO | my_functions.py:199 | 
✅ Found: end_turn.PNG pos=(682, 946) time=0.75s confidence=0.8
2026-08-16 04:47:01 | INFO | my_functions.py:248 | [DEBUG] Buscando en paralelo: ['snap.PNG'] | timeout=0s | confidence=0.8
2026-08-16 04:47:03 | INFO | my_functions.py:133 | Haciendo click en la posición (386, 124)
2026-08-16 04:47:03 | INFO | my_functions.py:270 | 🖱️ Click OK (En paralelo): snap.PNG at (386, 124) delay=1s
2026-08-16 04:47:10 | INFO | my_functions.py:248 | [DEBUG] Buscando en paralelo: ['end_turn.PNG'] | timeout=0s | confidence=0.8
2026-08-16 04:47:11 | INFO | my_functions.py:133 | Haciendo click en la posición (682, 945)
2026-08-16 04:47:12 | INFO | my_functions.py:270 | 🖱️ Click OK (En paralelo): end_turn.PNG at (682, 945) delay=1s
2026-08-16 04:47:14 | INFO | each_eight_hours copy 2.py:108 | End turn executed
2026-08-16 04:47:19 | INFO | my_functions.py:169 | Searching failed_to_join_game_error.png (timeout=0s)
2026-08-16 04:47:19 | INFO | my_functions.py:213 | 
⛔ Not found: failed_to_join_game_error.png after 0.0s region=(0, 0, 765, 1038) confidence=0.8
2026-08-16 04:47:23 | INFO | my_functions.py:169 | Searching failed_to_join_game_error.png (timeout=0s)
2026-08-16 04:47:23 | INFO | my_functions.py:213 | 
⛔ Not found: failed_to_join_game_error.png after 0.0s region=(0, 0, 765, 1038) confidence=0.8
2026-08-16 04:47:26 | INFO | my_functions.py:199 | 
✅ Found: end_turn.PNG pos=(681, 945) time=0.87s confidence=0.8
2026-08-16 04:47:26 | INFO | my_functions.py:248 | [DEBUG] Buscando en paralelo: ['snap.PNG'] | timeout=0s | confidence=0.8
2026-08-16 04:47:27 | INFO | my_functions.py:282 | [DEBUG] Click skipped, ninguna de las imágenes se encontró en el intento.
2026-08-16 04:47:33 | INFO | my_functions.py:248 | [DEBUG] Buscando en paralelo: ['end_turn.PNG'] | timeout=0s | confidence=0.8
2026-08-16 04:47:35 | INFO | my_functions.py:133 | Haciendo click en la posición (682, 946)
2026-08-16 04:47:35 | INFO | my_functions.py:270 | 🖱️ Click OK (En paralelo): end_turn.PNG at (682, 946) delay=1s
2026-08-16 04:47:36 | INFO | each_eight_hours copy 2.py:108 | End turn executed
2026-08-16 04:47:38 | INFO | my_functions.py:169 | Searching failed_to_join_game_error.png (timeout=0s)
2026-08-16 04:47:38 | INFO | my_functions.py:213 | 
⛔ Not found: failed_to_join_game_error.png after 0.0s region=(0, 0, 765, 1038) confidence=0.8
2026-08-16 04:47:42 | INFO | my_functions.py:169 | Searching failed_to_join_game_error.png (timeout=0s)
2026-08-16 04:47:42 | INFO | my_functions.py:213 | 
⛔ Not found: failed_to_join_game_error.png after 0.0s region=(0, 0, 765, 1038) confidence=0.8
2026-08-16 04:47:44 | INFO | my_functions.py:199 | 
✅ Found: end_turn.PNG pos=(681, 945) time=0.69s confidence=0.8
2026-08-16 04:47:44 | INFO | my_functions.py:248 | [DEBUG] Buscando en paralelo: ['snap.PNG'] | timeout=0s | confidence=0.8
2026-08-16 04:47:45 | INFO | my_functions.py:282 | [DEBUG] Click skipped, ninguna de las imágenes se encontró en el intento.
2026-08-16 04:47:51 | INFO | my_functions.py:248 | [DEBUG] Buscando en paralelo: ['end_turn.PNG'] | timeout=0s | confidence=0.8
2026-08-16 04:47:53 | INFO | my_functions.py:133 | Haciendo click en la posición (682, 945)
2026-08-16 04:47:53 | INFO | my_functions.py:270 | 🖱️ Click OK (En paralelo): end_turn.PNG at (682, 945) delay=1s
2026-08-16 04:47:54 | INFO | each_eight_hours copy 2.py:108 | End turn executed
2026-08-16 04:47:56 | INFO | my_functions.py:169 | Searching failed_to_join_game_error.png (timeout=0s)
2026-08-16 04:47:56 | INFO | my_functions.py:213 | 
⛔ Not found: failed_to_join_game_error.png after 0.0s region=(0, 0, 765, 1038) confidence=0.8
2026-08-16 04:48:00 | INFO | my_functions.py:169 | Searching failed_to_join_game_error.png (timeout=0s)
2026-08-16 04:48:00 | INFO | my_functions.py:213 | 
⛔ Not found: failed_to_join_game_error.png after 0.0s region=(0, 0, 765, 1038) confidence=0.8
2026-08-16 04:48:02 | INFO | my_functions.py:199 | 
✅ Found: end_turn.PNG pos=(681, 945) time=0.68s confidence=0.8
2026-08-16 04:48:02 | INFO | my_functions.py:248 | [DEBUG] Buscando en paralelo: ['snap.PNG'] | timeout=0s | confidence=0.8
2026-08-16 04:48:02 | INFO | my_functions.py:282 | [DEBUG] Click skipped, ninguna de las imágenes se encontró en el intento.
2026-08-16 04:48:09 | INFO | my_functions.py:248 | [DEBUG] Buscando en paralelo: ['end_turn.PNG'] | timeout=0s | confidence=0.8
2026-08-16 04:48:10 | INFO | my_functions.py:133 | Haciendo click en la posición (682, 945)
2026-08-16 04:48:11 | INFO | my_functions.py:270 | 🖱️ Click OK (En paralelo): end_turn.PNG at (682, 945) delay=1s
2026-08-16 04:48:12 | INFO | each_eight_hours copy 2.py:108 | End turn executed
2026-08-16 04:48:14 | INFO | my_functions.py:169 | Searching failed_to_join_game_error.png (timeout=0s)
2026-08-16 04:48:14 | INFO | my_functions.py:213 | 
⛔ Not found: failed_to_join_game_error.png after 0.0s region=(0, 0, 765, 1038) confidence=0.8
