2026-06-06 08:45:00 | INFO | each_eight_hours.py:36 | LOG FILE PATH: \\vmware-host\Shared Folders\SHARED FILES VM\MS\logs\each_eight_hours_2026-06-06_08-45-00.log
2026-06-06 08:45:00 | INFO | each_eight_hours.py:37 | Logger initialized
2026-06-06 08:45:00 | INFO | each_eight_hours.py:64 | Script initialized
2026-06-06 08:45:05 | WARNING | easyocr.py:80 | Neither CUDA nor MPS are available - defaulting to CPU. Note: This module is much faster with a GPU.
2026-06-06 08:45:05 | WARNING | easyocr.py:251 | Downloading detection model, please wait. This may take several minutes depending upon your network connection.
2026-06-06 08:45:06 | ERROR | each_eight_hours.py:57 | Uncaught exception
Traceback (most recent call last):
  File "C:\Users\Farm\AppData\Local\Programs\Python\Python311\Lib\urllib\request.py", line 1348, in do_open
    h.request(req.get_method(), req.selector, req.data, headers,
  File "C:\Users\Farm\AppData\Local\Programs\Python\Python311\Lib\http\client.py", line 1282, in request
    self._send_request(method, url, body, headers, encode_chunked)
  File "C:\Users\Farm\AppData\Local\Programs\Python\Python311\Lib\http\client.py", line 1328, in _send_request
    self.endheaders(body, encode_chunked=encode_chunked)
  File "C:\Users\Farm\AppData\Local\Programs\Python\Python311\Lib\http\client.py", line 1277, in endheaders
    self._send_output(message_body, encode_chunked=encode_chunked)
  File "C:\Users\Farm\AppData\Local\Programs\Python\Python311\Lib\http\client.py", line 1037, in _send_output
    self.send(msg)
  File "C:\Users\Farm\AppData\Local\Programs\Python\Python311\Lib\http\client.py", line 975, in send
    self.connect()
  File "C:\Users\Farm\AppData\Local\Programs\Python\Python311\Lib\http\client.py", line 1454, in connect
    self.sock = self._context.wrap_socket(self.sock,
                ^^^^^^^^^^^^^^^^^^^^^^^^^^^^^^^^^^^^
  File "C:\Users\Farm\AppData\Local\Programs\Python\Python311\Lib\ssl.py", line 517, in wrap_socket
    return self.sslsocket_class._create(
           ^^^^^^^^^^^^^^^^^^^^^^^^^^^^^
  File "C:\Users\Farm\AppData\Local\Programs\Python\Python311\Lib\ssl.py", line 1075, in _create
    self.do_handshake()
  File "C:\Users\Farm\AppData\Local\Programs\Python\Python311\Lib\ssl.py", line 1346, in do_handshake
    self._sslobj.do_handshake()
ssl.SSLCertVerificationError: [SSL: CERTIFICATE_VERIFY_FAILED] certificate verify failed: unable to get local issuer certificate (_ssl.c:992)

During handling of the above exception, another exception occurred:

Traceback (most recent call last):
  File "Z:\SHARED FILES VM\MS\each_eight_hours.py", line 69, in <module>
    from my_functions import *
  File "Z:\SHARED FILES VM\MS\my_functions.py", line 296, in <module>
    reader = easyocr.Reader(['es'])
            ^^^^^^^^^^^^^^^^^^^^^^
  File "C:\Users\Farm\AppData\Local\Programs\Python\Python311\Lib\site-packages\easyocr\easyocr.py", line 92, in __init__
    detector_path = self.getDetectorPath(detect_network)
                    ^^^^^^^^^^^^^^^^^^^^^^^^^^^^^^^^^^^^
  File "C:\Users\Farm\AppData\Local\Programs\Python\Python311\Lib\site-packages\easyocr\easyocr.py", line 253, in getDetectorPath
    download_and_unzip(self.detection_models[self.detect_network]['url'], self.detection_models[self.detect_network]['filename'], self.model_storage_directory, self.verbose)
  File "C:\Users\Farm\AppData\Local\Programs\Python\Python311\Lib\site-packages\easyocr\utils.py", line 628, in download_and_unzip
    urlretrieve(url, zip_path, reporthook=reporthook)
  File "C:\Users\Farm\AppData\Local\Programs\Python\Python311\Lib\urllib\request.py", line 241, in urlretrieve
    with contextlib.closing(urlopen(url, data)) as fp:
                            ^^^^^^^^^^^^^^^^^^
  File "C:\Users\Farm\AppData\Local\Programs\Python\Python311\Lib\urllib\request.py", line 216, in urlopen
    return opener.open(url, data, timeout)
           ^^^^^^^^^^^^^^^^^^^^^^^^^^^^^^^
  File "C:\Users\Farm\AppData\Local\Programs\Python\Python311\Lib\urllib\request.py", line 519, in open
    response = self._open(req, data)
               ^^^^^^^^^^^^^^^^^^^^^
  File "C:\Users\Farm\AppData\Local\Programs\Python\Python311\Lib\urllib\request.py", line 536, in _open
    result = self._call_chain(self.handle_open, protocol, protocol +
             ^^^^^^^^^^^^^^^^^^^^^^^^^^^^^^^^^^^^^^^^^^^^^^^^^^^^^^^
  File "C:\Users\Farm\AppData\Local\Programs\Python\Python311\Lib\urllib\request.py", line 496, in _call_chain
    result = func(*args)
             ^^^^^^^^^^^
  File "C:\Users\Farm\AppData\Local\Programs\Python\Python311\Lib\urllib\request.py", line 1391, in https_open
    return self.do_open(http.client.HTTPSConnection, req,
           ^^^^^^^^^^^^^^^^^^^^^^^^^^^^^^^^^^^^^^^^^^^^^^
  File "C:\Users\Farm\AppData\Local\Programs\Python\Python311\Lib\urllib\request.py", line 1351, in do_open
    raise URLError(err)
urllib.error.URLError: <urlopen error [SSL: CERTIFICATE_VERIFY_FAILED] certificate verify failed: unable to get local issuer certificate (_ssl.c:992)>
