2026-06-01 14:05:40 | INFO | each_eight_hours.py:39 | LOG FILE PATH: \\vmware-host\Shared Folders\SHARED FILES VM\MS\logs\each_eight_hours_2026-06-01_14-05-40.log
2026-06-01 14:05:40 | INFO | each_eight_hours.py:40 | Logger initialized
2026-06-01 14:05:40 | INFO | each_eight_hours.py:67 | Script initialized
2026-06-01 14:05:43 | INFO | each_eight_hours.py:128 | snap.exe terminated if it was running
2026-06-01 14:05:43 | INFO | my_functions.py:57 | ⏳ Esperando WebSocket de OBS...
2026-06-01 14:05:49 | INFO | baseclient.py:33 | Connecting with parameters: host='localhost' port=4455 password='' subs=0 timeout=None
2026-06-01 14:05:49 | INFO | reqs.py:23 | Successfully identified ReqClient with the server using RPC version:1
2026-06-01 14:05:49 | INFO | my_functions.py:63 | ✅ Conectado al OBS WebSocket
2026-06-01 14:05:49 | ERROR | reqs.py:59 | OBSSDKRequestError: Request GetRecordStatus returned code 207. With message: OBS is not ready to perform the request.
Traceback (most recent call last):
  File "C:\Users\Farm\AppData\Local\Programs\Python\Python311\Lib\site-packages\obsws_python\reqs.py", line 53, in send
    raise OBSSDKRequestError(
obsws_python.error.OBSSDKRequestError: Request GetRecordStatus returned code 207. With message: OBS is not ready to perform the request.
2026-06-01 14:05:50 | INFO | my_functions.py:88 | 🎬 Grabación iniciada
2026-06-01 14:05:50 | INFO | my_functions.py:1294 | ⏱ Esperando 0.1 segundos antes de empezar...
2026-06-01 14:05:50 | INFO | my_functions.py:1301 | 🔍 Esperando ventana que contenga alguna de: ['py', 'eight_hours'] (máx 20s)
2026-06-01 14:05:50 | INFO | my_functions.py:1313 | ✅ Ventana encontrada: 'each_eight_hours  - Acceso directo'
2026-06-01 14:05:50 | INFO | my_functions.py:1328 | ✅ Ventana seleccionada: 'each_eight_hours  - Acceso directo'
2026-06-01 14:05:52 | INFO | my_functions.py:1351 | 🔁 Reajuste #1...
2026-06-01 14:05:52 | INFO | my_functions.py:1358 | ✔ Verificación completa. Se hicieron 1 reajustes.
2026-06-01 14:06:22 | INFO | my_functions.py:2124 | Starting Steam window scan
2026-06-01 14:06:22 | INFO | my_functions.py:2127 | Found window: 
2026-06-01 14:06:22 | INFO | my_functions.py:2127 | Found window: each_eight_hours  - Acceso directo
2026-06-01 14:06:22 | INFO | my_functions.py:2127 | Found window: 
2026-06-01 14:06:22 | INFO | my_functions.py:2127 | Found window: Microsoft Text Input Application
2026-06-01 14:06:22 | INFO | my_functions.py:2127 | Found window: 
2026-06-01 14:06:22 | INFO | my_functions.py:2127 | Found window: 
2026-06-01 14:06:22 | INFO | my_functions.py:2127 | Found window: 
2026-06-01 14:06:22 | INFO | my_functions.py:2127 | Found window: 
2026-06-01 14:06:22 | INFO | my_functions.py:2127 | Found window: Program Manager
2026-06-01 14:06:22 | INFO | each_eight_hours.py:139 | Processing account: jeremy
2026-06-01 14:06:22 | INFO | each_eight_hours.py:142 | Game relaunched for account
2026-06-01 14:06:22 | INFO | my_functions.py:1294 | ⏱ Esperando 0.1 segundos antes de empezar...
2026-06-01 14:06:22 | INFO | my_functions.py:1301 | 🔍 Esperando ventana que contenga alguna de: ['SNAP'] (máx 20s)
2026-06-01 14:06:26 | INFO | my_functions.py:1313 | ✅ Ventana encontrada: 'SNAP'
2026-06-01 14:06:26 | INFO | my_functions.py:1328 | ✅ Ventana seleccionada: 'SNAP'
2026-06-01 14:06:28 | INFO | my_functions.py:1360 | ✔ Verificación completa. No hubo cambios después del primer ajuste.
2026-06-01 14:06:28 | INFO | my_functions.py:997 | [DEBUG] Resizing SNAP window...
2026-06-01 14:06:28 | INFO | my_functions.py:1294 | ⏱ Esperando 0.1 segundos antes de empezar...
2026-06-01 14:06:29 | INFO | my_functions.py:1301 | 🔍 Esperando ventana que contenga alguna de: ['SNAP'] (máx 20s)
2026-06-01 14:06:29 | INFO | my_functions.py:1313 | ✅ Ventana encontrada: 'SNAP'
2026-06-01 14:06:29 | INFO | my_functions.py:1328 | ✅ Ventana seleccionada: 'SNAP'
2026-06-01 14:06:32 | INFO | my_functions.py:1360 | ✔ Verificación completa. No hubo cambios después del primer ajuste.
2026-06-01 14:06:32 | INFO | my_functions.py:248 | [DEBUG] Buscando en paralelo: ['small_submit.PNG', 'small_submit_hover.png', 'submit_hover_2.png', 'small_submit_hover_2.png'] | timeout=90s | confidence=0.8
2026-06-01 14:06:39 | INFO | my_functions.py:135 | Haciendo click en la posición (380, 642)
2026-06-01 14:06:39 | INFO | my_functions.py:270 | 🖱️ Click OK (En paralelo): small_submit.PNG at (380, 642) delay=0.2s
2026-06-01 14:06:42 | INFO | my_functions.py:248 | [DEBUG] Buscando en paralelo: ['small_submit.PNG', 'small_submit_hover.png', 'submit_hover_2.png', 'small_submit_hover_2.png'] | timeout=20s | confidence=0.8
2026-06-01 14:06:43 | INFO | my_functions.py:135 | Haciendo click en la posición (380, 721)
2026-06-01 14:06:43 | INFO | my_functions.py:270 | 🖱️ Click OK (En paralelo): small_submit.PNG at (380, 721) delay=0.2s
2026-06-01 14:06:44 | INFO | my_functions.py:1294 | ⏱ Esperando 0.1 segundos antes de empezar...
2026-06-01 14:06:44 | INFO | my_functions.py:1301 | 🔍 Esperando ventana que contenga alguna de: ['SNAP'] (máx 20s)
2026-06-01 14:06:44 | INFO | my_functions.py:1313 | ✅ Ventana encontrada: 'SNAP'
2026-06-01 14:06:44 | INFO | my_functions.py:1328 | ✅ Ventana seleccionada: 'SNAP'
2026-06-01 14:06:46 | INFO | my_functions.py:1351 | 🔁 Reajuste #1...
2026-06-01 14:06:47 | INFO | my_functions.py:1358 | ✔ Verificación completa. Se hicieron 1 reajustes.
2026-06-01 14:06:47 | INFO | my_functions.py:170 | Searching please_sign.png (timeout=0s)
2026-06-01 14:06:47 | INFO | my_functions.py:200 | 
✅ Found: please_sign.png pos=(383, 438) time=0.19s confidence=0.8
2026-06-01 14:06:47 | INFO | my_functions.py:248 | [DEBUG] Buscando en paralelo: ['ok_btn.png'] | timeout=20s | confidence=0.8
2026-06-01 14:06:49 | INFO | my_functions.py:135 | Haciendo click en la posición (382, 634)
2026-06-01 14:06:49 | INFO | my_functions.py:270 | 🖱️ Click OK (En paralelo): ok_btn.png at (382, 634) delay=1s
2026-06-01 14:06:50 | INFO | my_functions.py:248 | [DEBUG] Buscando en paralelo: ['small_submit.PNG', 'small_submit_hover.png', 'submit_hover_2.png', 'small_submit_hover_2.png'] | timeout=90s | confidence=0.8
2026-06-01 14:06:51 | INFO | my_functions.py:135 | Haciendo click en la posición (383, 643)
2026-06-01 14:06:51 | INFO | my_functions.py:270 | 🖱️ Click OK (En paralelo): small_submit_hover_2.png at (383, 643) delay=0.2s
2026-06-01 14:06:53 | INFO | my_functions.py:248 | [DEBUG] Buscando en paralelo: ['small_submit.PNG', 'small_submit_hover.png', 'submit_hover_2.png', 'small_submit_hover_2.png'] | timeout=20s | confidence=0.8
2026-06-01 14:06:53 | INFO | my_functions.py:135 | Haciendo click en la posición (380, 721)
2026-06-01 14:06:53 | INFO | my_functions.py:270 | 🖱️ Click OK (En paralelo): small_submit.PNG at (380, 721) delay=0.2s
2026-06-01 14:06:54 | INFO | my_functions.py:170 | Searching sign_in_with_google2.PNG (timeout=90s)
2026-06-01 14:06:55 | INFO | my_functions.py:200 | 
✅ Found: sign_in_with_google2.PNG pos=(406, 957) time=0.18s confidence=0.8
2026-06-01 14:06:55 | INFO | my_functions.py:248 | [DEBUG] Buscando en paralelo: ['sign_in_with_google2.PNG'] | timeout=20s | confidence=0.8
2026-06-01 14:06:56 | INFO | my_functions.py:135 | Haciendo click en la posición (406, 957)
2026-06-01 14:06:56 | INFO | my_functions.py:270 | 🖱️ Click OK (En paralelo): sign_in_with_google2.PNG at (406, 957) delay=1s
2026-06-01 14:06:57 | INFO | my_functions.py:248 | [DEBUG] Buscando en paralelo: ['jeremy.png'] | timeout=30s | confidence=0.8
2026-06-01 14:07:27 | INFO | my_functions.py:282 | [DEBUG] Click skipped, ninguna de las imágenes se encontró en el intento.
2026-06-01 14:07:29 | INFO | my_functions.py:248 | [DEBUG] Buscando en paralelo: ['jeremy.png'] | timeout=0s | confidence=0.8
2026-06-01 14:07:32 | INFO | my_functions.py:135 | Haciendo click en la posición (1143, 645)
2026-06-01 14:07:33 | INFO | my_functions.py:270 | 🖱️ Click OK (En paralelo): jeremy.png at (1143, 645) delay=3s
2026-06-01 14:07:35 | INFO | my_functions.py:170 | Searching marvelsnap_web.png (timeout=30s)
2026-06-01 14:08:05 | INFO | my_functions.py:214 | 
⛔ Not found: marvelsnap_web.png after 30.15s region=(0, 0, 765, 1038) confidence=0.7
2026-06-01 14:08:05 | INFO | my_functions.py:170 | Searching shop_unselected.PNG (timeout=0s)
2026-06-01 14:08:05 | INFO | my_functions.py:214 | 
⛔ Not found: shop_unselected.PNG after 0.0s region=(0, 0, 765, 1038) confidence=0.8
2026-06-01 14:08:05 | INFO | my_functions.py:248 | [DEBUG] Buscando en paralelo: ['super_premium.PNG'] | timeout=0s | confidence=0.8
2026-06-01 14:08:05 | INFO | my_functions.py:282 | [DEBUG] Click skipped, ninguna de las imágenes se encontró en el intento.
2026-06-01 14:08:07 | INFO | my_functions.py:248 | [DEBUG] Buscando en paralelo: ['maybe_later.PNG'] | timeout=0s | confidence=0.8
2026-06-01 14:08:07 | INFO | my_functions.py:282 | [DEBUG] Click skipped, ninguna de las imágenes se encontró en el intento.
2026-06-01 14:08:08 | INFO | my_functions.py:248 | [DEBUG] Buscando en paralelo: ['maybe_later2.PNG'] | timeout=0s | confidence=0.8
2026-06-01 14:08:08 | INFO | my_functions.py:282 | [DEBUG] Click skipped, ninguna de las imágenes se encontró en el intento.
2026-06-01 14:08:09 | INFO | my_functions.py:170 | Searching go_to_shop.PNG (timeout=0s)
2026-06-01 14:08:09 | INFO | my_functions.py:214 | 
⛔ Not found: go_to_shop.PNG after 0.0s region=(0, 0, 765, 1038) confidence=0.8
2026-06-01 14:08:09 | INFO | my_functions.py:248 | [DEBUG] Buscando en paralelo: ['14_days_of_winterverse.PNG'] | timeout=0s | confidence=0.8
2026-06-01 14:08:10 | INFO | my_functions.py:282 | [DEBUG] Click skipped, ninguna de las imágenes se encontró en el intento.
2026-06-01 14:08:11 | INFO | my_functions.py:170 | Searching welcome_back_calendar.PNG (timeout=0s)
2026-06-01 14:08:11 | INFO | my_functions.py:214 | 
⛔ Not found: welcome_back_calendar.PNG after 0.0s region=(0, 0, 765, 1038) confidence=0.8
2026-06-01 14:08:11 | INFO | my_functions.py:248 | [DEBUG] Buscando en paralelo: ['start_the_countdown.PNG'] | timeout=0s | confidence=0.8
2026-06-01 14:08:11 | INFO | my_functions.py:282 | [DEBUG] Click skipped, ninguna de las imágenes se encontró en el intento.
2026-06-01 14:08:12 | INFO | my_functions.py:248 | [DEBUG] Buscando en paralelo: ['event_has_ended_sanctum.PNG'] | timeout=0s | confidence=0.8
2026-06-01 14:08:12 | INFO | my_functions.py:282 | [DEBUG] Click skipped, ninguna de las imágenes se encontró en el intento.
2026-06-01 14:08:13 | INFO | my_functions.py:248 | [DEBUG] Buscando en paralelo: ['image_part_of_event_grand_arena_finished.PNG'] | timeout=0s | confidence=0.8
2026-06-01 14:08:14 | INFO | my_functions.py:282 | [DEBUG] Click skipped, ninguna de las imágenes se encontró en el intento.
2026-06-01 14:08:15 | INFO | my_functions.py:170 | Searching 28_day_event_login_rewards.PNG (timeout=0s)
2026-06-01 14:08:15 | INFO | my_functions.py:214 | 
⛔ Not found: 28_day_event_login_rewards.PNG after 0.0s region=(0, 0, 765, 1038) confidence=0.8
2026-06-01 14:08:15 | INFO | my_functions.py:170 | Searching 7_day_event_login.PNG (timeout=0s)
2026-06-01 14:08:15 | INFO | my_functions.py:214 | 
⛔ Not found: 7_day_event_login.PNG after 0.0s region=(0, 0, 765, 1038) confidence=0.8
2026-06-01 14:08:15 | INFO | my_functions.py:170 | Searching 14_days_event.PNG (timeout=0s)
2026-06-01 14:08:15 | INFO | my_functions.py:214 | 
⛔ Not found: 14_days_event.PNG after 0.0s region=(0, 0, 765, 1038) confidence=0.8
2026-06-01 14:08:15 | INFO | my_functions.py:248 | [DEBUG] Buscando en paralelo: ['lets_go.PNG'] | timeout=0s | confidence=0.8
2026-06-01 14:08:15 | INFO | my_functions.py:282 | [DEBUG] Click skipped, ninguna de las imágenes se encontró en el intento.
2026-06-01 14:08:18 | INFO | my_functions.py:170 | Searching shop_unselected.PNG (timeout=0s)
2026-06-01 14:08:18 | INFO | my_functions.py:214 | 
⛔ Not found: shop_unselected.PNG after 0.0s region=(0, 0, 765, 1038) confidence=0.8
2026-06-01 14:08:18 | INFO | my_functions.py:248 | [DEBUG] Buscando en paralelo: ['super_premium.PNG'] | timeout=0s | confidence=0.8
2026-06-01 14:08:18 | INFO | my_functions.py:282 | [DEBUG] Click skipped, ninguna de las imágenes se encontró en el intento.
2026-06-01 14:08:19 | INFO | my_functions.py:248 | [DEBUG] Buscando en paralelo: ['maybe_later.PNG'] | timeout=0s | confidence=0.8
2026-06-01 14:08:19 | INFO | my_functions.py:282 | [DEBUG] Click skipped, ninguna de las imágenes se encontró en el intento.
2026-06-01 14:08:20 | INFO | my_functions.py:248 | [DEBUG] Buscando en paralelo: ['maybe_later2.PNG'] | timeout=0s | confidence=0.8
2026-06-01 14:08:21 | INFO | my_functions.py:282 | [DEBUG] Click skipped, ninguna de las imágenes se encontró en el intento.
2026-06-01 14:08:22 | INFO | my_functions.py:170 | Searching go_to_shop.PNG (timeout=0s)
2026-06-01 14:08:22 | INFO | my_functions.py:214 | 
⛔ Not found: go_to_shop.PNG after 0.0s region=(0, 0, 765, 1038) confidence=0.8
2026-06-01 14:08:22 | INFO | my_functions.py:248 | [DEBUG] Buscando en paralelo: ['14_days_of_winterverse.PNG'] | timeout=0s | confidence=0.8
2026-06-01 14:08:22 | INFO | my_functions.py:282 | [DEBUG] Click skipped, ninguna de las imágenes se encontró en el intento.
2026-06-01 14:08:23 | INFO | my_functions.py:170 | Searching welcome_back_calendar.PNG (timeout=0s)
2026-06-01 14:08:24 | INFO | my_functions.py:214 | 
⛔ Not found: welcome_back_calendar.PNG after 0.16s region=(0, 0, 765, 1038) confidence=0.8
2026-06-01 14:08:24 | INFO | my_functions.py:248 | [DEBUG] Buscando en paralelo: ['start_the_countdown.PNG'] | timeout=0s | confidence=0.8
2026-06-01 14:08:24 | INFO | my_functions.py:282 | [DEBUG] Click skipped, ninguna de las imágenes se encontró en el intento.
2026-06-01 14:08:25 | INFO | my_functions.py:248 | [DEBUG] Buscando en paralelo: ['event_has_ended_sanctum.PNG'] | timeout=0s | confidence=0.8
2026-06-01 14:08:25 | INFO | my_functions.py:282 | [DEBUG] Click skipped, ninguna de las imágenes se encontró en el intento.
2026-06-01 14:08:26 | INFO | my_functions.py:248 | [DEBUG] Buscando en paralelo: ['image_part_of_event_grand_arena_finished.PNG'] | timeout=0s | confidence=0.8
2026-06-01 14:08:26 | INFO | my_functions.py:282 | [DEBUG] Click skipped, ninguna de las imágenes se encontró en el intento.
2026-06-01 14:08:27 | INFO | my_functions.py:170 | Searching 28_day_event_login_rewards.PNG (timeout=0s)
2026-06-01 14:08:28 | INFO | my_functions.py:214 | 
⛔ Not found: 28_day_event_login_rewards.PNG after 0.18s region=(0, 0, 765, 1038) confidence=0.8
2026-06-01 14:08:28 | INFO | my_functions.py:170 | Searching 7_day_event_login.PNG (timeout=0s)
2026-06-01 14:08:28 | INFO | my_functions.py:214 | 
⛔ Not found: 7_day_event_login.PNG after 0.0s region=(0, 0, 765, 1038) confidence=0.8
2026-06-01 14:08:28 | INFO | my_functions.py:170 | Searching 14_days_event.PNG (timeout=0s)
2026-06-01 14:08:28 | INFO | my_functions.py:214 | 
⛔ Not found: 14_days_event.PNG after 0.0s region=(0, 0, 765, 1038) confidence=0.8
2026-06-01 14:08:28 | INFO | my_functions.py:248 | [DEBUG] Buscando en paralelo: ['lets_go.PNG'] | timeout=0s | confidence=0.8
2026-06-01 14:08:28 | INFO | my_functions.py:282 | [DEBUG] Click skipped, ninguna de las imágenes se encontró en el intento.
2026-06-01 14:08:30 | INFO | my_functions.py:170 | Searching shop_unselected.PNG (timeout=0s)
2026-06-01 14:08:31 | INFO | my_functions.py:214 | 
⛔ Not found: shop_unselected.PNG after 0.0s region=(0, 0, 765, 1038) confidence=0.8
2026-06-01 14:08:31 | INFO | my_functions.py:248 | [DEBUG] Buscando en paralelo: ['super_premium.PNG'] | timeout=0s | confidence=0.8
2026-06-01 14:08:31 | INFO | my_functions.py:282 | [DEBUG] Click skipped, ninguna de las imágenes se encontró en el intento.
2026-06-01 14:08:32 | INFO | my_functions.py:248 | [DEBUG] Buscando en paralelo: ['maybe_later.PNG'] | timeout=0s | confidence=0.8
2026-06-01 14:08:32 | INFO | my_functions.py:282 | [DEBUG] Click skipped, ninguna de las imágenes se encontró en el intento.
2026-06-01 14:08:33 | INFO | my_functions.py:248 | [DEBUG] Buscando en paralelo: ['maybe_later2.PNG'] | timeout=0s | confidence=0.8
2026-06-01 14:08:33 | INFO | my_functions.py:282 | [DEBUG] Click skipped, ninguna de las imágenes se encontró en el intento.
2026-06-01 14:08:34 | INFO | my_functions.py:170 | Searching go_to_shop.PNG (timeout=0s)
2026-06-01 14:08:35 | INFO | my_functions.py:214 | 
⛔ Not found: go_to_shop.PNG after 0.18s region=(0, 0, 765, 1038) confidence=0.8
2026-06-01 14:08:35 | INFO | my_functions.py:248 | [DEBUG] Buscando en paralelo: ['14_days_of_winterverse.PNG'] | timeout=0s | confidence=0.8
2026-06-01 14:08:35 | INFO | my_functions.py:282 | [DEBUG] Click skipped, ninguna de las imágenes se encontró en el intento.
2026-06-01 14:08:36 | INFO | my_functions.py:170 | Searching welcome_back_calendar.PNG (timeout=0s)
2026-06-01 14:08:36 | INFO | my_functions.py:214 | 
⛔ Not found: welcome_back_calendar.PNG after 0.0s region=(0, 0, 765, 1038) confidence=0.8
2026-06-01 14:08:36 | INFO | my_functions.py:248 | [DEBUG] Buscando en paralelo: ['start_the_countdown.PNG'] | timeout=0s | confidence=0.8
2026-06-01 14:08:36 | INFO | my_functions.py:282 | [DEBUG] Click skipped, ninguna de las imágenes se encontró en el intento.
2026-06-01 14:08:37 | INFO | my_functions.py:248 | [DEBUG] Buscando en paralelo: ['event_has_ended_sanctum.PNG'] | timeout=0s | confidence=0.8
2026-06-01 14:08:38 | INFO | my_functions.py:282 | [DEBUG] Click skipped, ninguna de las imágenes se encontró en el intento.
2026-06-01 14:08:39 | INFO | my_functions.py:248 | [DEBUG] Buscando en paralelo: ['image_part_of_event_grand_arena_finished.PNG'] | timeout=0s | confidence=0.8
2026-06-01 14:08:39 | INFO | my_functions.py:282 | [DEBUG] Click skipped, ninguna de las imágenes se encontró en el intento.
2026-06-01 14:08:40 | INFO | my_functions.py:170 | Searching 28_day_event_login_rewards.PNG (timeout=0s)
2026-06-01 14:08:40 | INFO | my_functions.py:214 | 
⛔ Not found: 28_day_event_login_rewards.PNG after 0.0s region=(0, 0, 765, 1038) confidence=0.8
2026-06-01 14:08:40 | INFO | my_functions.py:170 | Searching 7_day_event_login.PNG (timeout=0s)
2026-06-01 14:08:41 | INFO | my_functions.py:214 | 
⛔ Not found: 7_day_event_login.PNG after 0.0s region=(0, 0, 765, 1038) confidence=0.8
2026-06-01 14:08:41 | INFO | my_functions.py:170 | Searching 14_days_event.PNG (timeout=0s)
2026-06-01 14:08:41 | INFO | my_functions.py:214 | 
⛔ Not found: 14_days_event.PNG after 0.01s region=(0, 0, 765, 1038) confidence=0.8
2026-06-01 14:08:41 | INFO | my_functions.py:248 | [DEBUG] Buscando en paralelo: ['lets_go.PNG'] | timeout=0s | confidence=0.8
2026-06-01 14:08:41 | INFO | my_functions.py:282 | [DEBUG] Click skipped, ninguna de las imágenes se encontró en el intento.
2026-06-01 14:08:43 | INFO | my_functions.py:170 | Searching shop_unselected.PNG (timeout=0s)
2026-06-01 14:08:43 | INFO | my_functions.py:200 | 
✅ Found: shop_unselected.PNG pos=(88, 961) time=0.19s confidence=0.8
2026-06-01 14:08:51 | INFO | my_functions.py:170 | Searching shop_unselected.PNG (timeout=0s)
2026-06-01 14:08:51 | INFO | my_functions.py:200 | 
✅ Found: shop_unselected.PNG pos=(88, 961) time=0.18s confidence=0.8
2026-06-01 14:08:51 | INFO | my_functions.py:524 | Ya esta listo
2026-06-01 14:08:54 | INFO | my_functions.py:330 | AVAILABLE: 6
2026-06-01 14:08:54 | INFO | my_functions.py:352 | Misiones completadas: 0
2026-06-01 14:08:54 | INFO | my_functions.py:170 | Searching play.PNG (timeout=0s)
2026-06-01 14:08:54 | INFO | my_functions.py:200 | 
✅ Found: play.PNG pos=(384, 824) time=0.22s confidence=0.8
2026-06-01 14:08:54 | INFO | my_functions.py:1189 | [INFO] Click realizado donde se equipa el deck a jugar
2026-06-01 14:08:58 | INFO | my_functions.py:248 | [DEBUG] Buscando en paralelo: ['deck_666666.png'] | timeout=3s | confidence=0.8
2026-06-01 14:08:59 | INFO | my_functions.py:135 | Haciendo click en la posición (235, 546)
2026-06-01 14:08:59 | INFO | my_functions.py:270 | 🖱️ Click OK (En paralelo): deck_666666.png at (235, 546) delay=1s
2026-06-01 14:09:01 | INFO | my_functions.py:248 | [DEBUG] Buscando en paralelo: ['equip.png'] | timeout=3s | confidence=0.95
2026-06-01 14:09:02 | INFO | my_functions.py:135 | Haciendo click en la posición (548, 983)
2026-06-01 14:09:02 | INFO | my_functions.py:270 | 🖱️ Click OK (En paralelo): equip.png at (548, 983) delay=1s
2026-06-01 14:09:03 | INFO | each_eight_hours.py:166 | Deck selected: 6turns
2026-06-01 14:09:03 | INFO | my_functions.py:248 | [DEBUG] Buscando en paralelo: ['maybe_later.PNG'] | timeout=2s | confidence=0.8
2026-06-01 14:09:05 | INFO | my_functions.py:282 | [DEBUG] Click skipped, ninguna de las imágenes se encontró en el intento.
2026-06-01 14:09:06 | INFO | my_functions.py:248 | [DEBUG] Buscando en paralelo: ['maybe_later2.PNG'] | timeout=0.01s | confidence=0.8
2026-06-01 14:09:07 | INFO | my_functions.py:282 | [DEBUG] Click skipped, ninguna de las imágenes se encontró en el intento.
2026-06-01 14:09:08 | INFO | each_eight_hours.py:193 | Starting game loop 1
2026-06-01 14:09:08 | INFO | my_functions.py:248 | [DEBUG] Buscando en paralelo: ['play.PNG'] | timeout=20s | confidence=0.8
2026-06-01 14:09:11 | INFO | my_functions.py:135 | Haciendo click en la posición (384, 824)
2026-06-01 14:09:11 | INFO | my_functions.py:270 | 🖱️ Click OK (En paralelo): play.PNG at (384, 824) delay=3s
2026-06-01 14:09:43 | INFO | my_functions.py:200 | 
✅ Found: end_turn.PNG pos=(682, 945) time=0.18s confidence=0.8
2026-06-01 14:09:43 | INFO | my_functions.py:248 | [DEBUG] Buscando en paralelo: ['snap.PNG'] | timeout=0s | confidence=0.8
2026-06-01 14:09:45 | INFO | my_functions.py:135 | Haciendo click en la posición (386, 123)
2026-06-01 14:09:45 | INFO | my_functions.py:270 | 🖱️ Click OK (En paralelo): snap.PNG at (386, 123) delay=1s
2026-06-01 14:09:51 | INFO | my_functions.py:135 | Haciendo click en la posición (682, 945)
2026-06-01 14:09:52 | INFO | each_eight_hours.py:209 | End turn executed
2026-06-01 14:10:05 | INFO | my_functions.py:200 | 
✅ Found: end_turn.PNG pos=(682, 945) time=0.2s confidence=0.8
2026-06-01 14:10:05 | INFO | my_functions.py:248 | [DEBUG] Buscando en paralelo: ['snap.PNG'] | timeout=0s | confidence=0.8
2026-06-01 14:10:05 | INFO | my_functions.py:282 | [DEBUG] Click skipped, ninguna de las imágenes se encontró en el intento.
2026-06-01 14:10:12 | INFO | my_functions.py:135 | Haciendo click en la posición (682, 945)
2026-06-01 14:10:13 | INFO | each_eight_hours.py:209 | End turn executed
2026-06-01 14:10:27 | INFO | my_functions.py:200 | 
✅ Found: end_turn.PNG pos=(681, 945) time=0.18s confidence=0.8
2026-06-01 14:10:27 | INFO | my_functions.py:248 | [DEBUG] Buscando en paralelo: ['snap.PNG'] | timeout=0s | confidence=0.8
2026-06-01 14:10:27 | INFO | my_functions.py:282 | [DEBUG] Click skipped, ninguna de las imágenes se encontró en el intento.
2026-06-01 14:10:34 | INFO | my_functions.py:135 | Haciendo click en la posición (681, 945)
2026-06-01 14:10:35 | INFO | each_eight_hours.py:209 | End turn executed
2026-06-01 14:11:06 | INFO | my_functions.py:200 | 
✅ Found: aw_snap.png pos=(381, 502) time=0.2s confidence=0.8
2026-06-01 14:11:08 | INFO | my_functions.py:143 | Presionando ESC (1/1)
2026-06-01 14:11:08 | WARNING | each_eight_hours.py:231 | aw_snap detected
2026-06-01 14:11:08 | INFO | my_functions.py:248 | [DEBUG] Buscando en paralelo: ['play_hover.png', 'reconnect_to_game.PNG'] | timeout=5s | confidence=0.8
2026-06-01 14:11:12 | INFO | my_functions.py:135 | Haciendo click en la posición (385, 809)
2026-06-01 14:11:13 | INFO | my_functions.py:270 | 🖱️ Click OK (En paralelo): play_hover.png at (385, 809) delay=1s
2026-06-01 14:11:33 | INFO | my_functions.py:200 | 
✅ Found: end_turn.PNG pos=(682, 945) time=0.22s confidence=0.8
2026-06-01 14:11:33 | INFO | my_functions.py:248 | [DEBUG] Buscando en paralelo: ['snap.PNG'] | timeout=0s | confidence=0.8
2026-06-01 14:11:33 | INFO | my_functions.py:282 | [DEBUG] Click skipped, ninguna de las imágenes se encontró en el intento.
2026-06-01 14:11:39 | INFO | my_functions.py:135 | Haciendo click en la posición (682, 945)
2026-06-01 14:11:41 | INFO | each_eight_hours.py:209 | End turn executed
2026-06-01 14:11:58 | INFO | my_functions.py:200 | 
✅ Found: end_turn.PNG pos=(681, 945) time=0.18s confidence=0.8
2026-06-01 14:11:58 | INFO | my_functions.py:248 | [DEBUG] Buscando en paralelo: ['snap.PNG'] | timeout=0s | confidence=0.8
2026-06-01 14:11:58 | INFO | my_functions.py:282 | [DEBUG] Click skipped, ninguna de las imágenes se encontró en el intento.
2026-06-01 14:12:04 | INFO | my_functions.py:135 | Haciendo click en la posición (681, 945)
2026-06-01 14:12:05 | INFO | each_eight_hours.py:209 | End turn executed
2026-06-01 14:12:43 | INFO | my_functions.py:200 | 
✅ Found: never_seen_before.png pos=(395, 141) time=0.19s confidence=0.8
2026-06-01 14:12:43 | WARNING | each_eight_hours.py:222 | Unknown popup handled
2026-06-01 14:13:25 | INFO | my_functions.py:200 | 
✅ Found: end_turn.PNG pos=(682, 945) time=0.2s confidence=0.8
2026-06-01 14:13:25 | INFO | my_functions.py:248 | [DEBUG] Buscando en paralelo: ['snap.PNG'] | timeout=0s | confidence=0.8
2026-06-01 14:13:25 | INFO | my_functions.py:282 | [DEBUG] Click skipped, ninguna de las imágenes se encontró en el intento.
2026-06-01 14:13:31 | INFO | my_functions.py:135 | Haciendo click en la posición (682, 945)
2026-06-01 14:13:33 | INFO | each_eight_hours.py:209 | End turn executed
2026-06-01 14:13:33 | INFO | my_functions.py:200 | 
✅ Found: flechas.png pos=(42, 912) time=0.19s confidence=0.8
2026-06-01 14:13:35 | INFO | my_functions.py:143 | Presionando ESC (1/1)
2026-06-01 14:13:36 | INFO | my_functions.py:248 | [DEBUG] Buscando en paralelo: ['end_turn.PNG'] | timeout=0s | confidence=0.8
2026-06-01 14:13:36 | INFO | my_functions.py:282 | [DEBUG] Click skipped, ninguna de las imágenes se encontró en el intento.
2026-06-01 14:13:37 | WARNING | each_eight_hours.py:246 | Arrow overlay handled
2026-06-01 14:13:47 | INFO | my_functions.py:200 | 
✅ Found: collect_rewards.PNG pos=(680, 972) time=0.2s confidence=0.8
2026-06-01 14:13:47 | INFO | each_eight_hours.py:248 | Rewards detected, exiting match
2026-06-01 14:13:47 | INFO | my_functions.py:248 | [DEBUG] Buscando en paralelo: ['collect_rewards.PNG'] | timeout=20s | confidence=0.8
2026-06-01 14:13:48 | INFO | my_functions.py:135 | Haciendo click en la posición (679, 959)
2026-06-01 14:13:49 | INFO | my_functions.py:270 | 🖱️ Click OK (En paralelo): collect_rewards.PNG at (679, 959) delay=1s
2026-06-01 14:13:50 | INFO | my_functions.py:248 | [DEBUG] Buscando en paralelo: ['next.PNG'] | timeout=20s | confidence=0.8
2026-06-01 14:13:54 | INFO | my_functions.py:135 | Haciendo click en la posición (677, 973)
2026-06-01 14:13:54 | INFO | my_functions.py:270 | 🖱️ Click OK (En paralelo): next.PNG at (677, 973) delay=1s
2026-06-01 14:13:58 | INFO | my_functions.py:330 | AVAILABLE: 6
2026-06-01 14:13:58 | INFO | each_eight_hours.py:315 | Submissions after match: 6
2026-06-01 14:13:58 | INFO | my_functions.py:352 | Misiones completadas: 2
2026-06-01 14:13:58 | INFO | each_eight_hours.py:319 | Submission condition met, breaking loop
2026-06-01 14:13:58 | INFO | my_functions.py:248 | [DEBUG] Buscando en paralelo: ['missionsNotify2.png'] | timeout=20s | confidence=0.8
2026-06-01 14:14:01 | INFO | my_functions.py:135 | Haciendo click en la posición (538, 124)
2026-06-01 14:14:01 | INFO | my_functions.py:270 | 🖱️ Click OK (En paralelo): missionsNotify2.png at (538, 124) delay=3s
2026-06-01 14:14:02 | INFO | my_functions.py:1219 | [INFO] Iniciando click_missions_blue2
2026-06-01 14:14:02 | INFO | my_functions.py:135 | Haciendo click en la posición (150, 132)
2026-06-01 14:14:03 | INFO | my_functions.py:1222 | [ACTION] Click hecho en icono de calendario que me dirige a las misiones ordinarias
2026-06-01 14:14:03 | INFO | my_functions.py:170 | Searching bonus_challenge.png (timeout=0s)
2026-06-01 14:14:04 | INFO | my_functions.py:214 | 
⛔ Not found: bonus_challenge.png after 0.0s region=(0, 0, 765, 1038) confidence=0.8
2026-06-01 14:14:06 | INFO | my_functions.py:135 | Haciendo click en la posición (362, 493)
2026-06-01 14:14:07 | INFO | my_functions.py:1235 | [ACTION] Click 1/2 en misión azul
2026-06-01 14:14:07 | INFO | my_functions.py:135 | Haciendo click en la posición (362, 493)
2026-06-01 14:14:08 | INFO | my_functions.py:1235 | [ACTION] Click 2/2 en misión azul
2026-06-01 14:14:09 | INFO | my_functions.py:170 | Searching flechita_mission.PNG (timeout=0s)
2026-06-01 14:14:09 | INFO | my_functions.py:214 | 
⛔ Not found: flechita_mission.PNG after 0.0s region=(0, 0, 765, 1038) confidence=0.8
2026-06-01 14:14:09 | INFO | my_functions.py:248 | [DEBUG] Buscando en paralelo: ['weekly3.PNG'] | timeout=0s | confidence=0.8
2026-06-01 14:14:09 | INFO | my_functions.py:282 | [DEBUG] Click skipped, ninguna de las imágenes se encontró en el intento.
2026-06-01 14:14:10 | INFO | my_functions.py:248 | [DEBUG] Buscando en paralelo: ['weekly3.PNG'] | timeout=0s | confidence=0.8
2026-06-01 14:14:11 | INFO | my_functions.py:282 | [DEBUG] Click skipped, ninguna de las imágenes se encontró en el intento.
2026-06-01 14:14:12 | INFO | my_functions.py:135 | Haciendo click en la posición (557, 64)
2026-06-01 14:14:13 | INFO | my_functions.py:248 | [DEBUG] Buscando en paralelo: ['cards_shop.PNG'] | timeout=20s | confidence=0.8
2026-06-01 14:14:15 | INFO | my_functions.py:135 | Haciendo click en la posición (568, 121)
2026-06-01 14:14:15 | INFO | my_functions.py:270 | 🖱️ Click OK (En paralelo): cards_shop.PNG at (568, 121) delay=1s
2026-06-01 14:14:16 | INFO | my_functions.py:248 | [DEBUG] Buscando en paralelo: ['token_icon.PNG'] | timeout=20s | confidence=0.8
2026-06-01 14:14:18 | INFO | my_functions.py:135 | Haciendo click en la posición (661, 171)
2026-06-01 14:14:18 | INFO | my_functions.py:270 | 🖱️ Click OK (En paralelo): token_icon.PNG at (661, 171) delay=1s
2026-06-01 14:14:21 | INFO | my_functions.py:248 | [DEBUG] Buscando en paralelo: ['claim!_token_3.PNG'] | timeout=4s | confidence=0.8
2026-06-01 14:14:23 | INFO | my_functions.py:135 | Haciendo click en la posición (231, 573)
2026-06-01 14:14:23 | INFO | my_functions.py:270 | 🖱️ Click OK (En paralelo): claim!_token_3.PNG at (231, 573) delay=1s
2026-06-01 14:14:24 | INFO | my_functions.py:248 | [DEBUG] Buscando en paralelo: ['cards_shop.PNG'] | timeout=20s | confidence=0.8
2026-06-01 14:14:25 | INFO | my_functions.py:135 | Haciendo click en la posición (568, 122)
2026-06-01 14:14:25 | INFO | my_functions.py:270 | 🖱️ Click OK (En paralelo): cards_shop.PNG at (568, 122) delay=1s
2026-06-01 14:14:26 | INFO | my_functions.py:248 | [DEBUG] Buscando en paralelo: ['offers.PNG'] | timeout=20s | confidence=0.8
2026-06-01 14:14:28 | INFO | my_functions.py:135 | Haciendo click en la posición (197, 121)
2026-06-01 14:14:28 | INFO | my_functions.py:270 | 🖱️ Click OK (En paralelo): offers.PNG at (197, 121) delay=1s
2026-06-01 14:14:29 | INFO | my_functions.py:1119 | [INFO] Iniciando mejora de cartas
2026-06-01 14:14:29 | INFO | my_functions.py:248 | [DEBUG] Buscando en paralelo: ['upgrade_cards_icon.PNG'] | timeout=20s | confidence=0.8
2026-06-01 14:14:30 | INFO | my_functions.py:135 | Haciendo click en la posición (322, 170)
2026-06-01 14:14:30 | INFO | my_functions.py:270 | 🖱️ Click OK (En paralelo): upgrade_cards_icon.PNG at (322, 170) delay=1s
2026-06-01 14:14:31 | INFO | my_functions.py:1123 | [INFO] Abriendo icono de upgrade_cards
2026-06-01 14:14:32 | INFO | my_functions.py:1129 | [STEP] Mejorando carta 1
2026-06-01 14:14:33 | INFO | my_functions.py:1133 | [ACTION] Click en carta 1
2026-06-01 14:14:34 | INFO | my_functions.py:1138 | [ACTION] Click en botón upgrade
2026-06-01 14:14:41 | INFO | my_functions.py:248 | [DEBUG] Buscando en paralelo: ['you_need_more_credits!.png'] | timeout=3s | confidence=0.8
2026-06-01 14:14:44 | INFO | my_functions.py:282 | [DEBUG] Click skipped, ninguna de las imágenes se encontró en el intento.
2026-06-01 14:14:50 | INFO | my_functions.py:1153 | [ACTION] Click para continuar a stage de nivel de coleccion
2026-06-01 14:14:55 | INFO | my_functions.py:143 | Presionando ESC (1/1)
2026-06-01 14:14:56 | INFO | my_functions.py:1158 | [ACTION] Saliendo de stage nivel de coleccion con ESC
2026-06-01 14:14:57 | INFO | my_functions.py:248 | [DEBUG] Buscando en paralelo: ['upgrade_cards_icon_selected.PNG'] | timeout=0s | confidence=0.8
2026-06-01 14:14:58 | INFO | my_functions.py:135 | Haciendo click en la posición (320, 173)
2026-06-01 14:14:58 | INFO | my_functions.py:270 | 🖱️ Click OK (En paralelo): upgrade_cards_icon_selected.PNG at (320, 173) delay=1s
2026-06-01 14:14:59 | INFO | my_functions.py:1178 | [INFO] Reabriendo icono de upgrade_cards
2026-06-01 14:15:00 | INFO | my_functions.py:1129 | [STEP] Mejorando carta 2
2026-06-01 14:15:00 | INFO | my_functions.py:1133 | [ACTION] Click en carta 2
2026-06-01 14:15:02 | INFO | my_functions.py:1138 | [ACTION] Click en botón upgrade
2026-06-01 14:15:09 | INFO | my_functions.py:248 | [DEBUG] Buscando en paralelo: ['you_need_more_credits!.png'] | timeout=3s | confidence=0.8
2026-06-01 14:15:12 | INFO | my_functions.py:282 | [DEBUG] Click skipped, ninguna de las imágenes se encontró en el intento.
2026-06-01 14:15:18 | INFO | my_functions.py:1153 | [ACTION] Click para continuar a stage de nivel de coleccion
2026-06-01 14:15:23 | INFO | my_functions.py:143 | Presionando ESC (1/1)
2026-06-01 14:15:24 | INFO | my_functions.py:1158 | [ACTION] Saliendo de stage nivel de coleccion con ESC
2026-06-01 14:15:25 | INFO | my_functions.py:248 | [DEBUG] Buscando en paralelo: ['upgrade_cards_icon_selected.PNG'] | timeout=0s | confidence=0.8
2026-06-01 14:15:26 | INFO | my_functions.py:135 | Haciendo click en la posición (320, 173)
2026-06-01 14:15:26 | INFO | my_functions.py:270 | 🖱️ Click OK (En paralelo): upgrade_cards_icon_selected.PNG at (320, 173) delay=1s
2026-06-01 14:15:27 | INFO | my_functions.py:1178 | [INFO] Reabriendo icono de upgrade_cards
2026-06-01 14:15:28 | INFO | my_functions.py:1129 | [STEP] Mejorando carta 3
2026-06-01 14:15:28 | INFO | my_functions.py:1133 | [ACTION] Click en carta 3
2026-06-01 14:15:29 | INFO | my_functions.py:1138 | [ACTION] Click en botón upgrade
2026-06-01 14:15:36 | INFO | my_functions.py:248 | [DEBUG] Buscando en paralelo: ['you_need_more_credits!.png'] | timeout=3s | confidence=0.8
2026-06-01 14:15:39 | INFO | my_functions.py:282 | [DEBUG] Click skipped, ninguna de las imágenes se encontró en el intento.
2026-06-01 14:15:46 | INFO | my_functions.py:1153 | [ACTION] Click para continuar a stage de nivel de coleccion
2026-06-01 14:15:51 | INFO | my_functions.py:143 | Presionando ESC (1/1)
2026-06-01 14:15:51 | INFO | my_functions.py:1158 | [ACTION] Saliendo de stage nivel de coleccion con ESC
2026-06-01 14:15:52 | INFO | my_functions.py:1181 | [INFO] Mejora de cartas completada ✅
2026-06-01 14:15:52 | INFO | my_functions.py:143 | Presionando ESC (1/1)
2026-06-01 14:15:53 | INFO | my_functions.py:248 | [DEBUG] Buscando en paralelo: ['white_x.png'] | timeout=2s | confidence=0.8
2026-06-01 14:15:55 | INFO | my_functions.py:282 | [DEBUG] Click skipped, ninguna de las imágenes se encontró en el intento.
2026-06-01 14:15:56 | INFO | my_functions.py:248 | [DEBUG] Buscando en paralelo: ['nut.png'] | timeout=20s | confidence=0.8
2026-06-01 14:15:57 | INFO | my_functions.py:135 | Haciendo click en la posición (184, 78)
2026-06-01 14:15:58 | INFO | my_functions.py:270 | 🖱️ Click OK (En paralelo): nut.png at (184, 78) delay=1s
2026-06-01 14:15:59 | INFO | my_functions.py:248 | [DEBUG] Buscando en paralelo: ['graphics_quality.png'] | timeout=3s | confidence=0.8
2026-06-01 14:16:00 | INFO | my_functions.py:135 | Haciendo click en la posición (304, 644)
2026-06-01 14:16:00 | INFO | my_functions.py:270 | 🖱️ Click OK (En paralelo): graphics_quality.png at (304, 644) delay=1s
2026-06-01 14:16:02 | INFO | my_functions.py:248 | [DEBUG] Buscando en paralelo: ['sign_out.png'] | timeout=20s | confidence=0.8
2026-06-01 14:16:04 | INFO | my_functions.py:135 | Haciendo click en la posición (380, 796)
2026-06-01 14:16:04 | INFO | my_functions.py:270 | 🖱️ Click OK (En paralelo): sign_out.png at (380, 796) delay=1s
2026-06-01 14:16:06 | INFO | my_functions.py:248 | [DEBUG] Buscando en paralelo: ['sign_out_grande.png'] | timeout=20s | confidence=0.8
2026-06-01 14:16:07 | INFO | my_functions.py:135 | Haciendo click en la posición (359, 437)
2026-06-01 14:16:07 | INFO | my_functions.py:270 | 🖱️ Click OK (En paralelo): sign_out_grande.png at (359, 437) delay=1s
2026-06-01 14:16:08 | INFO | my_functions.py:248 | [DEBUG] Buscando en paralelo: ['sign_out2.png'] | timeout=20s | confidence=0.8
2026-06-01 14:16:10 | INFO | my_functions.py:135 | Haciendo click en la posición (383, 634)
2026-06-01 14:16:10 | INFO | my_functions.py:270 | 🖱️ Click OK (En paralelo): sign_out2.png at (383, 634) delay=1s
2026-06-01 14:16:11 | INFO | my_functions.py:1294 | ⏱ Esperando 0.1 segundos antes de empezar...
2026-06-01 14:16:11 | INFO | my_functions.py:1301 | 🔍 Esperando ventana que contenga alguna de: SNAP (máx 20s)
2026-06-01 14:16:11 | INFO | my_functions.py:1313 | ✅ Ventana encontrada: 'SNAP'
2026-06-01 14:16:11 | INFO | my_functions.py:1328 | ✅ Ventana seleccionada: 'SNAP'
2026-06-01 14:16:13 | INFO | my_functions.py:1351 | 🔁 Reajuste #1...
2026-06-01 14:16:15 | INFO | my_functions.py:1358 | ✔ Verificación completa. Se hicieron 1 reajustes.
2026-06-01 14:16:19 | INFO | each_eight_hours.py:139 | Processing account: reeps_vm
2026-06-01 14:16:20 | INFO | each_eight_hours.py:142 | Game relaunched for account
2026-06-01 14:16:20 | INFO | my_functions.py:1294 | ⏱ Esperando 0.1 segundos antes de empezar...
2026-06-01 14:16:20 | INFO | my_functions.py:1301 | 🔍 Esperando ventana que contenga alguna de: ['SNAP'] (máx 20s)
2026-06-01 14:16:23 | INFO | my_functions.py:1313 | ✅ Ventana encontrada: 'SNAP'
2026-06-01 14:16:23 | INFO | my_functions.py:1328 | ✅ Ventana seleccionada: 'SNAP'
2026-06-01 14:16:25 | INFO | my_functions.py:1360 | ✔ Verificación completa. No hubo cambios después del primer ajuste.
2026-06-01 14:16:25 | INFO | my_functions.py:997 | [DEBUG] Resizing SNAP window...
2026-06-01 14:16:25 | INFO | my_functions.py:1294 | ⏱ Esperando 0.1 segundos antes de empezar...
2026-06-01 14:16:25 | INFO | my_functions.py:1301 | 🔍 Esperando ventana que contenga alguna de: ['SNAP'] (máx 20s)
2026-06-01 14:16:25 | INFO | my_functions.py:1313 | ✅ Ventana encontrada: 'SNAP'
2026-06-01 14:16:25 | INFO | my_functions.py:1328 | ✅ Ventana seleccionada: 'SNAP'
2026-06-01 14:16:28 | INFO | my_functions.py:1360 | ✔ Verificación completa. No hubo cambios después del primer ajuste.
2026-06-01 14:16:28 | INFO | my_functions.py:248 | [DEBUG] Buscando en paralelo: ['small_submit.PNG', 'small_submit_hover.png', 'submit_hover_2.png', 'small_submit_hover_2.png'] | timeout=90s | confidence=0.8
2026-06-01 14:16:33 | INFO | my_functions.py:135 | Haciendo click en la posición (380, 642)
2026-06-01 14:16:34 | INFO | my_functions.py:270 | 🖱️ Click OK (En paralelo): small_submit.PNG at (380, 642) delay=0.2s
2026-06-01 14:16:37 | INFO | my_functions.py:248 | [DEBUG] Buscando en paralelo: ['small_submit.PNG', 'small_submit_hover.png', 'submit_hover_2.png', 'small_submit_hover_2.png'] | timeout=20s | confidence=0.8
2026-06-01 14:16:37 | INFO | my_functions.py:135 | Haciendo click en la posición (380, 721)
2026-06-01 14:16:37 | INFO | my_functions.py:270 | 🖱️ Click OK (En paralelo): small_submit.PNG at (380, 721) delay=0.2s
2026-06-01 14:16:39 | INFO | my_functions.py:1294 | ⏱ Esperando 0.1 segundos antes de empezar...
2026-06-01 14:16:39 | INFO | my_functions.py:1301 | 🔍 Esperando ventana que contenga alguna de: ['SNAP'] (máx 20s)
2026-06-01 14:16:39 | INFO | my_functions.py:1313 | ✅ Ventana encontrada: 'SNAP'
2026-06-01 14:16:39 | INFO | my_functions.py:1328 | ✅ Ventana seleccionada: 'SNAP'
2026-06-01 14:16:41 | INFO | my_functions.py:1351 | 🔁 Reajuste #1...
2026-06-01 14:16:42 | INFO | my_functions.py:1358 | ✔ Verificación completa. Se hicieron 1 reajustes.
2026-06-01 14:16:42 | INFO | my_functions.py:170 | Searching please_sign.png (timeout=0s)
2026-06-01 14:16:42 | INFO | my_functions.py:200 | 
✅ Found: please_sign.png pos=(383, 438) time=0.18s confidence=0.8
2026-06-01 14:16:42 | INFO | my_functions.py:248 | [DEBUG] Buscando en paralelo: ['ok_btn.png'] | timeout=20s | confidence=0.8
2026-06-01 14:16:43 | INFO | my_functions.py:135 | Haciendo click en la posición (382, 634)
2026-06-01 14:16:43 | INFO | my_functions.py:270 | 🖱️ Click OK (En paralelo): ok_btn.png at (382, 634) delay=1s
2026-06-01 14:16:44 | INFO | my_functions.py:248 | [DEBUG] Buscando en paralelo: ['small_submit.PNG', 'small_submit_hover.png', 'submit_hover_2.png', 'small_submit_hover_2.png'] | timeout=90s | confidence=0.8
2026-06-01 14:16:46 | INFO | my_functions.py:135 | Haciendo click en la posición (383, 643)
2026-06-01 14:16:46 | INFO | my_functions.py:270 | 🖱️ Click OK (En paralelo): small_submit_hover_2.png at (383, 643) delay=0.2s
2026-06-01 14:16:47 | INFO | my_functions.py:248 | [DEBUG] Buscando en paralelo: ['small_submit.PNG', 'small_submit_hover.png', 'submit_hover_2.png', 'small_submit_hover_2.png'] | timeout=20s | confidence=0.8
2026-06-01 14:16:48 | INFO | my_functions.py:135 | Haciendo click en la posición (380, 721)
2026-06-01 14:16:48 | INFO | my_functions.py:270 | 🖱️ Click OK (En paralelo): small_submit.PNG at (380, 721) delay=0.2s
2026-06-01 14:16:49 | INFO | my_functions.py:170 | Searching sign_in_with_google2.PNG (timeout=90s)
2026-06-01 14:16:49 | INFO | my_functions.py:200 | 
✅ Found: sign_in_with_google2.PNG pos=(406, 957) time=0.19s confidence=0.8
2026-06-01 14:16:49 | INFO | my_functions.py:248 | [DEBUG] Buscando en paralelo: ['sign_in_with_google2.PNG'] | timeout=20s | confidence=0.8
2026-06-01 14:16:50 | INFO | my_functions.py:135 | Haciendo click en la posición (406, 957)
2026-06-01 14:16:50 | INFO | my_functions.py:270 | 🖱️ Click OK (En paralelo): sign_in_with_google2.PNG at (406, 957) delay=1s
2026-06-01 14:16:52 | INFO | my_functions.py:248 | [DEBUG] Buscando en paralelo: ['reeps_vm.png'] | timeout=30s | confidence=0.8
2026-06-01 14:17:00 | INFO | my_functions.py:135 | Haciendo click en la posición (1126, 534)
2026-06-01 14:17:00 | INFO | my_functions.py:270 | 🖱️ Click OK (En paralelo): reeps_vm.png at (1126, 534) delay=3s
2026-06-01 14:17:02 | INFO | my_functions.py:170 | Searching marvelsnap_web.png (timeout=30s)
2026-06-01 14:17:06 | INFO | my_functions.py:200 | 
✅ Found: marvelsnap_web.png pos=(258, 80) time=4.35s confidence=0.7
2026-06-01 14:17:06 | INFO | my_functions.py:170 | Searching shop_unselected.PNG (timeout=0s)
2026-06-01 14:17:06 | INFO | my_functions.py:214 | 
⛔ Not found: shop_unselected.PNG after 0.0s region=(0, 0, 765, 1038) confidence=0.8
2026-06-01 14:17:06 | INFO | my_functions.py:248 | [DEBUG] Buscando en paralelo: ['super_premium.PNG'] | timeout=0s | confidence=0.8
2026-06-01 14:17:07 | INFO | my_functions.py:282 | [DEBUG] Click skipped, ninguna de las imágenes se encontró en el intento.
2026-06-01 14:17:08 | INFO | my_functions.py:248 | [DEBUG] Buscando en paralelo: ['maybe_later.PNG'] | timeout=0s | confidence=0.8
2026-06-01 14:17:08 | INFO | my_functions.py:282 | [DEBUG] Click skipped, ninguna de las imágenes se encontró en el intento.
2026-06-01 14:17:09 | INFO | my_functions.py:248 | [DEBUG] Buscando en paralelo: ['maybe_later2.PNG'] | timeout=0s | confidence=0.8
2026-06-01 14:17:09 | INFO | my_functions.py:282 | [DEBUG] Click skipped, ninguna de las imágenes se encontró en el intento.
2026-06-01 14:17:10 | INFO | my_functions.py:170 | Searching go_to_shop.PNG (timeout=0s)
2026-06-01 14:17:11 | INFO | my_functions.py:214 | 
⛔ Not found: go_to_shop.PNG after 0.0s region=(0, 0, 765, 1038) confidence=0.8
2026-06-01 14:17:11 | INFO | my_functions.py:248 | [DEBUG] Buscando en paralelo: ['14_days_of_winterverse.PNG'] | timeout=0s | confidence=0.8
2026-06-01 14:17:11 | INFO | my_functions.py:282 | [DEBUG] Click skipped, ninguna de las imágenes se encontró en el intento.
2026-06-01 14:17:12 | INFO | my_functions.py:170 | Searching welcome_back_calendar.PNG (timeout=0s)
2026-06-01 14:17:12 | INFO | my_functions.py:214 | 
⛔ Not found: welcome_back_calendar.PNG after 0.0s region=(0, 0, 765, 1038) confidence=0.8
2026-06-01 14:17:12 | INFO | my_functions.py:248 | [DEBUG] Buscando en paralelo: ['start_the_countdown.PNG'] | timeout=0s | confidence=0.8
2026-06-01 14:17:12 | INFO | my_functions.py:282 | [DEBUG] Click skipped, ninguna de las imágenes se encontró en el intento.
2026-06-01 14:17:13 | INFO | my_functions.py:248 | [DEBUG] Buscando en paralelo: ['event_has_ended_sanctum.PNG'] | timeout=0s | confidence=0.8
2026-06-01 14:17:13 | INFO | my_functions.py:282 | [DEBUG] Click skipped, ninguna de las imágenes se encontró en el intento.
2026-06-01 14:17:15 | INFO | my_functions.py:248 | [DEBUG] Buscando en paralelo: ['image_part_of_event_grand_arena_finished.PNG'] | timeout=0s | confidence=0.8
2026-06-01 14:17:15 | INFO | my_functions.py:282 | [DEBUG] Click skipped, ninguna de las imágenes se encontró en el intento.
2026-06-01 14:17:16 | INFO | my_functions.py:170 | Searching 28_day_event_login_rewards.PNG (timeout=0s)
2026-06-01 14:17:16 | INFO | my_functions.py:214 | 
⛔ Not found: 28_day_event_login_rewards.PNG after 0.0s region=(0, 0, 765, 1038) confidence=0.8
2026-06-01 14:17:16 | INFO | my_functions.py:170 | Searching 7_day_event_login.PNG (timeout=0s)
2026-06-01 14:17:16 | INFO | my_functions.py:214 | 
⛔ Not found: 7_day_event_login.PNG after 0.01s region=(0, 0, 765, 1038) confidence=0.8
2026-06-01 14:17:16 | INFO | my_functions.py:170 | Searching 14_days_event.PNG (timeout=0s)
2026-06-01 14:17:16 | INFO | my_functions.py:214 | 
⛔ Not found: 14_days_event.PNG after 0.0s region=(0, 0, 765, 1038) confidence=0.8
2026-06-01 14:17:16 | INFO | my_functions.py:248 | [DEBUG] Buscando en paralelo: ['lets_go.PNG'] | timeout=0s | confidence=0.8
2026-06-01 14:17:17 | INFO | my_functions.py:282 | [DEBUG] Click skipped, ninguna de las imágenes se encontró en el intento.
2026-06-01 14:17:19 | INFO | my_functions.py:170 | Searching shop_unselected.PNG (timeout=0s)
2026-06-01 14:17:19 | INFO | my_functions.py:200 | 
✅ Found: shop_unselected.PNG pos=(88, 961) time=0.2s confidence=0.8
2026-06-01 14:17:27 | INFO | my_functions.py:170 | Searching shop_unselected.PNG (timeout=0s)
2026-06-01 14:17:27 | INFO | my_functions.py:214 | 
⛔ Not found: shop_unselected.PNG after 0.0s region=(0, 0, 765, 1038) confidence=0.8
2026-06-01 14:17:28 | INFO | my_functions.py:170 | Searching shop_unselected.PNG (timeout=0s)
2026-06-01 14:17:28 | INFO | my_functions.py:214 | 
⛔ Not found: shop_unselected.PNG after 0.0s region=(0, 0, 765, 1038) confidence=0.8
2026-06-01 14:17:28 | INFO | my_functions.py:248 | [DEBUG] Buscando en paralelo: ['super_premium.PNG'] | timeout=0s | confidence=0.8
2026-06-01 14:17:30 | INFO | my_functions.py:135 | Haciendo click en la posición (480, 777)
2026-06-01 14:17:30 | INFO | my_functions.py:270 | 🖱️ Click OK (En paralelo): super_premium.PNG at (480, 777) delay=1s
2026-06-01 14:17:31 | INFO | my_functions.py:143 | Presionando ESC (1/1)
2026-06-01 14:17:39 | INFO | my_functions.py:170 | Searching shop_unselected.PNG (timeout=0s)
2026-06-01 14:17:40 | INFO | my_functions.py:200 | 
✅ Found: shop_unselected.PNG pos=(88, 961) time=0.17s confidence=0.8
2026-06-01 14:17:40 | INFO | my_functions.py:524 | Ya esta listo
2026-06-01 14:17:42 | INFO | my_functions.py:330 | AVAILABLE: 6
2026-06-01 14:17:42 | INFO | my_functions.py:352 | Misiones completadas: 0
2026-06-01 14:17:42 | INFO | my_functions.py:170 | Searching play.PNG (timeout=0s)
2026-06-01 14:17:42 | INFO | my_functions.py:200 | 
✅ Found: play.PNG pos=(384, 826) time=0.22s confidence=0.8
2026-06-01 14:17:42 | INFO | my_functions.py:1189 | [INFO] Click realizado donde se equipa el deck a jugar
2026-06-01 14:17:46 | INFO | my_functions.py:248 | [DEBUG] Buscando en paralelo: ['deck_666666.png'] | timeout=3s | confidence=0.8
2026-06-01 14:17:47 | INFO | my_functions.py:135 | Haciendo click en la posición (235, 547)
2026-06-01 14:17:48 | INFO | my_functions.py:270 | 🖱️ Click OK (En paralelo): deck_666666.png at (235, 547) delay=1s
2026-06-01 14:17:49 | INFO | my_functions.py:248 | [DEBUG] Buscando en paralelo: ['equip.png'] | timeout=3s | confidence=0.95
2026-06-01 14:17:52 | INFO | my_functions.py:282 | [DEBUG] Click skipped, ninguna de las imágenes se encontró en el intento.
2026-06-01 14:17:53 | INFO | my_functions.py:143 | Presionando ESC (1/1)
2026-06-01 14:17:53 | INFO | each_eight_hours.py:166 | Deck selected: 6turns
2026-06-01 14:17:53 | INFO | my_functions.py:248 | [DEBUG] Buscando en paralelo: ['maybe_later.PNG'] | timeout=2s | confidence=0.8
2026-06-01 14:17:56 | INFO | my_functions.py:282 | [DEBUG] Click skipped, ninguna de las imágenes se encontró en el intento.
2026-06-01 14:17:57 | INFO | my_functions.py:248 | [DEBUG] Buscando en paralelo: ['maybe_later2.PNG'] | timeout=0.01s | confidence=0.8
2026-06-01 14:17:57 | INFO | my_functions.py:282 | [DEBUG] Click skipped, ninguna de las imágenes se encontró en el intento.
2026-06-01 14:17:58 | INFO | each_eight_hours.py:193 | Starting game loop 1
2026-06-01 14:17:58 | INFO | my_functions.py:248 | [DEBUG] Buscando en paralelo: ['play.PNG'] | timeout=20s | confidence=0.8
2026-06-01 14:18:01 | INFO | my_functions.py:135 | Haciendo click en la posición (384, 824)
2026-06-01 14:18:01 | INFO | my_functions.py:270 | 🖱️ Click OK (En paralelo): play.PNG at (384, 824) delay=3s
2026-06-01 14:18:16 | INFO | my_functions.py:200 | 
✅ Found: end_turn.PNG pos=(681, 945) time=0.17s confidence=0.8
2026-06-01 14:18:16 | INFO | my_functions.py:248 | [DEBUG] Buscando en paralelo: ['snap.PNG'] | timeout=0s | confidence=0.8
2026-06-01 14:18:18 | INFO | my_functions.py:135 | Haciendo click en la posición (386, 122)
2026-06-01 14:18:18 | INFO | my_functions.py:270 | 🖱️ Click OK (En paralelo): snap.PNG at (386, 122) delay=1s
2026-06-01 14:18:24 | INFO | my_functions.py:135 | Haciendo click en la posición (681, 945)
2026-06-01 14:18:25 | INFO | each_eight_hours.py:209 | End turn executed
2026-06-01 14:18:46 | INFO | my_functions.py:200 | 
✅ Found: end_turn.PNG pos=(681, 945) time=0.18s confidence=0.8
2026-06-01 14:18:46 | INFO | my_functions.py:248 | [DEBUG] Buscando en paralelo: ['snap.PNG'] | timeout=0s | confidence=0.8
2026-06-01 14:18:46 | INFO | my_functions.py:282 | [DEBUG] Click skipped, ninguna de las imágenes se encontró en el intento.
2026-06-01 14:18:52 | INFO | my_functions.py:135 | Haciendo click en la posición (681, 945)
2026-06-01 14:18:54 | INFO | each_eight_hours.py:209 | End turn executed
2026-06-01 14:19:15 | INFO | my_functions.py:200 | 
✅ Found: end_turn.PNG pos=(681, 945) time=0.17s confidence=0.8
2026-06-01 14:19:15 | INFO | my_functions.py:248 | [DEBUG] Buscando en paralelo: ['snap.PNG'] | timeout=0s | confidence=0.8
2026-06-01 14:19:15 | INFO | my_functions.py:282 | [DEBUG] Click skipped, ninguna de las imágenes se encontró en el intento.
2026-06-01 14:19:21 | INFO | my_functions.py:135 | Haciendo click en la posición (681, 945)
2026-06-01 14:19:22 | INFO | each_eight_hours.py:209 | End turn executed
2026-06-01 14:19:34 | INFO | my_functions.py:200 | 
✅ Found: end_turn.PNG pos=(681, 945) time=0.18s confidence=0.8
2026-06-01 14:19:34 | INFO | my_functions.py:248 | [DEBUG] Buscando en paralelo: ['snap.PNG'] | timeout=0s | confidence=0.8
2026-06-01 14:19:34 | INFO | my_functions.py:282 | [DEBUG] Click skipped, ninguna de las imágenes se encontró en el intento.
2026-06-01 14:19:40 | INFO | my_functions.py:135 | Haciendo click en la posición (681, 945)
2026-06-01 14:19:41 | INFO | each_eight_hours.py:209 | End turn executed
2026-06-01 14:20:11 | INFO | my_functions.py:200 | 
✅ Found: end_turn.PNG pos=(681, 945) time=0.18s confidence=0.8
2026-06-01 14:20:11 | INFO | my_functions.py:248 | [DEBUG] Buscando en paralelo: ['snap.PNG'] | timeout=0s | confidence=0.8
2026-06-01 14:20:12 | INFO | my_functions.py:282 | [DEBUG] Click skipped, ninguna de las imágenes se encontró en el intento.
2026-06-01 14:20:18 | INFO | my_functions.py:135 | Haciendo click en la posición (681, 945)
2026-06-01 14:20:19 | INFO | each_eight_hours.py:209 | End turn executed
2026-06-01 14:20:42 | INFO | my_functions.py:200 | 
✅ Found: end_turn.PNG pos=(681, 945) time=0.19s confidence=0.8
2026-06-01 14:20:42 | INFO | my_functions.py:248 | [DEBUG] Buscando en paralelo: ['snap.PNG'] | timeout=0s | confidence=0.8
2026-06-01 14:20:43 | INFO | my_functions.py:282 | [DEBUG] Click skipped, ninguna de las imágenes se encontró en el intento.
2026-06-01 14:20:49 | INFO | my_functions.py:135 | Haciendo click en la posición (681, 945)
2026-06-01 14:20:50 | INFO | each_eight_hours.py:209 | End turn executed
2026-06-01 14:21:24 | INFO | my_functions.py:200 | 
✅ Found: collect_rewards.PNG pos=(679, 957) time=0.25s confidence=0.8
2026-06-01 14:21:24 | INFO | each_eight_hours.py:248 | Rewards detected, exiting match
2026-06-01 14:21:24 | INFO | my_functions.py:248 | [DEBUG] Buscando en paralelo: ['collect_rewards.PNG'] | timeout=20s | confidence=0.8
2026-06-01 14:21:25 | INFO | my_functions.py:135 | Haciendo click en la posición (679, 957)
2026-06-01 14:21:25 | INFO | my_functions.py:270 | 🖱️ Click OK (En paralelo): collect_rewards.PNG at (679, 957) delay=1s
2026-06-01 14:21:27 | INFO | my_functions.py:248 | [DEBUG] Buscando en paralelo: ['next.PNG'] | timeout=20s | confidence=0.8
2026-06-01 14:21:31 | INFO | my_functions.py:135 | Haciendo click en la posición (677, 973)
2026-06-01 14:21:31 | INFO | my_functions.py:270 | 🖱️ Click OK (En paralelo): next.PNG at (677, 973) delay=1s
2026-06-01 14:21:34 | INFO | my_functions.py:330 | AVAILABLE: 6
2026-06-01 14:21:34 | INFO | each_eight_hours.py:315 | Submissions after match: 6
2026-06-01 14:21:34 | INFO | my_functions.py:352 | Misiones completadas: 2
2026-06-01 14:21:34 | INFO | each_eight_hours.py:319 | Submission condition met, breaking loop
2026-06-01 14:21:34 | INFO | my_functions.py:248 | [DEBUG] Buscando en paralelo: ['missionsNotify2.png'] | timeout=20s | confidence=0.8
2026-06-01 14:21:37 | INFO | my_functions.py:135 | Haciendo click en la posición (537, 125)
2026-06-01 14:21:38 | INFO | my_functions.py:270 | 🖱️ Click OK (En paralelo): missionsNotify2.png at (537, 125) delay=3s
2026-06-01 14:21:39 | INFO | my_functions.py:1219 | [INFO] Iniciando click_missions_blue2
2026-06-01 14:21:39 | INFO | my_functions.py:135 | Haciendo click en la posición (150, 132)
2026-06-01 14:21:40 | INFO | my_functions.py:1222 | [ACTION] Click hecho en icono de calendario que me dirige a las misiones ordinarias
2026-06-01 14:21:40 | INFO | my_functions.py:170 | Searching bonus_challenge.png (timeout=0s)
2026-06-01 14:21:40 | INFO | my_functions.py:214 | 
⛔ Not found: bonus_challenge.png after 0.0s region=(0, 0, 765, 1038) confidence=0.8
2026-06-01 14:21:42 | INFO | my_functions.py:135 | Haciendo click en la posición (362, 493)
2026-06-01 14:21:43 | INFO | my_functions.py:1235 | [ACTION] Click 1/2 en misión azul
2026-06-01 14:21:44 | INFO | my_functions.py:135 | Haciendo click en la posición (362, 493)
2026-06-01 14:21:45 | INFO | my_functions.py:1235 | [ACTION] Click 2/2 en misión azul
2026-06-01 14:21:46 | INFO | my_functions.py:170 | Searching flechita_mission.PNG (timeout=0s)
2026-06-01 14:21:46 | INFO | my_functions.py:214 | 
⛔ Not found: flechita_mission.PNG after 0.0s region=(0, 0, 765, 1038) confidence=0.8
2026-06-01 14:21:46 | INFO | my_functions.py:248 | [DEBUG] Buscando en paralelo: ['weekly3.PNG'] | timeout=0s | confidence=0.8
2026-06-01 14:21:46 | INFO | my_functions.py:135 | Haciendo click en la posición (574, 266)
2026-06-01 14:21:46 | INFO | my_functions.py:270 | 🖱️ Click OK (En paralelo): weekly3.PNG at (574, 266) delay=0.1s
2026-06-01 14:21:47 | INFO | my_functions.py:248 | [DEBUG] Buscando en paralelo: ['claim!.PNG'] | timeout=0s | confidence=0.8
2026-06-01 14:21:48 | INFO | my_functions.py:135 | Haciendo click en la posición (381, 924)
2026-06-01 14:21:48 | INFO | my_functions.py:270 | 🖱️ Click OK (En paralelo): claim!.PNG at (381, 924) delay=0.2s
2026-06-01 14:21:49 | INFO | my_functions.py:248 | [DEBUG] Buscando en paralelo: ['claim_hover.PNG'] | timeout=0s | confidence=0.8
2026-06-01 14:21:49 | INFO | my_functions.py:135 | Haciendo click en la posición (383, 921)
2026-06-01 14:21:50 | INFO | my_functions.py:270 | 🖱️ Click OK (En paralelo): claim_hover.PNG at (383, 921) delay=0.2s
2026-06-01 14:21:51 | INFO | my_functions.py:248 | [DEBUG] Buscando en paralelo: ['claim!.PNG'] | timeout=0s | confidence=0.8
2026-06-01 14:21:51 | INFO | my_functions.py:282 | [DEBUG] Click skipped, ninguna de las imágenes se encontró en el intento.
2026-06-01 14:21:52 | INFO | my_functions.py:248 | [DEBUG] Buscando en paralelo: ['claim_hover.PNG'] | timeout=0s | confidence=0.8
2026-06-01 14:21:53 | INFO | my_functions.py:135 | Haciendo click en la posición (383, 921)
2026-06-01 14:21:53 | INFO | my_functions.py:270 | 🖱️ Click OK (En paralelo): claim_hover.PNG at (383, 921) delay=0.2s
2026-06-01 14:21:54 | INFO | my_functions.py:248 | [DEBUG] Buscando en paralelo: ['weekly3.PNG'] | timeout=0s | confidence=0.8
2026-06-01 14:21:54 | INFO | my_functions.py:282 | [DEBUG] Click skipped, ninguna de las imágenes se encontró en el intento.
2026-06-01 14:21:55 | INFO | my_functions.py:248 | [DEBUG] Buscando en paralelo: ['weekly3.PNG'] | timeout=0s | confidence=0.8
2026-06-01 14:21:55 | INFO | my_functions.py:282 | [DEBUG] Click skipped, ninguna de las imágenes se encontró en el intento.
2026-06-01 14:21:56 | INFO | my_functions.py:135 | Haciendo click en la posición (557, 64)
2026-06-01 14:21:58 | INFO | my_functions.py:248 | [DEBUG] Buscando en paralelo: ['cards_shop.PNG'] | timeout=20s | confidence=0.8
2026-06-01 14:21:59 | INFO | my_functions.py:135 | Haciendo click en la posición (568, 121)
2026-06-01 14:21:59 | INFO | my_functions.py:270 | 🖱️ Click OK (En paralelo): cards_shop.PNG at (568, 121) delay=1s
2026-06-01 14:22:00 | INFO | my_functions.py:248 | [DEBUG] Buscando en paralelo: ['token_icon.PNG'] | timeout=20s | confidence=0.8
2026-06-01 14:22:02 | INFO | my_functions.py:135 | Haciendo click en la posición (531, 171)
2026-06-01 14:22:02 | INFO | my_functions.py:270 | 🖱️ Click OK (En paralelo): token_icon.PNG at (531, 171) delay=1s
2026-06-01 14:22:05 | INFO | my_functions.py:248 | [DEBUG] Buscando en paralelo: ['claim!_token_3.PNG'] | timeout=4s | confidence=0.8
2026-06-01 14:22:07 | INFO | my_functions.py:135 | Haciendo click en la posición (231, 573)
2026-06-01 14:22:07 | INFO | my_functions.py:270 | 🖱️ Click OK (En paralelo): claim!_token_3.PNG at (231, 573) delay=1s
2026-06-01 14:22:08 | INFO | my_functions.py:248 | [DEBUG] Buscando en paralelo: ['cards_shop.PNG'] | timeout=20s | confidence=0.8
2026-06-01 14:22:09 | INFO | my_functions.py:135 | Haciendo click en la posición (568, 122)
2026-06-01 14:22:09 | INFO | my_functions.py:270 | 🖱️ Click OK (En paralelo): cards_shop.PNG at (568, 122) delay=1s
2026-06-01 14:22:10 | INFO | my_functions.py:248 | [DEBUG] Buscando en paralelo: ['offers.PNG'] | timeout=20s | confidence=0.8
2026-06-01 14:22:12 | INFO | my_functions.py:135 | Haciendo click en la posición (197, 121)
2026-06-01 14:22:12 | INFO | my_functions.py:270 | 🖱️ Click OK (En paralelo): offers.PNG at (197, 121) delay=1s
2026-06-01 14:22:13 | INFO | my_functions.py:1119 | [INFO] Iniciando mejora de cartas
2026-06-01 14:22:13 | INFO | my_functions.py:248 | [DEBUG] Buscando en paralelo: ['upgrade_cards_icon.PNG'] | timeout=20s | confidence=0.8
2026-06-01 14:22:14 | INFO | my_functions.py:135 | Haciendo click en la posición (322, 170)
2026-06-01 14:22:14 | INFO | my_functions.py:270 | 🖱️ Click OK (En paralelo): upgrade_cards_icon.PNG at (322, 170) delay=1s
2026-06-01 14:22:15 | INFO | my_functions.py:1123 | [INFO] Abriendo icono de upgrade_cards
2026-06-01 14:22:16 | INFO | my_functions.py:1129 | [STEP] Mejorando carta 1
2026-06-01 14:22:16 | INFO | my_functions.py:1133 | [ACTION] Click en carta 1
2026-06-01 14:22:18 | INFO | my_functions.py:1138 | [ACTION] Click en botón upgrade
2026-06-01 14:22:25 | INFO | my_functions.py:248 | [DEBUG] Buscando en paralelo: ['you_need_more_credits!.png'] | timeout=3s | confidence=0.8
2026-06-01 14:22:28 | INFO | my_functions.py:282 | [DEBUG] Click skipped, ninguna de las imágenes se encontró en el intento.
2026-06-01 14:22:34 | INFO | my_functions.py:1153 | [ACTION] Click para continuar a stage de nivel de coleccion
2026-06-01 14:22:39 | INFO | my_functions.py:143 | Presionando ESC (1/1)
2026-06-01 14:22:40 | INFO | my_functions.py:1158 | [ACTION] Saliendo de stage nivel de coleccion con ESC
2026-06-01 14:22:41 | INFO | my_functions.py:248 | [DEBUG] Buscando en paralelo: ['upgrade_cards_icon_selected.PNG'] | timeout=0s | confidence=0.8
2026-06-01 14:22:42 | INFO | my_functions.py:135 | Haciendo click en la posición (320, 173)
2026-06-01 14:22:42 | INFO | my_functions.py:270 | 🖱️ Click OK (En paralelo): upgrade_cards_icon_selected.PNG at (320, 173) delay=1s
2026-06-01 14:22:43 | INFO | my_functions.py:1178 | [INFO] Reabriendo icono de upgrade_cards
2026-06-01 14:22:44 | INFO | my_functions.py:1129 | [STEP] Mejorando carta 2
2026-06-01 14:22:44 | INFO | my_functions.py:1133 | [ACTION] Click en carta 2
2026-06-01 14:22:45 | INFO | my_functions.py:1138 | [ACTION] Click en botón upgrade
2026-06-01 14:22:52 | INFO | my_functions.py:248 | [DEBUG] Buscando en paralelo: ['you_need_more_credits!.png'] | timeout=3s | confidence=0.8
2026-06-01 14:22:54 | INFO | my_functions.py:135 | Haciendo click en la posición (381, 345)
2026-06-01 14:22:54 | INFO | my_functions.py:270 | 🖱️ Click OK (En paralelo): you_need_more_credits!.png at (381, 345) delay=1s
2026-06-01 14:22:55 | INFO | my_functions.py:143 | Presionando ESC (1/2)
2026-06-01 14:22:56 | INFO | my_functions.py:143 | Presionando ESC (2/2)
2026-06-01 14:22:58 | INFO | my_functions.py:1181 | [INFO] Mejora de cartas completada ✅
2026-06-01 14:22:58 | INFO | my_functions.py:143 | Presionando ESC (1/1)
2026-06-01 14:22:59 | INFO | my_functions.py:248 | [DEBUG] Buscando en paralelo: ['white_x.png'] | timeout=2s | confidence=0.8
2026-06-01 14:23:01 | INFO | my_functions.py:282 | [DEBUG] Click skipped, ninguna de las imágenes se encontró en el intento.
2026-06-01 14:23:02 | INFO | my_functions.py:248 | [DEBUG] Buscando en paralelo: ['nut.png'] | timeout=20s | confidence=0.8
2026-06-01 14:23:03 | INFO | my_functions.py:135 | Haciendo click en la posición (184, 78)
2026-06-01 14:23:03 | INFO | my_functions.py:270 | 🖱️ Click OK (En paralelo): nut.png at (184, 78) delay=1s
2026-06-01 14:23:04 | INFO | my_functions.py:248 | [DEBUG] Buscando en paralelo: ['graphics_quality.png'] | timeout=3s | confidence=0.8
2026-06-01 14:23:06 | INFO | my_functions.py:135 | Haciendo click en la posición (304, 644)
2026-06-01 14:23:06 | INFO | my_functions.py:270 | 🖱️ Click OK (En paralelo): graphics_quality.png at (304, 644) delay=1s
2026-06-01 14:23:08 | INFO | my_functions.py:248 | [DEBUG] Buscando en paralelo: ['sign_out.png'] | timeout=20s | confidence=0.8
2026-06-01 14:23:09 | INFO | my_functions.py:135 | Haciendo click en la posición (380, 796)
2026-06-01 14:23:09 | INFO | my_functions.py:270 | 🖱️ Click OK (En paralelo): sign_out.png at (380, 796) delay=1s
2026-06-01 14:23:12 | INFO | my_functions.py:248 | [DEBUG] Buscando en paralelo: ['sign_out_grande.png'] | timeout=20s | confidence=0.8
2026-06-01 14:23:13 | INFO | my_functions.py:135 | Haciendo click en la posición (359, 437)
2026-06-01 14:23:13 | INFO | my_functions.py:270 | 🖱️ Click OK (En paralelo): sign_out_grande.png at (359, 437) delay=1s
2026-06-01 14:23:14 | INFO | my_functions.py:248 | [DEBUG] Buscando en paralelo: ['sign_out2.png'] | timeout=20s | confidence=0.8
2026-06-01 14:23:15 | INFO | my_functions.py:135 | Haciendo click en la posición (383, 634)
2026-06-01 14:23:15 | INFO | my_functions.py:270 | 🖱️ Click OK (En paralelo): sign_out2.png at (383, 634) delay=1s
2026-06-01 14:23:17 | INFO | my_functions.py:1294 | ⏱ Esperando 0.1 segundos antes de empezar...
2026-06-01 14:23:17 | INFO | my_functions.py:1301 | 🔍 Esperando ventana que contenga alguna de: SNAP (máx 20s)
2026-06-01 14:23:17 | INFO | my_functions.py:1313 | ✅ Ventana encontrada: 'SNAP'
2026-06-01 14:23:17 | INFO | my_functions.py:1328 | ✅ Ventana seleccionada: 'SNAP'
2026-06-01 14:23:19 | INFO | my_functions.py:1351 | 🔁 Reajuste #1...
2026-06-01 14:23:21 | INFO | my_functions.py:1358 | ✔ Verificación completa. Se hicieron 1 reajustes.
2026-06-01 14:23:25 | INFO | each_eight_hours.py:139 | Processing account: overture_vm
2026-06-01 14:23:25 | INFO | each_eight_hours.py:142 | Game relaunched for account
2026-06-01 14:23:25 | INFO | my_functions.py:1294 | ⏱ Esperando 0.1 segundos antes de empezar...
2026-06-01 14:23:25 | INFO | my_functions.py:1301 | 🔍 Esperando ventana que contenga alguna de: ['SNAP'] (máx 20s)
2026-06-01 14:23:28 | INFO | my_functions.py:1313 | ✅ Ventana encontrada: 'SNAP'
2026-06-01 14:23:28 | INFO | my_functions.py:1328 | ✅ Ventana seleccionada: 'SNAP'
2026-06-01 14:23:30 | INFO | my_functions.py:1360 | ✔ Verificación completa. No hubo cambios después del primer ajuste.
2026-06-01 14:23:30 | INFO | my_functions.py:997 | [DEBUG] Resizing SNAP window...
2026-06-01 14:23:30 | INFO | my_functions.py:1294 | ⏱ Esperando 0.1 segundos antes de empezar...
2026-06-01 14:23:30 | INFO | my_functions.py:1301 | 🔍 Esperando ventana que contenga alguna de: ['SNAP'] (máx 20s)
2026-06-01 14:23:30 | INFO | my_functions.py:1313 | ✅ Ventana encontrada: 'SNAP'
2026-06-01 14:23:30 | INFO | my_functions.py:1328 | ✅ Ventana seleccionada: 'SNAP'
2026-06-01 14:23:33 | INFO | my_functions.py:1360 | ✔ Verificación completa. No hubo cambios después del primer ajuste.
2026-06-01 14:23:33 | INFO | my_functions.py:248 | [DEBUG] Buscando en paralelo: ['small_submit.PNG', 'small_submit_hover.png', 'submit_hover_2.png', 'small_submit_hover_2.png'] | timeout=90s | confidence=0.8
2026-06-01 14:23:37 | INFO | my_functions.py:135 | Haciendo click en la posición (380, 642)
2026-06-01 14:23:37 | INFO | my_functions.py:270 | 🖱️ Click OK (En paralelo): small_submit.PNG at (380, 642) delay=0.2s
2026-06-01 14:23:40 | INFO | my_functions.py:248 | [DEBUG] Buscando en paralelo: ['small_submit.PNG', 'small_submit_hover.png', 'submit_hover_2.png', 'small_submit_hover_2.png'] | timeout=20s | confidence=0.8
2026-06-01 14:23:40 | INFO | my_functions.py:135 | Haciendo click en la posición (380, 721)
2026-06-01 14:23:41 | INFO | my_functions.py:270 | 🖱️ Click OK (En paralelo): small_submit.PNG at (380, 721) delay=0.2s
2026-06-01 14:23:42 | INFO | my_functions.py:1294 | ⏱ Esperando 0.1 segundos antes de empezar...
2026-06-01 14:23:42 | INFO | my_functions.py:1301 | 🔍 Esperando ventana que contenga alguna de: ['SNAP'] (máx 20s)
2026-06-01 14:23:42 | INFO | my_functions.py:1313 | ✅ Ventana encontrada: 'SNAP'
2026-06-01 14:23:42 | INFO | my_functions.py:1328 | ✅ Ventana seleccionada: 'SNAP'
2026-06-01 14:23:44 | INFO | my_functions.py:1351 | 🔁 Reajuste #1...
2026-06-01 14:23:45 | INFO | my_functions.py:1358 | ✔ Verificación completa. Se hicieron 1 reajustes.
2026-06-01 14:23:45 | INFO | my_functions.py:170 | Searching please_sign.png (timeout=0s)
2026-06-01 14:23:45 | INFO | my_functions.py:200 | 
✅ Found: please_sign.png pos=(383, 438) time=0.16s confidence=0.8
2026-06-01 14:23:45 | INFO | my_functions.py:248 | [DEBUG] Buscando en paralelo: ['ok_btn.png'] | timeout=20s | confidence=0.8
2026-06-01 14:23:46 | INFO | my_functions.py:135 | Haciendo click en la posición (382, 634)
2026-06-01 14:23:47 | INFO | my_functions.py:270 | 🖱️ Click OK (En paralelo): ok_btn.png at (382, 634) delay=1s
2026-06-01 14:23:48 | INFO | my_functions.py:248 | [DEBUG] Buscando en paralelo: ['small_submit.PNG', 'small_submit_hover.png', 'submit_hover_2.png', 'small_submit_hover_2.png'] | timeout=90s | confidence=0.8
2026-06-01 14:23:49 | INFO | my_functions.py:135 | Haciendo click en la posición (383, 643)
2026-06-01 14:23:49 | INFO | my_functions.py:270 | 🖱️ Click OK (En paralelo): small_submit_hover_2.png at (383, 643) delay=0.2s
2026-06-01 14:23:50 | INFO | my_functions.py:248 | [DEBUG] Buscando en paralelo: ['small_submit.PNG', 'small_submit_hover.png', 'submit_hover_2.png', 'small_submit_hover_2.png'] | timeout=20s | confidence=0.8
2026-06-01 14:23:51 | INFO | my_functions.py:135 | Haciendo click en la posición (380, 721)
2026-06-01 14:23:51 | INFO | my_functions.py:270 | 🖱️ Click OK (En paralelo): small_submit.PNG at (380, 721) delay=0.2s
2026-06-01 14:23:52 | INFO | my_functions.py:170 | Searching sign_in_with_google2.PNG (timeout=90s)
2026-06-01 14:23:52 | INFO | my_functions.py:200 | 
✅ Found: sign_in_with_google2.PNG pos=(406, 957) time=0.17s confidence=0.8
2026-06-01 14:23:52 | INFO | my_functions.py:248 | [DEBUG] Buscando en paralelo: ['sign_in_with_google2.PNG'] | timeout=20s | confidence=0.8
2026-06-01 14:23:53 | INFO | my_functions.py:135 | Haciendo click en la posición (406, 957)
2026-06-01 14:23:54 | INFO | my_functions.py:270 | 🖱️ Click OK (En paralelo): sign_in_with_google2.PNG at (406, 957) delay=1s
2026-06-01 14:23:55 | INFO | my_functions.py:248 | [DEBUG] Buscando en paralelo: ['overture_vm.png'] | timeout=30s | confidence=0.8
2026-06-01 14:24:02 | INFO | my_functions.py:135 | Haciendo click en la posición (1126, 447)
2026-06-01 14:24:02 | INFO | my_functions.py:270 | 🖱️ Click OK (En paralelo): overture_vm.png at (1126, 447) delay=3s
2026-06-01 14:24:04 | INFO | my_functions.py:170 | Searching marvelsnap_web.png (timeout=30s)
