2026-05-14 21:59:21 | INFO | each_eight_hours.py:39 | LOG FILE PATH: \\vmware-host\Shared Folders\SHARED FILES VM\MS\logs\each_eight_hours_2026-05-14_21-59-21.log
2026-05-14 21:59:21 | INFO | each_eight_hours.py:40 | Logger initialized
2026-05-14 21:59:21 | INFO | each_eight_hours.py:67 | Script initialized
2026-05-14 21:59:23 | INFO | each_eight_hours.py:128 | snap.exe terminated if it was running
2026-05-14 21:59:23 | INFO | my_functions.py:57 | ⏳ Esperando WebSocket de OBS...
2026-05-14 21:59:23 | INFO | baseclient.py:33 | Connecting with parameters: host='localhost' port=4455 password='' subs=0 timeout=None
2026-05-14 21:59:23 | INFO | reqs.py:23 | Successfully identified ReqClient with the server using RPC version:1
2026-05-14 21:59:23 | INFO | my_functions.py:63 | ✅ Conectado al OBS WebSocket
2026-05-14 21:59:23 | INFO | my_functions.py:79 | ⏹ Grabación ya estaba activa, deteniéndola...
2026-05-14 21:59:23 | INFO | baseclient.py:33 | Connecting with parameters: host='localhost' port=4455 password='' subs=0 timeout=None
2026-05-14 21:59:23 | INFO | reqs.py:23 | Successfully identified ReqClient with the server using RPC version:1
2026-05-14 21:59:23 | INFO | my_functions.py:94 | Record stopped.
2026-05-14 21:59:35 | INFO | my_functions.py:124 | Archivo renombrado a: C:\Users\Farm\Videos\my_functions_2026-05-14_21-59-35.mkv
2026-05-14 21:59:38 | INFO | my_functions.py:84 | 🎬 Nueva grabación iniciada
2026-05-14 21:59:38 | INFO | my_functions.py:1486 | ⏱ Esperando 0.1 segundos antes de empezar...
2026-05-14 21:59:38 | INFO | my_functions.py:1493 | 🔍 Esperando ventana que contenga alguna de: ['py', 'eight_hours'] (máx 20s)
2026-05-14 21:59:38 | INFO | my_functions.py:1505 | ✅ Ventana encontrada: 'each_eight_hours  - Acceso directo'
2026-05-14 21:59:38 | INFO | my_functions.py:1520 | ✅ Ventana seleccionada: 'each_eight_hours  - Acceso directo'
2026-05-14 21:59:40 | INFO | my_functions.py:1543 | 🔁 Reajuste #1...
2026-05-14 21:59:40 | INFO | my_functions.py:1550 | ✔ Verificación completa. Se hicieron 1 reajustes.
2026-05-14 22:00:10 | INFO | my_functions.py:2333 | Starting Steam window scan
2026-05-14 22:00:10 | INFO | my_functions.py:2336 | Found window: 
2026-05-14 22:00:10 | INFO | my_functions.py:2336 | Found window: each_eight_hours  - Acceso directo
2026-05-14 22:00:10 | INFO | my_functions.py:2336 | Found window: Microsoft Text Input Application
2026-05-14 22:00:10 | INFO | my_functions.py:2336 | Found window: 
2026-05-14 22:00:10 | INFO | my_functions.py:2336 | Found window: 
2026-05-14 22:00:10 | INFO | my_functions.py:2336 | Found window: 
2026-05-14 22:00:10 | INFO | my_functions.py:2336 | Found window: 
2026-05-14 22:00:10 | INFO | my_functions.py:2336 | Found window: MS
2026-05-14 22:00:10 | INFO | my_functions.py:2336 | Found window: Program Manager
2026-05-14 22:00:10 | INFO | each_eight_hours.py:139 | Processing account: reeps_vm
2026-05-14 22:00:11 | INFO | each_eight_hours.py:142 | Game relaunched for account
2026-05-14 22:00:11 | INFO | my_functions.py:1486 | ⏱ Esperando 0.1 segundos antes de empezar...
2026-05-14 22:00:11 | INFO | my_functions.py:1493 | 🔍 Esperando ventana que contenga alguna de: ['SNAP'] (máx 20s)
2026-05-14 22:00:15 | INFO | my_functions.py:1505 | ✅ Ventana encontrada: 'SNAP'
2026-05-14 22:00:15 | INFO | my_functions.py:1520 | ✅ Ventana seleccionada: 'SNAP'
2026-05-14 22:00:17 | INFO | my_functions.py:1543 | 🔁 Reajuste #1...
2026-05-14 22:00:20 | INFO | my_functions.py:1550 | ✔ Verificación completa. Se hicieron 1 reajustes.
2026-05-14 22:00:20 | INFO | my_functions.py:1147 | [DEBUG] Resizing SNAP window...
2026-05-14 22:00:20 | INFO | my_functions.py:1486 | ⏱ Esperando 0.1 segundos antes de empezar...
2026-05-14 22:00:21 | INFO | my_functions.py:1493 | 🔍 Esperando ventana que contenga alguna de: ['SNAP'] (máx 20s)
2026-05-14 22:00:21 | INFO | my_functions.py:1505 | ✅ Ventana encontrada: 'SNAP'
2026-05-14 22:00:21 | INFO | my_functions.py:1520 | ✅ Ventana seleccionada: 'SNAP'
2026-05-14 22:00:24 | INFO | my_functions.py:1552 | ✔ Verificación completa. No hubo cambios después del primer ajuste.
2026-05-14 22:00:24 | INFO | my_functions.py:236 | [DEBUG] wait_for_image_and_click -> submit.PNG timeout=90s delay_click=0.2s confidence=0.8
2026-05-14 22:00:24 | INFO | my_functions.py:170 | Searching submit.PNG (timeout=90s)
2026-05-14 22:00:25 | INFO | my_functions.py:200 | 
✅ Found: submit.PNG pos=(386, 784) time=1.27s confidence=0.8
2026-05-14 22:00:25 | INFO | my_functions.py:135 | Haciendo click en la posición (386, 784)
2026-05-14 22:00:25 | INFO | my_functions.py:256 | 🖱️ Click OK: submit.PNG at (386, 784) delay=0.2s
2026-05-14 22:00:25 | INFO | my_functions.py:1486 | ⏱ Esperando 0.1 segundos antes de empezar...
2026-05-14 22:00:26 | INFO | my_functions.py:1493 | 🔍 Esperando ventana que contenga alguna de: ['SNAP'] (máx 20s)
2026-05-14 22:00:26 | INFO | my_functions.py:1505 | ✅ Ventana encontrada: 'SNAP'
2026-05-14 22:00:26 | INFO | my_functions.py:1520 | ✅ Ventana seleccionada: 'SNAP'
2026-05-14 22:00:29 | INFO | my_functions.py:1552 | ✔ Verificación completa. No hubo cambios después del primer ajuste.
2026-05-14 22:00:29 | INFO | my_functions.py:170 | Searching please_sign.png (timeout=0s)
2026-05-14 22:00:29 | INFO | my_functions.py:214 | 
⛔ Not found: please_sign.png after 0.0s region=(0, 0, 765, 1038) confidence=0.8
2026-05-14 22:00:29 | INFO | my_functions.py:170 | Searching sign_in_with_google2.PNG (timeout=90s)
2026-05-14 22:00:29 | INFO | my_functions.py:200 | 
✅ Found: sign_in_with_google2.PNG pos=(406, 957) time=0.18s confidence=0.8
2026-05-14 22:00:29 | INFO | my_functions.py:236 | [DEBUG] wait_for_image_and_click -> sign_in_with_google2.PNG timeout=20s delay_click=1s confidence=0.8
2026-05-14 22:00:29 | INFO | my_functions.py:170 | Searching sign_in_with_google2.PNG (timeout=20s)
2026-05-14 22:00:29 | INFO | my_functions.py:200 | 
✅ Found: sign_in_with_google2.PNG pos=(406, 957) time=0.17s confidence=0.8
2026-05-14 22:00:30 | INFO | my_functions.py:135 | Haciendo click en la posición (406, 957)
2026-05-14 22:00:30 | INFO | my_functions.py:256 | 🖱️ Click OK: sign_in_with_google2.PNG at (406, 957) delay=1s
2026-05-14 22:00:30 | INFO | my_functions.py:236 | [DEBUG] wait_for_image_and_click -> reeps_vm.png timeout=30s delay_click=3s confidence=0.8
2026-05-14 22:00:30 | INFO | my_functions.py:170 | Searching reeps_vm.png (timeout=30s)
2026-05-14 22:00:37 | INFO | my_functions.py:200 | 
✅ Found: reeps_vm.png pos=(1126, 534) time=6.32s confidence=0.8
2026-05-14 22:00:40 | INFO | my_functions.py:135 | Haciendo click en la posición (1126, 534)
2026-05-14 22:00:40 | INFO | my_functions.py:256 | 🖱️ Click OK: reeps_vm.png at (1126, 534) delay=3s
2026-05-14 22:00:40 | INFO | my_functions.py:170 | Searching marvelsnap_web.png (timeout=30s)
2026-05-14 22:00:46 | INFO | my_functions.py:200 | 
✅ Found: marvelsnap_web.png pos=(258, 80) time=6.38s confidence=0.7
2026-05-14 22:00:46 | INFO | my_functions.py:170 | Searching shop_unselected.PNG (timeout=0s)
2026-05-14 22:00:47 | INFO | my_functions.py:214 | 
⛔ Not found: shop_unselected.PNG after 0.0s region=(0, 0, 765, 1038) confidence=0.8
2026-05-14 22:00:47 | INFO | my_functions.py:236 | [DEBUG] wait_for_image_and_click -> super_premium.PNG timeout=0s delay_click=1s confidence=0.8
2026-05-14 22:00:47 | INFO | my_functions.py:170 | Searching super_premium.PNG (timeout=0s)
2026-05-14 22:00:47 | INFO | my_functions.py:214 | 
⛔ Not found: super_premium.PNG after 0.0s region=(0, 0, 765, 1038) confidence=0.8
2026-05-14 22:00:47 | INFO | my_functions.py:263 | [DEBUG] Click skipped, image not found: super_premium.PNG
2026-05-14 22:00:47 | INFO | my_functions.py:236 | [DEBUG] wait_for_image_and_click -> maybe_later.PNG timeout=0s delay_click=1s confidence=0.8
2026-05-14 22:00:47 | INFO | my_functions.py:170 | Searching maybe_later.PNG (timeout=0s)
2026-05-14 22:00:47 | INFO | my_functions.py:214 | 
⛔ Not found: maybe_later.PNG after 0.0s region=(0, 0, 765, 1038) confidence=0.8
2026-05-14 22:00:47 | INFO | my_functions.py:263 | [DEBUG] Click skipped, image not found: maybe_later.PNG
2026-05-14 22:00:47 | INFO | my_functions.py:236 | [DEBUG] wait_for_image_and_click -> maybe_later2.PNG timeout=0s delay_click=1s confidence=0.8
2026-05-14 22:00:47 | INFO | my_functions.py:170 | Searching maybe_later2.PNG (timeout=0s)
2026-05-14 22:00:47 | INFO | my_functions.py:214 | 
⛔ Not found: maybe_later2.PNG after 0.01s region=(0, 0, 765, 1038) confidence=0.8
2026-05-14 22:00:47 | INFO | my_functions.py:263 | [DEBUG] Click skipped, image not found: maybe_later2.PNG
2026-05-14 22:00:47 | INFO | my_functions.py:170 | Searching go_to_shop.PNG (timeout=0s)
2026-05-14 22:00:47 | INFO | my_functions.py:214 | 
⛔ Not found: go_to_shop.PNG after 0.0s region=(0, 0, 765, 1038) confidence=0.8
2026-05-14 22:00:47 | INFO | my_functions.py:236 | [DEBUG] wait_for_image_and_click -> 14_days_of_winterverse.PNG timeout=0s delay_click=1s confidence=0.8
2026-05-14 22:00:47 | INFO | my_functions.py:170 | Searching 14_days_of_winterverse.PNG (timeout=0s)
2026-05-14 22:00:48 | INFO | my_functions.py:214 | 
⛔ Not found: 14_days_of_winterverse.PNG after 0.0s region=(0, 0, 765, 1038) confidence=0.8
2026-05-14 22:00:48 | INFO | my_functions.py:263 | [DEBUG] Click skipped, image not found: 14_days_of_winterverse.PNG
2026-05-14 22:00:48 | INFO | my_functions.py:170 | Searching welcome_back_calendar.PNG (timeout=0s)
2026-05-14 22:00:48 | INFO | my_functions.py:214 | 
⛔ Not found: welcome_back_calendar.PNG after 0.18s region=(0, 0, 765, 1038) confidence=0.8
2026-05-14 22:00:48 | INFO | my_functions.py:236 | [DEBUG] wait_for_image_and_click -> start_the_countdown.PNG timeout=0s delay_click=1s confidence=0.8
2026-05-14 22:00:48 | INFO | my_functions.py:170 | Searching start_the_countdown.PNG (timeout=0s)
2026-05-14 22:00:48 | INFO | my_functions.py:214 | 
⛔ Not found: start_the_countdown.PNG after 0.0s region=(0, 0, 765, 1038) confidence=0.8
2026-05-14 22:00:48 | INFO | my_functions.py:263 | [DEBUG] Click skipped, image not found: start_the_countdown.PNG
2026-05-14 22:00:48 | INFO | my_functions.py:236 | [DEBUG] wait_for_image_and_click -> event_has_ended_sanctum.PNG timeout=0s delay_click=1s confidence=0.8
2026-05-14 22:00:48 | INFO | my_functions.py:170 | Searching event_has_ended_sanctum.PNG (timeout=0s)
2026-05-14 22:00:48 | INFO | my_functions.py:214 | 
⛔ Not found: event_has_ended_sanctum.PNG after 0.0s region=(0, 0, 765, 1038) confidence=0.8
2026-05-14 22:00:48 | INFO | my_functions.py:263 | [DEBUG] Click skipped, image not found: event_has_ended_sanctum.PNG
2026-05-14 22:00:48 | INFO | my_functions.py:236 | [DEBUG] wait_for_image_and_click -> image_part_of_event_grand_arena_finished.PNG timeout=0s delay_click=1s confidence=0.8
2026-05-14 22:00:48 | INFO | my_functions.py:170 | Searching image_part_of_event_grand_arena_finished.PNG (timeout=0s)
2026-05-14 22:00:49 | INFO | my_functions.py:214 | 
⛔ Not found: image_part_of_event_grand_arena_finished.PNG after 0.0s region=(0, 0, 765, 1038) confidence=0.8
2026-05-14 22:00:49 | INFO | my_functions.py:263 | [DEBUG] Click skipped, image not found: image_part_of_event_grand_arena_finished.PNG
2026-05-14 22:00:49 | INFO | my_functions.py:170 | Searching 28_day_event_login_rewards.PNG (timeout=0s)
2026-05-14 22:00:49 | INFO | my_functions.py:214 | 
⛔ Not found: 28_day_event_login_rewards.PNG after 0.0s region=(0, 0, 765, 1038) confidence=0.8
2026-05-14 22:00:49 | INFO | my_functions.py:170 | Searching 7_day_event_login.PNG (timeout=0s)
2026-05-14 22:00:49 | INFO | my_functions.py:214 | 
⛔ Not found: 7_day_event_login.PNG after 0.0s region=(0, 0, 765, 1038) confidence=0.8
2026-05-14 22:00:49 | INFO | my_functions.py:170 | Searching 14_days_event.PNG (timeout=0s)
2026-05-14 22:00:49 | INFO | my_functions.py:214 | 
⛔ Not found: 14_days_event.PNG after 0.0s region=(0, 0, 765, 1038) confidence=0.8
2026-05-14 22:00:49 | INFO | my_functions.py:236 | [DEBUG] wait_for_image_and_click -> lets_go.PNG timeout=0s delay_click=1s confidence=0.8
2026-05-14 22:00:49 | INFO | my_functions.py:170 | Searching lets_go.PNG (timeout=0s)
2026-05-14 22:00:49 | INFO | my_functions.py:214 | 
⛔ Not found: lets_go.PNG after 0.0s region=(0, 0, 765, 1038) confidence=0.8
2026-05-14 22:00:49 | INFO | my_functions.py:263 | [DEBUG] Click skipped, image not found: lets_go.PNG
2026-05-14 22:00:50 | INFO | my_functions.py:170 | Searching shop_unselected.PNG (timeout=0s)
2026-05-14 22:00:50 | INFO | my_functions.py:214 | 
⛔ Not found: shop_unselected.PNG after 0.0s region=(0, 0, 765, 1038) confidence=0.8
2026-05-14 22:00:50 | INFO | my_functions.py:236 | [DEBUG] wait_for_image_and_click -> super_premium.PNG timeout=0s delay_click=1s confidence=0.8
2026-05-14 22:00:50 | INFO | my_functions.py:170 | Searching super_premium.PNG (timeout=0s)
2026-05-14 22:00:51 | INFO | my_functions.py:214 | 
⛔ Not found: super_premium.PNG after 0.0s region=(0, 0, 765, 1038) confidence=0.8
2026-05-14 22:00:51 | INFO | my_functions.py:263 | [DEBUG] Click skipped, image not found: super_premium.PNG
2026-05-14 22:00:51 | INFO | my_functions.py:236 | [DEBUG] wait_for_image_and_click -> maybe_later.PNG timeout=0s delay_click=1s confidence=0.8
2026-05-14 22:00:51 | INFO | my_functions.py:170 | Searching maybe_later.PNG (timeout=0s)
2026-05-14 22:00:51 | INFO | my_functions.py:214 | 
⛔ Not found: maybe_later.PNG after 0.0s region=(0, 0, 765, 1038) confidence=0.8
2026-05-14 22:00:51 | INFO | my_functions.py:263 | [DEBUG] Click skipped, image not found: maybe_later.PNG
2026-05-14 22:00:51 | INFO | my_functions.py:236 | [DEBUG] wait_for_image_and_click -> maybe_later2.PNG timeout=0s delay_click=1s confidence=0.8
2026-05-14 22:00:51 | INFO | my_functions.py:170 | Searching maybe_later2.PNG (timeout=0s)
2026-05-14 22:00:51 | INFO | my_functions.py:214 | 
⛔ Not found: maybe_later2.PNG after 0.01s region=(0, 0, 765, 1038) confidence=0.8
2026-05-14 22:00:51 | INFO | my_functions.py:263 | [DEBUG] Click skipped, image not found: maybe_later2.PNG
2026-05-14 22:00:51 | INFO | my_functions.py:170 | Searching go_to_shop.PNG (timeout=0s)
2026-05-14 22:00:51 | INFO | my_functions.py:214 | 
⛔ Not found: go_to_shop.PNG after 0.0s region=(0, 0, 765, 1038) confidence=0.8
2026-05-14 22:00:51 | INFO | my_functions.py:236 | [DEBUG] wait_for_image_and_click -> 14_days_of_winterverse.PNG timeout=0s delay_click=1s confidence=0.8
2026-05-14 22:00:51 | INFO | my_functions.py:170 | Searching 14_days_of_winterverse.PNG (timeout=0s)
2026-05-14 22:00:51 | INFO | my_functions.py:214 | 
⛔ Not found: 14_days_of_winterverse.PNG after 0.0s region=(0, 0, 765, 1038) confidence=0.8
2026-05-14 22:00:51 | INFO | my_functions.py:263 | [DEBUG] Click skipped, image not found: 14_days_of_winterverse.PNG
2026-05-14 22:00:51 | INFO | my_functions.py:170 | Searching welcome_back_calendar.PNG (timeout=0s)
2026-05-14 22:00:52 | INFO | my_functions.py:214 | 
⛔ Not found: welcome_back_calendar.PNG after 0.0s region=(0, 0, 765, 1038) confidence=0.8
2026-05-14 22:00:52 | INFO | my_functions.py:236 | [DEBUG] wait_for_image_and_click -> start_the_countdown.PNG timeout=0s delay_click=1s confidence=0.8
2026-05-14 22:00:52 | INFO | my_functions.py:170 | Searching start_the_countdown.PNG (timeout=0s)
2026-05-14 22:00:52 | INFO | my_functions.py:214 | 
⛔ Not found: start_the_countdown.PNG after 0.0s region=(0, 0, 765, 1038) confidence=0.8
2026-05-14 22:00:52 | INFO | my_functions.py:263 | [DEBUG] Click skipped, image not found: start_the_countdown.PNG
2026-05-14 22:00:52 | INFO | my_functions.py:236 | [DEBUG] wait_for_image_and_click -> event_has_ended_sanctum.PNG timeout=0s delay_click=1s confidence=0.8
2026-05-14 22:00:52 | INFO | my_functions.py:170 | Searching event_has_ended_sanctum.PNG (timeout=0s)
2026-05-14 22:00:52 | INFO | my_functions.py:214 | 
⛔ Not found: event_has_ended_sanctum.PNG after 0.0s region=(0, 0, 765, 1038) confidence=0.8
2026-05-14 22:00:52 | INFO | my_functions.py:263 | [DEBUG] Click skipped, image not found: event_has_ended_sanctum.PNG
2026-05-14 22:00:52 | INFO | my_functions.py:236 | [DEBUG] wait_for_image_and_click -> image_part_of_event_grand_arena_finished.PNG timeout=0s delay_click=1s confidence=0.8
2026-05-14 22:00:52 | INFO | my_functions.py:170 | Searching image_part_of_event_grand_arena_finished.PNG (timeout=0s)
2026-05-14 22:00:52 | INFO | my_functions.py:214 | 
⛔ Not found: image_part_of_event_grand_arena_finished.PNG after 0.0s region=(0, 0, 765, 1038) confidence=0.8
2026-05-14 22:00:52 | INFO | my_functions.py:263 | [DEBUG] Click skipped, image not found: image_part_of_event_grand_arena_finished.PNG
2026-05-14 22:00:52 | INFO | my_functions.py:170 | Searching 28_day_event_login_rewards.PNG (timeout=0s)
2026-05-14 22:00:52 | INFO | my_functions.py:214 | 
⛔ Not found: 28_day_event_login_rewards.PNG after 0.0s region=(0, 0, 765, 1038) confidence=0.8
2026-05-14 22:00:52 | INFO | my_functions.py:170 | Searching 7_day_event_login.PNG (timeout=0s)
2026-05-14 22:00:53 | INFO | my_functions.py:214 | 
⛔ Not found: 7_day_event_login.PNG after 0.0s region=(0, 0, 765, 1038) confidence=0.8
2026-05-14 22:00:53 | INFO | my_functions.py:170 | Searching 14_days_event.PNG (timeout=0s)
2026-05-14 22:00:53 | INFO | my_functions.py:214 | 
⛔ Not found: 14_days_event.PNG after 0.0s region=(0, 0, 765, 1038) confidence=0.8
2026-05-14 22:00:53 | INFO | my_functions.py:236 | [DEBUG] wait_for_image_and_click -> lets_go.PNG timeout=0s delay_click=1s confidence=0.8
2026-05-14 22:00:53 | INFO | my_functions.py:170 | Searching lets_go.PNG (timeout=0s)
2026-05-14 22:00:53 | INFO | my_functions.py:214 | 
⛔ Not found: lets_go.PNG after 0.01s region=(0, 0, 765, 1038) confidence=0.8
2026-05-14 22:00:53 | INFO | my_functions.py:263 | [DEBUG] Click skipped, image not found: lets_go.PNG
2026-05-14 22:00:54 | INFO | my_functions.py:170 | Searching shop_unselected.PNG (timeout=0s)
2026-05-14 22:00:54 | INFO | my_functions.py:214 | 
⛔ Not found: shop_unselected.PNG after 0.0s region=(0, 0, 765, 1038) confidence=0.8
2026-05-14 22:00:54 | INFO | my_functions.py:236 | [DEBUG] wait_for_image_and_click -> super_premium.PNG timeout=0s delay_click=1s confidence=0.8
2026-05-14 22:00:54 | INFO | my_functions.py:170 | Searching super_premium.PNG (timeout=0s)
2026-05-14 22:00:54 | INFO | my_functions.py:214 | 
⛔ Not found: super_premium.PNG after 0.0s region=(0, 0, 765, 1038) confidence=0.8
2026-05-14 22:00:54 | INFO | my_functions.py:263 | [DEBUG] Click skipped, image not found: super_premium.PNG
2026-05-14 22:00:54 | INFO | my_functions.py:236 | [DEBUG] wait_for_image_and_click -> maybe_later.PNG timeout=0s delay_click=1s confidence=0.8
2026-05-14 22:00:54 | INFO | my_functions.py:170 | Searching maybe_later.PNG (timeout=0s)
2026-05-14 22:00:55 | INFO | my_functions.py:214 | 
⛔ Not found: maybe_later.PNG after 0.04s region=(0, 0, 765, 1038) confidence=0.8
2026-05-14 22:00:55 | INFO | my_functions.py:263 | [DEBUG] Click skipped, image not found: maybe_later.PNG
2026-05-14 22:00:55 | INFO | my_functions.py:236 | [DEBUG] wait_for_image_and_click -> maybe_later2.PNG timeout=0s delay_click=1s confidence=0.8
2026-05-14 22:00:55 | INFO | my_functions.py:170 | Searching maybe_later2.PNG (timeout=0s)
2026-05-14 22:00:55 | INFO | my_functions.py:214 | 
⛔ Not found: maybe_later2.PNG after 0.0s region=(0, 0, 765, 1038) confidence=0.8
2026-05-14 22:00:55 | INFO | my_functions.py:263 | [DEBUG] Click skipped, image not found: maybe_later2.PNG
2026-05-14 22:00:55 | INFO | my_functions.py:170 | Searching go_to_shop.PNG (timeout=0s)
2026-05-14 22:00:55 | INFO | my_functions.py:214 | 
⛔ Not found: go_to_shop.PNG after 0.0s region=(0, 0, 765, 1038) confidence=0.8
2026-05-14 22:00:55 | INFO | my_functions.py:236 | [DEBUG] wait_for_image_and_click -> 14_days_of_winterverse.PNG timeout=0s delay_click=1s confidence=0.8
2026-05-14 22:00:55 | INFO | my_functions.py:170 | Searching 14_days_of_winterverse.PNG (timeout=0s)
2026-05-14 22:00:55 | INFO | my_functions.py:214 | 
⛔ Not found: 14_days_of_winterverse.PNG after 0.02s region=(0, 0, 765, 1038) confidence=0.8
2026-05-14 22:00:55 | INFO | my_functions.py:263 | [DEBUG] Click skipped, image not found: 14_days_of_winterverse.PNG
2026-05-14 22:00:56 | INFO | my_functions.py:170 | Searching welcome_back_calendar.PNG (timeout=0s)
2026-05-14 22:00:56 | INFO | my_functions.py:214 | 
⛔ Not found: welcome_back_calendar.PNG after 0.0s region=(0, 0, 765, 1038) confidence=0.8
2026-05-14 22:00:56 | INFO | my_functions.py:236 | [DEBUG] wait_for_image_and_click -> start_the_countdown.PNG timeout=0s delay_click=1s confidence=0.8
2026-05-14 22:00:56 | INFO | my_functions.py:170 | Searching start_the_countdown.PNG (timeout=0s)
2026-05-14 22:00:56 | INFO | my_functions.py:214 | 
⛔ Not found: start_the_countdown.PNG after 0.0s region=(0, 0, 765, 1038) confidence=0.8
2026-05-14 22:00:56 | INFO | my_functions.py:263 | [DEBUG] Click skipped, image not found: start_the_countdown.PNG
2026-05-14 22:00:56 | INFO | my_functions.py:236 | [DEBUG] wait_for_image_and_click -> event_has_ended_sanctum.PNG timeout=0s delay_click=1s confidence=0.8
2026-05-14 22:00:56 | INFO | my_functions.py:170 | Searching event_has_ended_sanctum.PNG (timeout=0s)
2026-05-14 22:00:56 | INFO | my_functions.py:214 | 
⛔ Not found: event_has_ended_sanctum.PNG after 0.0s region=(0, 0, 765, 1038) confidence=0.8
2026-05-14 22:00:56 | INFO | my_functions.py:263 | [DEBUG] Click skipped, image not found: event_has_ended_sanctum.PNG
2026-05-14 22:00:56 | INFO | my_functions.py:236 | [DEBUG] wait_for_image_and_click -> image_part_of_event_grand_arena_finished.PNG timeout=0s delay_click=1s confidence=0.8
2026-05-14 22:00:56 | INFO | my_functions.py:170 | Searching image_part_of_event_grand_arena_finished.PNG (timeout=0s)
2026-05-14 22:00:57 | INFO | my_functions.py:214 | 
⛔ Not found: image_part_of_event_grand_arena_finished.PNG after 0.2s region=(0, 0, 765, 1038) confidence=0.8
2026-05-14 22:00:57 | INFO | my_functions.py:263 | [DEBUG] Click skipped, image not found: image_part_of_event_grand_arena_finished.PNG
2026-05-14 22:00:57 | INFO | my_functions.py:170 | Searching 28_day_event_login_rewards.PNG (timeout=0s)
2026-05-14 22:00:57 | INFO | my_functions.py:214 | 
⛔ Not found: 28_day_event_login_rewards.PNG after 0.0s region=(0, 0, 765, 1038) confidence=0.8
2026-05-14 22:00:57 | INFO | my_functions.py:170 | Searching 7_day_event_login.PNG (timeout=0s)
2026-05-14 22:00:57 | INFO | my_functions.py:214 | 
⛔ Not found: 7_day_event_login.PNG after 0.0s region=(0, 0, 765, 1038) confidence=0.8
2026-05-14 22:00:57 | INFO | my_functions.py:170 | Searching 14_days_event.PNG (timeout=0s)
2026-05-14 22:00:58 | INFO | my_functions.py:214 | 
⛔ Not found: 14_days_event.PNG after 0.0s region=(0, 0, 765, 1038) confidence=0.8
2026-05-14 22:00:58 | INFO | my_functions.py:236 | [DEBUG] wait_for_image_and_click -> lets_go.PNG timeout=0s delay_click=1s confidence=0.8
2026-05-14 22:00:58 | INFO | my_functions.py:170 | Searching lets_go.PNG (timeout=0s)
2026-05-14 22:00:58 | INFO | my_functions.py:214 | 
⛔ Not found: lets_go.PNG after 0.0s region=(0, 0, 765, 1038) confidence=0.8
2026-05-14 22:00:58 | INFO | my_functions.py:263 | [DEBUG] Click skipped, image not found: lets_go.PNG
2026-05-14 22:00:59 | INFO | my_functions.py:170 | Searching shop_unselected.PNG (timeout=0s)
2026-05-14 22:00:59 | INFO | my_functions.py:200 | 
✅ Found: shop_unselected.PNG pos=(89, 961) time=0.22s confidence=0.8
2026-05-14 22:01:07 | INFO | my_functions.py:170 | Searching shop_unselected.PNG (timeout=0s)
2026-05-14 22:01:07 | INFO | my_functions.py:214 | 
⛔ Not found: shop_unselected.PNG after 0.0s region=(0, 0, 765, 1038) confidence=0.8
2026-05-14 22:01:08 | INFO | my_functions.py:170 | Searching shop_unselected.PNG (timeout=0s)
2026-05-14 22:01:09 | INFO | my_functions.py:214 | 
⛔ Not found: shop_unselected.PNG after 0.0s region=(0, 0, 765, 1038) confidence=0.8
2026-05-14 22:01:09 | INFO | my_functions.py:236 | [DEBUG] wait_for_image_and_click -> super_premium.PNG timeout=0s delay_click=1s confidence=0.8
2026-05-14 22:01:09 | INFO | my_functions.py:170 | Searching super_premium.PNG (timeout=0s)
2026-05-14 22:01:09 | INFO | my_functions.py:200 | 
✅ Found: super_premium.PNG pos=(480, 777) time=0.19s confidence=0.8
2026-05-14 22:01:10 | INFO | my_functions.py:135 | Haciendo click en la posición (480, 777)
2026-05-14 22:01:10 | INFO | my_functions.py:256 | 🖱️ Click OK: super_premium.PNG at (480, 777) delay=1s
2026-05-14 22:01:10 | INFO | my_functions.py:143 | Presionando ESC (1/1)
2026-05-14 22:01:19 | INFO | my_functions.py:170 | Searching shop_unselected.PNG (timeout=0s)
2026-05-14 22:01:19 | INFO | my_functions.py:200 | 
✅ Found: shop_unselected.PNG pos=(89, 961) time=0.2s confidence=0.8
2026-05-14 22:01:19 | INFO | my_functions.py:674 | Ya esta listo
2026-05-14 22:01:19 | INFO | each_eight_hours.py:49 | [DEBUG] Requested JSON: MissionState.json
2026-05-14 22:01:19 | INFO | each_eight_hours.py:49 | [DEBUG] Resolved JSON path: C:\Users\Farm\AppData\LocalLow\Second Dinner\SNAP\Standalone\States\nvprod\MissionState.json
2026-05-14 22:01:19 | INFO | each_eight_hours.py:49 | [DEBUG] Notepad path: C:\Windows\System32\notepad.exe
2026-05-14 22:01:19 | INFO | each_eight_hours.py:49 | [DEBUG] Notepad exists: True
2026-05-14 22:01:19 | INFO | each_eight_hours.py:49 | [DEBUG] JSON exists: True
2026-05-14 22:01:19 | INFO | each_eight_hours.py:49 | [DEBUG] Notepad launched
2026-05-14 22:01:19 | INFO | each_eight_hours.py:49 | [DEBUG] PID: 3660
2026-05-14 22:01:19 | INFO | my_functions.py:304 | [INFO] Waiting for Notepad process...
2026-05-14 22:01:19 | INFO | my_functions.py:311 | [DEBUG] Loop running | elapsed=0.0s
2026-05-14 22:01:19 | INFO | my_functions.py:322 | [DEBUG] Found process | PID=0 | NAME=System Idle Process
2026-05-14 22:01:19 | INFO | my_functions.py:322 | [DEBUG] Found process | PID=4 | NAME=System
2026-05-14 22:01:19 | INFO | my_functions.py:322 | [DEBUG] Found process | PID=124 | NAME=Registry
2026-05-14 22:01:19 | INFO | my_functions.py:322 | [DEBUG] Found process | PID=380 | NAME=smss.exe
2026-05-14 22:01:19 | INFO | my_functions.py:322 | [DEBUG] Found process | PID=412 | NAME=SNAP.exe
2026-05-14 22:01:19 | INFO | my_functions.py:322 | [DEBUG] Found process | PID=416 | NAME=conhost.exe
2026-05-14 22:01:19 | INFO | my_functions.py:322 | [DEBUG] Found process | PID=424 | NAME=crashpad_handler.exe
2026-05-14 22:01:19 | INFO | my_functions.py:322 | [DEBUG] Found process | PID=452 | NAME=svchost.exe
2026-05-14 22:01:19 | INFO | my_functions.py:322 | [DEBUG] Found process | PID=504 | NAME=csrss.exe
2026-05-14 22:01:19 | INFO | my_functions.py:322 | [DEBUG] Found process | PID=580 | NAME=wininit.exe
2026-05-14 22:01:19 | INFO | my_functions.py:322 | [DEBUG] Found process | PID=588 | NAME=csrss.exe
2026-05-14 22:01:19 | INFO | my_functions.py:322 | [DEBUG] Found process | PID=652 | NAME=winlogon.exe
2026-05-14 22:01:19 | INFO | my_functions.py:322 | [DEBUG] Found process | PID=724 | NAME=services.exe
2026-05-14 22:01:19 | INFO | my_functions.py:322 | [DEBUG] Found process | PID=744 | NAME=lsass.exe
2026-05-14 22:01:19 | INFO | my_functions.py:322 | [DEBUG] Found process | PID=796 | NAME=svchost.exe
2026-05-14 22:01:19 | INFO | my_functions.py:322 | [DEBUG] Found process | PID=840 | NAME=RuntimeBroker.exe
2026-05-14 22:01:19 | INFO | my_functions.py:322 | [DEBUG] Found process | PID=868 | NAME=svchost.exe
2026-05-14 22:01:19 | INFO | my_functions.py:322 | [DEBUG] Found process | PID=884 | NAME=svchost.exe
2026-05-14 22:01:19 | INFO | my_functions.py:322 | [DEBUG] Found process | PID=888 | NAME=svchost.exe
2026-05-14 22:01:19 | INFO | my_functions.py:322 | [DEBUG] Found process | PID=896 | NAME=fontdrvhost.exe
2026-05-14 22:01:19 | INFO | my_functions.py:322 | [DEBUG] Found process | PID=900 | NAME=fontdrvhost.exe
2026-05-14 22:01:19 | INFO | my_functions.py:322 | [DEBUG] Found process | PID=992 | NAME=svchost.exe
2026-05-14 22:01:19 | INFO | my_functions.py:322 | [DEBUG] Found process | PID=1068 | NAME=RTSSHooksLoader64.exe
2026-05-14 22:01:19 | INFO | my_functions.py:322 | [DEBUG] Found process | PID=1100 | NAME=dwm.exe
2026-05-14 22:01:19 | INFO | my_functions.py:322 | [DEBUG] Found process | PID=1116 | NAME=smartscreen.exe
2026-05-14 22:01:19 | INFO | my_functions.py:322 | [DEBUG] Found process | PID=1156 | NAME=svchost.exe
2026-05-14 22:01:19 | INFO | my_functions.py:322 | [DEBUG] Found process | PID=1236 | NAME=svchost.exe
2026-05-14 22:01:19 | INFO | my_functions.py:322 | [DEBUG] Found process | PID=1252 | NAME=svchost.exe
2026-05-14 22:01:19 | INFO | my_functions.py:322 | [DEBUG] Found process | PID=1284 | NAME=svchost.exe
2026-05-14 22:01:19 | INFO | my_functions.py:322 | [DEBUG] Found process | PID=1388 | NAME=svchost.exe
2026-05-14 22:01:19 | INFO | my_functions.py:322 | [DEBUG] Found process | PID=1400 | NAME=svchost.exe
2026-05-14 22:01:19 | INFO | my_functions.py:322 | [DEBUG] Found process | PID=1440 | NAME=svchost.exe
2026-05-14 22:01:19 | INFO | my_functions.py:322 | [DEBUG] Found process | PID=1472 | NAME=svchost.exe
2026-05-14 22:01:19 | INFO | my_functions.py:322 | [DEBUG] Found process | PID=1548 | NAME=svchost.exe
2026-05-14 22:01:19 | INFO | my_functions.py:322 | [DEBUG] Found process | PID=1600 | NAME=svchost.exe
2026-05-14 22:01:19 | INFO | my_functions.py:322 | [DEBUG] Found process | PID=1608 | NAME=svchost.exe
2026-05-14 22:01:19 | INFO | my_functions.py:322 | [DEBUG] Found process | PID=1616 | NAME=svchost.exe
2026-05-14 22:01:19 | INFO | my_functions.py:322 | [DEBUG] Found process | PID=1700 | NAME=svchost.exe
2026-05-14 22:01:19 | INFO | my_functions.py:322 | [DEBUG] Found process | PID=1712 | NAME=svchost.exe
2026-05-14 22:01:19 | INFO | my_functions.py:322 | [DEBUG] Found process | PID=1792 | NAME=svchost.exe
2026-05-14 22:01:19 | INFO | my_functions.py:322 | [DEBUG] Found process | PID=1816 | NAME=MemCompression
2026-05-14 22:01:19 | INFO | my_functions.py:322 | [DEBUG] Found process | PID=1860 | NAME=svchost.exe
2026-05-14 22:01:19 | INFO | my_functions.py:322 | [DEBUG] Found process | PID=1868 | NAME=svchost.exe
2026-05-14 22:01:19 | INFO | my_functions.py:322 | [DEBUG] Found process | PID=1984 | NAME=crashpad_handler.exe
2026-05-14 22:01:19 | INFO | my_functions.py:322 | [DEBUG] Found process | PID=1996 | NAME=svchost.exe
2026-05-14 22:01:19 | INFO | my_functions.py:322 | [DEBUG] Found process | PID=2104 | NAME=svchost.exe
2026-05-14 22:01:19 | INFO | my_functions.py:322 | [DEBUG] Found process | PID=2112 | NAME=svchost.exe
2026-05-14 22:01:19 | INFO | my_functions.py:322 | [DEBUG] Found process | PID=2120 | NAME=svchost.exe
2026-05-14 22:01:19 | INFO | my_functions.py:322 | [DEBUG] Found process | PID=2168 | NAME=VGAuthService.exe
2026-05-14 22:01:19 | INFO | my_functions.py:322 | [DEBUG] Found process | PID=2220 | NAME=svchost.exe
2026-05-14 22:01:19 | INFO | my_functions.py:322 | [DEBUG] Found process | PID=2292 | NAME=svchost.exe
2026-05-14 22:01:19 | INFO | my_functions.py:322 | [DEBUG] Found process | PID=2336 | NAME=TextInputHost.exe
2026-05-14 22:01:19 | INFO | my_functions.py:322 | [DEBUG] Found process | PID=2444 | NAME=spoolsv.exe
2026-05-14 22:01:19 | INFO | my_functions.py:322 | [DEBUG] Found process | PID=2488 | NAME=svchost.exe
2026-05-14 22:01:19 | INFO | my_functions.py:322 | [DEBUG] Found process | PID=2536 | NAME=svchost.exe
2026-05-14 22:01:19 | INFO | my_functions.py:322 | [DEBUG] Found process | PID=2600 | NAME=svchost.exe
2026-05-14 22:01:19 | INFO | my_functions.py:322 | [DEBUG] Found process | PID=2652 | NAME=svchost.exe
2026-05-14 22:01:19 | INFO | my_functions.py:322 | [DEBUG] Found process | PID=2776 | NAME=svchost.exe
2026-05-14 22:01:19 | INFO | my_functions.py:322 | [DEBUG] Found process | PID=2784 | NAME=svchost.exe
2026-05-14 22:01:19 | INFO | my_functions.py:322 | [DEBUG] Found process | PID=2792 | NAME=svchost.exe
2026-05-14 22:01:19 | INFO | my_functions.py:322 | [DEBUG] Found process | PID=2800 | NAME=svchost.exe
2026-05-14 22:01:19 | INFO | my_functions.py:322 | [DEBUG] Found process | PID=2832 | NAME=svchost.exe
2026-05-14 22:01:19 | INFO | my_functions.py:322 | [DEBUG] Found process | PID=2852 | NAME=svchost.exe
2026-05-14 22:01:19 | INFO | my_functions.py:322 | [DEBUG] Found process | PID=2900 | NAME=MpDefenderCoreService.exe
2026-05-14 22:01:19 | INFO | my_functions.py:322 | [DEBUG] Found process | PID=2912 | NAME=svchost.exe
2026-05-14 22:01:19 | INFO | my_functions.py:322 | [DEBUG] Found process | PID=2940 | NAME=svchost.exe
2026-05-14 22:01:19 | INFO | my_functions.py:322 | [DEBUG] Found process | PID=2984 | NAME=svchost.exe
2026-05-14 22:01:19 | INFO | my_functions.py:322 | [DEBUG] Found process | PID=2992 | NAME=vm3dservice.exe
2026-05-14 22:01:19 | INFO | my_functions.py:322 | [DEBUG] Found process | PID=3000 | NAME=vmtoolsd.exe
2026-05-14 22:01:19 | INFO | my_functions.py:322 | [DEBUG] Found process | PID=3056 | NAME=MsMpEng.exe
2026-05-14 22:01:19 | INFO | my_functions.py:322 | [DEBUG] Found process | PID=3088 | NAME=svchost.exe
2026-05-14 22:01:19 | INFO | my_functions.py:322 | [DEBUG] Found process | PID=3112 | NAME=svchost.exe
2026-05-14 22:01:19 | INFO | my_functions.py:322 | [DEBUG] Found process | PID=3156 | NAME=AggregatorHost.exe
2026-05-14 22:01:19 | INFO | my_functions.py:322 | [DEBUG] Found process | PID=3180 | NAME=svchost.exe
2026-05-14 22:01:19 | INFO | my_functions.py:322 | [DEBUG] Found process | PID=3276 | NAME=svchost.exe
2026-05-14 22:01:19 | INFO | my_functions.py:322 | [DEBUG] Found process | PID=3288 | NAME=svchost.exe
2026-05-14 22:01:19 | INFO | my_functions.py:322 | [DEBUG] Found process | PID=3332 | NAME=svchost.exe
2026-05-14 22:01:19 | INFO | my_functions.py:322 | [DEBUG] Found process | PID=3388 | NAME=vm3dservice.exe
2026-05-14 22:01:19 | INFO | my_functions.py:322 | [DEBUG] Found process | PID=3504 | NAME=svchost.exe
2026-05-14 22:01:19 | INFO | my_functions.py:322 | [DEBUG] Found process | PID=3660 | NAME=notepad.exe
2026-05-14 22:01:19 | INFO | my_functions.py:334 | [INFO] Notepad detected | PID=3660
2026-05-14 22:01:19 | INFO | my_functions.py:339 | [DEBUG] Sleeping 1 second before kill...
2026-05-14 22:01:20 | INFO | my_functions.py:345 | [DEBUG] Killing process PID=3660
2026-05-14 22:01:20 | INFO | my_functions.py:352 | [SUCCESS] Notepad closed successfully
2026-05-14 22:01:21 | INFO | my_functions.py:414 | AVAILABLE: 6
2026-05-14 22:01:21 | INFO | my_functions.py:143 | Presionando ESC (1/1)
2026-05-14 22:01:22 | INFO | my_functions.py:236 | [DEBUG] wait_for_image_and_click -> white_x.png timeout=2s delay_click=1s confidence=0.8
2026-05-14 22:01:22 | INFO | my_functions.py:170 | Searching white_x.png (timeout=2s)
2026-05-14 22:01:24 | INFO | my_functions.py:214 | 
⛔ Not found: white_x.png after 2.11s region=(0, 0, 765, 1038) confidence=0.8
2026-05-14 22:01:24 | INFO | my_functions.py:263 | [DEBUG] Click skipped, image not found: white_x.png
2026-05-14 22:01:24 | INFO | each_eight_hours.py:183 | Deck selected: 6turns
2026-05-14 22:01:24 | INFO | my_functions.py:236 | [DEBUG] wait_for_image_and_click -> maybe_later.PNG timeout=2s delay_click=1s confidence=0.8
2026-05-14 22:01:24 | INFO | my_functions.py:170 | Searching maybe_later.PNG (timeout=2s)
2026-05-14 22:01:26 | INFO | my_functions.py:214 | 
⛔ Not found: maybe_later.PNG after 2.17s region=(0, 0, 765, 1038) confidence=0.8
2026-05-14 22:01:26 | INFO | my_functions.py:263 | [DEBUG] Click skipped, image not found: maybe_later.PNG
2026-05-14 22:01:26 | INFO | my_functions.py:236 | [DEBUG] wait_for_image_and_click -> maybe_later2.PNG timeout=0.01s delay_click=1s confidence=0.8
2026-05-14 22:01:26 | INFO | my_functions.py:170 | Searching maybe_later2.PNG (timeout=0.01s)
2026-05-14 22:01:27 | INFO | my_functions.py:214 | 
⛔ Not found: maybe_later2.PNG after 0.2s region=(0, 0, 765, 1038) confidence=0.8
2026-05-14 22:01:27 | INFO | my_functions.py:263 | [DEBUG] Click skipped, image not found: maybe_later2.PNG
2026-05-14 22:01:27 | INFO | each_eight_hours.py:247 | Starting game loop 1
2026-05-14 22:01:27 | INFO | my_functions.py:236 | [DEBUG] wait_for_image_and_click -> play.PNG timeout=20s delay_click=3s confidence=0.8
2026-05-14 22:01:27 | INFO | my_functions.py:170 | Searching play.PNG (timeout=20s)
2026-05-14 22:01:47 | INFO | my_functions.py:214 | 
⛔ Not found: play.PNG after 20.05s region=(0, 0, 765, 1038) confidence=0.8
2026-05-14 22:01:47 | INFO | my_functions.py:263 | [DEBUG] Click skipped, image not found: play.PNG
2026-05-14 22:01:47 | INFO | my_functions.py:170 | Searching 28_day_event_login_rewards.PNG (timeout=0s)
2026-05-14 22:01:47 | INFO | my_functions.py:214 | 
⛔ Not found: 28_day_event_login_rewards.PNG after 0.0s region=(0, 0, 765, 1038) confidence=0.8
2026-05-14 22:01:49 | INFO | my_functions.py:414 | AVAILABLE: 6
2026-05-14 22:01:49 | INFO | each_eight_hours.py:369 | Submissions after match: 6
2026-05-14 22:01:49 | INFO | my_functions.py:436 | Misiones completadas: 0
2026-05-14 22:01:49 | INFO | each_eight_hours.py:247 | Starting game loop 2
2026-05-14 22:01:49 | INFO | my_functions.py:236 | [DEBUG] wait_for_image_and_click -> play.PNG timeout=20s delay_click=3s confidence=0.8
2026-05-14 22:01:49 | INFO | my_functions.py:170 | Searching play.PNG (timeout=20s)
2026-05-14 22:02:10 | INFO | my_functions.py:214 | 
⛔ Not found: play.PNG after 20.08s region=(0, 0, 765, 1038) confidence=0.8
2026-05-14 22:02:10 | INFO | my_functions.py:263 | [DEBUG] Click skipped, image not found: play.PNG
2026-05-14 22:02:10 | INFO | my_functions.py:170 | Searching 28_day_event_login_rewards.PNG (timeout=0s)
2026-05-14 22:02:10 | INFO | my_functions.py:214 | 
⛔ Not found: 28_day_event_login_rewards.PNG after 0.0s region=(0, 0, 765, 1038) confidence=0.8
2026-05-14 22:02:12 | INFO | my_functions.py:414 | AVAILABLE: 6
2026-05-14 22:02:12 | INFO | each_eight_hours.py:369 | Submissions after match: 6
2026-05-14 22:02:12 | INFO | my_functions.py:436 | Misiones completadas: 0
2026-05-14 22:02:12 | INFO | each_eight_hours.py:247 | Starting game loop 3
2026-05-14 22:02:12 | INFO | my_functions.py:236 | [DEBUG] wait_for_image_and_click -> play.PNG timeout=20s delay_click=3s confidence=0.8
2026-05-14 22:02:12 | INFO | my_functions.py:170 | Searching play.PNG (timeout=20s)
2026-05-14 22:02:32 | INFO | my_functions.py:214 | 
⛔ Not found: play.PNG after 20.12s region=(0, 0, 765, 1038) confidence=0.8
2026-05-14 22:02:32 | INFO | my_functions.py:263 | [DEBUG] Click skipped, image not found: play.PNG
2026-05-14 22:02:32 | INFO | my_functions.py:170 | Searching 28_day_event_login_rewards.PNG (timeout=0s)
2026-05-14 22:02:32 | INFO | my_functions.py:214 | 
⛔ Not found: 28_day_event_login_rewards.PNG after 0.0s region=(0, 0, 765, 1038) confidence=0.8
2026-05-14 22:02:34 | INFO | my_functions.py:414 | AVAILABLE: 6
2026-05-14 22:02:34 | INFO | each_eight_hours.py:369 | Submissions after match: 6
2026-05-14 22:02:34 | INFO | my_functions.py:436 | Misiones completadas: 0
2026-05-14 22:02:34 | INFO | each_eight_hours.py:247 | Starting game loop 4
2026-05-14 22:02:34 | INFO | my_functions.py:236 | [DEBUG] wait_for_image_and_click -> play.PNG timeout=20s delay_click=3s confidence=0.8
2026-05-14 22:02:34 | INFO | my_functions.py:170 | Searching play.PNG (timeout=20s)
2026-05-14 22:02:54 | INFO | my_functions.py:214 | 
⛔ Not found: play.PNG after 20.07s region=(0, 0, 765, 1038) confidence=0.8
2026-05-14 22:02:54 | INFO | my_functions.py:263 | [DEBUG] Click skipped, image not found: play.PNG
2026-05-14 22:02:54 | INFO | my_functions.py:170 | Searching 28_day_event_login_rewards.PNG (timeout=0s)
2026-05-14 22:02:55 | INFO | my_functions.py:214 | 
⛔ Not found: 28_day_event_login_rewards.PNG after 0.0s region=(0, 0, 765, 1038) confidence=0.8
2026-05-14 22:02:57 | INFO | my_functions.py:414 | AVAILABLE: 6
2026-05-14 22:02:57 | INFO | each_eight_hours.py:369 | Submissions after match: 6
2026-05-14 22:02:57 | INFO | my_functions.py:436 | Misiones completadas: 0
2026-05-14 22:02:57 | INFO | each_eight_hours.py:247 | Starting game loop 5
2026-05-14 22:02:57 | INFO | my_functions.py:236 | [DEBUG] wait_for_image_and_click -> play.PNG timeout=20s delay_click=3s confidence=0.8
2026-05-14 22:02:57 | INFO | my_functions.py:170 | Searching play.PNG (timeout=20s)
