2026-05-31 08:38:27 | INFO | each_eight_hours.py:39 | LOG FILE PATH: \\vmware-host\Shared Folders\SHARED FILES VM\MS\logs\each_eight_hours_2026-05-31_08-38-27.log
2026-05-31 08:38:27 | INFO | each_eight_hours.py:40 | Logger initialized
2026-05-31 08:38:27 | INFO | each_eight_hours.py:67 | Script initialized
2026-05-31 08:38:30 | INFO | each_eight_hours.py:128 | snap.exe terminated if it was running
2026-05-31 08:38:31 | INFO | my_functions.py:57 | ⏳ Esperando WebSocket de OBS...
2026-05-31 08:38:31 | INFO | baseclient.py:33 | Connecting with parameters: host='localhost' port=4455 password='' subs=0 timeout=None
2026-05-31 08:38:31 | INFO | reqs.py:23 | Successfully identified ReqClient with the server using RPC version:1
2026-05-31 08:38:31 | INFO | my_functions.py:63 | ✅ Conectado al OBS WebSocket
2026-05-31 08:38:31 | INFO | my_functions.py:79 | ⏹ Grabación ya estaba activa, deteniéndola...
2026-05-31 08:38:31 | INFO | baseclient.py:33 | Connecting with parameters: host='localhost' port=4455 password='' subs=0 timeout=None
2026-05-31 08:38:31 | INFO | reqs.py:23 | Successfully identified ReqClient with the server using RPC version:1
2026-05-31 08:38:31 | INFO | my_functions.py:94 | Record stopped.
2026-05-31 08:38:43 | INFO | my_functions.py:124 | Archivo renombrado a: C:\Users\Farm\Videos\my_functions_2026-05-31_08-38-43.mkv
2026-05-31 08:38:46 | INFO | my_functions.py:84 | 🎬 Nueva grabación iniciada
2026-05-31 08:38:46 | INFO | my_functions.py:1289 | ⏱ Esperando 0.1 segundos antes de empezar...
2026-05-31 08:38:46 | INFO | my_functions.py:1296 | 🔍 Esperando ventana que contenga alguna de: ['py', 'eight_hours'] (máx 20s)
2026-05-31 08:38:46 | INFO | my_functions.py:1308 | ✅ Ventana encontrada: 'each_eight_hours  - Acceso directo'
2026-05-31 08:38:46 | INFO | my_functions.py:1323 | ✅ Ventana seleccionada: 'each_eight_hours  - Acceso directo'
2026-05-31 08:38:48 | INFO | my_functions.py:1346 | 🔁 Reajuste #1...
2026-05-31 08:38:48 | INFO | my_functions.py:1353 | ✔ Verificación completa. Se hicieron 1 reajustes.
2026-05-31 08:39:18 | INFO | my_functions.py:2119 | Starting Steam window scan
2026-05-31 08:39:18 | INFO | my_functions.py:2122 | Found window: 
2026-05-31 08:39:18 | INFO | my_functions.py:2122 | Found window: each_eight_hours  - Acceso directo
2026-05-31 08:39:18 | INFO | my_functions.py:2122 | Found window: Microsoft Text Input Application
2026-05-31 08:39:18 | INFO | my_functions.py:2122 | Found window: 
2026-05-31 08:39:18 | INFO | my_functions.py:2122 | Found window: 
2026-05-31 08:39:18 | INFO | my_functions.py:2122 | Found window: 
2026-05-31 08:39:18 | INFO | my_functions.py:2122 | Found window: 
2026-05-31 08:39:18 | INFO | my_functions.py:2122 | Found window: Program Manager
2026-05-31 08:39:18 | INFO | each_eight_hours.py:139 | Processing account: jeremy
2026-05-31 08:39:18 | INFO | each_eight_hours.py:142 | Game relaunched for account
2026-05-31 08:39:18 | INFO | my_functions.py:1289 | ⏱ Esperando 0.1 segundos antes de empezar...
2026-05-31 08:39:18 | INFO | my_functions.py:1296 | 🔍 Esperando ventana que contenga alguna de: ['SNAP'] (máx 20s)
2026-05-31 08:39:21 | INFO | my_functions.py:1308 | ✅ Ventana encontrada: 'SNAP'
2026-05-31 08:39:21 | INFO | my_functions.py:1323 | ✅ Ventana seleccionada: 'SNAP'
2026-05-31 08:39:23 | INFO | my_functions.py:1346 | 🔁 Reajuste #1...
2026-05-31 08:39:24 | INFO | my_functions.py:1353 | ✔ Verificación completa. Se hicieron 1 reajustes.
2026-05-31 08:39:24 | INFO | my_functions.py:993 | [DEBUG] Resizing SNAP window...
2026-05-31 08:39:24 | INFO | my_functions.py:1289 | ⏱ Esperando 0.1 segundos antes de empezar...
2026-05-31 08:39:24 | INFO | my_functions.py:1296 | 🔍 Esperando ventana que contenga alguna de: ['SNAP'] (máx 20s)
2026-05-31 08:39:24 | INFO | my_functions.py:1308 | ✅ Ventana encontrada: 'SNAP'
2026-05-31 08:39:24 | INFO | my_functions.py:1323 | ✅ Ventana seleccionada: 'SNAP'
2026-05-31 08:39:27 | INFO | my_functions.py:1355 | ✔ Verificación completa. No hubo cambios después del primer ajuste.
2026-05-31 08:39:27 | INFO | my_functions.py:248 | [DEBUG] Buscando en paralelo: ['small_submit.PNG', 'small_submit_hover.png', 'submit_hover_2.png', 'small_submit_hover_2.png'] | timeout=90s | confidence=0.8
2026-05-31 08:39:30 | INFO | my_functions.py:135 | Haciendo click en la posición (380, 642)
2026-05-31 08:39:30 | INFO | my_functions.py:270 | 🖱️ Click OK (En paralelo): small_submit.PNG at (380, 642) delay=0.2s
2026-05-31 08:39:33 | INFO | my_functions.py:248 | [DEBUG] Buscando en paralelo: ['small_submit.PNG', 'small_submit_hover.png', 'submit_hover_2.png', 'small_submit_hover_2.png'] | timeout=20s | confidence=0.8
2026-05-31 08:39:33 | INFO | my_functions.py:135 | Haciendo click en la posición (380, 721)
2026-05-31 08:39:34 | INFO | my_functions.py:270 | 🖱️ Click OK (En paralelo): small_submit.PNG at (380, 721) delay=0.2s
2026-05-31 08:39:35 | INFO | my_functions.py:1289 | ⏱ Esperando 0.1 segundos antes de empezar...
2026-05-31 08:39:35 | INFO | my_functions.py:1296 | 🔍 Esperando ventana que contenga alguna de: ['SNAP'] (máx 20s)
2026-05-31 08:39:35 | INFO | my_functions.py:1308 | ✅ Ventana encontrada: 'SNAP'
2026-05-31 08:39:35 | INFO | my_functions.py:1323 | ✅ Ventana seleccionada: 'SNAP'
2026-05-31 08:39:37 | INFO | my_functions.py:1346 | 🔁 Reajuste #1...
2026-05-31 08:39:38 | INFO | my_functions.py:1353 | ✔ Verificación completa. Se hicieron 1 reajustes.
2026-05-31 08:39:38 | INFO | my_functions.py:170 | Searching please_sign.png (timeout=0s)
2026-05-31 08:39:38 | INFO | my_functions.py:200 | 
✅ Found: please_sign.png pos=(383, 438) time=0.19s confidence=0.8
2026-05-31 08:39:38 | INFO | my_functions.py:248 | [DEBUG] Buscando en paralelo: ['ok_btn.png'] | timeout=20s | confidence=0.8
2026-05-31 08:39:39 | INFO | my_functions.py:135 | Haciendo click en la posición (382, 634)
2026-05-31 08:39:39 | INFO | my_functions.py:270 | 🖱️ Click OK (En paralelo): ok_btn.png at (382, 634) delay=1s
2026-05-31 08:39:40 | INFO | my_functions.py:248 | [DEBUG] Buscando en paralelo: ['small_submit.PNG', 'small_submit_hover.png', 'submit_hover_2.png', 'small_submit_hover_2.png'] | timeout=90s | confidence=0.8
2026-05-31 08:39:42 | INFO | my_functions.py:135 | Haciendo click en la posición (383, 643)
2026-05-31 08:39:42 | INFO | my_functions.py:270 | 🖱️ Click OK (En paralelo): small_submit_hover_2.png at (383, 643) delay=0.2s
2026-05-31 08:39:43 | INFO | my_functions.py:248 | [DEBUG] Buscando en paralelo: ['small_submit.PNG', 'small_submit_hover.png', 'submit_hover_2.png', 'small_submit_hover_2.png'] | timeout=20s | confidence=0.8
2026-05-31 08:39:44 | INFO | my_functions.py:135 | Haciendo click en la posición (380, 721)
2026-05-31 08:39:44 | INFO | my_functions.py:270 | 🖱️ Click OK (En paralelo): small_submit.PNG at (380, 721) delay=0.2s
2026-05-31 08:39:45 | INFO | my_functions.py:170 | Searching sign_in_with_google2.PNG (timeout=90s)
2026-05-31 08:39:45 | INFO | my_functions.py:200 | 
✅ Found: sign_in_with_google2.PNG pos=(406, 957) time=0.16s confidence=0.8
2026-05-31 08:39:45 | INFO | my_functions.py:248 | [DEBUG] Buscando en paralelo: ['sign_in_with_google2.PNG'] | timeout=20s | confidence=0.8
2026-05-31 08:39:46 | INFO | my_functions.py:135 | Haciendo click en la posición (406, 957)
2026-05-31 08:39:47 | INFO | my_functions.py:270 | 🖱️ Click OK (En paralelo): sign_in_with_google2.PNG at (406, 957) delay=1s
2026-05-31 08:39:48 | INFO | my_functions.py:248 | [DEBUG] Buscando en paralelo: ['jeremy.png'] | timeout=30s | confidence=0.8
2026-05-31 08:40:18 | INFO | my_functions.py:282 | [DEBUG] Click skipped, ninguna de las imágenes se encontró en el intento.
2026-05-31 08:40:20 | INFO | my_functions.py:248 | [DEBUG] Buscando en paralelo: ['jeremy.png'] | timeout=0s | confidence=0.8
2026-05-31 08:40:23 | INFO | my_functions.py:135 | Haciendo click en la posición (1143, 645)
2026-05-31 08:40:23 | INFO | my_functions.py:270 | 🖱️ Click OK (En paralelo): jeremy.png at (1143, 645) delay=3s
2026-05-31 08:40:25 | INFO | my_functions.py:170 | Searching marvelsnap_web.png (timeout=30s)
2026-05-31 08:40:29 | INFO | my_functions.py:200 | 
✅ Found: marvelsnap_web.png pos=(258, 80) time=4.06s confidence=0.7
2026-05-31 08:40:29 | INFO | my_functions.py:170 | Searching shop_unselected.PNG (timeout=0s)
2026-05-31 08:40:29 | INFO | my_functions.py:214 | 
⛔ Not found: shop_unselected.PNG after 0.0s region=(0, 0, 765, 1038) confidence=0.8
2026-05-31 08:40:29 | INFO | my_functions.py:248 | [DEBUG] Buscando en paralelo: ['super_premium.PNG'] | timeout=0s | confidence=0.8
2026-05-31 08:40:29 | INFO | my_functions.py:282 | [DEBUG] Click skipped, ninguna de las imágenes se encontró en el intento.
2026-05-31 08:40:31 | INFO | my_functions.py:248 | [DEBUG] Buscando en paralelo: ['maybe_later.PNG'] | timeout=0s | confidence=0.8
2026-05-31 08:40:31 | INFO | my_functions.py:282 | [DEBUG] Click skipped, ninguna de las imágenes se encontró en el intento.
2026-05-31 08:40:32 | INFO | my_functions.py:248 | [DEBUG] Buscando en paralelo: ['maybe_later2.PNG'] | timeout=0s | confidence=0.8
2026-05-31 08:40:32 | INFO | my_functions.py:282 | [DEBUG] Click skipped, ninguna de las imágenes se encontró en el intento.
2026-05-31 08:40:33 | INFO | my_functions.py:170 | Searching go_to_shop.PNG (timeout=0s)
2026-05-31 08:40:33 | INFO | my_functions.py:214 | 
⛔ Not found: go_to_shop.PNG after 0.0s region=(0, 0, 765, 1038) confidence=0.8
2026-05-31 08:40:33 | INFO | my_functions.py:248 | [DEBUG] Buscando en paralelo: ['14_days_of_winterverse.PNG'] | timeout=0s | confidence=0.8
2026-05-31 08:40:34 | INFO | my_functions.py:282 | [DEBUG] Click skipped, ninguna de las imágenes se encontró en el intento.
2026-05-31 08:40:35 | INFO | my_functions.py:170 | Searching welcome_back_calendar.PNG (timeout=0s)
2026-05-31 08:40:35 | INFO | my_functions.py:214 | 
⛔ Not found: welcome_back_calendar.PNG after 0.0s region=(0, 0, 765, 1038) confidence=0.8
2026-05-31 08:40:35 | INFO | my_functions.py:248 | [DEBUG] Buscando en paralelo: ['start_the_countdown.PNG'] | timeout=0s | confidence=0.8
2026-05-31 08:40:35 | INFO | my_functions.py:282 | [DEBUG] Click skipped, ninguna de las imágenes se encontró en el intento.
2026-05-31 08:40:36 | INFO | my_functions.py:248 | [DEBUG] Buscando en paralelo: ['event_has_ended_sanctum.PNG'] | timeout=0s | confidence=0.8
2026-05-31 08:40:36 | INFO | my_functions.py:282 | [DEBUG] Click skipped, ninguna de las imágenes se encontró en el intento.
2026-05-31 08:40:38 | INFO | my_functions.py:248 | [DEBUG] Buscando en paralelo: ['image_part_of_event_grand_arena_finished.PNG'] | timeout=0s | confidence=0.8
2026-05-31 08:40:38 | INFO | my_functions.py:282 | [DEBUG] Click skipped, ninguna de las imágenes se encontró en el intento.
2026-05-31 08:40:39 | INFO | my_functions.py:170 | Searching 28_day_event_login_rewards.PNG (timeout=0s)
2026-05-31 08:40:39 | INFO | my_functions.py:214 | 
⛔ Not found: 28_day_event_login_rewards.PNG after 0.0s region=(0, 0, 765, 1038) confidence=0.8
2026-05-31 08:40:39 | INFO | my_functions.py:170 | Searching 7_day_event_login.PNG (timeout=0s)
2026-05-31 08:40:39 | INFO | my_functions.py:214 | 
⛔ Not found: 7_day_event_login.PNG after 0.0s region=(0, 0, 765, 1038) confidence=0.8
2026-05-31 08:40:39 | INFO | my_functions.py:170 | Searching 14_days_event.PNG (timeout=0s)
2026-05-31 08:40:39 | INFO | my_functions.py:214 | 
⛔ Not found: 14_days_event.PNG after 0.0s region=(0, 0, 765, 1038) confidence=0.8
2026-05-31 08:40:39 | INFO | my_functions.py:248 | [DEBUG] Buscando en paralelo: ['lets_go.PNG'] | timeout=0s | confidence=0.8
2026-05-31 08:40:40 | INFO | my_functions.py:282 | [DEBUG] Click skipped, ninguna de las imágenes se encontró en el intento.
2026-05-31 08:40:42 | INFO | my_functions.py:170 | Searching shop_unselected.PNG (timeout=0s)
2026-05-31 08:40:42 | INFO | my_functions.py:200 | 
✅ Found: shop_unselected.PNG pos=(88, 961) time=0.23s confidence=0.8
2026-05-31 08:40:50 | INFO | my_functions.py:170 | Searching shop_unselected.PNG (timeout=0s)
2026-05-31 08:40:50 | INFO | my_functions.py:200 | 
✅ Found: shop_unselected.PNG pos=(88, 961) time=0.18s confidence=0.8
2026-05-31 08:40:50 | INFO | my_functions.py:520 | Ya esta listo
2026-05-31 08:40:52 | INFO | my_functions.py:330 | AVAILABLE: 4
2026-05-31 08:40:52 | INFO | each_eight_hours.py:168 | Entering shop to claim credits
2026-05-31 08:40:52 | INFO | my_functions.py:248 | [DEBUG] Buscando en paralelo: ['shop_unselected.PNG'] | timeout=20s | confidence=0.8
2026-05-31 08:40:54 | INFO | my_functions.py:135 | Haciendo click en la posición (88, 961)
2026-05-31 08:40:54 | INFO | my_functions.py:270 | 🖱️ Click OK (En paralelo): shop_unselected.PNG at (88, 961) delay=1s
2026-05-31 08:40:55 | INFO | my_functions.py:248 | [DEBUG] Buscando en paralelo: ['offers.PNG', 'offers_selected.PNG'] | timeout=20s | confidence=0.8
2026-05-31 08:40:56 | INFO | my_functions.py:135 | Haciendo click en la posición (197, 122)
2026-05-31 08:40:57 | INFO | my_functions.py:270 | 🖱️ Click OK (En paralelo): offers.PNG at (197, 122) delay=1s
2026-05-31 08:40:58 | INFO | my_functions.py:248 | [DEBUG] Buscando en paralelo: ['credits_selected.png', 'credits.PNG'] | timeout=3s | confidence=0.8
2026-05-31 08:40:59 | INFO | my_functions.py:135 | Haciendo click en la posición (173, 64)
2026-05-31 08:40:59 | INFO | my_functions.py:270 | 🖱️ Click OK (En paralelo): credits.PNG at (173, 64) delay=1s
2026-05-31 08:41:02 | INFO | my_functions.py:248 | [DEBUG] Buscando en paralelo: ['claim_25_credits.png'] | timeout=3s | confidence=0.8
2026-05-31 08:41:03 | INFO | my_functions.py:135 | Haciendo click en la posición (236, 328)
2026-05-31 08:41:03 | INFO | my_functions.py:270 | 🖱️ Click OK (En paralelo): claim_25_credits.png at (236, 328) delay=1s
2026-05-31 08:41:04 | INFO | my_functions.py:170 | Searching aw_snap.png (timeout=5s)
2026-05-31 08:41:10 | INFO | my_functions.py:214 | 
⛔ Not found: aw_snap.png after 5.15s region=(0, 0, 765, 1038) confidence=0.8
2026-05-31 08:41:10 | INFO | my_functions.py:143 | Presionando ESC (1/1)
2026-05-31 08:41:10 | INFO | my_functions.py:248 | [DEBUG] Buscando en paralelo: ['white_x.png'] | timeout=2s | confidence=0.8
2026-05-31 08:41:12 | INFO | my_functions.py:282 | [DEBUG] Click skipped, ninguna de las imágenes se encontró en el intento.
2026-05-31 08:41:14 | INFO | my_functions.py:248 | [DEBUG] Buscando en paralelo: ['nut.png'] | timeout=20s | confidence=0.8
2026-05-31 08:41:15 | INFO | my_functions.py:135 | Haciendo click en la posición (184, 78)
2026-05-31 08:41:15 | INFO | my_functions.py:270 | 🖱️ Click OK (En paralelo): nut.png at (184, 78) delay=1s
2026-05-31 08:41:16 | INFO | my_functions.py:248 | [DEBUG] Buscando en paralelo: ['graphics_quality.png'] | timeout=3s | confidence=0.8
2026-05-31 08:41:17 | INFO | my_functions.py:135 | Haciendo click en la posición (304, 644)
2026-05-31 08:41:17 | INFO | my_functions.py:270 | 🖱️ Click OK (En paralelo): graphics_quality.png at (304, 644) delay=1s
2026-05-31 08:41:20 | INFO | my_functions.py:248 | [DEBUG] Buscando en paralelo: ['sign_out.png'] | timeout=20s | confidence=0.8
2026-05-31 08:41:21 | INFO | my_functions.py:135 | Haciendo click en la posición (380, 796)
2026-05-31 08:41:21 | INFO | my_functions.py:270 | 🖱️ Click OK (En paralelo): sign_out.png at (380, 796) delay=1s
2026-05-31 08:41:23 | INFO | my_functions.py:248 | [DEBUG] Buscando en paralelo: ['sign_out_grande.png'] | timeout=20s | confidence=0.8
2026-05-31 08:41:24 | INFO | my_functions.py:135 | Haciendo click en la posición (359, 437)
2026-05-31 08:41:25 | INFO | my_functions.py:270 | 🖱️ Click OK (En paralelo): sign_out_grande.png at (359, 437) delay=1s
2026-05-31 08:41:26 | INFO | my_functions.py:248 | [DEBUG] Buscando en paralelo: ['sign_out2.png'] | timeout=20s | confidence=0.8
2026-05-31 08:41:27 | INFO | my_functions.py:135 | Haciendo click en la posición (383, 634)
2026-05-31 08:41:27 | INFO | my_functions.py:270 | 🖱️ Click OK (En paralelo): sign_out2.png at (383, 634) delay=1s
2026-05-31 08:41:28 | INFO | my_functions.py:1289 | ⏱ Esperando 0.1 segundos antes de empezar...
2026-05-31 08:41:28 | INFO | my_functions.py:1296 | 🔍 Esperando ventana que contenga alguna de: SNAP (máx 20s)
2026-05-31 08:41:28 | INFO | my_functions.py:1308 | ✅ Ventana encontrada: 'SNAP'
2026-05-31 08:41:28 | INFO | my_functions.py:1323 | ✅ Ventana seleccionada: 'SNAP'
2026-05-31 08:41:30 | INFO | my_functions.py:1346 | 🔁 Reajuste #1...
2026-05-31 08:41:32 | INFO | my_functions.py:1353 | ✔ Verificación completa. Se hicieron 1 reajustes.
2026-05-31 08:41:36 | INFO | each_eight_hours.py:181 | Logged out due to insufficient submissions
2026-05-31 08:41:38 | INFO | each_eight_hours.py:184 | snap.exe closed
2026-05-31 08:41:41 | INFO | each_eight_hours.py:139 | Processing account: reeps_vm
2026-05-31 08:41:41 | INFO | each_eight_hours.py:142 | Game relaunched for account
2026-05-31 08:41:41 | INFO | my_functions.py:1289 | ⏱ Esperando 0.1 segundos antes de empezar...
2026-05-31 08:41:41 | INFO | my_functions.py:1296 | 🔍 Esperando ventana que contenga alguna de: ['SNAP'] (máx 20s)
2026-05-31 08:41:43 | INFO | my_functions.py:1308 | ✅ Ventana encontrada: 'SNAP'
2026-05-31 08:41:43 | INFO | my_functions.py:1323 | ✅ Ventana seleccionada: 'SNAP'
2026-05-31 08:41:45 | INFO | my_functions.py:1355 | ✔ Verificación completa. No hubo cambios después del primer ajuste.
2026-05-31 08:41:45 | INFO | my_functions.py:993 | [DEBUG] Resizing SNAP window...
2026-05-31 08:41:45 | INFO | my_functions.py:1289 | ⏱ Esperando 0.1 segundos antes de empezar...
2026-05-31 08:41:45 | INFO | my_functions.py:1296 | 🔍 Esperando ventana que contenga alguna de: ['SNAP'] (máx 20s)
2026-05-31 08:41:45 | INFO | my_functions.py:1308 | ✅ Ventana encontrada: 'SNAP'
2026-05-31 08:41:45 | INFO | my_functions.py:1323 | ✅ Ventana seleccionada: 'SNAP'
2026-05-31 08:41:48 | INFO | my_functions.py:1355 | ✔ Verificación completa. No hubo cambios después del primer ajuste.
2026-05-31 08:41:48 | INFO | my_functions.py:248 | [DEBUG] Buscando en paralelo: ['small_submit.PNG', 'small_submit_hover.png', 'submit_hover_2.png', 'small_submit_hover_2.png'] | timeout=90s | confidence=0.8
2026-05-31 08:41:53 | INFO | my_functions.py:135 | Haciendo click en la posición (380, 642)
2026-05-31 08:41:53 | INFO | my_functions.py:270 | 🖱️ Click OK (En paralelo): small_submit.PNG at (380, 642) delay=0.2s
