2026-06-06 04:08:18 | INFO | each_eight_hours.py:39 | LOG FILE PATH: \\vmware-host\Shared Folders\SHARED FILES VM\MS\logs\each_eight_hours_2026-06-06_04-08-18.log
2026-06-06 04:08:18 | INFO | each_eight_hours.py:40 | Logger initialized
2026-06-06 04:08:18 | INFO | each_eight_hours.py:67 | Script initialized
2026-06-06 04:08:21 | INFO | each_eight_hours.py:128 | snap.exe terminated if it was running
2026-06-06 04:08:21 | INFO | my_functions.py:57 | ⏳ Esperando WebSocket de OBS...
2026-06-06 04:08:31 | INFO | baseclient.py:33 | Connecting with parameters: host='localhost' port=4455 password='' subs=0 timeout=None
2026-06-06 04:08:31 | INFO | reqs.py:23 | Successfully identified ReqClient with the server using RPC version:1
2026-06-06 04:08:31 | INFO | my_functions.py:63 | ✅ Conectado al OBS WebSocket
2026-06-06 04:08:31 | INFO | my_functions.py:88 | 🎬 Grabación iniciada
2026-06-06 04:08:31 | INFO | my_functions.py:1301 | ⏱ Esperando 0.1 segundos antes de empezar...
2026-06-06 04:08:32 | INFO | my_functions.py:1308 | 🔍 Esperando ventana que contenga alguna de: ['py', 'eight_hours'] (máx 20s)
2026-06-06 04:08:32 | INFO | my_functions.py:1320 | ✅ Ventana encontrada: 'each_eight_hours  - Acceso directo'
2026-06-06 04:08:32 | INFO | my_functions.py:1335 | ✅ Ventana seleccionada: 'each_eight_hours  - Acceso directo'
2026-06-06 04:08:34 | INFO | my_functions.py:1358 | 🔁 Reajuste #1...
2026-06-06 04:08:34 | INFO | my_functions.py:1365 | ✔ Verificación completa. Se hicieron 1 reajustes.
2026-06-06 04:09:04 | INFO | my_functions.py:2131 | Starting Steam window scan
2026-06-06 04:09:04 | INFO | my_functions.py:2134 | Found window: 
2026-06-06 04:09:04 | INFO | my_functions.py:2134 | Found window: each_eight_hours  - Acceso directo
2026-06-06 04:09:04 | INFO | my_functions.py:2134 | Found window: 
2026-06-06 04:09:04 | INFO | my_functions.py:2134 | Found window: 
2026-06-06 04:09:04 | INFO | my_functions.py:2134 | Found window: 
2026-06-06 04:09:04 | INFO | my_functions.py:2134 | Found window: 
2026-06-06 04:09:04 | INFO | my_functions.py:2134 | Found window: RivaTunerStatisticsServer
2026-06-06 04:09:04 | INFO | my_functions.py:2134 | Found window: Program Manager
2026-06-06 04:09:04 | INFO | each_eight_hours.py:139 | Processing account: jeremy
2026-06-06 04:09:04 | INFO | each_eight_hours.py:142 | Game relaunched for account
2026-06-06 04:09:04 | INFO | my_functions.py:1301 | ⏱ Esperando 0.1 segundos antes de empezar...
2026-06-06 04:09:04 | INFO | my_functions.py:1308 | 🔍 Esperando ventana que contenga alguna de: ['SNAP'] (máx 20s)
2026-06-06 04:09:08 | INFO | my_functions.py:1320 | ✅ Ventana encontrada: 'SNAP'
2026-06-06 04:09:08 | INFO | my_functions.py:1335 | ✅ Ventana seleccionada: 'SNAP'
2026-06-06 04:09:10 | INFO | my_functions.py:1358 | 🔁 Reajuste #1...
2026-06-06 04:09:13 | INFO | my_functions.py:1365 | ✔ Verificación completa. Se hicieron 1 reajustes.
2026-06-06 04:09:13 | INFO | my_functions.py:1004 | [DEBUG] Resizing SNAP window...
2026-06-06 04:09:13 | INFO | my_functions.py:1301 | ⏱ Esperando 0.1 segundos antes de empezar...
2026-06-06 04:09:13 | INFO | my_functions.py:1308 | 🔍 Esperando ventana que contenga alguna de: ['SNAP'] (máx 20s)
2026-06-06 04:09:13 | INFO | my_functions.py:1320 | ✅ Ventana encontrada: 'SNAP'
2026-06-06 04:09:13 | INFO | my_functions.py:1335 | ✅ Ventana seleccionada: 'SNAP'
2026-06-06 04:09:17 | INFO | my_functions.py:1367 | ✔ Verificación completa. No hubo cambios después del primer ajuste.
2026-06-06 04:09:17 | INFO | my_functions.py:248 | [DEBUG] Buscando en paralelo: ['small_submit.PNG', 'small_submit_hover.png', 'submit_hover_2.png', 'small_submit_hover_2.png'] | timeout=90s | confidence=0.8
2026-06-06 04:09:21 | INFO | my_functions.py:135 | Haciendo click en la posición (380, 642)
2026-06-06 04:09:21 | INFO | my_functions.py:270 | 🖱️ Click OK (En paralelo): small_submit.PNG at (380, 642) delay=0.2s
2026-06-06 04:09:24 | INFO | my_functions.py:248 | [DEBUG] Buscando en paralelo: ['small_submit.PNG', 'small_submit_hover.png', 'submit_hover_2.png', 'small_submit_hover_2.png'] | timeout=20s | confidence=0.8
2026-06-06 04:09:25 | INFO | my_functions.py:135 | Haciendo click en la posición (380, 721)
2026-06-06 04:09:25 | INFO | my_functions.py:270 | 🖱️ Click OK (En paralelo): small_submit.PNG at (380, 721) delay=0.2s
2026-06-06 04:09:26 | INFO | my_functions.py:1301 | ⏱ Esperando 0.1 segundos antes de empezar...
2026-06-06 04:09:26 | INFO | my_functions.py:1308 | 🔍 Esperando ventana que contenga alguna de: ['SNAP'] (máx 20s)
2026-06-06 04:09:26 | INFO | my_functions.py:1320 | ✅ Ventana encontrada: 'SNAP'
2026-06-06 04:09:26 | INFO | my_functions.py:1335 | ✅ Ventana seleccionada: 'SNAP'
2026-06-06 04:09:29 | INFO | my_functions.py:1367 | ✔ Verificación completa. No hubo cambios después del primer ajuste.
2026-06-06 04:09:29 | INFO | my_functions.py:170 | Searching please_sign.png (timeout=0s)
2026-06-06 04:09:29 | INFO | my_functions.py:214 | 
⛔ Not found: please_sign.png after 0.0s region=(0, 0, 765, 1038) confidence=0.8
2026-06-06 04:09:29 | INFO | my_functions.py:170 | Searching sign_in_with_google2.PNG (timeout=90s)
2026-06-06 04:09:29 | INFO | my_functions.py:200 | 
✅ Found: sign_in_with_google2.PNG pos=(406, 957) time=0.19s confidence=0.8
2026-06-06 04:09:29 | INFO | my_functions.py:248 | [DEBUG] Buscando en paralelo: ['sign_in_with_google2.PNG'] | timeout=20s | confidence=0.8
2026-06-06 04:09:31 | INFO | my_functions.py:135 | Haciendo click en la posición (406, 957)
2026-06-06 04:09:31 | INFO | my_functions.py:270 | 🖱️ Click OK (En paralelo): sign_in_with_google2.PNG at (406, 957) delay=1s
2026-06-06 04:09:32 | INFO | my_functions.py:248 | [DEBUG] Buscando en paralelo: ['jeremy.png'] | timeout=90s | confidence=0.8
2026-06-06 04:11:02 | INFO | my_functions.py:282 | [DEBUG] Click skipped, ninguna de las imágenes se encontró en el intento.
2026-06-06 04:11:04 | INFO | my_functions.py:248 | [DEBUG] Buscando en paralelo: ['jeremy.png'] | timeout=0s | confidence=0.8
2026-06-06 04:11:07 | INFO | my_functions.py:135 | Haciendo click en la posición (1143, 645)
2026-06-06 04:11:07 | INFO | my_functions.py:270 | 🖱️ Click OK (En paralelo): jeremy.png at (1143, 645) delay=3s
2026-06-06 04:11:09 | INFO | my_functions.py:170 | Searching marvelsnap_web.png (timeout=30s)
2026-06-06 04:11:13 | INFO | my_functions.py:200 | 
✅ Found: marvelsnap_web.png pos=(258, 80) time=3.38s confidence=0.7
2026-06-06 04:11:14 | INFO | my_functions.py:170 | Searching shop_unselected.PNG (timeout=0s)
2026-06-06 04:11:14 | INFO | my_functions.py:214 | 
⛔ Not found: shop_unselected.PNG after 0.0s region=(0, 0, 765, 1038) confidence=0.8
2026-06-06 04:11:14 | INFO | my_functions.py:248 | [DEBUG] Buscando en paralelo: ['super_premium.PNG'] | timeout=0s | confidence=0.8
2026-06-06 04:11:15 | INFO | my_functions.py:282 | [DEBUG] Click skipped, ninguna de las imágenes se encontró en el intento.
2026-06-06 04:11:16 | INFO | my_functions.py:248 | [DEBUG] Buscando en paralelo: ['maybe_later.PNG'] | timeout=0s | confidence=0.8
2026-06-06 04:11:17 | INFO | my_functions.py:282 | [DEBUG] Click skipped, ninguna de las imágenes se encontró en el intento.
2026-06-06 04:11:18 | INFO | my_functions.py:248 | [DEBUG] Buscando en paralelo: ['maybe_later2.PNG'] | timeout=0s | confidence=0.8
2026-06-06 04:11:18 | INFO | my_functions.py:282 | [DEBUG] Click skipped, ninguna de las imágenes se encontró en el intento.
2026-06-06 04:11:20 | INFO | my_functions.py:170 | Searching go_to_shop.PNG (timeout=0s)
2026-06-06 04:11:20 | INFO | my_functions.py:214 | 
⛔ Not found: go_to_shop.PNG after 0.0s region=(0, 0, 765, 1038) confidence=0.8
2026-06-06 04:11:20 | INFO | my_functions.py:248 | [DEBUG] Buscando en paralelo: ['14_days_of_winterverse.PNG'] | timeout=0s | confidence=0.8
2026-06-06 04:11:20 | INFO | my_functions.py:282 | [DEBUG] Click skipped, ninguna de las imágenes se encontró en el intento.
2026-06-06 04:11:22 | INFO | my_functions.py:170 | Searching welcome_back_calendar.PNG (timeout=0s)
2026-06-06 04:11:22 | INFO | my_functions.py:214 | 
⛔ Not found: welcome_back_calendar.PNG after 0.0s region=(0, 0, 765, 1038) confidence=0.8
2026-06-06 04:11:22 | INFO | my_functions.py:248 | [DEBUG] Buscando en paralelo: ['start_the_countdown.PNG'] | timeout=0s | confidence=0.8
2026-06-06 04:11:22 | INFO | my_functions.py:282 | [DEBUG] Click skipped, ninguna de las imágenes se encontró en el intento.
2026-06-06 04:11:23 | INFO | my_functions.py:248 | [DEBUG] Buscando en paralelo: ['event_has_ended_sanctum.PNG'] | timeout=0s | confidence=0.8
2026-06-06 04:11:24 | INFO | my_functions.py:282 | [DEBUG] Click skipped, ninguna de las imágenes se encontró en el intento.
2026-06-06 04:11:25 | INFO | my_functions.py:248 | [DEBUG] Buscando en paralelo: ['event_has_ended_teamclash.PNG'] | timeout=0s | confidence=0.8
2026-06-06 04:11:25 | INFO | my_functions.py:282 | [DEBUG] Click skipped, ninguna de las imágenes se encontró en el intento.
2026-06-06 04:11:26 | INFO | my_functions.py:248 | [DEBUG] Buscando en paralelo: ['image_part_of_event_grand_arena_finished.PNG'] | timeout=0s | confidence=0.8
2026-06-06 04:11:26 | INFO | my_functions.py:282 | [DEBUG] Click skipped, ninguna de las imágenes se encontró en el intento.
2026-06-06 04:11:27 | INFO | my_functions.py:170 | Searching 28_day_event_login_rewards.PNG (timeout=0s)
2026-06-06 04:11:28 | INFO | my_functions.py:214 | 
⛔ Not found: 28_day_event_login_rewards.PNG after 0.0s region=(0, 0, 765, 1038) confidence=0.8
2026-06-06 04:11:28 | INFO | my_functions.py:170 | Searching 7_day_event_login.PNG (timeout=0s)
2026-06-06 04:11:28 | INFO | my_functions.py:214 | 
⛔ Not found: 7_day_event_login.PNG after 0.0s region=(0, 0, 765, 1038) confidence=0.8
2026-06-06 04:11:28 | INFO | my_functions.py:170 | Searching 14_days_event.PNG (timeout=0s)
2026-06-06 04:11:29 | INFO | my_functions.py:214 | 
⛔ Not found: 14_days_event.PNG after 0.0s region=(0, 0, 765, 1038) confidence=0.8
2026-06-06 04:11:29 | INFO | my_functions.py:248 | [DEBUG] Buscando en paralelo: ['lets_go.PNG'] | timeout=0s | confidence=0.8
2026-06-06 04:11:29 | INFO | my_functions.py:282 | [DEBUG] Click skipped, ninguna de las imágenes se encontró en el intento.
2026-06-06 04:11:31 | INFO | my_functions.py:170 | Searching shop_unselected.PNG (timeout=0s)
2026-06-06 04:11:31 | INFO | my_functions.py:214 | 
⛔ Not found: shop_unselected.PNG after 0.0s region=(0, 0, 765, 1038) confidence=0.8
2026-06-06 04:11:31 | INFO | my_functions.py:248 | [DEBUG] Buscando en paralelo: ['super_premium.PNG'] | timeout=0s | confidence=0.8
2026-06-06 04:11:32 | INFO | my_functions.py:282 | [DEBUG] Click skipped, ninguna de las imágenes se encontró en el intento.
2026-06-06 04:11:33 | INFO | my_functions.py:248 | [DEBUG] Buscando en paralelo: ['maybe_later.PNG'] | timeout=0s | confidence=0.8
2026-06-06 04:11:33 | INFO | my_functions.py:282 | [DEBUG] Click skipped, ninguna de las imágenes se encontró en el intento.
2026-06-06 04:11:34 | INFO | my_functions.py:248 | [DEBUG] Buscando en paralelo: ['maybe_later2.PNG'] | timeout=0s | confidence=0.8
2026-06-06 04:11:35 | INFO | my_functions.py:282 | [DEBUG] Click skipped, ninguna de las imágenes se encontró en el intento.
2026-06-06 04:11:36 | INFO | my_functions.py:170 | Searching go_to_shop.PNG (timeout=0s)
2026-06-06 04:11:36 | INFO | my_functions.py:214 | 
⛔ Not found: go_to_shop.PNG after 0.0s region=(0, 0, 765, 1038) confidence=0.8
2026-06-06 04:11:36 | INFO | my_functions.py:248 | [DEBUG] Buscando en paralelo: ['14_days_of_winterverse.PNG'] | timeout=0s | confidence=0.8
2026-06-06 04:11:36 | INFO | my_functions.py:282 | [DEBUG] Click skipped, ninguna de las imágenes se encontró en el intento.
2026-06-06 04:11:37 | INFO | my_functions.py:170 | Searching welcome_back_calendar.PNG (timeout=0s)
2026-06-06 04:11:37 | INFO | my_functions.py:214 | 
⛔ Not found: welcome_back_calendar.PNG after 0.0s region=(0, 0, 765, 1038) confidence=0.8
2026-06-06 04:11:37 | INFO | my_functions.py:248 | [DEBUG] Buscando en paralelo: ['start_the_countdown.PNG'] | timeout=0s | confidence=0.8
2026-06-06 04:11:38 | INFO | my_functions.py:282 | [DEBUG] Click skipped, ninguna de las imágenes se encontró en el intento.
2026-06-06 04:11:39 | INFO | my_functions.py:248 | [DEBUG] Buscando en paralelo: ['event_has_ended_sanctum.PNG'] | timeout=0s | confidence=0.8
2026-06-06 04:11:39 | INFO | my_functions.py:282 | [DEBUG] Click skipped, ninguna de las imágenes se encontró en el intento.
2026-06-06 04:11:40 | INFO | my_functions.py:248 | [DEBUG] Buscando en paralelo: ['event_has_ended_teamclash.PNG'] | timeout=0s | confidence=0.8
2026-06-06 04:11:40 | INFO | my_functions.py:282 | [DEBUG] Click skipped, ninguna de las imágenes se encontró en el intento.
2026-06-06 04:11:42 | INFO | my_functions.py:248 | [DEBUG] Buscando en paralelo: ['image_part_of_event_grand_arena_finished.PNG'] | timeout=0s | confidence=0.8
2026-06-06 04:11:42 | INFO | my_functions.py:282 | [DEBUG] Click skipped, ninguna de las imágenes se encontró en el intento.
2026-06-06 04:11:43 | INFO | my_functions.py:170 | Searching 28_day_event_login_rewards.PNG (timeout=0s)
2026-06-06 04:11:43 | INFO | my_functions.py:214 | 
⛔ Not found: 28_day_event_login_rewards.PNG after 0.0s region=(0, 0, 765, 1038) confidence=0.8
2026-06-06 04:11:43 | INFO | my_functions.py:170 | Searching 7_day_event_login.PNG (timeout=0s)
2026-06-06 04:11:43 | INFO | my_functions.py:214 | 
⛔ Not found: 7_day_event_login.PNG after 0.0s region=(0, 0, 765, 1038) confidence=0.8
2026-06-06 04:11:43 | INFO | my_functions.py:170 | Searching 14_days_event.PNG (timeout=0s)
2026-06-06 04:11:43 | INFO | my_functions.py:214 | 
⛔ Not found: 14_days_event.PNG after 0.0s region=(0, 0, 765, 1038) confidence=0.8
2026-06-06 04:11:43 | INFO | my_functions.py:248 | [DEBUG] Buscando en paralelo: ['lets_go.PNG'] | timeout=0s | confidence=0.8
2026-06-06 04:11:43 | INFO | my_functions.py:282 | [DEBUG] Click skipped, ninguna de las imágenes se encontró en el intento.
2026-06-06 04:11:46 | INFO | my_functions.py:170 | Searching shop_unselected.PNG (timeout=0s)
2026-06-06 04:11:46 | INFO | my_functions.py:200 | 
✅ Found: shop_unselected.PNG pos=(89, 961) time=0.18s confidence=0.8
2026-06-06 04:11:54 | INFO | my_functions.py:170 | Searching shop_unselected.PNG (timeout=0s)
2026-06-06 04:11:54 | INFO | my_functions.py:200 | 
✅ Found: shop_unselected.PNG pos=(88, 961) time=0.18s confidence=0.8
2026-06-06 04:11:54 | INFO | my_functions.py:513 | Ya esta listo
2026-06-06 04:11:56 | INFO | my_functions.py:330 | AVAILABLE: 5
2026-06-06 04:11:56 | INFO | my_functions.py:352 | Misiones completadas: 0
2026-06-06 04:11:56 | INFO | my_functions.py:170 | Searching play.PNG (timeout=0s)
2026-06-06 04:11:56 | INFO | my_functions.py:200 | 
✅ Found: play.PNG pos=(384, 824) time=0.28s confidence=0.8
2026-06-06 04:11:57 | INFO | my_functions.py:1196 | [INFO] Click realizado donde se equipa el deck a jugar
2026-06-06 04:12:01 | INFO | my_functions.py:248 | [DEBUG] Buscando en paralelo: ['deck_666666.png'] | timeout=3s | confidence=0.8
2026-06-06 04:12:02 | INFO | my_functions.py:135 | Haciendo click en la posición (235, 546)
2026-06-06 04:12:02 | INFO | my_functions.py:270 | 🖱️ Click OK (En paralelo): deck_666666.png at (235, 546) delay=1s
2026-06-06 04:12:03 | INFO | my_functions.py:248 | [DEBUG] Buscando en paralelo: ['equip.png'] | timeout=3s | confidence=0.95
2026-06-06 04:12:04 | INFO | my_functions.py:135 | Haciendo click en la posición (548, 983)
2026-06-06 04:12:05 | INFO | my_functions.py:270 | 🖱️ Click OK (En paralelo): equip.png at (548, 983) delay=1s
2026-06-06 04:12:06 | INFO | each_eight_hours.py:166 | Deck selected: 6turns
2026-06-06 04:12:06 | INFO | my_functions.py:248 | [DEBUG] Buscando en paralelo: ['maybe_later.PNG'] | timeout=2s | confidence=0.8
2026-06-06 04:12:08 | INFO | my_functions.py:282 | [DEBUG] Click skipped, ninguna de las imágenes se encontró en el intento.
2026-06-06 04:12:09 | INFO | my_functions.py:248 | [DEBUG] Buscando en paralelo: ['maybe_later2.PNG'] | timeout=0.01s | confidence=0.8
2026-06-06 04:12:09 | INFO | my_functions.py:282 | [DEBUG] Click skipped, ninguna de las imágenes se encontró en el intento.
2026-06-06 04:12:10 | INFO | each_eight_hours.py:186 | Starting game loop 1
2026-06-06 04:12:10 | INFO | my_functions.py:248 | [DEBUG] Buscando en paralelo: ['play.PNG'] | timeout=20s | confidence=0.8
2026-06-06 04:12:13 | INFO | my_functions.py:135 | Haciendo click en la posición (384, 824)
2026-06-06 04:12:14 | INFO | my_functions.py:270 | 🖱️ Click OK (En paralelo): play.PNG at (384, 824) delay=3s
2026-06-06 04:12:38 | INFO | my_functions.py:200 | 
✅ Found: end_turn.PNG pos=(681, 945) time=0.23s confidence=0.8
2026-06-06 04:12:38 | INFO | my_functions.py:248 | [DEBUG] Buscando en paralelo: ['snap.PNG'] | timeout=0s | confidence=0.8
2026-06-06 04:12:40 | INFO | my_functions.py:135 | Haciendo click en la posición (386, 123)
2026-06-06 04:12:40 | INFO | my_functions.py:270 | 🖱️ Click OK (En paralelo): snap.PNG at (386, 123) delay=1s
2026-06-06 04:12:46 | INFO | my_functions.py:135 | Haciendo click en la posición (681, 945)
2026-06-06 04:12:48 | INFO | each_eight_hours.py:202 | End turn executed
2026-06-06 04:13:07 | INFO | my_functions.py:200 | 
✅ Found: end_turn.PNG pos=(682, 945) time=0.22s confidence=0.8
2026-06-06 04:13:07 | INFO | my_functions.py:248 | [DEBUG] Buscando en paralelo: ['snap.PNG'] | timeout=0s | confidence=0.8
2026-06-06 04:13:08 | INFO | my_functions.py:282 | [DEBUG] Click skipped, ninguna de las imágenes se encontró en el intento.
2026-06-06 04:13:14 | INFO | my_functions.py:135 | Haciendo click en la posición (682, 945)
2026-06-06 04:13:15 | INFO | each_eight_hours.py:202 | End turn executed
2026-06-06 04:13:29 | INFO | my_functions.py:200 | 
✅ Found: end_turn.PNG pos=(681, 945) time=0.22s confidence=0.8
2026-06-06 04:13:29 | INFO | my_functions.py:248 | [DEBUG] Buscando en paralelo: ['snap.PNG'] | timeout=0s | confidence=0.8
2026-06-06 04:13:29 | INFO | my_functions.py:282 | [DEBUG] Click skipped, ninguna de las imágenes se encontró en el intento.
2026-06-06 04:13:35 | INFO | my_functions.py:135 | Haciendo click en la posición (681, 945)
2026-06-06 04:13:36 | INFO | each_eight_hours.py:202 | End turn executed
2026-06-06 04:13:48 | INFO | my_functions.py:200 | 
✅ Found: end_turn.PNG pos=(681, 945) time=0.19s confidence=0.8
2026-06-06 04:13:48 | INFO | my_functions.py:248 | [DEBUG] Buscando en paralelo: ['snap.PNG'] | timeout=0s | confidence=0.8
2026-06-06 04:13:48 | INFO | my_functions.py:282 | [DEBUG] Click skipped, ninguna de las imágenes se encontró en el intento.
2026-06-06 04:13:54 | INFO | my_functions.py:135 | Haciendo click en la posición (681, 945)
2026-06-06 04:13:56 | INFO | each_eight_hours.py:202 | End turn executed
2026-06-06 04:14:10 | INFO | my_functions.py:200 | 
✅ Found: end_turn.PNG pos=(681, 945) time=0.18s confidence=0.8
2026-06-06 04:14:10 | INFO | my_functions.py:248 | [DEBUG] Buscando en paralelo: ['snap.PNG'] | timeout=0s | confidence=0.8
2026-06-06 04:14:10 | INFO | my_functions.py:282 | [DEBUG] Click skipped, ninguna de las imágenes se encontró en el intento.
2026-06-06 04:14:16 | INFO | my_functions.py:135 | Haciendo click en la posición (681, 945)
2026-06-06 04:14:18 | INFO | each_eight_hours.py:202 | End turn executed
2026-06-06 04:14:32 | INFO | my_functions.py:200 | 
✅ Found: end_turn.PNG pos=(681, 945) time=0.23s confidence=0.8
2026-06-06 04:14:32 | INFO | my_functions.py:248 | [DEBUG] Buscando en paralelo: ['snap.PNG'] | timeout=0s | confidence=0.8
2026-06-06 04:14:32 | INFO | my_functions.py:282 | [DEBUG] Click skipped, ninguna de las imágenes se encontró en el intento.
2026-06-06 04:14:38 | INFO | my_functions.py:135 | Haciendo click en la posición (681, 945)
2026-06-06 04:14:40 | INFO | each_eight_hours.py:202 | End turn executed
2026-06-06 04:14:55 | INFO | my_functions.py:200 | 
✅ Found: end_turn.PNG pos=(681, 945) time=0.21s confidence=0.8
2026-06-06 04:14:55 | INFO | my_functions.py:248 | [DEBUG] Buscando en paralelo: ['snap.PNG'] | timeout=0s | confidence=0.8
2026-06-06 04:14:55 | INFO | my_functions.py:282 | [DEBUG] Click skipped, ninguna de las imágenes se encontró en el intento.
2026-06-06 04:15:01 | INFO | my_functions.py:135 | Haciendo click en la posición (681, 945)
2026-06-06 04:15:02 | INFO | each_eight_hours.py:202 | End turn executed
2026-06-06 04:16:01 | INFO | my_functions.py:200 | 
✅ Found: collect_rewards.PNG pos=(679, 957) time=0.21s confidence=0.8
2026-06-06 04:16:01 | INFO | each_eight_hours.py:241 | Rewards detected, exiting match
2026-06-06 04:16:01 | INFO | my_functions.py:248 | [DEBUG] Buscando en paralelo: ['collect_rewards.PNG'] | timeout=20s | confidence=0.8
2026-06-06 04:16:02 | INFO | my_functions.py:135 | Haciendo click en la posición (679, 957)
2026-06-06 04:16:02 | INFO | my_functions.py:270 | 🖱️ Click OK (En paralelo): collect_rewards.PNG at (679, 957) delay=1s
2026-06-06 04:16:03 | INFO | my_functions.py:248 | [DEBUG] Buscando en paralelo: ['next.PNG'] | timeout=20s | confidence=0.8
2026-06-06 04:16:07 | INFO | my_functions.py:135 | Haciendo click en la posición (677, 973)
2026-06-06 04:16:07 | INFO | my_functions.py:270 | 🖱️ Click OK (En paralelo): next.PNG at (677, 973) delay=1s
2026-06-06 04:16:10 | INFO | my_functions.py:330 | AVAILABLE: 5
2026-06-06 04:16:10 | INFO | each_eight_hours.py:308 | Submissions after match: 5
2026-06-06 04:16:10 | INFO | my_functions.py:352 | Misiones completadas: 1
2026-06-06 04:16:10 | INFO | each_eight_hours.py:316 | Submission condition met, breaking loop
2026-06-06 04:16:10 | INFO | my_functions.py:248 | [DEBUG] Buscando en paralelo: ['missionsNotify2.png'] | timeout=20s | confidence=0.8
2026-06-06 04:16:13 | INFO | my_functions.py:135 | Haciendo click en la posición (538, 124)
2026-06-06 04:16:14 | INFO | my_functions.py:270 | 🖱️ Click OK (En paralelo): missionsNotify2.png at (538, 124) delay=3s
2026-06-06 04:16:15 | INFO | my_functions.py:1226 | [INFO] Iniciando click_missions_blue2
2026-06-06 04:16:15 | INFO | my_functions.py:135 | Haciendo click en la posición (150, 132)
2026-06-06 04:16:16 | INFO | my_functions.py:1229 | [ACTION] Click hecho en icono de calendario que me dirige a las misiones ordinarias
2026-06-06 04:16:16 | INFO | my_functions.py:170 | Searching bonus_challenge.png (timeout=0s)
2026-06-06 04:16:16 | INFO | my_functions.py:214 | 
⛔ Not found: bonus_challenge.png after 0.0s region=(0, 0, 765, 1038) confidence=0.8
2026-06-06 04:16:18 | INFO | my_functions.py:135 | Haciendo click en la posición (362, 493)
2026-06-06 04:16:19 | INFO | my_functions.py:1242 | [ACTION] Click 1/1 en misión azul
2026-06-06 04:16:20 | INFO | my_functions.py:170 | Searching flechita_mission.PNG (timeout=0s)
2026-06-06 04:16:20 | INFO | my_functions.py:214 | 
⛔ Not found: flechita_mission.PNG after 0.0s region=(0, 0, 765, 1038) confidence=0.8
2026-06-06 04:16:20 | INFO | my_functions.py:248 | [DEBUG] Buscando en paralelo: ['weekly3.PNG'] | timeout=0s | confidence=0.8
2026-06-06 04:16:20 | INFO | my_functions.py:282 | [DEBUG] Click skipped, ninguna de las imágenes se encontró en el intento.
2026-06-06 04:16:21 | INFO | my_functions.py:248 | [DEBUG] Buscando en paralelo: ['weekly3.PNG'] | timeout=0s | confidence=0.8
2026-06-06 04:16:21 | INFO | my_functions.py:282 | [DEBUG] Click skipped, ninguna de las imágenes se encontró en el intento.
2026-06-06 04:16:23 | INFO | my_functions.py:135 | Haciendo click en la posición (557, 64)
2026-06-06 04:16:24 | INFO | my_functions.py:248 | [DEBUG] Buscando en paralelo: ['cards_shop.PNG'] | timeout=20s | confidence=0.8
2026-06-06 04:16:25 | INFO | my_functions.py:135 | Haciendo click en la posición (568, 121)
2026-06-06 04:16:26 | INFO | my_functions.py:270 | 🖱️ Click OK (En paralelo): cards_shop.PNG at (568, 121) delay=1s
2026-06-06 04:16:27 | INFO | my_functions.py:248 | [DEBUG] Buscando en paralelo: ['token_icon.PNG'] | timeout=20s | confidence=0.8
2026-06-06 04:16:29 | INFO | my_functions.py:135 | Haciendo click en la posición (680, 171)
2026-06-06 04:16:29 | INFO | my_functions.py:270 | 🖱️ Click OK (En paralelo): token_icon.PNG at (680, 171) delay=1s
2026-06-06 04:16:32 | INFO | my_functions.py:248 | [DEBUG] Buscando en paralelo: ['claim!_token_3.PNG'] | timeout=4s | confidence=0.8
2026-06-06 04:16:36 | INFO | my_functions.py:282 | [DEBUG] Click skipped, ninguna de las imágenes se encontró en el intento.
2026-06-06 04:16:38 | INFO | my_functions.py:248 | [DEBUG] Buscando en paralelo: ['offers.PNG', 'offers_selected.PNG'] | timeout=20s | confidence=0.8
2026-06-06 04:16:39 | INFO | my_functions.py:135 | Haciendo click en la posición (197, 121)
2026-06-06 04:16:39 | INFO | my_functions.py:270 | 🖱️ Click OK (En paralelo): offers.PNG at (197, 121) delay=1s
2026-06-06 04:16:40 | INFO | my_functions.py:248 | [DEBUG] Buscando en paralelo: ['credits_selected.png', 'credits.PNG'] | timeout=3s | confidence=0.8
2026-06-06 04:16:41 | INFO | my_functions.py:135 | Haciendo click en la posición (173, 64)
2026-06-06 04:16:42 | INFO | my_functions.py:270 | 🖱️ Click OK (En paralelo): credits.PNG at (173, 64) delay=1s
2026-06-06 04:16:44 | INFO | my_functions.py:248 | [DEBUG] Buscando en paralelo: ['claim_25_credits.png'] | timeout=3s | confidence=0.8
2026-06-06 04:16:45 | INFO | my_functions.py:135 | Haciendo click en la posición (236, 328)
2026-06-06 04:16:46 | INFO | my_functions.py:270 | 🖱️ Click OK (En paralelo): claim_25_credits.png at (236, 328) delay=1s
2026-06-06 04:16:47 | INFO | my_functions.py:170 | Searching aw_snap.png (timeout=5s)
2026-06-06 04:16:52 | INFO | my_functions.py:214 | 
⛔ Not found: aw_snap.png after 5.05s region=(0, 0, 765, 1038) confidence=0.8
2026-06-06 04:16:52 | INFO | my_functions.py:143 | Presionando ESC (1/1)
2026-06-06 04:16:53 | INFO | my_functions.py:248 | [DEBUG] Buscando en paralelo: ['cards_shop.PNG'] | timeout=20s | confidence=0.8
2026-06-06 04:17:13 | INFO | my_functions.py:282 | [DEBUG] Click skipped, ninguna de las imágenes se encontró en el intento.
2026-06-06 04:17:14 | INFO | my_functions.py:248 | [DEBUG] Buscando en paralelo: ['offers.PNG'] | timeout=20s | confidence=0.8
2026-06-06 04:17:34 | INFO | my_functions.py:282 | [DEBUG] Click skipped, ninguna de las imágenes se encontró en el intento.
2026-06-06 04:17:35 | INFO | my_functions.py:1126 | [INFO] Iniciando mejora de cartas
2026-06-06 04:17:35 | INFO | my_functions.py:248 | [DEBUG] Buscando en paralelo: ['upgrade_cards_icon.PNG'] | timeout=20s | confidence=0.8
2026-06-06 04:17:55 | INFO | my_functions.py:282 | [DEBUG] Click skipped, ninguna de las imágenes se encontró en el intento.
2026-06-06 04:17:56 | INFO | my_functions.py:1130 | [INFO] Abriendo icono de upgrade_cards
2026-06-06 04:17:57 | INFO | my_functions.py:1136 | [STEP] Mejorando carta 1
2026-06-06 04:17:58 | INFO | my_functions.py:1140 | [ACTION] Click en carta 1
2026-06-06 04:17:59 | INFO | my_functions.py:1145 | [ACTION] Click en botón upgrade
2026-06-06 04:18:06 | INFO | my_functions.py:248 | [DEBUG] Buscando en paralelo: ['you_need_more_credits!.png'] | timeout=3s | confidence=0.8
2026-06-06 04:18:09 | INFO | my_functions.py:282 | [DEBUG] Click skipped, ninguna de las imágenes se encontró en el intento.
2026-06-06 04:18:15 | INFO | my_functions.py:1160 | [ACTION] Click para continuar a stage de nivel de coleccion
2026-06-06 04:18:20 | INFO | my_functions.py:143 | Presionando ESC (1/1)
2026-06-06 04:18:21 | INFO | my_functions.py:1165 | [ACTION] Saliendo de stage nivel de coleccion con ESC
2026-06-06 04:18:22 | INFO | my_functions.py:248 | [DEBUG] Buscando en paralelo: ['upgrade_cards_icon_selected.PNG'] | timeout=0s | confidence=0.8
2026-06-06 04:18:22 | INFO | my_functions.py:282 | [DEBUG] Click skipped, ninguna de las imágenes se encontró en el intento.
2026-06-06 04:18:23 | INFO | my_functions.py:248 | [DEBUG] Buscando en paralelo: ['upgrade_cards_icon.PNG'] | timeout=0s | confidence=0.8
2026-06-06 04:18:23 | INFO | my_functions.py:282 | [DEBUG] Click skipped, ninguna de las imágenes se encontró en el intento.
2026-06-06 04:18:24 | INFO | my_functions.py:248 | [DEBUG] Buscando en paralelo: ['upgrade_cards_icon_selected.PNG'] | timeout=0s | confidence=0.8
2026-06-06 04:18:25 | INFO | my_functions.py:282 | [DEBUG] Click skipped, ninguna de las imágenes se encontró en el intento.
2026-06-06 04:18:26 | INFO | my_functions.py:248 | [DEBUG] Buscando en paralelo: ['upgrade_cards_icon.PNG'] | timeout=0s | confidence=0.8
2026-06-06 04:18:26 | INFO | my_functions.py:282 | [DEBUG] Click skipped, ninguna de las imágenes se encontró en el intento.
2026-06-06 04:18:27 | INFO | my_functions.py:1185 | [INFO] Reabriendo icono de upgrade_cards
2026-06-06 04:18:28 | INFO | my_functions.py:1136 | [STEP] Mejorando carta 2
2026-06-06 04:18:28 | INFO | my_functions.py:1140 | [ACTION] Click en carta 2
2026-06-06 04:18:29 | INFO | my_functions.py:1145 | [ACTION] Click en botón upgrade
2026-06-06 04:18:36 | INFO | my_functions.py:248 | [DEBUG] Buscando en paralelo: ['you_need_more_credits!.png'] | timeout=3s | confidence=0.8
2026-06-06 04:18:40 | INFO | my_functions.py:282 | [DEBUG] Click skipped, ninguna de las imágenes se encontró en el intento.
2026-06-06 04:18:46 | INFO | my_functions.py:1160 | [ACTION] Click para continuar a stage de nivel de coleccion
2026-06-06 04:18:51 | INFO | my_functions.py:143 | Presionando ESC (1/1)
2026-06-06 04:18:52 | INFO | my_functions.py:1165 | [ACTION] Saliendo de stage nivel de coleccion con ESC
2026-06-06 04:18:53 | INFO | my_functions.py:248 | [DEBUG] Buscando en paralelo: ['upgrade_cards_icon_selected.PNG'] | timeout=0s | confidence=0.8
2026-06-06 04:18:53 | INFO | my_functions.py:282 | [DEBUG] Click skipped, ninguna de las imágenes se encontró en el intento.
2026-06-06 04:18:54 | INFO | my_functions.py:248 | [DEBUG] Buscando en paralelo: ['upgrade_cards_icon.PNG'] | timeout=0s | confidence=0.8
2026-06-06 04:18:54 | INFO | my_functions.py:282 | [DEBUG] Click skipped, ninguna de las imágenes se encontró en el intento.
2026-06-06 04:18:55 | INFO | my_functions.py:248 | [DEBUG] Buscando en paralelo: ['upgrade_cards_icon_selected.PNG'] | timeout=0s | confidence=0.8
2026-06-06 04:18:55 | INFO | my_functions.py:282 | [DEBUG] Click skipped, ninguna de las imágenes se encontró en el intento.
2026-06-06 04:18:56 | INFO | my_functions.py:248 | [DEBUG] Buscando en paralelo: ['upgrade_cards_icon.PNG'] | timeout=0s | confidence=0.8
2026-06-06 04:18:57 | INFO | my_functions.py:282 | [DEBUG] Click skipped, ninguna de las imágenes se encontró en el intento.
2026-06-06 04:18:58 | INFO | my_functions.py:1185 | [INFO] Reabriendo icono de upgrade_cards
2026-06-06 04:18:59 | INFO | my_functions.py:1136 | [STEP] Mejorando carta 3
2026-06-06 04:18:59 | INFO | my_functions.py:1140 | [ACTION] Click en carta 3
2026-06-06 04:19:00 | INFO | my_functions.py:1145 | [ACTION] Click en botón upgrade
2026-06-06 04:19:07 | INFO | my_functions.py:248 | [DEBUG] Buscando en paralelo: ['you_need_more_credits!.png'] | timeout=3s | confidence=0.8
2026-06-06 04:19:10 | INFO | my_functions.py:282 | [DEBUG] Click skipped, ninguna de las imágenes se encontró en el intento.
2026-06-06 04:19:16 | INFO | my_functions.py:1160 | [ACTION] Click para continuar a stage de nivel de coleccion
2026-06-06 04:19:21 | INFO | my_functions.py:143 | Presionando ESC (1/1)
2026-06-06 04:19:22 | INFO | my_functions.py:1165 | [ACTION] Saliendo de stage nivel de coleccion con ESC
2026-06-06 04:19:23 | INFO | my_functions.py:1188 | [INFO] Mejora de cartas completada ✅
2026-06-06 04:19:23 | INFO | my_functions.py:143 | Presionando ESC (1/1)
2026-06-06 04:19:24 | INFO | my_functions.py:248 | [DEBUG] Buscando en paralelo: ['white_x.png'] | timeout=2s | confidence=0.8
2026-06-06 04:19:25 | INFO | my_functions.py:135 | Haciendo click en la posición (381, 966)
2026-06-06 04:19:25 | INFO | my_functions.py:270 | 🖱️ Click OK (En paralelo): white_x.png at (381, 966) delay=1s
2026-06-06 04:19:26 | INFO | my_functions.py:248 | [DEBUG] Buscando en paralelo: ['nut.png'] | timeout=20s | confidence=0.8
2026-06-06 04:19:46 | INFO | my_functions.py:282 | [DEBUG] Click skipped, ninguna de las imágenes se encontró en el intento.
2026-06-06 04:19:47 | INFO | my_functions.py:248 | [DEBUG] Buscando en paralelo: ['graphics_quality.png'] | timeout=3s | confidence=0.8
2026-06-06 04:19:50 | INFO | my_functions.py:282 | [DEBUG] Click skipped, ninguna de las imágenes se encontró en el intento.
2026-06-06 04:19:53 | INFO | my_functions.py:248 | [DEBUG] Buscando en paralelo: ['sign_out.png'] | timeout=20s | confidence=0.8
2026-06-06 04:20:13 | INFO | my_functions.py:282 | [DEBUG] Click skipped, ninguna de las imágenes se encontró en el intento.
2026-06-06 04:20:15 | INFO | my_functions.py:248 | [DEBUG] Buscando en paralelo: ['sign_out_grande.png'] | timeout=20s | confidence=0.8
2026-06-06 04:20:35 | INFO | my_functions.py:282 | [DEBUG] Click skipped, ninguna de las imágenes se encontró en el intento.
2026-06-06 04:20:36 | INFO | my_functions.py:248 | [DEBUG] Buscando en paralelo: ['sign_out2.png'] | timeout=20s | confidence=0.8
2026-06-06 04:20:56 | INFO | my_functions.py:282 | [DEBUG] Click skipped, ninguna de las imágenes se encontró en el intento.
2026-06-06 04:20:57 | INFO | my_functions.py:1301 | ⏱ Esperando 0.1 segundos antes de empezar...
2026-06-06 04:20:57 | INFO | my_functions.py:1308 | 🔍 Esperando ventana que contenga alguna de: SNAP (máx 20s)
2026-06-06 04:20:57 | INFO | my_functions.py:1320 | ✅ Ventana encontrada: 'SNAP'
2026-06-06 04:20:57 | INFO | my_functions.py:1335 | ✅ Ventana seleccionada: 'SNAP'
2026-06-06 04:21:01 | INFO | my_functions.py:1367 | ✔ Verificación completa. No hubo cambios después del primer ajuste.
2026-06-06 04:21:06 | INFO | each_eight_hours.py:139 | Processing account: reeps_vm
2026-06-06 04:21:06 | INFO | each_eight_hours.py:142 | Game relaunched for account
2026-06-06 04:21:06 | INFO | my_functions.py:1301 | ⏱ Esperando 0.1 segundos antes de empezar...
2026-06-06 04:21:06 | INFO | my_functions.py:1308 | 🔍 Esperando ventana que contenga alguna de: ['SNAP'] (máx 20s)
2026-06-06 04:21:09 | INFO | my_functions.py:1320 | ✅ Ventana encontrada: 'SNAP'
2026-06-06 04:21:09 | INFO | my_functions.py:1335 | ✅ Ventana seleccionada: 'SNAP'
2026-06-06 04:21:12 | INFO | my_functions.py:1367 | ✔ Verificación completa. No hubo cambios después del primer ajuste.
2026-06-06 04:21:12 | INFO | my_functions.py:1004 | [DEBUG] Resizing SNAP window...
2026-06-06 04:21:12 | INFO | my_functions.py:1301 | ⏱ Esperando 0.1 segundos antes de empezar...
2026-06-06 04:21:12 | INFO | my_functions.py:1308 | 🔍 Esperando ventana que contenga alguna de: ['SNAP'] (máx 20s)
2026-06-06 04:21:12 | INFO | my_functions.py:1320 | ✅ Ventana encontrada: 'SNAP'
2026-06-06 04:21:12 | INFO | my_functions.py:1335 | ✅ Ventana seleccionada: 'SNAP'
2026-06-06 04:21:15 | INFO | my_functions.py:1367 | ✔ Verificación completa. No hubo cambios después del primer ajuste.
2026-06-06 04:21:15 | INFO | my_functions.py:248 | [DEBUG] Buscando en paralelo: ['small_submit.PNG', 'small_submit_hover.png', 'submit_hover_2.png', 'small_submit_hover_2.png'] | timeout=90s | confidence=0.8
2026-06-06 04:22:46 | INFO | my_functions.py:282 | [DEBUG] Click skipped, ninguna de las imágenes se encontró en el intento.
2026-06-06 04:22:49 | INFO | my_functions.py:248 | [DEBUG] Buscando en paralelo: ['small_submit.PNG', 'small_submit_hover.png', 'submit_hover_2.png', 'small_submit_hover_2.png'] | timeout=20s | confidence=0.8
2026-06-06 04:23:10 | INFO | my_functions.py:282 | [DEBUG] Click skipped, ninguna de las imágenes se encontró en el intento.
2026-06-06 04:23:11 | INFO | my_functions.py:1301 | ⏱ Esperando 0.1 segundos antes de empezar...
2026-06-06 04:23:11 | INFO | my_functions.py:1308 | 🔍 Esperando ventana que contenga alguna de: ['SNAP'] (máx 20s)
2026-06-06 04:23:11 | INFO | my_functions.py:1320 | ✅ Ventana encontrada: 'SNAP'
2026-06-06 04:23:11 | INFO | my_functions.py:1335 | ✅ Ventana seleccionada: 'SNAP'
2026-06-06 04:23:14 | INFO | my_functions.py:1367 | ✔ Verificación completa. No hubo cambios después del primer ajuste.
2026-06-06 04:23:14 | INFO | my_functions.py:170 | Searching please_sign.png (timeout=0s)
2026-06-06 04:23:14 | INFO | my_functions.py:214 | 
⛔ Not found: please_sign.png after 0.0s region=(0, 0, 765, 1038) confidence=0.8
2026-06-06 04:23:14 | INFO | my_functions.py:170 | Searching sign_in_with_google2.PNG (timeout=90s)
2026-06-06 04:24:44 | INFO | my_functions.py:214 | 
⛔ Not found: sign_in_with_google2.PNG after 90.02s region=(0, 0, 765, 1038) confidence=0.8
2026-06-06 04:24:44 | INFO | my_functions.py:248 | [DEBUG] Buscando en paralelo: ['sign_in_with_google2.PNG'] | timeout=20s | confidence=0.8
2026-06-06 04:25:04 | INFO | my_functions.py:282 | [DEBUG] Click skipped, ninguna de las imágenes se encontró en el intento.
2026-06-06 04:25:06 | INFO | my_functions.py:248 | [DEBUG] Buscando en paralelo: ['reeps_vm.png'] | timeout=90s | confidence=0.8
2026-06-06 04:26:36 | INFO | my_functions.py:282 | [DEBUG] Click skipped, ninguna de las imágenes se encontró en el intento.
2026-06-06 04:26:38 | INFO | my_functions.py:248 | [DEBUG] Buscando en paralelo: ['reeps_vm.png'] | timeout=0s | confidence=0.8
2026-06-06 04:26:38 | INFO | my_functions.py:282 | [DEBUG] Click skipped, ninguna de las imágenes se encontró en el intento.
2026-06-06 04:26:40 | INFO | my_functions.py:248 | [DEBUG] Buscando en paralelo: ['reeps_vm.png'] | timeout=0s | confidence=0.8
2026-06-06 04:26:40 | INFO | my_functions.py:282 | [DEBUG] Click skipped, ninguna de las imágenes se encontró en el intento.
2026-06-06 04:26:42 | INFO | my_functions.py:248 | [DEBUG] Buscando en paralelo: ['reeps_vm.png'] | timeout=0s | confidence=0.8
2026-06-06 04:26:42 | INFO | my_functions.py:282 | [DEBUG] Click skipped, ninguna de las imágenes se encontró en el intento.
2026-06-06 04:26:43 | INFO | my_functions.py:170 | Searching marvelsnap_web.png (timeout=30s)
2026-06-06 04:27:13 | INFO | my_functions.py:214 | 
⛔ Not found: marvelsnap_web.png after 30.04s region=(0, 0, 765, 1038) confidence=0.7
2026-06-06 04:27:13 | INFO | my_functions.py:170 | Searching shop_unselected.PNG (timeout=0s)
2026-06-06 04:27:14 | INFO | my_functions.py:200 | 
✅ Found: shop_unselected.PNG pos=(89, 961) time=0.2s confidence=0.8
2026-06-06 04:27:22 | INFO | my_functions.py:170 | Searching shop_unselected.PNG (timeout=0s)
2026-06-06 04:27:22 | INFO | my_functions.py:200 | 
✅ Found: shop_unselected.PNG pos=(88, 961) time=0.17s confidence=0.8
2026-06-06 04:27:22 | INFO | my_functions.py:513 | Ya esta listo
2026-06-06 04:27:24 | INFO | my_functions.py:330 | AVAILABLE: 4
2026-06-06 04:27:24 | INFO | each_eight_hours.py:168 | Entering shop to claim credits
2026-06-06 04:27:24 | INFO | my_functions.py:248 | [DEBUG] Buscando en paralelo: ['shop_unselected.PNG'] | timeout=20s | confidence=0.8
2026-06-06 04:27:25 | INFO | my_functions.py:135 | Haciendo click en la posición (88, 961)
2026-06-06 04:27:25 | INFO | my_functions.py:270 | 🖱️ Click OK (En paralelo): shop_unselected.PNG at (88, 961) delay=1s
2026-06-06 04:27:26 | INFO | my_functions.py:248 | [DEBUG] Buscando en paralelo: ['offers.PNG', 'offers_selected.PNG'] | timeout=20s | confidence=0.8
2026-06-06 04:27:28 | INFO | my_functions.py:135 | Haciendo click en la posición (197, 122)
2026-06-06 04:27:28 | INFO | my_functions.py:270 | 🖱️ Click OK (En paralelo): offers.PNG at (197, 122) delay=1s
2026-06-06 04:27:29 | INFO | my_functions.py:248 | [DEBUG] Buscando en paralelo: ['credits_selected.png', 'credits.PNG'] | timeout=3s | confidence=0.8
2026-06-06 04:27:30 | INFO | my_functions.py:135 | Haciendo click en la posición (173, 64)
2026-06-06 04:27:30 | INFO | my_functions.py:270 | 🖱️ Click OK (En paralelo): credits.PNG at (173, 64) delay=1s
2026-06-06 04:27:33 | INFO | my_functions.py:248 | [DEBUG] Buscando en paralelo: ['claim_25_credits.png'] | timeout=3s | confidence=0.8
2026-06-06 04:27:34 | INFO | my_functions.py:135 | Haciendo click en la posición (236, 328)
2026-06-06 04:27:34 | INFO | my_functions.py:270 | 🖱️ Click OK (En paralelo): claim_25_credits.png at (236, 328) delay=1s
2026-06-06 04:27:36 | INFO | my_functions.py:170 | Searching aw_snap.png (timeout=5s)
2026-06-06 04:27:41 | INFO | my_functions.py:214 | 
⛔ Not found: aw_snap.png after 5.14s region=(0, 0, 765, 1038) confidence=0.8
2026-06-06 04:27:41 | INFO | my_functions.py:143 | Presionando ESC (1/1)
2026-06-06 04:27:42 | INFO | my_functions.py:248 | [DEBUG] Buscando en paralelo: ['white_x.png'] | timeout=2s | confidence=0.8
2026-06-06 04:27:44 | INFO | my_functions.py:282 | [DEBUG] Click skipped, ninguna de las imágenes se encontró en el intento.
2026-06-06 04:27:45 | INFO | my_functions.py:248 | [DEBUG] Buscando en paralelo: ['nut.png'] | timeout=20s | confidence=0.8
2026-06-06 04:27:46 | INFO | my_functions.py:135 | Haciendo click en la posición (184, 78)
2026-06-06 04:27:46 | INFO | my_functions.py:270 | 🖱️ Click OK (En paralelo): nut.png at (184, 78) delay=1s
2026-06-06 04:27:47 | INFO | my_functions.py:248 | [DEBUG] Buscando en paralelo: ['graphics_quality.png'] | timeout=3s | confidence=0.8
2026-06-06 04:27:48 | INFO | my_functions.py:135 | Haciendo click en la posición (304, 644)
2026-06-06 04:27:49 | INFO | my_functions.py:270 | 🖱️ Click OK (En paralelo): graphics_quality.png at (304, 644) delay=1s
2026-06-06 04:27:51 | INFO | my_functions.py:248 | [DEBUG] Buscando en paralelo: ['sign_out.png'] | timeout=20s | confidence=0.8
2026-06-06 04:27:52 | INFO | my_functions.py:135 | Haciendo click en la posición (380, 796)
2026-06-06 04:27:52 | INFO | my_functions.py:270 | 🖱️ Click OK (En paralelo): sign_out.png at (380, 796) delay=1s
2026-06-06 04:27:54 | INFO | my_functions.py:248 | [DEBUG] Buscando en paralelo: ['sign_out_grande.png'] | timeout=20s | confidence=0.8
2026-06-06 04:27:55 | INFO | my_functions.py:135 | Haciendo click en la posición (359, 437)
2026-06-06 04:27:56 | INFO | my_functions.py:270 | 🖱️ Click OK (En paralelo): sign_out_grande.png at (359, 437) delay=1s
2026-06-06 04:27:57 | INFO | my_functions.py:248 | [DEBUG] Buscando en paralelo: ['sign_out2.png'] | timeout=20s | confidence=0.8
2026-06-06 04:27:58 | INFO | my_functions.py:135 | Haciendo click en la posición (383, 634)
2026-06-06 04:27:58 | INFO | my_functions.py:270 | 🖱️ Click OK (En paralelo): sign_out2.png at (383, 634) delay=1s
2026-06-06 04:27:59 | INFO | my_functions.py:1301 | ⏱ Esperando 0.1 segundos antes de empezar...
2026-06-06 04:27:59 | INFO | my_functions.py:1308 | 🔍 Esperando ventana que contenga alguna de: SNAP (máx 20s)
2026-06-06 04:27:59 | INFO | my_functions.py:1320 | ✅ Ventana encontrada: 'SNAP'
2026-06-06 04:27:59 | INFO | my_functions.py:1335 | ✅ Ventana seleccionada: 'SNAP'
2026-06-06 04:28:01 | INFO | my_functions.py:1358 | 🔁 Reajuste #1...
2026-06-06 04:28:03 | INFO | my_functions.py:1365 | ✔ Verificación completa. Se hicieron 1 reajustes.
2026-06-06 04:28:08 | INFO | each_eight_hours.py:175 | Logged out due to insufficient submissions
2026-06-06 04:28:09 | INFO | each_eight_hours.py:178 | snap.exe closed
2026-06-06 04:28:12 | INFO | each_eight_hours.py:139 | Processing account: overture_vm
2026-06-06 04:28:12 | INFO | each_eight_hours.py:142 | Game relaunched for account
2026-06-06 04:28:12 | INFO | my_functions.py:1301 | ⏱ Esperando 0.1 segundos antes de empezar...
2026-06-06 04:28:12 | INFO | my_functions.py:1308 | 🔍 Esperando ventana que contenga alguna de: ['SNAP'] (máx 20s)
2026-06-06 04:28:14 | INFO | my_functions.py:1320 | ✅ Ventana encontrada: 'SNAP'
2026-06-06 04:28:14 | INFO | my_functions.py:1335 | ✅ Ventana seleccionada: 'SNAP'
2026-06-06 04:28:16 | INFO | my_functions.py:1367 | ✔ Verificación completa. No hubo cambios después del primer ajuste.
2026-06-06 04:28:16 | INFO | my_functions.py:1004 | [DEBUG] Resizing SNAP window...
2026-06-06 04:28:16 | INFO | my_functions.py:1301 | ⏱ Esperando 0.1 segundos antes de empezar...
2026-06-06 04:28:16 | INFO | my_functions.py:1308 | 🔍 Esperando ventana que contenga alguna de: ['SNAP'] (máx 20s)
2026-06-06 04:28:16 | INFO | my_functions.py:1320 | ✅ Ventana encontrada: 'SNAP'
2026-06-06 04:28:16 | INFO | my_functions.py:1335 | ✅ Ventana seleccionada: 'SNAP'
2026-06-06 04:28:19 | INFO | my_functions.py:1367 | ✔ Verificación completa. No hubo cambios después del primer ajuste.
2026-06-06 04:28:19 | INFO | my_functions.py:248 | [DEBUG] Buscando en paralelo: ['small_submit.PNG', 'small_submit_hover.png', 'submit_hover_2.png', 'small_submit_hover_2.png'] | timeout=90s | confidence=0.8
2026-06-06 04:28:26 | INFO | my_functions.py:135 | Haciendo click en la posición (380, 642)
2026-06-06 04:28:26 | INFO | my_functions.py:270 | 🖱️ Click OK (En paralelo): small_submit.PNG at (380, 642) delay=0.2s
2026-06-06 04:28:30 | INFO | my_functions.py:248 | [DEBUG] Buscando en paralelo: ['small_submit.PNG', 'small_submit_hover.png', 'submit_hover_2.png', 'small_submit_hover_2.png'] | timeout=20s | confidence=0.8
2026-06-06 04:28:30 | INFO | my_functions.py:135 | Haciendo click en la posición (380, 721)
2026-06-06 04:28:30 | INFO | my_functions.py:270 | 🖱️ Click OK (En paralelo): small_submit.PNG at (380, 721) delay=0.2s
2026-06-06 04:28:31 | INFO | my_functions.py:1301 | ⏱ Esperando 0.1 segundos antes de empezar...
2026-06-06 04:28:31 | INFO | my_functions.py:1308 | 🔍 Esperando ventana que contenga alguna de: ['SNAP'] (máx 20s)
2026-06-06 04:28:31 | INFO | my_functions.py:1320 | ✅ Ventana encontrada: 'SNAP'
2026-06-06 04:28:31 | INFO | my_functions.py:1335 | ✅ Ventana seleccionada: 'SNAP'
2026-06-06 04:28:33 | INFO | my_functions.py:1358 | 🔁 Reajuste #1...
2026-06-06 04:28:35 | INFO | my_functions.py:1365 | ✔ Verificación completa. Se hicieron 1 reajustes.
2026-06-06 04:28:35 | INFO | my_functions.py:170 | Searching please_sign.png (timeout=0s)
2026-06-06 04:28:35 | INFO | my_functions.py:200 | 
✅ Found: please_sign.png pos=(383, 438) time=0.17s confidence=0.8
2026-06-06 04:28:35 | INFO | my_functions.py:248 | [DEBUG] Buscando en paralelo: ['ok_btn.png'] | timeout=20s | confidence=0.8
2026-06-06 04:28:36 | INFO | my_functions.py:135 | Haciendo click en la posición (382, 634)
2026-06-06 04:28:36 | INFO | my_functions.py:270 | 🖱️ Click OK (En paralelo): ok_btn.png at (382, 634) delay=1s
2026-06-06 04:28:37 | INFO | my_functions.py:248 | [DEBUG] Buscando en paralelo: ['small_submit.PNG', 'small_submit_hover.png', 'submit_hover_2.png', 'small_submit_hover_2.png'] | timeout=90s | confidence=0.8
2026-06-06 04:28:39 | INFO | my_functions.py:135 | Haciendo click en la posición (383, 643)
2026-06-06 04:28:39 | INFO | my_functions.py:270 | 🖱️ Click OK (En paralelo): small_submit_hover_2.png at (383, 643) delay=0.2s
2026-06-06 04:28:40 | INFO | my_functions.py:248 | [DEBUG] Buscando en paralelo: ['small_submit.PNG', 'small_submit_hover.png', 'submit_hover_2.png', 'small_submit_hover_2.png'] | timeout=20s | confidence=0.8
2026-06-06 04:28:41 | INFO | my_functions.py:135 | Haciendo click en la posición (380, 721)
2026-06-06 04:28:41 | INFO | my_functions.py:270 | 🖱️ Click OK (En paralelo): small_submit.PNG at (380, 721) delay=0.2s
2026-06-06 04:28:42 | INFO | my_functions.py:170 | Searching sign_in_with_google2.PNG (timeout=90s)
2026-06-06 04:28:43 | INFO | my_functions.py:200 | 
✅ Found: sign_in_with_google2.PNG pos=(406, 957) time=0.35s confidence=0.8
2026-06-06 04:28:43 | INFO | my_functions.py:248 | [DEBUG] Buscando en paralelo: ['sign_in_with_google2.PNG'] | timeout=20s | confidence=0.8
2026-06-06 04:28:44 | INFO | my_functions.py:135 | Haciendo click en la posición (406, 957)
2026-06-06 04:28:44 | INFO | my_functions.py:270 | 🖱️ Click OK (En paralelo): sign_in_with_google2.PNG at (406, 957) delay=1s
2026-06-06 04:28:45 | INFO | my_functions.py:248 | [DEBUG] Buscando en paralelo: ['overture_vm.png'] | timeout=90s | confidence=0.8
2026-06-06 04:28:58 | INFO | my_functions.py:135 | Haciendo click en la posición (1126, 447)
2026-06-06 04:28:59 | INFO | my_functions.py:270 | 🖱️ Click OK (En paralelo): overture_vm.png at (1126, 447) delay=3s
2026-06-06 04:29:00 | INFO | my_functions.py:170 | Searching marvelsnap_web.png (timeout=30s)
2026-06-06 04:29:31 | INFO | my_functions.py:200 | 
✅ Found: marvelsnap_web.png pos=(258, 80) time=30.9s confidence=0.7
2026-06-06 04:29:31 | INFO | my_functions.py:170 | Searching shop_unselected.PNG (timeout=0s)
2026-06-06 04:29:31 | INFO | my_functions.py:214 | 
⛔ Not found: shop_unselected.PNG after 0.0s region=(0, 0, 765, 1038) confidence=0.8
2026-06-06 04:29:31 | INFO | my_functions.py:248 | [DEBUG] Buscando en paralelo: ['super_premium.PNG'] | timeout=0s | confidence=0.8
2026-06-06 04:29:32 | INFO | my_functions.py:282 | [DEBUG] Click skipped, ninguna de las imágenes se encontró en el intento.
2026-06-06 04:29:33 | INFO | my_functions.py:248 | [DEBUG] Buscando en paralelo: ['maybe_later.PNG'] | timeout=0s | confidence=0.8
2026-06-06 04:29:33 | INFO | my_functions.py:282 | [DEBUG] Click skipped, ninguna de las imágenes se encontró en el intento.
2026-06-06 04:29:34 | INFO | my_functions.py:248 | [DEBUG] Buscando en paralelo: ['maybe_later2.PNG'] | timeout=0s | confidence=0.8
2026-06-06 04:29:34 | INFO | my_functions.py:282 | [DEBUG] Click skipped, ninguna de las imágenes se encontró en el intento.
2026-06-06 04:29:36 | INFO | my_functions.py:170 | Searching go_to_shop.PNG (timeout=0s)
2026-06-06 04:29:36 | INFO | my_functions.py:214 | 
⛔ Not found: go_to_shop.PNG after 0.0s region=(0, 0, 765, 1038) confidence=0.8
2026-06-06 04:29:36 | INFO | my_functions.py:248 | [DEBUG] Buscando en paralelo: ['14_days_of_winterverse.PNG'] | timeout=0s | confidence=0.8
2026-06-06 04:29:36 | INFO | my_functions.py:282 | [DEBUG] Click skipped, ninguna de las imágenes se encontró en el intento.
2026-06-06 04:29:37 | INFO | my_functions.py:170 | Searching welcome_back_calendar.PNG (timeout=0s)
2026-06-06 04:29:37 | INFO | my_functions.py:214 | 
⛔ Not found: welcome_back_calendar.PNG after 0.18s region=(0, 0, 765, 1038) confidence=0.8
2026-06-06 04:29:37 | INFO | my_functions.py:248 | [DEBUG] Buscando en paralelo: ['start_the_countdown.PNG'] | timeout=0s | confidence=0.8
2026-06-06 04:29:38 | INFO | my_functions.py:282 | [DEBUG] Click skipped, ninguna de las imágenes se encontró en el intento.
2026-06-06 04:29:39 | INFO | my_functions.py:248 | [DEBUG] Buscando en paralelo: ['event_has_ended_sanctum.PNG'] | timeout=0s | confidence=0.8
2026-06-06 04:29:39 | INFO | my_functions.py:282 | [DEBUG] Click skipped, ninguna de las imágenes se encontró en el intento.
2026-06-06 04:29:40 | INFO | my_functions.py:248 | [DEBUG] Buscando en paralelo: ['event_has_ended_teamclash.PNG'] | timeout=0s | confidence=0.8
2026-06-06 04:29:40 | INFO | my_functions.py:282 | [DEBUG] Click skipped, ninguna de las imágenes se encontró en el intento.
2026-06-06 04:29:41 | INFO | my_functions.py:248 | [DEBUG] Buscando en paralelo: ['image_part_of_event_grand_arena_finished.PNG'] | timeout=0s | confidence=0.8
2026-06-06 04:29:42 | INFO | my_functions.py:282 | [DEBUG] Click skipped, ninguna de las imágenes se encontró en el intento.
2026-06-06 04:29:43 | INFO | my_functions.py:170 | Searching 28_day_event_login_rewards.PNG (timeout=0s)
2026-06-06 04:29:43 | INFO | my_functions.py:214 | 
⛔ Not found: 28_day_event_login_rewards.PNG after 0.0s region=(0, 0, 765, 1038) confidence=0.8
2026-06-06 04:29:43 | INFO | my_functions.py:170 | Searching 7_day_event_login.PNG (timeout=0s)
2026-06-06 04:29:43 | INFO | my_functions.py:214 | 
⛔ Not found: 7_day_event_login.PNG after 0.0s region=(0, 0, 765, 1038) confidence=0.8
2026-06-06 04:29:43 | INFO | my_functions.py:170 | Searching 14_days_event.PNG (timeout=0s)
2026-06-06 04:29:43 | INFO | my_functions.py:214 | 
⛔ Not found: 14_days_event.PNG after 0.0s region=(0, 0, 765, 1038) confidence=0.8
2026-06-06 04:29:43 | INFO | my_functions.py:248 | [DEBUG] Buscando en paralelo: ['lets_go.PNG'] | timeout=0s | confidence=0.8
2026-06-06 04:29:44 | INFO | my_functions.py:282 | [DEBUG] Click skipped, ninguna de las imágenes se encontró en el intento.
2026-06-06 04:29:46 | INFO | my_functions.py:170 | Searching shop_unselected.PNG (timeout=0s)
2026-06-06 04:29:46 | INFO | my_functions.py:214 | 
⛔ Not found: shop_unselected.PNG after 0.0s region=(0, 0, 765, 1038) confidence=0.8
2026-06-06 04:29:46 | INFO | my_functions.py:248 | [DEBUG] Buscando en paralelo: ['super_premium.PNG'] | timeout=0s | confidence=0.8
2026-06-06 04:29:46 | INFO | my_functions.py:282 | [DEBUG] Click skipped, ninguna de las imágenes se encontró en el intento.
2026-06-06 04:29:47 | INFO | my_functions.py:248 | [DEBUG] Buscando en paralelo: ['maybe_later.PNG'] | timeout=0s | confidence=0.8
2026-06-06 04:29:47 | INFO | my_functions.py:282 | [DEBUG] Click skipped, ninguna de las imágenes se encontró en el intento.
2026-06-06 04:29:48 | INFO | my_functions.py:248 | [DEBUG] Buscando en paralelo: ['maybe_later2.PNG'] | timeout=0s | confidence=0.8
2026-06-06 04:29:49 | INFO | my_functions.py:282 | [DEBUG] Click skipped, ninguna de las imágenes se encontró en el intento.
2026-06-06 04:29:50 | INFO | my_functions.py:170 | Searching go_to_shop.PNG (timeout=0s)
2026-06-06 04:29:50 | INFO | my_functions.py:214 | 
⛔ Not found: go_to_shop.PNG after 0.0s region=(0, 0, 765, 1038) confidence=0.8
2026-06-06 04:29:50 | INFO | my_functions.py:248 | [DEBUG] Buscando en paralelo: ['14_days_of_winterverse.PNG'] | timeout=0s | confidence=0.8
2026-06-06 04:29:50 | INFO | my_functions.py:282 | [DEBUG] Click skipped, ninguna de las imágenes se encontró en el intento.
2026-06-06 04:29:51 | INFO | my_functions.py:170 | Searching welcome_back_calendar.PNG (timeout=0s)
2026-06-06 04:29:51 | INFO | my_functions.py:214 | 
⛔ Not found: welcome_back_calendar.PNG after 0.0s region=(0, 0, 765, 1038) confidence=0.8
2026-06-06 04:29:51 | INFO | my_functions.py:248 | [DEBUG] Buscando en paralelo: ['start_the_countdown.PNG'] | timeout=0s | confidence=0.8
2026-06-06 04:29:52 | INFO | my_functions.py:282 | [DEBUG] Click skipped, ninguna de las imágenes se encontró en el intento.
2026-06-06 04:29:53 | INFO | my_functions.py:248 | [DEBUG] Buscando en paralelo: ['event_has_ended_sanctum.PNG'] | timeout=0s | confidence=0.8
2026-06-06 04:29:53 | INFO | my_functions.py:282 | [DEBUG] Click skipped, ninguna de las imágenes se encontró en el intento.
2026-06-06 04:29:54 | INFO | my_functions.py:248 | [DEBUG] Buscando en paralelo: ['event_has_ended_teamclash.PNG'] | timeout=0s | confidence=0.8
2026-06-06 04:29:54 | INFO | my_functions.py:282 | [DEBUG] Click skipped, ninguna de las imágenes se encontró en el intento.
2026-06-06 04:29:55 | INFO | my_functions.py:248 | [DEBUG] Buscando en paralelo: ['image_part_of_event_grand_arena_finished.PNG'] | timeout=0s | confidence=0.8
2026-06-06 04:29:56 | INFO | my_functions.py:282 | [DEBUG] Click skipped, ninguna de las imágenes se encontró en el intento.
2026-06-06 04:29:57 | INFO | my_functions.py:170 | Searching 28_day_event_login_rewards.PNG (timeout=0s)
2026-06-06 04:29:57 | INFO | my_functions.py:214 | 
⛔ Not found: 28_day_event_login_rewards.PNG after 0.0s region=(0, 0, 765, 1038) confidence=0.8
2026-06-06 04:29:57 | INFO | my_functions.py:170 | Searching 7_day_event_login.PNG (timeout=0s)
2026-06-06 04:29:57 | INFO | my_functions.py:214 | 
⛔ Not found: 7_day_event_login.PNG after 0.0s region=(0, 0, 765, 1038) confidence=0.8
2026-06-06 04:29:57 | INFO | my_functions.py:170 | Searching 14_days_event.PNG (timeout=0s)
2026-06-06 04:29:57 | INFO | my_functions.py:214 | 
⛔ Not found: 14_days_event.PNG after 0.01s region=(0, 0, 765, 1038) confidence=0.8
2026-06-06 04:29:57 | INFO | my_functions.py:248 | [DEBUG] Buscando en paralelo: ['lets_go.PNG'] | timeout=0s | confidence=0.8
2026-06-06 04:29:58 | INFO | my_functions.py:282 | [DEBUG] Click skipped, ninguna de las imágenes se encontró en el intento.
2026-06-06 04:30:00 | INFO | my_functions.py:170 | Searching shop_unselected.PNG (timeout=0s)
2026-06-06 04:30:00 | INFO | my_functions.py:214 | 
⛔ Not found: shop_unselected.PNG after 0.0s region=(0, 0, 765, 1038) confidence=0.8
2026-06-06 04:30:00 | INFO | my_functions.py:248 | [DEBUG] Buscando en paralelo: ['super_premium.PNG'] | timeout=0s | confidence=0.8
2026-06-06 04:30:00 | INFO | my_functions.py:282 | [DEBUG] Click skipped, ninguna de las imágenes se encontró en el intento.
2026-06-06 04:30:01 | INFO | my_functions.py:248 | [DEBUG] Buscando en paralelo: ['maybe_later.PNG'] | timeout=0s | confidence=0.8
2026-06-06 04:30:01 | INFO | my_functions.py:282 | [DEBUG] Click skipped, ninguna de las imágenes se encontró en el intento.
2026-06-06 04:30:02 | INFO | my_functions.py:248 | [DEBUG] Buscando en paralelo: ['maybe_later2.PNG'] | timeout=0s | confidence=0.8
2026-06-06 04:30:03 | INFO | my_functions.py:282 | [DEBUG] Click skipped, ninguna de las imágenes se encontró en el intento.
2026-06-06 04:30:04 | INFO | my_functions.py:170 | Searching go_to_shop.PNG (timeout=0s)
2026-06-06 04:30:04 | INFO | my_functions.py:214 | 
⛔ Not found: go_to_shop.PNG after 0.0s region=(0, 0, 765, 1038) confidence=0.8
2026-06-06 04:30:04 | INFO | my_functions.py:248 | [DEBUG] Buscando en paralelo: ['14_days_of_winterverse.PNG'] | timeout=0s | confidence=0.8
2026-06-06 04:30:04 | INFO | my_functions.py:282 | [DEBUG] Click skipped, ninguna de las imágenes se encontró en el intento.
2026-06-06 04:30:05 | INFO | my_functions.py:170 | Searching welcome_back_calendar.PNG (timeout=0s)
2026-06-06 04:30:05 | INFO | my_functions.py:214 | 
⛔ Not found: welcome_back_calendar.PNG after 0.0s region=(0, 0, 765, 1038) confidence=0.8
2026-06-06 04:30:05 | INFO | my_functions.py:248 | [DEBUG] Buscando en paralelo: ['start_the_countdown.PNG'] | timeout=0s | confidence=0.8
2026-06-06 04:30:06 | INFO | my_functions.py:282 | [DEBUG] Click skipped, ninguna de las imágenes se encontró en el intento.
2026-06-06 04:30:07 | INFO | my_functions.py:248 | [DEBUG] Buscando en paralelo: ['event_has_ended_sanctum.PNG'] | timeout=0s | confidence=0.8
2026-06-06 04:30:07 | INFO | my_functions.py:282 | [DEBUG] Click skipped, ninguna de las imágenes se encontró en el intento.
2026-06-06 04:30:08 | INFO | my_functions.py:248 | [DEBUG] Buscando en paralelo: ['event_has_ended_teamclash.PNG'] | timeout=0s | confidence=0.8
2026-06-06 04:30:08 | INFO | my_functions.py:282 | [DEBUG] Click skipped, ninguna de las imágenes se encontró en el intento.
2026-06-06 04:30:09 | INFO | my_functions.py:248 | [DEBUG] Buscando en paralelo: ['image_part_of_event_grand_arena_finished.PNG'] | timeout=0s | confidence=0.8
2026-06-06 04:30:09 | INFO | my_functions.py:282 | [DEBUG] Click skipped, ninguna de las imágenes se encontró en el intento.
2026-06-06 04:30:11 | INFO | my_functions.py:170 | Searching 28_day_event_login_rewards.PNG (timeout=0s)
2026-06-06 04:30:11 | INFO | my_functions.py:214 | 
⛔ Not found: 28_day_event_login_rewards.PNG after 0.0s region=(0, 0, 765, 1038) confidence=0.8
2026-06-06 04:30:11 | INFO | my_functions.py:170 | Searching 7_day_event_login.PNG (timeout=0s)
2026-06-06 04:30:11 | INFO | my_functions.py:214 | 
⛔ Not found: 7_day_event_login.PNG after 0.0s region=(0, 0, 765, 1038) confidence=0.8
2026-06-06 04:30:11 | INFO | my_functions.py:170 | Searching 14_days_event.PNG (timeout=0s)
2026-06-06 04:30:11 | INFO | my_functions.py:214 | 
⛔ Not found: 14_days_event.PNG after 0.0s region=(0, 0, 765, 1038) confidence=0.8
2026-06-06 04:30:11 | INFO | my_functions.py:248 | [DEBUG] Buscando en paralelo: ['lets_go.PNG'] | timeout=0s | confidence=0.8
2026-06-06 04:30:11 | INFO | my_functions.py:282 | [DEBUG] Click skipped, ninguna de las imágenes se encontró en el intento.
2026-06-06 04:30:14 | INFO | my_functions.py:170 | Searching shop_unselected.PNG (timeout=0s)
2026-06-06 04:30:14 | INFO | my_functions.py:214 | 
⛔ Not found: shop_unselected.PNG after 0.0s region=(0, 0, 765, 1038) confidence=0.8
2026-06-06 04:30:14 | INFO | my_functions.py:248 | [DEBUG] Buscando en paralelo: ['super_premium.PNG'] | timeout=0s | confidence=0.8
2026-06-06 04:30:14 | INFO | my_functions.py:282 | [DEBUG] Click skipped, ninguna de las imágenes se encontró en el intento.
2026-06-06 04:30:15 | INFO | my_functions.py:248 | [DEBUG] Buscando en paralelo: ['maybe_later.PNG'] | timeout=0s | confidence=0.8
2026-06-06 04:30:15 | INFO | my_functions.py:282 | [DEBUG] Click skipped, ninguna de las imágenes se encontró en el intento.
2026-06-06 04:30:16 | INFO | my_functions.py:248 | [DEBUG] Buscando en paralelo: ['maybe_later2.PNG'] | timeout=0s | confidence=0.8
2026-06-06 04:30:17 | INFO | my_functions.py:282 | [DEBUG] Click skipped, ninguna de las imágenes se encontró en el intento.
2026-06-06 04:30:18 | INFO | my_functions.py:170 | Searching go_to_shop.PNG (timeout=0s)
2026-06-06 04:30:18 | INFO | my_functions.py:214 | 
⛔ Not found: go_to_shop.PNG after 0.0s region=(0, 0, 765, 1038) confidence=0.8
2026-06-06 04:30:18 | INFO | my_functions.py:248 | [DEBUG] Buscando en paralelo: ['14_days_of_winterverse.PNG'] | timeout=0s | confidence=0.8
2026-06-06 04:30:18 | INFO | my_functions.py:282 | [DEBUG] Click skipped, ninguna de las imágenes se encontró en el intento.
2026-06-06 04:30:19 | INFO | my_functions.py:170 | Searching welcome_back_calendar.PNG (timeout=0s)
2026-06-06 04:30:19 | INFO | my_functions.py:214 | 
⛔ Not found: welcome_back_calendar.PNG after 0.0s region=(0, 0, 765, 1038) confidence=0.8
2026-06-06 04:30:19 | INFO | my_functions.py:248 | [DEBUG] Buscando en paralelo: ['start_the_countdown.PNG'] | timeout=0s | confidence=0.8
2026-06-06 04:30:20 | INFO | my_functions.py:282 | [DEBUG] Click skipped, ninguna de las imágenes se encontró en el intento.
2026-06-06 04:30:21 | INFO | my_functions.py:248 | [DEBUG] Buscando en paralelo: ['event_has_ended_sanctum.PNG'] | timeout=0s | confidence=0.8
2026-06-06 04:30:21 | INFO | my_functions.py:282 | [DEBUG] Click skipped, ninguna de las imágenes se encontró en el intento.
2026-06-06 04:30:22 | INFO | my_functions.py:248 | [DEBUG] Buscando en paralelo: ['event_has_ended_teamclash.PNG'] | timeout=0s | confidence=0.8
2026-06-06 04:30:22 | INFO | my_functions.py:282 | [DEBUG] Click skipped, ninguna de las imágenes se encontró en el intento.
2026-06-06 04:30:23 | INFO | my_functions.py:248 | [DEBUG] Buscando en paralelo: ['image_part_of_event_grand_arena_finished.PNG'] | timeout=0s | confidence=0.8
2026-06-06 04:30:24 | INFO | my_functions.py:282 | [DEBUG] Click skipped, ninguna de las imágenes se encontró en el intento.
2026-06-06 04:30:25 | INFO | my_functions.py:170 | Searching 28_day_event_login_rewards.PNG (timeout=0s)
2026-06-06 04:30:25 | INFO | my_functions.py:214 | 
⛔ Not found: 28_day_event_login_rewards.PNG after 0.0s region=(0, 0, 765, 1038) confidence=0.8
2026-06-06 04:30:25 | INFO | my_functions.py:170 | Searching 7_day_event_login.PNG (timeout=0s)
2026-06-06 04:30:25 | INFO | my_functions.py:214 | 
⛔ Not found: 7_day_event_login.PNG after 0.0s region=(0, 0, 765, 1038) confidence=0.8
2026-06-06 04:30:25 | INFO | my_functions.py:170 | Searching 14_days_event.PNG (timeout=0s)
2026-06-06 04:30:25 | INFO | my_functions.py:214 | 
⛔ Not found: 14_days_event.PNG after 0.0s region=(0, 0, 765, 1038) confidence=0.8
2026-06-06 04:30:25 | INFO | my_functions.py:248 | [DEBUG] Buscando en paralelo: ['lets_go.PNG'] | timeout=0s | confidence=0.8
2026-06-06 04:30:26 | INFO | my_functions.py:282 | [DEBUG] Click skipped, ninguna de las imágenes se encontró en el intento.
2026-06-06 04:30:28 | INFO | my_functions.py:170 | Searching shop_unselected.PNG (timeout=0s)
2026-06-06 04:30:28 | INFO | my_functions.py:214 | 
⛔ Not found: shop_unselected.PNG after 0.0s region=(0, 0, 765, 1038) confidence=0.8
2026-06-06 04:30:28 | INFO | my_functions.py:248 | [DEBUG] Buscando en paralelo: ['super_premium.PNG'] | timeout=0s | confidence=0.8
2026-06-06 04:30:29 | INFO | my_functions.py:135 | Haciendo click en la posición (480, 777)
2026-06-06 04:30:29 | INFO | my_functions.py:270 | 🖱️ Click OK (En paralelo): super_premium.PNG at (480, 777) delay=1s
2026-06-06 04:30:30 | INFO | my_functions.py:143 | Presionando ESC (1/1)
2026-06-06 04:30:39 | INFO | my_functions.py:170 | Searching shop_unselected.PNG (timeout=0s)
2026-06-06 04:30:39 | INFO | my_functions.py:200 | 
✅ Found: shop_unselected.PNG pos=(88, 961) time=0.21s confidence=0.8
2026-06-06 04:30:39 | INFO | my_functions.py:513 | Ya esta listo
2026-06-06 04:30:41 | INFO | my_functions.py:330 | AVAILABLE: 5
2026-06-06 04:30:41 | INFO | my_functions.py:352 | Misiones completadas: 0
2026-06-06 04:30:41 | INFO | my_functions.py:170 | Searching play.PNG (timeout=0s)
2026-06-06 04:30:42 | INFO | my_functions.py:200 | 
✅ Found: play.PNG pos=(384, 825) time=0.24s confidence=0.8
2026-06-06 04:30:42 | INFO | my_functions.py:1196 | [INFO] Click realizado donde se equipa el deck a jugar
2026-06-06 04:30:46 | INFO | my_functions.py:248 | [DEBUG] Buscando en paralelo: ['deck_666666.png'] | timeout=3s | confidence=0.8
2026-06-06 04:30:47 | INFO | my_functions.py:135 | Haciendo click en la posición (384, 546)
2026-06-06 04:30:48 | INFO | my_functions.py:270 | 🖱️ Click OK (En paralelo): deck_666666.png at (384, 546) delay=1s
2026-06-06 04:30:49 | INFO | my_functions.py:248 | [DEBUG] Buscando en paralelo: ['equip.png'] | timeout=3s | confidence=0.95
2026-06-06 04:30:50 | INFO | my_functions.py:135 | Haciendo click en la posición (548, 983)
2026-06-06 04:30:50 | INFO | my_functions.py:270 | 🖱️ Click OK (En paralelo): equip.png at (548, 983) delay=1s
2026-06-06 04:30:51 | INFO | each_eight_hours.py:166 | Deck selected: 6turns
2026-06-06 04:30:51 | INFO | my_functions.py:248 | [DEBUG] Buscando en paralelo: ['maybe_later.PNG'] | timeout=2s | confidence=0.8
2026-06-06 04:30:53 | INFO | my_functions.py:282 | [DEBUG] Click skipped, ninguna de las imágenes se encontró en el intento.
2026-06-06 04:30:54 | INFO | my_functions.py:248 | [DEBUG] Buscando en paralelo: ['maybe_later2.PNG'] | timeout=0.01s | confidence=0.8
2026-06-06 04:30:55 | INFO | my_functions.py:282 | [DEBUG] Click skipped, ninguna de las imágenes se encontró en el intento.
2026-06-06 04:30:56 | INFO | each_eight_hours.py:186 | Starting game loop 1
2026-06-06 04:30:56 | INFO | my_functions.py:248 | [DEBUG] Buscando en paralelo: ['play.PNG'] | timeout=20s | confidence=0.8
2026-06-06 04:30:59 | INFO | my_functions.py:135 | Haciendo click en la posición (384, 824)
2026-06-06 04:30:59 | INFO | my_functions.py:270 | 🖱️ Click OK (En paralelo): play.PNG at (384, 824) delay=3s
2026-06-06 04:31:25 | INFO | my_functions.py:200 | 
✅ Found: end_turn.PNG pos=(681, 945) time=0.21s confidence=0.8
2026-06-06 04:31:25 | INFO | my_functions.py:248 | [DEBUG] Buscando en paralelo: ['snap.PNG'] | timeout=0s | confidence=0.8
2026-06-06 04:31:27 | INFO | my_functions.py:135 | Haciendo click en la posición (386, 122)
2026-06-06 04:31:27 | INFO | my_functions.py:270 | 🖱️ Click OK (En paralelo): snap.PNG at (386, 122) delay=1s
2026-06-06 04:31:34 | INFO | my_functions.py:135 | Haciendo click en la posición (681, 945)
2026-06-06 04:31:35 | INFO | each_eight_hours.py:202 | End turn executed
2026-06-06 04:31:50 | INFO | my_functions.py:200 | 
✅ Found: end_turn.PNG pos=(681, 945) time=0.2s confidence=0.8
2026-06-06 04:31:50 | INFO | my_functions.py:248 | [DEBUG] Buscando en paralelo: ['snap.PNG'] | timeout=0s | confidence=0.8
2026-06-06 04:31:50 | INFO | my_functions.py:282 | [DEBUG] Click skipped, ninguna de las imágenes se encontró en el intento.
2026-06-06 04:31:56 | INFO | my_functions.py:135 | Haciendo click en la posición (681, 945)
2026-06-06 04:31:58 | INFO | each_eight_hours.py:202 | End turn executed
2026-06-06 04:32:11 | INFO | my_functions.py:200 | 
✅ Found: end_turn.PNG pos=(681, 945) time=0.2s confidence=0.8
2026-06-06 04:32:11 | INFO | my_functions.py:248 | [DEBUG] Buscando en paralelo: ['snap.PNG'] | timeout=0s | confidence=0.8
2026-06-06 04:32:11 | INFO | my_functions.py:282 | [DEBUG] Click skipped, ninguna de las imágenes se encontró en el intento.
2026-06-06 04:32:17 | INFO | my_functions.py:135 | Haciendo click en la posición (681, 945)
2026-06-06 04:32:18 | INFO | each_eight_hours.py:202 | End turn executed
2026-06-06 04:32:35 | INFO | my_functions.py:200 | 
✅ Found: end_turn.PNG pos=(681, 945) time=0.19s confidence=0.8
2026-06-06 04:32:35 | INFO | my_functions.py:248 | [DEBUG] Buscando en paralelo: ['snap.PNG'] | timeout=0s | confidence=0.8
2026-06-06 04:32:36 | INFO | my_functions.py:282 | [DEBUG] Click skipped, ninguna de las imágenes se encontró en el intento.
2026-06-06 04:32:42 | INFO | my_functions.py:135 | Haciendo click en la posición (681, 945)
2026-06-06 04:32:43 | INFO | each_eight_hours.py:202 | End turn executed
2026-06-06 04:32:52 | INFO | my_functions.py:200 | 
✅ Found: end_turn.PNG pos=(681, 945) time=0.2s confidence=0.8
2026-06-06 04:32:52 | INFO | my_functions.py:248 | [DEBUG] Buscando en paralelo: ['snap.PNG'] | timeout=0s | confidence=0.8
2026-06-06 04:32:53 | INFO | my_functions.py:282 | [DEBUG] Click skipped, ninguna de las imágenes se encontró en el intento.
2026-06-06 04:32:59 | INFO | my_functions.py:135 | Haciendo click en la posición (681, 945)
2026-06-06 04:33:00 | INFO | each_eight_hours.py:202 | End turn executed
2026-06-06 04:33:14 | INFO | my_functions.py:200 | 
✅ Found: end_turn.PNG pos=(681, 945) time=0.2s confidence=0.8
2026-06-06 04:33:14 | INFO | my_functions.py:248 | [DEBUG] Buscando en paralelo: ['snap.PNG'] | timeout=0s | confidence=0.8
2026-06-06 04:33:14 | INFO | my_functions.py:282 | [DEBUG] Click skipped, ninguna de las imágenes se encontró en el intento.
2026-06-06 04:33:21 | INFO | my_functions.py:135 | Haciendo click en la posición (681, 945)
2026-06-06 04:33:22 | INFO | each_eight_hours.py:202 | End turn executed
2026-06-06 04:33:39 | INFO | my_functions.py:200 | 
✅ Found: end_turn.PNG pos=(681, 945) time=0.2s confidence=0.8
2026-06-06 04:33:39 | INFO | my_functions.py:248 | [DEBUG] Buscando en paralelo: ['snap.PNG'] | timeout=0s | confidence=0.8
2026-06-06 04:33:39 | INFO | my_functions.py:282 | [DEBUG] Click skipped, ninguna de las imágenes se encontró en el intento.
2026-06-06 04:33:45 | INFO | my_functions.py:135 | Haciendo click en la posición (681, 945)
2026-06-06 04:33:47 | INFO | each_eight_hours.py:202 | End turn executed
2026-06-06 04:34:18 | INFO | my_functions.py:200 | 
✅ Found: collect_rewards.PNG pos=(679, 957) time=0.22s confidence=0.8
2026-06-06 04:34:18 | INFO | each_eight_hours.py:241 | Rewards detected, exiting match
2026-06-06 04:34:18 | INFO | my_functions.py:248 | [DEBUG] Buscando en paralelo: ['collect_rewards.PNG'] | timeout=20s | confidence=0.8
2026-06-06 04:34:19 | INFO | my_functions.py:135 | Haciendo click en la posición (679, 957)
2026-06-06 04:34:19 | INFO | my_functions.py:270 | 🖱️ Click OK (En paralelo): collect_rewards.PNG at (679, 957) delay=1s
2026-06-06 04:34:20 | INFO | my_functions.py:248 | [DEBUG] Buscando en paralelo: ['next.PNG'] | timeout=20s | confidence=0.8
2026-06-06 04:34:26 | INFO | my_functions.py:135 | Haciendo click en la posición (677, 973)
2026-06-06 04:34:26 | INFO | my_functions.py:270 | 🖱️ Click OK (En paralelo): next.PNG at (677, 973) delay=1s
2026-06-06 04:34:29 | INFO | my_functions.py:330 | AVAILABLE: 5
2026-06-06 04:34:29 | INFO | each_eight_hours.py:308 | Submissions after match: 5
2026-06-06 04:34:29 | INFO | my_functions.py:352 | Misiones completadas: 0
2026-06-06 04:34:29 | INFO | each_eight_hours.py:186 | Starting game loop 2
2026-06-06 04:34:29 | INFO | my_functions.py:248 | [DEBUG] Buscando en paralelo: ['play.PNG'] | timeout=20s | confidence=0.8
2026-06-06 04:34:36 | INFO | my_functions.py:135 | Haciendo click en la posición (384, 824)
2026-06-06 04:34:36 | INFO | my_functions.py:270 | 🖱️ Click OK (En paralelo): play.PNG at (384, 824) delay=3s
2026-06-06 04:34:55 | INFO | my_functions.py:200 | 
✅ Found: end_turn.PNG pos=(682, 945) time=0.2s confidence=0.8
2026-06-06 04:34:55 | INFO | my_functions.py:248 | [DEBUG] Buscando en paralelo: ['snap.PNG'] | timeout=0s | confidence=0.8
2026-06-06 04:34:56 | INFO | my_functions.py:135 | Haciendo click en la posición (386, 123)
2026-06-06 04:34:56 | INFO | my_functions.py:270 | 🖱️ Click OK (En paralelo): snap.PNG at (386, 123) delay=1s
2026-06-06 04:35:03 | INFO | my_functions.py:135 | Haciendo click en la posición (682, 945)
2026-06-06 04:35:04 | INFO | each_eight_hours.py:202 | End turn executed
2026-06-06 04:35:17 | INFO | my_functions.py:200 | 
✅ Found: end_turn.PNG pos=(681, 945) time=0.2s confidence=0.8
2026-06-06 04:35:17 | INFO | my_functions.py:248 | [DEBUG] Buscando en paralelo: ['snap.PNG'] | timeout=0s | confidence=0.8
2026-06-06 04:35:17 | INFO | my_functions.py:282 | [DEBUG] Click skipped, ninguna de las imágenes se encontró en el intento.
2026-06-06 04:35:23 | INFO | my_functions.py:135 | Haciendo click en la posición (681, 945)
2026-06-06 04:35:24 | INFO | each_eight_hours.py:202 | End turn executed
2026-06-06 04:35:45 | INFO | my_functions.py:200 | 
✅ Found: end_turn.PNG pos=(681, 945) time=0.19s confidence=0.8
2026-06-06 04:35:45 | INFO | my_functions.py:248 | [DEBUG] Buscando en paralelo: ['snap.PNG'] | timeout=0s | confidence=0.8
2026-06-06 04:35:46 | INFO | my_functions.py:282 | [DEBUG] Click skipped, ninguna de las imágenes se encontró en el intento.
2026-06-06 04:35:52 | INFO | my_functions.py:135 | Haciendo click en la posición (681, 945)
2026-06-06 04:35:53 | INFO | each_eight_hours.py:202 | End turn executed
2026-06-06 04:36:06 | INFO | my_functions.py:200 | 
✅ Found: end_turn.PNG pos=(681, 945) time=0.2s confidence=0.8
2026-06-06 04:36:06 | INFO | my_functions.py:248 | [DEBUG] Buscando en paralelo: ['snap.PNG'] | timeout=0s | confidence=0.8
2026-06-06 04:36:06 | INFO | my_functions.py:282 | [DEBUG] Click skipped, ninguna de las imágenes se encontró en el intento.
2026-06-06 04:36:12 | INFO | my_functions.py:135 | Haciendo click en la posición (681, 945)
2026-06-06 04:36:13 | INFO | each_eight_hours.py:202 | End turn executed
2026-06-06 04:36:26 | INFO | my_functions.py:200 | 
✅ Found: end_turn.PNG pos=(681, 945) time=0.23s confidence=0.8
2026-06-06 04:36:26 | INFO | my_functions.py:248 | [DEBUG] Buscando en paralelo: ['snap.PNG'] | timeout=0s | confidence=0.8
2026-06-06 04:36:26 | INFO | my_functions.py:282 | [DEBUG] Click skipped, ninguna de las imágenes se encontró en el intento.
2026-06-06 04:36:33 | INFO | my_functions.py:135 | Haciendo click en la posición (681, 945)
2026-06-06 04:36:34 | INFO | each_eight_hours.py:202 | End turn executed
2026-06-06 04:37:04 | INFO | my_functions.py:200 | 
✅ Found: end_turn.PNG pos=(681, 945) time=0.18s confidence=0.8
2026-06-06 04:37:04 | INFO | my_functions.py:248 | [DEBUG] Buscando en paralelo: ['snap.PNG'] | timeout=0s | confidence=0.8
2026-06-06 04:37:04 | INFO | my_functions.py:282 | [DEBUG] Click skipped, ninguna de las imágenes se encontró en el intento.
2026-06-06 04:37:10 | INFO | my_functions.py:135 | Haciendo click en la posición (681, 945)
2026-06-06 04:37:11 | INFO | each_eight_hours.py:202 | End turn executed
2026-06-06 04:37:29 | INFO | my_functions.py:200 | 
✅ Found: collect_rewards.PNG pos=(679, 957) time=0.24s confidence=0.8
2026-06-06 04:37:29 | INFO | each_eight_hours.py:241 | Rewards detected, exiting match
2026-06-06 04:37:29 | INFO | my_functions.py:248 | [DEBUG] Buscando en paralelo: ['collect_rewards.PNG'] | timeout=20s | confidence=0.8
2026-06-06 04:37:30 | INFO | my_functions.py:135 | Haciendo click en la posición (679, 957)
2026-06-06 04:37:30 | INFO | my_functions.py:270 | 🖱️ Click OK (En paralelo): collect_rewards.PNG at (679, 957) delay=1s
2026-06-06 04:37:32 | INFO | my_functions.py:248 | [DEBUG] Buscando en paralelo: ['next.PNG'] | timeout=20s | confidence=0.8
2026-06-06 04:37:36 | INFO | my_functions.py:135 | Haciendo click en la posición (677, 973)
2026-06-06 04:37:36 | INFO | my_functions.py:270 | 🖱️ Click OK (En paralelo): next.PNG at (677, 973) delay=1s
2026-06-06 04:37:39 | INFO | my_functions.py:330 | AVAILABLE: 5
2026-06-06 04:37:39 | INFO | each_eight_hours.py:308 | Submissions after match: 5
2026-06-06 04:37:39 | INFO | my_functions.py:352 | Misiones completadas: 0
2026-06-06 04:37:39 | INFO | each_eight_hours.py:186 | Starting game loop 3
2026-06-06 04:37:39 | INFO | my_functions.py:248 | [DEBUG] Buscando en paralelo: ['play.PNG'] | timeout=20s | confidence=0.8
2026-06-06 04:37:44 | INFO | my_functions.py:135 | Haciendo click en la posición (384, 824)
2026-06-06 04:37:44 | INFO | my_functions.py:270 | 🖱️ Click OK (En paralelo): play.PNG at (384, 824) delay=3s
2026-06-06 04:38:06 | INFO | my_functions.py:200 | 
✅ Found: end_turn.PNG pos=(681, 945) time=0.22s confidence=0.8
2026-06-06 04:38:06 | INFO | my_functions.py:248 | [DEBUG] Buscando en paralelo: ['snap.PNG'] | timeout=0s | confidence=0.8
2026-06-06 04:38:07 | INFO | my_functions.py:135 | Haciendo click en la posición (386, 122)
2026-06-06 04:38:07 | INFO | my_functions.py:270 | 🖱️ Click OK (En paralelo): snap.PNG at (386, 122) delay=1s
2026-06-06 04:38:13 | INFO | my_functions.py:135 | Haciendo click en la posición (681, 945)
2026-06-06 04:38:15 | INFO | each_eight_hours.py:202 | End turn executed
2026-06-06 04:38:27 | INFO | my_functions.py:200 | 
✅ Found: end_turn.PNG pos=(681, 945) time=0.2s confidence=0.8
2026-06-06 04:38:27 | INFO | my_functions.py:248 | [DEBUG] Buscando en paralelo: ['snap.PNG'] | timeout=0s | confidence=0.8
2026-06-06 04:38:27 | INFO | my_functions.py:282 | [DEBUG] Click skipped, ninguna de las imágenes se encontró en el intento.
2026-06-06 04:38:34 | INFO | my_functions.py:135 | Haciendo click en la posición (681, 945)
2026-06-06 04:38:35 | INFO | each_eight_hours.py:202 | End turn executed
2026-06-06 04:38:46 | INFO | my_functions.py:200 | 
✅ Found: never_seen_before.png pos=(395, 141) time=0.18s confidence=0.8
2026-06-06 04:38:47 | WARNING | each_eight_hours.py:215 | Unknown popup handled
2026-06-06 04:39:03 | INFO | my_functions.py:200 | 
✅ Found: end_turn.PNG pos=(681, 945) time=0.2s confidence=0.8
2026-06-06 04:39:03 | INFO | my_functions.py:248 | [DEBUG] Buscando en paralelo: ['snap.PNG'] | timeout=0s | confidence=0.8
2026-06-06 04:39:03 | INFO | my_functions.py:282 | [DEBUG] Click skipped, ninguna de las imágenes se encontró en el intento.
2026-06-06 04:39:10 | INFO | my_functions.py:135 | Haciendo click en la posición (681, 945)
2026-06-06 04:39:11 | INFO | each_eight_hours.py:202 | End turn executed
2026-06-06 04:39:30 | INFO | my_functions.py:200 | 
✅ Found: end_turn.PNG pos=(681, 945) time=0.23s confidence=0.8
2026-06-06 04:39:30 | INFO | my_functions.py:248 | [DEBUG] Buscando en paralelo: ['snap.PNG'] | timeout=0s | confidence=0.8
2026-06-06 04:39:31 | INFO | my_functions.py:282 | [DEBUG] Click skipped, ninguna de las imágenes se encontró en el intento.
2026-06-06 04:39:37 | INFO | my_functions.py:135 | Haciendo click en la posición (681, 945)
2026-06-06 04:39:38 | INFO | each_eight_hours.py:202 | End turn executed
2026-06-06 04:39:52 | INFO | my_functions.py:200 | 
✅ Found: end_turn.PNG pos=(681, 945) time=0.39s confidence=0.8
2026-06-06 04:39:52 | INFO | my_functions.py:248 | [DEBUG] Buscando en paralelo: ['snap.PNG'] | timeout=0s | confidence=0.8
2026-06-06 04:39:53 | INFO | my_functions.py:282 | [DEBUG] Click skipped, ninguna de las imágenes se encontró en el intento.
2026-06-06 04:40:00 | INFO | my_functions.py:135 | Haciendo click en la posición (681, 945)
2026-06-06 04:40:01 | INFO | each_eight_hours.py:202 | End turn executed
2026-06-06 04:40:14 | INFO | my_functions.py:200 | 
✅ Found: end_turn.PNG pos=(681, 945) time=0.18s confidence=0.8
2026-06-06 04:40:14 | INFO | my_functions.py:248 | [DEBUG] Buscando en paralelo: ['snap.PNG'] | timeout=0s | confidence=0.8
2026-06-06 04:40:15 | INFO | my_functions.py:282 | [DEBUG] Click skipped, ninguna de las imágenes se encontró en el intento.
2026-06-06 04:40:21 | INFO | my_functions.py:135 | Haciendo click en la posición (681, 945)
2026-06-06 04:40:22 | INFO | each_eight_hours.py:202 | End turn executed
