2026-06-24 18:58:59 | INFO | each_eight_hours.py:36 | LOG FILE PATH: \\vmware-host\Shared Folders\SHARED FILES VM\MS\logs\each_eight_hours_2026-06-24_18-58-59.log
2026-06-24 18:58:59 | INFO | each_eight_hours.py:37 | Logger initialized
2026-06-24 18:58:59 | INFO | each_eight_hours.py:64 | Script initialized
2026-06-24 18:59:32 | INFO | each_eight_hours.py:105 | snap.exe terminated if it was running
2026-06-24 18:59:32 | INFO | my_functions.py:56 | ⏳ Esperando WebSocket de OBS...
2026-06-24 18:59:41 | INFO | baseclient.py:33 | Connecting with parameters: host='localhost' port=4455 password='' subs=0 timeout=None
2026-06-24 18:59:41 | INFO | reqs.py:23 | Successfully identified ReqClient with the server using RPC version:1
2026-06-24 18:59:41 | INFO | my_functions.py:62 | ✅ Conectado al OBS WebSocket
2026-06-24 18:59:41 | ERROR | reqs.py:59 | OBSSDKRequestError: Request GetRecordStatus returned code 207. With message: OBS is not ready to perform the request.
Traceback (most recent call last):
  File "C:\Users\Farm\AppData\Local\Programs\Python\Python311\Lib\site-packages\obsws_python\reqs.py", line 53, in send
    raise OBSSDKRequestError(
obsws_python.error.OBSSDKRequestError: Request GetRecordStatus returned code 207. With message: OBS is not ready to perform the request.
2026-06-24 18:59:42 | INFO | my_functions.py:87 | 🎬 Grabación iniciada
2026-06-24 18:59:42 | INFO | my_functions.py:1547 | ⏱ Esperando 0.1 segundos antes de empezar...
2026-06-24 18:59:43 | INFO | my_functions.py:1554 | 🔍 Esperando ventana que contenga alguna de: ['py', 'eight_hours'] (máx 20s)
2026-06-24 18:59:43 | INFO | my_functions.py:1566 | ✅ Ventana encontrada: 'each_eight_hours  - Acceso directo'
2026-06-24 18:59:43 | INFO | my_functions.py:1581 | ✅ Ventana seleccionada: 'each_eight_hours  - Acceso directo'
2026-06-24 18:59:45 | INFO | my_functions.py:1604 | 🔁 Reajuste #1...
2026-06-24 18:59:45 | INFO | my_functions.py:1611 | ✔ Verificación completa. Se hicieron 1 reajustes.
2026-06-24 18:59:45 | INFO | each_eight_hours.py:113 | Processing account: jeremy
2026-06-24 18:59:45 | INFO | my_functions.py:1547 | ⏱ Esperando 0.1 segundos antes de empezar...
2026-06-24 18:59:45 | INFO | my_functions.py:1554 | 🔍 Esperando ventana que contenga alguna de: ['SNAP'] (máx 20s)
2026-06-24 18:59:51 | INFO | my_functions.py:1566 | ✅ Ventana encontrada: 'SNAP'
2026-06-24 18:59:51 | INFO | my_functions.py:1581 | ✅ Ventana seleccionada: 'SNAP'
2026-06-24 18:59:53 | INFO | my_functions.py:1613 | ✔ Verificación completa. No hubo cambios después del primer ajuste.
2026-06-24 18:59:53 | INFO | my_functions.py:1206 | [DEBUG] Resizing SNAP window...
2026-06-24 18:59:53 | INFO | my_functions.py:1547 | ⏱ Esperando 0.1 segundos antes de empezar...
2026-06-24 18:59:53 | INFO | my_functions.py:1554 | 🔍 Esperando ventana que contenga alguna de: ['SNAP'] (máx 20s)
2026-06-24 18:59:53 | INFO | my_functions.py:1566 | ✅ Ventana encontrada: 'SNAP'
2026-06-24 18:59:53 | INFO | my_functions.py:1581 | ✅ Ventana seleccionada: 'SNAP'
2026-06-24 18:59:56 | INFO | my_functions.py:1613 | ✔ Verificación completa. No hubo cambios después del primer ajuste.
2026-06-24 18:59:56 | INFO | my_functions.py:247 | [DEBUG] Buscando en paralelo: ['small_submit.PNG', 'small_submit_hover.png', 'submit_hover_2.png', 'small_submit_hover_2.png'] | timeout=90s | confidence=0.8
2026-06-24 19:00:46 | INFO | my_functions.py:134 | Haciendo click en la posición (380, 642)
2026-06-24 19:00:46 | INFO | my_functions.py:269 | 🖱️ Click OK (En paralelo): small_submit.PNG at (380, 642) delay=0.2s
2026-06-24 19:00:49 | INFO | my_functions.py:247 | [DEBUG] Buscando en paralelo: ['small_submit.PNG', 'small_submit_hover.png', 'submit_hover_2.png', 'small_submit_hover_2.png'] | timeout=20s | confidence=0.8
2026-06-24 19:00:51 | INFO | my_functions.py:134 | Haciendo click en la posición (380, 721)
2026-06-24 19:00:51 | INFO | my_functions.py:269 | 🖱️ Click OK (En paralelo): small_submit.PNG at (380, 721) delay=0.2s
2026-06-24 19:00:52 | INFO | my_functions.py:1547 | ⏱ Esperando 0.1 segundos antes de empezar...
2026-06-24 19:00:52 | INFO | my_functions.py:1554 | 🔍 Esperando ventana que contenga alguna de: ['SNAP'] (máx 20s)
2026-06-24 19:00:52 | INFO | my_functions.py:1566 | ✅ Ventana encontrada: 'SNAP'
2026-06-24 19:00:52 | INFO | my_functions.py:1581 | ✅ Ventana seleccionada: 'SNAP'
2026-06-24 19:00:56 | INFO | my_functions.py:1613 | ✔ Verificación completa. No hubo cambios después del primer ajuste.
2026-06-24 19:00:56 | INFO | my_functions.py:169 | Searching please_sign.png (timeout=0s)
2026-06-24 19:00:56 | INFO | my_functions.py:213 | 
⛔ Not found: please_sign.png after 0.02s region=(0, 0, 765, 1038) confidence=0.8
2026-06-24 19:00:56 | INFO | my_functions.py:247 | [DEBUG] Buscando en paralelo: ['sign_in_with_google2.PNG'] | timeout=20s | confidence=0.8
2026-06-24 19:00:58 | INFO | my_functions.py:134 | Haciendo click en la posición (406, 957)
2026-06-24 19:00:58 | INFO | my_functions.py:269 | 🖱️ Click OK (En paralelo): sign_in_with_google2.PNG at (406, 957) delay=1s
2026-06-24 19:00:59 | INFO | my_functions.py:169 | Searching pagina_cargada.png (timeout=60s)
2026-06-24 19:01:11 | INFO | my_functions.py:199 | 
✅ Found: pagina_cargada.png pos=(70, 24) time=11.8s confidence=0.8
2026-06-24 19:01:11 | INFO | my_functions.py:247 | [DEBUG] Buscando en paralelo: ['jeremy.png'] | timeout=0s | confidence=0.8
2026-06-24 19:01:12 | INFO | my_functions.py:281 | [DEBUG] Click skipped, ninguna de las imágenes se encontró en el intento.
2026-06-24 19:01:14 | INFO | my_functions.py:247 | [DEBUG] Buscando en paralelo: ['jeremy.png'] | timeout=0s | confidence=0.8
2026-06-24 19:01:18 | INFO | my_functions.py:134 | Haciendo click en la posición (1143, 645)
2026-06-24 19:01:18 | INFO | my_functions.py:269 | 🖱️ Click OK (En paralelo): jeremy.png at (1143, 645) delay=3s
2026-06-24 19:01:20 | INFO | my_functions.py:169 | Searching marvelsnap_web.png (timeout=30s)
2026-06-24 19:01:26 | INFO | my_functions.py:199 | 
✅ Found: marvelsnap_web.png pos=(258, 80) time=5.92s confidence=0.7
2026-06-24 19:01:27 | INFO | my_functions.py:169 | Searching shop_unselected.PNG (timeout=0s)
2026-06-24 19:01:28 | INFO | my_functions.py:213 | 
⛔ Not found: shop_unselected.PNG after 0.0s region=(0, 0, 765, 1038) confidence=0.8
2026-06-24 19:01:28 | INFO | my_functions.py:247 | [DEBUG] Buscando en paralelo: ['super_premium.PNG'] | timeout=0s | confidence=0.8
2026-06-24 19:01:29 | INFO | my_functions.py:281 | [DEBUG] Click skipped, ninguna de las imágenes se encontró en el intento.
2026-06-24 19:01:30 | INFO | my_functions.py:247 | [DEBUG] Buscando en paralelo: ['maybe_later.PNG'] | timeout=0s | confidence=0.8
2026-06-24 19:01:31 | INFO | my_functions.py:281 | [DEBUG] Click skipped, ninguna de las imágenes se encontró en el intento.
2026-06-24 19:01:32 | INFO | my_functions.py:247 | [DEBUG] Buscando en paralelo: ['maybe_later2.PNG'] | timeout=0s | confidence=0.8
2026-06-24 19:01:32 | INFO | my_functions.py:281 | [DEBUG] Click skipped, ninguna de las imágenes se encontró en el intento.
2026-06-24 19:01:34 | INFO | my_functions.py:169 | Searching go_to_shop.PNG (timeout=0s)
2026-06-24 19:01:34 | INFO | my_functions.py:213 | 
⛔ Not found: go_to_shop.PNG after 0.0s region=(0, 0, 765, 1038) confidence=0.8
2026-06-24 19:01:34 | INFO | my_functions.py:247 | [DEBUG] Buscando en paralelo: ['14_days_of_winterverse.PNG'] | timeout=0s | confidence=0.8
2026-06-24 19:01:35 | INFO | my_functions.py:281 | [DEBUG] Click skipped, ninguna de las imágenes se encontró en el intento.
2026-06-24 19:01:36 | INFO | my_functions.py:169 | Searching welcome_back_calendar.PNG (timeout=0s)
2026-06-24 19:01:36 | INFO | my_functions.py:213 | 
⛔ Not found: welcome_back_calendar.PNG after 0.0s region=(0, 0, 765, 1038) confidence=0.8
2026-06-24 19:01:36 | INFO | my_functions.py:247 | [DEBUG] Buscando en paralelo: ['start_the_countdown.PNG'] | timeout=0s | confidence=0.8
2026-06-24 19:01:37 | INFO | my_functions.py:281 | [DEBUG] Click skipped, ninguna de las imágenes se encontró en el intento.
2026-06-24 19:01:38 | INFO | my_functions.py:247 | [DEBUG] Buscando en paralelo: ['event_has_ended_sanctum.PNG'] | timeout=0s | confidence=0.8
2026-06-24 19:01:39 | INFO | my_functions.py:281 | [DEBUG] Click skipped, ninguna de las imágenes se encontró en el intento.
2026-06-24 19:01:40 | INFO | my_functions.py:247 | [DEBUG] Buscando en paralelo: ['event_has_ended_teamclash.PNG'] | timeout=0s | confidence=0.8
2026-06-24 19:01:41 | INFO | my_functions.py:281 | [DEBUG] Click skipped, ninguna de las imágenes se encontró en el intento.
2026-06-24 19:01:42 | INFO | my_functions.py:247 | [DEBUG] Buscando en paralelo: ['image_part_of_event_grand_arena_finished.PNG'] | timeout=0s | confidence=0.8
2026-06-24 19:01:42 | INFO | my_functions.py:281 | [DEBUG] Click skipped, ninguna de las imágenes se encontró en el intento.
2026-06-24 19:01:44 | INFO | my_functions.py:169 | Searching 28_day_event_login_rewards.PNG (timeout=0s)
2026-06-24 19:01:44 | INFO | my_functions.py:213 | 
⛔ Not found: 28_day_event_login_rewards.PNG after 0.0s region=(0, 0, 765, 1038) confidence=0.8
2026-06-24 19:01:44 | INFO | my_functions.py:169 | Searching 7_day_event_login.PNG (timeout=0s)
2026-06-24 19:01:45 | INFO | my_functions.py:213 | 
⛔ Not found: 7_day_event_login.PNG after 0.01s region=(0, 0, 765, 1038) confidence=0.8
2026-06-24 19:01:45 | INFO | my_functions.py:169 | Searching 14_days_event.PNG (timeout=0s)
2026-06-24 19:01:45 | INFO | my_functions.py:213 | 
⛔ Not found: 14_days_event.PNG after 0.01s region=(0, 0, 765, 1038) confidence=0.8
2026-06-24 19:01:45 | INFO | my_functions.py:247 | [DEBUG] Buscando en paralelo: ['lets_go.PNG'] | timeout=0s | confidence=0.8
2026-06-24 19:01:46 | INFO | my_functions.py:281 | [DEBUG] Click skipped, ninguna de las imágenes se encontró en el intento.
2026-06-24 19:01:48 | INFO | my_functions.py:169 | Searching shop_unselected.PNG (timeout=0s)
2026-06-24 19:01:49 | INFO | my_functions.py:199 | 
✅ Found: shop_unselected.PNG pos=(88, 961) time=0.83s confidence=0.8
2026-06-24 19:01:57 | INFO | my_functions.py:169 | Searching shop_unselected.PNG (timeout=0s)
2026-06-24 19:01:58 | INFO | my_functions.py:199 | 
✅ Found: shop_unselected.PNG pos=(88, 961) time=0.9s confidence=0.8
2026-06-24 19:01:58 | INFO | my_functions.py:714 | Ya esta listo
2026-06-24 19:02:03 | INFO | my_functions.py:533 | AVAILABLE: 4
2026-06-24 19:02:03 | INFO | my_functions.py:247 | [DEBUG] Buscando en paralelo: ['nut.png'] | timeout=20s | confidence=0.8
2026-06-24 19:02:05 | INFO | my_functions.py:134 | Haciendo click en la posición (184, 78)
2026-06-24 19:02:05 | INFO | my_functions.py:269 | 🖱️ Click OK (En paralelo): nut.png at (184, 78) delay=1s
2026-06-24 19:02:06 | INFO | my_functions.py:247 | [DEBUG] Buscando en paralelo: ['graphics_quality.png'] | timeout=3s | confidence=0.8
2026-06-24 19:02:09 | INFO | my_functions.py:281 | [DEBUG] Click skipped, ninguna de las imágenes se encontró en el intento.
2026-06-24 19:02:12 | INFO | my_functions.py:247 | [DEBUG] Buscando en paralelo: ['sign_out.png'] | timeout=20s | confidence=0.8
2026-06-24 19:02:32 | INFO | my_functions.py:281 | [DEBUG] Click skipped, ninguna de las imágenes se encontró en el intento.
2026-06-24 19:02:34 | INFO | my_functions.py:247 | [DEBUG] Buscando en paralelo: ['sign_out_grande.png'] | timeout=20s | confidence=0.8
2026-06-24 19:02:55 | INFO | my_functions.py:281 | [DEBUG] Click skipped, ninguna de las imágenes se encontró en el intento.
2026-06-24 19:02:56 | INFO | my_functions.py:247 | [DEBUG] Buscando en paralelo: ['sign_out2.png'] | timeout=20s | confidence=0.8
2026-06-24 19:03:16 | INFO | my_functions.py:281 | [DEBUG] Click skipped, ninguna de las imágenes se encontró en el intento.
2026-06-24 19:03:18 | INFO | my_functions.py:1547 | ⏱ Esperando 0.1 segundos antes de empezar...
2026-06-24 19:03:18 | INFO | my_functions.py:1554 | 🔍 Esperando ventana que contenga alguna de: SNAP (máx 20s)
2026-06-24 19:03:18 | INFO | my_functions.py:1566 | ✅ Ventana encontrada: 'SNAP'
2026-06-24 19:03:18 | INFO | my_functions.py:1581 | ✅ Ventana seleccionada: 'SNAP'
2026-06-24 19:03:22 | INFO | my_functions.py:1613 | ✔ Verificación completa. No hubo cambios después del primer ajuste.
2026-06-24 19:03:26 | INFO | each_eight_hours.py:113 | Processing account: john
2026-06-24 19:03:26 | INFO | my_functions.py:1547 | ⏱ Esperando 0.1 segundos antes de empezar...
2026-06-24 19:03:26 | INFO | my_functions.py:1554 | 🔍 Esperando ventana que contenga alguna de: ['SNAP'] (máx 20s)
2026-06-24 19:03:30 | INFO | my_functions.py:1566 | ✅ Ventana encontrada: 'SNAP'
2026-06-24 19:03:30 | INFO | my_functions.py:1581 | ✅ Ventana seleccionada: 'SNAP'
2026-06-24 19:03:32 | INFO | my_functions.py:1613 | ✔ Verificación completa. No hubo cambios después del primer ajuste.
2026-06-24 19:03:32 | INFO | my_functions.py:1206 | [DEBUG] Resizing SNAP window...
2026-06-24 19:03:32 | INFO | my_functions.py:1547 | ⏱ Esperando 0.1 segundos antes de empezar...
2026-06-24 19:03:32 | INFO | my_functions.py:1554 | 🔍 Esperando ventana que contenga alguna de: ['SNAP'] (máx 20s)
2026-06-24 19:03:32 | INFO | my_functions.py:1566 | ✅ Ventana encontrada: 'SNAP'
2026-06-24 19:03:32 | INFO | my_functions.py:1581 | ✅ Ventana seleccionada: 'SNAP'
2026-06-24 19:03:35 | INFO | my_functions.py:1613 | ✔ Verificación completa. No hubo cambios después del primer ajuste.
2026-06-24 19:03:35 | INFO | my_functions.py:247 | [DEBUG] Buscando en paralelo: ['small_submit.PNG', 'small_submit_hover.png', 'submit_hover_2.png', 'small_submit_hover_2.png'] | timeout=90s | confidence=0.8
2026-06-24 19:05:08 | INFO | my_functions.py:281 | [DEBUG] Click skipped, ninguna de las imágenes se encontró en el intento.
2026-06-24 19:05:09 | INFO | my_functions.py:169 | Searching shop_unselected.PNG (timeout=0s)
2026-06-24 19:05:10 | INFO | my_functions.py:199 | 
✅ Found: shop_unselected.PNG pos=(88, 961) time=0.84s confidence=0.8
2026-06-24 19:05:18 | INFO | my_functions.py:169 | Searching shop_unselected.PNG (timeout=0s)
2026-06-24 19:05:19 | INFO | my_functions.py:199 | 
✅ Found: shop_unselected.PNG pos=(88, 961) time=0.84s confidence=0.8
2026-06-24 19:05:19 | INFO | my_functions.py:714 | Ya esta listo
2026-06-24 19:05:19 | INFO | my_functions.py:247 | [DEBUG] Buscando en paralelo: ['nut.png'] | timeout=20s | confidence=0.8
2026-06-24 19:05:21 | INFO | my_functions.py:134 | Haciendo click en la posición (184, 78)
2026-06-24 19:05:21 | INFO | my_functions.py:269 | 🖱️ Click OK (En paralelo): nut.png at (184, 78) delay=1s
2026-06-24 19:05:22 | INFO | my_functions.py:247 | [DEBUG] Buscando en paralelo: ['graphics_quality.png'] | timeout=3s | confidence=0.8
2026-06-24 19:05:26 | INFO | my_functions.py:281 | [DEBUG] Click skipped, ninguna de las imágenes se encontró en el intento.
2026-06-24 19:05:28 | INFO | my_functions.py:247 | [DEBUG] Buscando en paralelo: ['sign_out.png'] | timeout=20s | confidence=0.8
