2026-05-12 11:22:35 | INFO | each_eight_hours.py:39 | LOG FILE PATH: \\vmware-host\Shared Folders\SHARED FILES VM\MS\logs\each_eight_hours_2026-05-12_11-22-35.log
2026-05-12 11:22:35 | INFO | each_eight_hours.py:40 | Logger initialized
2026-05-12 11:22:35 | INFO | each_eight_hours.py:67 | Script initialized
2026-05-12 11:22:36 | ERROR | each_eight_hours.py:60 | Uncaught exception
Traceback (most recent call last):
  File "Z:\SHARED FILES VM\MS\each_eight_hours.py", line 72, in <module>
    import pyautogui as pg
  File "C:\Users\Farm\AppData\Local\Programs\Python\Python311\Lib\site-packages\pyautogui\__init__.py", line 183, in <module>
    import pyscreeze
  File "C:\Users\Farm\AppData\Local\Programs\Python\Python311\Lib\site-packages\pyscreeze\__init__.py", line 45, in <module>
    import cv2, numpy
  File "C:\Users\Farm\AppData\Local\Programs\Python\Python311\Lib\site-packages\cv2\__init__.py", line 181, in <module>
    bootstrap()
  File "C:\Users\Farm\AppData\Local\Programs\Python\Python311\Lib\site-packages\cv2\__init__.py", line 153, in bootstrap
    native_module = importlib.import_module("cv2")
                    ^^^^^^^^^^^^^^^^^^^^^^^^^^^^^^
  File "C:\Users\Farm\AppData\Local\Programs\Python\Python311\Lib\importlib\__init__.py", line 126, in import_module
    return _bootstrap._gcd_import(name[level:], package, level)
           ^^^^^^^^^^^^^^^^^^^^^^^^^^^^^^^^^^^^^^^^^^^^^^^^^^^^
KeyboardInterrupt
