2026-06-02 20:43:01 | INFO | each_eight_hours copy.py:39 | LOG FILE PATH: \\vmware-host\Shared Folders\SHARED FILES VM\MS\logs\each_eight_hours copy_2026-06-02_20-43-01.log
2026-06-02 20:43:01 | INFO | each_eight_hours copy.py:40 | Logger initialized
2026-06-02 20:43:02 | INFO | each_eight_hours copy.py:67 | Script initialized
2026-06-02 20:43:03 | INFO | each_eight_hours copy.py:97 | snap.exe terminated if it was running
2026-06-02 20:43:04 | INFO | my_functions.py:57 | ⏳ Esperando WebSocket de OBS...
2026-06-02 20:43:10 | INFO | baseclient.py:33 | Connecting with parameters: host='localhost' port=4455 password='' subs=0 timeout=None
2026-06-02 20:43:10 | INFO | reqs.py:23 | Successfully identified ReqClient with the server using RPC version:1
2026-06-02 20:43:10 | INFO | my_functions.py:63 | ✅ Conectado al OBS WebSocket
2026-06-02 20:43:10 | ERROR | reqs.py:59 | OBSSDKRequestError: Request GetRecordStatus returned code 207. With message: OBS is not ready to perform the request.
Traceback (most recent call last):
  File "C:\Users\Farm\AppData\Local\Programs\Python\Python311\Lib\site-packages\obsws_python\reqs.py", line 53, in send
    raise OBSSDKRequestError(
obsws_python.error.OBSSDKRequestError: Request GetRecordStatus returned code 207. With message: OBS is not ready to perform the request.
2026-06-02 20:43:11 | INFO | my_functions.py:88 | 🎬 Grabación iniciada
2026-06-02 20:43:11 | INFO | my_functions.py:1294 | ⏱ Esperando 0.1 segundos antes de empezar...
2026-06-02 20:43:11 | INFO | my_functions.py:1301 | 🔍 Esperando ventana que contenga alguna de: ['py', 'eight_hours'] (máx 20s)
2026-06-02 20:43:11 | INFO | my_functions.py:1313 | ✅ Ventana encontrada: 'C:\Windows\py.exe'
2026-06-02 20:43:11 | INFO | my_functions.py:1328 | ✅ Ventana seleccionada: 'C:\Windows\py.exe'
2026-06-02 20:43:13 | INFO | my_functions.py:1351 | 🔁 Reajuste #1...
2026-06-02 20:43:13 | INFO | my_functions.py:1358 | ✔ Verificación completa. Se hicieron 1 reajustes.
2026-06-02 20:43:43 | INFO | my_functions.py:2124 | Starting Steam window scan
2026-06-02 20:43:43 | INFO | my_functions.py:2127 | Found window: 
2026-06-02 20:43:43 | INFO | my_functions.py:2127 | Found window: C:\Windows\py.exe
2026-06-02 20:43:43 | INFO | my_functions.py:2127 | Found window: MS
2026-06-02 20:43:43 | INFO | my_functions.py:2127 | Found window: 
2026-06-02 20:43:43 | INFO | my_functions.py:2127 | Found window: 
2026-06-02 20:43:43 | INFO | my_functions.py:2127 | Found window: 
2026-06-02 20:43:43 | INFO | my_functions.py:2127 | Found window: 
2026-06-02 20:43:43 | INFO | my_functions.py:2127 | Found window: Program Manager
2026-06-02 20:43:43 | INFO | each_eight_hours copy.py:111 | Processing account: jeremy
2026-06-02 20:43:44 | INFO | each_eight_hours copy.py:114 | Game relaunched for account
2026-06-02 20:43:44 | INFO | my_functions.py:1294 | ⏱ Esperando 0.1 segundos antes de empezar...
2026-06-02 20:43:44 | INFO | my_functions.py:1301 | 🔍 Esperando ventana que contenga alguna de: ['SNAP'] (máx 20s)
2026-06-02 20:43:47 | INFO | my_functions.py:1313 | ✅ Ventana encontrada: 'SNAP'
2026-06-02 20:43:47 | INFO | my_functions.py:1328 | ✅ Ventana seleccionada: 'SNAP'
2026-06-02 20:43:49 | INFO | my_functions.py:1360 | ✔ Verificación completa. No hubo cambios después del primer ajuste.
2026-06-02 20:43:49 | INFO | my_functions.py:997 | [DEBUG] Resizing SNAP window...
2026-06-02 20:43:49 | INFO | my_functions.py:1294 | ⏱ Esperando 0.1 segundos antes de empezar...
2026-06-02 20:43:49 | INFO | my_functions.py:1301 | 🔍 Esperando ventana que contenga alguna de: ['SNAP'] (máx 20s)
2026-06-02 20:43:49 | INFO | my_functions.py:1313 | ✅ Ventana encontrada: 'SNAP'
2026-06-02 20:43:49 | INFO | my_functions.py:1328 | ✅ Ventana seleccionada: 'SNAP'
2026-06-02 20:43:52 | INFO | my_functions.py:1360 | ✔ Verificación completa. No hubo cambios después del primer ajuste.
2026-06-02 20:43:52 | INFO | my_functions.py:248 | [DEBUG] Buscando en paralelo: ['small_submit.PNG', 'small_submit_hover.png', 'submit_hover_2.png', 'small_submit_hover_2.png'] | timeout=90s | confidence=0.8
2026-06-02 20:43:59 | INFO | my_functions.py:135 | Haciendo click en la posición (380, 642)
2026-06-02 20:44:00 | INFO | my_functions.py:270 | 🖱️ Click OK (En paralelo): small_submit.PNG at (380, 642) delay=0.2s
2026-06-02 20:44:03 | INFO | my_functions.py:248 | [DEBUG] Buscando en paralelo: ['small_submit.PNG', 'small_submit_hover.png', 'submit_hover_2.png', 'small_submit_hover_2.png'] | timeout=20s | confidence=0.8
2026-06-02 20:44:03 | INFO | my_functions.py:135 | Haciendo click en la posición (380, 721)
2026-06-02 20:44:03 | INFO | my_functions.py:270 | 🖱️ Click OK (En paralelo): small_submit.PNG at (380, 721) delay=0.2s
2026-06-02 20:44:05 | INFO | my_functions.py:1294 | ⏱ Esperando 0.1 segundos antes de empezar...
2026-06-02 20:44:05 | INFO | my_functions.py:1301 | 🔍 Esperando ventana que contenga alguna de: ['SNAP'] (máx 20s)
2026-06-02 20:44:05 | INFO | my_functions.py:1313 | ✅ Ventana encontrada: 'SNAP'
2026-06-02 20:44:05 | INFO | my_functions.py:1328 | ✅ Ventana seleccionada: 'SNAP'
2026-06-02 20:44:07 | INFO | my_functions.py:1351 | 🔁 Reajuste #1...
2026-06-02 20:44:08 | INFO | my_functions.py:1358 | ✔ Verificación completa. Se hicieron 1 reajustes.
2026-06-02 20:44:08 | INFO | my_functions.py:170 | Searching please_sign.png (timeout=0s)
2026-06-02 20:44:08 | INFO | my_functions.py:200 | 
✅ Found: please_sign.png pos=(383, 438) time=0.21s confidence=0.8
2026-06-02 20:44:08 | INFO | my_functions.py:248 | [DEBUG] Buscando en paralelo: ['ok_btn.png'] | timeout=20s | confidence=0.8
2026-06-02 20:44:09 | INFO | my_functions.py:135 | Haciendo click en la posición (382, 634)
2026-06-02 20:44:09 | INFO | my_functions.py:270 | 🖱️ Click OK (En paralelo): ok_btn.png at (382, 634) delay=1s
2026-06-02 20:44:10 | INFO | my_functions.py:248 | [DEBUG] Buscando en paralelo: ['small_submit.PNG', 'small_submit_hover.png', 'submit_hover_2.png', 'small_submit_hover_2.png'] | timeout=90s | confidence=0.8
2026-06-02 20:44:12 | INFO | my_functions.py:135 | Haciendo click en la posición (383, 643)
2026-06-02 20:44:12 | INFO | my_functions.py:270 | 🖱️ Click OK (En paralelo): small_submit_hover_2.png at (383, 643) delay=0.2s
2026-06-02 20:44:13 | INFO | my_functions.py:248 | [DEBUG] Buscando en paralelo: ['small_submit.PNG', 'small_submit_hover.png', 'submit_hover_2.png', 'small_submit_hover_2.png'] | timeout=20s | confidence=0.8
2026-06-02 20:44:14 | INFO | my_functions.py:135 | Haciendo click en la posición (380, 721)
2026-06-02 20:44:14 | INFO | my_functions.py:270 | 🖱️ Click OK (En paralelo): small_submit.PNG at (380, 721) delay=0.2s
2026-06-02 20:44:15 | INFO | my_functions.py:170 | Searching sign_in_with_google2.PNG (timeout=90s)
2026-06-02 20:44:15 | INFO | my_functions.py:200 | 
✅ Found: sign_in_with_google2.PNG pos=(406, 957) time=0.19s confidence=0.8
2026-06-02 20:44:15 | INFO | my_functions.py:248 | [DEBUG] Buscando en paralelo: ['sign_in_with_google2.PNG'] | timeout=20s | confidence=0.8
2026-06-02 20:44:16 | INFO | my_functions.py:135 | Haciendo click en la posición (406, 957)
2026-06-02 20:44:16 | INFO | my_functions.py:270 | 🖱️ Click OK (En paralelo): sign_in_with_google2.PNG at (406, 957) delay=1s
2026-06-02 20:44:18 | INFO | my_functions.py:248 | [DEBUG] Buscando en paralelo: ['jeremy.png'] | timeout=30s | confidence=0.8
2026-06-02 20:44:48 | INFO | my_functions.py:282 | [DEBUG] Click skipped, ninguna de las imágenes se encontró en el intento.
2026-06-02 20:44:50 | INFO | my_functions.py:248 | [DEBUG] Buscando en paralelo: ['jeremy.png'] | timeout=0s | confidence=0.8
2026-06-02 20:44:53 | INFO | my_functions.py:135 | Haciendo click en la posición (1143, 645)
2026-06-02 20:44:53 | INFO | my_functions.py:270 | 🖱️ Click OK (En paralelo): jeremy.png at (1143, 645) delay=3s
2026-06-02 20:44:55 | INFO | my_functions.py:170 | Searching marvelsnap_web.png (timeout=30s)
2026-06-02 20:44:58 | INFO | my_functions.py:200 | 
✅ Found: marvelsnap_web.png pos=(258, 80) time=2.4s confidence=0.7
2026-06-02 20:44:58 | INFO | my_functions.py:170 | Searching shop_unselected.PNG (timeout=0s)
2026-06-02 20:44:58 | INFO | my_functions.py:214 | 
⛔ Not found: shop_unselected.PNG after 0.0s region=(0, 0, 765, 1038) confidence=0.8
2026-06-02 20:44:58 | INFO | my_functions.py:248 | [DEBUG] Buscando en paralelo: ['super_premium.PNG'] | timeout=0s | confidence=0.8
2026-06-02 20:44:59 | INFO | my_functions.py:282 | [DEBUG] Click skipped, ninguna de las imágenes se encontró en el intento.
2026-06-02 20:45:00 | INFO | my_functions.py:248 | [DEBUG] Buscando en paralelo: ['maybe_later.PNG'] | timeout=0s | confidence=0.8
2026-06-02 20:45:00 | INFO | my_functions.py:282 | [DEBUG] Click skipped, ninguna de las imágenes se encontró en el intento.
2026-06-02 20:45:01 | INFO | my_functions.py:248 | [DEBUG] Buscando en paralelo: ['maybe_later2.PNG'] | timeout=0s | confidence=0.8
2026-06-02 20:45:01 | INFO | my_functions.py:282 | [DEBUG] Click skipped, ninguna de las imágenes se encontró en el intento.
2026-06-02 20:45:02 | INFO | my_functions.py:170 | Searching go_to_shop.PNG (timeout=0s)
2026-06-02 20:45:02 | INFO | my_functions.py:214 | 
⛔ Not found: go_to_shop.PNG after 0.0s region=(0, 0, 765, 1038) confidence=0.8
2026-06-02 20:45:02 | INFO | my_functions.py:248 | [DEBUG] Buscando en paralelo: ['14_days_of_winterverse.PNG'] | timeout=0s | confidence=0.8
2026-06-02 20:45:03 | INFO | my_functions.py:282 | [DEBUG] Click skipped, ninguna de las imágenes se encontró en el intento.
2026-06-02 20:45:04 | INFO | my_functions.py:170 | Searching welcome_back_calendar.PNG (timeout=0s)
2026-06-02 20:45:04 | INFO | my_functions.py:214 | 
⛔ Not found: welcome_back_calendar.PNG after 0.0s region=(0, 0, 765, 1038) confidence=0.8
2026-06-02 20:45:04 | INFO | my_functions.py:248 | [DEBUG] Buscando en paralelo: ['start_the_countdown.PNG'] | timeout=0s | confidence=0.8
2026-06-02 20:45:04 | INFO | my_functions.py:282 | [DEBUG] Click skipped, ninguna de las imágenes se encontró en el intento.
2026-06-02 20:45:05 | INFO | my_functions.py:248 | [DEBUG] Buscando en paralelo: ['event_has_ended_sanctum.PNG'] | timeout=0s | confidence=0.8
2026-06-02 20:45:05 | INFO | my_functions.py:282 | [DEBUG] Click skipped, ninguna de las imágenes se encontró en el intento.
2026-06-02 20:45:06 | INFO | my_functions.py:248 | [DEBUG] Buscando en paralelo: ['image_part_of_event_grand_arena_finished.PNG'] | timeout=0s | confidence=0.8
2026-06-02 20:45:07 | INFO | my_functions.py:282 | [DEBUG] Click skipped, ninguna de las imágenes se encontró en el intento.
2026-06-02 20:45:08 | INFO | my_functions.py:170 | Searching 28_day_event_login_rewards.PNG (timeout=0s)
2026-06-02 20:45:08 | INFO | my_functions.py:214 | 
⛔ Not found: 28_day_event_login_rewards.PNG after 0.0s region=(0, 0, 765, 1038) confidence=0.8
2026-06-02 20:45:08 | INFO | my_functions.py:170 | Searching 7_day_event_login.PNG (timeout=0s)
2026-06-02 20:45:08 | INFO | my_functions.py:214 | 
⛔ Not found: 7_day_event_login.PNG after 0.0s region=(0, 0, 765, 1038) confidence=0.8
2026-06-02 20:45:08 | INFO | my_functions.py:170 | Searching 14_days_event.PNG (timeout=0s)
2026-06-02 20:45:08 | INFO | my_functions.py:214 | 
⛔ Not found: 14_days_event.PNG after 0.0s region=(0, 0, 765, 1038) confidence=0.8
2026-06-02 20:45:08 | INFO | my_functions.py:248 | [DEBUG] Buscando en paralelo: ['lets_go.PNG'] | timeout=0s | confidence=0.8
2026-06-02 20:45:09 | INFO | my_functions.py:282 | [DEBUG] Click skipped, ninguna de las imágenes se encontró en el intento.
2026-06-02 20:45:11 | INFO | my_functions.py:170 | Searching shop_unselected.PNG (timeout=0s)
2026-06-02 20:45:11 | INFO | my_functions.py:214 | 
⛔ Not found: shop_unselected.PNG after 0.0s region=(0, 0, 765, 1038) confidence=0.8
2026-06-02 20:45:11 | INFO | my_functions.py:248 | [DEBUG] Buscando en paralelo: ['super_premium.PNG'] | timeout=0s | confidence=0.8
2026-06-02 20:45:11 | INFO | my_functions.py:282 | [DEBUG] Click skipped, ninguna de las imágenes se encontró en el intento.
2026-06-02 20:45:12 | INFO | my_functions.py:248 | [DEBUG] Buscando en paralelo: ['maybe_later.PNG'] | timeout=0s | confidence=0.8
2026-06-02 20:45:12 | INFO | my_functions.py:282 | [DEBUG] Click skipped, ninguna de las imágenes se encontró en el intento.
2026-06-02 20:45:14 | INFO | my_functions.py:248 | [DEBUG] Buscando en paralelo: ['maybe_later2.PNG'] | timeout=0s | confidence=0.8
2026-06-02 20:45:14 | INFO | my_functions.py:282 | [DEBUG] Click skipped, ninguna de las imágenes se encontró en el intento.
2026-06-02 20:45:15 | INFO | my_functions.py:170 | Searching go_to_shop.PNG (timeout=0s)
2026-06-02 20:45:15 | INFO | my_functions.py:214 | 
⛔ Not found: go_to_shop.PNG after 0.0s region=(0, 0, 765, 1038) confidence=0.8
2026-06-02 20:45:15 | INFO | my_functions.py:248 | [DEBUG] Buscando en paralelo: ['14_days_of_winterverse.PNG'] | timeout=0s | confidence=0.8
2026-06-02 20:45:15 | INFO | my_functions.py:282 | [DEBUG] Click skipped, ninguna de las imágenes se encontró en el intento.
2026-06-02 20:45:16 | INFO | my_functions.py:170 | Searching welcome_back_calendar.PNG (timeout=0s)
2026-06-02 20:45:16 | INFO | my_functions.py:214 | 
⛔ Not found: welcome_back_calendar.PNG after 0.0s region=(0, 0, 765, 1038) confidence=0.8
2026-06-02 20:45:16 | INFO | my_functions.py:248 | [DEBUG] Buscando en paralelo: ['start_the_countdown.PNG'] | timeout=0s | confidence=0.8
2026-06-02 20:45:17 | INFO | my_functions.py:282 | [DEBUG] Click skipped, ninguna de las imágenes se encontró en el intento.
2026-06-02 20:45:18 | INFO | my_functions.py:248 | [DEBUG] Buscando en paralelo: ['event_has_ended_sanctum.PNG'] | timeout=0s | confidence=0.8
2026-06-02 20:45:18 | INFO | my_functions.py:282 | [DEBUG] Click skipped, ninguna de las imágenes se encontró en el intento.
2026-06-02 20:45:19 | INFO | my_functions.py:248 | [DEBUG] Buscando en paralelo: ['image_part_of_event_grand_arena_finished.PNG'] | timeout=0s | confidence=0.8
2026-06-02 20:45:19 | INFO | my_functions.py:282 | [DEBUG] Click skipped, ninguna de las imágenes se encontró en el intento.
2026-06-02 20:45:20 | INFO | my_functions.py:170 | Searching 28_day_event_login_rewards.PNG (timeout=0s)
2026-06-02 20:45:21 | INFO | my_functions.py:214 | 
⛔ Not found: 28_day_event_login_rewards.PNG after 0.0s region=(0, 0, 765, 1038) confidence=0.8
2026-06-02 20:45:21 | INFO | my_functions.py:170 | Searching 7_day_event_login.PNG (timeout=0s)
2026-06-02 20:45:21 | INFO | my_functions.py:214 | 
⛔ Not found: 7_day_event_login.PNG after 0.0s region=(0, 0, 765, 1038) confidence=0.8
2026-06-02 20:45:21 | INFO | my_functions.py:170 | Searching 14_days_event.PNG (timeout=0s)
2026-06-02 20:45:21 | INFO | my_functions.py:214 | 
⛔ Not found: 14_days_event.PNG after 0.0s region=(0, 0, 765, 1038) confidence=0.8
2026-06-02 20:45:21 | INFO | my_functions.py:248 | [DEBUG] Buscando en paralelo: ['lets_go.PNG'] | timeout=0s | confidence=0.8
2026-06-02 20:45:21 | INFO | my_functions.py:282 | [DEBUG] Click skipped, ninguna de las imágenes se encontró en el intento.
2026-06-02 20:45:23 | INFO | my_functions.py:170 | Searching shop_unselected.PNG (timeout=0s)
2026-06-02 20:45:23 | INFO | my_functions.py:200 | 
✅ Found: shop_unselected.PNG pos=(88, 961) time=0.21s confidence=0.8
2026-06-02 20:45:31 | INFO | my_functions.py:170 | Searching shop_unselected.PNG (timeout=0s)
2026-06-02 20:45:32 | INFO | my_functions.py:200 | 
✅ Found: shop_unselected.PNG pos=(88, 961) time=0.19s confidence=0.8
2026-06-02 20:45:32 | INFO | my_functions.py:524 | Ya esta listo
2026-06-02 20:45:36 | INFO | each_eight_hours copy.py:131 | Extracting data for account: jeremy
2026-06-02 20:45:36 | INFO | each_eight_hours copy.py:145 | Account jeremy summary -> CL: 28973 | Unclaimed: 29 | Credits: 1250, Gold: 950, Tokens: 775
2026-06-02 20:45:36 | INFO | my_functions.py:248 | [DEBUG] Buscando en paralelo: ['nut.png'] | timeout=20s | confidence=0.8
2026-06-02 20:45:37 | INFO | my_functions.py:135 | Haciendo click en la posición (184, 78)
2026-06-02 20:45:37 | INFO | my_functions.py:270 | 🖱️ Click OK (En paralelo): nut.png at (184, 78) delay=1s
2026-06-02 20:45:39 | INFO | my_functions.py:248 | [DEBUG] Buscando en paralelo: ['graphics_quality.png'] | timeout=3s | confidence=0.8
2026-06-02 20:45:40 | INFO | my_functions.py:135 | Haciendo click en la posición (304, 644)
2026-06-02 20:45:40 | INFO | my_functions.py:270 | 🖱️ Click OK (En paralelo): graphics_quality.png at (304, 644) delay=1s
2026-06-02 20:45:42 | INFO | my_functions.py:248 | [DEBUG] Buscando en paralelo: ['sign_out.png'] | timeout=20s | confidence=0.8
2026-06-02 20:45:43 | INFO | my_functions.py:135 | Haciendo click en la posición (380, 796)
2026-06-02 20:45:44 | INFO | my_functions.py:270 | 🖱️ Click OK (En paralelo): sign_out.png at (380, 796) delay=1s
2026-06-02 20:45:46 | INFO | my_functions.py:248 | [DEBUG] Buscando en paralelo: ['sign_out_grande.png'] | timeout=20s | confidence=0.8
2026-06-02 20:45:47 | INFO | my_functions.py:135 | Haciendo click en la posición (359, 437)
2026-06-02 20:45:47 | INFO | my_functions.py:270 | 🖱️ Click OK (En paralelo): sign_out_grande.png at (359, 437) delay=1s
2026-06-02 20:45:48 | INFO | my_functions.py:248 | [DEBUG] Buscando en paralelo: ['sign_out2.png'] | timeout=20s | confidence=0.8
2026-06-02 20:45:49 | INFO | my_functions.py:135 | Haciendo click en la posición (383, 634)
2026-06-02 20:45:50 | INFO | my_functions.py:270 | 🖱️ Click OK (En paralelo): sign_out2.png at (383, 634) delay=1s
2026-06-02 20:45:51 | INFO | my_functions.py:1294 | ⏱ Esperando 0.1 segundos antes de empezar...
2026-06-02 20:45:51 | INFO | my_functions.py:1301 | 🔍 Esperando ventana que contenga alguna de: SNAP (máx 20s)
2026-06-02 20:45:51 | INFO | my_functions.py:1313 | ✅ Ventana encontrada: 'SNAP'
2026-06-02 20:45:51 | INFO | my_functions.py:1328 | ✅ Ventana seleccionada: 'SNAP'
2026-06-02 20:45:53 | INFO | my_functions.py:1351 | 🔁 Reajuste #1...
2026-06-02 20:45:55 | INFO | my_functions.py:1358 | ✔ Verificación completa. Se hicieron 1 reajustes.
2026-06-02 20:45:59 | INFO | each_eight_hours copy.py:111 | Processing account: reeps_vm
2026-06-02 20:45:59 | INFO | each_eight_hours copy.py:114 | Game relaunched for account
2026-06-02 20:45:59 | INFO | my_functions.py:1294 | ⏱ Esperando 0.1 segundos antes de empezar...
2026-06-02 20:45:59 | INFO | my_functions.py:1301 | 🔍 Esperando ventana que contenga alguna de: ['SNAP'] (máx 20s)
2026-06-02 20:46:01 | INFO | my_functions.py:1313 | ✅ Ventana encontrada: 'SNAP'
2026-06-02 20:46:01 | INFO | my_functions.py:1328 | ✅ Ventana seleccionada: 'SNAP'
2026-06-02 20:46:03 | INFO | my_functions.py:1360 | ✔ Verificación completa. No hubo cambios después del primer ajuste.
2026-06-02 20:46:03 | INFO | my_functions.py:997 | [DEBUG] Resizing SNAP window...
2026-06-02 20:46:03 | INFO | my_functions.py:1294 | ⏱ Esperando 0.1 segundos antes de empezar...
2026-06-02 20:46:04 | INFO | my_functions.py:1301 | 🔍 Esperando ventana que contenga alguna de: ['SNAP'] (máx 20s)
2026-06-02 20:46:04 | INFO | my_functions.py:1313 | ✅ Ventana encontrada: 'SNAP'
2026-06-02 20:46:04 | INFO | my_functions.py:1328 | ✅ Ventana seleccionada: 'SNAP'
2026-06-02 20:46:07 | INFO | my_functions.py:1360 | ✔ Verificación completa. No hubo cambios después del primer ajuste.
2026-06-02 20:46:07 | INFO | my_functions.py:248 | [DEBUG] Buscando en paralelo: ['small_submit.PNG', 'small_submit_hover.png', 'submit_hover_2.png', 'small_submit_hover_2.png'] | timeout=90s | confidence=0.8
2026-06-02 20:46:10 | INFO | my_functions.py:135 | Haciendo click en la posición (380, 642)
2026-06-02 20:46:10 | INFO | my_functions.py:270 | 🖱️ Click OK (En paralelo): small_submit.PNG at (380, 642) delay=0.2s
2026-06-02 20:46:13 | INFO | my_functions.py:248 | [DEBUG] Buscando en paralelo: ['small_submit.PNG', 'small_submit_hover.png', 'submit_hover_2.png', 'small_submit_hover_2.png'] | timeout=20s | confidence=0.8
2026-06-02 20:46:14 | INFO | my_functions.py:135 | Haciendo click en la posición (380, 721)
2026-06-02 20:46:14 | INFO | my_functions.py:270 | 🖱️ Click OK (En paralelo): small_submit.PNG at (380, 721) delay=0.2s
2026-06-02 20:46:15 | INFO | my_functions.py:1294 | ⏱ Esperando 0.1 segundos antes de empezar...
2026-06-02 20:46:15 | INFO | my_functions.py:1301 | 🔍 Esperando ventana que contenga alguna de: ['SNAP'] (máx 20s)
2026-06-02 20:46:15 | INFO | my_functions.py:1313 | ✅ Ventana encontrada: 'SNAP'
2026-06-02 20:46:15 | INFO | my_functions.py:1328 | ✅ Ventana seleccionada: 'SNAP'
2026-06-02 20:46:17 | INFO | my_functions.py:1351 | 🔁 Reajuste #1...
2026-06-02 20:46:19 | INFO | my_functions.py:1358 | ✔ Verificación completa. Se hicieron 1 reajustes.
2026-06-02 20:46:19 | INFO | my_functions.py:170 | Searching please_sign.png (timeout=0s)
2026-06-02 20:46:19 | INFO | my_functions.py:200 | 
✅ Found: please_sign.png pos=(383, 438) time=0.21s confidence=0.8
2026-06-02 20:46:19 | INFO | my_functions.py:248 | [DEBUG] Buscando en paralelo: ['ok_btn.png'] | timeout=20s | confidence=0.8
2026-06-02 20:46:20 | INFO | my_functions.py:135 | Haciendo click en la posición (382, 634)
2026-06-02 20:46:20 | INFO | my_functions.py:270 | 🖱️ Click OK (En paralelo): ok_btn.png at (382, 634) delay=1s
2026-06-02 20:46:21 | INFO | my_functions.py:248 | [DEBUG] Buscando en paralelo: ['small_submit.PNG', 'small_submit_hover.png', 'submit_hover_2.png', 'small_submit_hover_2.png'] | timeout=90s | confidence=0.8
2026-06-02 20:46:23 | INFO | my_functions.py:135 | Haciendo click en la posición (383, 643)
2026-06-02 20:46:23 | INFO | my_functions.py:270 | 🖱️ Click OK (En paralelo): small_submit_hover_2.png at (383, 643) delay=0.2s
2026-06-02 20:46:24 | INFO | my_functions.py:248 | [DEBUG] Buscando en paralelo: ['small_submit.PNG', 'small_submit_hover.png', 'submit_hover_2.png', 'small_submit_hover_2.png'] | timeout=20s | confidence=0.8
2026-06-02 20:46:24 | INFO | my_functions.py:135 | Haciendo click en la posición (380, 721)
2026-06-02 20:46:25 | INFO | my_functions.py:270 | 🖱️ Click OK (En paralelo): small_submit.PNG at (380, 721) delay=0.2s
2026-06-02 20:46:26 | INFO | my_functions.py:170 | Searching sign_in_with_google2.PNG (timeout=90s)
2026-06-02 20:46:26 | INFO | my_functions.py:200 | 
✅ Found: sign_in_with_google2.PNG pos=(406, 957) time=0.17s confidence=0.8
2026-06-02 20:46:26 | INFO | my_functions.py:248 | [DEBUG] Buscando en paralelo: ['sign_in_with_google2.PNG'] | timeout=20s | confidence=0.8
2026-06-02 20:46:27 | INFO | my_functions.py:135 | Haciendo click en la posición (406, 957)
2026-06-02 20:46:27 | INFO | my_functions.py:270 | 🖱️ Click OK (En paralelo): sign_in_with_google2.PNG at (406, 957) delay=1s
2026-06-02 20:46:29 | INFO | my_functions.py:248 | [DEBUG] Buscando en paralelo: ['reeps_vm.png'] | timeout=30s | confidence=0.8
2026-06-02 20:46:35 | INFO | my_functions.py:135 | Haciendo click en la posición (1126, 534)
2026-06-02 20:46:36 | INFO | my_functions.py:270 | 🖱️ Click OK (En paralelo): reeps_vm.png at (1126, 534) delay=3s
2026-06-02 20:46:37 | INFO | my_functions.py:170 | Searching marvelsnap_web.png (timeout=30s)
2026-06-02 20:46:41 | INFO | my_functions.py:200 | 
✅ Found: marvelsnap_web.png pos=(258, 80) time=4.26s confidence=0.7
2026-06-02 20:46:41 | INFO | my_functions.py:170 | Searching shop_unselected.PNG (timeout=0s)
2026-06-02 20:46:41 | INFO | my_functions.py:214 | 
⛔ Not found: shop_unselected.PNG after 0.0s region=(0, 0, 765, 1038) confidence=0.8
2026-06-02 20:46:41 | INFO | my_functions.py:248 | [DEBUG] Buscando en paralelo: ['super_premium.PNG'] | timeout=0s | confidence=0.8
2026-06-02 20:46:42 | INFO | my_functions.py:282 | [DEBUG] Click skipped, ninguna de las imágenes se encontró en el intento.
2026-06-02 20:46:43 | INFO | my_functions.py:248 | [DEBUG] Buscando en paralelo: ['maybe_later.PNG'] | timeout=0s | confidence=0.8
2026-06-02 20:46:43 | INFO | my_functions.py:282 | [DEBUG] Click skipped, ninguna de las imágenes se encontró en el intento.
2026-06-02 20:46:44 | INFO | my_functions.py:248 | [DEBUG] Buscando en paralelo: ['maybe_later2.PNG'] | timeout=0s | confidence=0.8
2026-06-02 20:46:44 | INFO | my_functions.py:282 | [DEBUG] Click skipped, ninguna de las imágenes se encontró en el intento.
2026-06-02 20:46:45 | INFO | my_functions.py:170 | Searching go_to_shop.PNG (timeout=0s)
2026-06-02 20:46:46 | INFO | my_functions.py:214 | 
⛔ Not found: go_to_shop.PNG after 0.0s region=(0, 0, 765, 1038) confidence=0.8
2026-06-02 20:46:46 | INFO | my_functions.py:248 | [DEBUG] Buscando en paralelo: ['14_days_of_winterverse.PNG'] | timeout=0s | confidence=0.8
2026-06-02 20:46:46 | INFO | my_functions.py:282 | [DEBUG] Click skipped, ninguna de las imágenes se encontró en el intento.
2026-06-02 20:46:47 | INFO | my_functions.py:170 | Searching welcome_back_calendar.PNG (timeout=0s)
2026-06-02 20:46:47 | INFO | my_functions.py:214 | 
⛔ Not found: welcome_back_calendar.PNG after 0.0s region=(0, 0, 765, 1038) confidence=0.8
2026-06-02 20:46:47 | INFO | my_functions.py:248 | [DEBUG] Buscando en paralelo: ['start_the_countdown.PNG'] | timeout=0s | confidence=0.8
2026-06-02 20:46:47 | INFO | my_functions.py:282 | [DEBUG] Click skipped, ninguna de las imágenes se encontró en el intento.
2026-06-02 20:46:48 | INFO | my_functions.py:248 | [DEBUG] Buscando en paralelo: ['event_has_ended_sanctum.PNG'] | timeout=0s | confidence=0.8
2026-06-02 20:46:48 | INFO | my_functions.py:282 | [DEBUG] Click skipped, ninguna de las imágenes se encontró en el intento.
2026-06-02 20:46:50 | INFO | my_functions.py:248 | [DEBUG] Buscando en paralelo: ['image_part_of_event_grand_arena_finished.PNG'] | timeout=0s | confidence=0.8
2026-06-02 20:46:50 | INFO | my_functions.py:282 | [DEBUG] Click skipped, ninguna de las imágenes se encontró en el intento.
2026-06-02 20:46:51 | INFO | my_functions.py:170 | Searching 28_day_event_login_rewards.PNG (timeout=0s)
2026-06-02 20:46:51 | INFO | my_functions.py:214 | 
⛔ Not found: 28_day_event_login_rewards.PNG after 0.0s region=(0, 0, 765, 1038) confidence=0.8
2026-06-02 20:46:51 | INFO | my_functions.py:170 | Searching 7_day_event_login.PNG (timeout=0s)
2026-06-02 20:46:51 | INFO | my_functions.py:214 | 
⛔ Not found: 7_day_event_login.PNG after 0.0s region=(0, 0, 765, 1038) confidence=0.8
2026-06-02 20:46:51 | INFO | my_functions.py:170 | Searching 14_days_event.PNG (timeout=0s)
2026-06-02 20:46:52 | INFO | my_functions.py:214 | 
⛔ Not found: 14_days_event.PNG after 0.22s region=(0, 0, 765, 1038) confidence=0.8
2026-06-02 20:46:52 | INFO | my_functions.py:248 | [DEBUG] Buscando en paralelo: ['lets_go.PNG'] | timeout=0s | confidence=0.8
2026-06-02 20:46:52 | INFO | my_functions.py:282 | [DEBUG] Click skipped, ninguna de las imágenes se encontró en el intento.
2026-06-02 20:46:54 | INFO | my_functions.py:170 | Searching shop_unselected.PNG (timeout=0s)
2026-06-02 20:46:54 | INFO | my_functions.py:214 | 
⛔ Not found: shop_unselected.PNG after 0.0s region=(0, 0, 765, 1038) confidence=0.8
2026-06-02 20:46:54 | INFO | my_functions.py:248 | [DEBUG] Buscando en paralelo: ['super_premium.PNG'] | timeout=0s | confidence=0.8
2026-06-02 20:46:54 | INFO | my_functions.py:282 | [DEBUG] Click skipped, ninguna de las imágenes se encontró en el intento.
2026-06-02 20:46:56 | INFO | my_functions.py:248 | [DEBUG] Buscando en paralelo: ['maybe_later.PNG'] | timeout=0s | confidence=0.8
2026-06-02 20:46:56 | INFO | my_functions.py:282 | [DEBUG] Click skipped, ninguna de las imágenes se encontró en el intento.
2026-06-02 20:46:57 | INFO | my_functions.py:248 | [DEBUG] Buscando en paralelo: ['maybe_later2.PNG'] | timeout=0s | confidence=0.8
2026-06-02 20:46:57 | INFO | my_functions.py:282 | [DEBUG] Click skipped, ninguna de las imágenes se encontró en el intento.
2026-06-02 20:46:58 | INFO | my_functions.py:170 | Searching go_to_shop.PNG (timeout=0s)
2026-06-02 20:46:58 | INFO | my_functions.py:200 | 
✅ Found: go_to_shop.PNG pos=(275, 827) time=0.19s confidence=0.8
2026-06-02 20:47:00 | INFO | my_functions.py:248 | [DEBUG] Buscando en paralelo: ['white_x.png'] | timeout=20s | confidence=0.8
2026-06-02 20:47:02 | INFO | my_functions.py:135 | Haciendo click en la posición (597, 113)
2026-06-02 20:47:02 | INFO | my_functions.py:270 | 🖱️ Click OK (En paralelo): white_x.png at (597, 113) delay=1s
2026-06-02 20:47:11 | INFO | my_functions.py:170 | Searching shop_unselected.PNG (timeout=0s)
2026-06-02 20:47:11 | INFO | my_functions.py:214 | 
⛔ Not found: shop_unselected.PNG after 0.0s region=(0, 0, 765, 1038) confidence=0.8
2026-06-02 20:47:12 | INFO | my_functions.py:170 | Searching shop_unselected.PNG (timeout=0s)
2026-06-02 20:47:12 | INFO | my_functions.py:214 | 
⛔ Not found: shop_unselected.PNG after 0.0s region=(0, 0, 765, 1038) confidence=0.8
2026-06-02 20:47:12 | INFO | my_functions.py:248 | [DEBUG] Buscando en paralelo: ['super_premium.PNG'] | timeout=0s | confidence=0.8
2026-06-02 20:47:13 | INFO | my_functions.py:135 | Haciendo click en la posición (480, 777)
2026-06-02 20:47:14 | INFO | my_functions.py:270 | 🖱️ Click OK (En paralelo): super_premium.PNG at (480, 777) delay=1s
2026-06-02 20:47:15 | INFO | my_functions.py:143 | Presionando ESC (1/1)
2026-06-02 20:47:23 | INFO | my_functions.py:170 | Searching shop_unselected.PNG (timeout=0s)
2026-06-02 20:47:24 | INFO | my_functions.py:200 | 
✅ Found: shop_unselected.PNG pos=(88, 961) time=0.21s confidence=0.8
2026-06-02 20:47:24 | INFO | my_functions.py:524 | Ya esta listo
2026-06-02 20:47:28 | INFO | each_eight_hours copy.py:131 | Extracting data for account: reeps_vm
2026-06-02 20:47:28 | INFO | each_eight_hours copy.py:145 | Account reeps_vm summary -> CL: 2883 | Unclaimed: 175 | Credits: 825, Gold: 4280, Tokens: 10650
2026-06-02 20:47:28 | INFO | my_functions.py:248 | [DEBUG] Buscando en paralelo: ['nut.png'] | timeout=20s | confidence=0.8
2026-06-02 20:47:29 | INFO | my_functions.py:135 | Haciendo click en la posición (184, 78)
2026-06-02 20:47:29 | INFO | my_functions.py:270 | 🖱️ Click OK (En paralelo): nut.png at (184, 78) delay=1s
2026-06-02 20:47:30 | INFO | my_functions.py:248 | [DEBUG] Buscando en paralelo: ['graphics_quality.png'] | timeout=3s | confidence=0.8
2026-06-02 20:47:32 | INFO | my_functions.py:135 | Haciendo click en la posición (304, 644)
2026-06-02 20:47:32 | INFO | my_functions.py:270 | 🖱️ Click OK (En paralelo): graphics_quality.png at (304, 644) delay=1s
2026-06-02 20:47:34 | INFO | my_functions.py:248 | [DEBUG] Buscando en paralelo: ['sign_out.png'] | timeout=20s | confidence=0.8
2026-06-02 20:47:35 | INFO | my_functions.py:135 | Haciendo click en la posición (380, 796)
2026-06-02 20:47:35 | INFO | my_functions.py:270 | 🖱️ Click OK (En paralelo): sign_out.png at (380, 796) delay=1s
2026-06-02 20:47:38 | INFO | my_functions.py:248 | [DEBUG] Buscando en paralelo: ['sign_out_grande.png'] | timeout=20s | confidence=0.8
2026-06-02 20:47:39 | INFO | my_functions.py:135 | Haciendo click en la posición (359, 437)
2026-06-02 20:47:39 | INFO | my_functions.py:270 | 🖱️ Click OK (En paralelo): sign_out_grande.png at (359, 437) delay=1s
2026-06-02 20:47:40 | INFO | my_functions.py:248 | [DEBUG] Buscando en paralelo: ['sign_out2.png'] | timeout=20s | confidence=0.8
2026-06-02 20:47:41 | INFO | my_functions.py:135 | Haciendo click en la posición (383, 634)
