2026-06-07 04:26:12 | INFO | each_eight_hours.py:36 | LOG FILE PATH: \\vmware-host\Shared Folders\SHARED FILES VM\MS\logs\each_eight_hours_2026-06-07_04-26-12.log
2026-06-07 04:26:12 | INFO | each_eight_hours.py:37 | Logger initialized
2026-06-07 04:26:12 | INFO | each_eight_hours.py:64 | Script initialized
2026-06-07 04:26:37 | INFO | each_eight_hours.py:105 | snap.exe terminated if it was running
2026-06-07 04:26:37 | INFO | my_functions.py:57 | ⏳ Esperando WebSocket de OBS...
2026-06-07 04:26:44 | INFO | baseclient.py:33 | Connecting with parameters: host='localhost' port=4455 password='' subs=0 timeout=None
2026-06-07 04:26:44 | INFO | reqs.py:23 | Successfully identified ReqClient with the server using RPC version:1
2026-06-07 04:26:44 | INFO | my_functions.py:63 | ✅ Conectado al OBS WebSocket
2026-06-07 04:26:44 | ERROR | reqs.py:59 | OBSSDKRequestError: Request GetRecordStatus returned code 207. With message: OBS is not ready to perform the request.
Traceback (most recent call last):
  File "C:\Users\Farm\AppData\Local\Programs\Python\Python311\Lib\site-packages\obsws_python\reqs.py", line 53, in send
    raise OBSSDKRequestError(
obsws_python.error.OBSSDKRequestError: Request GetRecordStatus returned code 207. With message: OBS is not ready to perform the request.
2026-06-07 04:26:45 | ERROR | each_eight_hours.py:290 | Unhandled exception occurred
Traceback (most recent call last):
  File "Z:\SHARED FILES VM\MS\each_eight_hours.py", line 106, in <module>
    start_obs_then_record()
  File "Z:\SHARED FILES VM\MS\my_functions.py", line 87, in start_obs_then_record
    record_start_time = datetime.now()
                        ^^^^^^^^^^^^
AttributeError: module 'datetime' has no attribute 'now'
