2026-06-19 08:45:42 | INFO | each_eight_hours.py:36 | LOG FILE PATH: \\vmware-host\Shared Folders\SHARED FILES VM\MS\logs\each_eight_hours_2026-06-19_08-45-42.log
2026-06-19 08:45:42 | INFO | each_eight_hours.py:37 | Logger initialized
2026-06-19 08:45:42 | INFO | each_eight_hours.py:64 | Script initialized
2026-06-19 08:46:04 | INFO | each_eight_hours.py:105 | snap.exe terminated if it was running
2026-06-19 08:46:04 | INFO | my_functions.py:56 | ⏳ Esperando WebSocket de OBS...
2026-06-19 08:46:04 | INFO | baseclient.py:33 | Connecting with parameters: host='localhost' port=4455 password='' subs=0 timeout=None
2026-06-19 08:46:04 | INFO | reqs.py:23 | Successfully identified ReqClient with the server using RPC version:1
2026-06-19 08:46:04 | INFO | my_functions.py:62 | ✅ Conectado al OBS WebSocket
2026-06-19 08:46:04 | INFO | my_functions.py:78 | ⏹ Grabación ya estaba activa, deteniéndola...
2026-06-19 08:46:04 | INFO | baseclient.py:33 | Connecting with parameters: host='localhost' port=4455 password='' subs=0 timeout=None
2026-06-19 08:46:04 | INFO | reqs.py:23 | Successfully identified ReqClient with the server using RPC version:1
2026-06-19 08:46:04 | INFO | my_functions.py:93 | Record stopped.
2026-06-19 08:46:16 | INFO | my_functions.py:123 | Archivo renombrado a: C:\Users\Farm\Videos\my_functions_2026-06-19_08-46-16.mkv
2026-06-19 08:46:19 | INFO | my_functions.py:83 | 🎬 Nueva grabación iniciada
2026-06-19 08:46:19 | INFO | my_functions.py:1547 | ⏱ Esperando 0.1 segundos antes de empezar...
2026-06-19 08:46:19 | INFO | my_functions.py:1554 | 🔍 Esperando ventana que contenga alguna de: ['py', 'eight_hours'] (máx 20s)
2026-06-19 08:46:19 | INFO | my_functions.py:1566 | ✅ Ventana encontrada: 'each_eight_hours  - Acceso directo'
2026-06-19 08:46:19 | INFO | my_functions.py:1581 | ✅ Ventana seleccionada: 'each_eight_hours  - Acceso directo'
2026-06-19 08:46:21 | INFO | my_functions.py:1604 | 🔁 Reajuste #1...
2026-06-19 08:46:21 | INFO | my_functions.py:1611 | ✔ Verificación completa. Se hicieron 1 reajustes.
2026-06-19 08:46:21 | INFO | each_eight_hours.py:113 | Processing account: jeremy
2026-06-19 08:46:22 | INFO | my_functions.py:1547 | ⏱ Esperando 0.1 segundos antes de empezar...
2026-06-19 08:46:22 | INFO | my_functions.py:1554 | 🔍 Esperando ventana que contenga alguna de: ['SNAP'] (máx 20s)
2026-06-19 08:46:31 | INFO | my_functions.py:1566 | ✅ Ventana encontrada: 'SNAP'
2026-06-19 08:46:31 | INFO | my_functions.py:1581 | ✅ Ventana seleccionada: 'SNAP'
2026-06-19 08:46:33 | INFO | my_functions.py:1613 | ✔ Verificación completa. No hubo cambios después del primer ajuste.
2026-06-19 08:46:33 | INFO | my_functions.py:1206 | [DEBUG] Resizing SNAP window...
2026-06-19 08:46:33 | INFO | my_functions.py:1547 | ⏱ Esperando 0.1 segundos antes de empezar...
2026-06-19 08:46:33 | INFO | my_functions.py:1554 | 🔍 Esperando ventana que contenga alguna de: ['SNAP'] (máx 20s)
2026-06-19 08:46:33 | INFO | my_functions.py:1566 | ✅ Ventana encontrada: 'SNAP'
2026-06-19 08:46:33 | INFO | my_functions.py:1581 | ✅ Ventana seleccionada: 'SNAP'
2026-06-19 08:46:36 | INFO | my_functions.py:1613 | ✔ Verificación completa. No hubo cambios después del primer ajuste.
2026-06-19 08:46:36 | INFO | my_functions.py:247 | [DEBUG] Buscando en paralelo: ['small_submit.PNG', 'small_submit_hover.png', 'submit_hover_2.png', 'small_submit_hover_2.png'] | timeout=90s | confidence=0.8
2026-06-19 08:46:57 | INFO | my_functions.py:134 | Haciendo click en la posición (383, 639)
2026-06-19 08:46:57 | INFO | my_functions.py:269 | 🖱️ Click OK (En paralelo): submit_hover_2.png at (383, 639) delay=0.2s
2026-06-19 08:47:00 | INFO | my_functions.py:247 | [DEBUG] Buscando en paralelo: ['small_submit.PNG', 'small_submit_hover.png', 'submit_hover_2.png', 'small_submit_hover_2.png'] | timeout=20s | confidence=0.8
2026-06-19 08:47:02 | INFO | my_functions.py:134 | Haciendo click en la posición (380, 721)
2026-06-19 08:47:02 | INFO | my_functions.py:269 | 🖱️ Click OK (En paralelo): small_submit.PNG at (380, 721) delay=0.2s
2026-06-19 08:47:03 | INFO | my_functions.py:1547 | ⏱ Esperando 0.1 segundos antes de empezar...
2026-06-19 08:47:03 | INFO | my_functions.py:1554 | 🔍 Esperando ventana que contenga alguna de: ['SNAP'] (máx 20s)
2026-06-19 08:47:03 | INFO | my_functions.py:1566 | ✅ Ventana encontrada: 'SNAP'
2026-06-19 08:47:03 | INFO | my_functions.py:1581 | ✅ Ventana seleccionada: 'SNAP'
2026-06-19 08:47:05 | INFO | my_functions.py:1604 | 🔁 Reajuste #1...
2026-06-19 08:47:06 | INFO | my_functions.py:1611 | ✔ Verificación completa. Se hicieron 1 reajustes.
2026-06-19 08:47:06 | INFO | my_functions.py:169 | Searching please_sign.png (timeout=0s)
2026-06-19 08:47:07 | INFO | my_functions.py:199 | 
✅ Found: please_sign.png pos=(383, 438) time=0.52s confidence=0.8
2026-06-19 08:47:07 | INFO | my_functions.py:247 | [DEBUG] Buscando en paralelo: ['ok_btn.png'] | timeout=20s | confidence=0.8
2026-06-19 08:47:09 | INFO | my_functions.py:134 | Haciendo click en la posición (382, 634)
2026-06-19 08:47:09 | INFO | my_functions.py:269 | 🖱️ Click OK (En paralelo): ok_btn.png at (382, 634) delay=1s
2026-06-19 08:47:10 | INFO | my_functions.py:247 | [DEBUG] Buscando en paralelo: ['small_submit.PNG', 'small_submit_hover.png', 'submit_hover_2.png', 'small_submit_hover_2.png'] | timeout=30s | confidence=0.8
2026-06-19 08:47:13 | INFO | my_functions.py:134 | Haciendo click en la posición (383, 643)
2026-06-19 08:47:13 | INFO | my_functions.py:269 | 🖱️ Click OK (En paralelo): small_submit_hover_2.png at (383, 643) delay=0.2s
2026-06-19 08:47:14 | INFO | my_functions.py:247 | [DEBUG] Buscando en paralelo: ['small_submit.PNG', 'small_submit_hover.png', 'submit_hover_2.png', 'small_submit_hover_2.png'] | timeout=20s | confidence=0.8
2026-06-19 08:47:16 | INFO | my_functions.py:134 | Haciendo click en la posición (380, 721)
2026-06-19 08:47:16 | INFO | my_functions.py:269 | 🖱️ Click OK (En paralelo): small_submit.PNG at (380, 721) delay=0.2s
2026-06-19 08:47:17 | INFO | my_functions.py:247 | [DEBUG] Buscando en paralelo: ['sign_in_with_google2.PNG'] | timeout=20s | confidence=0.8
2026-06-19 08:47:19 | INFO | my_functions.py:134 | Haciendo click en la posición (406, 957)
2026-06-19 08:47:19 | INFO | my_functions.py:269 | 🖱️ Click OK (En paralelo): sign_in_with_google2.PNG at (406, 957) delay=1s
2026-06-19 08:47:20 | INFO | my_functions.py:169 | Searching pagina_cargada.png (timeout=60s)
2026-06-19 08:47:31 | INFO | my_functions.py:199 | 
✅ Found: pagina_cargada.png pos=(70, 24) time=10.82s confidence=0.8
2026-06-19 08:47:31 | INFO | my_functions.py:247 | [DEBUG] Buscando en paralelo: ['jeremy.png'] | timeout=0s | confidence=0.8
2026-06-19 08:47:33 | INFO | my_functions.py:281 | [DEBUG] Click skipped, ninguna de las imágenes se encontró en el intento.
2026-06-19 08:47:35 | INFO | my_functions.py:247 | [DEBUG] Buscando en paralelo: ['jeremy.png'] | timeout=0s | confidence=0.8
2026-06-19 08:47:39 | INFO | my_functions.py:134 | Haciendo click en la posición (1143, 645)
2026-06-19 08:47:39 | INFO | my_functions.py:269 | 🖱️ Click OK (En paralelo): jeremy.png at (1143, 645) delay=3s
2026-06-19 08:47:41 | INFO | my_functions.py:169 | Searching marvelsnap_web.png (timeout=30s)
2026-06-19 08:47:45 | INFO | my_functions.py:199 | 
✅ Found: marvelsnap_web.png pos=(258, 80) time=4.33s confidence=0.7
2026-06-19 08:47:46 | INFO | my_functions.py:169 | Searching shop_unselected.PNG (timeout=0s)
2026-06-19 08:47:47 | INFO | my_functions.py:213 | 
⛔ Not found: shop_unselected.PNG after 0.0s region=(0, 0, 765, 1038) confidence=0.8
2026-06-19 08:47:47 | INFO | my_functions.py:247 | [DEBUG] Buscando en paralelo: ['super_premium.PNG'] | timeout=0s | confidence=0.8
2026-06-19 08:47:47 | INFO | my_functions.py:281 | [DEBUG] Click skipped, ninguna de las imágenes se encontró en el intento.
2026-06-19 08:47:48 | INFO | my_functions.py:247 | [DEBUG] Buscando en paralelo: ['maybe_later.PNG'] | timeout=0s | confidence=0.8
2026-06-19 08:47:49 | INFO | my_functions.py:281 | [DEBUG] Click skipped, ninguna de las imágenes se encontró en el intento.
2026-06-19 08:47:50 | INFO | my_functions.py:247 | [DEBUG] Buscando en paralelo: ['maybe_later2.PNG'] | timeout=0s | confidence=0.8
2026-06-19 08:47:51 | INFO | my_functions.py:281 | [DEBUG] Click skipped, ninguna de las imágenes se encontró en el intento.
2026-06-19 08:47:52 | INFO | my_functions.py:169 | Searching go_to_shop.PNG (timeout=0s)
2026-06-19 08:47:53 | INFO | my_functions.py:213 | 
⛔ Not found: go_to_shop.PNG after 0.0s region=(0, 0, 765, 1038) confidence=0.8
2026-06-19 08:47:53 | INFO | my_functions.py:247 | [DEBUG] Buscando en paralelo: ['14_days_of_winterverse.PNG'] | timeout=0s | confidence=0.8
2026-06-19 08:47:53 | INFO | my_functions.py:281 | [DEBUG] Click skipped, ninguna de las imágenes se encontró en el intento.
2026-06-19 08:47:54 | INFO | my_functions.py:169 | Searching welcome_back_calendar.PNG (timeout=0s)
2026-06-19 08:47:55 | INFO | my_functions.py:213 | 
⛔ Not found: welcome_back_calendar.PNG after 0.0s region=(0, 0, 765, 1038) confidence=0.8
2026-06-19 08:47:55 | INFO | my_functions.py:247 | [DEBUG] Buscando en paralelo: ['start_the_countdown.PNG'] | timeout=0s | confidence=0.8
2026-06-19 08:47:55 | INFO | my_functions.py:281 | [DEBUG] Click skipped, ninguna de las imágenes se encontró en el intento.
2026-06-19 08:47:56 | INFO | my_functions.py:247 | [DEBUG] Buscando en paralelo: ['event_has_ended_sanctum.PNG'] | timeout=0s | confidence=0.8
2026-06-19 08:47:57 | INFO | my_functions.py:281 | [DEBUG] Click skipped, ninguna de las imágenes se encontró en el intento.
2026-06-19 08:47:58 | INFO | my_functions.py:247 | [DEBUG] Buscando en paralelo: ['event_has_ended_teamclash.PNG'] | timeout=0s | confidence=0.8
2026-06-19 08:48:00 | INFO | my_functions.py:281 | [DEBUG] Click skipped, ninguna de las imágenes se encontró en el intento.
2026-06-19 08:48:01 | INFO | my_functions.py:247 | [DEBUG] Buscando en paralelo: ['image_part_of_event_grand_arena_finished.PNG'] | timeout=0s | confidence=0.8
2026-06-19 08:48:02 | INFO | my_functions.py:281 | [DEBUG] Click skipped, ninguna de las imágenes se encontró en el intento.
2026-06-19 08:48:03 | INFO | my_functions.py:169 | Searching 28_day_event_login_rewards.PNG (timeout=0s)
2026-06-19 08:48:03 | INFO | my_functions.py:213 | 
⛔ Not found: 28_day_event_login_rewards.PNG after 0.0s region=(0, 0, 765, 1038) confidence=0.8
2026-06-19 08:48:03 | INFO | my_functions.py:169 | Searching 7_day_event_login.PNG (timeout=0s)
2026-06-19 08:48:04 | INFO | my_functions.py:213 | 
⛔ Not found: 7_day_event_login.PNG after 0.01s region=(0, 0, 765, 1038) confidence=0.8
2026-06-19 08:48:04 | INFO | my_functions.py:169 | Searching 14_days_event.PNG (timeout=0s)
2026-06-19 08:48:04 | INFO | my_functions.py:213 | 
⛔ Not found: 14_days_event.PNG after 0.0s region=(0, 0, 765, 1038) confidence=0.8
2026-06-19 08:48:04 | INFO | my_functions.py:247 | [DEBUG] Buscando en paralelo: ['lets_go.PNG'] | timeout=0s | confidence=0.8
2026-06-19 08:48:05 | INFO | my_functions.py:281 | [DEBUG] Click skipped, ninguna de las imágenes se encontró en el intento.
2026-06-19 08:48:07 | INFO | my_functions.py:169 | Searching shop_unselected.PNG (timeout=0s)
2026-06-19 08:48:08 | INFO | my_functions.py:199 | 
✅ Found: shop_unselected.PNG pos=(88, 961) time=0.85s confidence=0.8
2026-06-19 08:48:16 | INFO | my_functions.py:169 | Searching shop_unselected.PNG (timeout=0s)
2026-06-19 08:48:17 | INFO | my_functions.py:199 | 
✅ Found: shop_unselected.PNG pos=(89, 961) time=0.85s confidence=0.8
2026-06-19 08:48:17 | INFO | my_functions.py:714 | Ya esta listo
2026-06-19 08:48:21 | INFO | my_functions.py:533 | AVAILABLE: 5
2026-06-19 08:48:21 | INFO | my_functions.py:555 | Misiones completadas: 0
2026-06-19 08:48:21 | INFO | my_functions.py:169 | Searching play.PNG (timeout=0s)
2026-06-19 08:48:22 | INFO | my_functions.py:199 | 
✅ Found: play.PNG pos=(384, 824) time=0.7s confidence=0.8
2026-06-19 08:48:22 | INFO | my_functions.py:1442 | [INFO] Click realizado donde se equipa el deck a jugar
2026-06-19 08:48:26 | INFO | my_functions.py:247 | [DEBUG] Buscando en paralelo: ['deck_666666.png'] | timeout=3s | confidence=0.8
2026-06-19 08:48:28 | INFO | my_functions.py:134 | Haciendo click en la posición (235, 546)
2026-06-19 08:48:28 | INFO | my_functions.py:269 | 🖱️ Click OK (En paralelo): deck_666666.png at (235, 546) delay=1s
2026-06-19 08:48:29 | INFO | my_functions.py:247 | [DEBUG] Buscando en paralelo: ['equip.png'] | timeout=3s | confidence=0.95
2026-06-19 08:48:31 | INFO | my_functions.py:134 | Haciendo click en la posición (548, 983)
2026-06-19 08:48:32 | INFO | my_functions.py:269 | 🖱️ Click OK (En paralelo): equip.png at (548, 983) delay=1s
2026-06-19 08:48:33 | INFO | each_eight_hours.py:134 | Deck selected: 6turns
2026-06-19 08:48:33 | INFO | my_functions.py:247 | [DEBUG] Buscando en paralelo: ['maybe_later.PNG'] | timeout=2s | confidence=0.8
2026-06-19 08:48:35 | INFO | my_functions.py:281 | [DEBUG] Click skipped, ninguna de las imágenes se encontró en el intento.
2026-06-19 08:48:36 | INFO | my_functions.py:247 | [DEBUG] Buscando en paralelo: ['maybe_later2.PNG'] | timeout=0.01s | confidence=0.8
2026-06-19 08:48:37 | INFO | my_functions.py:281 | [DEBUG] Click skipped, ninguna de las imágenes se encontró en el intento.
2026-06-19 08:48:38 | INFO | each_eight_hours.py:148 | Starting game loop 1
2026-06-19 08:48:38 | INFO | my_functions.py:247 | [DEBUG] Buscando en paralelo: ['play.PNG'] | timeout=20s | confidence=0.8
2026-06-19 08:48:42 | INFO | my_functions.py:134 | Haciendo click en la posición (384, 824)
2026-06-19 08:48:42 | INFO | my_functions.py:269 | 🖱️ Click OK (En paralelo): play.PNG at (384, 824) delay=3s
2026-06-19 08:49:13 | INFO | my_functions.py:199 | 
✅ Found: end_turn.PNG pos=(682, 945) time=0.69s confidence=0.8
2026-06-19 08:49:13 | INFO | my_functions.py:247 | [DEBUG] Buscando en paralelo: ['snap.PNG'] | timeout=0s | confidence=0.8
2026-06-19 08:49:15 | INFO | my_functions.py:134 | Haciendo click en la posición (386, 123)
2026-06-19 08:49:15 | INFO | my_functions.py:269 | 🖱️ Click OK (En paralelo): snap.PNG at (386, 123) delay=1s
2026-06-19 08:49:22 | INFO | my_functions.py:247 | [DEBUG] Buscando en paralelo: ['end_turn.PNG'] | timeout=0s | confidence=0.8
2026-06-19 08:49:23 | INFO | my_functions.py:134 | Haciendo click en la posición (682, 946)
2026-06-19 08:49:23 | INFO | my_functions.py:269 | 🖱️ Click OK (En paralelo): end_turn.PNG at (682, 946) delay=1s
2026-06-19 08:49:25 | INFO | each_eight_hours.py:165 | End turn executed
2026-06-19 08:49:45 | INFO | my_functions.py:199 | 
✅ Found: end_turn.PNG pos=(682, 945) time=0.68s confidence=0.8
2026-06-19 08:49:45 | INFO | my_functions.py:247 | [DEBUG] Buscando en paralelo: ['snap.PNG'] | timeout=0s | confidence=0.8
2026-06-19 08:49:46 | INFO | my_functions.py:281 | [DEBUG] Click skipped, ninguna de las imágenes se encontró en el intento.
2026-06-19 08:49:52 | INFO | my_functions.py:247 | [DEBUG] Buscando en paralelo: ['end_turn.PNG'] | timeout=0s | confidence=0.8
2026-06-19 08:49:53 | INFO | my_functions.py:281 | [DEBUG] Click skipped, ninguna de las imágenes se encontró en el intento.
2026-06-19 08:50:07 | INFO | my_functions.py:199 | 
✅ Found: end_turn.PNG pos=(681, 945) time=0.75s confidence=0.8
2026-06-19 08:50:07 | INFO | my_functions.py:247 | [DEBUG] Buscando en paralelo: ['snap.PNG'] | timeout=0s | confidence=0.8
2026-06-19 08:50:08 | INFO | my_functions.py:281 | [DEBUG] Click skipped, ninguna de las imágenes se encontró en el intento.
2026-06-19 08:50:15 | INFO | my_functions.py:247 | [DEBUG] Buscando en paralelo: ['end_turn.PNG'] | timeout=0s | confidence=0.8
2026-06-19 08:50:16 | INFO | my_functions.py:134 | Haciendo click en la posición (682, 945)
2026-06-19 08:50:16 | INFO | my_functions.py:269 | 🖱️ Click OK (En paralelo): end_turn.PNG at (682, 945) delay=1s
2026-06-19 08:50:18 | INFO | each_eight_hours.py:165 | End turn executed
2026-06-19 08:50:28 | INFO | my_functions.py:199 | 
✅ Found: end_turn.PNG pos=(681, 945) time=0.79s confidence=0.8
2026-06-19 08:50:28 | INFO | my_functions.py:247 | [DEBUG] Buscando en paralelo: ['snap.PNG'] | timeout=0s | confidence=0.8
2026-06-19 08:50:29 | INFO | my_functions.py:281 | [DEBUG] Click skipped, ninguna de las imágenes se encontró en el intento.
2026-06-19 08:50:35 | INFO | my_functions.py:247 | [DEBUG] Buscando en paralelo: ['end_turn.PNG'] | timeout=0s | confidence=0.8
2026-06-19 08:50:37 | INFO | my_functions.py:134 | Haciendo click en la posición (682, 945)
2026-06-19 08:50:37 | INFO | my_functions.py:269 | 🖱️ Click OK (En paralelo): end_turn.PNG at (682, 945) delay=1s
2026-06-19 08:50:38 | INFO | each_eight_hours.py:165 | End turn executed
2026-06-19 08:50:45 | INFO | my_functions.py:199 | 
✅ Found: end_turn.PNG pos=(681, 945) time=0.71s confidence=0.8
2026-06-19 08:50:45 | INFO | my_functions.py:247 | [DEBUG] Buscando en paralelo: ['snap.PNG'] | timeout=0s | confidence=0.8
2026-06-19 08:50:46 | INFO | my_functions.py:281 | [DEBUG] Click skipped, ninguna de las imágenes se encontró en el intento.
2026-06-19 08:50:52 | INFO | my_functions.py:247 | [DEBUG] Buscando en paralelo: ['end_turn.PNG'] | timeout=0s | confidence=0.8
2026-06-19 08:50:54 | INFO | my_functions.py:134 | Haciendo click en la posición (682, 945)
2026-06-19 08:50:54 | INFO | my_functions.py:269 | 🖱️ Click OK (En paralelo): end_turn.PNG at (682, 945) delay=1s
2026-06-19 08:50:55 | INFO | each_eight_hours.py:165 | End turn executed
2026-06-19 08:51:05 | INFO | my_functions.py:199 | 
✅ Found: end_turn.PNG pos=(681, 945) time=0.69s confidence=0.8
2026-06-19 08:51:05 | INFO | my_functions.py:247 | [DEBUG] Buscando en paralelo: ['snap.PNG'] | timeout=0s | confidence=0.8
2026-06-19 08:51:06 | INFO | my_functions.py:281 | [DEBUG] Click skipped, ninguna de las imágenes se encontró en el intento.
2026-06-19 08:51:12 | INFO | my_functions.py:247 | [DEBUG] Buscando en paralelo: ['end_turn.PNG'] | timeout=0s | confidence=0.8
2026-06-19 08:51:14 | INFO | my_functions.py:134 | Haciendo click en la posición (681, 945)
2026-06-19 08:51:14 | INFO | my_functions.py:269 | 🖱️ Click OK (En paralelo): end_turn.PNG at (681, 945) delay=1s
2026-06-19 08:51:15 | INFO | each_eight_hours.py:165 | End turn executed
2026-06-19 08:51:32 | INFO | my_functions.py:199 | 
✅ Found: collect_rewards.PNG pos=(679, 957) time=0.84s confidence=0.8
2026-06-19 08:51:32 | INFO | each_eight_hours.py:204 | Rewards detected, exiting match
2026-06-19 08:51:32 | INFO | my_functions.py:247 | [DEBUG] Buscando en paralelo: ['collect_rewards.PNG'] | timeout=20s | confidence=0.8
2026-06-19 08:51:34 | INFO | my_functions.py:134 | Haciendo click en la posición (679, 957)
2026-06-19 08:51:34 | INFO | my_functions.py:269 | 🖱️ Click OK (En paralelo): collect_rewards.PNG at (679, 957) delay=1s
2026-06-19 08:51:36 | INFO | my_functions.py:247 | [DEBUG] Buscando en paralelo: ['next.PNG'] | timeout=20s | confidence=0.8
2026-06-19 08:51:41 | INFO | my_functions.py:134 | Haciendo click en la posición (677, 973)
2026-06-19 08:51:41 | INFO | my_functions.py:269 | 🖱️ Click OK (En paralelo): next.PNG at (677, 973) delay=1s
2026-06-19 08:51:44 | INFO | my_functions.py:533 | AVAILABLE: 5
2026-06-19 08:51:44 | INFO | each_eight_hours.py:271 | Submissions after match: 5
2026-06-19 08:51:44 | INFO | my_functions.py:555 | Misiones completadas: 0
2026-06-19 08:51:44 | INFO | each_eight_hours.py:148 | Starting game loop 2
2026-06-19 08:51:44 | INFO | my_functions.py:247 | [DEBUG] Buscando en paralelo: ['play.PNG'] | timeout=20s | confidence=0.8
2026-06-19 08:51:48 | INFO | my_functions.py:134 | Haciendo click en la posición (384, 824)
2026-06-19 08:51:48 | INFO | my_functions.py:269 | 🖱️ Click OK (En paralelo): play.PNG at (384, 824) delay=3s
2026-06-19 08:52:15 | INFO | my_functions.py:199 | 
✅ Found: end_turn.PNG pos=(681, 945) time=0.65s confidence=0.8
2026-06-19 08:52:15 | INFO | my_functions.py:247 | [DEBUG] Buscando en paralelo: ['snap.PNG'] | timeout=0s | confidence=0.8
2026-06-19 08:52:16 | INFO | my_functions.py:134 | Haciendo click en la posición (386, 123)
2026-06-19 08:52:17 | INFO | my_functions.py:269 | 🖱️ Click OK (En paralelo): snap.PNG at (386, 123) delay=1s
2026-06-19 08:52:23 | INFO | my_functions.py:247 | [DEBUG] Buscando en paralelo: ['end_turn.PNG'] | timeout=0s | confidence=0.8
2026-06-19 08:52:25 | INFO | my_functions.py:134 | Haciendo click en la posición (682, 946)
2026-06-19 08:52:25 | INFO | my_functions.py:269 | 🖱️ Click OK (En paralelo): end_turn.PNG at (682, 946) delay=1s
2026-06-19 08:52:26 | INFO | each_eight_hours.py:165 | End turn executed
2026-06-19 08:52:49 | INFO | my_functions.py:199 | 
✅ Found: end_turn.PNG pos=(682, 945) time=0.67s confidence=0.8
2026-06-19 08:52:49 | INFO | my_functions.py:247 | [DEBUG] Buscando en paralelo: ['snap.PNG'] | timeout=0s | confidence=0.8
2026-06-19 08:52:50 | INFO | my_functions.py:281 | [DEBUG] Click skipped, ninguna de las imágenes se encontró en el intento.
2026-06-19 08:52:56 | INFO | my_functions.py:247 | [DEBUG] Buscando en paralelo: ['end_turn.PNG'] | timeout=0s | confidence=0.8
2026-06-19 08:52:57 | INFO | my_functions.py:281 | [DEBUG] Click skipped, ninguna de las imágenes se encontró en el intento.
2026-06-19 08:53:35 | INFO | my_functions.py:199 | 
✅ Found: end_turn.PNG pos=(681, 945) time=0.65s confidence=0.8
2026-06-19 08:53:35 | INFO | my_functions.py:247 | [DEBUG] Buscando en paralelo: ['snap.PNG'] | timeout=0s | confidence=0.8
2026-06-19 08:53:36 | INFO | my_functions.py:281 | [DEBUG] Click skipped, ninguna de las imágenes se encontró en el intento.
2026-06-19 08:53:42 | INFO | my_functions.py:247 | [DEBUG] Buscando en paralelo: ['end_turn.PNG'] | timeout=0s | confidence=0.8
2026-06-19 08:53:43 | INFO | my_functions.py:134 | Haciendo click en la posición (682, 945)
2026-06-19 08:53:44 | INFO | my_functions.py:269 | 🖱️ Click OK (En paralelo): end_turn.PNG at (682, 945) delay=1s
2026-06-19 08:53:45 | INFO | each_eight_hours.py:165 | End turn executed
2026-06-19 08:53:58 | INFO | my_functions.py:199 | 
✅ Found: end_turn.PNG pos=(681, 945) time=0.72s confidence=0.8
2026-06-19 08:53:58 | INFO | my_functions.py:247 | [DEBUG] Buscando en paralelo: ['snap.PNG'] | timeout=0s | confidence=0.8
2026-06-19 08:53:59 | INFO | my_functions.py:281 | [DEBUG] Click skipped, ninguna de las imágenes se encontró en el intento.
2026-06-19 08:54:05 | INFO | my_functions.py:247 | [DEBUG] Buscando en paralelo: ['end_turn.PNG'] | timeout=0s | confidence=0.8
2026-06-19 08:54:07 | INFO | my_functions.py:134 | Haciendo click en la posición (682, 945)
2026-06-19 08:54:07 | INFO | my_functions.py:269 | 🖱️ Click OK (En paralelo): end_turn.PNG at (682, 945) delay=1s
2026-06-19 08:54:08 | INFO | each_eight_hours.py:165 | End turn executed
2026-06-19 08:54:21 | INFO | my_functions.py:199 | 
✅ Found: end_turn.PNG pos=(681, 945) time=0.69s confidence=0.8
2026-06-19 08:54:21 | INFO | my_functions.py:247 | [DEBUG] Buscando en paralelo: ['snap.PNG'] | timeout=0s | confidence=0.8
2026-06-19 08:54:22 | INFO | my_functions.py:281 | [DEBUG] Click skipped, ninguna de las imágenes se encontró en el intento.
2026-06-19 08:54:28 | INFO | my_functions.py:247 | [DEBUG] Buscando en paralelo: ['end_turn.PNG'] | timeout=0s | confidence=0.8
2026-06-19 08:54:30 | INFO | my_functions.py:134 | Haciendo click en la posición (682, 945)
2026-06-19 08:54:30 | INFO | my_functions.py:269 | 🖱️ Click OK (En paralelo): end_turn.PNG at (682, 945) delay=1s
2026-06-19 08:54:31 | INFO | each_eight_hours.py:165 | End turn executed
2026-06-19 08:54:58 | INFO | my_functions.py:199 | 
✅ Found: end_turn.PNG pos=(681, 945) time=0.67s confidence=0.8
2026-06-19 08:54:58 | INFO | my_functions.py:247 | [DEBUG] Buscando en paralelo: ['snap.PNG'] | timeout=0s | confidence=0.8
2026-06-19 08:54:59 | INFO | my_functions.py:281 | [DEBUG] Click skipped, ninguna de las imágenes se encontró en el intento.
2026-06-19 08:55:06 | INFO | my_functions.py:247 | [DEBUG] Buscando en paralelo: ['end_turn.PNG'] | timeout=0s | confidence=0.8
2026-06-19 08:55:07 | INFO | my_functions.py:134 | Haciendo click en la posición (681, 945)
2026-06-19 08:55:07 | INFO | my_functions.py:269 | 🖱️ Click OK (En paralelo): end_turn.PNG at (681, 945) delay=1s
2026-06-19 08:55:09 | INFO | each_eight_hours.py:165 | End turn executed
2026-06-19 08:55:15 | INFO | my_functions.py:199 | 
✅ Found: collect_rewards.PNG pos=(679, 957) time=0.82s confidence=0.8
2026-06-19 08:55:15 | INFO | each_eight_hours.py:204 | Rewards detected, exiting match
2026-06-19 08:55:15 | INFO | my_functions.py:247 | [DEBUG] Buscando en paralelo: ['collect_rewards.PNG'] | timeout=20s | confidence=0.8
2026-06-19 08:55:16 | INFO | my_functions.py:134 | Haciendo click en la posición (679, 957)
2026-06-19 08:55:17 | INFO | my_functions.py:269 | 🖱️ Click OK (En paralelo): collect_rewards.PNG at (679, 957) delay=1s
2026-06-19 08:55:18 | INFO | my_functions.py:247 | [DEBUG] Buscando en paralelo: ['next.PNG'] | timeout=20s | confidence=0.8
2026-06-19 08:55:24 | INFO | my_functions.py:134 | Haciendo click en la posición (677, 973)
2026-06-19 08:55:24 | INFO | my_functions.py:269 | 🖱️ Click OK (En paralelo): next.PNG at (677, 973) delay=1s
2026-06-19 08:55:27 | INFO | my_functions.py:533 | AVAILABLE: 5
2026-06-19 08:55:27 | INFO | each_eight_hours.py:271 | Submissions after match: 5
2026-06-19 08:55:27 | INFO | my_functions.py:555 | Misiones completadas: 1
2026-06-19 08:55:27 | INFO | each_eight_hours.py:279 | Submission condition met, breaking loop
2026-06-19 08:55:27 | INFO | my_functions.py:247 | [DEBUG] Buscando en paralelo: ['missionsNotify2.png'] | timeout=20s | confidence=0.8
2026-06-19 08:55:31 | INFO | my_functions.py:134 | Haciendo click en la posición (538, 124)
2026-06-19 08:55:31 | INFO | my_functions.py:269 | 🖱️ Click OK (En paralelo): missionsNotify2.png at (538, 124) delay=3s
2026-06-19 08:55:32 | INFO | my_functions.py:1472 | [INFO] Iniciando click_missions_blue2
2026-06-19 08:55:32 | INFO | my_functions.py:134 | Haciendo click en la posición (150, 132)
2026-06-19 08:55:34 | INFO | my_functions.py:1475 | [ACTION] Click hecho en icono de calendario que me dirige a las misiones ordinarias
2026-06-19 08:55:34 | INFO | my_functions.py:169 | Searching bonus_challenge.png (timeout=0s)
2026-06-19 08:55:34 | INFO | my_functions.py:213 | 
⛔ Not found: bonus_challenge.png after 0.0s region=(0, 0, 765, 1038) confidence=0.8
2026-06-19 08:55:36 | INFO | my_functions.py:134 | Haciendo click en la posición (362, 493)
2026-06-19 08:55:37 | INFO | my_functions.py:1488 | [ACTION] Click 1/1 en misión azul
2026-06-19 08:55:38 | INFO | my_functions.py:169 | Searching flechita_mission.PNG (timeout=0s)
2026-06-19 08:55:39 | INFO | my_functions.py:213 | 
⛔ Not found: flechita_mission.PNG after 0.0s region=(0, 0, 765, 1038) confidence=0.8
2026-06-19 08:55:39 | INFO | my_functions.py:247 | [DEBUG] Buscando en paralelo: ['weekly3.PNG'] | timeout=0s | confidence=0.8
2026-06-19 08:55:39 | INFO | my_functions.py:281 | [DEBUG] Click skipped, ninguna de las imágenes se encontró en el intento.
2026-06-19 08:55:41 | INFO | my_functions.py:247 | [DEBUG] Buscando en paralelo: ['weekly3.PNG'] | timeout=0s | confidence=0.8
2026-06-19 08:55:41 | INFO | my_functions.py:281 | [DEBUG] Click skipped, ninguna de las imágenes se encontró en el intento.
2026-06-19 08:55:43 | INFO | my_functions.py:134 | Haciendo click en la posición (557, 64)
2026-06-19 08:55:44 | INFO | my_functions.py:247 | [DEBUG] Buscando en paralelo: ['cards_shop.PNG'] | timeout=20s | confidence=0.8
2026-06-19 08:55:46 | INFO | my_functions.py:134 | Haciendo click en la posición (568, 121)
2026-06-19 08:55:47 | INFO | my_functions.py:269 | 🖱️ Click OK (En paralelo): cards_shop.PNG at (568, 121) delay=1s
2026-06-19 08:55:48 | INFO | my_functions.py:247 | [DEBUG] Buscando en paralelo: ['token_icon.PNG'] | timeout=20s | confidence=0.8
2026-06-19 08:55:51 | INFO | my_functions.py:134 | Haciendo click en la posición (661, 171)
2026-06-19 08:55:51 | INFO | my_functions.py:269 | 🖱️ Click OK (En paralelo): token_icon.PNG at (661, 171) delay=1s
2026-06-19 08:55:54 | INFO | my_functions.py:247 | [DEBUG] Buscando en paralelo: ['claim!_token_3.PNG'] | timeout=4s | confidence=0.8
2026-06-19 08:55:59 | INFO | my_functions.py:281 | [DEBUG] Click skipped, ninguna de las imágenes se encontró en el intento.
2026-06-19 08:56:00 | INFO | my_functions.py:247 | [DEBUG] Buscando en paralelo: ['cards_shop.PNG'] | timeout=20s | confidence=0.8
2026-06-19 08:56:02 | INFO | my_functions.py:134 | Haciendo click en la posición (568, 122)
2026-06-19 08:56:02 | INFO | my_functions.py:269 | 🖱️ Click OK (En paralelo): cards_shop.PNG at (568, 122) delay=1s
2026-06-19 08:56:03 | INFO | my_functions.py:247 | [DEBUG] Buscando en paralelo: ['offers.PNG'] | timeout=20s | confidence=0.8
2026-06-19 08:56:05 | INFO | my_functions.py:134 | Haciendo click en la posición (197, 121)
2026-06-19 08:56:05 | INFO | my_functions.py:269 | 🖱️ Click OK (En paralelo): offers.PNG at (197, 121) delay=1s
2026-06-19 08:56:08 | INFO | my_functions.py:1356 | [INFO] Iniciando mejora de cartas
2026-06-19 08:56:08 | INFO | my_functions.py:247 | [DEBUG] Buscando en paralelo: ['upgrade_cards_icon.PNG'] | timeout=20s | confidence=0.8
2026-06-19 08:56:10 | INFO | my_functions.py:134 | Haciendo click en la posición (322, 170)
2026-06-19 08:56:11 | INFO | my_functions.py:269 | 🖱️ Click OK (En paralelo): upgrade_cards_icon.PNG at (322, 170) delay=1s
2026-06-19 08:56:12 | INFO | my_functions.py:1360 | [INFO] Abriendo icono de upgrade_cards
2026-06-19 08:56:13 | INFO | my_functions.py:1367 | [STEP] Mejorando carta 1
2026-06-19 08:56:13 | INFO | my_functions.py:1371 | [ACTION] Click en carta 1
2026-06-19 08:56:14 | INFO | my_functions.py:1376 | [ACTION] Click en botón upgrade
2026-06-19 08:56:21 | INFO | my_functions.py:169 | Searching aw_snap.png (timeout=3s)
2026-06-19 08:56:25 | INFO | my_functions.py:213 | 
⛔ Not found: aw_snap.png after 3.23s region=(0, 0, 765, 1038) confidence=0.8
2026-06-19 08:56:25 | INFO | my_functions.py:247 | [DEBUG] Buscando en paralelo: ['you_need_more_credits!.png'] | timeout=3s | confidence=0.8
2026-06-19 08:56:28 | INFO | my_functions.py:281 | [DEBUG] Click skipped, ninguna de las imágenes se encontró en el intento.
2026-06-19 08:56:34 | INFO | my_functions.py:1409 | [ACTION] Click para continuar a stage de nivel de coleccion
2026-06-19 08:56:39 | INFO | each_eight_hours.py:46 | [08:56:39.576] [DEBUG] === INICIANDO FUNCIÓN collect_cl_rewards ===
2026-06-19 08:56:39 | INFO | my_functions.py:1547 | ⏱ Esperando 0.1 segundos antes de empezar...
2026-06-19 08:56:39 | INFO | my_functions.py:1554 | 🔍 Esperando ventana que contenga alguna de: ['sandbox'] (máx 3s)
2026-06-19 08:56:42 | INFO | my_functions.py:1572 | ❌ No se encontró ninguna ventana con '['sandbox']' tras 3s
2026-06-19 08:56:42 | INFO | my_functions.py:1547 | ⏱ Esperando 0.1 segundos antes de empezar...
2026-06-19 08:56:42 | INFO | my_functions.py:1554 | 🔍 Esperando ventana que contenga alguna de: ['SNAP'] (máx 3s)
2026-06-19 08:56:42 | INFO | my_functions.py:1566 | ✅ Ventana encontrada: 'SNAP'
2026-06-19 08:56:42 | INFO | my_functions.py:1581 | ✅ Ventana seleccionada: 'SNAP'
2026-06-19 08:56:44 | INFO | my_functions.py:1613 | ✔ Verificación completa. No hubo cambios después del primer ajuste.
2026-06-19 08:56:45 | INFO | each_eight_hours.py:46 | [08:56:45.047] [DEBUG] Recompensas iniciales detectadas por la API: 0
2026-06-19 08:56:45 | INFO | each_eight_hours.py:46 | Finished collecting rewards
2026-06-19 08:56:45 | INFO | my_functions.py:142 | Presionando ESC (1/1)
2026-06-19 08:56:45 | INFO | my_functions.py:1417 | [ACTION] Saliendo de stage nivel de coleccion con ESC
2026-06-19 08:56:46 | INFO | my_functions.py:247 | [DEBUG] Buscando en paralelo: ['upgrade_cards_icon_selected.PNG'] | timeout=0s | confidence=0.8
2026-06-19 08:56:48 | INFO | my_functions.py:134 | Haciendo click en la posición (320, 173)
2026-06-19 08:56:48 | INFO | my_functions.py:269 | 🖱️ Click OK (En paralelo): upgrade_cards_icon_selected.PNG at (320, 173) delay=1s
2026-06-19 08:56:49 | INFO | my_functions.py:1429 | [INFO] Reabriendo icono de upgrade_cards
2026-06-19 08:56:50 | INFO | my_functions.py:1367 | [STEP] Mejorando carta 2
2026-06-19 08:56:51 | INFO | my_functions.py:1371 | [ACTION] Click en carta 2
2026-06-19 08:56:52 | INFO | my_functions.py:1376 | [ACTION] Click en botón upgrade
2026-06-19 08:56:59 | INFO | my_functions.py:169 | Searching aw_snap.png (timeout=3s)
2026-06-19 08:57:02 | INFO | my_functions.py:213 | 
⛔ Not found: aw_snap.png after 3.05s region=(0, 0, 765, 1038) confidence=0.8
2026-06-19 08:57:02 | INFO | my_functions.py:247 | [DEBUG] Buscando en paralelo: ['you_need_more_credits!.png'] | timeout=3s | confidence=0.8
2026-06-19 08:57:04 | INFO | my_functions.py:134 | Haciendo click en la posición (381, 345)
2026-06-19 08:57:04 | INFO | my_functions.py:269 | 🖱️ Click OK (En paralelo): you_need_more_credits!.png at (381, 345) delay=1s
2026-06-19 08:57:05 | INFO | my_functions.py:142 | Presionando ESC (1/2)
2026-06-19 08:57:06 | INFO | my_functions.py:142 | Presionando ESC (2/2)
2026-06-19 08:57:08 | INFO | my_functions.py:1435 | [INFO] Mejora de cartas completada ✅
2026-06-19 08:57:08 | INFO | my_functions.py:142 | Presionando ESC (1/1)
2026-06-19 08:57:09 | INFO | my_functions.py:247 | [DEBUG] Buscando en paralelo: ['white_x.png'] | timeout=2s | confidence=0.8
2026-06-19 08:57:12 | INFO | my_functions.py:281 | [DEBUG] Click skipped, ninguna de las imágenes se encontró en el intento.
2026-06-19 08:57:13 | INFO | my_functions.py:247 | [DEBUG] Buscando en paralelo: ['nut.png'] | timeout=20s | confidence=0.8
2026-06-19 08:57:15 | INFO | my_functions.py:134 | Haciendo click en la posición (184, 78)
2026-06-19 08:57:15 | INFO | my_functions.py:269 | 🖱️ Click OK (En paralelo): nut.png at (184, 78) delay=1s
2026-06-19 08:57:16 | INFO | my_functions.py:247 | [DEBUG] Buscando en paralelo: ['graphics_quality.png'] | timeout=3s | confidence=0.8
2026-06-19 08:57:17 | INFO | my_functions.py:134 | Haciendo click en la posición (304, 644)
2026-06-19 08:57:18 | INFO | my_functions.py:269 | 🖱️ Click OK (En paralelo): graphics_quality.png at (304, 644) delay=1s
2026-06-19 08:57:20 | INFO | my_functions.py:247 | [DEBUG] Buscando en paralelo: ['sign_out.png'] | timeout=20s | confidence=0.8
2026-06-19 08:57:22 | INFO | my_functions.py:134 | Haciendo click en la posición (380, 796)
2026-06-19 08:57:22 | INFO | my_functions.py:269 | 🖱️ Click OK (En paralelo): sign_out.png at (380, 796) delay=1s
2026-06-19 08:57:24 | INFO | my_functions.py:247 | [DEBUG] Buscando en paralelo: ['sign_out_grande.png'] | timeout=20s | confidence=0.8
2026-06-19 08:57:25 | INFO | my_functions.py:134 | Haciendo click en la posición (359, 437)
2026-06-19 08:57:26 | INFO | my_functions.py:269 | 🖱️ Click OK (En paralelo): sign_out_grande.png at (359, 437) delay=1s
2026-06-19 08:57:27 | INFO | my_functions.py:247 | [DEBUG] Buscando en paralelo: ['sign_out2.png'] | timeout=20s | confidence=0.8
2026-06-19 08:57:28 | INFO | my_functions.py:134 | Haciendo click en la posición (383, 634)
2026-06-19 08:57:29 | INFO | my_functions.py:269 | 🖱️ Click OK (En paralelo): sign_out2.png at (383, 634) delay=1s
2026-06-19 08:57:30 | INFO | my_functions.py:1547 | ⏱ Esperando 0.1 segundos antes de empezar...
2026-06-19 08:57:30 | INFO | my_functions.py:1554 | 🔍 Esperando ventana que contenga alguna de: SNAP (máx 20s)
2026-06-19 08:57:30 | INFO | my_functions.py:1566 | ✅ Ventana encontrada: 'SNAP'
2026-06-19 08:57:30 | INFO | my_functions.py:1581 | ✅ Ventana seleccionada: 'SNAP'
2026-06-19 08:57:32 | INFO | my_functions.py:1604 | 🔁 Reajuste #1...
2026-06-19 08:57:34 | INFO | my_functions.py:1611 | ✔ Verificación completa. Se hicieron 1 reajustes.
2026-06-19 08:57:38 | INFO | each_eight_hours.py:113 | Processing account: john
2026-06-19 08:57:38 | INFO | my_functions.py:1547 | ⏱ Esperando 0.1 segundos antes de empezar...
2026-06-19 08:57:38 | INFO | my_functions.py:1554 | 🔍 Esperando ventana que contenga alguna de: ['SNAP'] (máx 20s)
2026-06-19 08:57:42 | INFO | my_functions.py:1566 | ✅ Ventana encontrada: 'SNAP'
2026-06-19 08:57:42 | INFO | my_functions.py:1581 | ✅ Ventana seleccionada: 'SNAP'
2026-06-19 08:57:44 | INFO | my_functions.py:1613 | ✔ Verificación completa. No hubo cambios después del primer ajuste.
2026-06-19 08:57:44 | INFO | my_functions.py:1206 | [DEBUG] Resizing SNAP window...
2026-06-19 08:57:44 | INFO | my_functions.py:1547 | ⏱ Esperando 0.1 segundos antes de empezar...
2026-06-19 08:57:44 | INFO | my_functions.py:1554 | 🔍 Esperando ventana que contenga alguna de: ['SNAP'] (máx 20s)
2026-06-19 08:57:44 | INFO | my_functions.py:1566 | ✅ Ventana encontrada: 'SNAP'
2026-06-19 08:57:44 | INFO | my_functions.py:1581 | ✅ Ventana seleccionada: 'SNAP'
2026-06-19 08:57:47 | INFO | my_functions.py:1613 | ✔ Verificación completa. No hubo cambios después del primer ajuste.
2026-06-19 08:57:47 | INFO | my_functions.py:247 | [DEBUG] Buscando en paralelo: ['small_submit.PNG', 'small_submit_hover.png', 'submit_hover_2.png', 'small_submit_hover_2.png'] | timeout=90s | confidence=0.8
2026-06-19 08:57:55 | INFO | my_functions.py:134 | Haciendo click en la posición (380, 642)
2026-06-19 08:57:55 | INFO | my_functions.py:269 | 🖱️ Click OK (En paralelo): small_submit.PNG at (380, 642) delay=0.2s
2026-06-19 08:57:58 | INFO | my_functions.py:247 | [DEBUG] Buscando en paralelo: ['small_submit.PNG', 'small_submit_hover.png', 'submit_hover_2.png', 'small_submit_hover_2.png'] | timeout=20s | confidence=0.8
2026-06-19 08:58:00 | INFO | my_functions.py:134 | Haciendo click en la posición (380, 721)
2026-06-19 08:58:00 | INFO | my_functions.py:269 | 🖱️ Click OK (En paralelo): small_submit.PNG at (380, 721) delay=0.2s
2026-06-19 08:58:01 | INFO | my_functions.py:1547 | ⏱ Esperando 0.1 segundos antes de empezar...
2026-06-19 08:58:01 | INFO | my_functions.py:1554 | 🔍 Esperando ventana que contenga alguna de: ['SNAP'] (máx 20s)
2026-06-19 08:58:01 | INFO | my_functions.py:1566 | ✅ Ventana encontrada: 'SNAP'
2026-06-19 08:58:01 | INFO | my_functions.py:1581 | ✅ Ventana seleccionada: 'SNAP'
2026-06-19 08:58:03 | INFO | my_functions.py:1604 | 🔁 Reajuste #1...
2026-06-19 08:58:04 | INFO | my_functions.py:1611 | ✔ Verificación completa. Se hicieron 1 reajustes.
2026-06-19 08:58:04 | INFO | my_functions.py:169 | Searching please_sign.png (timeout=0s)
2026-06-19 08:58:05 | INFO | my_functions.py:199 | 
✅ Found: please_sign.png pos=(383, 438) time=0.47s confidence=0.8
2026-06-19 08:58:05 | INFO | my_functions.py:247 | [DEBUG] Buscando en paralelo: ['ok_btn.png'] | timeout=20s | confidence=0.8
2026-06-19 08:58:06 | INFO | my_functions.py:134 | Haciendo click en la posición (382, 634)
2026-06-19 08:58:07 | INFO | my_functions.py:269 | 🖱️ Click OK (En paralelo): ok_btn.png at (382, 634) delay=1s
2026-06-19 08:58:08 | INFO | my_functions.py:247 | [DEBUG] Buscando en paralelo: ['small_submit.PNG', 'small_submit_hover.png', 'submit_hover_2.png', 'small_submit_hover_2.png'] | timeout=30s | confidence=0.8
2026-06-19 08:58:11 | INFO | my_functions.py:134 | Haciendo click en la posición (383, 643)
2026-06-19 08:58:11 | INFO | my_functions.py:269 | 🖱️ Click OK (En paralelo): small_submit_hover_2.png at (383, 643) delay=0.2s
2026-06-19 08:58:12 | INFO | my_functions.py:247 | [DEBUG] Buscando en paralelo: ['small_submit.PNG', 'small_submit_hover.png', 'submit_hover_2.png', 'small_submit_hover_2.png'] | timeout=20s | confidence=0.8
2026-06-19 08:58:14 | INFO | my_functions.py:134 | Haciendo click en la posición (380, 721)
2026-06-19 08:58:14 | INFO | my_functions.py:269 | 🖱️ Click OK (En paralelo): small_submit.PNG at (380, 721) delay=0.2s
2026-06-19 08:58:15 | INFO | my_functions.py:247 | [DEBUG] Buscando en paralelo: ['sign_in_with_google2.PNG'] | timeout=20s | confidence=0.8
2026-06-19 08:58:16 | INFO | my_functions.py:134 | Haciendo click en la posición (406, 957)
2026-06-19 08:58:16 | INFO | my_functions.py:269 | 🖱️ Click OK (En paralelo): sign_in_with_google2.PNG at (406, 957) delay=1s
2026-06-19 08:58:18 | INFO | my_functions.py:169 | Searching pagina_cargada.png (timeout=60s)
2026-06-19 08:58:25 | INFO | my_functions.py:199 | 
✅ Found: pagina_cargada.png pos=(70, 24) time=7.8s confidence=0.8
2026-06-19 08:58:25 | INFO | my_functions.py:247 | [DEBUG] Buscando en paralelo: ['john.png'] | timeout=0s | confidence=0.8
2026-06-19 08:58:30 | INFO | my_functions.py:134 | Haciendo click en la posición (1143, 619)
2026-06-19 08:58:30 | INFO | my_functions.py:269 | 🖱️ Click OK (En paralelo): john.png at (1143, 619) delay=3s
2026-06-19 08:58:31 | INFO | my_functions.py:169 | Searching marvelsnap_web.png (timeout=30s)
2026-06-19 08:58:35 | INFO | my_functions.py:199 | 
✅ Found: marvelsnap_web.png pos=(258, 80) time=4.47s confidence=0.7
2026-06-19 08:58:36 | INFO | my_functions.py:169 | Searching shop_unselected.PNG (timeout=0s)
2026-06-19 08:58:37 | INFO | my_functions.py:213 | 
⛔ Not found: shop_unselected.PNG after 0.0s region=(0, 0, 765, 1038) confidence=0.8
2026-06-19 08:58:37 | INFO | my_functions.py:247 | [DEBUG] Buscando en paralelo: ['super_premium.PNG'] | timeout=0s | confidence=0.8
2026-06-19 08:58:37 | INFO | my_functions.py:281 | [DEBUG] Click skipped, ninguna de las imágenes se encontró en el intento.
2026-06-19 08:58:38 | INFO | my_functions.py:247 | [DEBUG] Buscando en paralelo: ['maybe_later.PNG'] | timeout=0s | confidence=0.8
2026-06-19 08:58:39 | INFO | my_functions.py:281 | [DEBUG] Click skipped, ninguna de las imágenes se encontró en el intento.
2026-06-19 08:58:40 | INFO | my_functions.py:247 | [DEBUG] Buscando en paralelo: ['maybe_later2.PNG'] | timeout=0s | confidence=0.8
2026-06-19 08:58:41 | INFO | my_functions.py:281 | [DEBUG] Click skipped, ninguna de las imágenes se encontró en el intento.
2026-06-19 08:58:42 | INFO | my_functions.py:169 | Searching go_to_shop.PNG (timeout=0s)
2026-06-19 08:58:42 | INFO | my_functions.py:213 | 
⛔ Not found: go_to_shop.PNG after 0.0s region=(0, 0, 765, 1038) confidence=0.8
2026-06-19 08:58:42 | INFO | my_functions.py:247 | [DEBUG] Buscando en paralelo: ['14_days_of_winterverse.PNG'] | timeout=0s | confidence=0.8
2026-06-19 08:58:43 | INFO | my_functions.py:281 | [DEBUG] Click skipped, ninguna de las imágenes se encontró en el intento.
2026-06-19 08:58:44 | INFO | my_functions.py:169 | Searching welcome_back_calendar.PNG (timeout=0s)
2026-06-19 08:58:45 | INFO | my_functions.py:213 | 
⛔ Not found: welcome_back_calendar.PNG after 0.0s region=(0, 0, 765, 1038) confidence=0.8
2026-06-19 08:58:45 | INFO | my_functions.py:247 | [DEBUG] Buscando en paralelo: ['start_the_countdown.PNG'] | timeout=0s | confidence=0.8
2026-06-19 08:58:45 | INFO | my_functions.py:281 | [DEBUG] Click skipped, ninguna de las imágenes se encontró en el intento.
2026-06-19 08:58:46 | INFO | my_functions.py:247 | [DEBUG] Buscando en paralelo: ['event_has_ended_sanctum.PNG'] | timeout=0s | confidence=0.8
2026-06-19 08:58:47 | INFO | my_functions.py:281 | [DEBUG] Click skipped, ninguna de las imágenes se encontró en el intento.
2026-06-19 08:58:48 | INFO | my_functions.py:247 | [DEBUG] Buscando en paralelo: ['event_has_ended_teamclash.PNG'] | timeout=0s | confidence=0.8
2026-06-19 08:58:49 | INFO | my_functions.py:281 | [DEBUG] Click skipped, ninguna de las imágenes se encontró en el intento.
2026-06-19 08:58:50 | INFO | my_functions.py:247 | [DEBUG] Buscando en paralelo: ['image_part_of_event_grand_arena_finished.PNG'] | timeout=0s | confidence=0.8
2026-06-19 08:58:50 | INFO | my_functions.py:281 | [DEBUG] Click skipped, ninguna de las imágenes se encontró en el intento.
2026-06-19 08:58:51 | INFO | my_functions.py:169 | Searching 28_day_event_login_rewards.PNG (timeout=0s)
2026-06-19 08:58:52 | INFO | my_functions.py:213 | 
⛔ Not found: 28_day_event_login_rewards.PNG after 0.0s region=(0, 0, 765, 1038) confidence=0.8
2026-06-19 08:58:52 | INFO | my_functions.py:169 | Searching 7_day_event_login.PNG (timeout=0s)
2026-06-19 08:58:52 | INFO | my_functions.py:213 | 
⛔ Not found: 7_day_event_login.PNG after 0.0s region=(0, 0, 765, 1038) confidence=0.8
2026-06-19 08:58:52 | INFO | my_functions.py:169 | Searching 14_days_event.PNG (timeout=0s)
2026-06-19 08:58:53 | INFO | my_functions.py:213 | 
⛔ Not found: 14_days_event.PNG after 0.0s region=(0, 0, 765, 1038) confidence=0.8
2026-06-19 08:58:53 | INFO | my_functions.py:247 | [DEBUG] Buscando en paralelo: ['lets_go.PNG'] | timeout=0s | confidence=0.8
2026-06-19 08:58:53 | INFO | my_functions.py:281 | [DEBUG] Click skipped, ninguna de las imágenes se encontró en el intento.
2026-06-19 08:58:55 | INFO | my_functions.py:169 | Searching shop_unselected.PNG (timeout=0s)
2026-06-19 08:58:56 | INFO | my_functions.py:199 | 
✅ Found: shop_unselected.PNG pos=(88, 961) time=0.74s confidence=0.8
2026-06-19 08:59:04 | INFO | my_functions.py:169 | Searching shop_unselected.PNG (timeout=0s)
2026-06-19 08:59:05 | INFO | my_functions.py:199 | 
✅ Found: shop_unselected.PNG pos=(88, 961) time=0.75s confidence=0.8
2026-06-19 08:59:05 | INFO | my_functions.py:714 | Ya esta listo
2026-06-19 08:59:09 | INFO | my_functions.py:533 | AVAILABLE: 6
2026-06-19 08:59:09 | INFO | my_functions.py:555 | Misiones completadas: 0
2026-06-19 08:59:09 | INFO | my_functions.py:169 | Searching play.PNG (timeout=0s)
2026-06-19 08:59:10 | INFO | my_functions.py:199 | 
✅ Found: play.PNG pos=(384, 824) time=0.64s confidence=0.8
2026-06-19 08:59:10 | INFO | my_functions.py:1442 | [INFO] Click realizado donde se equipa el deck a jugar
2026-06-19 08:59:14 | INFO | my_functions.py:247 | [DEBUG] Buscando en paralelo: ['deck_666666.png'] | timeout=3s | confidence=0.8
2026-06-19 08:59:16 | INFO | my_functions.py:134 | Haciendo click en la posición (384, 546)
2026-06-19 08:59:16 | INFO | my_functions.py:269 | 🖱️ Click OK (En paralelo): deck_666666.png at (384, 546) delay=1s
2026-06-19 08:59:17 | INFO | my_functions.py:247 | [DEBUG] Buscando en paralelo: ['equip.png'] | timeout=3s | confidence=0.95
2026-06-19 08:59:19 | INFO | my_functions.py:134 | Haciendo click en la posición (548, 983)
2026-06-19 08:59:19 | INFO | my_functions.py:269 | 🖱️ Click OK (En paralelo): equip.png at (548, 983) delay=1s
2026-06-19 08:59:20 | INFO | each_eight_hours.py:134 | Deck selected: 6turns
2026-06-19 08:59:20 | INFO | my_functions.py:247 | [DEBUG] Buscando en paralelo: ['maybe_later.PNG'] | timeout=2s | confidence=0.8
2026-06-19 08:59:23 | INFO | my_functions.py:281 | [DEBUG] Click skipped, ninguna de las imágenes se encontró en el intento.
2026-06-19 08:59:24 | INFO | my_functions.py:247 | [DEBUG] Buscando en paralelo: ['maybe_later2.PNG'] | timeout=0.01s | confidence=0.8
2026-06-19 08:59:24 | INFO | my_functions.py:281 | [DEBUG] Click skipped, ninguna de las imágenes se encontró en el intento.
2026-06-19 08:59:26 | INFO | each_eight_hours.py:148 | Starting game loop 1
2026-06-19 08:59:26 | INFO | my_functions.py:247 | [DEBUG] Buscando en paralelo: ['play.PNG'] | timeout=20s | confidence=0.8
2026-06-19 08:59:29 | INFO | my_functions.py:134 | Haciendo click en la posición (384, 824)
2026-06-19 08:59:29 | INFO | my_functions.py:269 | 🖱️ Click OK (En paralelo): play.PNG at (384, 824) delay=3s
2026-06-19 08:59:55 | INFO | my_functions.py:199 | 
✅ Found: end_turn.PNG pos=(681, 945) time=0.65s confidence=0.8
2026-06-19 08:59:55 | INFO | my_functions.py:247 | [DEBUG] Buscando en paralelo: ['snap.PNG'] | timeout=0s | confidence=0.8
2026-06-19 08:59:57 | INFO | my_functions.py:134 | Haciendo click en la posición (386, 123)
2026-06-19 08:59:58 | INFO | my_functions.py:269 | 🖱️ Click OK (En paralelo): snap.PNG at (386, 123) delay=1s
2026-06-19 09:00:04 | INFO | my_functions.py:247 | [DEBUG] Buscando en paralelo: ['end_turn.PNG'] | timeout=0s | confidence=0.8
2026-06-19 09:00:05 | INFO | my_functions.py:134 | Haciendo click en la posición (682, 946)
2026-06-19 09:00:06 | INFO | my_functions.py:269 | 🖱️ Click OK (En paralelo): end_turn.PNG at (682, 946) delay=1s
2026-06-19 09:00:07 | INFO | each_eight_hours.py:165 | End turn executed
2026-06-19 09:00:24 | INFO | my_functions.py:199 | 
✅ Found: end_turn.PNG pos=(681, 945) time=0.69s confidence=0.8
2026-06-19 09:00:24 | INFO | my_functions.py:247 | [DEBUG] Buscando en paralelo: ['snap.PNG'] | timeout=0s | confidence=0.8
2026-06-19 09:00:25 | INFO | my_functions.py:281 | [DEBUG] Click skipped, ninguna de las imágenes se encontró en el intento.
2026-06-19 09:00:31 | INFO | my_functions.py:247 | [DEBUG] Buscando en paralelo: ['end_turn.PNG'] | timeout=0s | confidence=0.8
2026-06-19 09:00:32 | INFO | my_functions.py:134 | Haciendo click en la posición (682, 945)
2026-06-19 09:00:33 | INFO | my_functions.py:269 | 🖱️ Click OK (En paralelo): end_turn.PNG at (682, 945) delay=1s
2026-06-19 09:00:34 | INFO | each_eight_hours.py:165 | End turn executed
2026-06-19 09:00:47 | INFO | my_functions.py:199 | 
✅ Found: end_turn.PNG pos=(681, 945) time=0.67s confidence=0.8
2026-06-19 09:00:47 | INFO | my_functions.py:247 | [DEBUG] Buscando en paralelo: ['snap.PNG'] | timeout=0s | confidence=0.8
2026-06-19 09:00:48 | INFO | my_functions.py:281 | [DEBUG] Click skipped, ninguna de las imágenes se encontró en el intento.
2026-06-19 09:00:54 | INFO | my_functions.py:247 | [DEBUG] Buscando en paralelo: ['end_turn.PNG'] | timeout=0s | confidence=0.8
2026-06-19 09:00:56 | INFO | my_functions.py:134 | Haciendo click en la posición (682, 945)
2026-06-19 09:00:56 | INFO | my_functions.py:269 | 🖱️ Click OK (En paralelo): end_turn.PNG at (682, 945) delay=1s
2026-06-19 09:00:57 | INFO | each_eight_hours.py:165 | End turn executed
2026-06-19 09:01:10 | INFO | my_functions.py:199 | 
✅ Found: end_turn.PNG pos=(681, 945) time=0.65s confidence=0.8
2026-06-19 09:01:10 | INFO | my_functions.py:247 | [DEBUG] Buscando en paralelo: ['snap.PNG'] | timeout=0s | confidence=0.8
2026-06-19 09:01:11 | INFO | my_functions.py:281 | [DEBUG] Click skipped, ninguna de las imágenes se encontró en el intento.
2026-06-19 09:01:17 | INFO | my_functions.py:247 | [DEBUG] Buscando en paralelo: ['end_turn.PNG'] | timeout=0s | confidence=0.8
2026-06-19 09:01:18 | INFO | my_functions.py:134 | Haciendo click en la posición (682, 945)
2026-06-19 09:01:19 | INFO | my_functions.py:269 | 🖱️ Click OK (En paralelo): end_turn.PNG at (682, 945) delay=1s
2026-06-19 09:01:20 | INFO | each_eight_hours.py:165 | End turn executed
2026-06-19 09:01:46 | INFO | my_functions.py:199 | 
✅ Found: end_turn.PNG pos=(681, 945) time=0.66s confidence=0.8
2026-06-19 09:01:46 | INFO | my_functions.py:247 | [DEBUG] Buscando en paralelo: ['snap.PNG'] | timeout=0s | confidence=0.8
2026-06-19 09:01:46 | INFO | my_functions.py:281 | [DEBUG] Click skipped, ninguna de las imágenes se encontró en el intento.
2026-06-19 09:01:53 | INFO | my_functions.py:247 | [DEBUG] Buscando en paralelo: ['end_turn.PNG'] | timeout=0s | confidence=0.8
2026-06-19 09:01:54 | INFO | my_functions.py:134 | Haciendo click en la posición (682, 945)
2026-06-19 09:01:54 | INFO | my_functions.py:269 | 🖱️ Click OK (En paralelo): end_turn.PNG at (682, 945) delay=1s
2026-06-19 09:01:56 | INFO | each_eight_hours.py:165 | End turn executed
2026-06-19 09:02:31 | INFO | my_functions.py:199 | 
✅ Found: end_turn.PNG pos=(681, 945) time=0.65s confidence=0.8
2026-06-19 09:02:31 | INFO | my_functions.py:247 | [DEBUG] Buscando en paralelo: ['snap.PNG'] | timeout=0s | confidence=0.8
2026-06-19 09:02:32 | INFO | my_functions.py:281 | [DEBUG] Click skipped, ninguna de las imágenes se encontró en el intento.
2026-06-19 09:02:38 | INFO | my_functions.py:247 | [DEBUG] Buscando en paralelo: ['end_turn.PNG'] | timeout=0s | confidence=0.8
2026-06-19 09:02:40 | INFO | my_functions.py:134 | Haciendo click en la posición (681, 945)
2026-06-19 09:02:40 | INFO | my_functions.py:269 | 🖱️ Click OK (En paralelo): end_turn.PNG at (681, 945) delay=1s
2026-06-19 09:02:41 | INFO | each_eight_hours.py:165 | End turn executed
2026-06-19 09:03:03 | INFO | my_functions.py:199 | 
✅ Found: collect_rewards.PNG pos=(679, 957) time=0.79s confidence=0.8
2026-06-19 09:03:03 | INFO | each_eight_hours.py:204 | Rewards detected, exiting match
2026-06-19 09:03:03 | INFO | my_functions.py:247 | [DEBUG] Buscando en paralelo: ['collect_rewards.PNG'] | timeout=20s | confidence=0.8
2026-06-19 09:03:05 | INFO | my_functions.py:134 | Haciendo click en la posición (679, 957)
2026-06-19 09:03:05 | INFO | my_functions.py:269 | 🖱️ Click OK (En paralelo): collect_rewards.PNG at (679, 957) delay=1s
2026-06-19 09:03:07 | INFO | my_functions.py:247 | [DEBUG] Buscando en paralelo: ['next.PNG'] | timeout=20s | confidence=0.8
2026-06-19 09:03:13 | INFO | my_functions.py:134 | Haciendo click en la posición (677, 973)
2026-06-19 09:03:13 | INFO | my_functions.py:269 | 🖱️ Click OK (En paralelo): next.PNG at (677, 973) delay=1s
2026-06-19 09:03:16 | INFO | my_functions.py:533 | AVAILABLE: 6
2026-06-19 09:03:16 | INFO | each_eight_hours.py:271 | Submissions after match: 6
2026-06-19 09:03:16 | INFO | my_functions.py:555 | Misiones completadas: 4
2026-06-19 09:03:16 | INFO | each_eight_hours.py:275 | Submission condition met, breaking loop
2026-06-19 09:03:16 | INFO | my_functions.py:247 | [DEBUG] Buscando en paralelo: ['missionsNotify2.png'] | timeout=20s | confidence=0.8
2026-06-19 09:03:20 | INFO | my_functions.py:134 | Haciendo click en la posición (538, 124)
2026-06-19 09:03:20 | INFO | my_functions.py:269 | 🖱️ Click OK (En paralelo): missionsNotify2.png at (538, 124) delay=3s
2026-06-19 09:03:21 | INFO | my_functions.py:1472 | [INFO] Iniciando click_missions_blue2
2026-06-19 09:03:21 | INFO | my_functions.py:134 | Haciendo click en la posición (150, 132)
2026-06-19 09:03:22 | INFO | my_functions.py:1475 | [ACTION] Click hecho en icono de calendario que me dirige a las misiones ordinarias
2026-06-19 09:03:22 | INFO | my_functions.py:169 | Searching bonus_challenge.png (timeout=0s)
2026-06-19 09:03:23 | INFO | my_functions.py:213 | 
⛔ Not found: bonus_challenge.png after 0.0s region=(0, 0, 765, 1038) confidence=0.8
2026-06-19 09:03:25 | INFO | my_functions.py:134 | Haciendo click en la posición (362, 493)
2026-06-19 09:03:26 | INFO | my_functions.py:1488 | [ACTION] Click 1/4 en misión azul
2026-06-19 09:03:26 | INFO | my_functions.py:134 | Haciendo click en la posición (362, 493)
2026-06-19 09:03:28 | INFO | my_functions.py:1488 | [ACTION] Click 2/4 en misión azul
2026-06-19 09:03:28 | INFO | my_functions.py:134 | Haciendo click en la posición (362, 493)
2026-06-19 09:03:29 | INFO | my_functions.py:1488 | [ACTION] Click 3/4 en misión azul
2026-06-19 09:03:30 | INFO | my_functions.py:134 | Haciendo click en la posición (362, 493)
2026-06-19 09:03:31 | INFO | my_functions.py:1488 | [ACTION] Click 4/4 en misión azul
2026-06-19 09:03:31 | INFO | my_functions.py:169 | Searching flechita_mission.PNG (timeout=0s)
2026-06-19 09:03:32 | INFO | my_functions.py:213 | 
⛔ Not found: flechita_mission.PNG after 0.0s region=(0, 0, 765, 1038) confidence=0.8
2026-06-19 09:03:32 | INFO | my_functions.py:247 | [DEBUG] Buscando en paralelo: ['weekly3.PNG'] | timeout=0s | confidence=0.8
2026-06-19 09:03:33 | INFO | my_functions.py:134 | Haciendo click en la posición (485, 266)
2026-06-19 09:03:33 | INFO | my_functions.py:269 | 🖱️ Click OK (En paralelo): weekly3.PNG at (485, 266) delay=0.1s
2026-06-19 09:03:34 | INFO | my_functions.py:247 | [DEBUG] Buscando en paralelo: ['claim!.PNG'] | timeout=0s | confidence=0.8
2026-06-19 09:03:35 | INFO | my_functions.py:134 | Haciendo click en la posición (381, 924)
2026-06-19 09:03:36 | INFO | my_functions.py:269 | 🖱️ Click OK (En paralelo): claim!.PNG at (381, 924) delay=0.2s
2026-06-19 09:03:37 | INFO | my_functions.py:247 | [DEBUG] Buscando en paralelo: ['claim_hover.PNG'] | timeout=0s | confidence=0.8
2026-06-19 09:03:38 | INFO | my_functions.py:134 | Haciendo click en la posición (383, 921)
2026-06-19 09:03:38 | INFO | my_functions.py:269 | 🖱️ Click OK (En paralelo): claim_hover.PNG at (383, 921) delay=0.2s
2026-06-19 09:03:39 | INFO | my_functions.py:247 | [DEBUG] Buscando en paralelo: ['claim!.PNG'] | timeout=0s | confidence=0.8
2026-06-19 09:03:40 | INFO | my_functions.py:281 | [DEBUG] Click skipped, ninguna de las imágenes se encontró en el intento.
2026-06-19 09:03:41 | INFO | my_functions.py:247 | [DEBUG] Buscando en paralelo: ['claim_hover.PNG'] | timeout=0s | confidence=0.8
2026-06-19 09:03:42 | INFO | my_functions.py:134 | Haciendo click en la posición (383, 921)
2026-06-19 09:03:42 | INFO | my_functions.py:269 | 🖱️ Click OK (En paralelo): claim_hover.PNG at (383, 921) delay=0.2s
2026-06-19 09:03:43 | INFO | my_functions.py:247 | [DEBUG] Buscando en paralelo: ['weekly3.PNG'] | timeout=0s | confidence=0.8
2026-06-19 09:03:44 | INFO | my_functions.py:281 | [DEBUG] Click skipped, ninguna de las imágenes se encontró en el intento.
2026-06-19 09:03:45 | INFO | my_functions.py:247 | [DEBUG] Buscando en paralelo: ['weekly3.PNG'] | timeout=0s | confidence=0.8
2026-06-19 09:03:46 | INFO | my_functions.py:281 | [DEBUG] Click skipped, ninguna de las imágenes se encontró en el intento.
2026-06-19 09:03:47 | INFO | my_functions.py:134 | Haciendo click en la posición (557, 64)
2026-06-19 09:03:48 | INFO | my_functions.py:247 | [DEBUG] Buscando en paralelo: ['cards_shop.PNG'] | timeout=20s | confidence=0.8
2026-06-19 09:03:51 | INFO | my_functions.py:134 | Haciendo click en la posición (568, 121)
2026-06-19 09:03:51 | INFO | my_functions.py:269 | 🖱️ Click OK (En paralelo): cards_shop.PNG at (568, 121) delay=1s
2026-06-19 09:03:52 | INFO | my_functions.py:247 | [DEBUG] Buscando en paralelo: ['token_icon.PNG'] | timeout=20s | confidence=0.8
2026-06-19 09:03:54 | INFO | my_functions.py:134 | Haciendo click en la posición (531, 171)
2026-06-19 09:03:54 | INFO | my_functions.py:269 | 🖱️ Click OK (En paralelo): token_icon.PNG at (531, 171) delay=1s
2026-06-19 09:03:57 | INFO | my_functions.py:247 | [DEBUG] Buscando en paralelo: ['claim!_token_3.PNG'] | timeout=4s | confidence=0.8
2026-06-19 09:04:02 | INFO | my_functions.py:281 | [DEBUG] Click skipped, ninguna de las imágenes se encontró en el intento.
2026-06-19 09:04:03 | INFO | my_functions.py:247 | [DEBUG] Buscando en paralelo: ['cards_shop.PNG'] | timeout=20s | confidence=0.8
2026-06-19 09:04:04 | INFO | my_functions.py:134 | Haciendo click en la posición (568, 122)
2026-06-19 09:04:05 | INFO | my_functions.py:269 | 🖱️ Click OK (En paralelo): cards_shop.PNG at (568, 122) delay=1s
2026-06-19 09:04:06 | INFO | my_functions.py:247 | [DEBUG] Buscando en paralelo: ['offers.PNG'] | timeout=20s | confidence=0.8
2026-06-19 09:04:08 | INFO | my_functions.py:134 | Haciendo click en la posición (197, 121)
2026-06-19 09:04:08 | INFO | my_functions.py:269 | 🖱️ Click OK (En paralelo): offers.PNG at (197, 121) delay=1s
2026-06-19 09:04:11 | INFO | my_functions.py:1356 | [INFO] Iniciando mejora de cartas
2026-06-19 09:04:11 | INFO | my_functions.py:247 | [DEBUG] Buscando en paralelo: ['upgrade_cards_icon.PNG'] | timeout=20s | confidence=0.8
2026-06-19 09:04:13 | INFO | my_functions.py:134 | Haciendo click en la posición (322, 170)
2026-06-19 09:04:13 | INFO | my_functions.py:269 | 🖱️ Click OK (En paralelo): upgrade_cards_icon.PNG at (322, 170) delay=1s
2026-06-19 09:04:14 | INFO | my_functions.py:1360 | [INFO] Abriendo icono de upgrade_cards
2026-06-19 09:04:15 | INFO | my_functions.py:1367 | [STEP] Mejorando carta 1
2026-06-19 09:04:15 | INFO | my_functions.py:1371 | [ACTION] Click en carta 1
2026-06-19 09:04:16 | INFO | my_functions.py:1376 | [ACTION] Click en botón upgrade
2026-06-19 09:04:24 | INFO | my_functions.py:169 | Searching aw_snap.png (timeout=3s)
2026-06-19 09:04:28 | INFO | my_functions.py:213 | 
⛔ Not found: aw_snap.png after 3.45s region=(0, 0, 765, 1038) confidence=0.8
2026-06-19 09:04:28 | INFO | my_functions.py:247 | [DEBUG] Buscando en paralelo: ['you_need_more_credits!.png'] | timeout=3s | confidence=0.8
2026-06-19 09:04:31 | INFO | my_functions.py:281 | [DEBUG] Click skipped, ninguna de las imágenes se encontró en el intento.
2026-06-19 09:04:37 | INFO | my_functions.py:1409 | [ACTION] Click para continuar a stage de nivel de coleccion
2026-06-19 09:04:42 | INFO | each_eight_hours.py:46 | [09:04:42.690] [DEBUG] === INICIANDO FUNCIÓN collect_cl_rewards ===
2026-06-19 09:04:42 | INFO | my_functions.py:1547 | ⏱ Esperando 0.1 segundos antes de empezar...
2026-06-19 09:04:42 | INFO | my_functions.py:1554 | 🔍 Esperando ventana que contenga alguna de: ['sandbox'] (máx 3s)
2026-06-19 09:04:45 | INFO | my_functions.py:1572 | ❌ No se encontró ninguna ventana con '['sandbox']' tras 3s
2026-06-19 09:04:45 | INFO | my_functions.py:1547 | ⏱ Esperando 0.1 segundos antes de empezar...
2026-06-19 09:04:45 | INFO | my_functions.py:1554 | 🔍 Esperando ventana que contenga alguna de: ['SNAP'] (máx 3s)
2026-06-19 09:04:45 | INFO | my_functions.py:1566 | ✅ Ventana encontrada: 'SNAP'
2026-06-19 09:04:45 | INFO | my_functions.py:1581 | ✅ Ventana seleccionada: 'SNAP'
2026-06-19 09:04:48 | INFO | my_functions.py:1613 | ✔ Verificación completa. No hubo cambios después del primer ajuste.
2026-06-19 09:04:48 | INFO | each_eight_hours.py:46 | [09:04:48.087] [DEBUG] Recompensas iniciales detectadas por la API: 2
2026-06-19 09:04:48 | INFO | each_eight_hours.py:46 | [09:04:48.089] [DEBUG] --------------------------------------------------
2026-06-19 09:04:48 | INFO | each_eight_hours.py:46 | [09:04:48.091] [DEBUG] Inicio de iteración. Recompensas restantes: 2
2026-06-19 09:04:48 | INFO | each_eight_hours.py:46 | [09:04:48.095] [DEBUG] Intentando hacer click en: (260, 580)
2026-06-19 09:04:49 | INFO | my_functions.py:169 | Searching claim!.PNG (timeout=3s)
2026-06-19 09:04:53 | INFO | my_functions.py:213 | 
⛔ Not found: claim!.PNG after 3.69s region=(0, 0, 765, 1038) confidence=0.8
2026-06-19 09:04:53 | INFO | each_eight_hours.py:46 | [09:04:53.750] [DEBUG] No se detectó 'Claim'. Buscando 'check.png' en región (228, 547, 65, 55)...
2026-06-19 09:04:53 | INFO | my_functions.py:169 | Searching check.png (timeout=1s)
2026-06-19 09:04:53 | INFO | my_functions.py:199 | 
✅ Found: check.png pos=(265, 583) time=0.15s confidence=0.8
2026-06-19 09:04:53 | INFO | each_eight_hours.py:46 | [09:04:53.903] [DEBUG] -> ¡ÉXITO! Crédito detectado por 'check.png'. Reclamado automáticamente por el click previo.
2026-06-19 09:04:53 | INFO | each_eight_hours.py:46 | [09:04:53.911] [DEBUG] Moviendo el mouse a la posición de scroll (350, 580)...
2026-06-19 09:04:55 | INFO | each_eight_hours.py:46 | [09:04:55.489] [DEBUG] Alternancia de coordenada X: Cambió de 260 a 470
2026-06-19 09:04:55 | INFO | each_eight_hours.py:46 | [09:04:55.492] [DEBUG] --------------------------------------------------
2026-06-19 09:04:55 | INFO | each_eight_hours.py:46 | [09:04:55.494] [DEBUG] Inicio de iteración. Recompensas restantes: 1
2026-06-19 09:04:55 | INFO | each_eight_hours.py:46 | [09:04:55.498] [DEBUG] Intentando hacer click en: (470, 580)
2026-06-19 09:04:56 | INFO | my_functions.py:169 | Searching claim!.PNG (timeout=3s)
2026-06-19 09:05:00 | INFO | my_functions.py:213 | 
⛔ Not found: claim!.PNG after 3.04s region=(0, 0, 765, 1038) confidence=0.8
2026-06-19 09:05:00 | INFO | each_eight_hours.py:46 | [09:05:00.496] [DEBUG] No se detectó 'Claim'. Buscando 'check.png' en región (449, 547, 65, 55)...
2026-06-19 09:05:00 | INFO | my_functions.py:169 | Searching check.png (timeout=1s)
2026-06-19 09:05:00 | INFO | my_functions.py:199 | 
✅ Found: check.png pos=(501, 585) time=0.13s confidence=0.8
2026-06-19 09:05:00 | INFO | each_eight_hours.py:46 | [09:05:00.632] [DEBUG] -> ¡ÉXITO! Crédito detectado por 'check.png'. Reclamado automáticamente por el click previo.
2026-06-19 09:05:00 | INFO | each_eight_hours.py:46 | [09:05:00.634] [DEBUG] Moviendo el mouse a la posición de scroll (350, 580)...
2026-06-19 09:05:02 | INFO | each_eight_hours.py:46 | [09:05:02.210] [DEBUG] Alternancia de coordenada X: Cambió de 470 a 260
2026-06-19 09:05:02 | INFO | each_eight_hours.py:46 | Finished collecting rewards
2026-06-19 09:05:02 | INFO | my_functions.py:142 | Presionando ESC (1/1)
2026-06-19 09:05:02 | INFO | my_functions.py:1417 | [ACTION] Saliendo de stage nivel de coleccion con ESC
2026-06-19 09:05:03 | INFO | my_functions.py:247 | [DEBUG] Buscando en paralelo: ['upgrade_cards_icon_selected.PNG'] | timeout=0s | confidence=0.8
2026-06-19 09:05:05 | INFO | my_functions.py:134 | Haciendo click en la posición (320, 173)
2026-06-19 09:05:05 | INFO | my_functions.py:269 | 🖱️ Click OK (En paralelo): upgrade_cards_icon_selected.PNG at (320, 173) delay=1s
2026-06-19 09:05:06 | INFO | my_functions.py:1429 | [INFO] Reabriendo icono de upgrade_cards
2026-06-19 09:05:07 | INFO | my_functions.py:1367 | [STEP] Mejorando carta 2
2026-06-19 09:05:08 | INFO | my_functions.py:1371 | [ACTION] Click en carta 2
2026-06-19 09:05:09 | INFO | my_functions.py:1376 | [ACTION] Click en botón upgrade
2026-06-19 09:05:16 | INFO | my_functions.py:169 | Searching aw_snap.png (timeout=3s)
2026-06-19 09:05:20 | INFO | my_functions.py:213 | 
⛔ Not found: aw_snap.png after 3.43s region=(0, 0, 765, 1038) confidence=0.8
2026-06-19 09:05:20 | INFO | my_functions.py:247 | [DEBUG] Buscando en paralelo: ['you_need_more_credits!.png'] | timeout=3s | confidence=0.8
2026-06-19 09:05:23 | INFO | my_functions.py:281 | [DEBUG] Click skipped, ninguna de las imágenes se encontró en el intento.
2026-06-19 09:05:29 | INFO | my_functions.py:1409 | [ACTION] Click para continuar a stage de nivel de coleccion
2026-06-19 09:05:34 | INFO | each_eight_hours.py:46 | [09:05:34.868] [DEBUG] === INICIANDO FUNCIÓN collect_cl_rewards ===
2026-06-19 09:05:34 | INFO | my_functions.py:1547 | ⏱ Esperando 0.1 segundos antes de empezar...
2026-06-19 09:05:34 | INFO | my_functions.py:1554 | 🔍 Esperando ventana que contenga alguna de: ['sandbox'] (máx 3s)
2026-06-19 09:05:38 | INFO | my_functions.py:1572 | ❌ No se encontró ninguna ventana con '['sandbox']' tras 3s
2026-06-19 09:05:38 | INFO | my_functions.py:1547 | ⏱ Esperando 0.1 segundos antes de empezar...
2026-06-19 09:05:38 | INFO | my_functions.py:1554 | 🔍 Esperando ventana que contenga alguna de: ['SNAP'] (máx 3s)
2026-06-19 09:05:38 | INFO | my_functions.py:1566 | ✅ Ventana encontrada: 'SNAP'
2026-06-19 09:05:38 | INFO | my_functions.py:1581 | ✅ Ventana seleccionada: 'SNAP'
2026-06-19 09:05:40 | INFO | my_functions.py:1613 | ✔ Verificación completa. No hubo cambios después del primer ajuste.
2026-06-19 09:05:40 | INFO | each_eight_hours.py:46 | [09:05:40.262] [DEBUG] Recompensas iniciales detectadas por la API: 2
2026-06-19 09:05:40 | INFO | each_eight_hours.py:46 | [09:05:40.265] [DEBUG] --------------------------------------------------
2026-06-19 09:05:40 | INFO | each_eight_hours.py:46 | [09:05:40.276] [DEBUG] Inicio de iteración. Recompensas restantes: 2
2026-06-19 09:05:40 | INFO | each_eight_hours.py:46 | [09:05:40.278] [DEBUG] Intentando hacer click en: (260, 580)
2026-06-19 09:05:41 | INFO | my_functions.py:169 | Searching claim!.PNG (timeout=3s)
2026-06-19 09:05:42 | INFO | my_functions.py:199 | 
✅ Found: claim!.PNG pos=(381, 924) time=0.8s confidence=0.8
2026-06-19 09:05:42 | INFO | each_eight_hours.py:46 | [09:05:42.328] [DEBUG] -> ¡ÉXITO! Botón 'Claim' detectado.
2026-06-19 09:05:42 | INFO | my_functions.py:169 | Searching set.png (timeout=0s)
2026-06-19 09:05:43 | INFO | my_functions.py:213 | 
⛔ Not found: set.png after 0.0s region=(0, 0, 765, 1038) confidence=0.8
2026-06-19 09:05:43 | INFO | my_functions.py:247 | [DEBUG] Buscando en paralelo: ['claim!.PNG'] | timeout=0s | confidence=0.8
2026-06-19 09:05:44 | INFO | my_functions.py:134 | Haciendo click en la posición (381, 924)
2026-06-19 09:05:45 | INFO | my_functions.py:269 | 🖱️ Click OK (En paralelo): claim!.PNG at (381, 924) delay=1s
2026-06-19 09:05:46 | INFO | each_eight_hours.py:46 | [09:05:46.257] [DEBUG] Moviendo el mouse a la posición de scroll (350, 580)...
2026-06-19 09:05:47 | INFO | each_eight_hours.py:46 | [09:05:47.830] [DEBUG] Alternancia de coordenada X: Cambió de 260 a 470
2026-06-19 09:05:47 | INFO | each_eight_hours.py:46 | [09:05:47.833] [DEBUG] --------------------------------------------------
2026-06-19 09:05:47 | INFO | each_eight_hours.py:46 | [09:05:47.842] [DEBUG] Inicio de iteración. Recompensas restantes: 1
2026-06-19 09:05:47 | INFO | each_eight_hours.py:46 | [09:05:47.848] [DEBUG] Intentando hacer click en: (470, 580)
2026-06-19 09:05:49 | INFO | my_functions.py:169 | Searching claim!.PNG (timeout=3s)
2026-06-19 09:05:49 | INFO | my_functions.py:199 | 
✅ Found: claim!.PNG pos=(275, 924) time=0.78s confidence=0.8
2026-06-19 09:05:49 | INFO | each_eight_hours.py:46 | [09:05:49.835] [DEBUG] -> ¡ÉXITO! Botón 'Claim' detectado.
2026-06-19 09:05:49 | INFO | my_functions.py:169 | Searching set.png (timeout=0s)
2026-06-19 09:05:50 | INFO | my_functions.py:213 | 
⛔ Not found: set.png after 0.0s region=(0, 0, 765, 1038) confidence=0.8
2026-06-19 09:05:50 | INFO | my_functions.py:247 | [DEBUG] Buscando en paralelo: ['claim!.PNG'] | timeout=0s | confidence=0.8
2026-06-19 09:05:52 | INFO | my_functions.py:134 | Haciendo click en la posición (275, 924)
2026-06-19 09:05:52 | INFO | my_functions.py:269 | 🖱️ Click OK (En paralelo): claim!.PNG at (275, 924) delay=1s
2026-06-19 09:05:53 | INFO | each_eight_hours.py:46 | [09:05:53.885] [DEBUG] Moviendo el mouse a la posición de scroll (350, 580)...
2026-06-19 09:05:55 | INFO | each_eight_hours.py:46 | [09:05:55.457] [DEBUG] Alternancia de coordenada X: Cambió de 470 a 260
2026-06-19 09:05:55 | INFO | each_eight_hours.py:46 | Finished collecting rewards
2026-06-19 09:05:55 | INFO | my_functions.py:142 | Presionando ESC (1/1)
2026-06-19 09:05:56 | INFO | my_functions.py:1417 | [ACTION] Saliendo de stage nivel de coleccion con ESC
2026-06-19 09:05:57 | INFO | my_functions.py:247 | [DEBUG] Buscando en paralelo: ['upgrade_cards_icon_selected.PNG'] | timeout=0s | confidence=0.8
2026-06-19 09:05:58 | INFO | my_functions.py:134 | Haciendo click en la posición (320, 173)
2026-06-19 09:05:59 | INFO | my_functions.py:269 | 🖱️ Click OK (En paralelo): upgrade_cards_icon_selected.PNG at (320, 173) delay=1s
2026-06-19 09:06:00 | INFO | my_functions.py:1429 | [INFO] Reabriendo icono de upgrade_cards
2026-06-19 09:06:01 | INFO | my_functions.py:1367 | [STEP] Mejorando carta 3
2026-06-19 09:06:01 | INFO | my_functions.py:1371 | [ACTION] Click en carta 3
2026-06-19 09:06:02 | INFO | my_functions.py:1376 | [ACTION] Click en botón upgrade
2026-06-19 09:06:09 | INFO | my_functions.py:169 | Searching aw_snap.png (timeout=3s)
2026-06-19 09:06:13 | INFO | my_functions.py:213 | 
⛔ Not found: aw_snap.png after 3.04s region=(0, 0, 765, 1038) confidence=0.8
2026-06-19 09:06:13 | INFO | my_functions.py:247 | [DEBUG] Buscando en paralelo: ['you_need_more_credits!.png'] | timeout=3s | confidence=0.8
2026-06-19 09:06:16 | INFO | my_functions.py:281 | [DEBUG] Click skipped, ninguna de las imágenes se encontró en el intento.
2026-06-19 09:06:22 | INFO | my_functions.py:1409 | [ACTION] Click para continuar a stage de nivel de coleccion
2026-06-19 09:06:27 | INFO | each_eight_hours.py:46 | [09:06:27.694] [DEBUG] === INICIANDO FUNCIÓN collect_cl_rewards ===
2026-06-19 09:06:27 | INFO | my_functions.py:1547 | ⏱ Esperando 0.1 segundos antes de empezar...
2026-06-19 09:06:27 | INFO | my_functions.py:1554 | 🔍 Esperando ventana que contenga alguna de: ['sandbox'] (máx 3s)
2026-06-19 09:06:30 | INFO | my_functions.py:1572 | ❌ No se encontró ninguna ventana con '['sandbox']' tras 3s
2026-06-19 09:06:30 | INFO | my_functions.py:1547 | ⏱ Esperando 0.1 segundos antes de empezar...
2026-06-19 09:06:30 | INFO | my_functions.py:1554 | 🔍 Esperando ventana que contenga alguna de: ['SNAP'] (máx 3s)
2026-06-19 09:06:30 | INFO | my_functions.py:1566 | ✅ Ventana encontrada: 'SNAP'
2026-06-19 09:06:30 | INFO | my_functions.py:1581 | ✅ Ventana seleccionada: 'SNAP'
2026-06-19 09:06:33 | INFO | my_functions.py:1613 | ✔ Verificación completa. No hubo cambios después del primer ajuste.
2026-06-19 09:06:33 | INFO | each_eight_hours.py:46 | [09:06:33.081] [DEBUG] Recompensas iniciales detectadas por la API: 2
2026-06-19 09:06:33 | INFO | each_eight_hours.py:46 | [09:06:33.083] [DEBUG] --------------------------------------------------
2026-06-19 09:06:33 | INFO | each_eight_hours.py:46 | [09:06:33.095] [DEBUG] Inicio de iteración. Recompensas restantes: 2
2026-06-19 09:06:33 | INFO | each_eight_hours.py:46 | [09:06:33.099] [DEBUG] Intentando hacer click en: (260, 580)
2026-06-19 09:06:34 | INFO | my_functions.py:169 | Searching claim!.PNG (timeout=3s)
2026-06-19 09:06:38 | INFO | my_functions.py:213 | 
⛔ Not found: claim!.PNG after 3.05s region=(0, 0, 765, 1038) confidence=0.8
2026-06-19 09:06:38 | INFO | each_eight_hours.py:46 | [09:06:38.147] [DEBUG] No se detectó 'Claim'. Buscando 'check.png' en región (228, 547, 65, 55)...
2026-06-19 09:06:38 | INFO | my_functions.py:169 | Searching check.png (timeout=1s)
2026-06-19 09:06:38 | INFO | my_functions.py:199 | 
✅ Found: check.png pos=(265, 576) time=0.13s confidence=0.8
2026-06-19 09:06:38 | INFO | each_eight_hours.py:46 | [09:06:38.288] [DEBUG] -> ¡ÉXITO! Crédito detectado por 'check.png'. Reclamado automáticamente por el click previo.
2026-06-19 09:06:38 | INFO | each_eight_hours.py:46 | [09:06:38.296] [DEBUG] Moviendo el mouse a la posición de scroll (350, 580)...
2026-06-19 09:06:39 | INFO | each_eight_hours.py:46 | [09:06:39.869] [DEBUG] Alternancia de coordenada X: Cambió de 260 a 470
2026-06-19 09:06:39 | INFO | each_eight_hours.py:46 | [09:06:39.874] [DEBUG] --------------------------------------------------
2026-06-19 09:06:39 | INFO | each_eight_hours.py:46 | [09:06:39.877] [DEBUG] Inicio de iteración. Recompensas restantes: 1
2026-06-19 09:06:39 | INFO | each_eight_hours.py:46 | [09:06:39.881] [DEBUG] Intentando hacer click en: (470, 580)
2026-06-19 09:06:41 | INFO | my_functions.py:169 | Searching claim!.PNG (timeout=3s)
2026-06-19 09:06:45 | INFO | my_functions.py:213 | 
⛔ Not found: claim!.PNG after 3.67s region=(0, 0, 765, 1038) confidence=0.8
2026-06-19 09:06:45 | INFO | each_eight_hours.py:46 | [09:06:45.486] [DEBUG] No se detectó 'Claim'. Buscando 'check.png' en región (449, 547, 65, 55)...
2026-06-19 09:06:45 | INFO | my_functions.py:169 | Searching check.png (timeout=1s)
2026-06-19 09:06:46 | INFO | my_functions.py:213 | 
⛔ Not found: check.png after 1.11s region=(449, 547, 65, 55) confidence=0.8
2026-06-19 09:06:46 | INFO | each_eight_hours.py:46 | [09:06:46.702] [DEBUG] -> [ALERTA] No se detectó ninguna recompensa válida tras el click.
2026-06-19 09:06:46 | INFO | each_eight_hours.py:46 | [09:06:46.708] [DEBUG] Moviendo el mouse a la posición de scroll (350, 580)...
2026-06-19 09:06:48 | INFO | each_eight_hours.py:46 | [09:06:48.283] [DEBUG] Alternancia de coordenada X: Cambió de 470 a 260
2026-06-19 09:06:48 | INFO | each_eight_hours.py:46 | Finished collecting rewards
2026-06-19 09:06:48 | INFO | my_functions.py:142 | Presionando ESC (1/1)
2026-06-19 09:06:48 | INFO | my_functions.py:1417 | [ACTION] Saliendo de stage nivel de coleccion con ESC
2026-06-19 09:06:49 | INFO | my_functions.py:1435 | [INFO] Mejora de cartas completada ✅
2026-06-19 09:06:49 | INFO | my_functions.py:142 | Presionando ESC (1/1)
2026-06-19 09:06:50 | INFO | my_functions.py:247 | [DEBUG] Buscando en paralelo: ['white_x.png'] | timeout=2s | confidence=0.8
2026-06-19 09:06:53 | INFO | my_functions.py:281 | [DEBUG] Click skipped, ninguna de las imágenes se encontró en el intento.
2026-06-19 09:06:54 | INFO | my_functions.py:247 | [DEBUG] Buscando en paralelo: ['nut.png'] | timeout=20s | confidence=0.8
2026-06-19 09:07:14 | INFO | my_functions.py:281 | [DEBUG] Click skipped, ninguna de las imágenes se encontró en el intento.
2026-06-19 09:07:15 | INFO | my_functions.py:247 | [DEBUG] Buscando en paralelo: ['graphics_quality.png'] | timeout=3s | confidence=0.8
2026-06-19 09:07:19 | INFO | my_functions.py:281 | [DEBUG] Click skipped, ninguna de las imágenes se encontró en el intento.
2026-06-19 09:07:21 | INFO | my_functions.py:247 | [DEBUG] Buscando en paralelo: ['sign_out.png'] | timeout=20s | confidence=0.8
2026-06-19 09:07:41 | INFO | my_functions.py:281 | [DEBUG] Click skipped, ninguna de las imágenes se encontró en el intento.
2026-06-19 09:07:43 | INFO | my_functions.py:247 | [DEBUG] Buscando en paralelo: ['sign_out_grande.png'] | timeout=20s | confidence=0.8
2026-06-19 09:08:04 | INFO | my_functions.py:281 | [DEBUG] Click skipped, ninguna de las imágenes se encontró en el intento.
2026-06-19 09:08:05 | INFO | my_functions.py:247 | [DEBUG] Buscando en paralelo: ['sign_out2.png'] | timeout=20s | confidence=0.8
2026-06-19 09:08:26 | INFO | my_functions.py:281 | [DEBUG] Click skipped, ninguna de las imágenes se encontró en el intento.
2026-06-19 09:08:27 | INFO | my_functions.py:1547 | ⏱ Esperando 0.1 segundos antes de empezar...
2026-06-19 09:08:27 | INFO | my_functions.py:1554 | 🔍 Esperando ventana que contenga alguna de: SNAP (máx 20s)
2026-06-19 09:08:27 | INFO | my_functions.py:1566 | ✅ Ventana encontrada: 'SNAP'
2026-06-19 09:08:27 | INFO | my_functions.py:1581 | ✅ Ventana seleccionada: 'SNAP'
2026-06-19 09:08:31 | INFO | my_functions.py:1613 | ✔ Verificación completa. No hubo cambios después del primer ajuste.
2026-06-19 09:08:35 | INFO | each_eight_hours.py:113 | Processing account: robert
2026-06-19 09:08:35 | INFO | my_functions.py:1547 | ⏱ Esperando 0.1 segundos antes de empezar...
2026-06-19 09:08:35 | INFO | my_functions.py:1554 | 🔍 Esperando ventana que contenga alguna de: ['SNAP'] (máx 20s)
2026-06-19 09:08:38 | INFO | my_functions.py:1566 | ✅ Ventana encontrada: 'SNAP'
2026-06-19 09:08:38 | INFO | my_functions.py:1581 | ✅ Ventana seleccionada: 'SNAP'
2026-06-19 09:08:40 | INFO | my_functions.py:1613 | ✔ Verificación completa. No hubo cambios después del primer ajuste.
2026-06-19 09:08:40 | INFO | my_functions.py:1206 | [DEBUG] Resizing SNAP window...
2026-06-19 09:08:40 | INFO | my_functions.py:1547 | ⏱ Esperando 0.1 segundos antes de empezar...
2026-06-19 09:08:40 | INFO | my_functions.py:1554 | 🔍 Esperando ventana que contenga alguna de: ['SNAP'] (máx 20s)
2026-06-19 09:08:40 | INFO | my_functions.py:1566 | ✅ Ventana encontrada: 'SNAP'
2026-06-19 09:08:40 | INFO | my_functions.py:1581 | ✅ Ventana seleccionada: 'SNAP'
2026-06-19 09:08:43 | INFO | my_functions.py:1613 | ✔ Verificación completa. No hubo cambios después del primer ajuste.
2026-06-19 09:08:43 | INFO | my_functions.py:247 | [DEBUG] Buscando en paralelo: ['small_submit.PNG', 'small_submit_hover.png', 'submit_hover_2.png', 'small_submit_hover_2.png'] | timeout=90s | confidence=0.8
2026-06-19 09:10:14 | INFO | my_functions.py:281 | [DEBUG] Click skipped, ninguna de las imágenes se encontró en el intento.
2026-06-19 09:10:16 | INFO | my_functions.py:169 | Searching shop_unselected.PNG (timeout=0s)
2026-06-19 09:10:16 | INFO | my_functions.py:199 | 
✅ Found: shop_unselected.PNG pos=(88, 961) time=0.74s confidence=0.8
2026-06-19 09:10:24 | INFO | my_functions.py:169 | Searching shop_unselected.PNG (timeout=0s)
2026-06-19 09:10:25 | INFO | my_functions.py:199 | 
✅ Found: shop_unselected.PNG pos=(88, 961) time=0.74s confidence=0.8
2026-06-19 09:10:25 | INFO | my_functions.py:714 | Ya esta listo
2026-06-19 09:10:25 | INFO | my_functions.py:247 | [DEBUG] Buscando en paralelo: ['nut.png'] | timeout=20s | confidence=0.8
2026-06-19 09:10:27 | INFO | my_functions.py:134 | Haciendo click en la posición (184, 78)
2026-06-19 09:10:27 | INFO | my_functions.py:269 | 🖱️ Click OK (En paralelo): nut.png at (184, 78) delay=1s
2026-06-19 09:10:28 | INFO | my_functions.py:247 | [DEBUG] Buscando en paralelo: ['graphics_quality.png'] | timeout=3s | confidence=0.8
2026-06-19 09:10:30 | INFO | my_functions.py:134 | Haciendo click en la posición (304, 644)
2026-06-19 09:10:30 | INFO | my_functions.py:269 | 🖱️ Click OK (En paralelo): graphics_quality.png at (304, 644) delay=1s
2026-06-19 09:10:32 | INFO | my_functions.py:247 | [DEBUG] Buscando en paralelo: ['sign_out.png'] | timeout=20s | confidence=0.8
2026-06-19 09:10:34 | INFO | my_functions.py:134 | Haciendo click en la posición (380, 796)
2026-06-19 09:10:34 | INFO | my_functions.py:269 | 🖱️ Click OK (En paralelo): sign_out.png at (380, 796) delay=1s
2026-06-19 09:10:36 | INFO | my_functions.py:247 | [DEBUG] Buscando en paralelo: ['sign_out_grande.png'] | timeout=20s | confidence=0.8
2026-06-19 09:10:38 | INFO | my_functions.py:134 | Haciendo click en la posición (359, 437)
2026-06-19 09:10:38 | INFO | my_functions.py:269 | 🖱️ Click OK (En paralelo): sign_out_grande.png at (359, 437) delay=1s
2026-06-19 09:10:39 | INFO | my_functions.py:247 | [DEBUG] Buscando en paralelo: ['sign_out2.png'] | timeout=20s | confidence=0.8
2026-06-19 09:10:40 | INFO | my_functions.py:134 | Haciendo click en la posición (383, 634)
2026-06-19 09:10:41 | INFO | my_functions.py:269 | 🖱️ Click OK (En paralelo): sign_out2.png at (383, 634) delay=1s
2026-06-19 09:10:42 | INFO | my_functions.py:1547 | ⏱ Esperando 0.1 segundos antes de empezar...
2026-06-19 09:10:42 | INFO | my_functions.py:1554 | 🔍 Esperando ventana que contenga alguna de: SNAP (máx 20s)
2026-06-19 09:10:42 | INFO | my_functions.py:1566 | ✅ Ventana encontrada: 'SNAP'
2026-06-19 09:10:42 | INFO | my_functions.py:1581 | ✅ Ventana seleccionada: 'SNAP'
2026-06-19 09:10:44 | INFO | my_functions.py:1604 | 🔁 Reajuste #1...
2026-06-19 09:10:46 | INFO | my_functions.py:1611 | ✔ Verificación completa. Se hicieron 1 reajustes.
2026-06-19 09:10:50 | INFO | my_functions.py:1206 | [DEBUG] Resizing SNAP window...
2026-06-19 09:10:50 | INFO | my_functions.py:1547 | ⏱ Esperando 0.1 segundos antes de empezar...
2026-06-19 09:10:50 | INFO | my_functions.py:1554 | 🔍 Esperando ventana que contenga alguna de: ['SNAP'] (máx 20s)
2026-06-19 09:10:52 | INFO | my_functions.py:1566 | ✅ Ventana encontrada: 'SNAP'
2026-06-19 09:10:52 | INFO | my_functions.py:1581 | ✅ Ventana seleccionada: 'SNAP'
2026-06-19 09:10:55 | INFO | my_functions.py:1613 | ✔ Verificación completa. No hubo cambios después del primer ajuste.
2026-06-19 09:10:55 | INFO | my_functions.py:247 | [DEBUG] Buscando en paralelo: ['small_submit.PNG', 'small_submit_hover.png', 'submit_hover_2.png', 'small_submit_hover_2.png'] | timeout=90s | confidence=0.8
2026-06-19 09:11:03 | INFO | my_functions.py:134 | Haciendo click en la posición (380, 642)
2026-06-19 09:11:03 | INFO | my_functions.py:269 | 🖱️ Click OK (En paralelo): small_submit.PNG at (380, 642) delay=0.2s
2026-06-19 09:11:06 | INFO | my_functions.py:247 | [DEBUG] Buscando en paralelo: ['small_submit.PNG', 'small_submit_hover.png', 'submit_hover_2.png', 'small_submit_hover_2.png'] | timeout=20s | confidence=0.8
2026-06-19 09:11:08 | INFO | my_functions.py:134 | Haciendo click en la posición (380, 721)
2026-06-19 09:11:08 | INFO | my_functions.py:269 | 🖱️ Click OK (En paralelo): small_submit.PNG at (380, 721) delay=0.2s
2026-06-19 09:11:09 | INFO | my_functions.py:1547 | ⏱ Esperando 0.1 segundos antes de empezar...
2026-06-19 09:11:09 | INFO | my_functions.py:1554 | 🔍 Esperando ventana que contenga alguna de: ['SNAP'] (máx 20s)
2026-06-19 09:11:09 | INFO | my_functions.py:1566 | ✅ Ventana encontrada: 'SNAP'
2026-06-19 09:11:09 | INFO | my_functions.py:1581 | ✅ Ventana seleccionada: 'SNAP'
2026-06-19 09:11:11 | INFO | my_functions.py:1604 | 🔁 Reajuste #1...
2026-06-19 09:11:12 | INFO | my_functions.py:1611 | ✔ Verificación completa. Se hicieron 1 reajustes.
2026-06-19 09:11:12 | INFO | my_functions.py:169 | Searching please_sign.png (timeout=0s)
2026-06-19 09:11:13 | INFO | my_functions.py:199 | 
✅ Found: please_sign.png pos=(383, 438) time=0.46s confidence=0.8
2026-06-19 09:11:13 | INFO | my_functions.py:247 | [DEBUG] Buscando en paralelo: ['ok_btn.png'] | timeout=20s | confidence=0.8
2026-06-19 09:11:15 | INFO | my_functions.py:134 | Haciendo click en la posición (382, 634)
2026-06-19 09:11:15 | INFO | my_functions.py:269 | 🖱️ Click OK (En paralelo): ok_btn.png at (382, 634) delay=1s
2026-06-19 09:11:16 | INFO | my_functions.py:247 | [DEBUG] Buscando en paralelo: ['small_submit.PNG', 'small_submit_hover.png', 'submit_hover_2.png', 'small_submit_hover_2.png'] | timeout=30s | confidence=0.8
2026-06-19 09:11:19 | INFO | my_functions.py:134 | Haciendo click en la posición (383, 643)
2026-06-19 09:11:19 | INFO | my_functions.py:269 | 🖱️ Click OK (En paralelo): small_submit_hover_2.png at (383, 643) delay=0.2s
2026-06-19 09:11:20 | INFO | my_functions.py:247 | [DEBUG] Buscando en paralelo: ['small_submit.PNG', 'small_submit_hover.png', 'submit_hover_2.png', 'small_submit_hover_2.png'] | timeout=20s | confidence=0.8
2026-06-19 09:11:22 | INFO | my_functions.py:134 | Haciendo click en la posición (380, 721)
2026-06-19 09:11:22 | INFO | my_functions.py:269 | 🖱️ Click OK (En paralelo): small_submit.PNG at (380, 721) delay=0.2s
2026-06-19 09:11:23 | INFO | my_functions.py:247 | [DEBUG] Buscando en paralelo: ['sign_in_with_google2.PNG'] | timeout=20s | confidence=0.8
2026-06-19 09:11:24 | INFO | my_functions.py:134 | Haciendo click en la posición (406, 957)
2026-06-19 09:11:25 | INFO | my_functions.py:269 | 🖱️ Click OK (En paralelo): sign_in_with_google2.PNG at (406, 957) delay=1s
2026-06-19 09:11:26 | INFO | my_functions.py:169 | Searching pagina_cargada.png (timeout=60s)
2026-06-19 09:11:31 | INFO | my_functions.py:199 | 
✅ Found: pagina_cargada.png pos=(70, 24) time=5.02s confidence=0.8
2026-06-19 09:11:31 | INFO | my_functions.py:247 | [DEBUG] Buscando en paralelo: ['robert.png'] | timeout=0s | confidence=0.8
2026-06-19 09:11:35 | INFO | my_functions.py:134 | Haciendo click en la posición (1152, 794)
2026-06-19 09:11:35 | INFO | my_functions.py:269 | 🖱️ Click OK (En paralelo): robert.png at (1152, 794) delay=3s
2026-06-19 09:11:36 | INFO | my_functions.py:169 | Searching marvelsnap_web.png (timeout=30s)
2026-06-19 09:11:40 | INFO | my_functions.py:199 | 
✅ Found: marvelsnap_web.png pos=(258, 80) time=4.15s confidence=0.7
2026-06-19 09:11:40 | INFO | my_functions.py:247 | [DEBUG] Buscando en paralelo: ['small_submit.PNG', 'small_submit_hover.png', 'submit_hover_2.png', 'small_submit_hover_2.png'] | timeout=90s | confidence=0.8
2026-06-19 09:13:13 | INFO | my_functions.py:281 | [DEBUG] Click skipped, ninguna de las imágenes se encontró en el intento.
2026-06-19 09:13:16 | INFO | my_functions.py:247 | [DEBUG] Buscando en paralelo: ['small_submit.PNG', 'small_submit_hover.png', 'submit_hover_2.png', 'small_submit_hover_2.png'] | timeout=20s | confidence=0.8
