2026-07-18 12:08:05 | INFO | each_eight_hours.py:36 | LOG FILE PATH: \\vmware-host\Shared Folders\SHARED FILES VM\MS\logs\each_eight_hours_2026-07-18_12-08-05.log
2026-07-18 12:08:05 | INFO | each_eight_hours.py:37 | Logger initialized
2026-07-18 12:08:05 | INFO | each_eight_hours.py:64 | Script initialized
2026-07-18 12:08:28 | INFO | my_functions.py:56 | ⏳ Esperando WebSocket de OBS...
2026-07-18 12:08:33 | INFO | baseclient.py:33 | Connecting with parameters: host='localhost' port=4455 password='' subs=0 timeout=None
2026-07-18 12:08:33 | INFO | reqs.py:23 | Successfully identified ReqClient with the server using RPC version:1
2026-07-18 12:08:33 | INFO | my_functions.py:62 | ✅ Conectado al OBS WebSocket
2026-07-18 12:08:33 | ERROR | reqs.py:59 | OBSSDKRequestError: Request GetRecordStatus returned code 207. With message: OBS is not ready to perform the request.
Traceback (most recent call last):
  File "C:\Users\Farm\AppData\Local\Programs\Python\Python311\Lib\site-packages\obsws_python\reqs.py", line 53, in send
    raise OBSSDKRequestError(
obsws_python.error.OBSSDKRequestError: Request GetRecordStatus returned code 207. With message: OBS is not ready to perform the request.
2026-07-18 12:08:34 | INFO | my_functions.py:87 | 🎬 Grabación iniciada
2026-07-18 12:08:35 | INFO | each_eight_hours.py:106 | snap.exe terminated if it was running
2026-07-18 12:08:35 | INFO | my_functions.py:1545 | ⏱ Esperando 0.1 segundos antes de empezar...
2026-07-18 12:08:35 | INFO | my_functions.py:1552 | 🔍 Esperando ventana que contenga alguna de: ['py', 'eight_hours'] (máx 20s)
2026-07-18 12:08:35 | INFO | my_functions.py:1564 | ✅ Ventana encontrada: 'each_eight_hours  - Acceso directo'
2026-07-18 12:08:35 | INFO | my_functions.py:1579 | ✅ Ventana seleccionada: 'each_eight_hours  - Acceso directo'
2026-07-18 12:08:37 | INFO | my_functions.py:1602 | 🔁 Reajuste #1...
2026-07-18 12:08:37 | INFO | my_functions.py:1609 | ✔ Verificación completa. Se hicieron 1 reajustes.
2026-07-18 12:08:37 | INFO | each_eight_hours.py:113 | Processing account: john
2026-07-18 12:08:37 | INFO | my_functions.py:1545 | ⏱ Esperando 0.1 segundos antes de empezar...
2026-07-18 12:08:37 | INFO | my_functions.py:1552 | 🔍 Esperando ventana que contenga alguna de: ['SNAP'] (máx 20s)
2026-07-18 12:08:41 | INFO | my_functions.py:1564 | ✅ Ventana encontrada: 'SNAP'
2026-07-18 12:08:41 | INFO | my_functions.py:1579 | ✅ Ventana seleccionada: 'SNAP'
2026-07-18 12:08:43 | INFO | my_functions.py:1611 | ✔ Verificación completa. No hubo cambios después del primer ajuste.
2026-07-18 12:08:43 | INFO | my_functions.py:1206 | [DEBUG] Resizing SNAP window...
2026-07-18 12:08:43 | INFO | my_functions.py:1545 | ⏱ Esperando 0.1 segundos antes de empezar...
2026-07-18 12:08:43 | INFO | my_functions.py:1552 | 🔍 Esperando ventana que contenga alguna de: ['SNAP'] (máx 20s)
2026-07-18 12:08:44 | INFO | my_functions.py:1564 | ✅ Ventana encontrada: 'SNAP'
2026-07-18 12:08:44 | INFO | my_functions.py:1579 | ✅ Ventana seleccionada: 'SNAP'
2026-07-18 12:08:51 | INFO | my_functions.py:1611 | ✔ Verificación completa. No hubo cambios después del primer ajuste.
2026-07-18 12:08:51 | INFO | my_functions.py:247 | [DEBUG] Buscando en paralelo: ['small_submit.PNG', 'small_submit_hover.png', 'submit_hover_2.png', 'small_submit_hover_2.png'] | timeout=90s | confidence=0.8
2026-07-18 12:08:58 | INFO | my_functions.py:134 | Haciendo click en la posición (380, 642)
2026-07-18 12:08:59 | INFO | my_functions.py:269 | 🖱️ Click OK (En paralelo): small_submit.PNG at (380, 642) delay=0.2s
2026-07-18 12:09:02 | INFO | my_functions.py:247 | [DEBUG] Buscando en paralelo: ['small_submit.PNG', 'small_submit_hover.png', 'submit_hover_2.png', 'small_submit_hover_2.png'] | timeout=20s | confidence=0.8
2026-07-18 12:09:03 | INFO | my_functions.py:134 | Haciendo click en la posición (380, 721)
2026-07-18 12:09:03 | INFO | my_functions.py:269 | 🖱️ Click OK (En paralelo): small_submit.PNG at (380, 721) delay=0.2s
2026-07-18 12:09:05 | INFO | my_functions.py:1545 | ⏱ Esperando 0.1 segundos antes de empezar...
2026-07-18 12:09:05 | INFO | my_functions.py:1552 | 🔍 Esperando ventana que contenga alguna de: ['SNAP'] (máx 20s)
2026-07-18 12:09:05 | INFO | my_functions.py:1564 | ✅ Ventana encontrada: 'SNAP'
2026-07-18 12:09:05 | INFO | my_functions.py:1579 | ✅ Ventana seleccionada: 'SNAP'
2026-07-18 12:09:07 | INFO | my_functions.py:1602 | 🔁 Reajuste #1...
2026-07-18 12:09:08 | INFO | my_functions.py:1609 | ✔ Verificación completa. Se hicieron 1 reajustes.
2026-07-18 12:09:08 | INFO | my_functions.py:169 | Searching please_sign.png (timeout=0s)
2026-07-18 12:09:08 | INFO | my_functions.py:199 | 
✅ Found: please_sign.png pos=(383, 438) time=0.45s confidence=0.8
2026-07-18 12:09:08 | INFO | my_functions.py:247 | [DEBUG] Buscando en paralelo: ['ok_btn.png'] | timeout=20s | confidence=0.8
2026-07-18 12:09:10 | INFO | my_functions.py:134 | Haciendo click en la posición (382, 634)
2026-07-18 12:09:10 | INFO | my_functions.py:269 | 🖱️ Click OK (En paralelo): ok_btn.png at (382, 634) delay=1s
2026-07-18 12:09:11 | INFO | my_functions.py:247 | [DEBUG] Buscando en paralelo: ['small_submit.PNG', 'small_submit_hover.png', 'submit_hover_2.png', 'small_submit_hover_2.png'] | timeout=30s | confidence=0.8
2026-07-18 12:09:14 | INFO | my_functions.py:134 | Haciendo click en la posición (383, 643)
2026-07-18 12:09:14 | INFO | my_functions.py:269 | 🖱️ Click OK (En paralelo): small_submit_hover_2.png at (383, 643) delay=0.2s
2026-07-18 12:09:15 | INFO | my_functions.py:247 | [DEBUG] Buscando en paralelo: ['small_submit.PNG', 'small_submit_hover.png', 'submit_hover_2.png', 'small_submit_hover_2.png'] | timeout=20s | confidence=0.8
2026-07-18 12:09:17 | INFO | my_functions.py:134 | Haciendo click en la posición (380, 721)
2026-07-18 12:09:17 | INFO | my_functions.py:269 | 🖱️ Click OK (En paralelo): small_submit.PNG at (380, 721) delay=0.2s
2026-07-18 12:09:18 | INFO | my_functions.py:247 | [DEBUG] Buscando en paralelo: ['sign_in_with_google2.PNG'] | timeout=20s | confidence=0.8
2026-07-18 12:09:20 | INFO | my_functions.py:134 | Haciendo click en la posición (406, 957)
2026-07-18 12:09:20 | INFO | my_functions.py:269 | 🖱️ Click OK (En paralelo): sign_in_with_google2.PNG at (406, 957) delay=1s
2026-07-18 12:09:21 | INFO | my_functions.py:169 | Searching pagina_cargada.png (timeout=60s)
2026-07-18 12:09:29 | INFO | my_functions.py:199 | 
✅ Found: pagina_cargada.png pos=(70, 24) time=8.3s confidence=0.8
2026-07-18 12:09:31 | INFO | my_functions.py:247 | [DEBUG] Buscando en paralelo: ['john.png'] | timeout=0s | confidence=0.8
2026-07-18 12:09:35 | INFO | my_functions.py:134 | Haciendo click en la posición (1143, 619)
2026-07-18 12:09:35 | INFO | my_functions.py:269 | 🖱️ Click OK (En paralelo): john.png at (1143, 619) delay=3s
2026-07-18 12:09:36 | INFO | my_functions.py:169 | Searching marvelsnap_web.png (timeout=30s)
2026-07-18 12:09:41 | INFO | my_functions.py:199 | 
✅ Found: marvelsnap_web.png pos=(258, 80) time=4.36s confidence=0.7
2026-07-18 12:09:41 | INFO | my_functions.py:169 | Searching shop_unselected.PNG (timeout=0s)
2026-07-18 12:09:42 | INFO | my_functions.py:213 | 
⛔ Not found: shop_unselected.PNG after 0.0s region=(0, 0, 765, 1038) confidence=0.8
2026-07-18 12:09:42 | INFO | my_functions.py:247 | [DEBUG] Buscando en paralelo: ['super_premium.PNG'] | timeout=0s | confidence=0.8
2026-07-18 12:09:42 | INFO | my_functions.py:281 | [DEBUG] Click skipped, ninguna de las imágenes se encontró en el intento.
2026-07-18 12:09:44 | INFO | my_functions.py:247 | [DEBUG] Buscando en paralelo: ['maybe_later.PNG'] | timeout=0s | confidence=0.8
2026-07-18 12:09:44 | INFO | my_functions.py:281 | [DEBUG] Click skipped, ninguna de las imágenes se encontró en el intento.
2026-07-18 12:09:45 | INFO | my_functions.py:247 | [DEBUG] Buscando en paralelo: ['maybe_later2.PNG'] | timeout=0s | confidence=0.8
2026-07-18 12:09:46 | INFO | my_functions.py:281 | [DEBUG] Click skipped, ninguna de las imágenes se encontró en el intento.
2026-07-18 12:09:47 | INFO | my_functions.py:169 | Searching go_to_shop.PNG (timeout=0s)
2026-07-18 12:09:48 | INFO | my_functions.py:213 | 
⛔ Not found: go_to_shop.PNG after 0.0s region=(0, 0, 765, 1038) confidence=0.8
2026-07-18 12:09:48 | INFO | my_functions.py:247 | [DEBUG] Buscando en paralelo: ['14_days_of_winterverse.PNG'] | timeout=0s | confidence=0.8
2026-07-18 12:09:48 | INFO | my_functions.py:281 | [DEBUG] Click skipped, ninguna de las imágenes se encontró en el intento.
2026-07-18 12:09:49 | INFO | my_functions.py:169 | Searching welcome_back_calendar.PNG (timeout=0s)
2026-07-18 12:09:50 | INFO | my_functions.py:213 | 
⛔ Not found: welcome_back_calendar.PNG after 0.0s region=(0, 0, 765, 1038) confidence=0.8
2026-07-18 12:09:50 | INFO | my_functions.py:247 | [DEBUG] Buscando en paralelo: ['start_the_countdown.PNG'] | timeout=0s | confidence=0.8
2026-07-18 12:09:50 | INFO | my_functions.py:281 | [DEBUG] Click skipped, ninguna de las imágenes se encontró en el intento.
2026-07-18 12:09:51 | INFO | my_functions.py:247 | [DEBUG] Buscando en paralelo: ['event_has_ended_sanctum.PNG'] | timeout=0s | confidence=0.8
2026-07-18 12:09:52 | INFO | my_functions.py:281 | [DEBUG] Click skipped, ninguna de las imágenes se encontró en el intento.
2026-07-18 12:09:53 | INFO | my_functions.py:247 | [DEBUG] Buscando en paralelo: ['event_has_ended_teamclash.PNG'] | timeout=0s | confidence=0.8
2026-07-18 12:09:54 | INFO | my_functions.py:281 | [DEBUG] Click skipped, ninguna de las imágenes se encontró en el intento.
2026-07-18 12:09:55 | INFO | my_functions.py:247 | [DEBUG] Buscando en paralelo: ['image_part_of_event_grand_arena_finished.PNG'] | timeout=0s | confidence=0.8
2026-07-18 12:09:55 | INFO | my_functions.py:281 | [DEBUG] Click skipped, ninguna de las imágenes se encontró en el intento.
2026-07-18 12:09:56 | INFO | my_functions.py:169 | Searching 28_day_event_login_rewards.PNG (timeout=0s)
2026-07-18 12:09:57 | INFO | my_functions.py:213 | 
⛔ Not found: 28_day_event_login_rewards.PNG after 0.47s region=(0, 0, 765, 1038) confidence=0.8
2026-07-18 12:09:57 | INFO | my_functions.py:169 | Searching 7_day_event_login.PNG (timeout=0s)
2026-07-18 12:09:58 | INFO | my_functions.py:213 | 
⛔ Not found: 7_day_event_login.PNG after 0.0s region=(0, 0, 765, 1038) confidence=0.8
2026-07-18 12:09:58 | INFO | my_functions.py:169 | Searching 14_days_event.PNG (timeout=0s)
2026-07-18 12:09:58 | INFO | my_functions.py:213 | 
⛔ Not found: 14_days_event.PNG after 0.0s region=(0, 0, 765, 1038) confidence=0.8
2026-07-18 12:09:58 | INFO | my_functions.py:247 | [DEBUG] Buscando en paralelo: ['lets_go.PNG'] | timeout=0s | confidence=0.8
2026-07-18 12:09:59 | INFO | my_functions.py:281 | [DEBUG] Click skipped, ninguna de las imágenes se encontró en el intento.
2026-07-18 12:10:01 | INFO | my_functions.py:169 | Searching shop_unselected.PNG (timeout=0s)
2026-07-18 12:10:02 | INFO | my_functions.py:199 | 
✅ Found: shop_unselected.PNG pos=(88, 961) time=0.76s confidence=0.8
2026-07-18 12:10:10 | INFO | my_functions.py:169 | Searching shop_unselected.PNG (timeout=0s)
2026-07-18 12:10:10 | INFO | my_functions.py:199 | 
✅ Found: shop_unselected.PNG pos=(88, 961) time=0.77s confidence=0.8
2026-07-18 12:10:10 | INFO | my_functions.py:714 | Ya esta listo
2026-07-18 12:10:15 | INFO | my_functions.py:533 | AVAILABLE: 4
2026-07-18 12:10:15 | INFO | my_functions.py:247 | [DEBUG] Buscando en paralelo: ['nut.png'] | timeout=20s | confidence=0.8
2026-07-18 12:10:17 | INFO | my_functions.py:134 | Haciendo click en la posición (184, 78)
2026-07-18 12:10:17 | INFO | my_functions.py:269 | 🖱️ Click OK (En paralelo): nut.png at (184, 78) delay=1s
2026-07-18 12:10:18 | INFO | my_functions.py:247 | [DEBUG] Buscando en paralelo: ['graphics_quality.png'] | timeout=3s | confidence=0.8
2026-07-18 12:10:19 | INFO | my_functions.py:134 | Haciendo click en la posición (304, 644)
2026-07-18 12:10:20 | INFO | my_functions.py:269 | 🖱️ Click OK (En paralelo): graphics_quality.png at (304, 644) delay=1s
2026-07-18 12:10:22 | INFO | my_functions.py:247 | [DEBUG] Buscando en paralelo: ['sign_out.png'] | timeout=20s | confidence=0.8
2026-07-18 12:10:23 | INFO | my_functions.py:134 | Haciendo click en la posición (380, 796)
2026-07-18 12:10:24 | INFO | my_functions.py:269 | 🖱️ Click OK (En paralelo): sign_out.png at (380, 796) delay=1s
2026-07-18 12:10:26 | INFO | my_functions.py:247 | [DEBUG] Buscando en paralelo: ['sign_out_grande.png'] | timeout=20s | confidence=0.8
2026-07-18 12:10:27 | INFO | my_functions.py:134 | Haciendo click en la posición (359, 437)
2026-07-18 12:10:28 | INFO | my_functions.py:269 | 🖱️ Click OK (En paralelo): sign_out_grande.png at (359, 437) delay=1s
2026-07-18 12:10:29 | INFO | my_functions.py:247 | [DEBUG] Buscando en paralelo: ['sign_out2.png'] | timeout=20s | confidence=0.8
2026-07-18 12:10:30 | INFO | my_functions.py:134 | Haciendo click en la posición (383, 634)
2026-07-18 12:10:31 | INFO | my_functions.py:269 | 🖱️ Click OK (En paralelo): sign_out2.png at (383, 634) delay=1s
2026-07-18 12:10:32 | INFO | my_functions.py:1545 | ⏱ Esperando 0.1 segundos antes de empezar...
2026-07-18 12:10:32 | INFO | my_functions.py:1552 | 🔍 Esperando ventana que contenga alguna de: SNAP (máx 20s)
2026-07-18 12:10:32 | INFO | my_functions.py:1564 | ✅ Ventana encontrada: 'SNAP'
2026-07-18 12:10:32 | INFO | my_functions.py:1579 | ✅ Ventana seleccionada: 'SNAP'
2026-07-18 12:10:34 | INFO | my_functions.py:1602 | 🔁 Reajuste #1...
2026-07-18 12:10:36 | INFO | my_functions.py:1609 | ✔ Verificación completa. Se hicieron 1 reajustes.
2026-07-18 12:10:40 | INFO | each_eight_hours.py:113 | Processing account: robert
2026-07-18 12:10:40 | INFO | my_functions.py:1545 | ⏱ Esperando 0.1 segundos antes de empezar...
2026-07-18 12:10:40 | INFO | my_functions.py:1552 | 🔍 Esperando ventana que contenga alguna de: ['SNAP'] (máx 20s)
2026-07-18 12:10:43 | INFO | my_functions.py:1564 | ✅ Ventana encontrada: 'SNAP'
2026-07-18 12:10:43 | INFO | my_functions.py:1579 | ✅ Ventana seleccionada: 'SNAP'
2026-07-18 12:10:45 | INFO | my_functions.py:1611 | ✔ Verificación completa. No hubo cambios después del primer ajuste.
2026-07-18 12:10:45 | INFO | my_functions.py:1206 | [DEBUG] Resizing SNAP window...
2026-07-18 12:10:45 | INFO | my_functions.py:1545 | ⏱ Esperando 0.1 segundos antes de empezar...
2026-07-18 12:10:45 | INFO | my_functions.py:1552 | 🔍 Esperando ventana que contenga alguna de: ['SNAP'] (máx 20s)
2026-07-18 12:10:45 | INFO | my_functions.py:1564 | ✅ Ventana encontrada: 'SNAP'
2026-07-18 12:10:45 | INFO | my_functions.py:1579 | ✅ Ventana seleccionada: 'SNAP'
2026-07-18 12:10:52 | INFO | my_functions.py:1611 | ✔ Verificación completa. No hubo cambios después del primer ajuste.
2026-07-18 12:10:52 | INFO | my_functions.py:247 | [DEBUG] Buscando en paralelo: ['small_submit.PNG', 'small_submit_hover.png', 'submit_hover_2.png', 'small_submit_hover_2.png'] | timeout=90s | confidence=0.8
2026-07-18 12:10:53 | INFO | my_functions.py:134 | Haciendo click en la posición (380, 642)
2026-07-18 12:10:54 | INFO | my_functions.py:269 | 🖱️ Click OK (En paralelo): small_submit.PNG at (380, 642) delay=0.2s
2026-07-18 12:10:57 | INFO | my_functions.py:247 | [DEBUG] Buscando en paralelo: ['small_submit.PNG', 'small_submit_hover.png', 'submit_hover_2.png', 'small_submit_hover_2.png'] | timeout=20s | confidence=0.8
2026-07-18 12:10:58 | INFO | my_functions.py:134 | Haciendo click en la posición (380, 721)
2026-07-18 12:10:58 | INFO | my_functions.py:269 | 🖱️ Click OK (En paralelo): small_submit.PNG at (380, 721) delay=0.2s
2026-07-18 12:11:00 | INFO | my_functions.py:1545 | ⏱ Esperando 0.1 segundos antes de empezar...
2026-07-18 12:11:00 | INFO | my_functions.py:1552 | 🔍 Esperando ventana que contenga alguna de: ['SNAP'] (máx 20s)
2026-07-18 12:11:00 | INFO | my_functions.py:1564 | ✅ Ventana encontrada: 'SNAP'
2026-07-18 12:11:00 | INFO | my_functions.py:1579 | ✅ Ventana seleccionada: 'SNAP'
2026-07-18 12:11:02 | INFO | my_functions.py:1602 | 🔁 Reajuste #1...
2026-07-18 12:11:03 | INFO | my_functions.py:1609 | ✔ Verificación completa. Se hicieron 1 reajustes.
2026-07-18 12:11:03 | INFO | my_functions.py:169 | Searching please_sign.png (timeout=0s)
2026-07-18 12:11:03 | INFO | my_functions.py:199 | 
✅ Found: please_sign.png pos=(383, 438) time=0.46s confidence=0.8
2026-07-18 12:11:03 | INFO | my_functions.py:247 | [DEBUG] Buscando en paralelo: ['ok_btn.png'] | timeout=20s | confidence=0.8
2026-07-18 12:11:05 | INFO | my_functions.py:134 | Haciendo click en la posición (382, 634)
2026-07-18 12:11:05 | INFO | my_functions.py:269 | 🖱️ Click OK (En paralelo): ok_btn.png at (382, 634) delay=1s
2026-07-18 12:11:06 | INFO | my_functions.py:247 | [DEBUG] Buscando en paralelo: ['small_submit.PNG', 'small_submit_hover.png', 'submit_hover_2.png', 'small_submit_hover_2.png'] | timeout=30s | confidence=0.8
2026-07-18 12:11:09 | INFO | my_functions.py:134 | Haciendo click en la posición (383, 643)
2026-07-18 12:11:09 | INFO | my_functions.py:269 | 🖱️ Click OK (En paralelo): small_submit_hover_2.png at (383, 643) delay=0.2s
2026-07-18 12:11:10 | INFO | my_functions.py:247 | [DEBUG] Buscando en paralelo: ['small_submit.PNG', 'small_submit_hover.png', 'submit_hover_2.png', 'small_submit_hover_2.png'] | timeout=20s | confidence=0.8
2026-07-18 12:11:12 | INFO | my_functions.py:134 | Haciendo click en la posición (380, 721)
2026-07-18 12:11:12 | INFO | my_functions.py:269 | 🖱️ Click OK (En paralelo): small_submit.PNG at (380, 721) delay=0.2s
2026-07-18 12:11:13 | INFO | my_functions.py:247 | [DEBUG] Buscando en paralelo: ['sign_in_with_google2.PNG'] | timeout=20s | confidence=0.8
2026-07-18 12:11:14 | INFO | my_functions.py:134 | Haciendo click en la posición (406, 957)
2026-07-18 12:11:15 | INFO | my_functions.py:269 | 🖱️ Click OK (En paralelo): sign_in_with_google2.PNG at (406, 957) delay=1s
2026-07-18 12:11:16 | INFO | my_functions.py:169 | Searching pagina_cargada.png (timeout=60s)
2026-07-18 12:11:24 | INFO | my_functions.py:199 | 
✅ Found: pagina_cargada.png pos=(70, 24) time=8.35s confidence=0.8
2026-07-18 12:11:26 | INFO | my_functions.py:247 | [DEBUG] Buscando en paralelo: ['robert.png'] | timeout=0s | confidence=0.8
2026-07-18 12:11:30 | INFO | my_functions.py:134 | Haciendo click en la posición (1152, 794)
2026-07-18 12:11:30 | INFO | my_functions.py:269 | 🖱️ Click OK (En paralelo): robert.png at (1152, 794) delay=3s
2026-07-18 12:11:31 | INFO | my_functions.py:169 | Searching marvelsnap_web.png (timeout=30s)
2026-07-18 12:11:35 | INFO | my_functions.py:199 | 
✅ Found: marvelsnap_web.png pos=(258, 80) time=4.16s confidence=0.7
2026-07-18 12:11:36 | INFO | my_functions.py:169 | Searching shop_unselected.PNG (timeout=0s)
2026-07-18 12:11:36 | INFO | my_functions.py:213 | 
⛔ Not found: shop_unselected.PNG after 0.0s region=(0, 0, 765, 1038) confidence=0.8
2026-07-18 12:11:36 | INFO | my_functions.py:247 | [DEBUG] Buscando en paralelo: ['super_premium.PNG'] | timeout=0s | confidence=0.8
2026-07-18 12:11:37 | INFO | my_functions.py:281 | [DEBUG] Click skipped, ninguna de las imágenes se encontró en el intento.
2026-07-18 12:11:38 | INFO | my_functions.py:247 | [DEBUG] Buscando en paralelo: ['maybe_later.PNG'] | timeout=0s | confidence=0.8
2026-07-18 12:11:39 | INFO | my_functions.py:281 | [DEBUG] Click skipped, ninguna de las imágenes se encontró en el intento.
2026-07-18 12:11:40 | INFO | my_functions.py:247 | [DEBUG] Buscando en paralelo: ['maybe_later2.PNG'] | timeout=0s | confidence=0.8
2026-07-18 12:11:40 | INFO | my_functions.py:281 | [DEBUG] Click skipped, ninguna de las imágenes se encontró en el intento.
2026-07-18 12:11:42 | INFO | my_functions.py:169 | Searching go_to_shop.PNG (timeout=0s)
2026-07-18 12:11:42 | INFO | my_functions.py:213 | 
⛔ Not found: go_to_shop.PNG after 0.0s region=(0, 0, 765, 1038) confidence=0.8
2026-07-18 12:11:42 | INFO | my_functions.py:247 | [DEBUG] Buscando en paralelo: ['14_days_of_winterverse.PNG'] | timeout=0s | confidence=0.8
2026-07-18 12:11:42 | INFO | my_functions.py:281 | [DEBUG] Click skipped, ninguna de las imágenes se encontró en el intento.
2026-07-18 12:11:44 | INFO | my_functions.py:169 | Searching welcome_back_calendar.PNG (timeout=0s)
2026-07-18 12:11:44 | INFO | my_functions.py:213 | 
⛔ Not found: welcome_back_calendar.PNG after 0.0s region=(0, 0, 765, 1038) confidence=0.8
2026-07-18 12:11:44 | INFO | my_functions.py:247 | [DEBUG] Buscando en paralelo: ['start_the_countdown.PNG'] | timeout=0s | confidence=0.8
2026-07-18 12:11:45 | INFO | my_functions.py:281 | [DEBUG] Click skipped, ninguna de las imágenes se encontró en el intento.
2026-07-18 12:11:46 | INFO | my_functions.py:247 | [DEBUG] Buscando en paralelo: ['event_has_ended_sanctum.PNG'] | timeout=0s | confidence=0.8
2026-07-18 12:11:46 | INFO | my_functions.py:281 | [DEBUG] Click skipped, ninguna de las imágenes se encontró en el intento.
2026-07-18 12:11:47 | INFO | my_functions.py:247 | [DEBUG] Buscando en paralelo: ['event_has_ended_teamclash.PNG'] | timeout=0s | confidence=0.8
2026-07-18 12:11:48 | INFO | my_functions.py:281 | [DEBUG] Click skipped, ninguna de las imágenes se encontró en el intento.
2026-07-18 12:11:49 | INFO | my_functions.py:247 | [DEBUG] Buscando en paralelo: ['image_part_of_event_grand_arena_finished.PNG'] | timeout=0s | confidence=0.8
2026-07-18 12:11:50 | INFO | my_functions.py:281 | [DEBUG] Click skipped, ninguna de las imágenes se encontró en el intento.
2026-07-18 12:11:51 | INFO | my_functions.py:169 | Searching 28_day_event_login_rewards.PNG (timeout=0s)
2026-07-18 12:11:52 | INFO | my_functions.py:213 | 
⛔ Not found: 28_day_event_login_rewards.PNG after 0.49s region=(0, 0, 765, 1038) confidence=0.8
2026-07-18 12:11:52 | INFO | my_functions.py:169 | Searching 7_day_event_login.PNG (timeout=0s)
2026-07-18 12:11:52 | INFO | my_functions.py:213 | 
⛔ Not found: 7_day_event_login.PNG after 0.0s region=(0, 0, 765, 1038) confidence=0.8
2026-07-18 12:11:52 | INFO | my_functions.py:169 | Searching 14_days_event.PNG (timeout=0s)
2026-07-18 12:11:53 | INFO | my_functions.py:213 | 
⛔ Not found: 14_days_event.PNG after 0.0s region=(0, 0, 765, 1038) confidence=0.8
2026-07-18 12:11:53 | INFO | my_functions.py:247 | [DEBUG] Buscando en paralelo: ['lets_go.PNG'] | timeout=0s | confidence=0.8
2026-07-18 12:11:53 | INFO | my_functions.py:281 | [DEBUG] Click skipped, ninguna de las imágenes se encontró en el intento.
2026-07-18 12:11:55 | INFO | my_functions.py:169 | Searching shop_unselected.PNG (timeout=0s)
2026-07-18 12:11:57 | INFO | my_functions.py:213 | 
⛔ Not found: shop_unselected.PNG after 0.71s region=(0, 0, 765, 1038) confidence=0.8
2026-07-18 12:11:57 | INFO | my_functions.py:247 | [DEBUG] Buscando en paralelo: ['super_premium.PNG'] | timeout=0s | confidence=0.8
2026-07-18 12:11:58 | INFO | my_functions.py:134 | Haciendo click en la posición (480, 777)
2026-07-18 12:11:58 | INFO | my_functions.py:269 | 🖱️ Click OK (En paralelo): super_premium.PNG at (480, 777) delay=1s
2026-07-18 12:11:59 | INFO | my_functions.py:142 | Presionando ESC (1/1)
2026-07-18 12:12:08 | INFO | my_functions.py:169 | Searching shop_unselected.PNG (timeout=0s)
2026-07-18 12:12:09 | INFO | my_functions.py:199 | 
✅ Found: shop_unselected.PNG pos=(88, 961) time=0.72s confidence=0.8
2026-07-18 12:12:09 | INFO | my_functions.py:714 | Ya esta listo
2026-07-18 12:12:13 | INFO | my_functions.py:533 | AVAILABLE: 3
2026-07-18 12:12:13 | INFO | my_functions.py:247 | [DEBUG] Buscando en paralelo: ['nut.png'] | timeout=20s | confidence=0.8
2026-07-18 12:12:15 | INFO | my_functions.py:134 | Haciendo click en la posición (184, 78)
2026-07-18 12:12:15 | INFO | my_functions.py:269 | 🖱️ Click OK (En paralelo): nut.png at (184, 78) delay=1s
2026-07-18 12:12:16 | INFO | my_functions.py:247 | [DEBUG] Buscando en paralelo: ['graphics_quality.png'] | timeout=3s | confidence=0.8
2026-07-18 12:12:18 | INFO | my_functions.py:134 | Haciendo click en la posición (304, 644)
2026-07-18 12:12:18 | INFO | my_functions.py:269 | 🖱️ Click OK (En paralelo): graphics_quality.png at (304, 644) delay=1s
2026-07-18 12:12:20 | INFO | my_functions.py:247 | [DEBUG] Buscando en paralelo: ['sign_out.png'] | timeout=20s | confidence=0.8
2026-07-18 12:12:22 | INFO | my_functions.py:134 | Haciendo click en la posición (380, 796)
2026-07-18 12:12:22 | INFO | my_functions.py:269 | 🖱️ Click OK (En paralelo): sign_out.png at (380, 796) delay=1s
2026-07-18 12:12:24 | INFO | my_functions.py:247 | [DEBUG] Buscando en paralelo: ['sign_out_grande.png'] | timeout=20s | confidence=0.8
2026-07-18 12:12:25 | INFO | my_functions.py:134 | Haciendo click en la posición (359, 437)
2026-07-18 12:12:26 | INFO | my_functions.py:269 | 🖱️ Click OK (En paralelo): sign_out_grande.png at (359, 437) delay=1s
2026-07-18 12:12:27 | INFO | my_functions.py:247 | [DEBUG] Buscando en paralelo: ['sign_out2.png'] | timeout=20s | confidence=0.8
2026-07-18 12:12:28 | INFO | my_functions.py:134 | Haciendo click en la posición (383, 634)
2026-07-18 12:12:28 | INFO | my_functions.py:269 | 🖱️ Click OK (En paralelo): sign_out2.png at (383, 634) delay=1s
2026-07-18 12:12:30 | INFO | my_functions.py:1545 | ⏱ Esperando 0.1 segundos antes de empezar...
2026-07-18 12:12:30 | INFO | my_functions.py:1552 | 🔍 Esperando ventana que contenga alguna de: SNAP (máx 20s)
2026-07-18 12:12:30 | INFO | my_functions.py:1564 | ✅ Ventana encontrada: 'SNAP'
2026-07-18 12:12:30 | INFO | my_functions.py:1579 | ✅ Ventana seleccionada: 'SNAP'
2026-07-18 12:12:32 | INFO | my_functions.py:1602 | 🔁 Reajuste #1...
2026-07-18 12:12:34 | INFO | my_functions.py:1609 | ✔ Verificación completa. Se hicieron 1 reajustes.
2026-07-18 12:12:38 | INFO | each_eight_hours.py:113 | Processing account: michael
2026-07-18 12:12:38 | INFO | my_functions.py:1545 | ⏱ Esperando 0.1 segundos antes de empezar...
2026-07-18 12:12:38 | INFO | my_functions.py:1552 | 🔍 Esperando ventana que contenga alguna de: ['SNAP'] (máx 20s)
2026-07-18 12:12:40 | INFO | my_functions.py:1564 | ✅ Ventana encontrada: 'SNAP'
2026-07-18 12:12:40 | INFO | my_functions.py:1579 | ✅ Ventana seleccionada: 'SNAP'
2026-07-18 12:12:42 | INFO | my_functions.py:1611 | ✔ Verificación completa. No hubo cambios después del primer ajuste.
2026-07-18 12:12:42 | INFO | my_functions.py:1206 | [DEBUG] Resizing SNAP window...
2026-07-18 12:12:42 | INFO | my_functions.py:1545 | ⏱ Esperando 0.1 segundos antes de empezar...
2026-07-18 12:12:43 | INFO | my_functions.py:1552 | 🔍 Esperando ventana que contenga alguna de: ['SNAP'] (máx 20s)
2026-07-18 12:12:43 | INFO | my_functions.py:1564 | ✅ Ventana encontrada: 'SNAP'
2026-07-18 12:12:43 | INFO | my_functions.py:1579 | ✅ Ventana seleccionada: 'SNAP'
2026-07-18 12:12:50 | INFO | my_functions.py:1611 | ✔ Verificación completa. No hubo cambios después del primer ajuste.
2026-07-18 12:12:50 | INFO | my_functions.py:247 | [DEBUG] Buscando en paralelo: ['small_submit.PNG', 'small_submit_hover.png', 'submit_hover_2.png', 'small_submit_hover_2.png'] | timeout=90s | confidence=0.8
2026-07-18 12:12:51 | INFO | my_functions.py:134 | Haciendo click en la posición (380, 642)
2026-07-18 12:12:51 | INFO | my_functions.py:269 | 🖱️ Click OK (En paralelo): small_submit.PNG at (380, 642) delay=0.2s
2026-07-18 12:12:55 | INFO | my_functions.py:247 | [DEBUG] Buscando en paralelo: ['small_submit.PNG', 'small_submit_hover.png', 'submit_hover_2.png', 'small_submit_hover_2.png'] | timeout=20s | confidence=0.8
2026-07-18 12:12:56 | INFO | my_functions.py:134 | Haciendo click en la posición (380, 721)
2026-07-18 12:12:56 | INFO | my_functions.py:269 | 🖱️ Click OK (En paralelo): small_submit.PNG at (380, 721) delay=0.2s
2026-07-18 12:12:57 | INFO | my_functions.py:1545 | ⏱ Esperando 0.1 segundos antes de empezar...
2026-07-18 12:12:57 | INFO | my_functions.py:1552 | 🔍 Esperando ventana que contenga alguna de: ['SNAP'] (máx 20s)
2026-07-18 12:12:57 | INFO | my_functions.py:1564 | ✅ Ventana encontrada: 'SNAP'
2026-07-18 12:12:57 | INFO | my_functions.py:1579 | ✅ Ventana seleccionada: 'SNAP'
2026-07-18 12:12:59 | INFO | my_functions.py:1602 | 🔁 Reajuste #1...
2026-07-18 12:13:01 | INFO | my_functions.py:1609 | ✔ Verificación completa. Se hicieron 1 reajustes.
2026-07-18 12:13:01 | INFO | my_functions.py:169 | Searching please_sign.png (timeout=0s)
2026-07-18 12:13:01 | INFO | my_functions.py:199 | 
✅ Found: please_sign.png pos=(383, 438) time=0.44s confidence=0.8
2026-07-18 12:13:01 | INFO | my_functions.py:247 | [DEBUG] Buscando en paralelo: ['ok_btn.png'] | timeout=20s | confidence=0.8
2026-07-18 12:13:03 | INFO | my_functions.py:134 | Haciendo click en la posición (382, 634)
2026-07-18 12:13:03 | INFO | my_functions.py:269 | 🖱️ Click OK (En paralelo): ok_btn.png at (382, 634) delay=1s
2026-07-18 12:13:04 | INFO | my_functions.py:247 | [DEBUG] Buscando en paralelo: ['small_submit.PNG', 'small_submit_hover.png', 'submit_hover_2.png', 'small_submit_hover_2.png'] | timeout=30s | confidence=0.8
2026-07-18 12:13:07 | INFO | my_functions.py:134 | Haciendo click en la posición (383, 643)
2026-07-18 12:13:07 | INFO | my_functions.py:269 | 🖱️ Click OK (En paralelo): small_submit_hover_2.png at (383, 643) delay=0.2s
2026-07-18 12:13:08 | INFO | my_functions.py:247 | [DEBUG] Buscando en paralelo: ['small_submit.PNG', 'small_submit_hover.png', 'submit_hover_2.png', 'small_submit_hover_2.png'] | timeout=20s | confidence=0.8
2026-07-18 12:13:10 | INFO | my_functions.py:134 | Haciendo click en la posición (380, 721)
2026-07-18 12:13:10 | INFO | my_functions.py:269 | 🖱️ Click OK (En paralelo): small_submit.PNG at (380, 721) delay=0.2s
2026-07-18 12:13:11 | INFO | my_functions.py:247 | [DEBUG] Buscando en paralelo: ['sign_in_with_google2.PNG'] | timeout=20s | confidence=0.8
2026-07-18 12:13:12 | INFO | my_functions.py:134 | Haciendo click en la posición (406, 957)
2026-07-18 12:13:12 | INFO | my_functions.py:269 | 🖱️ Click OK (En paralelo): sign_in_with_google2.PNG at (406, 957) delay=1s
2026-07-18 12:13:14 | INFO | my_functions.py:169 | Searching pagina_cargada.png (timeout=60s)
2026-07-18 12:13:20 | INFO | my_functions.py:199 | 
✅ Found: pagina_cargada.png pos=(70, 24) time=5.94s confidence=0.8
2026-07-18 12:13:22 | INFO | my_functions.py:247 | [DEBUG] Buscando en paralelo: ['michael.png'] | timeout=0s | confidence=0.8
2026-07-18 12:13:26 | INFO | my_functions.py:134 | Haciendo click en la posición (1156, 878)
2026-07-18 12:13:26 | INFO | my_functions.py:269 | 🖱️ Click OK (En paralelo): michael.png at (1156, 878) delay=3s
2026-07-18 12:13:27 | INFO | my_functions.py:169 | Searching marvelsnap_web.png (timeout=30s)
2026-07-18 12:13:30 | INFO | my_functions.py:199 | 
✅ Found: marvelsnap_web.png pos=(258, 80) time=3.26s confidence=0.7
2026-07-18 12:13:30 | INFO | my_functions.py:169 | Searching shop_unselected.PNG (timeout=0s)
2026-07-18 12:13:31 | INFO | my_functions.py:213 | 
⛔ Not found: shop_unselected.PNG after 0.0s region=(0, 0, 765, 1038) confidence=0.8
2026-07-18 12:13:31 | INFO | my_functions.py:247 | [DEBUG] Buscando en paralelo: ['super_premium.PNG'] | timeout=0s | confidence=0.8
2026-07-18 12:13:32 | INFO | my_functions.py:281 | [DEBUG] Click skipped, ninguna de las imágenes se encontró en el intento.
2026-07-18 12:13:33 | INFO | my_functions.py:247 | [DEBUG] Buscando en paralelo: ['maybe_later.PNG'] | timeout=0s | confidence=0.8
2026-07-18 12:13:33 | INFO | my_functions.py:281 | [DEBUG] Click skipped, ninguna de las imágenes se encontró en el intento.
2026-07-18 12:13:34 | INFO | my_functions.py:247 | [DEBUG] Buscando en paralelo: ['maybe_later2.PNG'] | timeout=0s | confidence=0.8
2026-07-18 12:13:35 | INFO | my_functions.py:281 | [DEBUG] Click skipped, ninguna de las imágenes se encontró en el intento.
2026-07-18 12:13:36 | INFO | my_functions.py:169 | Searching go_to_shop.PNG (timeout=0s)
2026-07-18 12:13:37 | INFO | my_functions.py:213 | 
⛔ Not found: go_to_shop.PNG after 0.0s region=(0, 0, 765, 1038) confidence=0.8
2026-07-18 12:13:37 | INFO | my_functions.py:247 | [DEBUG] Buscando en paralelo: ['14_days_of_winterverse.PNG'] | timeout=0s | confidence=0.8
2026-07-18 12:13:37 | INFO | my_functions.py:281 | [DEBUG] Click skipped, ninguna de las imágenes se encontró en el intento.
2026-07-18 12:13:38 | INFO | my_functions.py:169 | Searching welcome_back_calendar.PNG (timeout=0s)
2026-07-18 12:13:39 | INFO | my_functions.py:213 | 
⛔ Not found: welcome_back_calendar.PNG after 0.0s region=(0, 0, 765, 1038) confidence=0.8
2026-07-18 12:13:39 | INFO | my_functions.py:247 | [DEBUG] Buscando en paralelo: ['start_the_countdown.PNG'] | timeout=0s | confidence=0.8
2026-07-18 12:13:39 | INFO | my_functions.py:281 | [DEBUG] Click skipped, ninguna de las imágenes se encontró en el intento.
2026-07-18 12:13:40 | INFO | my_functions.py:247 | [DEBUG] Buscando en paralelo: ['event_has_ended_sanctum.PNG'] | timeout=0s | confidence=0.8
2026-07-18 12:13:41 | INFO | my_functions.py:281 | [DEBUG] Click skipped, ninguna de las imágenes se encontró en el intento.
2026-07-18 12:13:42 | INFO | my_functions.py:247 | [DEBUG] Buscando en paralelo: ['event_has_ended_teamclash.PNG'] | timeout=0s | confidence=0.8
2026-07-18 12:13:43 | INFO | my_functions.py:281 | [DEBUG] Click skipped, ninguna de las imágenes se encontró en el intento.
2026-07-18 12:13:44 | INFO | my_functions.py:247 | [DEBUG] Buscando en paralelo: ['image_part_of_event_grand_arena_finished.PNG'] | timeout=0s | confidence=0.8
2026-07-18 12:13:44 | INFO | my_functions.py:281 | [DEBUG] Click skipped, ninguna de las imágenes se encontró en el intento.
2026-07-18 12:13:45 | INFO | my_functions.py:169 | Searching 28_day_event_login_rewards.PNG (timeout=0s)
2026-07-18 12:13:46 | INFO | my_functions.py:213 | 
⛔ Not found: 28_day_event_login_rewards.PNG after 0.0s region=(0, 0, 765, 1038) confidence=0.8
2026-07-18 12:13:46 | INFO | my_functions.py:169 | Searching 7_day_event_login.PNG (timeout=0s)
2026-07-18 12:13:47 | INFO | my_functions.py:213 | 
⛔ Not found: 7_day_event_login.PNG after 0.0s region=(0, 0, 765, 1038) confidence=0.8
2026-07-18 12:13:47 | INFO | my_functions.py:169 | Searching 14_days_event.PNG (timeout=0s)
2026-07-18 12:13:47 | INFO | my_functions.py:213 | 
⛔ Not found: 14_days_event.PNG after 0.0s region=(0, 0, 765, 1038) confidence=0.8
2026-07-18 12:13:47 | INFO | my_functions.py:247 | [DEBUG] Buscando en paralelo: ['lets_go.PNG'] | timeout=0s | confidence=0.8
2026-07-18 12:13:48 | INFO | my_functions.py:281 | [DEBUG] Click skipped, ninguna de las imágenes se encontró en el intento.
2026-07-18 12:13:50 | INFO | my_functions.py:169 | Searching shop_unselected.PNG (timeout=0s)
2026-07-18 12:13:50 | INFO | my_functions.py:213 | 
⛔ Not found: shop_unselected.PNG after 0.0s region=(0, 0, 765, 1038) confidence=0.8
2026-07-18 12:13:50 | INFO | my_functions.py:247 | [DEBUG] Buscando en paralelo: ['super_premium.PNG'] | timeout=0s | confidence=0.8
2026-07-18 12:13:52 | INFO | my_functions.py:134 | Haciendo click en la posición (480, 777)
2026-07-18 12:13:52 | INFO | my_functions.py:269 | 🖱️ Click OK (En paralelo): super_premium.PNG at (480, 777) delay=1s
2026-07-18 12:13:53 | INFO | my_functions.py:142 | Presionando ESC (1/1)
2026-07-18 12:14:02 | INFO | my_functions.py:169 | Searching shop_unselected.PNG (timeout=0s)
2026-07-18 12:14:03 | INFO | my_functions.py:199 | 
✅ Found: shop_unselected.PNG pos=(88, 961) time=0.75s confidence=0.8
2026-07-18 12:14:03 | INFO | my_functions.py:714 | Ya esta listo
2026-07-18 12:14:07 | INFO | my_functions.py:533 | AVAILABLE: 4
2026-07-18 12:14:07 | INFO | my_functions.py:247 | [DEBUG] Buscando en paralelo: ['nut.png'] | timeout=20s | confidence=0.8
2026-07-18 12:14:09 | INFO | my_functions.py:134 | Haciendo click en la posición (184, 78)
2026-07-18 12:14:09 | INFO | my_functions.py:269 | 🖱️ Click OK (En paralelo): nut.png at (184, 78) delay=1s
2026-07-18 12:14:10 | INFO | my_functions.py:247 | [DEBUG] Buscando en paralelo: ['graphics_quality.png'] | timeout=3s | confidence=0.8
2026-07-18 12:14:12 | INFO | my_functions.py:134 | Haciendo click en la posición (304, 644)
2026-07-18 12:14:12 | INFO | my_functions.py:269 | 🖱️ Click OK (En paralelo): graphics_quality.png at (304, 644) delay=1s
2026-07-18 12:14:14 | INFO | my_functions.py:247 | [DEBUG] Buscando en paralelo: ['sign_out.png'] | timeout=20s | confidence=0.8
2026-07-18 12:14:16 | INFO | my_functions.py:134 | Haciendo click en la posición (380, 796)
2026-07-18 12:14:16 | INFO | my_functions.py:269 | 🖱️ Click OK (En paralelo): sign_out.png at (380, 796) delay=1s
2026-07-18 12:14:18 | INFO | my_functions.py:247 | [DEBUG] Buscando en paralelo: ['sign_out_grande.png'] | timeout=20s | confidence=0.8
2026-07-18 12:14:19 | INFO | my_functions.py:134 | Haciendo click en la posición (359, 437)
2026-07-18 12:14:20 | INFO | my_functions.py:269 | 🖱️ Click OK (En paralelo): sign_out_grande.png at (359, 437) delay=1s
2026-07-18 12:14:21 | INFO | my_functions.py:247 | [DEBUG] Buscando en paralelo: ['sign_out2.png'] | timeout=20s | confidence=0.8
2026-07-18 12:14:22 | INFO | my_functions.py:134 | Haciendo click en la posición (383, 634)
2026-07-18 12:14:23 | INFO | my_functions.py:269 | 🖱️ Click OK (En paralelo): sign_out2.png at (383, 634) delay=1s
2026-07-18 12:14:24 | INFO | my_functions.py:1545 | ⏱ Esperando 0.1 segundos antes de empezar...
2026-07-18 12:14:24 | INFO | my_functions.py:1552 | 🔍 Esperando ventana que contenga alguna de: SNAP (máx 20s)
2026-07-18 12:14:24 | INFO | my_functions.py:1564 | ✅ Ventana encontrada: 'SNAP'
2026-07-18 12:14:24 | INFO | my_functions.py:1579 | ✅ Ventana seleccionada: 'SNAP'
2026-07-18 12:14:26 | INFO | my_functions.py:1602 | 🔁 Reajuste #1...
2026-07-18 12:14:28 | INFO | my_functions.py:1609 | ✔ Verificación completa. Se hicieron 1 reajustes.
2026-07-18 12:14:32 | INFO | each_eight_hours.py:113 | Processing account: william
2026-07-18 12:14:32 | INFO | my_functions.py:1545 | ⏱ Esperando 0.1 segundos antes de empezar...
2026-07-18 12:14:32 | INFO | my_functions.py:1552 | 🔍 Esperando ventana que contenga alguna de: ['SNAP'] (máx 20s)
2026-07-18 12:14:35 | INFO | my_functions.py:1564 | ✅ Ventana encontrada: 'SNAP'
2026-07-18 12:14:35 | INFO | my_functions.py:1579 | ✅ Ventana seleccionada: 'SNAP'
2026-07-18 12:14:37 | INFO | my_functions.py:1611 | ✔ Verificación completa. No hubo cambios después del primer ajuste.
2026-07-18 12:14:37 | INFO | my_functions.py:1206 | [DEBUG] Resizing SNAP window...
2026-07-18 12:14:37 | INFO | my_functions.py:1545 | ⏱ Esperando 0.1 segundos antes de empezar...
2026-07-18 12:14:37 | INFO | my_functions.py:1552 | 🔍 Esperando ventana que contenga alguna de: ['SNAP'] (máx 20s)
2026-07-18 12:14:37 | INFO | my_functions.py:1564 | ✅ Ventana encontrada: 'SNAP'
2026-07-18 12:14:37 | INFO | my_functions.py:1579 | ✅ Ventana seleccionada: 'SNAP'
2026-07-18 12:14:44 | INFO | my_functions.py:1611 | ✔ Verificación completa. No hubo cambios después del primer ajuste.
2026-07-18 12:14:44 | INFO | my_functions.py:247 | [DEBUG] Buscando en paralelo: ['small_submit.PNG', 'small_submit_hover.png', 'submit_hover_2.png', 'small_submit_hover_2.png'] | timeout=90s | confidence=0.8
2026-07-18 12:14:45 | INFO | my_functions.py:134 | Haciendo click en la posición (380, 642)
2026-07-18 12:14:46 | INFO | my_functions.py:269 | 🖱️ Click OK (En paralelo): small_submit.PNG at (380, 642) delay=0.2s
2026-07-18 12:14:49 | INFO | my_functions.py:247 | [DEBUG] Buscando en paralelo: ['small_submit.PNG', 'small_submit_hover.png', 'submit_hover_2.png', 'small_submit_hover_2.png'] | timeout=20s | confidence=0.8
2026-07-18 12:14:50 | INFO | my_functions.py:134 | Haciendo click en la posición (380, 721)
2026-07-18 12:14:50 | INFO | my_functions.py:269 | 🖱️ Click OK (En paralelo): small_submit.PNG at (380, 721) delay=0.2s
2026-07-18 12:14:52 | INFO | my_functions.py:1545 | ⏱ Esperando 0.1 segundos antes de empezar...
2026-07-18 12:14:52 | INFO | my_functions.py:1552 | 🔍 Esperando ventana que contenga alguna de: ['SNAP'] (máx 20s)
2026-07-18 12:14:52 | INFO | my_functions.py:1564 | ✅ Ventana encontrada: 'SNAP'
2026-07-18 12:14:52 | INFO | my_functions.py:1579 | ✅ Ventana seleccionada: 'SNAP'
2026-07-18 12:14:54 | INFO | my_functions.py:1602 | 🔁 Reajuste #1...
2026-07-18 12:14:55 | INFO | my_functions.py:1609 | ✔ Verificación completa. Se hicieron 1 reajustes.
2026-07-18 12:14:55 | INFO | my_functions.py:169 | Searching please_sign.png (timeout=0s)
2026-07-18 12:14:55 | INFO | my_functions.py:199 | 
✅ Found: please_sign.png pos=(383, 438) time=0.45s confidence=0.8
2026-07-18 12:14:55 | INFO | my_functions.py:247 | [DEBUG] Buscando en paralelo: ['ok_btn.png'] | timeout=20s | confidence=0.8
2026-07-18 12:14:57 | INFO | my_functions.py:134 | Haciendo click en la posición (382, 634)
2026-07-18 12:14:57 | INFO | my_functions.py:269 | 🖱️ Click OK (En paralelo): ok_btn.png at (382, 634) delay=1s
2026-07-18 12:14:58 | INFO | my_functions.py:247 | [DEBUG] Buscando en paralelo: ['small_submit.PNG', 'small_submit_hover.png', 'submit_hover_2.png', 'small_submit_hover_2.png'] | timeout=30s | confidence=0.8
2026-07-18 12:15:01 | INFO | my_functions.py:134 | Haciendo click en la posición (383, 643)
2026-07-18 12:15:01 | INFO | my_functions.py:269 | 🖱️ Click OK (En paralelo): small_submit_hover_2.png at (383, 643) delay=0.2s
2026-07-18 12:15:02 | INFO | my_functions.py:247 | [DEBUG] Buscando en paralelo: ['small_submit.PNG', 'small_submit_hover.png', 'submit_hover_2.png', 'small_submit_hover_2.png'] | timeout=20s | confidence=0.8
2026-07-18 12:15:04 | INFO | my_functions.py:134 | Haciendo click en la posición (380, 721)
2026-07-18 12:15:04 | INFO | my_functions.py:269 | 🖱️ Click OK (En paralelo): small_submit.PNG at (380, 721) delay=0.2s
2026-07-18 12:15:05 | INFO | my_functions.py:247 | [DEBUG] Buscando en paralelo: ['sign_in_with_google2.PNG'] | timeout=20s | confidence=0.8
2026-07-18 12:15:07 | INFO | my_functions.py:134 | Haciendo click en la posición (406, 957)
2026-07-18 12:15:07 | INFO | my_functions.py:269 | 🖱️ Click OK (En paralelo): sign_in_with_google2.PNG at (406, 957) delay=1s
2026-07-18 12:15:08 | INFO | my_functions.py:169 | Searching pagina_cargada.png (timeout=60s)
2026-07-18 12:15:13 | INFO | my_functions.py:199 | 
✅ Found: pagina_cargada.png pos=(70, 24) time=4.7s confidence=0.8
2026-07-18 12:15:15 | INFO | my_functions.py:247 | [DEBUG] Buscando en paralelo: ['william.png'] | timeout=0s | confidence=0.8
2026-07-18 12:15:16 | INFO | my_functions.py:281 | [DEBUG] Click skipped, ninguna de las imágenes se encontró en el intento.
2026-07-18 12:15:17 | INFO | my_functions.py:247 | [DEBUG] Buscando en paralelo: ['william.png'] | timeout=0s | confidence=0.8
2026-07-18 12:15:22 | INFO | my_functions.py:134 | Haciendo click en la posición (1150, 469)
2026-07-18 12:15:22 | INFO | my_functions.py:269 | 🖱️ Click OK (En paralelo): william.png at (1150, 469) delay=3s
2026-07-18 12:15:24 | INFO | my_functions.py:169 | Searching marvelsnap_web.png (timeout=30s)
2026-07-18 12:15:29 | INFO | my_functions.py:199 | 
✅ Found: marvelsnap_web.png pos=(258, 80) time=4.8s confidence=0.7
2026-07-18 12:15:29 | INFO | my_functions.py:169 | Searching shop_unselected.PNG (timeout=0s)
2026-07-18 12:15:30 | INFO | my_functions.py:213 | 
⛔ Not found: shop_unselected.PNG after 0.0s region=(0, 0, 765, 1038) confidence=0.8
2026-07-18 12:15:30 | INFO | my_functions.py:247 | [DEBUG] Buscando en paralelo: ['super_premium.PNG'] | timeout=0s | confidence=0.8
2026-07-18 12:15:30 | INFO | my_functions.py:281 | [DEBUG] Click skipped, ninguna de las imágenes se encontró en el intento.
2026-07-18 12:15:31 | INFO | my_functions.py:247 | [DEBUG] Buscando en paralelo: ['maybe_later.PNG'] | timeout=0s | confidence=0.8
2026-07-18 12:15:32 | INFO | my_functions.py:281 | [DEBUG] Click skipped, ninguna de las imágenes se encontró en el intento.
2026-07-18 12:15:33 | INFO | my_functions.py:247 | [DEBUG] Buscando en paralelo: ['maybe_later2.PNG'] | timeout=0s | confidence=0.8
2026-07-18 12:15:34 | INFO | my_functions.py:281 | [DEBUG] Click skipped, ninguna de las imágenes se encontró en el intento.
2026-07-18 12:15:35 | INFO | my_functions.py:169 | Searching go_to_shop.PNG (timeout=0s)
2026-07-18 12:15:35 | INFO | my_functions.py:213 | 
⛔ Not found: go_to_shop.PNG after 0.0s region=(0, 0, 765, 1038) confidence=0.8
2026-07-18 12:15:35 | INFO | my_functions.py:247 | [DEBUG] Buscando en paralelo: ['14_days_of_winterverse.PNG'] | timeout=0s | confidence=0.8
2026-07-18 12:15:36 | INFO | my_functions.py:281 | [DEBUG] Click skipped, ninguna de las imágenes se encontró en el intento.
2026-07-18 12:15:37 | INFO | my_functions.py:169 | Searching welcome_back_calendar.PNG (timeout=0s)
2026-07-18 12:15:37 | INFO | my_functions.py:213 | 
⛔ Not found: welcome_back_calendar.PNG after 0.0s region=(0, 0, 765, 1038) confidence=0.8
2026-07-18 12:15:37 | INFO | my_functions.py:247 | [DEBUG] Buscando en paralelo: ['start_the_countdown.PNG'] | timeout=0s | confidence=0.8
2026-07-18 12:15:38 | INFO | my_functions.py:281 | [DEBUG] Click skipped, ninguna de las imágenes se encontró en el intento.
2026-07-18 12:15:39 | INFO | my_functions.py:247 | [DEBUG] Buscando en paralelo: ['event_has_ended_sanctum.PNG'] | timeout=0s | confidence=0.8
2026-07-18 12:15:40 | INFO | my_functions.py:281 | [DEBUG] Click skipped, ninguna de las imágenes se encontró en el intento.
2026-07-18 12:15:41 | INFO | my_functions.py:247 | [DEBUG] Buscando en paralelo: ['event_has_ended_teamclash.PNG'] | timeout=0s | confidence=0.8
2026-07-18 12:15:41 | INFO | my_functions.py:281 | [DEBUG] Click skipped, ninguna de las imágenes se encontró en el intento.
2026-07-18 12:15:42 | INFO | my_functions.py:247 | [DEBUG] Buscando en paralelo: ['image_part_of_event_grand_arena_finished.PNG'] | timeout=0s | confidence=0.8
2026-07-18 12:15:43 | INFO | my_functions.py:281 | [DEBUG] Click skipped, ninguna de las imágenes se encontró en el intento.
2026-07-18 12:15:44 | INFO | my_functions.py:169 | Searching 28_day_event_login_rewards.PNG (timeout=0s)
2026-07-18 12:15:44 | INFO | my_functions.py:213 | 
⛔ Not found: 28_day_event_login_rewards.PNG after 0.0s region=(0, 0, 765, 1038) confidence=0.8
2026-07-18 12:15:44 | INFO | my_functions.py:169 | Searching 7_day_event_login.PNG (timeout=0s)
2026-07-18 12:15:45 | INFO | my_functions.py:213 | 
⛔ Not found: 7_day_event_login.PNG after 0.0s region=(0, 0, 765, 1038) confidence=0.8
2026-07-18 12:15:45 | INFO | my_functions.py:169 | Searching 14_days_event.PNG (timeout=0s)
2026-07-18 12:15:45 | INFO | my_functions.py:213 | 
⛔ Not found: 14_days_event.PNG after 0.01s region=(0, 0, 765, 1038) confidence=0.8
2026-07-18 12:15:45 | INFO | my_functions.py:247 | [DEBUG] Buscando en paralelo: ['lets_go.PNG'] | timeout=0s | confidence=0.8
2026-07-18 12:15:46 | INFO | my_functions.py:281 | [DEBUG] Click skipped, ninguna de las imágenes se encontró en el intento.
2026-07-18 12:15:48 | INFO | my_functions.py:169 | Searching shop_unselected.PNG (timeout=0s)
2026-07-18 12:15:49 | INFO | my_functions.py:213 | 
⛔ Not found: shop_unselected.PNG after 0.0s region=(0, 0, 765, 1038) confidence=0.8
2026-07-18 12:15:49 | INFO | my_functions.py:247 | [DEBUG] Buscando en paralelo: ['super_premium.PNG'] | timeout=0s | confidence=0.8
2026-07-18 12:15:50 | INFO | my_functions.py:134 | Haciendo click en la posición (480, 777)
2026-07-18 12:15:50 | INFO | my_functions.py:269 | 🖱️ Click OK (En paralelo): super_premium.PNG at (480, 777) delay=1s
2026-07-18 12:15:52 | INFO | my_functions.py:142 | Presionando ESC (1/1)
2026-07-18 12:16:00 | INFO | my_functions.py:169 | Searching shop_unselected.PNG (timeout=0s)
2026-07-18 12:16:01 | INFO | my_functions.py:199 | 
✅ Found: shop_unselected.PNG pos=(88, 961) time=0.69s confidence=0.8
2026-07-18 12:16:01 | INFO | my_functions.py:714 | Ya esta listo
2026-07-18 12:16:05 | INFO | my_functions.py:533 | AVAILABLE: 4
2026-07-18 12:16:05 | INFO | my_functions.py:247 | [DEBUG] Buscando en paralelo: ['nut.png'] | timeout=20s | confidence=0.8
2026-07-18 12:16:07 | INFO | my_functions.py:134 | Haciendo click en la posición (184, 78)
2026-07-18 12:16:07 | INFO | my_functions.py:269 | 🖱️ Click OK (En paralelo): nut.png at (184, 78) delay=1s
2026-07-18 12:16:08 | INFO | my_functions.py:247 | [DEBUG] Buscando en paralelo: ['graphics_quality.png'] | timeout=3s | confidence=0.8
2026-07-18 12:16:10 | INFO | my_functions.py:134 | Haciendo click en la posición (304, 644)
2026-07-18 12:16:10 | INFO | my_functions.py:269 | 🖱️ Click OK (En paralelo): graphics_quality.png at (304, 644) delay=1s
2026-07-18 12:16:12 | INFO | my_functions.py:247 | [DEBUG] Buscando en paralelo: ['sign_out.png'] | timeout=20s | confidence=0.8
2026-07-18 12:16:14 | INFO | my_functions.py:134 | Haciendo click en la posición (380, 796)
2026-07-18 12:16:14 | INFO | my_functions.py:269 | 🖱️ Click OK (En paralelo): sign_out.png at (380, 796) delay=1s
2026-07-18 12:16:16 | INFO | my_functions.py:247 | [DEBUG] Buscando en paralelo: ['sign_out_grande.png'] | timeout=20s | confidence=0.8
2026-07-18 12:16:17 | INFO | my_functions.py:134 | Haciendo click en la posición (359, 437)
2026-07-18 12:16:18 | INFO | my_functions.py:269 | 🖱️ Click OK (En paralelo): sign_out_grande.png at (359, 437) delay=1s
2026-07-18 12:16:19 | INFO | my_functions.py:247 | [DEBUG] Buscando en paralelo: ['sign_out2.png'] | timeout=20s | confidence=0.8
2026-07-18 12:16:20 | INFO | my_functions.py:134 | Haciendo click en la posición (383, 634)
2026-07-18 12:16:20 | INFO | my_functions.py:269 | 🖱️ Click OK (En paralelo): sign_out2.png at (383, 634) delay=1s
2026-07-18 12:16:22 | INFO | my_functions.py:1545 | ⏱ Esperando 0.1 segundos antes de empezar...
2026-07-18 12:16:22 | INFO | my_functions.py:1552 | 🔍 Esperando ventana que contenga alguna de: SNAP (máx 20s)
2026-07-18 12:16:22 | INFO | my_functions.py:1564 | ✅ Ventana encontrada: 'SNAP'
2026-07-18 12:16:22 | INFO | my_functions.py:1579 | ✅ Ventana seleccionada: 'SNAP'
2026-07-18 12:16:24 | INFO | my_functions.py:1602 | 🔁 Reajuste #1...
2026-07-18 12:16:26 | INFO | my_functions.py:1609 | ✔ Verificación completa. Se hicieron 1 reajustes.
2026-07-18 12:16:30 | INFO | each_eight_hours.py:113 | Processing account: reeps_vm
2026-07-18 12:16:30 | INFO | my_functions.py:1545 | ⏱ Esperando 0.1 segundos antes de empezar...
2026-07-18 12:16:30 | INFO | my_functions.py:1552 | 🔍 Esperando ventana que contenga alguna de: ['SNAP'] (máx 20s)
2026-07-18 12:16:32 | INFO | my_functions.py:1564 | ✅ Ventana encontrada: 'SNAP'
2026-07-18 12:16:32 | INFO | my_functions.py:1579 | ✅ Ventana seleccionada: 'SNAP'
2026-07-18 12:16:34 | INFO | my_functions.py:1611 | ✔ Verificación completa. No hubo cambios después del primer ajuste.
2026-07-18 12:16:34 | INFO | my_functions.py:1206 | [DEBUG] Resizing SNAP window...
2026-07-18 12:16:34 | INFO | my_functions.py:1545 | ⏱ Esperando 0.1 segundos antes de empezar...
2026-07-18 12:16:34 | INFO | my_functions.py:1552 | 🔍 Esperando ventana que contenga alguna de: ['SNAP'] (máx 20s)
2026-07-18 12:16:34 | INFO | my_functions.py:1564 | ✅ Ventana encontrada: 'SNAP'
2026-07-18 12:16:34 | INFO | my_functions.py:1579 | ✅ Ventana seleccionada: 'SNAP'
2026-07-18 12:16:41 | INFO | my_functions.py:1611 | ✔ Verificación completa. No hubo cambios después del primer ajuste.
2026-07-18 12:16:41 | INFO | my_functions.py:247 | [DEBUG] Buscando en paralelo: ['small_submit.PNG', 'small_submit_hover.png', 'submit_hover_2.png', 'small_submit_hover_2.png'] | timeout=90s | confidence=0.8
2026-07-18 12:16:43 | INFO | my_functions.py:134 | Haciendo click en la posición (380, 642)
2026-07-18 12:16:43 | INFO | my_functions.py:269 | 🖱️ Click OK (En paralelo): small_submit.PNG at (380, 642) delay=0.2s
2026-07-18 12:16:46 | INFO | my_functions.py:247 | [DEBUG] Buscando en paralelo: ['small_submit.PNG', 'small_submit_hover.png', 'submit_hover_2.png', 'small_submit_hover_2.png'] | timeout=20s | confidence=0.8
2026-07-18 12:16:48 | INFO | my_functions.py:134 | Haciendo click en la posición (380, 721)
2026-07-18 12:16:48 | INFO | my_functions.py:269 | 🖱️ Click OK (En paralelo): small_submit.PNG at (380, 721) delay=0.2s
2026-07-18 12:16:49 | INFO | my_functions.py:1545 | ⏱ Esperando 0.1 segundos antes de empezar...
2026-07-18 12:16:49 | INFO | my_functions.py:1552 | 🔍 Esperando ventana que contenga alguna de: ['SNAP'] (máx 20s)
2026-07-18 12:16:49 | INFO | my_functions.py:1564 | ✅ Ventana encontrada: 'SNAP'
2026-07-18 12:16:49 | INFO | my_functions.py:1579 | ✅ Ventana seleccionada: 'SNAP'
2026-07-18 12:16:51 | INFO | my_functions.py:1602 | 🔁 Reajuste #1...
2026-07-18 12:16:52 | INFO | my_functions.py:1609 | ✔ Verificación completa. Se hicieron 1 reajustes.
2026-07-18 12:16:52 | INFO | my_functions.py:169 | Searching please_sign.png (timeout=0s)
2026-07-18 12:16:53 | INFO | my_functions.py:199 | 
✅ Found: please_sign.png pos=(383, 438) time=0.45s confidence=0.8
2026-07-18 12:16:53 | INFO | my_functions.py:247 | [DEBUG] Buscando en paralelo: ['ok_btn.png'] | timeout=20s | confidence=0.8
2026-07-18 12:16:54 | INFO | my_functions.py:134 | Haciendo click en la posición (382, 634)
2026-07-18 12:16:55 | INFO | my_functions.py:269 | 🖱️ Click OK (En paralelo): ok_btn.png at (382, 634) delay=1s
2026-07-18 12:16:56 | INFO | my_functions.py:247 | [DEBUG] Buscando en paralelo: ['small_submit.PNG', 'small_submit_hover.png', 'submit_hover_2.png', 'small_submit_hover_2.png'] | timeout=30s | confidence=0.8
2026-07-18 12:16:58 | INFO | my_functions.py:134 | Haciendo click en la posición (383, 643)
2026-07-18 12:16:59 | INFO | my_functions.py:269 | 🖱️ Click OK (En paralelo): small_submit_hover_2.png at (383, 643) delay=0.2s
2026-07-18 12:17:00 | INFO | my_functions.py:247 | [DEBUG] Buscando en paralelo: ['small_submit.PNG', 'small_submit_hover.png', 'submit_hover_2.png', 'small_submit_hover_2.png'] | timeout=20s | confidence=0.8
2026-07-18 12:17:01 | INFO | my_functions.py:134 | Haciendo click en la posición (380, 721)
2026-07-18 12:17:01 | INFO | my_functions.py:269 | 🖱️ Click OK (En paralelo): small_submit.PNG at (380, 721) delay=0.2s
2026-07-18 12:17:02 | INFO | my_functions.py:247 | [DEBUG] Buscando en paralelo: ['sign_in_with_google2.PNG'] | timeout=20s | confidence=0.8
2026-07-18 12:17:04 | INFO | my_functions.py:134 | Haciendo click en la posición (406, 957)
2026-07-18 12:17:04 | INFO | my_functions.py:269 | 🖱️ Click OK (En paralelo): sign_in_with_google2.PNG at (406, 957) delay=1s
2026-07-18 12:17:05 | INFO | my_functions.py:169 | Searching pagina_cargada.png (timeout=60s)
2026-07-18 12:17:09 | INFO | my_functions.py:199 | 
✅ Found: pagina_cargada.png pos=(70, 24) time=4.2s confidence=0.8
2026-07-18 12:17:11 | INFO | my_functions.py:247 | [DEBUG] Buscando en paralelo: ['reeps_vm.png'] | timeout=0s | confidence=0.8
2026-07-18 12:17:15 | INFO | my_functions.py:134 | Haciendo click en la posición (1126, 534)
2026-07-18 12:17:15 | INFO | my_functions.py:269 | 🖱️ Click OK (En paralelo): reeps_vm.png at (1126, 534) delay=3s
2026-07-18 12:17:17 | INFO | my_functions.py:169 | Searching marvelsnap_web.png (timeout=30s)
2026-07-18 12:17:21 | INFO | my_functions.py:199 | 
✅ Found: marvelsnap_web.png pos=(258, 80) time=4.1s confidence=0.7
2026-07-18 12:17:21 | INFO | my_functions.py:169 | Searching shop_unselected.PNG (timeout=0s)
2026-07-18 12:17:22 | INFO | my_functions.py:213 | 
⛔ Not found: shop_unselected.PNG after 0.0s region=(0, 0, 765, 1038) confidence=0.8
2026-07-18 12:17:22 | INFO | my_functions.py:247 | [DEBUG] Buscando en paralelo: ['super_premium.PNG'] | timeout=0s | confidence=0.8
2026-07-18 12:17:22 | INFO | my_functions.py:281 | [DEBUG] Click skipped, ninguna de las imágenes se encontró en el intento.
2026-07-18 12:17:23 | INFO | my_functions.py:247 | [DEBUG] Buscando en paralelo: ['maybe_later.PNG'] | timeout=0s | confidence=0.8
2026-07-18 12:17:24 | INFO | my_functions.py:281 | [DEBUG] Click skipped, ninguna de las imágenes se encontró en el intento.
2026-07-18 12:17:25 | INFO | my_functions.py:247 | [DEBUG] Buscando en paralelo: ['maybe_later2.PNG'] | timeout=0s | confidence=0.8
2026-07-18 12:17:26 | INFO | my_functions.py:281 | [DEBUG] Click skipped, ninguna de las imágenes se encontró en el intento.
2026-07-18 12:17:27 | INFO | my_functions.py:169 | Searching go_to_shop.PNG (timeout=0s)
2026-07-18 12:17:27 | INFO | my_functions.py:213 | 
⛔ Not found: go_to_shop.PNG after 0.0s region=(0, 0, 765, 1038) confidence=0.8
2026-07-18 12:17:27 | INFO | my_functions.py:247 | [DEBUG] Buscando en paralelo: ['14_days_of_winterverse.PNG'] | timeout=0s | confidence=0.8
2026-07-18 12:17:28 | INFO | my_functions.py:281 | [DEBUG] Click skipped, ninguna de las imágenes se encontró en el intento.
2026-07-18 12:17:29 | INFO | my_functions.py:169 | Searching welcome_back_calendar.PNG (timeout=0s)
2026-07-18 12:17:29 | INFO | my_functions.py:213 | 
⛔ Not found: welcome_back_calendar.PNG after 0.0s region=(0, 0, 765, 1038) confidence=0.8
2026-07-18 12:17:29 | INFO | my_functions.py:247 | [DEBUG] Buscando en paralelo: ['start_the_countdown.PNG'] | timeout=0s | confidence=0.8
2026-07-18 12:17:30 | INFO | my_functions.py:281 | [DEBUG] Click skipped, ninguna de las imágenes se encontró en el intento.
2026-07-18 12:17:31 | INFO | my_functions.py:247 | [DEBUG] Buscando en paralelo: ['event_has_ended_sanctum.PNG'] | timeout=0s | confidence=0.8
2026-07-18 12:17:31 | INFO | my_functions.py:281 | [DEBUG] Click skipped, ninguna de las imágenes se encontró en el intento.
2026-07-18 12:17:33 | INFO | my_functions.py:247 | [DEBUG] Buscando en paralelo: ['event_has_ended_teamclash.PNG'] | timeout=0s | confidence=0.8
2026-07-18 12:17:33 | INFO | my_functions.py:281 | [DEBUG] Click skipped, ninguna de las imágenes se encontró en el intento.
2026-07-18 12:17:34 | INFO | my_functions.py:247 | [DEBUG] Buscando en paralelo: ['image_part_of_event_grand_arena_finished.PNG'] | timeout=0s | confidence=0.8
2026-07-18 12:17:35 | INFO | my_functions.py:281 | [DEBUG] Click skipped, ninguna de las imágenes se encontró en el intento.
2026-07-18 12:17:36 | INFO | my_functions.py:169 | Searching 28_day_event_login_rewards.PNG (timeout=0s)
2026-07-18 12:17:36 | INFO | my_functions.py:213 | 
⛔ Not found: 28_day_event_login_rewards.PNG after 0.0s region=(0, 0, 765, 1038) confidence=0.8
2026-07-18 12:17:36 | INFO | my_functions.py:169 | Searching 7_day_event_login.PNG (timeout=0s)
2026-07-18 12:17:37 | INFO | my_functions.py:213 | 
⛔ Not found: 7_day_event_login.PNG after 0.0s region=(0, 0, 765, 1038) confidence=0.8
2026-07-18 12:17:37 | INFO | my_functions.py:169 | Searching 14_days_event.PNG (timeout=0s)
2026-07-18 12:17:38 | INFO | my_functions.py:213 | 
⛔ Not found: 14_days_event.PNG after 0.0s region=(0, 0, 765, 1038) confidence=0.8
2026-07-18 12:17:38 | INFO | my_functions.py:247 | [DEBUG] Buscando en paralelo: ['lets_go.PNG'] | timeout=0s | confidence=0.8
2026-07-18 12:17:38 | INFO | my_functions.py:281 | [DEBUG] Click skipped, ninguna de las imágenes se encontró en el intento.
2026-07-18 12:17:40 | INFO | my_functions.py:169 | Searching shop_unselected.PNG (timeout=0s)
2026-07-18 12:17:41 | INFO | my_functions.py:213 | 
⛔ Not found: shop_unselected.PNG after 0.0s region=(0, 0, 765, 1038) confidence=0.8
2026-07-18 12:17:41 | INFO | my_functions.py:247 | [DEBUG] Buscando en paralelo: ['super_premium.PNG'] | timeout=0s | confidence=0.8
2026-07-18 12:17:42 | INFO | my_functions.py:134 | Haciendo click en la posición (480, 777)
2026-07-18 12:17:43 | INFO | my_functions.py:269 | 🖱️ Click OK (En paralelo): super_premium.PNG at (480, 777) delay=1s
2026-07-18 12:17:44 | INFO | my_functions.py:142 | Presionando ESC (1/1)
2026-07-18 12:17:52 | INFO | my_functions.py:169 | Searching shop_unselected.PNG (timeout=0s)
2026-07-18 12:17:53 | INFO | my_functions.py:199 | 
✅ Found: shop_unselected.PNG pos=(88, 961) time=0.8s confidence=0.8
2026-07-18 12:17:53 | INFO | my_functions.py:714 | Ya esta listo
2026-07-18 12:17:57 | INFO | my_functions.py:533 | AVAILABLE: 2
2026-07-18 12:17:57 | INFO | my_functions.py:247 | [DEBUG] Buscando en paralelo: ['nut.png'] | timeout=20s | confidence=0.8
2026-07-18 12:17:59 | INFO | my_functions.py:134 | Haciendo click en la posición (184, 78)
2026-07-18 12:18:00 | INFO | my_functions.py:269 | 🖱️ Click OK (En paralelo): nut.png at (184, 78) delay=1s
2026-07-18 12:18:01 | INFO | my_functions.py:247 | [DEBUG] Buscando en paralelo: ['graphics_quality.png'] | timeout=3s | confidence=0.8
2026-07-18 12:18:02 | INFO | my_functions.py:134 | Haciendo click en la posición (304, 644)
2026-07-18 12:18:02 | INFO | my_functions.py:269 | 🖱️ Click OK (En paralelo): graphics_quality.png at (304, 644) delay=1s
2026-07-18 12:18:05 | INFO | my_functions.py:247 | [DEBUG] Buscando en paralelo: ['sign_out.png'] | timeout=20s | confidence=0.8
2026-07-18 12:18:06 | INFO | my_functions.py:134 | Haciendo click en la posición (380, 796)
2026-07-18 12:18:06 | INFO | my_functions.py:269 | 🖱️ Click OK (En paralelo): sign_out.png at (380, 796) delay=1s
2026-07-18 12:18:09 | INFO | my_functions.py:247 | [DEBUG] Buscando en paralelo: ['sign_out_grande.png'] | timeout=20s | confidence=0.8
2026-07-18 12:18:10 | INFO | my_functions.py:134 | Haciendo click en la posición (359, 437)
2026-07-18 12:18:11 | INFO | my_functions.py:269 | 🖱️ Click OK (En paralelo): sign_out_grande.png at (359, 437) delay=1s
2026-07-18 12:18:12 | INFO | my_functions.py:247 | [DEBUG] Buscando en paralelo: ['sign_out2.png'] | timeout=20s | confidence=0.8
2026-07-18 12:18:14 | INFO | my_functions.py:134 | Haciendo click en la posición (383, 634)
2026-07-18 12:18:14 | INFO | my_functions.py:269 | 🖱️ Click OK (En paralelo): sign_out2.png at (383, 634) delay=1s
2026-07-18 12:18:15 | INFO | my_functions.py:1545 | ⏱ Esperando 0.1 segundos antes de empezar...
2026-07-18 12:18:15 | INFO | my_functions.py:1552 | 🔍 Esperando ventana que contenga alguna de: SNAP (máx 20s)
2026-07-18 12:18:15 | INFO | my_functions.py:1564 | ✅ Ventana encontrada: 'SNAP'
2026-07-18 12:18:15 | INFO | my_functions.py:1579 | ✅ Ventana seleccionada: 'SNAP'
2026-07-18 12:18:17 | INFO | my_functions.py:1602 | 🔁 Reajuste #1...
2026-07-18 12:18:22 | INFO | my_functions.py:1609 | ✔ Verificación completa. Se hicieron 1 reajustes.
2026-07-18 12:18:26 | INFO | each_eight_hours.py:113 | Processing account: overture_vm
2026-07-18 12:18:26 | INFO | my_functions.py:1545 | ⏱ Esperando 0.1 segundos antes de empezar...
2026-07-18 12:18:26 | INFO | my_functions.py:1552 | 🔍 Esperando ventana que contenga alguna de: ['SNAP'] (máx 20s)
2026-07-18 12:18:29 | INFO | my_functions.py:1564 | ✅ Ventana encontrada: 'SNAP'
2026-07-18 12:18:29 | INFO | my_functions.py:1579 | ✅ Ventana seleccionada: 'SNAP'
2026-07-18 12:18:31 | INFO | my_functions.py:1611 | ✔ Verificación completa. No hubo cambios después del primer ajuste.
2026-07-18 12:18:32 | INFO | my_functions.py:1206 | [DEBUG] Resizing SNAP window...
2026-07-18 12:18:32 | INFO | my_functions.py:1545 | ⏱ Esperando 0.1 segundos antes de empezar...
2026-07-18 12:18:32 | INFO | my_functions.py:1552 | 🔍 Esperando ventana que contenga alguna de: ['SNAP'] (máx 20s)
2026-07-18 12:18:32 | INFO | my_functions.py:1564 | ✅ Ventana encontrada: 'SNAP'
2026-07-18 12:18:32 | INFO | my_functions.py:1579 | ✅ Ventana seleccionada: 'SNAP'
2026-07-18 12:18:39 | INFO | my_functions.py:1611 | ✔ Verificación completa. No hubo cambios después del primer ajuste.
2026-07-18 12:18:39 | INFO | my_functions.py:247 | [DEBUG] Buscando en paralelo: ['small_submit.PNG', 'small_submit_hover.png', 'submit_hover_2.png', 'small_submit_hover_2.png'] | timeout=90s | confidence=0.8
2026-07-18 12:18:47 | INFO | my_functions.py:134 | Haciendo click en la posición (380, 642)
2026-07-18 12:18:47 | INFO | my_functions.py:269 | 🖱️ Click OK (En paralelo): small_submit.PNG at (380, 642) delay=0.2s
2026-07-18 12:18:50 | INFO | my_functions.py:247 | [DEBUG] Buscando en paralelo: ['small_submit.PNG', 'small_submit_hover.png', 'submit_hover_2.png', 'small_submit_hover_2.png'] | timeout=20s | confidence=0.8
2026-07-18 12:18:52 | INFO | my_functions.py:134 | Haciendo click en la posición (380, 721)
2026-07-18 12:18:52 | INFO | my_functions.py:269 | 🖱️ Click OK (En paralelo): small_submit.PNG at (380, 721) delay=0.2s
2026-07-18 12:18:53 | INFO | my_functions.py:1545 | ⏱ Esperando 0.1 segundos antes de empezar...
2026-07-18 12:18:54 | INFO | my_functions.py:1552 | 🔍 Esperando ventana que contenga alguna de: ['SNAP'] (máx 20s)
2026-07-18 12:18:54 | INFO | my_functions.py:1564 | ✅ Ventana encontrada: 'SNAP'
2026-07-18 12:18:54 | INFO | my_functions.py:1579 | ✅ Ventana seleccionada: 'SNAP'
2026-07-18 12:18:56 | INFO | my_functions.py:1602 | 🔁 Reajuste #1...
2026-07-18 12:18:57 | INFO | my_functions.py:1609 | ✔ Verificación completa. Se hicieron 1 reajustes.
2026-07-18 12:18:57 | INFO | my_functions.py:169 | Searching please_sign.png (timeout=0s)
2026-07-18 12:18:57 | INFO | my_functions.py:199 | 
✅ Found: please_sign.png pos=(383, 438) time=0.51s confidence=0.8
2026-07-18 12:18:57 | INFO | my_functions.py:247 | [DEBUG] Buscando en paralelo: ['ok_btn.png'] | timeout=20s | confidence=0.8
2026-07-18 12:18:59 | INFO | my_functions.py:134 | Haciendo click en la posición (382, 634)
2026-07-18 12:18:59 | INFO | my_functions.py:269 | 🖱️ Click OK (En paralelo): ok_btn.png at (382, 634) delay=1s
2026-07-18 12:19:00 | INFO | my_functions.py:247 | [DEBUG] Buscando en paralelo: ['small_submit.PNG', 'small_submit_hover.png', 'submit_hover_2.png', 'small_submit_hover_2.png'] | timeout=30s | confidence=0.8
2026-07-18 12:19:03 | INFO | my_functions.py:134 | Haciendo click en la posición (383, 643)
2026-07-18 12:19:03 | INFO | my_functions.py:269 | 🖱️ Click OK (En paralelo): small_submit_hover_2.png at (383, 643) delay=0.2s
2026-07-18 12:19:05 | INFO | my_functions.py:247 | [DEBUG] Buscando en paralelo: ['small_submit.PNG', 'small_submit_hover.png', 'submit_hover_2.png', 'small_submit_hover_2.png'] | timeout=20s | confidence=0.8
2026-07-18 12:19:06 | INFO | my_functions.py:134 | Haciendo click en la posición (380, 721)
2026-07-18 12:19:06 | INFO | my_functions.py:269 | 🖱️ Click OK (En paralelo): small_submit.PNG at (380, 721) delay=0.2s
2026-07-18 12:19:07 | INFO | my_functions.py:247 | [DEBUG] Buscando en paralelo: ['sign_in_with_google2.PNG'] | timeout=20s | confidence=0.8
2026-07-18 12:19:09 | INFO | my_functions.py:134 | Haciendo click en la posición (406, 957)
2026-07-18 12:19:09 | INFO | my_functions.py:269 | 🖱️ Click OK (En paralelo): sign_in_with_google2.PNG at (406, 957) delay=1s
2026-07-18 12:19:10 | INFO | my_functions.py:169 | Searching pagina_cargada.png (timeout=60s)
2026-07-18 12:19:18 | INFO | my_functions.py:199 | 
✅ Found: pagina_cargada.png pos=(70, 24) time=8.13s confidence=0.8
2026-07-18 12:19:20 | INFO | my_functions.py:247 | [DEBUG] Buscando en paralelo: ['overture_vm.png'] | timeout=0s | confidence=0.8
2026-07-18 12:19:24 | INFO | my_functions.py:134 | Haciendo click en la posición (1126, 447)
2026-07-18 12:19:24 | INFO | my_functions.py:269 | 🖱️ Click OK (En paralelo): overture_vm.png at (1126, 447) delay=3s
2026-07-18 12:19:25 | INFO | my_functions.py:169 | Searching marvelsnap_web.png (timeout=30s)
2026-07-18 12:19:31 | INFO | my_functions.py:199 | 
✅ Found: marvelsnap_web.png pos=(258, 80) time=5.23s confidence=0.7
2026-07-18 12:19:31 | INFO | my_functions.py:169 | Searching shop_unselected.PNG (timeout=0s)
2026-07-18 12:19:32 | INFO | my_functions.py:213 | 
⛔ Not found: shop_unselected.PNG after 0.0s region=(0, 0, 765, 1038) confidence=0.8
2026-07-18 12:19:32 | INFO | my_functions.py:247 | [DEBUG] Buscando en paralelo: ['super_premium.PNG'] | timeout=0s | confidence=0.8
2026-07-18 12:19:33 | INFO | my_functions.py:281 | [DEBUG] Click skipped, ninguna de las imágenes se encontró en el intento.
2026-07-18 12:19:34 | INFO | my_functions.py:247 | [DEBUG] Buscando en paralelo: ['maybe_later.PNG'] | timeout=0s | confidence=0.8
2026-07-18 12:19:35 | INFO | my_functions.py:281 | [DEBUG] Click skipped, ninguna de las imágenes se encontró en el intento.
2026-07-18 12:19:36 | INFO | my_functions.py:247 | [DEBUG] Buscando en paralelo: ['maybe_later2.PNG'] | timeout=0s | confidence=0.8
2026-07-18 12:19:36 | INFO | my_functions.py:281 | [DEBUG] Click skipped, ninguna de las imágenes se encontró en el intento.
2026-07-18 12:19:37 | INFO | my_functions.py:169 | Searching go_to_shop.PNG (timeout=0s)
2026-07-18 12:19:38 | INFO | my_functions.py:213 | 
⛔ Not found: go_to_shop.PNG after 0.0s region=(0, 0, 765, 1038) confidence=0.8
2026-07-18 12:19:38 | INFO | my_functions.py:247 | [DEBUG] Buscando en paralelo: ['14_days_of_winterverse.PNG'] | timeout=0s | confidence=0.8
2026-07-18 12:19:39 | INFO | my_functions.py:281 | [DEBUG] Click skipped, ninguna de las imágenes se encontró en el intento.
2026-07-18 12:19:40 | INFO | my_functions.py:169 | Searching welcome_back_calendar.PNG (timeout=0s)
2026-07-18 12:19:41 | INFO | my_functions.py:213 | 
⛔ Not found: welcome_back_calendar.PNG after 0.48s region=(0, 0, 765, 1038) confidence=0.8
2026-07-18 12:19:41 | INFO | my_functions.py:247 | [DEBUG] Buscando en paralelo: ['start_the_countdown.PNG'] | timeout=0s | confidence=0.8
2026-07-18 12:19:41 | INFO | my_functions.py:281 | [DEBUG] Click skipped, ninguna de las imágenes se encontró en el intento.
2026-07-18 12:19:42 | INFO | my_functions.py:247 | [DEBUG] Buscando en paralelo: ['event_has_ended_sanctum.PNG'] | timeout=0s | confidence=0.8
2026-07-18 12:19:43 | INFO | my_functions.py:281 | [DEBUG] Click skipped, ninguna de las imágenes se encontró en el intento.
2026-07-18 12:19:44 | INFO | my_functions.py:247 | [DEBUG] Buscando en paralelo: ['event_has_ended_teamclash.PNG'] | timeout=0s | confidence=0.8
2026-07-18 12:19:45 | INFO | my_functions.py:281 | [DEBUG] Click skipped, ninguna de las imágenes se encontró en el intento.
2026-07-18 12:19:46 | INFO | my_functions.py:247 | [DEBUG] Buscando en paralelo: ['image_part_of_event_grand_arena_finished.PNG'] | timeout=0s | confidence=0.8
2026-07-18 12:19:46 | INFO | my_functions.py:281 | [DEBUG] Click skipped, ninguna de las imágenes se encontró en el intento.
2026-07-18 12:19:47 | INFO | my_functions.py:169 | Searching 28_day_event_login_rewards.PNG (timeout=0s)
2026-07-18 12:19:48 | INFO | my_functions.py:213 | 
⛔ Not found: 28_day_event_login_rewards.PNG after 0.0s region=(0, 0, 765, 1038) confidence=0.8
2026-07-18 12:19:48 | INFO | my_functions.py:169 | Searching 7_day_event_login.PNG (timeout=0s)
2026-07-18 12:19:48 | INFO | my_functions.py:213 | 
⛔ Not found: 7_day_event_login.PNG after 0.0s region=(0, 0, 765, 1038) confidence=0.8
2026-07-18 12:19:48 | INFO | my_functions.py:169 | Searching 14_days_event.PNG (timeout=0s)
2026-07-18 12:19:49 | INFO | my_functions.py:213 | 
⛔ Not found: 14_days_event.PNG after 0.0s region=(0, 0, 765, 1038) confidence=0.8
2026-07-18 12:19:49 | INFO | my_functions.py:247 | [DEBUG] Buscando en paralelo: ['lets_go.PNG'] | timeout=0s | confidence=0.8
2026-07-18 12:19:49 | INFO | my_functions.py:281 | [DEBUG] Click skipped, ninguna de las imágenes se encontró en el intento.
2026-07-18 12:19:51 | INFO | my_functions.py:169 | Searching shop_unselected.PNG (timeout=0s)
2026-07-18 12:19:52 | INFO | my_functions.py:199 | 
✅ Found: shop_unselected.PNG pos=(88, 961) time=0.75s confidence=0.8
2026-07-18 12:20:00 | INFO | my_functions.py:169 | Searching shop_unselected.PNG (timeout=0s)
2026-07-18 12:20:01 | INFO | my_functions.py:199 | 
✅ Found: shop_unselected.PNG pos=(89, 961) time=0.75s confidence=0.8
2026-07-18 12:20:01 | INFO | my_functions.py:714 | Ya esta listo
2026-07-18 12:20:05 | INFO | my_functions.py:533 | AVAILABLE: 4
2026-07-18 12:20:05 | INFO | my_functions.py:247 | [DEBUG] Buscando en paralelo: ['nut.png'] | timeout=20s | confidence=0.8
2026-07-18 12:20:07 | INFO | my_functions.py:134 | Haciendo click en la posición (184, 78)
2026-07-18 12:20:07 | INFO | my_functions.py:269 | 🖱️ Click OK (En paralelo): nut.png at (184, 78) delay=1s
2026-07-18 12:20:08 | INFO | my_functions.py:247 | [DEBUG] Buscando en paralelo: ['graphics_quality.png'] | timeout=3s | confidence=0.8
2026-07-18 12:20:10 | INFO | my_functions.py:134 | Haciendo click en la posición (304, 644)
2026-07-18 12:20:10 | INFO | my_functions.py:269 | 🖱️ Click OK (En paralelo): graphics_quality.png at (304, 644) delay=1s
2026-07-18 12:20:12 | INFO | my_functions.py:247 | [DEBUG] Buscando en paralelo: ['sign_out.png'] | timeout=20s | confidence=0.8
2026-07-18 12:20:14 | INFO | my_functions.py:134 | Haciendo click en la posición (380, 796)
2026-07-18 12:20:14 | INFO | my_functions.py:269 | 🖱️ Click OK (En paralelo): sign_out.png at (380, 796) delay=1s
2026-07-18 12:20:16 | INFO | my_functions.py:247 | [DEBUG] Buscando en paralelo: ['sign_out_grande.png'] | timeout=20s | confidence=0.8
2026-07-18 12:20:18 | INFO | my_functions.py:134 | Haciendo click en la posición (359, 437)
2026-07-18 12:20:18 | INFO | my_functions.py:269 | 🖱️ Click OK (En paralelo): sign_out_grande.png at (359, 437) delay=1s
2026-07-18 12:20:19 | INFO | my_functions.py:247 | [DEBUG] Buscando en paralelo: ['sign_out2.png'] | timeout=20s | confidence=0.8
2026-07-18 12:20:21 | INFO | my_functions.py:134 | Haciendo click en la posición (383, 634)
2026-07-18 12:20:21 | INFO | my_functions.py:269 | 🖱️ Click OK (En paralelo): sign_out2.png at (383, 634) delay=1s
2026-07-18 12:20:22 | INFO | my_functions.py:1545 | ⏱ Esperando 0.1 segundos antes de empezar...
2026-07-18 12:20:22 | INFO | my_functions.py:1552 | 🔍 Esperando ventana que contenga alguna de: SNAP (máx 20s)
2026-07-18 12:20:22 | INFO | my_functions.py:1564 | ✅ Ventana encontrada: 'SNAP'
2026-07-18 12:20:22 | INFO | my_functions.py:1579 | ✅ Ventana seleccionada: 'SNAP'
2026-07-18 12:20:24 | INFO | my_functions.py:1602 | 🔁 Reajuste #1...
2026-07-18 12:20:26 | INFO | my_functions.py:1609 | ✔ Verificación completa. Se hicieron 1 reajustes.
2026-07-18 12:20:30 | INFO | each_eight_hours.py:113 | Processing account: percy
2026-07-18 12:20:30 | INFO | my_functions.py:1545 | ⏱ Esperando 0.1 segundos antes de empezar...
2026-07-18 12:20:31 | INFO | my_functions.py:1552 | 🔍 Esperando ventana que contenga alguna de: ['SNAP'] (máx 20s)
2026-07-18 12:20:34 | INFO | my_functions.py:1564 | ✅ Ventana encontrada: 'SNAP'
2026-07-18 12:20:34 | INFO | my_functions.py:1579 | ✅ Ventana seleccionada: 'SNAP'
2026-07-18 12:20:36 | INFO | my_functions.py:1611 | ✔ Verificación completa. No hubo cambios después del primer ajuste.
2026-07-18 12:20:36 | INFO | my_functions.py:1206 | [DEBUG] Resizing SNAP window...
2026-07-18 12:20:36 | INFO | my_functions.py:1545 | ⏱ Esperando 0.1 segundos antes de empezar...
2026-07-18 12:20:36 | INFO | my_functions.py:1552 | 🔍 Esperando ventana que contenga alguna de: ['SNAP'] (máx 20s)
2026-07-18 12:20:36 | INFO | my_functions.py:1564 | ✅ Ventana encontrada: 'SNAP'
2026-07-18 12:20:36 | INFO | my_functions.py:1579 | ✅ Ventana seleccionada: 'SNAP'
2026-07-18 12:20:43 | INFO | my_functions.py:1611 | ✔ Verificación completa. No hubo cambios después del primer ajuste.
2026-07-18 12:20:43 | INFO | my_functions.py:247 | [DEBUG] Buscando en paralelo: ['small_submit.PNG', 'small_submit_hover.png', 'submit_hover_2.png', 'small_submit_hover_2.png'] | timeout=90s | confidence=0.8
2026-07-18 12:20:44 | INFO | my_functions.py:134 | Haciendo click en la posición (380, 642)
2026-07-18 12:20:45 | INFO | my_functions.py:269 | 🖱️ Click OK (En paralelo): small_submit.PNG at (380, 642) delay=0.2s
2026-07-18 12:20:48 | INFO | my_functions.py:247 | [DEBUG] Buscando en paralelo: ['small_submit.PNG', 'small_submit_hover.png', 'submit_hover_2.png', 'small_submit_hover_2.png'] | timeout=20s | confidence=0.8
2026-07-18 12:20:49 | INFO | my_functions.py:134 | Haciendo click en la posición (380, 721)
2026-07-18 12:20:49 | INFO | my_functions.py:269 | 🖱️ Click OK (En paralelo): small_submit.PNG at (380, 721) delay=0.2s
2026-07-18 12:20:51 | INFO | my_functions.py:1545 | ⏱ Esperando 0.1 segundos antes de empezar...
2026-07-18 12:20:51 | INFO | my_functions.py:1552 | 🔍 Esperando ventana que contenga alguna de: ['SNAP'] (máx 20s)
2026-07-18 12:20:51 | INFO | my_functions.py:1564 | ✅ Ventana encontrada: 'SNAP'
2026-07-18 12:20:51 | INFO | my_functions.py:1579 | ✅ Ventana seleccionada: 'SNAP'
2026-07-18 12:20:53 | INFO | my_functions.py:1602 | 🔁 Reajuste #1...
2026-07-18 12:20:54 | INFO | my_functions.py:1609 | ✔ Verificación completa. Se hicieron 1 reajustes.
2026-07-18 12:20:54 | INFO | my_functions.py:169 | Searching please_sign.png (timeout=0s)
2026-07-18 12:20:54 | INFO | my_functions.py:199 | 
✅ Found: please_sign.png pos=(383, 438) time=0.52s confidence=0.8
2026-07-18 12:20:54 | INFO | my_functions.py:247 | [DEBUG] Buscando en paralelo: ['ok_btn.png'] | timeout=20s | confidence=0.8
2026-07-18 12:20:56 | INFO | my_functions.py:134 | Haciendo click en la posición (382, 634)
2026-07-18 12:20:56 | INFO | my_functions.py:269 | 🖱️ Click OK (En paralelo): ok_btn.png at (382, 634) delay=1s
2026-07-18 12:20:57 | INFO | my_functions.py:247 | [DEBUG] Buscando en paralelo: ['small_submit.PNG', 'small_submit_hover.png', 'submit_hover_2.png', 'small_submit_hover_2.png'] | timeout=30s | confidence=0.8
2026-07-18 12:21:00 | INFO | my_functions.py:134 | Haciendo click en la posición (383, 643)
2026-07-18 12:21:00 | INFO | my_functions.py:269 | 🖱️ Click OK (En paralelo): small_submit_hover_2.png at (383, 643) delay=0.2s
2026-07-18 12:21:01 | INFO | my_functions.py:247 | [DEBUG] Buscando en paralelo: ['small_submit.PNG', 'small_submit_hover.png', 'submit_hover_2.png', 'small_submit_hover_2.png'] | timeout=20s | confidence=0.8
2026-07-18 12:21:03 | INFO | my_functions.py:134 | Haciendo click en la posición (380, 721)
2026-07-18 12:21:03 | INFO | my_functions.py:269 | 🖱️ Click OK (En paralelo): small_submit.PNG at (380, 721) delay=0.2s
2026-07-18 12:21:04 | INFO | my_functions.py:247 | [DEBUG] Buscando en paralelo: ['sign_in_with_google2.PNG'] | timeout=20s | confidence=0.8
2026-07-18 12:21:06 | INFO | my_functions.py:134 | Haciendo click en la posición (406, 957)
2026-07-18 12:21:06 | INFO | my_functions.py:269 | 🖱️ Click OK (En paralelo): sign_in_with_google2.PNG at (406, 957) delay=1s
2026-07-18 12:21:07 | INFO | my_functions.py:169 | Searching pagina_cargada.png (timeout=60s)
2026-07-18 12:21:18 | INFO | my_functions.py:199 | 
✅ Found: pagina_cargada.png pos=(70, 24) time=10.89s confidence=0.8
2026-07-18 12:21:20 | INFO | my_functions.py:247 | [DEBUG] Buscando en paralelo: ['percy.png'] | timeout=0s | confidence=0.8
2026-07-18 12:21:21 | INFO | my_functions.py:281 | [DEBUG] Click skipped, ninguna de las imágenes se encontró en el intento.
2026-07-18 12:21:23 | INFO | my_functions.py:247 | [DEBUG] Buscando en paralelo: ['percy.png'] | timeout=0s | confidence=0.8
2026-07-18 12:21:27 | INFO | my_functions.py:134 | Haciendo click en la posición (1132, 561)
2026-07-18 12:21:27 | INFO | my_functions.py:269 | 🖱️ Click OK (En paralelo): percy.png at (1132, 561) delay=3s
2026-07-18 12:21:29 | INFO | my_functions.py:169 | Searching marvelsnap_web.png (timeout=30s)
2026-07-18 12:21:33 | INFO | my_functions.py:199 | 
✅ Found: marvelsnap_web.png pos=(258, 80) time=3.67s confidence=0.7
2026-07-18 12:21:33 | INFO | my_functions.py:169 | Searching shop_unselected.PNG (timeout=0s)
2026-07-18 12:21:34 | INFO | my_functions.py:213 | 
⛔ Not found: shop_unselected.PNG after 0.0s region=(0, 0, 765, 1038) confidence=0.8
2026-07-18 12:21:34 | INFO | my_functions.py:247 | [DEBUG] Buscando en paralelo: ['super_premium.PNG'] | timeout=0s | confidence=0.8
2026-07-18 12:21:34 | INFO | my_functions.py:281 | [DEBUG] Click skipped, ninguna de las imágenes se encontró en el intento.
2026-07-18 12:21:35 | INFO | my_functions.py:247 | [DEBUG] Buscando en paralelo: ['maybe_later.PNG'] | timeout=0s | confidence=0.8
2026-07-18 12:21:36 | INFO | my_functions.py:281 | [DEBUG] Click skipped, ninguna de las imágenes se encontró en el intento.
2026-07-18 12:21:37 | INFO | my_functions.py:247 | [DEBUG] Buscando en paralelo: ['maybe_later2.PNG'] | timeout=0s | confidence=0.8
2026-07-18 12:21:38 | INFO | my_functions.py:281 | [DEBUG] Click skipped, ninguna de las imágenes se encontró en el intento.
2026-07-18 12:21:39 | INFO | my_functions.py:169 | Searching go_to_shop.PNG (timeout=0s)
2026-07-18 12:21:40 | INFO | my_functions.py:213 | 
⛔ Not found: go_to_shop.PNG after 0.0s region=(0, 0, 765, 1038) confidence=0.8
2026-07-18 12:21:40 | INFO | my_functions.py:247 | [DEBUG] Buscando en paralelo: ['14_days_of_winterverse.PNG'] | timeout=0s | confidence=0.8
2026-07-18 12:21:40 | INFO | my_functions.py:281 | [DEBUG] Click skipped, ninguna de las imágenes se encontró en el intento.
2026-07-18 12:21:42 | INFO | my_functions.py:169 | Searching welcome_back_calendar.PNG (timeout=0s)
2026-07-18 12:21:42 | INFO | my_functions.py:213 | 
⛔ Not found: welcome_back_calendar.PNG after 0.0s region=(0, 0, 765, 1038) confidence=0.8
2026-07-18 12:21:42 | INFO | my_functions.py:247 | [DEBUG] Buscando en paralelo: ['start_the_countdown.PNG'] | timeout=0s | confidence=0.8
2026-07-18 12:21:43 | INFO | my_functions.py:281 | [DEBUG] Click skipped, ninguna de las imágenes se encontró en el intento.
2026-07-18 12:21:44 | INFO | my_functions.py:247 | [DEBUG] Buscando en paralelo: ['event_has_ended_sanctum.PNG'] | timeout=0s | confidence=0.8
2026-07-18 12:21:44 | INFO | my_functions.py:281 | [DEBUG] Click skipped, ninguna de las imágenes se encontró en el intento.
2026-07-18 12:21:45 | INFO | my_functions.py:247 | [DEBUG] Buscando en paralelo: ['event_has_ended_teamclash.PNG'] | timeout=0s | confidence=0.8
2026-07-18 12:21:46 | INFO | my_functions.py:281 | [DEBUG] Click skipped, ninguna de las imágenes se encontró en el intento.
2026-07-18 12:21:47 | INFO | my_functions.py:247 | [DEBUG] Buscando en paralelo: ['image_part_of_event_grand_arena_finished.PNG'] | timeout=0s | confidence=0.8
2026-07-18 12:21:48 | INFO | my_functions.py:281 | [DEBUG] Click skipped, ninguna de las imágenes se encontró en el intento.
2026-07-18 12:21:49 | INFO | my_functions.py:169 | Searching 28_day_event_login_rewards.PNG (timeout=0s)
2026-07-18 12:21:49 | INFO | my_functions.py:213 | 
⛔ Not found: 28_day_event_login_rewards.PNG after 0.0s region=(0, 0, 765, 1038) confidence=0.8
2026-07-18 12:21:49 | INFO | my_functions.py:169 | Searching 7_day_event_login.PNG (timeout=0s)
2026-07-18 12:21:50 | INFO | my_functions.py:213 | 
⛔ Not found: 7_day_event_login.PNG after 0.0s region=(0, 0, 765, 1038) confidence=0.8
2026-07-18 12:21:50 | INFO | my_functions.py:169 | Searching 14_days_event.PNG (timeout=0s)
2026-07-18 12:21:50 | INFO | my_functions.py:213 | 
⛔ Not found: 14_days_event.PNG after 0.0s region=(0, 0, 765, 1038) confidence=0.8
2026-07-18 12:21:50 | INFO | my_functions.py:247 | [DEBUG] Buscando en paralelo: ['lets_go.PNG'] | timeout=0s | confidence=0.8
2026-07-18 12:21:51 | INFO | my_functions.py:281 | [DEBUG] Click skipped, ninguna de las imágenes se encontró en el intento.
2026-07-18 12:21:53 | INFO | my_functions.py:169 | Searching shop_unselected.PNG (timeout=0s)
2026-07-18 12:21:54 | INFO | my_functions.py:213 | 
⛔ Not found: shop_unselected.PNG after 0.0s region=(0, 0, 765, 1038) confidence=0.8
2026-07-18 12:21:54 | INFO | my_functions.py:247 | [DEBUG] Buscando en paralelo: ['super_premium.PNG'] | timeout=0s | confidence=0.8
2026-07-18 12:21:55 | INFO | my_functions.py:134 | Haciendo click en la posición (480, 777)
2026-07-18 12:21:55 | INFO | my_functions.py:269 | 🖱️ Click OK (En paralelo): super_premium.PNG at (480, 777) delay=1s
2026-07-18 12:21:57 | INFO | my_functions.py:142 | Presionando ESC (1/1)
2026-07-18 12:22:05 | INFO | my_functions.py:169 | Searching shop_unselected.PNG (timeout=0s)
2026-07-18 12:22:06 | INFO | my_functions.py:199 | 
✅ Found: shop_unselected.PNG pos=(88, 961) time=0.69s confidence=0.8
2026-07-18 12:22:06 | INFO | my_functions.py:714 | Ya esta listo
2026-07-18 12:22:10 | INFO | my_functions.py:533 | AVAILABLE: 3
2026-07-18 12:22:10 | INFO | my_functions.py:247 | [DEBUG] Buscando en paralelo: ['nut.png'] | timeout=20s | confidence=0.8
2026-07-18 12:22:12 | INFO | my_functions.py:134 | Haciendo click en la posición (184, 78)
2026-07-18 12:22:12 | INFO | my_functions.py:269 | 🖱️ Click OK (En paralelo): nut.png at (184, 78) delay=1s
2026-07-18 12:22:13 | INFO | my_functions.py:247 | [DEBUG] Buscando en paralelo: ['graphics_quality.png'] | timeout=3s | confidence=0.8
2026-07-18 12:22:15 | INFO | my_functions.py:134 | Haciendo click en la posición (304, 644)
2026-07-18 12:22:15 | INFO | my_functions.py:269 | 🖱️ Click OK (En paralelo): graphics_quality.png at (304, 644) delay=1s
2026-07-18 12:22:17 | INFO | my_functions.py:247 | [DEBUG] Buscando en paralelo: ['sign_out.png'] | timeout=20s | confidence=0.8
2026-07-18 12:22:19 | INFO | my_functions.py:134 | Haciendo click en la posición (380, 796)
2026-07-18 12:22:19 | INFO | my_functions.py:269 | 🖱️ Click OK (En paralelo): sign_out.png at (380, 796) delay=1s
2026-07-18 12:22:21 | INFO | my_functions.py:247 | [DEBUG] Buscando en paralelo: ['sign_out_grande.png'] | timeout=20s | confidence=0.8
2026-07-18 12:22:23 | INFO | my_functions.py:134 | Haciendo click en la posición (359, 437)
2026-07-18 12:22:23 | INFO | my_functions.py:269 | 🖱️ Click OK (En paralelo): sign_out_grande.png at (359, 437) delay=1s
2026-07-18 12:22:24 | INFO | my_functions.py:247 | [DEBUG] Buscando en paralelo: ['sign_out2.png'] | timeout=20s | confidence=0.8
2026-07-18 12:22:26 | INFO | my_functions.py:134 | Haciendo click en la posición (383, 634)
2026-07-18 12:22:26 | INFO | my_functions.py:269 | 🖱️ Click OK (En paralelo): sign_out2.png at (383, 634) delay=1s
2026-07-18 12:22:27 | INFO | my_functions.py:1545 | ⏱ Esperando 0.1 segundos antes de empezar...
2026-07-18 12:22:27 | INFO | my_functions.py:1552 | 🔍 Esperando ventana que contenga alguna de: SNAP (máx 20s)
2026-07-18 12:22:27 | INFO | my_functions.py:1564 | ✅ Ventana encontrada: 'SNAP'
2026-07-18 12:22:27 | INFO | my_functions.py:1579 | ✅ Ventana seleccionada: 'SNAP'
2026-07-18 12:22:29 | INFO | my_functions.py:1602 | 🔁 Reajuste #1...
2026-07-18 12:22:31 | INFO | my_functions.py:1609 | ✔ Verificación completa. Se hicieron 1 reajustes.
2026-07-18 12:22:35 | INFO | baseclient.py:33 | Connecting with parameters: host='localhost' port=4455 password='' subs=0 timeout=None
2026-07-18 12:22:35 | INFO | reqs.py:23 | Successfully identified ReqClient with the server using RPC version:1
2026-07-18 12:22:35 | INFO | my_functions.py:93 | Record stopped.
2026-07-18 12:22:47 | INFO | my_functions.py:123 | Archivo renombrado a: C:\Users\Farm\Videos\my_functions_2026-07-18_12-08-34.mkv
2026-07-18 12:22:47 | INFO | each_eight_hours.py:291 | OBS recording stopped
