2026-08-18 14:43:06 | INFO | my_functions.py:55 | ⏳ Esperando WebSocket de OBS...
2026-08-18 14:43:23 | INFO | baseclient.py:33 | Connecting with parameters: host='localhost' port=4455 password='' subs=0 timeout=None
2026-08-18 14:43:23 | INFO | reqs.py:23 | Successfully identified ReqClient with the server using RPC version:1
2026-08-18 14:43:23 | INFO | my_functions.py:61 | ✅ Conectado al OBS WebSocket
2026-08-18 14:43:23 | ERROR | reqs.py:59 | OBSSDKRequestError: Request GetRecordStatus returned code 207. With message: OBS is not ready to perform the request.
Traceback (most recent call last):
  File "C:\Users\Farm\AppData\Local\Programs\Python\Python311\Lib\site-packages\obsws_python\reqs.py", line 53, in send
    raise OBSSDKRequestError(
obsws_python.error.OBSSDKRequestError: Request GetRecordStatus returned code 207. With message: OBS is not ready to perform the request.
2026-08-18 14:43:27 | INFO | my_functions.py:86 | 🎬 Grabación iniciada
2026-08-18 14:43:30 | INFO | each_eight_hours copy 2.py:68 | snap.exe terminated if it was running
2026-08-18 14:43:30 | INFO | my_functions.py:1577 | ⏱ Esperando 0.1 segundos antes de empezar...
2026-08-18 14:43:30 | INFO | my_functions.py:1584 | 🔍 Esperando ventana que contenga alguna de: ['py', 'eight_hours'] (máx 20s)
2026-08-18 14:43:30 | INFO | my_functions.py:1596 | ✅ Ventana encontrada: 'each_eight_hours copy 2 - Acceso directo'
2026-08-18 14:43:30 | INFO | my_functions.py:1611 | ✅ Ventana seleccionada: 'each_eight_hours copy 2 - Acceso directo'
2026-08-18 14:43:32 | INFO | my_functions.py:1634 | 🔁 Reajuste #1...
2026-08-18 14:43:32 | INFO | my_functions.py:1641 | ✔ Verificación completa. Se hicieron 1 reajustes.
2026-08-18 14:43:32 | INFO | each_eight_hours copy 2.py:73 | Processing account: robert
2026-08-18 14:43:39 | INFO | my_functions.py:1577 | ⏱ Esperando 0.1 segundos antes de empezar...
2026-08-18 14:43:39 | INFO | my_functions.py:1584 | 🔍 Esperando ventana que contenga alguna de: ['SNAP'] (máx 20s)
2026-08-18 14:43:59 | INFO | my_functions.py:1602 | ❌ No se encontró ninguna ventana con '['SNAP']' tras 20s
2026-08-18 14:43:59 | INFO | my_functions.py:1206 | [DEBUG] Resizing SNAP window...
2026-08-18 14:43:59 | INFO | my_functions.py:1577 | ⏱ Esperando 0.1 segundos antes de empezar...
2026-08-18 14:43:59 | INFO | my_functions.py:1584 | 🔍 Esperando ventana que contenga alguna de: ['SNAP'] (máx 20s)
2026-08-18 14:44:19 | INFO | my_functions.py:1602 | ❌ No se encontró ninguna ventana con '['SNAP']' tras 20s
2026-08-18 14:44:19 | INFO | my_functions.py:248 | [DEBUG] Buscando en paralelo: ['small_submit.PNG', 'small_submit_hover.png', 'submit_hover_2.png', 'small_submit_hover_2.png'] | timeout=90s | confidence=0.8
2026-08-18 14:45:51 | INFO | my_functions.py:282 | [DEBUG] Click skipped, ninguna de las imágenes se encontró en el intento.
2026-08-18 14:45:52 | INFO | my_functions.py:169 | Searching shop_unselected.PNG (timeout=0s)
2026-08-18 14:45:53 | INFO | my_functions.py:213 | 
⛔ Not found: shop_unselected.PNG after 0.0s region=(0, 0, 765, 1038) confidence=0.8
2026-08-18 14:45:53 | INFO | my_functions.py:248 | [DEBUG] Buscando en paralelo: ['super_premium.PNG'] | timeout=0s | confidence=0.8
2026-08-18 14:45:53 | INFO | my_functions.py:282 | [DEBUG] Click skipped, ninguna de las imágenes se encontró en el intento.
2026-08-18 14:45:55 | INFO | my_functions.py:248 | [DEBUG] Buscando en paralelo: ['maybe_later.PNG'] | timeout=0s | confidence=0.8
2026-08-18 14:45:55 | INFO | my_functions.py:282 | [DEBUG] Click skipped, ninguna de las imágenes se encontró en el intento.
2026-08-18 14:45:56 | INFO | my_functions.py:248 | [DEBUG] Buscando en paralelo: ['maybe_later2.PNG'] | timeout=0s | confidence=0.8
2026-08-18 14:45:57 | INFO | my_functions.py:282 | [DEBUG] Click skipped, ninguna de las imágenes se encontró en el intento.
2026-08-18 14:45:58 | INFO | my_functions.py:169 | Searching go_to_shop.PNG (timeout=0s)
2026-08-18 14:45:59 | INFO | my_functions.py:213 | 
⛔ Not found: go_to_shop.PNG after 0.0s region=(0, 0, 765, 1038) confidence=0.8
2026-08-18 14:45:59 | INFO | my_functions.py:248 | [DEBUG] Buscando en paralelo: ['14_days_of_winterverse.PNG'] | timeout=0s | confidence=0.8
2026-08-18 14:46:00 | INFO | my_functions.py:282 | [DEBUG] Click skipped, ninguna de las imágenes se encontró en el intento.
2026-08-18 14:46:01 | INFO | my_functions.py:169 | Searching welcome_back_calendar.PNG (timeout=0s)
2026-08-18 14:46:01 | INFO | my_functions.py:213 | 
⛔ Not found: welcome_back_calendar.PNG after 0.0s region=(0, 0, 765, 1038) confidence=0.8
2026-08-18 14:46:01 | INFO | my_functions.py:248 | [DEBUG] Buscando en paralelo: ['start_the_countdown.PNG'] | timeout=0s | confidence=0.8
2026-08-18 14:46:02 | INFO | my_functions.py:282 | [DEBUG] Click skipped, ninguna de las imágenes se encontró en el intento.
2026-08-18 14:46:03 | INFO | my_functions.py:248 | [DEBUG] Buscando en paralelo: ['event_has_ended_sanctum.PNG'] | timeout=0s | confidence=0.8
2026-08-18 14:46:04 | INFO | my_functions.py:282 | [DEBUG] Click skipped, ninguna de las imágenes se encontró en el intento.
2026-08-18 14:46:05 | INFO | my_functions.py:248 | [DEBUG] Buscando en paralelo: ['event_has_ended_teamclash.PNG'] | timeout=0s | confidence=0.8
2026-08-18 14:46:06 | INFO | my_functions.py:282 | [DEBUG] Click skipped, ninguna de las imágenes se encontró en el intento.
2026-08-18 14:46:07 | INFO | my_functions.py:248 | [DEBUG] Buscando en paralelo: ['image_part_of_event_grand_arena_finished.PNG'] | timeout=0s | confidence=0.8
2026-08-18 14:46:08 | INFO | my_functions.py:282 | [DEBUG] Click skipped, ninguna de las imágenes se encontró en el intento.
2026-08-18 14:46:09 | INFO | my_functions.py:169 | Searching 28_day_event_login_rewards.PNG (timeout=0s)
2026-08-18 14:46:09 | INFO | my_functions.py:213 | 
⛔ Not found: 28_day_event_login_rewards.PNG after 0.0s region=(0, 0, 765, 1038) confidence=0.8
2026-08-18 14:46:09 | INFO | my_functions.py:169 | Searching 7_day_event_login.PNG (timeout=0s)
2026-08-18 14:46:10 | INFO | my_functions.py:213 | 
⛔ Not found: 7_day_event_login.PNG after 0.0s region=(0, 0, 765, 1038) confidence=0.8
2026-08-18 14:46:10 | INFO | my_functions.py:169 | Searching 14_days_event.PNG (timeout=0s)
2026-08-18 14:46:10 | INFO | my_functions.py:213 | 
⛔ Not found: 14_days_event.PNG after 0.11s region=(0, 0, 765, 1038) confidence=0.8
2026-08-18 14:46:10 | INFO | my_functions.py:248 | [DEBUG] Buscando en paralelo: ['lets_go.PNG'] | timeout=0s | confidence=0.8
2026-08-18 14:46:11 | INFO | my_functions.py:282 | [DEBUG] Click skipped, ninguna de las imágenes se encontró en el intento.
2026-08-18 14:46:13 | INFO | my_functions.py:169 | Searching shop_unselected.PNG (timeout=0s)
2026-08-18 14:46:14 | INFO | my_functions.py:213 | 
⛔ Not found: shop_unselected.PNG after 0.04s region=(0, 0, 765, 1038) confidence=0.8
2026-08-18 14:46:14 | INFO | my_functions.py:248 | [DEBUG] Buscando en paralelo: ['super_premium.PNG'] | timeout=0s | confidence=0.8
2026-08-18 14:46:15 | INFO | my_functions.py:282 | [DEBUG] Click skipped, ninguna de las imágenes se encontró en el intento.
2026-08-18 14:46:16 | INFO | my_functions.py:248 | [DEBUG] Buscando en paralelo: ['maybe_later.PNG'] | timeout=0s | confidence=0.8
2026-08-18 14:46:16 | INFO | my_functions.py:282 | [DEBUG] Click skipped, ninguna de las imágenes se encontró en el intento.
2026-08-18 14:46:18 | INFO | my_functions.py:248 | [DEBUG] Buscando en paralelo: ['maybe_later2.PNG'] | timeout=0s | confidence=0.8
2026-08-18 14:46:18 | INFO | my_functions.py:282 | [DEBUG] Click skipped, ninguna de las imágenes se encontró en el intento.
2026-08-18 14:46:19 | INFO | my_functions.py:169 | Searching go_to_shop.PNG (timeout=0s)
2026-08-18 14:46:20 | INFO | my_functions.py:213 | 
⛔ Not found: go_to_shop.PNG after 0.0s region=(0, 0, 765, 1038) confidence=0.8
2026-08-18 14:46:20 | INFO | my_functions.py:248 | [DEBUG] Buscando en paralelo: ['14_days_of_winterverse.PNG'] | timeout=0s | confidence=0.8
2026-08-18 14:46:20 | INFO | my_functions.py:282 | [DEBUG] Click skipped, ninguna de las imágenes se encontró en el intento.
2026-08-18 14:46:22 | INFO | my_functions.py:169 | Searching welcome_back_calendar.PNG (timeout=0s)
2026-08-18 14:46:22 | INFO | my_functions.py:213 | 
⛔ Not found: welcome_back_calendar.PNG after 0.0s region=(0, 0, 765, 1038) confidence=0.8
2026-08-18 14:46:22 | INFO | my_functions.py:248 | [DEBUG] Buscando en paralelo: ['start_the_countdown.PNG'] | timeout=0s | confidence=0.8
2026-08-18 14:46:22 | INFO | my_functions.py:282 | [DEBUG] Click skipped, ninguna de las imágenes se encontró en el intento.
2026-08-18 14:46:24 | INFO | my_functions.py:248 | [DEBUG] Buscando en paralelo: ['event_has_ended_sanctum.PNG'] | timeout=0s | confidence=0.8
2026-08-18 14:46:24 | INFO | my_functions.py:282 | [DEBUG] Click skipped, ninguna de las imágenes se encontró en el intento.
2026-08-18 14:46:25 | INFO | my_functions.py:248 | [DEBUG] Buscando en paralelo: ['event_has_ended_teamclash.PNG'] | timeout=0s | confidence=0.8
2026-08-18 14:46:26 | INFO | my_functions.py:282 | [DEBUG] Click skipped, ninguna de las imágenes se encontró en el intento.
2026-08-18 14:46:27 | INFO | my_functions.py:248 | [DEBUG] Buscando en paralelo: ['image_part_of_event_grand_arena_finished.PNG'] | timeout=0s | confidence=0.8
2026-08-18 14:46:27 | INFO | my_functions.py:282 | [DEBUG] Click skipped, ninguna de las imágenes se encontró en el intento.
2026-08-18 14:46:28 | INFO | my_functions.py:169 | Searching 28_day_event_login_rewards.PNG (timeout=0s)
2026-08-18 14:46:29 | INFO | my_functions.py:213 | 
⛔ Not found: 28_day_event_login_rewards.PNG after 0.0s region=(0, 0, 765, 1038) confidence=0.8
2026-08-18 14:46:29 | INFO | my_functions.py:169 | Searching 7_day_event_login.PNG (timeout=0s)
2026-08-18 14:46:29 | INFO | my_functions.py:213 | 
⛔ Not found: 7_day_event_login.PNG after 0.0s region=(0, 0, 765, 1038) confidence=0.8
2026-08-18 14:46:29 | INFO | my_functions.py:169 | Searching 14_days_event.PNG (timeout=0s)
2026-08-18 14:46:30 | INFO | my_functions.py:213 | 
⛔ Not found: 14_days_event.PNG after 0.0s region=(0, 0, 765, 1038) confidence=0.8
2026-08-18 14:46:30 | INFO | my_functions.py:248 | [DEBUG] Buscando en paralelo: ['lets_go.PNG'] | timeout=0s | confidence=0.8
2026-08-18 14:46:30 | INFO | my_functions.py:282 | [DEBUG] Click skipped, ninguna de las imágenes se encontró en el intento.
2026-08-18 14:46:32 | INFO | my_functions.py:169 | Searching shop_unselected.PNG (timeout=0s)
2026-08-18 14:46:33 | INFO | my_functions.py:213 | 
⛔ Not found: shop_unselected.PNG after 0.0s region=(0, 0, 765, 1038) confidence=0.8
2026-08-18 14:46:33 | INFO | my_functions.py:248 | [DEBUG] Buscando en paralelo: ['super_premium.PNG'] | timeout=0s | confidence=0.8
2026-08-18 14:46:34 | INFO | my_functions.py:282 | [DEBUG] Click skipped, ninguna de las imágenes se encontró en el intento.
2026-08-18 14:46:35 | INFO | my_functions.py:248 | [DEBUG] Buscando en paralelo: ['maybe_later.PNG'] | timeout=0s | confidence=0.8
2026-08-18 14:46:35 | INFO | my_functions.py:282 | [DEBUG] Click skipped, ninguna de las imágenes se encontró en el intento.
2026-08-18 14:46:37 | INFO | my_functions.py:248 | [DEBUG] Buscando en paralelo: ['maybe_later2.PNG'] | timeout=0s | confidence=0.8
2026-08-18 14:46:37 | INFO | my_functions.py:282 | [DEBUG] Click skipped, ninguna de las imágenes se encontró en el intento.
2026-08-18 14:46:38 | INFO | my_functions.py:169 | Searching go_to_shop.PNG (timeout=0s)
2026-08-18 14:46:39 | INFO | my_functions.py:213 | 
⛔ Not found: go_to_shop.PNG after 0.0s region=(0, 0, 765, 1038) confidence=0.8
2026-08-18 14:46:39 | INFO | my_functions.py:248 | [DEBUG] Buscando en paralelo: ['14_days_of_winterverse.PNG'] | timeout=0s | confidence=0.8
2026-08-18 14:46:39 | INFO | my_functions.py:282 | [DEBUG] Click skipped, ninguna de las imágenes se encontró en el intento.
2026-08-18 14:46:40 | INFO | my_functions.py:169 | Searching welcome_back_calendar.PNG (timeout=0s)
2026-08-18 14:46:41 | INFO | my_functions.py:213 | 
⛔ Not found: welcome_back_calendar.PNG after 0.0s region=(0, 0, 765, 1038) confidence=0.8
2026-08-18 14:46:41 | INFO | my_functions.py:248 | [DEBUG] Buscando en paralelo: ['start_the_countdown.PNG'] | timeout=0s | confidence=0.8
2026-08-18 14:46:41 | INFO | my_functions.py:282 | [DEBUG] Click skipped, ninguna de las imágenes se encontró en el intento.
2026-08-18 14:46:42 | INFO | my_functions.py:248 | [DEBUG] Buscando en paralelo: ['event_has_ended_sanctum.PNG'] | timeout=0s | confidence=0.8
2026-08-18 14:46:43 | INFO | my_functions.py:282 | [DEBUG] Click skipped, ninguna de las imágenes se encontró en el intento.
2026-08-18 14:46:44 | INFO | my_functions.py:248 | [DEBUG] Buscando en paralelo: ['event_has_ended_teamclash.PNG'] | timeout=0s | confidence=0.8
2026-08-18 14:46:45 | INFO | my_functions.py:282 | [DEBUG] Click skipped, ninguna de las imágenes se encontró en el intento.
2026-08-18 14:46:46 | INFO | my_functions.py:248 | [DEBUG] Buscando en paralelo: ['image_part_of_event_grand_arena_finished.PNG'] | timeout=0s | confidence=0.8
2026-08-18 14:46:46 | INFO | my_functions.py:282 | [DEBUG] Click skipped, ninguna de las imágenes se encontró en el intento.
2026-08-18 14:46:47 | INFO | my_functions.py:169 | Searching 28_day_event_login_rewards.PNG (timeout=0s)
2026-08-18 14:46:48 | INFO | my_functions.py:213 | 
⛔ Not found: 28_day_event_login_rewards.PNG after 0.0s region=(0, 0, 765, 1038) confidence=0.8
2026-08-18 14:46:48 | INFO | my_functions.py:169 | Searching 7_day_event_login.PNG (timeout=0s)
2026-08-18 14:46:48 | INFO | my_functions.py:213 | 
⛔ Not found: 7_day_event_login.PNG after 0.0s region=(0, 0, 765, 1038) confidence=0.8
2026-08-18 14:46:48 | INFO | my_functions.py:169 | Searching 14_days_event.PNG (timeout=0s)
2026-08-18 14:46:49 | INFO | my_functions.py:213 | 
⛔ Not found: 14_days_event.PNG after 0.0s region=(0, 0, 765, 1038) confidence=0.8
2026-08-18 14:46:49 | INFO | my_functions.py:248 | [DEBUG] Buscando en paralelo: ['lets_go.PNG'] | timeout=0s | confidence=0.8
2026-08-18 14:46:49 | INFO | my_functions.py:282 | [DEBUG] Click skipped, ninguna de las imágenes se encontró en el intento.
2026-08-18 14:46:51 | INFO | my_functions.py:169 | Searching shop_unselected.PNG (timeout=0s)
2026-08-18 14:46:52 | INFO | my_functions.py:213 | 
⛔ Not found: shop_unselected.PNG after 0.0s region=(0, 0, 765, 1038) confidence=0.8
2026-08-18 14:46:52 | INFO | my_functions.py:248 | [DEBUG] Buscando en paralelo: ['super_premium.PNG'] | timeout=0s | confidence=0.8
2026-08-18 14:46:53 | INFO | my_functions.py:282 | [DEBUG] Click skipped, ninguna de las imágenes se encontró en el intento.
2026-08-18 14:46:54 | INFO | my_functions.py:248 | [DEBUG] Buscando en paralelo: ['maybe_later.PNG'] | timeout=0s | confidence=0.8
2026-08-18 14:46:54 | INFO | my_functions.py:282 | [DEBUG] Click skipped, ninguna de las imágenes se encontró en el intento.
2026-08-18 14:46:56 | INFO | my_functions.py:248 | [DEBUG] Buscando en paralelo: ['maybe_later2.PNG'] | timeout=0s | confidence=0.8
2026-08-18 14:46:56 | INFO | my_functions.py:282 | [DEBUG] Click skipped, ninguna de las imágenes se encontró en el intento.
2026-08-18 14:46:57 | INFO | my_functions.py:169 | Searching go_to_shop.PNG (timeout=0s)
2026-08-18 14:46:58 | INFO | my_functions.py:213 | 
⛔ Not found: go_to_shop.PNG after 0.0s region=(0, 0, 765, 1038) confidence=0.8
2026-08-18 14:46:58 | INFO | my_functions.py:248 | [DEBUG] Buscando en paralelo: ['14_days_of_winterverse.PNG'] | timeout=0s | confidence=0.8
2026-08-18 14:46:58 | INFO | my_functions.py:282 | [DEBUG] Click skipped, ninguna de las imágenes se encontró en el intento.
2026-08-18 14:46:59 | INFO | my_functions.py:169 | Searching welcome_back_calendar.PNG (timeout=0s)
2026-08-18 14:47:00 | INFO | my_functions.py:213 | 
⛔ Not found: welcome_back_calendar.PNG after 0.0s region=(0, 0, 765, 1038) confidence=0.8
2026-08-18 14:47:00 | INFO | my_functions.py:248 | [DEBUG] Buscando en paralelo: ['start_the_countdown.PNG'] | timeout=0s | confidence=0.8
2026-08-18 14:47:00 | INFO | my_functions.py:282 | [DEBUG] Click skipped, ninguna de las imágenes se encontró en el intento.
2026-08-18 14:47:01 | INFO | my_functions.py:248 | [DEBUG] Buscando en paralelo: ['event_has_ended_sanctum.PNG'] | timeout=0s | confidence=0.8
2026-08-18 14:47:02 | INFO | my_functions.py:282 | [DEBUG] Click skipped, ninguna de las imágenes se encontró en el intento.
2026-08-18 14:47:03 | INFO | my_functions.py:248 | [DEBUG] Buscando en paralelo: ['event_has_ended_teamclash.PNG'] | timeout=0s | confidence=0.8
2026-08-18 14:47:04 | INFO | my_functions.py:282 | [DEBUG] Click skipped, ninguna de las imágenes se encontró en el intento.
2026-08-18 14:47:05 | INFO | my_functions.py:248 | [DEBUG] Buscando en paralelo: ['image_part_of_event_grand_arena_finished.PNG'] | timeout=0s | confidence=0.8
2026-08-18 14:47:05 | INFO | my_functions.py:282 | [DEBUG] Click skipped, ninguna de las imágenes se encontró en el intento.
2026-08-18 14:47:06 | INFO | my_functions.py:169 | Searching 28_day_event_login_rewards.PNG (timeout=0s)
2026-08-18 14:47:07 | INFO | my_functions.py:213 | 
⛔ Not found: 28_day_event_login_rewards.PNG after 0.0s region=(0, 0, 765, 1038) confidence=0.8
2026-08-18 14:47:07 | INFO | my_functions.py:169 | Searching 7_day_event_login.PNG (timeout=0s)
2026-08-18 14:47:07 | INFO | my_functions.py:213 | 
⛔ Not found: 7_day_event_login.PNG after 0.0s region=(0, 0, 765, 1038) confidence=0.8
2026-08-18 14:47:07 | INFO | my_functions.py:169 | Searching 14_days_event.PNG (timeout=0s)
2026-08-18 14:47:08 | INFO | my_functions.py:213 | 
⛔ Not found: 14_days_event.PNG after 0.0s region=(0, 0, 765, 1038) confidence=0.8
2026-08-18 14:47:08 | INFO | my_functions.py:248 | [DEBUG] Buscando en paralelo: ['lets_go.PNG'] | timeout=0s | confidence=0.8
2026-08-18 14:47:08 | INFO | my_functions.py:282 | [DEBUG] Click skipped, ninguna de las imágenes se encontró en el intento.
2026-08-18 14:47:10 | INFO | my_functions.py:169 | Searching shop_unselected.PNG (timeout=0s)
2026-08-18 14:47:11 | INFO | my_functions.py:213 | 
⛔ Not found: shop_unselected.PNG after 0.0s region=(0, 0, 765, 1038) confidence=0.8
2026-08-18 14:47:11 | INFO | my_functions.py:248 | [DEBUG] Buscando en paralelo: ['super_premium.PNG'] | timeout=0s | confidence=0.8
2026-08-18 14:47:11 | INFO | my_functions.py:282 | [DEBUG] Click skipped, ninguna de las imágenes se encontró en el intento.
2026-08-18 14:47:13 | INFO | my_functions.py:248 | [DEBUG] Buscando en paralelo: ['maybe_later.PNG'] | timeout=0s | confidence=0.8
2026-08-18 14:47:13 | INFO | my_functions.py:282 | [DEBUG] Click skipped, ninguna de las imágenes se encontró en el intento.
2026-08-18 14:47:14 | INFO | my_functions.py:248 | [DEBUG] Buscando en paralelo: ['maybe_later2.PNG'] | timeout=0s | confidence=0.8
2026-08-18 14:47:15 | INFO | my_functions.py:282 | [DEBUG] Click skipped, ninguna de las imágenes se encontró en el intento.
2026-08-18 14:47:16 | INFO | my_functions.py:169 | Searching go_to_shop.PNG (timeout=0s)
2026-08-18 14:47:16 | INFO | my_functions.py:213 | 
⛔ Not found: go_to_shop.PNG after 0.0s region=(0, 0, 765, 1038) confidence=0.8
2026-08-18 14:47:16 | INFO | my_functions.py:248 | [DEBUG] Buscando en paralelo: ['14_days_of_winterverse.PNG'] | timeout=0s | confidence=0.8
2026-08-18 14:47:17 | INFO | my_functions.py:282 | [DEBUG] Click skipped, ninguna de las imágenes se encontró en el intento.
2026-08-18 14:47:18 | INFO | my_functions.py:169 | Searching welcome_back_calendar.PNG (timeout=0s)
2026-08-18 14:47:18 | INFO | my_functions.py:213 | 
⛔ Not found: welcome_back_calendar.PNG after 0.0s region=(0, 0, 765, 1038) confidence=0.8
2026-08-18 14:47:18 | INFO | my_functions.py:248 | [DEBUG] Buscando en paralelo: ['start_the_countdown.PNG'] | timeout=0s | confidence=0.8
2026-08-18 14:47:19 | INFO | my_functions.py:282 | [DEBUG] Click skipped, ninguna de las imágenes se encontró en el intento.
2026-08-18 14:47:20 | INFO | my_functions.py:248 | [DEBUG] Buscando en paralelo: ['event_has_ended_sanctum.PNG'] | timeout=0s | confidence=0.8
2026-08-18 14:47:21 | INFO | my_functions.py:282 | [DEBUG] Click skipped, ninguna de las imágenes se encontró en el intento.
2026-08-18 14:47:22 | INFO | my_functions.py:248 | [DEBUG] Buscando en paralelo: ['event_has_ended_teamclash.PNG'] | timeout=0s | confidence=0.8
2026-08-18 14:47:22 | INFO | my_functions.py:282 | [DEBUG] Click skipped, ninguna de las imágenes se encontró en el intento.
2026-08-18 14:47:23 | INFO | my_functions.py:248 | [DEBUG] Buscando en paralelo: ['image_part_of_event_grand_arena_finished.PNG'] | timeout=0s | confidence=0.8
2026-08-18 14:47:24 | INFO | my_functions.py:282 | [DEBUG] Click skipped, ninguna de las imágenes se encontró en el intento.
2026-08-18 14:47:25 | INFO | my_functions.py:169 | Searching 28_day_event_login_rewards.PNG (timeout=0s)
2026-08-18 14:47:25 | INFO | my_functions.py:213 | 
⛔ Not found: 28_day_event_login_rewards.PNG after 0.0s region=(0, 0, 765, 1038) confidence=0.8
2026-08-18 14:47:25 | INFO | my_functions.py:169 | Searching 7_day_event_login.PNG (timeout=0s)
2026-08-18 14:47:26 | INFO | my_functions.py:213 | 
⛔ Not found: 7_day_event_login.PNG after 0.0s region=(0, 0, 765, 1038) confidence=0.8
2026-08-18 14:47:26 | INFO | my_functions.py:169 | Searching 14_days_event.PNG (timeout=0s)
2026-08-18 14:47:26 | INFO | my_functions.py:213 | 
⛔ Not found: 14_days_event.PNG after 0.0s region=(0, 0, 765, 1038) confidence=0.8
2026-08-18 14:47:26 | INFO | my_functions.py:248 | [DEBUG] Buscando en paralelo: ['lets_go.PNG'] | timeout=0s | confidence=0.8
2026-08-18 14:47:27 | INFO | my_functions.py:282 | [DEBUG] Click skipped, ninguna de las imágenes se encontró en el intento.
2026-08-18 14:47:29 | INFO | my_functions.py:248 | [DEBUG] Buscando en paralelo: ['nut.png'] | timeout=20s | confidence=0.8
2026-08-18 14:47:50 | INFO | my_functions.py:282 | [DEBUG] Click skipped, ninguna de las imágenes se encontró en el intento.
2026-08-18 14:47:51 | INFO | my_functions.py:248 | [DEBUG] Buscando en paralelo: ['graphics_quality.png'] | timeout=3s | confidence=0.8
2026-08-18 14:47:54 | INFO | my_functions.py:282 | [DEBUG] Click skipped, ninguna de las imágenes se encontró en el intento.
2026-08-18 14:47:56 | INFO | my_functions.py:248 | [DEBUG] Buscando en paralelo: ['sign_out.png'] | timeout=20s | confidence=0.8
2026-08-18 14:48:16 | INFO | my_functions.py:282 | [DEBUG] Click skipped, ninguna de las imágenes se encontró en el intento.
2026-08-18 14:48:18 | INFO | my_functions.py:248 | [DEBUG] Buscando en paralelo: ['sign_out_grande.png'] | timeout=20s | confidence=0.8
2026-08-18 14:48:39 | INFO | my_functions.py:282 | [DEBUG] Click skipped, ninguna de las imágenes se encontró en el intento.
2026-08-18 14:48:40 | INFO | my_functions.py:248 | [DEBUG] Buscando en paralelo: ['sign_out2.png'] | timeout=20s | confidence=0.8
2026-08-18 14:49:00 | INFO | my_functions.py:282 | [DEBUG] Click skipped, ninguna de las imágenes se encontró en el intento.
2026-08-18 14:49:02 | INFO | my_functions.py:1577 | ⏱ Esperando 0.1 segundos antes de empezar...
2026-08-18 14:49:02 | INFO | my_functions.py:1584 | 🔍 Esperando ventana que contenga alguna de: SNAP (máx 20s)
2026-08-18 14:49:02 | INFO | my_functions.py:1596 | ✅ Ventana encontrada: 'SNAP'
2026-08-18 14:49:02 | INFO | my_functions.py:1611 | ✅ Ventana seleccionada: 'SNAP'
2026-08-18 14:49:06 | INFO | my_functions.py:1643 | ✔ Verificación completa. No hubo cambios después del primer ajuste.
2026-08-18 14:49:10 | INFO | my_functions.py:1206 | [DEBUG] Resizing SNAP window...
2026-08-18 14:49:10 | INFO | my_functions.py:1577 | ⏱ Esperando 0.1 segundos antes de empezar...
2026-08-18 14:49:10 | INFO | my_functions.py:1584 | 🔍 Esperando ventana que contenga alguna de: ['SNAP'] (máx 20s)
2026-08-18 14:49:12 | INFO | my_functions.py:1596 | ✅ Ventana encontrada: 'SNAP'
2026-08-18 14:49:12 | INFO | my_functions.py:1611 | ✅ Ventana seleccionada: 'SNAP'
2026-08-18 14:49:20 | INFO | my_functions.py:1643 | ✔ Verificación completa. No hubo cambios después del primer ajuste.
2026-08-18 14:49:20 | INFO | my_functions.py:248 | [DEBUG] Buscando en paralelo: ['small_submit.PNG', 'small_submit_hover.png', 'submit_hover_2.png', 'small_submit_hover_2.png'] | timeout=90s | confidence=0.8
2026-08-18 14:49:27 | INFO | my_functions.py:133 | Haciendo click en la posición (380, 642)
2026-08-18 14:49:27 | INFO | my_functions.py:270 | 🖱️ Click OK (En paralelo): small_submit.PNG at (380, 642) delay=0.2s
2026-08-18 14:49:30 | INFO | my_functions.py:248 | [DEBUG] Buscando en paralelo: ['small_submit.PNG', 'small_submit_hover.png', 'submit_hover_2.png', 'small_submit_hover_2.png'] | timeout=20s | confidence=0.8
2026-08-18 14:49:32 | INFO | my_functions.py:133 | Haciendo click en la posición (380, 721)
2026-08-18 14:49:32 | INFO | my_functions.py:270 | 🖱️ Click OK (En paralelo): small_submit.PNG at (380, 721) delay=0.2s
2026-08-18 14:49:33 | INFO | my_functions.py:1577 | ⏱ Esperando 0.1 segundos antes de empezar...
2026-08-18 14:49:33 | INFO | my_functions.py:1584 | 🔍 Esperando ventana que contenga alguna de: ['SNAP'] (máx 20s)
2026-08-18 14:49:33 | INFO | my_functions.py:1596 | ✅ Ventana encontrada: 'SNAP'
2026-08-18 14:49:33 | INFO | my_functions.py:1611 | ✅ Ventana seleccionada: 'SNAP'
2026-08-18 14:49:35 | INFO | my_functions.py:1634 | 🔁 Reajuste #1...
2026-08-18 14:49:36 | INFO | my_functions.py:1641 | ✔ Verificación completa. Se hicieron 1 reajustes.
2026-08-18 14:49:36 | INFO | my_functions.py:169 | Searching please_sign.png (timeout=0s)
2026-08-18 14:49:37 | INFO | my_functions.py:199 | 
✅ Found: please_sign.png pos=(383, 438) time=0.46s confidence=0.8
2026-08-18 14:49:37 | INFO | my_functions.py:248 | [DEBUG] Buscando en paralelo: ['ok_btn.png'] | timeout=20s | confidence=0.8
2026-08-18 14:49:39 | INFO | my_functions.py:133 | Haciendo click en la posición (382, 634)
2026-08-18 14:49:39 | INFO | my_functions.py:270 | 🖱️ Click OK (En paralelo): ok_btn.png at (382, 634) delay=1s
2026-08-18 14:49:40 | INFO | my_functions.py:248 | [DEBUG] Buscando en paralelo: ['small_submit.PNG', 'small_submit_hover.png', 'submit_hover_2.png', 'small_submit_hover_2.png'] | timeout=30s | confidence=0.8
2026-08-18 14:49:43 | INFO | my_functions.py:133 | Haciendo click en la posición (383, 643)
2026-08-18 14:49:43 | INFO | my_functions.py:270 | 🖱️ Click OK (En paralelo): small_submit_hover_2.png at (383, 643) delay=0.2s
2026-08-18 14:49:44 | INFO | my_functions.py:248 | [DEBUG] Buscando en paralelo: ['small_submit.PNG', 'small_submit_hover.png', 'submit_hover_2.png', 'small_submit_hover_2.png'] | timeout=20s | confidence=0.8
2026-08-18 14:49:46 | INFO | my_functions.py:133 | Haciendo click en la posición (380, 721)
2026-08-18 14:49:46 | INFO | my_functions.py:270 | 🖱️ Click OK (En paralelo): small_submit.PNG at (380, 721) delay=0.2s
2026-08-18 14:49:47 | INFO | my_functions.py:248 | [DEBUG] Buscando en paralelo: ['sign_in_with_google2.PNG'] | timeout=20s | confidence=0.8
2026-08-18 14:49:49 | INFO | my_functions.py:133 | Haciendo click en la posición (406, 957)
2026-08-18 14:49:49 | INFO | my_functions.py:270 | 🖱️ Click OK (En paralelo): sign_in_with_google2.PNG at (406, 957) delay=1s
2026-08-18 14:49:50 | INFO | my_functions.py:169 | Searching pagina_cargada.png (timeout=60s)
2026-08-18 14:50:00 | INFO | my_functions.py:199 | 
✅ Found: pagina_cargada.png pos=(70, 24) time=10.19s confidence=0.8
2026-08-18 14:50:02 | INFO | my_functions.py:248 | [DEBUG] Buscando en paralelo: ['robert.png'] | timeout=0s | confidence=0.8
2026-08-18 14:50:06 | INFO | my_functions.py:133 | Haciendo click en la posición (1152, 794)
2026-08-18 14:50:07 | INFO | my_functions.py:270 | 🖱️ Click OK (En paralelo): robert.png at (1152, 794) delay=3s
2026-08-18 14:50:08 | INFO | my_functions.py:169 | Searching marvelsnap_web.png (timeout=30s)
2026-08-18 14:50:14 | INFO | my_functions.py:199 | 
✅ Found: marvelsnap_web.png pos=(258, 80) time=5.88s confidence=0.7
2026-08-18 14:50:14 | INFO | my_functions.py:169 | Searching shop_unselected.PNG (timeout=0s)
2026-08-18 14:50:16 | INFO | my_functions.py:213 | 
⛔ Not found: shop_unselected.PNG after 0.83s region=(0, 0, 765, 1038) confidence=0.8
2026-08-18 14:50:16 | INFO | my_functions.py:248 | [DEBUG] Buscando en paralelo: ['super_premium.PNG'] | timeout=0s | confidence=0.8
2026-08-18 14:50:16 | INFO | my_functions.py:282 | [DEBUG] Click skipped, ninguna de las imágenes se encontró en el intento.
2026-08-18 14:50:17 | INFO | my_functions.py:248 | [DEBUG] Buscando en paralelo: ['maybe_later.PNG'] | timeout=0s | confidence=0.8
2026-08-18 14:50:18 | INFO | my_functions.py:282 | [DEBUG] Click skipped, ninguna de las imágenes se encontró en el intento.
2026-08-18 14:50:19 | INFO | my_functions.py:248 | [DEBUG] Buscando en paralelo: ['maybe_later2.PNG'] | timeout=0s | confidence=0.8
2026-08-18 14:50:20 | INFO | my_functions.py:282 | [DEBUG] Click skipped, ninguna de las imágenes se encontró en el intento.
2026-08-18 14:50:21 | INFO | my_functions.py:169 | Searching go_to_shop.PNG (timeout=0s)
2026-08-18 14:50:22 | INFO | my_functions.py:213 | 
⛔ Not found: go_to_shop.PNG after 0.0s region=(0, 0, 765, 1038) confidence=0.8
2026-08-18 14:50:22 | INFO | my_functions.py:248 | [DEBUG] Buscando en paralelo: ['14_days_of_winterverse.PNG'] | timeout=0s | confidence=0.8
2026-08-18 14:50:22 | INFO | my_functions.py:282 | [DEBUG] Click skipped, ninguna de las imágenes se encontró en el intento.
2026-08-18 14:50:23 | INFO | my_functions.py:169 | Searching welcome_back_calendar.PNG (timeout=0s)
2026-08-18 14:50:24 | INFO | my_functions.py:213 | 
⛔ Not found: welcome_back_calendar.PNG after 0.0s region=(0, 0, 765, 1038) confidence=0.8
2026-08-18 14:50:24 | INFO | my_functions.py:248 | [DEBUG] Buscando en paralelo: ['start_the_countdown.PNG'] | timeout=0s | confidence=0.8
2026-08-18 14:50:24 | INFO | my_functions.py:282 | [DEBUG] Click skipped, ninguna de las imágenes se encontró en el intento.
2026-08-18 14:50:25 | INFO | my_functions.py:248 | [DEBUG] Buscando en paralelo: ['event_has_ended_sanctum.PNG'] | timeout=0s | confidence=0.8
2026-08-18 14:50:26 | INFO | my_functions.py:282 | [DEBUG] Click skipped, ninguna de las imágenes se encontró en el intento.
2026-08-18 14:50:27 | INFO | my_functions.py:248 | [DEBUG] Buscando en paralelo: ['event_has_ended_teamclash.PNG'] | timeout=0s | confidence=0.8
2026-08-18 14:50:28 | INFO | my_functions.py:282 | [DEBUG] Click skipped, ninguna de las imágenes se encontró en el intento.
2026-08-18 14:50:29 | INFO | my_functions.py:248 | [DEBUG] Buscando en paralelo: ['image_part_of_event_grand_arena_finished.PNG'] | timeout=0s | confidence=0.8
2026-08-18 14:50:29 | INFO | my_functions.py:282 | [DEBUG] Click skipped, ninguna de las imágenes se encontró en el intento.
2026-08-18 14:50:31 | INFO | my_functions.py:169 | Searching 28_day_event_login_rewards.PNG (timeout=0s)
2026-08-18 14:50:31 | INFO | my_functions.py:213 | 
⛔ Not found: 28_day_event_login_rewards.PNG after 0.0s region=(0, 0, 765, 1038) confidence=0.8
2026-08-18 14:50:31 | INFO | my_functions.py:169 | Searching 7_day_event_login.PNG (timeout=0s)
2026-08-18 14:50:31 | INFO | my_functions.py:199 | 
✅ Found: 7_day_event_login.PNG pos=(381, 133) time=0.48s confidence=0.8
2026-08-18 14:50:31 | INFO | my_functions.py:141 | Presionando ESC (1/1)
2026-08-18 14:50:32 | INFO | my_functions.py:169 | Searching claim!.PNG (timeout=5s)
2026-08-18 14:50:35 | INFO | my_functions.py:199 | 
✅ Found: claim!.PNG pos=(381, 924) time=2.28s confidence=0.8
2026-08-18 14:50:38 | INFO | my_functions.py:133 | Haciendo click en la posición (381, 924)
2026-08-18 14:50:39 | INFO | my_functions.py:248 | [DEBUG] Buscando en paralelo: ['nice!.PNG'] | timeout=0s | confidence=0.8
2026-08-18 14:50:39 | INFO | my_functions.py:282 | [DEBUG] Click skipped, ninguna de las imágenes se encontró en el intento.
2026-08-18 14:50:41 | INFO | my_functions.py:248 | [DEBUG] Buscando en paralelo: ['claim!.PNG'] | timeout=0s | confidence=0.8
2026-08-18 14:50:41 | INFO | my_functions.py:282 | [DEBUG] Click skipped, ninguna de las imágenes se encontró en el intento.
2026-08-18 14:50:42 | INFO | my_functions.py:248 | [DEBUG] Buscando en paralelo: ['claim_hover.PNG'] | timeout=0s | confidence=0.8
2026-08-18 14:50:43 | INFO | my_functions.py:282 | [DEBUG] Click skipped, ninguna de las imágenes se encontró en el intento.
2026-08-18 14:50:44 | INFO | my_functions.py:248 | [DEBUG] Buscando en paralelo: ['nice_hover_half.PNG'] | timeout=0s | confidence=0.8
2026-08-18 14:50:46 | INFO | my_functions.py:133 | Haciendo click en la posición (380, 906)
2026-08-18 14:50:46 | INFO | my_functions.py:270 | 🖱️ Click OK (En paralelo): nice_hover_half.PNG at (380, 906) delay=1s
2026-08-18 14:50:47 | INFO | my_functions.py:248 | [DEBUG] Buscando en paralelo: ['nice!.PNG'] | timeout=0s | confidence=0.8
2026-08-18 14:50:48 | INFO | my_functions.py:282 | [DEBUG] Click skipped, ninguna de las imágenes se encontró en el intento.
2026-08-18 14:50:49 | INFO | my_functions.py:248 | [DEBUG] Buscando en paralelo: ['claim!.PNG'] | timeout=0s | confidence=0.8
2026-08-18 14:50:50 | INFO | my_functions.py:282 | [DEBUG] Click skipped, ninguna de las imágenes se encontró en el intento.
2026-08-18 14:50:51 | INFO | my_functions.py:248 | [DEBUG] Buscando en paralelo: ['claim_hover.PNG'] | timeout=0s | confidence=0.8
2026-08-18 14:50:52 | INFO | my_functions.py:282 | [DEBUG] Click skipped, ninguna de las imágenes se encontró en el intento.
2026-08-18 14:50:53 | INFO | my_functions.py:248 | [DEBUG] Buscando en paralelo: ['nice_hover_half.PNG'] | timeout=0s | confidence=0.8
2026-08-18 14:50:53 | INFO | my_functions.py:282 | [DEBUG] Click skipped, ninguna de las imágenes se encontró en el intento.
2026-08-18 14:51:02 | INFO | my_functions.py:169 | Searching shop_unselected.PNG (timeout=0s)
2026-08-18 14:51:03 | INFO | my_functions.py:213 | 
⛔ Not found: shop_unselected.PNG after 0.0s region=(0, 0, 765, 1038) confidence=0.8
2026-08-18 14:51:04 | INFO | my_functions.py:169 | Searching shop_unselected.PNG (timeout=0s)
2026-08-18 14:51:05 | INFO | my_functions.py:213 | 
⛔ Not found: shop_unselected.PNG after 0.0s region=(0, 0, 765, 1038) confidence=0.8
2026-08-18 14:51:05 | INFO | my_functions.py:248 | [DEBUG] Buscando en paralelo: ['super_premium.PNG'] | timeout=0s | confidence=0.8
2026-08-18 14:51:06 | INFO | my_functions.py:133 | Haciendo click en la posición (480, 777)
2026-08-18 14:51:07 | INFO | my_functions.py:270 | 🖱️ Click OK (En paralelo): super_premium.PNG at (480, 777) delay=1s
2026-08-18 14:51:08 | INFO | my_functions.py:141 | Presionando ESC (1/1)
2026-08-18 14:51:16 | INFO | my_functions.py:169 | Searching shop_unselected.PNG (timeout=0s)
2026-08-18 14:51:17 | INFO | my_functions.py:199 | 
✅ Found: shop_unselected.PNG pos=(89, 961) time=0.77s confidence=0.8
2026-08-18 14:51:17 | INFO | my_functions.py:714 | Ya esta listo
2026-08-18 14:51:22 | INFO | my_functions.py:169 | Searching play.PNG (timeout=0s)
2026-08-18 14:51:22 | INFO | my_functions.py:199 | 
✅ Found: play.PNG pos=(384, 825) time=0.61s confidence=0.8
2026-08-18 14:51:22 | INFO | my_functions.py:1439 | [INFO] Click realizado donde se equipa el deck a jugar
2026-08-18 14:51:26 | INFO | my_functions.py:248 | [DEBUG] Buscando en paralelo: ['deck_666666.png'] | timeout=3s | confidence=0.8
2026-08-18 14:51:28 | INFO | my_functions.py:133 | Haciendo click en la posición (234, 702)
2026-08-18 14:51:28 | INFO | my_functions.py:270 | 🖱️ Click OK (En paralelo): deck_666666.png at (234, 702) delay=1s
2026-08-18 14:51:30 | INFO | my_functions.py:248 | [DEBUG] Buscando en paralelo: ['equip.png'] | timeout=3s | confidence=0.95
2026-08-18 14:51:31 | INFO | my_functions.py:133 | Haciendo click en la posición (548, 983)
2026-08-18 14:51:32 | INFO | my_functions.py:270 | 🖱️ Click OK (En paralelo): equip.png at (548, 983) delay=1s
2026-08-18 14:51:33 | INFO | each_eight_hours copy 2.py:89 | Deck selected: 6turns
2026-08-18 14:51:33 | INFO | my_functions.py:248 | [DEBUG] Buscando en paralelo: ['maybe_later.PNG'] | timeout=2s | confidence=0.8
2026-08-18 14:51:35 | INFO | my_functions.py:282 | [DEBUG] Click skipped, ninguna de las imágenes se encontró en el intento.
2026-08-18 14:51:36 | INFO | my_functions.py:248 | [DEBUG] Buscando en paralelo: ['maybe_later2.PNG'] | timeout=0.01s | confidence=0.8
2026-08-18 14:51:37 | INFO | my_functions.py:282 | [DEBUG] Click skipped, ninguna de las imágenes se encontró en el intento.
2026-08-18 14:51:38 | INFO | each_eight_hours copy 2.py:95 | Starting game loop 1
2026-08-18 14:51:38 | INFO | my_functions.py:248 | [DEBUG] Buscando en paralelo: ['play.PNG'] | timeout=20s | confidence=0.8
2026-08-18 14:51:42 | INFO | my_functions.py:133 | Haciendo click en la posición (384, 824)
2026-08-18 14:51:42 | INFO | my_functions.py:270 | 🖱️ Click OK (En paralelo): play.PNG at (384, 824) delay=3s
2026-08-18 14:51:47 | INFO | my_functions.py:169 | Searching failed_to_join_game_error.png (timeout=0s)
2026-08-18 14:51:48 | INFO | my_functions.py:213 | 
⛔ Not found: failed_to_join_game_error.png after 0.0s region=(0, 0, 765, 1038) confidence=0.8
2026-08-18 14:51:52 | INFO | my_functions.py:169 | Searching failed_to_join_game_error.png (timeout=0s)
2026-08-18 14:51:52 | INFO | my_functions.py:213 | 
⛔ Not found: failed_to_join_game_error.png after 0.0s region=(0, 0, 765, 1038) confidence=0.8
2026-08-18 14:51:56 | INFO | my_functions.py:169 | Searching failed_to_join_game_error.png (timeout=0s)
2026-08-18 14:51:57 | INFO | my_functions.py:213 | 
⛔ Not found: failed_to_join_game_error.png after 0.0s region=(0, 0, 765, 1038) confidence=0.8
2026-08-18 14:52:01 | INFO | my_functions.py:169 | Searching failed_to_join_game_error.png (timeout=0s)
2026-08-18 14:52:01 | INFO | my_functions.py:213 | 
⛔ Not found: failed_to_join_game_error.png after 0.0s region=(0, 0, 765, 1038) confidence=0.8
2026-08-18 14:52:03 | INFO | my_functions.py:199 | 
✅ Found: end_turn.PNG pos=(681, 945) time=0.77s confidence=0.8
2026-08-18 14:52:03 | INFO | my_functions.py:248 | [DEBUG] Buscando en paralelo: ['snap.PNG'] | timeout=0s | confidence=0.8
2026-08-18 14:52:05 | INFO | my_functions.py:133 | Haciendo click en la posición (386, 123)
2026-08-18 14:52:05 | INFO | my_functions.py:270 | 🖱️ Click OK (En paralelo): snap.PNG at (386, 123) delay=1s
2026-08-18 14:52:12 | INFO | my_functions.py:248 | [DEBUG] Buscando en paralelo: ['end_turn.PNG'] | timeout=0s | confidence=0.8
2026-08-18 14:52:14 | INFO | my_functions.py:133 | Haciendo click en la posición (682, 946)
2026-08-18 14:52:14 | INFO | my_functions.py:270 | 🖱️ Click OK (En paralelo): end_turn.PNG at (682, 946) delay=1s
2026-08-18 14:52:15 | INFO | each_eight_hours copy 2.py:108 | End turn executed
2026-08-18 14:52:17 | INFO | my_functions.py:169 | Searching failed_to_join_game_error.png (timeout=0s)
2026-08-18 14:52:18 | INFO | my_functions.py:213 | 
⛔ Not found: failed_to_join_game_error.png after 0.0s region=(0, 0, 765, 1038) confidence=0.8
2026-08-18 14:52:21 | INFO | my_functions.py:169 | Searching failed_to_join_game_error.png (timeout=0s)
2026-08-18 14:52:22 | INFO | my_functions.py:213 | 
⛔ Not found: failed_to_join_game_error.png after 0.0s region=(0, 0, 765, 1038) confidence=0.8
2026-08-18 14:52:26 | INFO | my_functions.py:169 | Searching failed_to_join_game_error.png (timeout=0s)
2026-08-18 14:52:26 | INFO | my_functions.py:213 | 
⛔ Not found: failed_to_join_game_error.png after 0.0s region=(0, 0, 765, 1038) confidence=0.8
2026-08-18 14:52:28 | INFO | my_functions.py:199 | 
✅ Found: end_turn.PNG pos=(681, 945) time=0.72s confidence=0.8
2026-08-18 14:52:28 | INFO | my_functions.py:248 | [DEBUG] Buscando en paralelo: ['snap.PNG'] | timeout=0s | confidence=0.8
2026-08-18 14:52:29 | INFO | my_functions.py:282 | [DEBUG] Click skipped, ninguna de las imágenes se encontró en el intento.
2026-08-18 14:52:35 | INFO | my_functions.py:248 | [DEBUG] Buscando en paralelo: ['end_turn.PNG'] | timeout=0s | confidence=0.8
2026-08-18 14:52:37 | INFO | my_functions.py:133 | Haciendo click en la posición (682, 946)
2026-08-18 14:52:37 | INFO | my_functions.py:270 | 🖱️ Click OK (En paralelo): end_turn.PNG at (682, 946) delay=1s
2026-08-18 14:52:38 | INFO | each_eight_hours copy 2.py:108 | End turn executed
2026-08-18 14:52:41 | INFO | my_functions.py:169 | Searching failed_to_join_game_error.png (timeout=0s)
2026-08-18 14:52:41 | INFO | my_functions.py:213 | 
⛔ Not found: failed_to_join_game_error.png after 0.0s region=(0, 0, 765, 1038) confidence=0.8
2026-08-18 14:52:45 | INFO | my_functions.py:169 | Searching failed_to_join_game_error.png (timeout=0s)
2026-08-18 14:52:46 | INFO | my_functions.py:213 | 
⛔ Not found: failed_to_join_game_error.png after 0.82s region=(0, 0, 765, 1038) confidence=0.8
2026-08-18 14:52:50 | INFO | my_functions.py:169 | Searching failed_to_join_game_error.png (timeout=0s)
2026-08-18 14:52:50 | INFO | my_functions.py:213 | 
⛔ Not found: failed_to_join_game_error.png after 0.0s region=(0, 0, 765, 1038) confidence=0.8
2026-08-18 14:52:54 | INFO | my_functions.py:169 | Searching failed_to_join_game_error.png (timeout=0s)
2026-08-18 14:52:54 | INFO | my_functions.py:213 | 
⛔ Not found: failed_to_join_game_error.png after 0.0s region=(0, 0, 765, 1038) confidence=0.8
2026-08-18 14:52:58 | INFO | my_functions.py:169 | Searching failed_to_join_game_error.png (timeout=0s)
2026-08-18 14:52:58 | INFO | my_functions.py:213 | 
⛔ Not found: failed_to_join_game_error.png after 0.0s region=(0, 0, 765, 1038) confidence=0.8
2026-08-18 14:53:02 | INFO | my_functions.py:169 | Searching failed_to_join_game_error.png (timeout=0s)
2026-08-18 14:53:02 | INFO | my_functions.py:213 | 
⛔ Not found: failed_to_join_game_error.png after 0.0s region=(0, 0, 765, 1038) confidence=0.8
2026-08-18 14:53:04 | INFO | my_functions.py:199 | 
✅ Found: end_turn.PNG pos=(681, 945) time=0.71s confidence=0.8
2026-08-18 14:53:04 | INFO | my_functions.py:248 | [DEBUG] Buscando en paralelo: ['snap.PNG'] | timeout=0s | confidence=0.8
2026-08-18 14:53:05 | INFO | my_functions.py:282 | [DEBUG] Click skipped, ninguna de las imágenes se encontró en el intento.
2026-08-18 14:53:11 | INFO | my_functions.py:248 | [DEBUG] Buscando en paralelo: ['end_turn.PNG'] | timeout=0s | confidence=0.8
2026-08-18 14:53:13 | INFO | my_functions.py:133 | Haciendo click en la posición (682, 945)
2026-08-18 14:53:13 | INFO | my_functions.py:270 | 🖱️ Click OK (En paralelo): end_turn.PNG at (682, 945) delay=1s
2026-08-18 14:53:14 | INFO | each_eight_hours copy 2.py:108 | End turn executed
2026-08-18 14:53:16 | INFO | my_functions.py:169 | Searching failed_to_join_game_error.png (timeout=0s)
2026-08-18 14:53:17 | INFO | my_functions.py:213 | 
⛔ Not found: failed_to_join_game_error.png after 0.0s region=(0, 0, 765, 1038) confidence=0.8
2026-08-18 14:53:20 | INFO | my_functions.py:169 | Searching failed_to_join_game_error.png (timeout=0s)
2026-08-18 14:53:21 | INFO | my_functions.py:213 | 
⛔ Not found: failed_to_join_game_error.png after 0.0s region=(0, 0, 765, 1038) confidence=0.8
2026-08-18 14:53:22 | INFO | my_functions.py:199 | 
✅ Found: end_turn.PNG pos=(681, 945) time=0.71s confidence=0.8
2026-08-18 14:53:22 | INFO | my_functions.py:248 | [DEBUG] Buscando en paralelo: ['snap.PNG'] | timeout=0s | confidence=0.8
2026-08-18 14:53:23 | INFO | my_functions.py:282 | [DEBUG] Click skipped, ninguna de las imágenes se encontró en el intento.
2026-08-18 14:53:29 | INFO | my_functions.py:248 | [DEBUG] Buscando en paralelo: ['end_turn.PNG'] | timeout=0s | confidence=0.8
2026-08-18 14:53:31 | INFO | my_functions.py:133 | Haciendo click en la posición (682, 945)
2026-08-18 14:53:31 | INFO | my_functions.py:270 | 🖱️ Click OK (En paralelo): end_turn.PNG at (682, 945) delay=1s
2026-08-18 14:53:32 | INFO | each_eight_hours copy 2.py:108 | End turn executed
2026-08-18 14:53:34 | INFO | my_functions.py:169 | Searching failed_to_join_game_error.png (timeout=0s)
2026-08-18 14:53:35 | INFO | my_functions.py:213 | 
⛔ Not found: failed_to_join_game_error.png after 0.0s region=(0, 0, 765, 1038) confidence=0.8
2026-08-18 14:53:38 | INFO | my_functions.py:169 | Searching failed_to_join_game_error.png (timeout=0s)
2026-08-18 14:53:38 | INFO | my_functions.py:213 | 
⛔ Not found: failed_to_join_game_error.png after 0.0s region=(0, 0, 765, 1038) confidence=0.8
2026-08-18 14:53:42 | INFO | my_functions.py:169 | Searching failed_to_join_game_error.png (timeout=0s)
2026-08-18 14:53:42 | INFO | my_functions.py:213 | 
⛔ Not found: failed_to_join_game_error.png after 0.0s region=(0, 0, 765, 1038) confidence=0.8
2026-08-18 14:53:45 | INFO | my_functions.py:169 | Searching failed_to_join_game_error.png (timeout=0s)
2026-08-18 14:53:46 | INFO | my_functions.py:213 | 
⛔ Not found: failed_to_join_game_error.png after 0.0s region=(0, 0, 765, 1038) confidence=0.8
2026-08-18 14:53:49 | INFO | my_functions.py:169 | Searching failed_to_join_game_error.png (timeout=0s)
2026-08-18 14:53:50 | INFO | my_functions.py:213 | 
⛔ Not found: failed_to_join_game_error.png after 0.0s region=(0, 0, 765, 1038) confidence=0.8
2026-08-18 14:53:53 | INFO | my_functions.py:169 | Searching failed_to_join_game_error.png (timeout=0s)
2026-08-18 14:53:54 | INFO | my_functions.py:213 | 
⛔ Not found: failed_to_join_game_error.png after 0.0s region=(0, 0, 765, 1038) confidence=0.8
2026-08-18 14:53:57 | INFO | my_functions.py:169 | Searching failed_to_join_game_error.png (timeout=0s)
2026-08-18 14:53:58 | INFO | my_functions.py:213 | 
⛔ Not found: failed_to_join_game_error.png after 0.0s region=(0, 0, 765, 1038) confidence=0.8
2026-08-18 14:53:59 | INFO | my_functions.py:199 | 
✅ Found: end_turn.PNG pos=(681, 945) time=0.72s confidence=0.8
2026-08-18 14:53:59 | INFO | my_functions.py:248 | [DEBUG] Buscando en paralelo: ['snap.PNG'] | timeout=0s | confidence=0.8
2026-08-18 14:54:00 | INFO | my_functions.py:282 | [DEBUG] Click skipped, ninguna de las imágenes se encontró en el intento.
2026-08-18 14:54:06 | INFO | my_functions.py:248 | [DEBUG] Buscando en paralelo: ['end_turn.PNG'] | timeout=0s | confidence=0.8
2026-08-18 14:54:08 | INFO | my_functions.py:133 | Haciendo click en la posición (682, 945)
2026-08-18 14:54:08 | INFO | my_functions.py:270 | 🖱️ Click OK (En paralelo): end_turn.PNG at (682, 945) delay=1s
2026-08-18 14:54:09 | INFO | each_eight_hours copy 2.py:108 | End turn executed
2026-08-18 14:54:11 | INFO | my_functions.py:169 | Searching failed_to_join_game_error.png (timeout=0s)
2026-08-18 14:54:11 | INFO | my_functions.py:213 | 
⛔ Not found: failed_to_join_game_error.png after 0.0s region=(0, 0, 765, 1038) confidence=0.8
2026-08-18 14:54:15 | INFO | my_functions.py:169 | Searching failed_to_join_game_error.png (timeout=0s)
2026-08-18 14:54:15 | INFO | my_functions.py:213 | 
⛔ Not found: failed_to_join_game_error.png after 0.0s region=(0, 0, 765, 1038) confidence=0.8
2026-08-18 14:54:19 | INFO | my_functions.py:169 | Searching failed_to_join_game_error.png (timeout=0s)
2026-08-18 14:54:19 | INFO | my_functions.py:213 | 
⛔ Not found: failed_to_join_game_error.png after 0.0s region=(0, 0, 765, 1038) confidence=0.8
2026-08-18 14:54:23 | INFO | my_functions.py:169 | Searching failed_to_join_game_error.png (timeout=0s)
2026-08-18 14:54:24 | INFO | my_functions.py:213 | 
⛔ Not found: failed_to_join_game_error.png after 0.0s region=(0, 0, 765, 1038) confidence=0.8
2026-08-18 14:54:27 | INFO | my_functions.py:169 | Searching failed_to_join_game_error.png (timeout=0s)
2026-08-18 14:54:27 | INFO | my_functions.py:213 | 
⛔ Not found: failed_to_join_game_error.png after 0.0s region=(0, 0, 765, 1038) confidence=0.8
2026-08-18 14:54:29 | INFO | my_functions.py:199 | 
✅ Found: end_turn.PNG pos=(681, 945) time=0.67s confidence=0.8
2026-08-18 14:54:29 | INFO | my_functions.py:248 | [DEBUG] Buscando en paralelo: ['snap.PNG'] | timeout=0s | confidence=0.8
2026-08-18 14:54:30 | INFO | my_functions.py:282 | [DEBUG] Click skipped, ninguna de las imágenes se encontró en el intento.
2026-08-18 14:54:36 | INFO | my_functions.py:248 | [DEBUG] Buscando en paralelo: ['end_turn.PNG'] | timeout=0s | confidence=0.8
2026-08-18 14:54:37 | INFO | my_functions.py:133 | Haciendo click en la posición (682, 945)
2026-08-18 14:54:38 | INFO | my_functions.py:270 | 🖱️ Click OK (En paralelo): end_turn.PNG at (682, 945) delay=1s
2026-08-18 14:54:39 | INFO | each_eight_hours copy 2.py:108 | End turn executed
2026-08-18 14:54:41 | INFO | my_functions.py:169 | Searching failed_to_join_game_error.png (timeout=0s)
2026-08-18 14:54:41 | INFO | my_functions.py:213 | 
⛔ Not found: failed_to_join_game_error.png after 0.0s region=(0, 0, 765, 1038) confidence=0.8
2026-08-18 14:54:44 | INFO | my_functions.py:169 | Searching failed_to_join_game_error.png (timeout=0s)
2026-08-18 14:54:45 | INFO | my_functions.py:213 | 
⛔ Not found: failed_to_join_game_error.png after 0.0s region=(0, 0, 765, 1038) confidence=0.8
2026-08-18 14:54:48 | INFO | my_functions.py:169 | Searching failed_to_join_game_error.png (timeout=0s)
2026-08-18 14:54:49 | INFO | my_functions.py:213 | 
⛔ Not found: failed_to_join_game_error.png after 0.0s region=(0, 0, 765, 1038) confidence=0.8
2026-08-18 14:54:52 | INFO | my_functions.py:169 | Searching failed_to_join_game_error.png (timeout=0s)
2026-08-18 14:54:53 | INFO | my_functions.py:213 | 
⛔ Not found: failed_to_join_game_error.png after 0.0s region=(0, 0, 765, 1038) confidence=0.8
2026-08-18 14:54:57 | INFO | my_functions.py:169 | Searching failed_to_join_game_error.png (timeout=0s)
2026-08-18 14:54:57 | INFO | my_functions.py:213 | 
⛔ Not found: failed_to_join_game_error.png after 0.0s region=(0, 0, 765, 1038) confidence=0.8
2026-08-18 14:55:01 | INFO | my_functions.py:169 | Searching failed_to_join_game_error.png (timeout=0s)
2026-08-18 14:55:01 | INFO | my_functions.py:213 | 
⛔ Not found: failed_to_join_game_error.png after 0.0s region=(0, 0, 765, 1038) confidence=0.8
2026-08-18 14:55:02 | INFO | my_functions.py:199 | 
✅ Found: collect_rewards.PNG pos=(679, 957) time=0.95s confidence=0.8
2026-08-18 14:55:02 | INFO | each_eight_hours copy 2.py:138 | Rewards detected, exiting match. Game duration: 204.22 s
2026-08-18 14:55:02 | INFO | my_functions.py:248 | [DEBUG] Buscando en paralelo: ['collect_rewards.PNG'] | timeout=20s | confidence=0.8
2026-08-18 14:55:04 | INFO | my_functions.py:133 | Haciendo click en la posición (679, 957)
2026-08-18 14:55:04 | INFO | my_functions.py:270 | 🖱️ Click OK (En paralelo): collect_rewards.PNG at (679, 957) delay=1s
2026-08-18 14:55:05 | INFO | my_functions.py:248 | [DEBUG] Buscando en paralelo: ['next.PNG'] | timeout=20s | confidence=0.8
2026-08-18 14:55:12 | INFO | my_functions.py:133 | Haciendo click en la posición (677, 973)
2026-08-18 14:55:13 | INFO | my_functions.py:270 | 🖱️ Click OK (En paralelo): next.PNG at (677, 973) delay=1s
2026-08-18 14:55:16 | INFO | my_functions.py:169 | Searching hyper_cube.png (timeout=5s)
2026-08-18 14:55:22 | INFO | my_functions.py:213 | 
⛔ Not found: hyper_cube.png after 5.29s region=(0, 0, 765, 1038) confidence=0.8
2026-08-18 14:55:22 | INFO | each_eight_hours copy 2.py:95 | Starting game loop 2
2026-08-18 14:55:22 | INFO | my_functions.py:248 | [DEBUG] Buscando en paralelo: ['play.PNG'] | timeout=20s | confidence=0.8
2026-08-18 14:55:25 | INFO | my_functions.py:133 | Haciendo click en la posición (384, 824)
2026-08-18 14:55:25 | INFO | my_functions.py:270 | 🖱️ Click OK (En paralelo): play.PNG at (384, 824) delay=3s
2026-08-18 14:55:30 | INFO | my_functions.py:169 | Searching failed_to_join_game_error.png (timeout=0s)
2026-08-18 14:55:30 | INFO | my_functions.py:213 | 
⛔ Not found: failed_to_join_game_error.png after 0.0s region=(0, 0, 765, 1038) confidence=0.8
2026-08-18 14:55:34 | INFO | my_functions.py:169 | Searching failed_to_join_game_error.png (timeout=0s)
2026-08-18 14:55:34 | INFO | my_functions.py:213 | 
⛔ Not found: failed_to_join_game_error.png after 0.0s region=(0, 0, 765, 1038) confidence=0.8
2026-08-18 14:55:38 | INFO | my_functions.py:169 | Searching failed_to_join_game_error.png (timeout=0s)
2026-08-18 14:55:38 | INFO | my_functions.py:213 | 
⛔ Not found: failed_to_join_game_error.png after 0.0s region=(0, 0, 765, 1038) confidence=0.8
2026-08-18 14:55:41 | INFO | my_functions.py:169 | Searching failed_to_join_game_error.png (timeout=0s)
2026-08-18 14:55:42 | INFO | my_functions.py:213 | 
⛔ Not found: failed_to_join_game_error.png after 0.0s region=(0, 0, 765, 1038) confidence=0.8
2026-08-18 14:55:45 | INFO | my_functions.py:169 | Searching failed_to_join_game_error.png (timeout=0s)
2026-08-18 14:55:46 | INFO | my_functions.py:213 | 
⛔ Not found: failed_to_join_game_error.png after 0.47s region=(0, 0, 765, 1038) confidence=0.8
2026-08-18 14:55:48 | INFO | my_functions.py:199 | 
✅ Found: end_turn.PNG pos=(681, 945) time=0.68s confidence=0.8
2026-08-18 14:55:48 | INFO | my_functions.py:248 | [DEBUG] Buscando en paralelo: ['snap.PNG'] | timeout=0s | confidence=0.8
2026-08-18 14:55:49 | INFO | my_functions.py:133 | Haciendo click en la posición (386, 123)
2026-08-18 14:55:50 | INFO | my_functions.py:270 | 🖱️ Click OK (En paralelo): snap.PNG at (386, 123) delay=1s
2026-08-18 14:55:56 | INFO | my_functions.py:248 | [DEBUG] Buscando en paralelo: ['end_turn.PNG'] | timeout=0s | confidence=0.8
2026-08-18 14:55:58 | INFO | my_functions.py:133 | Haciendo click en la posición (682, 946)
2026-08-18 14:55:58 | INFO | my_functions.py:270 | 🖱️ Click OK (En paralelo): end_turn.PNG at (682, 946) delay=1s
2026-08-18 14:55:59 | INFO | each_eight_hours copy 2.py:108 | End turn executed
2026-08-18 14:56:01 | INFO | my_functions.py:169 | Searching failed_to_join_game_error.png (timeout=0s)
2026-08-18 14:56:01 | INFO | my_functions.py:213 | 
⛔ Not found: failed_to_join_game_error.png after 0.0s region=(0, 0, 765, 1038) confidence=0.8
2026-08-18 14:56:04 | INFO | my_functions.py:169 | Searching failed_to_join_game_error.png (timeout=0s)
2026-08-18 14:56:05 | INFO | my_functions.py:213 | 
⛔ Not found: failed_to_join_game_error.png after 0.5s region=(0, 0, 765, 1038) confidence=0.8
2026-08-18 14:56:09 | INFO | my_functions.py:169 | Searching failed_to_join_game_error.png (timeout=0s)
2026-08-18 14:56:09 | INFO | my_functions.py:213 | 
⛔ Not found: failed_to_join_game_error.png after 0.0s region=(0, 0, 765, 1038) confidence=0.8
2026-08-18 14:56:12 | INFO | my_functions.py:169 | Searching failed_to_join_game_error.png (timeout=0s)
2026-08-18 14:56:13 | INFO | my_functions.py:213 | 
⛔ Not found: failed_to_join_game_error.png after 0.0s region=(0, 0, 765, 1038) confidence=0.8
2026-08-18 14:56:14 | INFO | my_functions.py:199 | 
✅ Found: end_turn.PNG pos=(681, 945) time=0.67s confidence=0.8
2026-08-18 14:56:14 | INFO | my_functions.py:248 | [DEBUG] Buscando en paralelo: ['snap.PNG'] | timeout=0s | confidence=0.8
2026-08-18 14:56:15 | INFO | my_functions.py:282 | [DEBUG] Click skipped, ninguna de las imágenes se encontró en el intento.
2026-08-18 14:56:21 | INFO | my_functions.py:248 | [DEBUG] Buscando en paralelo: ['end_turn.PNG'] | timeout=0s | confidence=0.8
2026-08-18 14:56:22 | INFO | my_functions.py:282 | [DEBUG] Click skipped, ninguna de las imágenes se encontró en el intento.
2026-08-18 14:56:25 | INFO | my_functions.py:169 | Searching failed_to_join_game_error.png (timeout=0s)
2026-08-18 14:56:25 | INFO | my_functions.py:213 | 
⛔ Not found: failed_to_join_game_error.png after 0.0s region=(0, 0, 765, 1038) confidence=0.8
2026-08-18 14:56:29 | INFO | my_functions.py:169 | Searching failed_to_join_game_error.png (timeout=0s)
2026-08-18 14:56:29 | INFO | my_functions.py:213 | 
⛔ Not found: failed_to_join_game_error.png after 0.0s region=(0, 0, 765, 1038) confidence=0.8
2026-08-18 14:56:33 | INFO | my_functions.py:169 | Searching failed_to_join_game_error.png (timeout=0s)
2026-08-18 14:56:33 | INFO | my_functions.py:213 | 
⛔ Not found: failed_to_join_game_error.png after 0.0s region=(0, 0, 765, 1038) confidence=0.8
2026-08-18 14:56:34 | INFO | my_functions.py:199 | 
✅ Found: end_turn.PNG pos=(682, 945) time=0.66s confidence=0.8
2026-08-18 14:56:34 | INFO | my_functions.py:248 | [DEBUG] Buscando en paralelo: ['snap.PNG'] | timeout=0s | confidence=0.8
2026-08-18 14:56:35 | INFO | my_functions.py:282 | [DEBUG] Click skipped, ninguna de las imágenes se encontró en el intento.
2026-08-18 14:56:41 | INFO | my_functions.py:248 | [DEBUG] Buscando en paralelo: ['end_turn.PNG'] | timeout=0s | confidence=0.8
2026-08-18 14:56:43 | INFO | my_functions.py:133 | Haciendo click en la posición (681, 945)
2026-08-18 14:56:43 | INFO | my_functions.py:270 | 🖱️ Click OK (En paralelo): end_turn.PNG at (681, 945) delay=1s
2026-08-18 14:56:45 | INFO | each_eight_hours copy 2.py:108 | End turn executed
2026-08-18 14:56:46 | INFO | my_functions.py:169 | Searching failed_to_join_game_error.png (timeout=0s)
2026-08-18 14:56:47 | INFO | my_functions.py:213 | 
⛔ Not found: failed_to_join_game_error.png after 0.0s region=(0, 0, 765, 1038) confidence=0.8
2026-08-18 14:56:51 | INFO | my_functions.py:169 | Searching failed_to_join_game_error.png (timeout=0s)
2026-08-18 14:56:51 | INFO | my_functions.py:213 | 
⛔ Not found: failed_to_join_game_error.png after 0.0s region=(0, 0, 765, 1038) confidence=0.8
2026-08-18 14:56:55 | INFO | my_functions.py:169 | Searching failed_to_join_game_error.png (timeout=0s)
2026-08-18 14:56:55 | INFO | my_functions.py:213 | 
⛔ Not found: failed_to_join_game_error.png after 0.0s region=(0, 0, 765, 1038) confidence=0.8
2026-08-18 14:56:59 | INFO | my_functions.py:169 | Searching failed_to_join_game_error.png (timeout=0s)
2026-08-18 14:56:59 | INFO | my_functions.py:213 | 
⛔ Not found: failed_to_join_game_error.png after 0.0s region=(0, 0, 765, 1038) confidence=0.8
2026-08-18 14:57:01 | INFO | my_functions.py:199 | 
✅ Found: end_turn.PNG pos=(681, 945) time=0.68s confidence=0.8
2026-08-18 14:57:01 | INFO | my_functions.py:248 | [DEBUG] Buscando en paralelo: ['snap.PNG'] | timeout=0s | confidence=0.8
2026-08-18 14:57:01 | INFO | my_functions.py:282 | [DEBUG] Click skipped, ninguna de las imágenes se encontró en el intento.
2026-08-18 14:57:08 | INFO | my_functions.py:248 | [DEBUG] Buscando en paralelo: ['end_turn.PNG'] | timeout=0s | confidence=0.8
2026-08-18 14:57:10 | INFO | my_functions.py:133 | Haciendo click en la posición (682, 945)
2026-08-18 14:57:10 | INFO | my_functions.py:270 | 🖱️ Click OK (En paralelo): end_turn.PNG at (682, 945) delay=1s
2026-08-18 14:57:11 | INFO | each_eight_hours copy 2.py:108 | End turn executed
2026-08-18 14:57:13 | INFO | my_functions.py:169 | Searching failed_to_join_game_error.png (timeout=0s)
2026-08-18 14:57:13 | INFO | my_functions.py:213 | 
⛔ Not found: failed_to_join_game_error.png after 0.0s region=(0, 0, 765, 1038) confidence=0.8
2026-08-18 14:57:17 | INFO | my_functions.py:169 | Searching failed_to_join_game_error.png (timeout=0s)
2026-08-18 14:57:17 | INFO | my_functions.py:213 | 
⛔ Not found: failed_to_join_game_error.png after 0.0s region=(0, 0, 765, 1038) confidence=0.8
2026-08-18 14:57:21 | INFO | my_functions.py:169 | Searching failed_to_join_game_error.png (timeout=0s)
2026-08-18 14:57:21 | INFO | my_functions.py:213 | 
⛔ Not found: failed_to_join_game_error.png after 0.0s region=(0, 0, 765, 1038) confidence=0.8
2026-08-18 14:57:25 | INFO | my_functions.py:169 | Searching failed_to_join_game_error.png (timeout=0s)
2026-08-18 14:57:25 | INFO | my_functions.py:213 | 
⛔ Not found: failed_to_join_game_error.png after 0.0s region=(0, 0, 765, 1038) confidence=0.8
2026-08-18 14:57:29 | INFO | my_functions.py:169 | Searching failed_to_join_game_error.png (timeout=0s)
2026-08-18 14:57:29 | INFO | my_functions.py:213 | 
⛔ Not found: failed_to_join_game_error.png after 0.0s region=(0, 0, 765, 1038) confidence=0.8
2026-08-18 14:57:31 | INFO | my_functions.py:199 | 
✅ Found: end_turn.PNG pos=(681, 945) time=0.69s confidence=0.8
2026-08-18 14:57:31 | INFO | my_functions.py:248 | [DEBUG] Buscando en paralelo: ['snap.PNG'] | timeout=0s | confidence=0.8
2026-08-18 14:57:32 | INFO | my_functions.py:282 | [DEBUG] Click skipped, ninguna de las imágenes se encontró en el intento.
2026-08-18 14:57:38 | INFO | my_functions.py:248 | [DEBUG] Buscando en paralelo: ['end_turn.PNG'] | timeout=0s | confidence=0.8
2026-08-18 14:57:39 | INFO | my_functions.py:133 | Haciendo click en la posición (682, 945)
2026-08-18 14:57:39 | INFO | my_functions.py:270 | 🖱️ Click OK (En paralelo): end_turn.PNG at (682, 945) delay=1s
2026-08-18 14:57:41 | INFO | each_eight_hours copy 2.py:108 | End turn executed
2026-08-18 14:57:43 | INFO | my_functions.py:169 | Searching failed_to_join_game_error.png (timeout=0s)
2026-08-18 14:57:43 | INFO | my_functions.py:213 | 
⛔ Not found: failed_to_join_game_error.png after 0.0s region=(0, 0, 765, 1038) confidence=0.8
2026-08-18 14:57:46 | INFO | my_functions.py:169 | Searching failed_to_join_game_error.png (timeout=0s)
2026-08-18 14:57:47 | INFO | my_functions.py:213 | 
⛔ Not found: failed_to_join_game_error.png after 0.0s region=(0, 0, 765, 1038) confidence=0.8
2026-08-18 14:57:50 | INFO | my_functions.py:169 | Searching failed_to_join_game_error.png (timeout=0s)
2026-08-18 14:57:51 | INFO | my_functions.py:213 | 
⛔ Not found: failed_to_join_game_error.png after 0.0s region=(0, 0, 765, 1038) confidence=0.8
2026-08-18 14:57:54 | INFO | my_functions.py:169 | Searching failed_to_join_game_error.png (timeout=0s)
2026-08-18 14:57:54 | INFO | my_functions.py:213 | 
⛔ Not found: failed_to_join_game_error.png after 0.0s region=(0, 0, 765, 1038) confidence=0.8
2026-08-18 14:57:56 | INFO | my_functions.py:199 | 
✅ Found: end_turn.PNG pos=(681, 945) time=0.67s confidence=0.8
2026-08-18 14:57:56 | INFO | my_functions.py:248 | [DEBUG] Buscando en paralelo: ['snap.PNG'] | timeout=0s | confidence=0.8
2026-08-18 14:57:57 | INFO | my_functions.py:282 | [DEBUG] Click skipped, ninguna de las imágenes se encontró en el intento.
2026-08-18 14:58:03 | INFO | my_functions.py:248 | [DEBUG] Buscando en paralelo: ['end_turn.PNG'] | timeout=0s | confidence=0.8
2026-08-18 14:58:05 | INFO | my_functions.py:133 | Haciendo click en la posición (682, 945)
2026-08-18 14:58:05 | INFO | my_functions.py:270 | 🖱️ Click OK (En paralelo): end_turn.PNG at (682, 945) delay=1s
2026-08-18 14:58:06 | INFO | each_eight_hours copy 2.py:108 | End turn executed
2026-08-18 14:58:08 | INFO | my_functions.py:169 | Searching failed_to_join_game_error.png (timeout=0s)
2026-08-18 14:58:09 | INFO | my_functions.py:213 | 
⛔ Not found: failed_to_join_game_error.png after 0.5s region=(0, 0, 765, 1038) confidence=0.8
2026-08-18 14:58:12 | INFO | my_functions.py:169 | Searching failed_to_join_game_error.png (timeout=0s)
2026-08-18 14:58:13 | INFO | my_functions.py:213 | 
⛔ Not found: failed_to_join_game_error.png after 0.0s region=(0, 0, 765, 1038) confidence=0.8
2026-08-18 14:58:16 | INFO | my_functions.py:169 | Searching failed_to_join_game_error.png (timeout=0s)
2026-08-18 14:58:17 | INFO | my_functions.py:213 | 
⛔ Not found: failed_to_join_game_error.png after 0.0s region=(0, 0, 765, 1038) confidence=0.8
2026-08-18 14:58:20 | INFO | my_functions.py:169 | Searching failed_to_join_game_error.png (timeout=0s)
2026-08-18 14:58:21 | INFO | my_functions.py:213 | 
⛔ Not found: failed_to_join_game_error.png after 0.0s region=(0, 0, 765, 1038) confidence=0.8
2026-08-18 14:58:22 | INFO | my_functions.py:199 | 
✅ Found: end_turn.PNG pos=(681, 945) time=0.7s confidence=0.8
2026-08-18 14:58:22 | INFO | my_functions.py:248 | [DEBUG] Buscando en paralelo: ['snap.PNG'] | timeout=0s | confidence=0.8
2026-08-18 14:58:23 | INFO | my_functions.py:282 | [DEBUG] Click skipped, ninguna de las imágenes se encontró en el intento.
2026-08-18 14:58:29 | INFO | my_functions.py:248 | [DEBUG] Buscando en paralelo: ['end_turn.PNG'] | timeout=0s | confidence=0.8
2026-08-18 14:58:31 | INFO | my_functions.py:133 | Haciendo click en la posición (682, 945)
2026-08-18 14:58:31 | INFO | my_functions.py:270 | 🖱️ Click OK (En paralelo): end_turn.PNG at (682, 945) delay=1s
2026-08-18 14:58:32 | INFO | each_eight_hours copy 2.py:108 | End turn executed
2026-08-18 14:58:34 | INFO | my_functions.py:169 | Searching failed_to_join_game_error.png (timeout=0s)
2026-08-18 14:58:35 | INFO | my_functions.py:213 | 
⛔ Not found: failed_to_join_game_error.png after 0.0s region=(0, 0, 765, 1038) confidence=0.8
2026-08-18 14:58:38 | INFO | my_functions.py:169 | Searching failed_to_join_game_error.png (timeout=0s)
2026-08-18 14:58:39 | INFO | my_functions.py:213 | 
⛔ Not found: failed_to_join_game_error.png after 0.0s region=(0, 0, 765, 1038) confidence=0.8
2026-08-18 14:58:42 | INFO | my_functions.py:169 | Searching failed_to_join_game_error.png (timeout=0s)
2026-08-18 14:58:42 | INFO | my_functions.py:213 | 
⛔ Not found: failed_to_join_game_error.png after 0.0s region=(0, 0, 765, 1038) confidence=0.8
2026-08-18 14:58:46 | INFO | my_functions.py:169 | Searching failed_to_join_game_error.png (timeout=0s)
2026-08-18 14:58:46 | INFO | my_functions.py:213 | 
⛔ Not found: failed_to_join_game_error.png after 0.0s region=(0, 0, 765, 1038) confidence=0.8
2026-08-18 14:58:50 | INFO | my_functions.py:169 | Searching failed_to_join_game_error.png (timeout=0s)
2026-08-18 14:58:50 | INFO | my_functions.py:213 | 
⛔ Not found: failed_to_join_game_error.png after 0.0s region=(0, 0, 765, 1038) confidence=0.8
2026-08-18 14:58:51 | INFO | my_functions.py:199 | 
✅ Found: collect_rewards.PNG pos=(679, 957) time=0.79s confidence=0.8
2026-08-18 14:58:51 | INFO | each_eight_hours copy 2.py:138 | Rewards detected, exiting match. Game duration: 209.31 s
2026-08-18 14:58:51 | INFO | my_functions.py:248 | [DEBUG] Buscando en paralelo: ['collect_rewards.PNG'] | timeout=20s | confidence=0.8
2026-08-18 14:58:53 | INFO | my_functions.py:133 | Haciendo click en la posición (679, 957)
2026-08-18 14:58:53 | INFO | my_functions.py:270 | 🖱️ Click OK (En paralelo): collect_rewards.PNG at (679, 957) delay=1s
2026-08-18 14:58:54 | INFO | my_functions.py:248 | [DEBUG] Buscando en paralelo: ['next.PNG'] | timeout=20s | confidence=0.8
2026-08-18 14:59:00 | INFO | my_functions.py:133 | Haciendo click en la posición (677, 973)
2026-08-18 14:59:00 | INFO | my_functions.py:270 | 🖱️ Click OK (En paralelo): next.PNG at (677, 973) delay=1s
2026-08-18 14:59:03 | INFO | my_functions.py:169 | Searching hyper_cube.png (timeout=5s)
2026-08-18 14:59:09 | INFO | my_functions.py:213 | 
⛔ Not found: hyper_cube.png after 5.16s region=(0, 0, 765, 1038) confidence=0.8
2026-08-18 14:59:09 | INFO | each_eight_hours copy 2.py:95 | Starting game loop 3
2026-08-18 14:59:09 | INFO | my_functions.py:248 | [DEBUG] Buscando en paralelo: ['play.PNG'] | timeout=20s | confidence=0.8
2026-08-18 14:59:13 | INFO | my_functions.py:133 | Haciendo click en la posición (384, 824)
2026-08-18 14:59:13 | INFO | my_functions.py:270 | 🖱️ Click OK (En paralelo): play.PNG at (384, 824) delay=3s
2026-08-18 14:59:17 | INFO | my_functions.py:169 | Searching failed_to_join_game_error.png (timeout=0s)
2026-08-18 14:59:18 | INFO | my_functions.py:213 | 
⛔ Not found: failed_to_join_game_error.png after 0.0s region=(0, 0, 765, 1038) confidence=0.8
2026-08-18 14:59:21 | INFO | my_functions.py:169 | Searching failed_to_join_game_error.png (timeout=0s)
2026-08-18 14:59:22 | INFO | my_functions.py:213 | 
⛔ Not found: failed_to_join_game_error.png after 0.0s region=(0, 0, 765, 1038) confidence=0.8
2026-08-18 14:59:25 | INFO | my_functions.py:169 | Searching failed_to_join_game_error.png (timeout=0s)
2026-08-18 14:59:26 | INFO | my_functions.py:213 | 
⛔ Not found: failed_to_join_game_error.png after 0.0s region=(0, 0, 765, 1038) confidence=0.8
2026-08-18 14:59:29 | INFO | my_functions.py:169 | Searching failed_to_join_game_error.png (timeout=0s)
2026-08-18 14:59:29 | INFO | my_functions.py:213 | 
⛔ Not found: failed_to_join_game_error.png after 0.0s region=(0, 0, 765, 1038) confidence=0.8
2026-08-18 14:59:32 | INFO | my_functions.py:169 | Searching failed_to_join_game_error.png (timeout=0s)
2026-08-18 14:59:33 | INFO | my_functions.py:213 | 
⛔ Not found: failed_to_join_game_error.png after 0.0s region=(0, 0, 765, 1038) confidence=0.8
2026-08-18 14:59:36 | INFO | my_functions.py:169 | Searching failed_to_join_game_error.png (timeout=0s)
2026-08-18 14:59:36 | INFO | my_functions.py:213 | 
⛔ Not found: failed_to_join_game_error.png after 0.0s region=(0, 0, 765, 1038) confidence=0.8
2026-08-18 14:59:40 | INFO | my_functions.py:169 | Searching failed_to_join_game_error.png (timeout=0s)
2026-08-18 14:59:40 | INFO | my_functions.py:213 | 
⛔ Not found: failed_to_join_game_error.png after 0.0s region=(0, 0, 765, 1038) confidence=0.8
2026-08-18 14:59:41 | INFO | my_functions.py:199 | 
✅ Found: end_turn.PNG pos=(681, 945) time=0.65s confidence=0.8
2026-08-18 14:59:41 | INFO | my_functions.py:248 | [DEBUG] Buscando en paralelo: ['snap.PNG'] | timeout=0s | confidence=0.8
2026-08-18 14:59:43 | INFO | my_functions.py:133 | Haciendo click en la posición (386, 123)
2026-08-18 14:59:43 | INFO | my_functions.py:270 | 🖱️ Click OK (En paralelo): snap.PNG at (386, 123) delay=1s
2026-08-18 14:59:50 | INFO | my_functions.py:248 | [DEBUG] Buscando en paralelo: ['end_turn.PNG'] | timeout=0s | confidence=0.8
2026-08-18 14:59:50 | INFO | my_functions.py:282 | [DEBUG] Click skipped, ninguna de las imágenes se encontró en el intento.
2026-08-18 14:59:53 | INFO | my_functions.py:169 | Searching failed_to_join_game_error.png (timeout=0s)
2026-08-18 14:59:54 | INFO | my_functions.py:213 | 
⛔ Not found: failed_to_join_game_error.png after 0.0s region=(0, 0, 765, 1038) confidence=0.8
2026-08-18 14:59:57 | INFO | my_functions.py:169 | Searching failed_to_join_game_error.png (timeout=0s)
2026-08-18 14:59:57 | INFO | my_functions.py:213 | 
⛔ Not found: failed_to_join_game_error.png after 0.0s region=(0, 0, 765, 1038) confidence=0.8
2026-08-18 14:59:58 | INFO | my_functions.py:199 | 
✅ Found: end_turn.PNG pos=(682, 946) time=0.65s confidence=0.8
2026-08-18 14:59:58 | INFO | my_functions.py:248 | [DEBUG] Buscando en paralelo: ['snap.PNG'] | timeout=0s | confidence=0.8
2026-08-18 15:00:00 | INFO | my_functions.py:133 | Haciendo click en la posición (386, 124)
2026-08-18 15:00:00 | INFO | my_functions.py:270 | 🖱️ Click OK (En paralelo): snap.PNG at (386, 124) delay=1s
2026-08-18 15:00:07 | INFO | my_functions.py:248 | [DEBUG] Buscando en paralelo: ['end_turn.PNG'] | timeout=0s | confidence=0.8
2026-08-18 15:00:08 | INFO | my_functions.py:133 | Haciendo click en la posición (682, 945)
2026-08-18 15:00:09 | INFO | my_functions.py:270 | 🖱️ Click OK (En paralelo): end_turn.PNG at (682, 945) delay=1s
2026-08-18 15:00:10 | INFO | each_eight_hours copy 2.py:108 | End turn executed
2026-08-18 15:00:11 | INFO | my_functions.py:169 | Searching failed_to_join_game_error.png (timeout=0s)
2026-08-18 15:00:12 | INFO | my_functions.py:213 | 
⛔ Not found: failed_to_join_game_error.png after 0.0s region=(0, 0, 765, 1038) confidence=0.8
2026-08-18 15:00:15 | INFO | my_functions.py:169 | Searching failed_to_join_game_error.png (timeout=0s)
2026-08-18 15:00:15 | INFO | my_functions.py:213 | 
⛔ Not found: failed_to_join_game_error.png after 0.0s region=(0, 0, 765, 1038) confidence=0.8
2026-08-18 15:00:19 | INFO | my_functions.py:169 | Searching failed_to_join_game_error.png (timeout=0s)
2026-08-18 15:00:19 | INFO | my_functions.py:213 | 
⛔ Not found: failed_to_join_game_error.png after 0.0s region=(0, 0, 765, 1038) confidence=0.8
2026-08-18 15:00:22 | INFO | my_functions.py:169 | Searching failed_to_join_game_error.png (timeout=0s)
2026-08-18 15:00:23 | INFO | my_functions.py:213 | 
⛔ Not found: failed_to_join_game_error.png after 0.0s region=(0, 0, 765, 1038) confidence=0.8
2026-08-18 15:00:26 | INFO | my_functions.py:169 | Searching failed_to_join_game_error.png (timeout=0s)
2026-08-18 15:00:27 | INFO | my_functions.py:213 | 
⛔ Not found: failed_to_join_game_error.png after 0.47s region=(0, 0, 765, 1038) confidence=0.8
2026-08-18 15:00:28 | INFO | my_functions.py:199 | 
✅ Found: end_turn.PNG pos=(681, 945) time=0.65s confidence=0.8
2026-08-18 15:00:28 | INFO | my_functions.py:248 | [DEBUG] Buscando en paralelo: ['snap.PNG'] | timeout=0s | confidence=0.8
2026-08-18 15:00:29 | INFO | my_functions.py:282 | [DEBUG] Click skipped, ninguna de las imágenes se encontró en el intento.
2026-08-18 15:00:35 | INFO | my_functions.py:248 | [DEBUG] Buscando en paralelo: ['end_turn.PNG'] | timeout=0s | confidence=0.8
2026-08-18 15:00:37 | INFO | my_functions.py:133 | Haciendo click en la posición (682, 945)
2026-08-18 15:00:37 | INFO | my_functions.py:270 | 🖱️ Click OK (En paralelo): end_turn.PNG at (682, 945) delay=1s
2026-08-18 15:00:38 | INFO | each_eight_hours copy 2.py:108 | End turn executed
2026-08-18 15:00:40 | INFO | my_functions.py:169 | Searching failed_to_join_game_error.png (timeout=0s)
2026-08-18 15:00:40 | INFO | my_functions.py:213 | 
⛔ Not found: failed_to_join_game_error.png after 0.0s region=(0, 0, 765, 1038) confidence=0.8
2026-08-18 15:00:43 | INFO | my_functions.py:169 | Searching failed_to_join_game_error.png (timeout=0s)
2026-08-18 15:00:44 | INFO | my_functions.py:213 | 
⛔ Not found: failed_to_join_game_error.png after 0.0s region=(0, 0, 765, 1038) confidence=0.8
2026-08-18 15:00:47 | INFO | my_functions.py:169 | Searching failed_to_join_game_error.png (timeout=0s)
2026-08-18 15:00:47 | INFO | my_functions.py:213 | 
⛔ Not found: failed_to_join_game_error.png after 0.0s region=(0, 0, 765, 1038) confidence=0.8
2026-08-18 15:00:51 | INFO | my_functions.py:169 | Searching failed_to_join_game_error.png (timeout=0s)
2026-08-18 15:00:51 | INFO | my_functions.py:213 | 
⛔ Not found: failed_to_join_game_error.png after 0.0s region=(0, 0, 765, 1038) confidence=0.8
2026-08-18 15:00:52 | INFO | my_functions.py:199 | 
✅ Found: end_turn.PNG pos=(681, 945) time=0.65s confidence=0.8
2026-08-18 15:00:52 | INFO | my_functions.py:248 | [DEBUG] Buscando en paralelo: ['snap.PNG'] | timeout=0s | confidence=0.8
2026-08-18 15:00:53 | INFO | my_functions.py:282 | [DEBUG] Click skipped, ninguna de las imágenes se encontró en el intento.
2026-08-18 15:00:59 | INFO | my_functions.py:248 | [DEBUG] Buscando en paralelo: ['end_turn.PNG'] | timeout=0s | confidence=0.8
2026-08-18 15:01:01 | INFO | my_functions.py:133 | Haciendo click en la posición (682, 945)
2026-08-18 15:01:01 | INFO | my_functions.py:270 | 🖱️ Click OK (En paralelo): end_turn.PNG at (682, 945) delay=1s
2026-08-18 15:01:02 | INFO | each_eight_hours copy 2.py:108 | End turn executed
2026-08-18 15:01:04 | INFO | my_functions.py:169 | Searching failed_to_join_game_error.png (timeout=0s)
2026-08-18 15:01:05 | INFO | my_functions.py:213 | 
⛔ Not found: failed_to_join_game_error.png after 0.0s region=(0, 0, 765, 1038) confidence=0.8
2026-08-18 15:01:08 | INFO | my_functions.py:169 | Searching failed_to_join_game_error.png (timeout=0s)
2026-08-18 15:01:08 | INFO | my_functions.py:213 | 
⛔ Not found: failed_to_join_game_error.png after 0.0s region=(0, 0, 765, 1038) confidence=0.8
2026-08-18 15:01:11 | INFO | my_functions.py:169 | Searching failed_to_join_game_error.png (timeout=0s)
2026-08-18 15:01:12 | INFO | my_functions.py:213 | 
⛔ Not found: failed_to_join_game_error.png after 0.47s region=(0, 0, 765, 1038) confidence=0.8
2026-08-18 15:01:14 | INFO | my_functions.py:199 | 
✅ Found: end_turn.PNG pos=(681, 945) time=0.66s confidence=0.8
2026-08-18 15:01:14 | INFO | my_functions.py:248 | [DEBUG] Buscando en paralelo: ['snap.PNG'] | timeout=0s | confidence=0.8
2026-08-18 15:01:15 | INFO | my_functions.py:282 | [DEBUG] Click skipped, ninguna de las imágenes se encontró en el intento.
2026-08-18 15:01:21 | INFO | my_functions.py:248 | [DEBUG] Buscando en paralelo: ['end_turn.PNG'] | timeout=0s | confidence=0.8
2026-08-18 15:01:22 | INFO | my_functions.py:133 | Haciendo click en la posición (682, 945)
2026-08-18 15:01:22 | INFO | my_functions.py:270 | 🖱️ Click OK (En paralelo): end_turn.PNG at (682, 945) delay=1s
2026-08-18 15:01:24 | INFO | each_eight_hours copy 2.py:108 | End turn executed
2026-08-18 15:01:25 | INFO | my_functions.py:169 | Searching failed_to_join_game_error.png (timeout=0s)
2026-08-18 15:01:26 | INFO | my_functions.py:213 | 
⛔ Not found: failed_to_join_game_error.png after 0.0s region=(0, 0, 765, 1038) confidence=0.8
2026-08-18 15:01:29 | INFO | my_functions.py:169 | Searching failed_to_join_game_error.png (timeout=0s)
2026-08-18 15:01:30 | INFO | my_functions.py:213 | 
⛔ Not found: failed_to_join_game_error.png after 0.0s region=(0, 0, 765, 1038) confidence=0.8
2026-08-18 15:01:33 | INFO | my_functions.py:169 | Searching failed_to_join_game_error.png (timeout=0s)
2026-08-18 15:01:33 | INFO | my_functions.py:213 | 
⛔ Not found: failed_to_join_game_error.png after 0.0s region=(0, 0, 765, 1038) confidence=0.8
2026-08-18 15:01:37 | INFO | my_functions.py:169 | Searching failed_to_join_game_error.png (timeout=0s)
2026-08-18 15:01:37 | INFO | my_functions.py:213 | 
⛔ Not found: failed_to_join_game_error.png after 0.0s region=(0, 0, 765, 1038) confidence=0.8
2026-08-18 15:01:39 | INFO | my_functions.py:199 | 
✅ Found: end_turn.PNG pos=(681, 945) time=0.67s confidence=0.8
2026-08-18 15:01:39 | INFO | my_functions.py:248 | [DEBUG] Buscando en paralelo: ['snap.PNG'] | timeout=0s | confidence=0.8
2026-08-18 15:01:40 | INFO | my_functions.py:282 | [DEBUG] Click skipped, ninguna de las imágenes se encontró en el intento.
2026-08-18 15:01:46 | INFO | my_functions.py:248 | [DEBUG] Buscando en paralelo: ['end_turn.PNG'] | timeout=0s | confidence=0.8
2026-08-18 15:01:47 | INFO | my_functions.py:133 | Haciendo click en la posición (682, 945)
2026-08-18 15:01:47 | INFO | my_functions.py:270 | 🖱️ Click OK (En paralelo): end_turn.PNG at (682, 945) delay=1s
2026-08-18 15:01:49 | INFO | each_eight_hours copy 2.py:108 | End turn executed
2026-08-18 15:01:50 | INFO | my_functions.py:169 | Searching failed_to_join_game_error.png (timeout=0s)
2026-08-18 15:01:51 | INFO | my_functions.py:213 | 
⛔ Not found: failed_to_join_game_error.png after 0.0s region=(0, 0, 765, 1038) confidence=0.8
2026-08-18 15:01:54 | INFO | my_functions.py:169 | Searching failed_to_join_game_error.png (timeout=0s)
2026-08-18 15:01:55 | INFO | my_functions.py:213 | 
⛔ Not found: failed_to_join_game_error.png after 0.0s region=(0, 0, 765, 1038) confidence=0.8
2026-08-18 15:01:58 | INFO | my_functions.py:169 | Searching failed_to_join_game_error.png (timeout=0s)
2026-08-18 15:01:58 | INFO | my_functions.py:213 | 
⛔ Not found: failed_to_join_game_error.png after 0.0s region=(0, 0, 765, 1038) confidence=0.8
2026-08-18 15:02:02 | INFO | my_functions.py:169 | Searching failed_to_join_game_error.png (timeout=0s)
2026-08-18 15:02:02 | INFO | my_functions.py:213 | 
⛔ Not found: failed_to_join_game_error.png after 0.0s region=(0, 0, 765, 1038) confidence=0.8
2026-08-18 15:02:05 | INFO | my_functions.py:169 | Searching failed_to_join_game_error.png (timeout=0s)
2026-08-18 15:02:06 | INFO | my_functions.py:213 | 
⛔ Not found: failed_to_join_game_error.png after 0.0s region=(0, 0, 765, 1038) confidence=0.8
2026-08-18 15:02:07 | INFO | my_functions.py:199 | 
✅ Found: end_turn.PNG pos=(681, 945) time=0.63s confidence=0.8
2026-08-18 15:02:07 | INFO | my_functions.py:248 | [DEBUG] Buscando en paralelo: ['snap.PNG'] | timeout=0s | confidence=0.8
2026-08-18 15:02:08 | INFO | my_functions.py:282 | [DEBUG] Click skipped, ninguna de las imágenes se encontró en el intento.
2026-08-18 15:02:14 | INFO | my_functions.py:248 | [DEBUG] Buscando en paralelo: ['end_turn.PNG'] | timeout=0s | confidence=0.8
2026-08-18 15:02:16 | INFO | my_functions.py:133 | Haciendo click en la posición (682, 945)
2026-08-18 15:02:16 | INFO | my_functions.py:270 | 🖱️ Click OK (En paralelo): end_turn.PNG at (682, 945) delay=1s
2026-08-18 15:02:17 | INFO | each_eight_hours copy 2.py:108 | End turn executed
2026-08-18 15:02:19 | INFO | my_functions.py:169 | Searching failed_to_join_game_error.png (timeout=0s)
2026-08-18 15:02:20 | INFO | my_functions.py:213 | 
⛔ Not found: failed_to_join_game_error.png after 0.0s region=(0, 0, 765, 1038) confidence=0.8
2026-08-18 15:02:23 | INFO | my_functions.py:169 | Searching failed_to_join_game_error.png (timeout=0s)
2026-08-18 15:02:23 | INFO | my_functions.py:213 | 
⛔ Not found: failed_to_join_game_error.png after 0.0s region=(0, 0, 765, 1038) confidence=0.8
2026-08-18 15:02:27 | INFO | my_functions.py:169 | Searching failed_to_join_game_error.png (timeout=0s)
2026-08-18 15:02:27 | INFO | my_functions.py:213 | 
⛔ Not found: failed_to_join_game_error.png after 0.0s region=(0, 0, 765, 1038) confidence=0.8
2026-08-18 15:02:30 | INFO | my_functions.py:169 | Searching failed_to_join_game_error.png (timeout=0s)
2026-08-18 15:02:31 | INFO | my_functions.py:213 | 
⛔ Not found: failed_to_join_game_error.png after 0.0s region=(0, 0, 765, 1038) confidence=0.8
2026-08-18 15:02:34 | INFO | my_functions.py:169 | Searching failed_to_join_game_error.png (timeout=0s)
2026-08-18 15:02:34 | INFO | my_functions.py:213 | 
⛔ Not found: failed_to_join_game_error.png after 0.0s region=(0, 0, 765, 1038) confidence=0.8
2026-08-18 15:02:38 | INFO | my_functions.py:169 | Searching failed_to_join_game_error.png (timeout=0s)
2026-08-18 15:02:38 | INFO | my_functions.py:213 | 
⛔ Not found: failed_to_join_game_error.png after 0.0s region=(0, 0, 765, 1038) confidence=0.8
2026-08-18 15:02:41 | INFO | my_functions.py:169 | Searching failed_to_join_game_error.png (timeout=0s)
2026-08-18 15:02:42 | INFO | my_functions.py:213 | 
⛔ Not found: failed_to_join_game_error.png after 0.0s region=(0, 0, 765, 1038) confidence=0.8
2026-08-18 15:02:43 | INFO | my_functions.py:199 | 
✅ Found: collect_rewards.PNG pos=(679, 957) time=0.77s confidence=0.8
2026-08-18 15:02:43 | INFO | each_eight_hours copy 2.py:138 | Rewards detected, exiting match. Game duration: 213.58 s
2026-08-18 15:02:43 | INFO | my_functions.py:248 | [DEBUG] Buscando en paralelo: ['collect_rewards.PNG'] | timeout=20s | confidence=0.8
2026-08-18 15:02:44 | INFO | my_functions.py:133 | Haciendo click en la posición (679, 957)
2026-08-18 15:02:45 | INFO | my_functions.py:270 | 🖱️ Click OK (En paralelo): collect_rewards.PNG at (679, 957) delay=1s
2026-08-18 15:02:46 | INFO | my_functions.py:248 | [DEBUG] Buscando en paralelo: ['next.PNG'] | timeout=20s | confidence=0.8
2026-08-18 15:02:51 | INFO | my_functions.py:133 | Haciendo click en la posición (677, 973)
2026-08-18 15:02:51 | INFO | my_functions.py:270 | 🖱️ Click OK (En paralelo): next.PNG at (677, 973) delay=1s
2026-08-18 15:02:54 | INFO | my_functions.py:169 | Searching hyper_cube.png (timeout=5s)
2026-08-18 15:03:00 | INFO | my_functions.py:213 | 
⛔ Not found: hyper_cube.png after 5.05s region=(0, 0, 765, 1038) confidence=0.8
2026-08-18 15:03:00 | INFO | my_functions.py:248 | [DEBUG] Buscando en paralelo: ['missionsNotify2.png'] | timeout=20s | confidence=0.8
2026-08-18 15:03:04 | INFO | my_functions.py:133 | Haciendo click en la posición (538, 124)
2026-08-18 15:03:04 | INFO | my_functions.py:270 | 🖱️ Click OK (En paralelo): missionsNotify2.png at (538, 124) delay=3s
2026-08-18 15:03:05 | INFO | my_functions.py:1494 | [INFO] Iniciando click_missions_blue_2
2026-08-18 15:03:05 | INFO | my_functions.py:133 | Haciendo click en la posición (150, 132)
2026-08-18 15:03:06 | INFO | my_functions.py:1497 | [ACTION] Click hecho en icono de calendario que me dirige a las misiones ordinarias
2026-08-18 15:03:06 | INFO | my_functions.py:169 | Searching bonus_challenge.png (timeout=0s)
2026-08-18 15:03:07 | INFO | my_functions.py:213 | 
⛔ Not found: bonus_challenge.png after 0.01s region=(0, 0, 765, 1038) confidence=0.8
2026-08-18 15:03:07 | INFO | my_functions.py:1504 | [INFO] No se detectó bonus_challenge. Usando coordenada Y por defecto: 493
2026-08-18 15:03:07 | INFO | my_functions.py:1506 | [INFO] Esperando 2 segundos antes de iniciar clics...
2026-08-18 15:03:09 | INFO | my_functions.py:133 | Haciendo click en la posición (362, 493)
2026-08-18 15:03:10 | INFO | my_functions.py:1512 | [ACTION] Click 1/6 realizado en misión azul
2026-08-18 15:03:10 | INFO | my_functions.py:133 | Haciendo click en la posición (362, 493)
2026-08-18 15:03:11 | INFO | my_functions.py:1512 | [ACTION] Click 2/6 realizado en misión azul
2026-08-18 15:03:12 | INFO | my_functions.py:133 | Haciendo click en la posición (362, 493)
2026-08-18 15:03:13 | INFO | my_functions.py:1512 | [ACTION] Click 3/6 realizado en misión azul
2026-08-18 15:03:14 | INFO | my_functions.py:133 | Haciendo click en la posición (362, 493)
2026-08-18 15:03:15 | INFO | my_functions.py:1512 | [ACTION] Click 4/6 realizado en misión azul
2026-08-18 15:03:15 | INFO | my_functions.py:133 | Haciendo click en la posición (362, 493)
2026-08-18 15:03:17 | INFO | my_functions.py:1512 | [ACTION] Click 5/6 realizado en misión azul
2026-08-18 15:03:17 | INFO | my_functions.py:133 | Haciendo click en la posición (362, 493)
2026-08-18 15:03:18 | INFO | my_functions.py:1512 | [ACTION] Click 6/6 realizado en misión azul
2026-08-18 15:03:19 | INFO | my_functions.py:1516 | [CHECK] Verificando si apareció flechita_mission tras los 6 clicks
2026-08-18 15:03:19 | INFO | my_functions.py:169 | Searching flechita_mission.PNG (timeout=0s)
2026-08-18 15:03:20 | INFO | my_functions.py:213 | 
⛔ Not found: flechita_mission.PNG after 0.0s region=(0, 0, 765, 1038) confidence=0.8
2026-08-18 15:03:20 | INFO | my_functions.py:1521 | [INFO] No se detectó flechita_mission
2026-08-18 15:03:20 | INFO | my_functions.py:1523 | [INFO] Función click_blue_missions_2 terminada
2026-08-18 15:03:20 | INFO | my_functions.py:248 | [DEBUG] Buscando en paralelo: ['weekly3.PNG'] | timeout=0s | confidence=0.8
2026-08-18 15:03:20 | INFO | my_functions.py:282 | [DEBUG] Click skipped, ninguna de las imágenes se encontró en el intento.
2026-08-18 15:03:22 | INFO | my_functions.py:248 | [DEBUG] Buscando en paralelo: ['weekly3.PNG'] | timeout=0s | confidence=0.8
2026-08-18 15:03:22 | INFO | my_functions.py:282 | [DEBUG] Click skipped, ninguna de las imágenes se encontró en el intento.
2026-08-18 15:03:23 | INFO | my_functions.py:133 | Haciendo click en la posición (557, 64)
2026-08-18 15:03:25 | INFO | my_functions.py:248 | [DEBUG] Buscando en paralelo: ['cards_shop.PNG'] | timeout=20s | confidence=0.8
2026-08-18 15:03:27 | INFO | my_functions.py:133 | Haciendo click en la posición (568, 121)
2026-08-18 15:03:27 | INFO | my_functions.py:270 | 🖱️ Click OK (En paralelo): cards_shop.PNG at (568, 121) delay=1s
2026-08-18 15:03:29 | INFO | my_functions.py:248 | [DEBUG] Buscando en paralelo: ['token_icon.PNG'] | timeout=20s | confidence=0.8
2026-08-18 15:03:32 | INFO | my_functions.py:133 | Haciendo click en la posición (531, 171)
2026-08-18 15:03:32 | INFO | my_functions.py:270 | 🖱️ Click OK (En paralelo): token_icon.PNG at (531, 171) delay=1s
2026-08-18 15:03:35 | INFO | my_functions.py:248 | [DEBUG] Buscando en paralelo: ['claim!_token_3.PNG'] | timeout=4s | confidence=0.8
2026-08-18 15:03:37 | INFO | my_functions.py:133 | Haciendo click en la posición (231, 573)
2026-08-18 15:03:37 | INFO | my_functions.py:270 | 🖱️ Click OK (En paralelo): claim!_token_3.PNG at (231, 573) delay=1s
2026-08-18 15:03:38 | INFO | my_functions.py:248 | [DEBUG] Buscando en paralelo: ['cards_shop.PNG'] | timeout=20s | confidence=0.8
2026-08-18 15:03:40 | INFO | my_functions.py:133 | Haciendo click en la posición (568, 122)
2026-08-18 15:03:40 | INFO | my_functions.py:270 | 🖱️ Click OK (En paralelo): cards_shop.PNG at (568, 122) delay=1s
2026-08-18 15:03:41 | INFO | my_functions.py:248 | [DEBUG] Buscando en paralelo: ['offers.PNG'] | timeout=20s | confidence=0.8
2026-08-18 15:03:43 | INFO | my_functions.py:133 | Haciendo click en la posición (197, 121)
2026-08-18 15:03:43 | INFO | my_functions.py:270 | 🖱️ Click OK (En paralelo): offers.PNG at (197, 121) delay=1s
2026-08-18 15:03:44 | INFO | my_functions.py:1350 | [INFO] Iniciando mejora de cartas
2026-08-18 15:03:44 | INFO | my_functions.py:248 | [DEBUG] Buscando en paralelo: ['upgrade_cards_icon.PNG'] | timeout=3s | confidence=0.8
2026-08-18 15:03:46 | INFO | my_functions.py:133 | Haciendo click en la posición (322, 170)
2026-08-18 15:03:47 | INFO | my_functions.py:270 | 🖱️ Click OK (En paralelo): upgrade_cards_icon.PNG at (322, 170) delay=1s
2026-08-18 15:03:48 | INFO | my_functions.py:1357 | [INFO] Abriendo icono de upgrade_cards
2026-08-18 15:03:49 | INFO | my_functions.py:1364 | [STEP] Mejorando carta 1
2026-08-18 15:03:49 | INFO | my_functions.py:1368 | [ACTION] Click en carta 1
2026-08-18 15:03:50 | INFO | my_functions.py:1373 | [ACTION] Click en botón upgrade
2026-08-18 15:03:57 | INFO | my_functions.py:169 | Searching aw_snap.png (timeout=3s)
2026-08-18 15:04:01 | INFO | my_functions.py:213 | 
⛔ Not found: aw_snap.png after 3.44s region=(0, 0, 765, 1038) confidence=0.8
2026-08-18 15:04:01 | INFO | my_functions.py:248 | [DEBUG] Buscando en paralelo: ['you_need_more_credits!.png'] | timeout=3s | confidence=0.8
2026-08-18 15:04:02 | INFO | my_functions.py:133 | Haciendo click en la posición (381, 345)
2026-08-18 15:04:03 | INFO | my_functions.py:270 | 🖱️ Click OK (En paralelo): you_need_more_credits!.png at (381, 345) delay=1s
2026-08-18 15:04:04 | INFO | my_functions.py:141 | Presionando ESC (1/2)
2026-08-18 15:04:04 | INFO | my_functions.py:141 | Presionando ESC (2/2)
2026-08-18 15:04:07 | INFO | my_functions.py:1432 | [INFO] Mejora de cartas completada ✅
2026-08-18 15:04:07 | INFO | my_functions.py:141 | Presionando ESC (1/1)
2026-08-18 15:04:08 | INFO | my_functions.py:248 | [DEBUG] Buscando en paralelo: ['white_x.png'] | timeout=2s | confidence=0.8
2026-08-18 15:04:10 | INFO | my_functions.py:282 | [DEBUG] Click skipped, ninguna de las imágenes se encontró en el intento.
2026-08-18 15:04:11 | INFO | each_eight_hours copy 2.py:37 | [15:04:11.717] [DEBUG] === INICIANDO FUNCIÓN collect_cl_rewards ===
2026-08-18 15:04:11 | INFO | each_eight_hours copy 2.py:37 | [15:04:11.744] [DEBUG] Haciendo click inicial en (387, 166)...
2026-08-18 15:04:11 | INFO | my_functions.py:133 | Haciendo click en la posición (387, 166)
2026-08-18 15:04:18 | INFO | each_eight_hours copy 2.py:37 | [15:04:18.134] [DEBUG] Se omitió el cambio de tamaño de ventanas (resize=False)
2026-08-18 15:04:18 | INFO | each_eight_hours copy 2.py:37 | [15:04:18.270] [DEBUG] Recompensas iniciales detectadas por la API: 0
2026-08-18 15:04:18 | INFO | each_eight_hours copy 2.py:37 | Finished collecting rewards
2026-08-18 15:04:19 | INFO | my_functions.py:141 | Presionando ESC (1/1)
2026-08-18 15:04:19 | ERROR | my_functions.py:1830 | Error leyendo billetera: [Errno 2] No such file or directory: 'C:\\Users\\Farm\\AppData\\LocalLow\\Second Dinner\\SNAP\\Standalone\\States\\nvprod\\ProfileState.json'
2026-08-18 15:04:19 | ERROR | each_eight_hours copy 2.py:237 | Unhandled exception occurred
Traceback (most recent call last):
  File "Z:\SHARED FILES VM\MS\each_eight_hours copy 2.py", line 202, in <module>
    'Credits': f"{wallet['Credits']:,}",
               ^^^^^^^^^^^^^^^^^^^^^^^^
ValueError: Cannot specify ',' with 's'.
