2026-05-23 14:19:50 | INFO | each_eight_hours.py:39 | LOG FILE PATH: \\vmware-host\Shared Folders\SHARED FILES VM\MS\logs\each_eight_hours_2026-05-23_14-19-50.log
2026-05-23 14:19:50 | INFO | each_eight_hours.py:40 | Logger initialized
2026-05-23 14:19:50 | INFO | each_eight_hours.py:67 | Script initialized
2026-05-23 14:19:54 | INFO | each_eight_hours.py:128 | snap.exe terminated if it was running
2026-05-23 14:19:54 | INFO | my_functions.py:57 | ⏳ Esperando WebSocket de OBS...
2026-05-23 14:20:04 | INFO | baseclient.py:33 | Connecting with parameters: host='localhost' port=4455 password='' subs=0 timeout=None
2026-05-23 14:20:04 | INFO | reqs.py:23 | Successfully identified ReqClient with the server using RPC version:1
2026-05-23 14:20:04 | INFO | my_functions.py:63 | ✅ Conectado al OBS WebSocket
2026-05-23 14:20:04 | ERROR | reqs.py:59 | OBSSDKRequestError: Request GetRecordStatus returned code 207. With message: OBS is not ready to perform the request.
Traceback (most recent call last):
  File "C:\Users\Farm\AppData\Local\Programs\Python\Python311\Lib\site-packages\obsws_python\reqs.py", line 53, in send
    raise OBSSDKRequestError(
obsws_python.error.OBSSDKRequestError: Request GetRecordStatus returned code 207. With message: OBS is not ready to perform the request.
2026-05-23 14:20:05 | INFO | my_functions.py:88 | 🎬 Grabación iniciada
2026-05-23 14:20:05 | INFO | my_functions.py:1286 | ⏱ Esperando 0.1 segundos antes de empezar...
2026-05-23 14:20:05 | INFO | my_functions.py:1293 | 🔍 Esperando ventana que contenga alguna de: ['py', 'eight_hours'] (máx 20s)
2026-05-23 14:20:05 | INFO | my_functions.py:1305 | ✅ Ventana encontrada: 'each_eight_hours  - Acceso directo'
2026-05-23 14:20:05 | INFO | my_functions.py:1320 | ✅ Ventana seleccionada: 'each_eight_hours  - Acceso directo'
2026-05-23 14:20:07 | INFO | my_functions.py:1343 | 🔁 Reajuste #1...
2026-05-23 14:20:08 | INFO | my_functions.py:1350 | ✔ Verificación completa. Se hicieron 1 reajustes.
2026-05-23 14:20:38 | INFO | my_functions.py:2116 | Starting Steam window scan
2026-05-23 14:20:38 | INFO | my_functions.py:2119 | Found window: 
2026-05-23 14:20:38 | INFO | my_functions.py:2119 | Found window: each_eight_hours  - Acceso directo
2026-05-23 14:20:38 | INFO | my_functions.py:2119 | Found window: RivaTunerStatisticsServer
2026-05-23 14:20:38 | INFO | my_functions.py:2119 | Found window: 
2026-05-23 14:20:38 | INFO | my_functions.py:2119 | Found window: 
2026-05-23 14:20:38 | INFO | my_functions.py:2119 | Found window: 
2026-05-23 14:20:38 | INFO | my_functions.py:2119 | Found window: 
2026-05-23 14:20:38 | INFO | my_functions.py:2119 | Found window: Program Manager
2026-05-23 14:20:38 | INFO | each_eight_hours.py:139 | Processing account: reeps_vm
2026-05-23 14:20:38 | INFO | each_eight_hours.py:142 | Game relaunched for account
2026-05-23 14:20:38 | INFO | my_functions.py:1286 | ⏱ Esperando 0.1 segundos antes de empezar...
2026-05-23 14:20:38 | INFO | my_functions.py:1293 | 🔍 Esperando ventana que contenga alguna de: ['SNAP'] (máx 20s)
2026-05-23 14:20:43 | INFO | my_functions.py:1305 | ✅ Ventana encontrada: 'SNAP'
2026-05-23 14:20:43 | INFO | my_functions.py:1320 | ✅ Ventana seleccionada: 'SNAP'
2026-05-23 14:20:46 | INFO | my_functions.py:1352 | ✔ Verificación completa. No hubo cambios después del primer ajuste.
2026-05-23 14:20:46 | INFO | my_functions.py:991 | [DEBUG] Resizing SNAP window...
2026-05-23 14:20:46 | INFO | my_functions.py:1286 | ⏱ Esperando 0.1 segundos antes de empezar...
2026-05-23 14:20:46 | INFO | my_functions.py:1293 | 🔍 Esperando ventana que contenga alguna de: ['SNAP'] (máx 20s)
2026-05-23 14:20:46 | INFO | my_functions.py:1305 | ✅ Ventana encontrada: 'SNAP'
2026-05-23 14:20:46 | INFO | my_functions.py:1320 | ✅ Ventana seleccionada: 'SNAP'
2026-05-23 14:20:49 | INFO | my_functions.py:1352 | ✔ Verificación completa. No hubo cambios después del primer ajuste.
2026-05-23 14:20:49 | INFO | my_functions.py:248 | [DEBUG] Buscando en paralelo: ['small_submit.PNG', 'small_submit_hover.png', 'submit_hover_2.png', 'small_submit_hover_2.png'] | timeout=90s | confidence=0.8
2026-05-23 14:22:19 | INFO | my_functions.py:282 | [DEBUG] Click skipped, ninguna de las imágenes se encontró en el intento.
2026-05-23 14:22:20 | INFO | my_functions.py:248 | [DEBUG] Buscando en paralelo: ['small_submit.PNG', 'small_submit_hover.png', 'submit_hover_2.png', 'small_submit_hover_2.png'] | timeout=20s | confidence=0.8
2026-05-23 14:22:41 | INFO | my_functions.py:282 | [DEBUG] Click skipped, ninguna de las imágenes se encontró en el intento.
2026-05-23 14:22:42 | INFO | my_functions.py:1286 | ⏱ Esperando 0.1 segundos antes de empezar...
2026-05-23 14:22:42 | INFO | my_functions.py:1293 | 🔍 Esperando ventana que contenga alguna de: ['SNAP'] (máx 20s)
2026-05-23 14:22:42 | INFO | my_functions.py:1305 | ✅ Ventana encontrada: 'SNAP'
2026-05-23 14:22:42 | INFO | my_functions.py:1320 | ✅ Ventana seleccionada: 'SNAP'
2026-05-23 14:22:45 | INFO | my_functions.py:1352 | ✔ Verificación completa. No hubo cambios después del primer ajuste.
2026-05-23 14:22:45 | INFO | my_functions.py:170 | Searching please_sign.png (timeout=0s)
2026-05-23 14:22:46 | INFO | my_functions.py:214 | 
⛔ Not found: please_sign.png after 0.0s region=(0, 0, 765, 1038) confidence=0.8
2026-05-23 14:22:46 | INFO | my_functions.py:170 | Searching sign_in_with_google2.PNG (timeout=90s)
2026-05-23 14:24:16 | INFO | my_functions.py:214 | 
⛔ Not found: sign_in_with_google2.PNG after 90.16s region=(0, 0, 765, 1038) confidence=0.8
2026-05-23 14:24:16 | INFO | my_functions.py:248 | [DEBUG] Buscando en paralelo: ['sign_in_with_google2.PNG'] | timeout=20s | confidence=0.8
2026-05-23 14:24:36 | INFO | my_functions.py:282 | [DEBUG] Click skipped, ninguna de las imágenes se encontró en el intento.
2026-05-23 14:24:37 | INFO | my_functions.py:248 | [DEBUG] Buscando en paralelo: ['reeps_vm.png'] | timeout=30s | confidence=0.8
2026-05-23 14:25:07 | INFO | my_functions.py:282 | [DEBUG] Click skipped, ninguna de las imágenes se encontró en el intento.
2026-05-23 14:25:09 | INFO | my_functions.py:248 | [DEBUG] Buscando en paralelo: ['reeps_vm.png'] | timeout=0s | confidence=0.8
2026-05-23 14:25:10 | INFO | my_functions.py:282 | [DEBUG] Click skipped, ninguna de las imágenes se encontró en el intento.
2026-05-23 14:25:11 | INFO | my_functions.py:248 | [DEBUG] Buscando en paralelo: ['reeps_vm.png'] | timeout=0s | confidence=0.8
2026-05-23 14:25:12 | INFO | my_functions.py:282 | [DEBUG] Click skipped, ninguna de las imágenes se encontró en el intento.
2026-05-23 14:25:14 | INFO | my_functions.py:248 | [DEBUG] Buscando en paralelo: ['reeps_vm.png'] | timeout=0s | confidence=0.8
2026-05-23 14:25:14 | INFO | my_functions.py:282 | [DEBUG] Click skipped, ninguna de las imágenes se encontró en el intento.
2026-05-23 14:25:15 | INFO | my_functions.py:170 | Searching marvelsnap_web.png (timeout=30s)
2026-05-23 14:25:45 | INFO | my_functions.py:214 | 
⛔ Not found: marvelsnap_web.png after 30.13s region=(0, 0, 765, 1038) confidence=0.7
2026-05-23 14:25:45 | INFO | my_functions.py:170 | Searching shop_unselected.PNG (timeout=0s)
2026-05-23 14:25:46 | INFO | my_functions.py:214 | 
⛔ Not found: shop_unselected.PNG after 0.0s region=(0, 0, 765, 1038) confidence=0.8
2026-05-23 14:25:46 | INFO | my_functions.py:248 | [DEBUG] Buscando en paralelo: ['super_premium.PNG'] | timeout=0s | confidence=0.8
2026-05-23 14:25:46 | INFO | my_functions.py:282 | [DEBUG] Click skipped, ninguna de las imágenes se encontró en el intento.
2026-05-23 14:25:47 | INFO | my_functions.py:248 | [DEBUG] Buscando en paralelo: ['maybe_later.PNG'] | timeout=0s | confidence=0.8
2026-05-23 14:25:47 | INFO | my_functions.py:282 | [DEBUG] Click skipped, ninguna de las imágenes se encontró en el intento.
2026-05-23 14:25:48 | INFO | my_functions.py:248 | [DEBUG] Buscando en paralelo: ['maybe_later2.PNG'] | timeout=0s | confidence=0.8
2026-05-23 14:25:49 | INFO | my_functions.py:282 | [DEBUG] Click skipped, ninguna de las imágenes se encontró en el intento.
2026-05-23 14:25:50 | INFO | my_functions.py:170 | Searching go_to_shop.PNG (timeout=0s)
2026-05-23 14:25:50 | INFO | my_functions.py:214 | 
⛔ Not found: go_to_shop.PNG after 0.0s region=(0, 0, 765, 1038) confidence=0.8
2026-05-23 14:25:50 | INFO | my_functions.py:248 | [DEBUG] Buscando en paralelo: ['14_days_of_winterverse.PNG'] | timeout=0s | confidence=0.8
2026-05-23 14:25:50 | INFO | my_functions.py:282 | [DEBUG] Click skipped, ninguna de las imágenes se encontró en el intento.
2026-05-23 14:25:51 | INFO | my_functions.py:170 | Searching welcome_back_calendar.PNG (timeout=0s)
2026-05-23 14:25:51 | INFO | my_functions.py:214 | 
⛔ Not found: welcome_back_calendar.PNG after 0.0s region=(0, 0, 765, 1038) confidence=0.8
2026-05-23 14:25:51 | INFO | my_functions.py:248 | [DEBUG] Buscando en paralelo: ['start_the_countdown.PNG'] | timeout=0s | confidence=0.8
2026-05-23 14:25:52 | INFO | my_functions.py:282 | [DEBUG] Click skipped, ninguna de las imágenes se encontró en el intento.
2026-05-23 14:25:53 | INFO | my_functions.py:248 | [DEBUG] Buscando en paralelo: ['event_has_ended_sanctum.PNG'] | timeout=0s | confidence=0.8
2026-05-23 14:25:54 | INFO | my_functions.py:135 | Haciendo click en la posición (383, 215)
2026-05-23 14:25:54 | INFO | my_functions.py:270 | 🖱️ Click OK (En paralelo): event_has_ended_sanctum.PNG at (383, 215) delay=1s
2026-05-23 14:25:55 | INFO | my_functions.py:143 | Presionando ESC (1/1)
2026-05-23 14:25:56 | INFO | my_functions.py:170 | Searching claim!.PNG (timeout=5s)
2026-05-23 14:26:02 | INFO | my_functions.py:214 | 
⛔ Not found: claim!.PNG after 5.15s region=(0, 0, 765, 1038) confidence=0.8
2026-05-23 14:26:10 | INFO | my_functions.py:170 | Searching shop_unselected.PNG (timeout=0s)
2026-05-23 14:26:10 | INFO | my_functions.py:214 | 
⛔ Not found: shop_unselected.PNG after 0.0s region=(0, 0, 765, 1038) confidence=0.8
2026-05-23 14:26:11 | INFO | my_functions.py:170 | Searching shop_unselected.PNG (timeout=0s)
2026-05-23 14:26:11 | INFO | my_functions.py:214 | 
⛔ Not found: shop_unselected.PNG after 0.0s region=(0, 0, 765, 1038) confidence=0.8
2026-05-23 14:26:11 | INFO | my_functions.py:248 | [DEBUG] Buscando en paralelo: ['super_premium.PNG'] | timeout=0s | confidence=0.8
2026-05-23 14:26:12 | INFO | my_functions.py:282 | [DEBUG] Click skipped, ninguna de las imágenes se encontró en el intento.
2026-05-23 14:26:13 | INFO | my_functions.py:248 | [DEBUG] Buscando en paralelo: ['maybe_later.PNG'] | timeout=0s | confidence=0.8
2026-05-23 14:26:13 | INFO | my_functions.py:282 | [DEBUG] Click skipped, ninguna de las imágenes se encontró en el intento.
2026-05-23 14:26:14 | INFO | my_functions.py:248 | [DEBUG] Buscando en paralelo: ['maybe_later2.PNG'] | timeout=0s | confidence=0.8
2026-05-23 14:26:14 | INFO | my_functions.py:282 | [DEBUG] Click skipped, ninguna de las imágenes se encontró en el intento.
2026-05-23 14:26:15 | INFO | my_functions.py:170 | Searching go_to_shop.PNG (timeout=0s)
2026-05-23 14:26:16 | INFO | my_functions.py:214 | 
⛔ Not found: go_to_shop.PNG after 0.0s region=(0, 0, 765, 1038) confidence=0.8
2026-05-23 14:26:16 | INFO | my_functions.py:248 | [DEBUG] Buscando en paralelo: ['14_days_of_winterverse.PNG'] | timeout=0s | confidence=0.8
2026-05-23 14:26:16 | INFO | my_functions.py:282 | [DEBUG] Click skipped, ninguna de las imágenes se encontró en el intento.
2026-05-23 14:26:17 | INFO | my_functions.py:170 | Searching welcome_back_calendar.PNG (timeout=0s)
2026-05-23 14:26:17 | INFO | my_functions.py:214 | 
⛔ Not found: welcome_back_calendar.PNG after 0.0s region=(0, 0, 765, 1038) confidence=0.8
2026-05-23 14:26:17 | INFO | my_functions.py:248 | [DEBUG] Buscando en paralelo: ['start_the_countdown.PNG'] | timeout=0s | confidence=0.8
2026-05-23 14:26:17 | INFO | my_functions.py:282 | [DEBUG] Click skipped, ninguna de las imágenes se encontró en el intento.
2026-05-23 14:26:18 | INFO | my_functions.py:248 | [DEBUG] Buscando en paralelo: ['event_has_ended_sanctum.PNG'] | timeout=0s | confidence=0.8
2026-05-23 14:26:20 | INFO | my_functions.py:135 | Haciendo click en la posición (383, 216)
2026-05-23 14:26:20 | INFO | my_functions.py:270 | 🖱️ Click OK (En paralelo): event_has_ended_sanctum.PNG at (383, 216) delay=1s
2026-05-23 14:26:21 | INFO | my_functions.py:143 | Presionando ESC (1/1)
2026-05-23 14:26:22 | INFO | my_functions.py:170 | Searching claim!.PNG (timeout=5s)
2026-05-23 14:26:27 | INFO | my_functions.py:214 | 
⛔ Not found: claim!.PNG after 5.12s region=(0, 0, 765, 1038) confidence=0.8
2026-05-23 14:26:35 | INFO | my_functions.py:170 | Searching shop_unselected.PNG (timeout=0s)
2026-05-23 14:26:35 | INFO | my_functions.py:200 | 
✅ Found: shop_unselected.PNG pos=(89, 961) time=0.18s confidence=0.8
2026-05-23 14:26:35 | INFO | my_functions.py:518 | Ya esta listo
2026-05-23 14:26:37 | INFO | my_functions.py:330 | AVAILABLE: 6
2026-05-23 14:26:37 | INFO | my_functions.py:352 | Misiones completadas: 0
2026-05-23 14:26:37 | INFO | my_functions.py:170 | Searching play.PNG (timeout=0s)
2026-05-23 14:26:38 | INFO | my_functions.py:200 | 
✅ Found: play.PNG pos=(384, 824) time=0.21s confidence=0.8
2026-05-23 14:26:38 | INFO | my_functions.py:1181 | [INFO] Click realizado donde se equipa el deck a jugar
2026-05-23 14:26:42 | INFO | my_functions.py:248 | [DEBUG] Buscando en paralelo: ['deck_666666.png'] | timeout=3s | confidence=0.8
2026-05-23 14:26:43 | INFO | my_functions.py:135 | Haciendo click en la posición (235, 547)
2026-05-23 14:26:43 | INFO | my_functions.py:270 | 🖱️ Click OK (En paralelo): deck_666666.png at (235, 547) delay=1s
2026-05-23 14:26:44 | INFO | my_functions.py:248 | [DEBUG] Buscando en paralelo: ['equip.png'] | timeout=3s | confidence=0.95
2026-05-23 14:26:48 | INFO | my_functions.py:282 | [DEBUG] Click skipped, ninguna de las imágenes se encontró en el intento.
2026-05-23 14:26:49 | INFO | my_functions.py:143 | Presionando ESC (1/1)
2026-05-23 14:26:49 | INFO | each_eight_hours.py:166 | Deck selected: 6turns
2026-05-23 14:26:49 | INFO | my_functions.py:248 | [DEBUG] Buscando en paralelo: ['maybe_later.PNG'] | timeout=2s | confidence=0.8
2026-05-23 14:26:52 | INFO | my_functions.py:282 | [DEBUG] Click skipped, ninguna de las imágenes se encontró en el intento.
2026-05-23 14:26:53 | INFO | my_functions.py:248 | [DEBUG] Buscando en paralelo: ['maybe_later2.PNG'] | timeout=0.01s | confidence=0.8
2026-05-23 14:26:53 | INFO | my_functions.py:282 | [DEBUG] Click skipped, ninguna de las imágenes se encontró en el intento.
2026-05-23 14:26:54 | INFO | each_eight_hours.py:221 | Starting game loop 1
2026-05-23 14:26:54 | INFO | my_functions.py:248 | [DEBUG] Buscando en paralelo: ['play.PNG'] | timeout=20s | confidence=0.8
2026-05-23 14:26:57 | INFO | my_functions.py:135 | Haciendo click en la posición (384, 824)
2026-05-23 14:26:57 | INFO | my_functions.py:270 | 🖱️ Click OK (En paralelo): play.PNG at (384, 824) delay=3s
2026-05-23 14:27:28 | INFO | my_functions.py:200 | 
✅ Found: end_turn.PNG pos=(681, 945) time=0.18s confidence=0.8
2026-05-23 14:27:28 | INFO | my_functions.py:248 | [DEBUG] Buscando en paralelo: ['snap.PNG'] | timeout=0s | confidence=0.8
2026-05-23 14:27:29 | INFO | my_functions.py:135 | Haciendo click en la posición (386, 123)
2026-05-23 14:27:30 | INFO | my_functions.py:270 | 🖱️ Click OK (En paralelo): snap.PNG at (386, 123) delay=1s
2026-05-23 14:27:36 | INFO | my_functions.py:135 | Haciendo click en la posición (681, 945)
2026-05-23 14:27:37 | INFO | each_eight_hours.py:237 | End turn executed
2026-05-23 14:28:03 | INFO | my_functions.py:200 | 
✅ Found: end_turn.PNG pos=(681, 945) time=0.19s confidence=0.8
2026-05-23 14:28:03 | INFO | my_functions.py:248 | [DEBUG] Buscando en paralelo: ['snap.PNG'] | timeout=0s | confidence=0.8
2026-05-23 14:28:03 | INFO | my_functions.py:282 | [DEBUG] Click skipped, ninguna de las imágenes se encontró en el intento.
2026-05-23 14:28:09 | INFO | my_functions.py:135 | Haciendo click en la posición (681, 945)
2026-05-23 14:28:10 | INFO | each_eight_hours.py:237 | End turn executed
2026-05-23 14:28:15 | INFO | my_functions.py:200 | 
✅ Found: never_seen_before.png pos=(395, 141) time=0.19s confidence=0.8
2026-05-23 14:28:15 | WARNING | each_eight_hours.py:250 | Unknown popup handled
2026-05-23 14:28:28 | INFO | my_functions.py:200 | 
✅ Found: end_turn.PNG pos=(681, 945) time=0.2s confidence=0.8
2026-05-23 14:28:28 | INFO | my_functions.py:248 | [DEBUG] Buscando en paralelo: ['snap.PNG'] | timeout=0s | confidence=0.8
2026-05-23 14:28:28 | INFO | my_functions.py:282 | [DEBUG] Click skipped, ninguna de las imágenes se encontró en el intento.
2026-05-23 14:28:34 | INFO | my_functions.py:135 | Haciendo click en la posición (681, 945)
2026-05-23 14:28:35 | INFO | each_eight_hours.py:237 | End turn executed
2026-05-23 14:28:45 | INFO | my_functions.py:200 | 
✅ Found: end_turn.PNG pos=(681, 945) time=0.17s confidence=0.8
2026-05-23 14:28:45 | INFO | my_functions.py:248 | [DEBUG] Buscando en paralelo: ['snap.PNG'] | timeout=0s | confidence=0.8
2026-05-23 14:28:45 | INFO | my_functions.py:282 | [DEBUG] Click skipped, ninguna de las imágenes se encontró en el intento.
2026-05-23 14:28:51 | INFO | my_functions.py:135 | Haciendo click en la posición (681, 945)
2026-05-23 14:28:52 | INFO | each_eight_hours.py:237 | End turn executed
2026-05-23 14:29:10 | INFO | my_functions.py:200 | 
✅ Found: never_seen_before.png pos=(395, 141) time=0.19s confidence=0.8
2026-05-23 14:29:11 | WARNING | each_eight_hours.py:250 | Unknown popup handled
2026-05-23 14:29:17 | INFO | my_functions.py:200 | 
✅ Found: end_turn.PNG pos=(681, 945) time=0.23s confidence=0.8
2026-05-23 14:29:17 | INFO | my_functions.py:248 | [DEBUG] Buscando en paralelo: ['snap.PNG'] | timeout=0s | confidence=0.8
2026-05-23 14:29:18 | INFO | my_functions.py:282 | [DEBUG] Click skipped, ninguna de las imágenes se encontró en el intento.
2026-05-23 14:29:24 | INFO | my_functions.py:135 | Haciendo click en la posición (681, 945)
2026-05-23 14:29:25 | INFO | each_eight_hours.py:237 | End turn executed
2026-05-23 14:29:42 | INFO | my_functions.py:200 | 
✅ Found: end_turn.PNG pos=(681, 945) time=0.19s confidence=0.8
2026-05-23 14:29:42 | INFO | my_functions.py:248 | [DEBUG] Buscando en paralelo: ['snap.PNG'] | timeout=0s | confidence=0.8
2026-05-23 14:29:42 | INFO | my_functions.py:282 | [DEBUG] Click skipped, ninguna de las imágenes se encontró en el intento.
2026-05-23 14:29:49 | INFO | my_functions.py:135 | Haciendo click en la posición (681, 945)
2026-05-23 14:29:50 | INFO | each_eight_hours.py:237 | End turn executed
2026-05-23 14:30:00 | INFO | my_functions.py:200 | 
✅ Found: never_seen_before.png pos=(395, 141) time=0.2s confidence=0.8
2026-05-23 14:30:00 | WARNING | each_eight_hours.py:250 | Unknown popup handled
2026-05-23 14:30:12 | INFO | my_functions.py:200 | 
✅ Found: end_turn.PNG pos=(681, 945) time=0.19s confidence=0.8
2026-05-23 14:30:12 | INFO | my_functions.py:248 | [DEBUG] Buscando en paralelo: ['snap.PNG'] | timeout=0s | confidence=0.8
2026-05-23 14:30:12 | INFO | my_functions.py:282 | [DEBUG] Click skipped, ninguna de las imágenes se encontró en el intento.
2026-05-23 14:30:18 | INFO | my_functions.py:135 | Haciendo click en la posición (681, 945)
2026-05-23 14:30:20 | INFO | each_eight_hours.py:237 | End turn executed
2026-05-23 14:30:40 | INFO | my_functions.py:200 | 
✅ Found: collect_rewards.PNG pos=(679, 957) time=0.23s confidence=0.8
2026-05-23 14:30:40 | INFO | each_eight_hours.py:276 | Rewards detected, exiting match
2026-05-23 14:30:40 | INFO | my_functions.py:248 | [DEBUG] Buscando en paralelo: ['collect_rewards.PNG'] | timeout=20s | confidence=0.8
2026-05-23 14:30:41 | INFO | my_functions.py:135 | Haciendo click en la posición (679, 957)
2026-05-23 14:30:42 | INFO | my_functions.py:270 | 🖱️ Click OK (En paralelo): collect_rewards.PNG at (679, 957) delay=1s
2026-05-23 14:30:43 | INFO | my_functions.py:248 | [DEBUG] Buscando en paralelo: ['next.PNG'] | timeout=20s | confidence=0.8
2026-05-23 14:30:46 | INFO | my_functions.py:135 | Haciendo click en la posición (677, 973)
2026-05-23 14:30:46 | INFO | my_functions.py:270 | 🖱️ Click OK (En paralelo): next.PNG at (677, 973) delay=1s
2026-05-23 14:30:49 | INFO | my_functions.py:330 | AVAILABLE: 6
2026-05-23 14:30:49 | INFO | each_eight_hours.py:343 | Submissions after match: 6
2026-05-23 14:30:49 | INFO | my_functions.py:352 | Misiones completadas: 0
2026-05-23 14:30:49 | INFO | each_eight_hours.py:221 | Starting game loop 2
2026-05-23 14:30:49 | INFO | my_functions.py:248 | [DEBUG] Buscando en paralelo: ['play.PNG'] | timeout=20s | confidence=0.8
2026-05-23 14:30:53 | INFO | my_functions.py:135 | Haciendo click en la posición (384, 824)
2026-05-23 14:30:53 | INFO | my_functions.py:270 | 🖱️ Click OK (En paralelo): play.PNG at (384, 824) delay=3s
2026-05-23 14:31:15 | INFO | my_functions.py:200 | 
✅ Found: end_turn.PNG pos=(681, 945) time=0.17s confidence=0.8
2026-05-23 14:31:15 | INFO | my_functions.py:248 | [DEBUG] Buscando en paralelo: ['snap.PNG'] | timeout=0s | confidence=0.8
2026-05-23 14:31:16 | INFO | my_functions.py:135 | Haciendo click en la posición (386, 122)
2026-05-23 14:31:16 | INFO | my_functions.py:270 | 🖱️ Click OK (En paralelo): snap.PNG at (386, 122) delay=1s
2026-05-23 14:31:22 | INFO | my_functions.py:135 | Haciendo click en la posición (681, 945)
2026-05-23 14:31:24 | INFO | each_eight_hours.py:237 | End turn executed
2026-05-23 14:31:35 | INFO | my_functions.py:200 | 
✅ Found: end_turn.PNG pos=(681, 945) time=0.18s confidence=0.8
2026-05-23 14:31:35 | INFO | my_functions.py:248 | [DEBUG] Buscando en paralelo: ['snap.PNG'] | timeout=0s | confidence=0.8
2026-05-23 14:31:35 | INFO | my_functions.py:282 | [DEBUG] Click skipped, ninguna de las imágenes se encontró en el intento.
2026-05-23 14:31:41 | INFO | my_functions.py:135 | Haciendo click en la posición (681, 945)
2026-05-23 14:31:42 | INFO | each_eight_hours.py:237 | End turn executed
2026-05-23 14:31:55 | INFO | my_functions.py:200 | 
✅ Found: end_turn.PNG pos=(681, 945) time=0.2s confidence=0.8
2026-05-23 14:31:55 | INFO | my_functions.py:248 | [DEBUG] Buscando en paralelo: ['snap.PNG'] | timeout=0s | confidence=0.8
2026-05-23 14:31:55 | INFO | my_functions.py:282 | [DEBUG] Click skipped, ninguna de las imágenes se encontró en el intento.
2026-05-23 14:32:01 | INFO | my_functions.py:135 | Haciendo click en la posición (681, 945)
2026-05-23 14:32:03 | INFO | each_eight_hours.py:237 | End turn executed
2026-05-23 14:32:15 | INFO | my_functions.py:200 | 
✅ Found: end_turn.PNG pos=(681, 945) time=0.19s confidence=0.8
2026-05-23 14:32:15 | INFO | my_functions.py:248 | [DEBUG] Buscando en paralelo: ['snap.PNG'] | timeout=0s | confidence=0.8
2026-05-23 14:32:15 | INFO | my_functions.py:282 | [DEBUG] Click skipped, ninguna de las imágenes se encontró en el intento.
2026-05-23 14:32:22 | INFO | my_functions.py:135 | Haciendo click en la posición (681, 945)
2026-05-23 14:32:23 | INFO | each_eight_hours.py:237 | End turn executed
2026-05-23 14:32:37 | INFO | my_functions.py:200 | 
✅ Found: end_turn.PNG pos=(681, 945) time=0.2s confidence=0.8
2026-05-23 14:32:37 | INFO | my_functions.py:248 | [DEBUG] Buscando en paralelo: ['snap.PNG'] | timeout=0s | confidence=0.8
2026-05-23 14:32:37 | INFO | my_functions.py:282 | [DEBUG] Click skipped, ninguna de las imágenes se encontró en el intento.
2026-05-23 14:32:43 | INFO | my_functions.py:135 | Haciendo click en la posición (681, 945)
2026-05-23 14:32:45 | INFO | each_eight_hours.py:237 | End turn executed
2026-05-23 14:33:04 | INFO | my_functions.py:200 | 
✅ Found: end_turn.PNG pos=(681, 945) time=0.2s confidence=0.8
2026-05-23 14:33:04 | INFO | my_functions.py:248 | [DEBUG] Buscando en paralelo: ['snap.PNG'] | timeout=0s | confidence=0.8
2026-05-23 14:33:05 | INFO | my_functions.py:282 | [DEBUG] Click skipped, ninguna de las imágenes se encontró en el intento.
2026-05-23 14:33:11 | INFO | my_functions.py:135 | Haciendo click en la posición (681, 945)
2026-05-23 14:33:12 | INFO | each_eight_hours.py:237 | End turn executed
2026-05-23 14:33:33 | INFO | my_functions.py:200 | 
✅ Found: collect_rewards.PNG pos=(680, 984) time=0.23s confidence=0.8
2026-05-23 14:33:33 | INFO | each_eight_hours.py:276 | Rewards detected, exiting match
2026-05-23 14:33:33 | INFO | my_functions.py:248 | [DEBUG] Buscando en paralelo: ['collect_rewards.PNG'] | timeout=20s | confidence=0.8
2026-05-23 14:33:34 | INFO | my_functions.py:135 | Haciendo click en la posición (679, 960)
2026-05-23 14:33:34 | INFO | my_functions.py:270 | 🖱️ Click OK (En paralelo): collect_rewards.PNG at (679, 960) delay=1s
2026-05-23 14:33:35 | INFO | my_functions.py:248 | [DEBUG] Buscando en paralelo: ['next.PNG'] | timeout=20s | confidence=0.8
2026-05-23 14:33:38 | INFO | my_functions.py:135 | Haciendo click en la posición (677, 973)
2026-05-23 14:33:38 | INFO | my_functions.py:270 | 🖱️ Click OK (En paralelo): next.PNG at (677, 973) delay=1s
2026-05-23 14:33:42 | INFO | my_functions.py:330 | AVAILABLE: 6
2026-05-23 14:33:42 | INFO | each_eight_hours.py:343 | Submissions after match: 6
2026-05-23 14:33:42 | INFO | my_functions.py:352 | Misiones completadas: 1
2026-05-23 14:33:42 | INFO | each_eight_hours.py:221 | Starting game loop 3
2026-05-23 14:33:42 | INFO | my_functions.py:248 | [DEBUG] Buscando en paralelo: ['play.PNG'] | timeout=20s | confidence=0.8
2026-05-23 14:33:45 | INFO | my_functions.py:135 | Haciendo click en la posición (384, 824)
2026-05-23 14:33:45 | INFO | my_functions.py:270 | 🖱️ Click OK (En paralelo): play.PNG at (384, 824) delay=3s
2026-05-23 14:34:14 | INFO | my_functions.py:200 | 
✅ Found: end_turn.PNG pos=(682, 945) time=0.21s confidence=0.8
2026-05-23 14:34:14 | INFO | my_functions.py:248 | [DEBUG] Buscando en paralelo: ['snap.PNG'] | timeout=0s | confidence=0.8
2026-05-23 14:34:16 | INFO | my_functions.py:135 | Haciendo click en la posición (386, 123)
2026-05-23 14:34:16 | INFO | my_functions.py:270 | 🖱️ Click OK (En paralelo): snap.PNG at (386, 123) delay=1s
2026-05-23 14:34:25 | INFO | my_functions.py:135 | Haciendo click en la posición (682, 945)
2026-05-23 14:34:27 | INFO | each_eight_hours.py:237 | End turn executed
2026-05-23 14:34:34 | INFO | my_functions.py:200 | 
✅ Found: end_turn.PNG pos=(681, 945) time=0.19s confidence=0.8
2026-05-23 14:34:34 | INFO | my_functions.py:248 | [DEBUG] Buscando en paralelo: ['snap.PNG'] | timeout=0s | confidence=0.8
2026-05-23 14:34:34 | INFO | my_functions.py:282 | [DEBUG] Click skipped, ninguna de las imágenes se encontró en el intento.
2026-05-23 14:34:41 | INFO | my_functions.py:135 | Haciendo click en la posición (681, 945)
2026-05-23 14:34:42 | INFO | each_eight_hours.py:237 | End turn executed
