2026-05-08 19:01:47 | INFO | each_eight_hours.py:39 | LOG FILE PATH: \\vmware-host\Shared Folders\SHARED FILES VM\MS\logs\each_eight_hours_2026-05-08_19-01-47.log
2026-05-08 19:01:47 | INFO | each_eight_hours.py:40 | Logger initialized
2026-05-08 19:01:47 | INFO | each_eight_hours.py:67 | Script initialized
2026-05-08 19:01:49 | INFO | each_eight_hours.py:117 | Execution started
2026-05-08 19:01:49 | INFO | each_eight_hours.py:120 | Mouse moved to initial position
2026-05-08 19:01:50 | INFO | each_eight_hours.py:127 | snap.exe terminated if it was running
2026-05-08 19:01:50 | INFO | my_functions.py:60 | ⏳ Esperando WebSocket de OBS...
2026-05-08 19:01:50 | INFO | baseclient.py:33 | Connecting with parameters: host='localhost' port=4455 password='' subs=0 timeout=None
2026-05-08 19:01:50 | INFO | reqs.py:23 | Successfully identified ReqClient with the server using RPC version:1
2026-05-08 19:01:50 | INFO | my_functions.py:66 | ✅ Conectado al OBS WebSocket
2026-05-08 19:01:50 | INFO | my_functions.py:91 | 🎬 Grabación iniciada
2026-05-08 19:01:50 | INFO | each_eight_hours.py:130 | OBS started and recording
2026-05-08 19:01:50 | INFO | my_functions.py:1667 | ⏱ Esperando 0.1 segundos antes de empezar...
2026-05-08 19:01:50 | INFO | my_functions.py:1674 | 🔍 Esperando ventana que contenga alguna de: ['py', 'eight_hours'] (máx 20s)
2026-05-08 19:01:50 | INFO | my_functions.py:1686 | ✅ Ventana encontrada: 'each_eight_hours - Acceso directo'
2026-05-08 19:01:50 | INFO | my_functions.py:1701 | ✅ Ventana seleccionada: 'each_eight_hours - Acceso directo'
2026-05-08 19:01:52 | INFO | my_functions.py:1724 | 🔁 Reajuste #1...
2026-05-08 19:01:52 | INFO | my_functions.py:1731 | ✔ Verificación completa. Se hicieron 1 reajustes.
2026-05-08 19:01:52 | INFO | each_eight_hours.py:136 | Console window resized
2026-05-08 19:02:22 | INFO | my_functions.py:2514 | Starting Steam window scan
2026-05-08 19:02:22 | INFO | my_functions.py:2517 | Found window: 
2026-05-08 19:02:22 | INFO | my_functions.py:2517 | Found window: each_eight_hours - Acceso directo
2026-05-08 19:02:22 | INFO | my_functions.py:2517 | Found window: Inicio
2026-05-08 19:02:22 | INFO | my_functions.py:2517 | Found window: Administrador de tareas
2026-05-08 19:02:22 | INFO | my_functions.py:2517 | Found window: 
2026-05-08 19:02:22 | INFO | my_functions.py:2517 | Found window: 
2026-05-08 19:02:22 | INFO | my_functions.py:2517 | Found window: 
2026-05-08 19:02:22 | INFO | my_functions.py:2517 | Found window: 
2026-05-08 19:02:22 | INFO | my_functions.py:2517 | Found window: MS
2026-05-08 19:02:22 | INFO | my_functions.py:2517 | Found window: Program Manager
2026-05-08 19:02:22 | INFO | each_eight_hours.py:141 | Steam popup windows closed
2026-05-08 19:02:22 | INFO | each_eight_hours.py:144 | Processing account: percy
2026-05-08 19:02:23 | INFO | each_eight_hours.py:147 | Game relaunched for account
2026-05-08 19:02:23 | INFO | my_functions.py:1667 | ⏱ Esperando 0.1 segundos antes de empezar...
2026-05-08 19:02:23 | INFO | my_functions.py:1674 | 🔍 Esperando ventana que contenga alguna de: ['SNAP'] (máx 20s)
2026-05-08 19:02:25 | INFO | my_functions.py:1686 | ✅ Ventana encontrada: 'SNAP'
2026-05-08 19:02:25 | INFO | my_functions.py:1701 | ✅ Ventana seleccionada: 'SNAP'
2026-05-08 19:02:27 | INFO | my_functions.py:1724 | 🔁 Reajuste #1...
2026-05-08 19:02:29 | INFO | my_functions.py:1731 | ✔ Verificación completa. Se hicieron 1 reajustes.
2026-05-08 19:02:29 | INFO | each_eight_hours.py:154 | Game window resized
2026-05-08 19:02:29 | INFO | my_functions.py:1206 | [DEBUG] Resizing SNAP window...
2026-05-08 19:02:29 | INFO | my_functions.py:1667 | ⏱ Esperando 0.1 segundos antes de empezar...
2026-05-08 19:02:29 | INFO | my_functions.py:1674 | 🔍 Esperando ventana que contenga alguna de: ['SNAP'] (máx 20s)
2026-05-08 19:02:29 | INFO | my_functions.py:1686 | ✅ Ventana encontrada: 'SNAP'
2026-05-08 19:02:29 | INFO | my_functions.py:1701 | ✅ Ventana seleccionada: 'SNAP'
2026-05-08 19:02:32 | INFO | my_functions.py:1733 | ✔ Verificación completa. No hubo cambios después del primer ajuste.
2026-05-08 19:02:32 | INFO | my_functions.py:231 | [DEBUG] wait_for_image_and_click -> submit.PNG timeout=90s delay_click=0.2s confidence=0.8
2026-05-08 19:02:32 | INFO | my_functions.py:172 | Searching submit.PNG (timeout=90s)
2026-05-08 19:02:34 | INFO | my_functions.py:198 | 
✅ Found: submit.PNG pos=(385, 779) time=1.85s confidence=0.8
2026-05-08 19:02:34 | INFO | my_functions.py:138 | Haciendo click en la posición (385, 779)
2026-05-08 19:02:34 | INFO | my_functions.py:251 | 🖱️ Click OK: submit.PNG at (385, 779) delay=0.2s
2026-05-08 19:02:34 | INFO | my_functions.py:1667 | ⏱ Esperando 0.1 segundos antes de empezar...
2026-05-08 19:02:34 | INFO | my_functions.py:1674 | 🔍 Esperando ventana que contenga alguna de: ['SNAP'] (máx 20s)
2026-05-08 19:02:34 | INFO | my_functions.py:1686 | ✅ Ventana encontrada: 'SNAP'
2026-05-08 19:02:34 | INFO | my_functions.py:1701 | ✅ Ventana seleccionada: 'SNAP'
2026-05-08 19:02:37 | INFO | my_functions.py:1733 | ✔ Verificación completa. No hubo cambios después del primer ajuste.
2026-05-08 19:02:37 | INFO | my_functions.py:172 | Searching please_sign.png (timeout=0s)
2026-05-08 19:02:37 | INFO | my_functions.py:209 | 
⛔ Not found: please_sign.png after 0.0s region=(0, 0, 765, 1038) confidence=0.8
2026-05-08 19:02:37 | INFO | my_functions.py:172 | Searching sign_in_with_google2.PNG (timeout=90s)
2026-05-08 19:02:38 | INFO | my_functions.py:198 | 
✅ Found: sign_in_with_google2.PNG pos=(406, 957) time=0.2s confidence=0.8
2026-05-08 19:02:38 | INFO | my_functions.py:231 | [DEBUG] wait_for_image_and_click -> sign_in_with_google2.PNG timeout=20s delay_click=1s confidence=0.8
2026-05-08 19:02:38 | INFO | my_functions.py:172 | Searching sign_in_with_google2.PNG (timeout=20s)
2026-05-08 19:02:38 | INFO | my_functions.py:198 | 
✅ Found: sign_in_with_google2.PNG pos=(406, 957) time=0.2s confidence=0.8
2026-05-08 19:02:39 | INFO | my_functions.py:138 | Haciendo click en la posición (406, 957)
2026-05-08 19:02:39 | INFO | my_functions.py:251 | 🖱️ Click OK: sign_in_with_google2.PNG at (406, 957) delay=1s
2026-05-08 19:02:39 | INFO | my_functions.py:231 | [DEBUG] wait_for_image_and_click -> percy.png timeout=30s delay_click=3s confidence=0.8
2026-05-08 19:02:39 | INFO | my_functions.py:172 | Searching percy.png (timeout=30s)
2026-05-08 19:03:10 | INFO | my_functions.py:209 | 
⛔ Not found: percy.png after 30.19s region=None confidence=0.8
2026-05-08 19:03:10 | INFO | my_functions.py:258 | [DEBUG] Click skipped, image not found: percy.png
2026-05-08 19:03:10 | INFO | my_functions.py:231 | [DEBUG] wait_for_image_and_click -> percy.png timeout=0s delay_click=3s confidence=0.8
2026-05-08 19:03:10 | INFO | my_functions.py:172 | Searching percy.png (timeout=0s)
2026-05-08 19:03:11 | INFO | my_functions.py:198 | 
✅ Found: percy.png pos=(1132, 647) time=0.33s confidence=0.8
2026-05-08 19:03:14 | INFO | my_functions.py:138 | Haciendo click en la posición (1132, 647)
2026-05-08 19:03:14 | INFO | my_functions.py:251 | 🖱️ Click OK: percy.png at (1132, 647) delay=3s
2026-05-08 19:03:16 | INFO | my_functions.py:231 | [DEBUG] wait_for_image_and_click -> python_icon.PNG timeout=5s delay_click=1s confidence=0.8
2026-05-08 19:03:16 | INFO | my_functions.py:172 | Searching python_icon.PNG (timeout=5s)
2026-05-08 19:03:16 | INFO | my_functions.py:198 | 
✅ Found: python_icon.PNG pos=(709, 1054) time=0.37s confidence=0.8
2026-05-08 19:03:17 | INFO | my_functions.py:138 | Haciendo click en la posición (709, 1054)
2026-05-08 19:03:17 | INFO | my_functions.py:251 | 🖱️ Click OK: python_icon.PNG at (709, 1054) delay=1s
2026-05-08 19:03:17 | INFO | my_functions.py:231 | [DEBUG] wait_for_image_and_click -> snap_icon_task_bar.PNG timeout=20s delay_click=1s confidence=0.8
2026-05-08 19:03:17 | INFO | my_functions.py:172 | Searching snap_icon_task_bar.PNG (timeout=20s)
2026-05-08 19:03:18 | INFO | my_functions.py:198 | 
✅ Found: snap_icon_task_bar.PNG pos=(524, 1052) time=0.35s confidence=0.8
2026-05-08 19:03:19 | INFO | my_functions.py:138 | Haciendo click en la posición (524, 1052)
2026-05-08 19:03:19 | INFO | my_functions.py:251 | 🖱️ Click OK: snap_icon_task_bar.PNG at (524, 1052) delay=1s
2026-05-08 19:03:19 | INFO | my_functions.py:172 | Searching play.PNG (timeout=30s)
2026-05-08 19:03:28 | INFO | my_functions.py:198 | 
✅ Found: play.PNG pos=(384, 824) time=9.19s confidence=0.8
2026-05-08 19:03:28 | INFO | my_functions.py:1264 | [DEBUG] Login completado correctamente.
2026-05-08 19:03:28 | INFO | each_eight_hours.py:158 | Login executed
2026-05-08 19:03:28 | INFO | my_functions.py:172 | Searching shop_unselected.PNG (timeout=0s)
2026-05-08 19:03:28 | INFO | my_functions.py:198 | 
✅ Found: shop_unselected.PNG pos=(88, 961) time=0.26s confidence=0.8
2026-05-08 19:03:36 | INFO | my_functions.py:172 | Searching shop_unselected.PNG (timeout=0s)
2026-05-08 19:03:37 | INFO | my_functions.py:209 | 
⛔ Not found: shop_unselected.PNG after 0.0s region=(0, 0, 765, 1038) confidence=0.8
2026-05-08 19:03:38 | INFO | my_functions.py:172 | Searching shop_unselected.PNG (timeout=0s)
2026-05-08 19:03:38 | INFO | my_functions.py:209 | 
⛔ Not found: shop_unselected.PNG after 0.0s region=(0, 0, 765, 1038) confidence=0.8
2026-05-08 19:03:38 | INFO | my_functions.py:231 | [DEBUG] wait_for_image_and_click -> super_premium.PNG timeout=0s delay_click=1s confidence=0.8
2026-05-08 19:03:38 | INFO | my_functions.py:172 | Searching super_premium.PNG (timeout=0s)
2026-05-08 19:03:38 | INFO | my_functions.py:198 | 
✅ Found: super_premium.PNG pos=(480, 777) time=0.21s confidence=0.8
2026-05-08 19:03:39 | INFO | my_functions.py:138 | Haciendo click en la posición (480, 777)
2026-05-08 19:03:39 | INFO | my_functions.py:251 | 🖱️ Click OK: super_premium.PNG at (480, 777) delay=1s
2026-05-08 19:03:39 | INFO | my_functions.py:146 | Presionando ESC (1/1)
2026-05-08 19:03:48 | INFO | my_functions.py:172 | Searching shop_unselected.PNG (timeout=0s)
2026-05-08 19:03:48 | INFO | my_functions.py:198 | 
✅ Found: shop_unselected.PNG pos=(88, 961) time=0.2s confidence=0.8
2026-05-08 19:03:48 | INFO | my_functions.py:719 | Ya esta listo
2026-05-08 19:03:48 | INFO | each_eight_hours.py:161 | Initial images processed
2026-05-08 19:03:48 | INFO | each_eight_hours.py:164 | Chrome terminated
2026-05-08 19:03:48 | INFO | my_functions.py:231 | [DEBUG] wait_for_image_and_click -> missions_unnotified2.png timeout=20s delay_click=1s confidence=0.8
2026-05-08 19:03:48 | INFO | my_functions.py:172 | Searching missions_unnotified2.png (timeout=20s)
2026-05-08 19:03:49 | INFO | my_functions.py:198 | 
✅ Found: missions_unnotified2.png pos=(516, 127) time=0.21s confidence=0.8
2026-05-08 19:03:50 | INFO | my_functions.py:138 | Haciendo click en la posición (516, 127)
2026-05-08 19:03:50 | INFO | my_functions.py:251 | 🖱️ Click OK: missions_unnotified2.png at (516, 127) delay=1s
2026-05-08 19:03:50 | INFO | my_functions.py:231 | [DEBUG] wait_for_image_and_click -> calendar_missions_daily.png timeout=3s delay_click=1s confidence=0.8
2026-05-08 19:03:50 | INFO | my_functions.py:172 | Searching calendar_missions_daily.png (timeout=3s)
2026-05-08 19:03:51 | INFO | my_functions.py:198 | 
✅ Found: calendar_missions_daily.png pos=(189, 131) time=1.29s confidence=0.8
2026-05-08 19:03:52 | INFO | my_functions.py:138 | Haciendo click en la posición (189, 131)
2026-05-08 19:03:52 | INFO | my_functions.py:251 | 🖱️ Click OK: calendar_missions_daily.png at (189, 131) delay=1s
2026-05-08 19:03:52 | INFO | each_eight_hours.py:178 | Mission screens opened
2026-05-08 19:03:52 | INFO | my_functions.py:295 | JSON file located at C:\Users\Farm\AppData\LocalLow\Second Dinner\SNAP\Standalone\States\nvprod\MissionState.json
2026-05-08 19:03:55 | INFO | my_functions.py:434 | AVAILABLE: 4
2026-05-08 19:03:55 | INFO | my_functions.py:444 | [INFO] Waiting for Notepad++ process...
2026-05-08 19:03:56 | INFO | my_functions.py:458 | [INFO] Notepad++ detected PID=2024
2026-05-08 19:03:56 | INFO | my_functions.py:465 | [SUCCESS] Notepad++ closed successfully
2026-05-08 19:03:57 | INFO | my_functions.py:1592 | [INFO] Iniciando click_missions_blue2
2026-05-08 19:03:57 | INFO | my_functions.py:138 | Haciendo click en la posición (150, 132)
2026-05-08 19:03:58 | INFO | my_functions.py:1595 | [ACTION] Click hecho en icono de calendario que me dirige a las misiones ordinarias
2026-05-08 19:03:58 | INFO | my_functions.py:172 | Searching bonus_challenge.png (timeout=0s)
2026-05-08 19:03:58 | INFO | my_functions.py:209 | 
⛔ Not found: bonus_challenge.png after 0.0s region=(0, 0, 765, 1038) confidence=0.8
2026-05-08 19:04:00 | INFO | my_functions.py:172 | Searching flechita_mission.PNG (timeout=0s)
2026-05-08 19:04:00 | INFO | my_functions.py:209 | 
⛔ Not found: flechita_mission.PNG after 0.0s region=(0, 0, 765, 1038) confidence=0.8
2026-05-08 19:04:00 | INFO | my_functions.py:231 | [DEBUG] wait_for_image_and_click -> weekly3.PNG timeout=0s delay_click=0.1s confidence=0.8
2026-05-08 19:04:00 | INFO | my_functions.py:172 | Searching weekly3.PNG (timeout=0s)
2026-05-08 19:04:00 | INFO | my_functions.py:209 | 
⛔ Not found: weekly3.PNG after 0.0s region=(0, 0, 765, 1038) confidence=0.8
2026-05-08 19:04:00 | INFO | my_functions.py:258 | [DEBUG] Click skipped, image not found: weekly3.PNG
2026-05-08 19:04:00 | INFO | my_functions.py:231 | [DEBUG] wait_for_image_and_click -> weekly3.PNG timeout=0s delay_click=0.1s confidence=0.8
2026-05-08 19:04:00 | INFO | my_functions.py:172 | Searching weekly3.PNG (timeout=0s)
2026-05-08 19:04:01 | INFO | my_functions.py:209 | 
⛔ Not found: weekly3.PNG after 0.01s region=(0, 0, 765, 1038) confidence=0.8
2026-05-08 19:04:01 | INFO | my_functions.py:258 | [DEBUG] Click skipped, image not found: weekly3.PNG
2026-05-08 19:04:01 | INFO | my_functions.py:231 | [DEBUG] wait_for_image_and_click -> weekly3.PNG timeout=0s delay_click=0.1s confidence=0.8
2026-05-08 19:04:01 | INFO | my_functions.py:172 | Searching weekly3.PNG (timeout=0s)
2026-05-08 19:04:01 | INFO | my_functions.py:209 | 
⛔ Not found: weekly3.PNG after 0.0s region=(0, 0, 765, 1038) confidence=0.8
2026-05-08 19:04:01 | INFO | my_functions.py:258 | [DEBUG] Click skipped, image not found: weekly3.PNG
2026-05-08 19:04:01 | INFO | my_functions.py:231 | [DEBUG] wait_for_image_and_click -> weekly3.PNG timeout=0s delay_click=0.1s confidence=0.8
2026-05-08 19:04:01 | INFO | my_functions.py:172 | Searching weekly3.PNG (timeout=0s)
2026-05-08 19:04:01 | INFO | my_functions.py:209 | 
⛔ Not found: weekly3.PNG after 0.01s region=(0, 0, 765, 1038) confidence=0.8
2026-05-08 19:04:01 | INFO | my_functions.py:258 | [DEBUG] Click skipped, image not found: weekly3.PNG
2026-05-08 19:04:01 | INFO | my_functions.py:231 | [DEBUG] wait_for_image_and_click -> weekly3.PNG timeout=0s delay_click=0.1s confidence=0.8
2026-05-08 19:04:01 | INFO | my_functions.py:172 | Searching weekly3.PNG (timeout=0s)
2026-05-08 19:04:01 | INFO | my_functions.py:209 | 
⛔ Not found: weekly3.PNG after 0.01s region=(0, 0, 765, 1038) confidence=0.8
2026-05-08 19:04:01 | INFO | my_functions.py:258 | [DEBUG] Click skipped, image not found: weekly3.PNG
2026-05-08 19:04:01 | INFO | my_functions.py:231 | [DEBUG] wait_for_image_and_click -> weekly3.PNG timeout=0s delay_click=0.1s confidence=0.8
2026-05-08 19:04:01 | INFO | my_functions.py:172 | Searching weekly3.PNG (timeout=0s)
2026-05-08 19:04:01 | INFO | my_functions.py:209 | 
⛔ Not found: weekly3.PNG after 0.01s region=(0, 0, 765, 1038) confidence=0.8
2026-05-08 19:04:01 | INFO | my_functions.py:258 | [DEBUG] Click skipped, image not found: weekly3.PNG
2026-05-08 19:04:01 | INFO | my_functions.py:231 | [DEBUG] wait_for_image_and_click -> weekly3.PNG timeout=0s delay_click=0.1s confidence=0.8
2026-05-08 19:04:01 | INFO | my_functions.py:172 | Searching weekly3.PNG (timeout=0s)
2026-05-08 19:04:02 | INFO | my_functions.py:209 | 
⛔ Not found: weekly3.PNG after 0.01s region=(0, 0, 765, 1038) confidence=0.8
2026-05-08 19:04:02 | INFO | my_functions.py:258 | [DEBUG] Click skipped, image not found: weekly3.PNG
2026-05-08 19:04:02 | INFO | my_functions.py:231 | [DEBUG] wait_for_image_and_click -> weekly3.PNG timeout=0s delay_click=0.1s confidence=0.8
2026-05-08 19:04:02 | INFO | my_functions.py:172 | Searching weekly3.PNG (timeout=0s)
2026-05-08 19:04:02 | INFO | my_functions.py:209 | 
⛔ Not found: weekly3.PNG after 0.01s region=(0, 0, 765, 1038) confidence=0.8
2026-05-08 19:04:02 | INFO | my_functions.py:258 | [DEBUG] Click skipped, image not found: weekly3.PNG
2026-05-08 19:04:02 | INFO | my_functions.py:231 | [DEBUG] wait_for_image_and_click -> weekly3.PNG timeout=0s delay_click=0.1s confidence=0.8
2026-05-08 19:04:02 | INFO | my_functions.py:172 | Searching weekly3.PNG (timeout=0s)
2026-05-08 19:04:02 | INFO | my_functions.py:209 | 
⛔ Not found: weekly3.PNG after 0.0s region=(0, 0, 765, 1038) confidence=0.8
2026-05-08 19:04:02 | INFO | my_functions.py:258 | [DEBUG] Click skipped, image not found: weekly3.PNG
2026-05-08 19:04:02 | INFO | my_functions.py:231 | [DEBUG] wait_for_image_and_click -> weekly3.PNG timeout=0s delay_click=0.1s confidence=0.8
2026-05-08 19:04:02 | INFO | my_functions.py:172 | Searching weekly3.PNG (timeout=0s)
2026-05-08 19:04:02 | INFO | my_functions.py:209 | 
⛔ Not found: weekly3.PNG after 0.0s region=(0, 0, 765, 1038) confidence=0.8
2026-05-08 19:04:02 | INFO | my_functions.py:258 | [DEBUG] Click skipped, image not found: weekly3.PNG
2026-05-08 19:04:02 | INFO | my_functions.py:295 | JSON file located at C:\Users\Farm\AppData\LocalLow\Second Dinner\SNAP\Standalone\States\nvprod\MissionState.json
2026-05-08 19:04:03 | INFO | each_eight_hours.py:217 | Entering shop to claim credits
2026-05-08 19:04:03 | INFO | my_functions.py:138 | Haciendo click en la posición (557, 64)
2026-05-08 19:04:05 | INFO | my_functions.py:231 | [DEBUG] wait_for_image_and_click -> offers.PNG timeout=0s delay_click=1s confidence=0.8
2026-05-08 19:04:05 | INFO | my_functions.py:172 | Searching offers.PNG (timeout=0s)
2026-05-08 19:04:05 | INFO | my_functions.py:209 | 
⛔ Not found: offers.PNG after 0.0s region=(0, 0, 765, 1038) confidence=0.8
2026-05-08 19:04:05 | INFO | my_functions.py:258 | [DEBUG] Click skipped, image not found: offers.PNG
2026-05-08 19:04:05 | INFO | my_functions.py:231 | [DEBUG] wait_for_image_and_click -> offers_selected.PNG timeout=0s delay_click=1s confidence=0.8
2026-05-08 19:04:05 | INFO | my_functions.py:172 | Searching offers_selected.PNG (timeout=0s)
2026-05-08 19:04:05 | INFO | my_functions.py:209 | 
⛔ Not found: offers_selected.PNG after 0.01s region=(0, 0, 765, 1038) confidence=0.8
2026-05-08 19:04:05 | INFO | my_functions.py:258 | [DEBUG] Click skipped, image not found: offers_selected.PNG
2026-05-08 19:04:05 | INFO | my_functions.py:231 | [DEBUG] wait_for_image_and_click -> offers.PNG timeout=0s delay_click=1s confidence=0.8
2026-05-08 19:04:05 | INFO | my_functions.py:172 | Searching offers.PNG (timeout=0s)
2026-05-08 19:04:05 | INFO | my_functions.py:209 | 
⛔ Not found: offers.PNG after 0.0s region=(0, 0, 765, 1038) confidence=0.8
2026-05-08 19:04:05 | INFO | my_functions.py:258 | [DEBUG] Click skipped, image not found: offers.PNG
2026-05-08 19:04:05 | INFO | my_functions.py:231 | [DEBUG] wait_for_image_and_click -> offers_selected.PNG timeout=0s delay_click=1s confidence=0.8
2026-05-08 19:04:05 | INFO | my_functions.py:172 | Searching offers_selected.PNG (timeout=0s)
2026-05-08 19:04:05 | INFO | my_functions.py:209 | 
⛔ Not found: offers_selected.PNG after 0.01s region=(0, 0, 765, 1038) confidence=0.8
2026-05-08 19:04:05 | INFO | my_functions.py:258 | [DEBUG] Click skipped, image not found: offers_selected.PNG
2026-05-08 19:04:05 | INFO | my_functions.py:231 | [DEBUG] wait_for_image_and_click -> offers.PNG timeout=0s delay_click=1s confidence=0.8
2026-05-08 19:04:05 | INFO | my_functions.py:172 | Searching offers.PNG (timeout=0s)
2026-05-08 19:04:06 | INFO | my_functions.py:209 | 
⛔ Not found: offers.PNG after 0.0s region=(0, 0, 765, 1038) confidence=0.8
2026-05-08 19:04:06 | INFO | my_functions.py:258 | [DEBUG] Click skipped, image not found: offers.PNG
2026-05-08 19:04:06 | INFO | my_functions.py:231 | [DEBUG] wait_for_image_and_click -> offers_selected.PNG timeout=0s delay_click=1s confidence=0.8
2026-05-08 19:04:06 | INFO | my_functions.py:172 | Searching offers_selected.PNG (timeout=0s)
2026-05-08 19:04:06 | INFO | my_functions.py:209 | 
⛔ Not found: offers_selected.PNG after 0.0s region=(0, 0, 765, 1038) confidence=0.8
2026-05-08 19:04:06 | INFO | my_functions.py:258 | [DEBUG] Click skipped, image not found: offers_selected.PNG
2026-05-08 19:04:06 | INFO | my_functions.py:231 | [DEBUG] wait_for_image_and_click -> offers.PNG timeout=0s delay_click=1s confidence=0.8
2026-05-08 19:04:06 | INFO | my_functions.py:172 | Searching offers.PNG (timeout=0s)
2026-05-08 19:04:06 | INFO | my_functions.py:209 | 
⛔ Not found: offers.PNG after 0.01s region=(0, 0, 765, 1038) confidence=0.8
2026-05-08 19:04:06 | INFO | my_functions.py:258 | [DEBUG] Click skipped, image not found: offers.PNG
2026-05-08 19:04:06 | INFO | my_functions.py:231 | [DEBUG] wait_for_image_and_click -> offers_selected.PNG timeout=0s delay_click=1s confidence=0.8
2026-05-08 19:04:06 | INFO | my_functions.py:172 | Searching offers_selected.PNG (timeout=0s)
2026-05-08 19:04:06 | INFO | my_functions.py:209 | 
⛔ Not found: offers_selected.PNG after 0.01s region=(0, 0, 765, 1038) confidence=0.8
2026-05-08 19:04:06 | INFO | my_functions.py:258 | [DEBUG] Click skipped, image not found: offers_selected.PNG
2026-05-08 19:04:06 | INFO | my_functions.py:231 | [DEBUG] wait_for_image_and_click -> offers.PNG timeout=0s delay_click=1s confidence=0.8
2026-05-08 19:04:06 | INFO | my_functions.py:172 | Searching offers.PNG (timeout=0s)
2026-05-08 19:04:06 | INFO | my_functions.py:209 | 
⛔ Not found: offers.PNG after 0.0s region=(0, 0, 765, 1038) confidence=0.8
2026-05-08 19:04:06 | INFO | my_functions.py:258 | [DEBUG] Click skipped, image not found: offers.PNG
2026-05-08 19:04:06 | INFO | my_functions.py:231 | [DEBUG] wait_for_image_and_click -> offers_selected.PNG timeout=0s delay_click=1s confidence=0.8
2026-05-08 19:04:06 | INFO | my_functions.py:172 | Searching offers_selected.PNG (timeout=0s)
2026-05-08 19:04:07 | INFO | my_functions.py:209 | 
⛔ Not found: offers_selected.PNG after 0.01s region=(0, 0, 765, 1038) confidence=0.8
2026-05-08 19:04:07 | INFO | my_functions.py:258 | [DEBUG] Click skipped, image not found: offers_selected.PNG
2026-05-08 19:04:07 | INFO | my_functions.py:231 | [DEBUG] wait_for_image_and_click -> offers.PNG timeout=0s delay_click=1s confidence=0.8
2026-05-08 19:04:07 | INFO | my_functions.py:172 | Searching offers.PNG (timeout=0s)
2026-05-08 19:04:07 | INFO | my_functions.py:209 | 
⛔ Not found: offers.PNG after 0.0s region=(0, 0, 765, 1038) confidence=0.8
2026-05-08 19:04:07 | INFO | my_functions.py:258 | [DEBUG] Click skipped, image not found: offers.PNG
2026-05-08 19:04:07 | INFO | my_functions.py:231 | [DEBUG] wait_for_image_and_click -> offers_selected.PNG timeout=0s delay_click=1s confidence=0.8
2026-05-08 19:04:07 | INFO | my_functions.py:172 | Searching offers_selected.PNG (timeout=0s)
2026-05-08 19:04:07 | INFO | my_functions.py:209 | 
⛔ Not found: offers_selected.PNG after 0.01s region=(0, 0, 765, 1038) confidence=0.8
2026-05-08 19:04:07 | INFO | my_functions.py:258 | [DEBUG] Click skipped, image not found: offers_selected.PNG
2026-05-08 19:04:07 | INFO | my_functions.py:231 | [DEBUG] wait_for_image_and_click -> offers.PNG timeout=0s delay_click=1s confidence=0.8
2026-05-08 19:04:07 | INFO | my_functions.py:172 | Searching offers.PNG (timeout=0s)
2026-05-08 19:04:07 | INFO | my_functions.py:209 | 
⛔ Not found: offers.PNG after 0.0s region=(0, 0, 765, 1038) confidence=0.8
2026-05-08 19:04:07 | INFO | my_functions.py:258 | [DEBUG] Click skipped, image not found: offers.PNG
2026-05-08 19:04:07 | INFO | my_functions.py:231 | [DEBUG] wait_for_image_and_click -> offers_selected.PNG timeout=0s delay_click=1s confidence=0.8
2026-05-08 19:04:07 | INFO | my_functions.py:172 | Searching offers_selected.PNG (timeout=0s)
2026-05-08 19:04:07 | INFO | my_functions.py:209 | 
⛔ Not found: offers_selected.PNG after 0.01s region=(0, 0, 765, 1038) confidence=0.8
2026-05-08 19:04:07 | INFO | my_functions.py:258 | [DEBUG] Click skipped, image not found: offers_selected.PNG
2026-05-08 19:04:07 | INFO | my_functions.py:231 | [DEBUG] wait_for_image_and_click -> offers.PNG timeout=0s delay_click=1s confidence=0.8
2026-05-08 19:04:07 | INFO | my_functions.py:172 | Searching offers.PNG (timeout=0s)
2026-05-08 19:04:08 | INFO | my_functions.py:209 | 
⛔ Not found: offers.PNG after 0.0s region=(0, 0, 765, 1038) confidence=0.8
2026-05-08 19:04:08 | INFO | my_functions.py:258 | [DEBUG] Click skipped, image not found: offers.PNG
2026-05-08 19:04:08 | INFO | my_functions.py:231 | [DEBUG] wait_for_image_and_click -> offers_selected.PNG timeout=0s delay_click=1s confidence=0.8
2026-05-08 19:04:08 | INFO | my_functions.py:172 | Searching offers_selected.PNG (timeout=0s)
2026-05-08 19:04:08 | INFO | my_functions.py:209 | 
⛔ Not found: offers_selected.PNG after 0.0s region=(0, 0, 765, 1038) confidence=0.8
2026-05-08 19:04:08 | INFO | my_functions.py:258 | [DEBUG] Click skipped, image not found: offers_selected.PNG
2026-05-08 19:04:08 | INFO | my_functions.py:231 | [DEBUG] wait_for_image_and_click -> credits_selected.png timeout=0s delay_click=1s confidence=0.8
2026-05-08 19:04:08 | INFO | my_functions.py:172 | Searching credits_selected.png (timeout=0s)
2026-05-08 19:04:08 | INFO | my_functions.py:209 | 
⛔ Not found: credits_selected.png after 0.0s region=(0, 0, 765, 1038) confidence=0.8
2026-05-08 19:04:08 | INFO | my_functions.py:258 | [DEBUG] Click skipped, image not found: credits_selected.png
2026-05-08 19:04:08 | INFO | my_functions.py:231 | [DEBUG] wait_for_image_and_click -> credits.PNG timeout=0s delay_click=1s confidence=0.8
2026-05-08 19:04:08 | INFO | my_functions.py:172 | Searching credits.PNG (timeout=0s)
2026-05-08 19:04:08 | INFO | my_functions.py:209 | 
⛔ Not found: credits.PNG after 0.01s region=(0, 0, 765, 1038) confidence=0.8
2026-05-08 19:04:08 | INFO | my_functions.py:258 | [DEBUG] Click skipped, image not found: credits.PNG
2026-05-08 19:04:08 | INFO | my_functions.py:231 | [DEBUG] wait_for_image_and_click -> credits_selected.png timeout=0s delay_click=1s confidence=0.8
2026-05-08 19:04:08 | INFO | my_functions.py:172 | Searching credits_selected.png (timeout=0s)
2026-05-08 19:04:08 | INFO | my_functions.py:209 | 
⛔ Not found: credits_selected.png after 0.0s region=(0, 0, 765, 1038) confidence=0.8
2026-05-08 19:04:08 | INFO | my_functions.py:258 | [DEBUG] Click skipped, image not found: credits_selected.png
2026-05-08 19:04:08 | INFO | my_functions.py:231 | [DEBUG] wait_for_image_and_click -> credits.PNG timeout=0s delay_click=1s confidence=0.8
2026-05-08 19:04:08 | INFO | my_functions.py:172 | Searching credits.PNG (timeout=0s)
2026-05-08 19:04:09 | INFO | my_functions.py:209 | 
⛔ Not found: credits.PNG after 0.01s region=(0, 0, 765, 1038) confidence=0.8
2026-05-08 19:04:09 | INFO | my_functions.py:258 | [DEBUG] Click skipped, image not found: credits.PNG
2026-05-08 19:04:09 | INFO | my_functions.py:231 | [DEBUG] wait_for_image_and_click -> credits_selected.png timeout=0s delay_click=1s confidence=0.8
2026-05-08 19:04:09 | INFO | my_functions.py:172 | Searching credits_selected.png (timeout=0s)
2026-05-08 19:04:09 | INFO | my_functions.py:209 | 
⛔ Not found: credits_selected.png after 0.01s region=(0, 0, 765, 1038) confidence=0.8
2026-05-08 19:04:09 | INFO | my_functions.py:258 | [DEBUG] Click skipped, image not found: credits_selected.png
2026-05-08 19:04:09 | INFO | my_functions.py:231 | [DEBUG] wait_for_image_and_click -> credits.PNG timeout=0s delay_click=1s confidence=0.8
2026-05-08 19:04:09 | INFO | my_functions.py:172 | Searching credits.PNG (timeout=0s)
2026-05-08 19:04:09 | INFO | my_functions.py:209 | 
⛔ Not found: credits.PNG after 0.01s region=(0, 0, 765, 1038) confidence=0.8
2026-05-08 19:04:09 | INFO | my_functions.py:258 | [DEBUG] Click skipped, image not found: credits.PNG
2026-05-08 19:04:09 | INFO | my_functions.py:231 | [DEBUG] wait_for_image_and_click -> credits_selected.png timeout=0s delay_click=1s confidence=0.8
2026-05-08 19:04:09 | INFO | my_functions.py:172 | Searching credits_selected.png (timeout=0s)
2026-05-08 19:04:09 | INFO | my_functions.py:209 | 
⛔ Not found: credits_selected.png after 0.01s region=(0, 0, 765, 1038) confidence=0.8
2026-05-08 19:04:09 | INFO | my_functions.py:258 | [DEBUG] Click skipped, image not found: credits_selected.png
2026-05-08 19:04:09 | INFO | my_functions.py:231 | [DEBUG] wait_for_image_and_click -> credits.PNG timeout=0s delay_click=1s confidence=0.8
2026-05-08 19:04:09 | INFO | my_functions.py:172 | Searching credits.PNG (timeout=0s)
2026-05-08 19:04:09 | INFO | my_functions.py:209 | 
⛔ Not found: credits.PNG after 0.0s region=(0, 0, 765, 1038) confidence=0.8
2026-05-08 19:04:09 | INFO | my_functions.py:258 | [DEBUG] Click skipped, image not found: credits.PNG
2026-05-08 19:04:09 | INFO | my_functions.py:231 | [DEBUG] wait_for_image_and_click -> credits_selected.png timeout=0s delay_click=1s confidence=0.8
2026-05-08 19:04:09 | INFO | my_functions.py:172 | Searching credits_selected.png (timeout=0s)
2026-05-08 19:04:10 | INFO | my_functions.py:209 | 
⛔ Not found: credits_selected.png after 0.0s region=(0, 0, 765, 1038) confidence=0.8
2026-05-08 19:04:10 | INFO | my_functions.py:258 | [DEBUG] Click skipped, image not found: credits_selected.png
2026-05-08 19:04:10 | INFO | my_functions.py:231 | [DEBUG] wait_for_image_and_click -> credits.PNG timeout=0s delay_click=1s confidence=0.8
2026-05-08 19:04:10 | INFO | my_functions.py:172 | Searching credits.PNG (timeout=0s)
2026-05-08 19:04:10 | INFO | my_functions.py:209 | 
⛔ Not found: credits.PNG after 0.0s region=(0, 0, 765, 1038) confidence=0.8
2026-05-08 19:04:10 | INFO | my_functions.py:258 | [DEBUG] Click skipped, image not found: credits.PNG
2026-05-08 19:04:10 | INFO | my_functions.py:231 | [DEBUG] wait_for_image_and_click -> credits_selected.png timeout=0s delay_click=1s confidence=0.8
2026-05-08 19:04:10 | INFO | my_functions.py:172 | Searching credits_selected.png (timeout=0s)
2026-05-08 19:04:10 | INFO | my_functions.py:209 | 
⛔ Not found: credits_selected.png after 0.01s region=(0, 0, 765, 1038) confidence=0.8
2026-05-08 19:04:10 | INFO | my_functions.py:258 | [DEBUG] Click skipped, image not found: credits_selected.png
2026-05-08 19:04:10 | INFO | my_functions.py:231 | [DEBUG] wait_for_image_and_click -> credits.PNG timeout=0s delay_click=1s confidence=0.8
2026-05-08 19:04:10 | INFO | my_functions.py:172 | Searching credits.PNG (timeout=0s)
2026-05-08 19:04:10 | INFO | my_functions.py:209 | 
⛔ Not found: credits.PNG after 0.0s region=(0, 0, 765, 1038) confidence=0.8
2026-05-08 19:04:10 | INFO | my_functions.py:258 | [DEBUG] Click skipped, image not found: credits.PNG
2026-05-08 19:04:10 | INFO | my_functions.py:231 | [DEBUG] wait_for_image_and_click -> credits_selected.png timeout=0s delay_click=1s confidence=0.8
2026-05-08 19:04:10 | INFO | my_functions.py:172 | Searching credits_selected.png (timeout=0s)
2026-05-08 19:04:11 | INFO | my_functions.py:209 | 
⛔ Not found: credits_selected.png after 0.0s region=(0, 0, 765, 1038) confidence=0.8
2026-05-08 19:04:11 | INFO | my_functions.py:258 | [DEBUG] Click skipped, image not found: credits_selected.png
2026-05-08 19:04:11 | INFO | my_functions.py:231 | [DEBUG] wait_for_image_and_click -> credits.PNG timeout=0s delay_click=1s confidence=0.8
2026-05-08 19:04:11 | INFO | my_functions.py:172 | Searching credits.PNG (timeout=0s)
2026-05-08 19:04:11 | INFO | my_functions.py:209 | 
⛔ Not found: credits.PNG after 0.01s region=(0, 0, 765, 1038) confidence=0.8
2026-05-08 19:04:11 | INFO | my_functions.py:258 | [DEBUG] Click skipped, image not found: credits.PNG
2026-05-08 19:04:12 | INFO | my_functions.py:231 | [DEBUG] wait_for_image_and_click -> claim_25_credits.png timeout=3s delay_click=1s confidence=0.8
2026-05-08 19:04:12 | INFO | my_functions.py:172 | Searching claim_25_credits.png (timeout=3s)
2026-05-08 19:04:16 | INFO | my_functions.py:209 | 
⛔ Not found: claim_25_credits.png after 3.11s region=(0, 0, 765, 1038) confidence=0.8
2026-05-08 19:04:16 | INFO | my_functions.py:258 | [DEBUG] Click skipped, image not found: claim_25_credits.png
2026-05-08 19:04:16 | INFO | each_eight_hours.py:256 | Credits claimed
2026-05-08 19:04:16 | INFO | my_functions.py:146 | Presionando ESC (1/1)
2026-05-08 19:04:16 | INFO | my_functions.py:231 | [DEBUG] wait_for_image_and_click -> white_x.png timeout=2s delay_click=1s confidence=0.8
2026-05-08 19:04:16 | INFO | my_functions.py:172 | Searching white_x.png (timeout=2s)
2026-05-08 19:04:19 | INFO | my_functions.py:209 | 
⛔ Not found: white_x.png after 2.12s region=(0, 0, 765, 1038) confidence=0.8
2026-05-08 19:04:19 | INFO | my_functions.py:258 | [DEBUG] Click skipped, image not found: white_x.png
2026-05-08 19:04:19 | INFO | my_functions.py:1442 | [DEBUG] Starting logout process...
2026-05-08 19:04:19 | INFO | my_functions.py:1444 | [DEBUG] Clicking nut icon...
2026-05-08 19:04:19 | INFO | my_functions.py:231 | [DEBUG] wait_for_image_and_click -> nut.png timeout=20s delay_click=1s confidence=0.8
2026-05-08 19:04:19 | INFO | my_functions.py:172 | Searching nut.png (timeout=20s)
2026-05-08 19:04:39 | INFO | my_functions.py:209 | 
⛔ Not found: nut.png after 20.02s region=(0, 0, 765, 1038) confidence=0.8
2026-05-08 19:04:39 | INFO | my_functions.py:258 | [DEBUG] Click skipped, image not found: nut.png
2026-05-08 19:04:39 | INFO | my_functions.py:1447 | [DEBUG] Waiting for graphics quality image...
2026-05-08 19:04:39 | INFO | my_functions.py:172 | Searching graphics_quality.png (timeout=3s)
2026-05-08 19:04:42 | INFO | my_functions.py:209 | 
⛔ Not found: graphics_quality.png after 3.09s region=(0, 0, 765, 1038) confidence=0.8
2026-05-08 19:04:42 | INFO | my_functions.py:1449 | [DEBUG] graphics_quality result: None
2026-05-08 19:04:42 | INFO | my_functions.py:1452 | [ERROR] graphics_quality image not found.
2026-05-08 19:04:42 | INFO | each_eight_hours.py:267 | Logged out due to insufficient submissions
2026-05-08 19:04:43 | INFO | each_eight_hours.py:271 | snap.exe closed
2026-05-08 19:04:46 | INFO | each_eight_hours.py:144 | Processing account: john
2026-05-08 19:04:46 | INFO | each_eight_hours.py:147 | Game relaunched for account
2026-05-08 19:04:46 | INFO | my_functions.py:1667 | ⏱ Esperando 0.1 segundos antes de empezar...
2026-05-08 19:04:46 | INFO | my_functions.py:1674 | 🔍 Esperando ventana que contenga alguna de: ['SNAP'] (máx 20s)
2026-05-08 19:04:46 | INFO | my_functions.py:1686 | ✅ Ventana encontrada: 'C:\Users\Farm\AppData\LocalLow\Second Dinner\SNAP\Standalone\States\nvprod\MissionState.json - Notepad++'
2026-05-08 19:04:46 | INFO | my_functions.py:1701 | ✅ Ventana seleccionada: 'C:\Users\Farm\AppData\LocalLow\Second Dinner\SNAP\Standalone\States\nvprod\MissionState.json - Notepad++'
2026-05-08 19:04:48 | INFO | my_functions.py:1733 | ✔ Verificación completa. No hubo cambios después del primer ajuste.
2026-05-08 19:04:48 | INFO | each_eight_hours.py:154 | Game window resized
2026-05-08 19:04:48 | INFO | my_functions.py:1206 | [DEBUG] Resizing SNAP window...
2026-05-08 19:04:48 | INFO | my_functions.py:1667 | ⏱ Esperando 0.1 segundos antes de empezar...
2026-05-08 19:04:49 | INFO | my_functions.py:1674 | 🔍 Esperando ventana que contenga alguna de: ['SNAP'] (máx 20s)
2026-05-08 19:04:49 | INFO | my_functions.py:1686 | ✅ Ventana encontrada: 'C:\Users\Farm\AppData\LocalLow\Second Dinner\SNAP\Standalone\States\nvprod\MissionState.json - Notepad++'
2026-05-08 19:04:49 | INFO | my_functions.py:1701 | ✅ Ventana seleccionada: 'C:\Users\Farm\AppData\LocalLow\Second Dinner\SNAP\Standalone\States\nvprod\MissionState.json - Notepad++'
2026-05-08 19:04:52 | INFO | my_functions.py:1733 | ✔ Verificación completa. No hubo cambios después del primer ajuste.
2026-05-08 19:04:52 | INFO | my_functions.py:231 | [DEBUG] wait_for_image_and_click -> submit.PNG timeout=90s delay_click=0.2s confidence=0.8
2026-05-08 19:04:52 | INFO | my_functions.py:172 | Searching submit.PNG (timeout=90s)
2026-05-08 19:06:22 | INFO | my_functions.py:209 | 
⛔ Not found: submit.PNG after 90.31s region=None confidence=0.8
2026-05-08 19:06:22 | INFO | my_functions.py:258 | [DEBUG] Click skipped, image not found: submit.PNG
2026-05-08 19:06:22 | INFO | my_functions.py:1667 | ⏱ Esperando 0.1 segundos antes de empezar...
2026-05-08 19:06:22 | INFO | my_functions.py:1674 | 🔍 Esperando ventana que contenga alguna de: ['SNAP'] (máx 20s)
2026-05-08 19:06:22 | INFO | my_functions.py:1686 | ✅ Ventana encontrada: 'SNAP'
2026-05-08 19:06:22 | INFO | my_functions.py:1701 | ✅ Ventana seleccionada: 'SNAP'
2026-05-08 19:06:25 | INFO | my_functions.py:1733 | ✔ Verificación completa. No hubo cambios después del primer ajuste.
2026-05-08 19:06:25 | INFO | my_functions.py:172 | Searching please_sign.png (timeout=0s)
2026-05-08 19:06:26 | INFO | my_functions.py:209 | 
⛔ Not found: please_sign.png after 0.0s region=(0, 0, 765, 1038) confidence=0.8
2026-05-08 19:06:26 | INFO | my_functions.py:172 | Searching sign_in_with_google2.PNG (timeout=90s)
2026-05-08 19:06:57 | ERROR | each_eight_hours.py:49 | Error in sys.excepthook:
2026-05-08 19:06:57 | ERROR | each_eight_hours.py:49 | Traceback (most recent call last):
2026-05-08 19:06:57 | ERROR | each_eight_hours.py:49 | File "C:\Users\Farm\AppData\Local\Programs\Python\Python311\Lib\logging\__init__.py", line 978, in handle
2026-05-08 19:06:57 | ERROR | each_eight_hours.py:49 | self.emit(record)
2026-05-08 19:06:57 | ERROR | each_eight_hours.py:49 | File "C:\Users\Farm\AppData\Local\Programs\Python\Python311\Lib\logging\__init__.py", line 1230, in emit
2026-05-08 19:06:57 | ERROR | each_eight_hours.py:49 | StreamHandler.emit(self, record)
2026-05-08 19:06:57 | ERROR | each_eight_hours.py:49 | File "C:\Users\Farm\AppData\Local\Programs\Python\Python311\Lib\logging\__init__.py", line 1110, in emit
2026-05-08 19:06:57 | ERROR | each_eight_hours.py:49 | msg = self.format(record)
2026-05-08 19:06:57 | ERROR | each_eight_hours.py:49 | ^
2026-05-08 19:06:57 | ERROR | each_eight_hours.py:49 | ^
2026-05-08 19:06:57 | ERROR | each_eight_hours.py:49 | ^
2026-05-08 19:06:57 | ERROR | each_eight_hours.py:49 | ^
2026-05-08 19:06:57 | ERROR | each_eight_hours.py:49 | ^
2026-05-08 19:06:57 | ERROR | each_eight_hours.py:49 | ^
2026-05-08 19:06:57 | ERROR | each_eight_hours.py:49 | ^
2026-05-08 19:06:58 | ERROR | each_eight_hours.py:49 | ^
2026-05-08 19:06:58 | ERROR | each_eight_hours.py:49 | ^
2026-05-08 19:06:58 | ERROR | each_eight_hours.py:49 | ^
2026-05-08 19:06:58 | ERROR | each_eight_hours.py:49 | ^
2026-05-08 19:06:58 | ERROR | each_eight_hours.py:49 | ^
2026-05-08 19:06:58 | ERROR | each_eight_hours.py:49 | ^
2026-05-08 19:06:58 | ERROR | each_eight_hours.py:49 | ^
2026-05-08 19:06:58 | ERROR | each_eight_hours.py:49 | ^
2026-05-08 19:06:58 | ERROR | each_eight_hours.py:49 | ^
2026-05-08 19:06:58 | ERROR | each_eight_hours.py:49 | ^
2026-05-08 19:06:58 | ERROR | each_eight_hours.py:49 | ^
2026-05-08 19:06:58 | ERROR | each_eight_hours.py:49 | ^
2026-05-08 19:06:58 | ERROR | each_eight_hours.py:49 | File "C:\Users\Farm\AppData\Local\Programs\Python\Python311\Lib\logging\__init__.py", line 953, in format
2026-05-08 19:06:58 | ERROR | each_eight_hours.py:49 | return fmt.format(record)
2026-05-08 19:06:58 | ERROR | each_eight_hours.py:49 | ^
2026-05-08 19:06:58 | ERROR | each_eight_hours.py:49 | ^
2026-05-08 19:06:58 | ERROR | each_eight_hours.py:49 | ^
2026-05-08 19:06:58 | ERROR | each_eight_hours.py:49 | ^
2026-05-08 19:06:58 | ERROR | each_eight_hours.py:49 | ^
2026-05-08 19:06:58 | ERROR | each_eight_hours.py:49 | ^
2026-05-08 19:06:58 | ERROR | each_eight_hours.py:49 | ^
2026-05-08 19:06:58 | ERROR | each_eight_hours.py:49 | ^
2026-05-08 19:06:58 | ERROR | each_eight_hours.py:49 | ^
2026-05-08 19:06:58 | ERROR | each_eight_hours.py:49 | ^
2026-05-08 19:06:58 | ERROR | each_eight_hours.py:49 | ^
2026-05-08 19:06:58 | ERROR | each_eight_hours.py:49 | ^
2026-05-08 19:06:58 | ERROR | each_eight_hours.py:49 | ^
2026-05-08 19:06:58 | ERROR | each_eight_hours.py:49 | ^
2026-05-08 19:06:58 | ERROR | each_eight_hours.py:49 | ^
2026-05-08 19:06:58 | ERROR | each_eight_hours.py:49 | ^
2026-05-08 19:06:58 | ERROR | each_eight_hours.py:49 | ^
2026-05-08 19:06:58 | ERROR | each_eight_hours.py:49 | ^
2026-05-08 19:06:58 | ERROR | each_eight_hours.py:49 | File "C:\Users\Farm\AppData\Local\Programs\Python\Python311\Lib\logging\__init__.py", line 695, in format
2026-05-08 19:06:58 | ERROR | each_eight_hours.py:49 | record.exc_text = self.formatException(record.exc_info)
2026-05-08 19:06:58 | ERROR | each_eight_hours.py:49 | ^
2026-05-08 19:07:04 | ERROR | each_eight_hours.py:49 | ^
2026-05-08 19:07:04 | ERROR | each_eight_hours.py:49 | ^
2026-05-08 19:07:04 | ERROR | each_eight_hours.py:49 | ^
2026-05-08 19:07:04 | ERROR | each_eight_hours.py:49 | ^
2026-05-08 19:07:04 | ERROR | each_eight_hours.py:49 | ^
2026-05-08 19:07:04 | ERROR | each_eight_hours.py:49 | ^
2026-05-08 19:07:04 | ERROR | each_eight_hours.py:49 | ^
2026-05-08 19:07:04 | ERROR | each_eight_hours.py:49 | ^
2026-05-08 19:07:04 | ERROR | each_eight_hours.py:49 | ^
2026-05-08 19:07:04 | ERROR | each_eight_hours.py:49 | ^
2026-05-08 19:07:04 | ERROR | each_eight_hours.py:49 | ^
2026-05-08 19:07:04 | ERROR | each_eight_hours.py:49 | ^
2026-05-08 19:07:05 | ERROR | each_eight_hours.py:49 | ^
2026-05-08 19:07:05 | ERROR | each_eight_hours.py:49 | ^
2026-05-08 19:07:05 | ERROR | each_eight_hours.py:49 | ^
2026-05-08 19:07:05 | ERROR | each_eight_hours.py:49 | Original exception was:
2026-05-08 19:07:05 | ERROR | each_eight_hours.py:49 | Traceback (most recent call last):
2026-05-08 19:07:05 | ERROR | each_eight_hours.py:49 | File "Z:\SHARED FILES VM\MS\each_eight_hours.py", line 157, in <module>
2026-05-08 19:07:05 | ERROR | each_eight_hours.py:49 | login(account)
2026-05-08 19:07:05 | ERROR | each_eight_hours.py:49 | File "Z:\SHARED FILES VM\MS\my_functions.py", line 1226, in login
2026-05-08 19:07:05 | ERROR | each_eight_hours.py:49 | File "Z:\SHARED FILES VM\MS\my_functions.py", line 181, in search_MS_img
2026-05-08 19:07:05 | ERROR | each_eight_hours.py:49 | position = pg.locateCenterOnScreen(
2026-05-08 19:07:05 | ERROR | each_eight_hours.py:49 | ^
2026-05-08 19:07:05 | ERROR | each_eight_hours.py:49 | ^
2026-05-08 19:07:05 | ERROR | each_eight_hours.py:49 | ^
2026-05-08 19:07:05 | ERROR | each_eight_hours.py:49 | ^
2026-05-08 19:07:05 | ERROR | each_eight_hours.py:49 | ^
2026-05-08 19:07:05 | ERROR | each_eight_hours.py:49 | ^
2026-05-08 19:07:05 | ERROR | each_eight_hours.py:49 | ^
2026-05-08 19:07:05 | ERROR | each_eight_hours.py:49 | ^
2026-05-08 19:07:05 | ERROR | each_eight_hours.py:49 | ^
2026-05-08 19:07:05 | ERROR | each_eight_hours.py:49 | ^
2026-05-08 19:07:05 | ERROR | each_eight_hours.py:49 | ^
2026-05-08 19:07:05 | ERROR | each_eight_hours.py:49 | ^
2026-05-08 19:07:05 | ERROR | each_eight_hours.py:49 | ^
2026-05-08 19:07:05 | ERROR | each_eight_hours.py:49 | ^
2026-05-08 19:07:05 | ERROR | each_eight_hours.py:49 | ^
2026-05-08 19:07:05 | ERROR | each_eight_hours.py:49 | ^
2026-05-08 19:07:05 | ERROR | each_eight_hours.py:49 | ^
2026-05-08 19:07:05 | ERROR | each_eight_hours.py:49 | ^
2026-05-08 19:07:05 | ERROR | each_eight_hours.py:49 | ^
2026-05-08 19:07:05 | ERROR | each_eight_hours.py:49 | ^
2026-05-08 19:07:05 | ERROR | each_eight_hours.py:49 | ^
2026-05-08 19:07:05 | ERROR | each_eight_hours.py:49 | ^
2026-05-08 19:07:05 | ERROR | each_eight_hours.py:49 | ^
2026-05-08 19:07:05 | ERROR | each_eight_hours.py:49 | ^
2026-05-08 19:07:05 | ERROR | each_eight_hours.py:49 | File "C:\Users\Farm\AppData\Local\Programs\Python\Python311\Lib\site-packages\pyautogui\__init__.py", line 175, in wrapper
2026-05-08 19:07:05 | ERROR | each_eight_hours.py:49 | return wrappedFunction(*args, **kwargs)
2026-05-08 19:07:05 | ERROR | each_eight_hours.py:49 | ^
2026-05-08 19:07:05 | ERROR | each_eight_hours.py:49 | ^
2026-05-08 19:07:05 | ERROR | each_eight_hours.py:49 | ^
2026-05-08 19:07:05 | ERROR | each_eight_hours.py:49 | ^
2026-05-08 19:07:05 | ERROR | each_eight_hours.py:49 | ^
2026-05-08 19:07:05 | ERROR | each_eight_hours.py:49 | ^
2026-05-08 19:07:05 | ERROR | each_eight_hours.py:49 | ^
2026-05-08 19:07:05 | ERROR | each_eight_hours.py:49 | ^
2026-05-08 19:07:05 | ERROR | each_eight_hours.py:49 | ^
2026-05-08 19:07:05 | ERROR | each_eight_hours.py:49 | ^
2026-05-08 19:07:05 | ERROR | each_eight_hours.py:49 | ^
2026-05-08 19:07:05 | ERROR | each_eight_hours.py:49 | ^
2026-05-08 19:07:05 | ERROR | each_eight_hours.py:49 | ^
2026-05-08 19:07:05 | ERROR | each_eight_hours.py:49 | ^
2026-05-08 19:07:05 | ERROR | each_eight_hours.py:49 | ^
2026-05-08 19:07:05 | ERROR | each_eight_hours.py:49 | ^
2026-05-08 19:07:05 | ERROR | each_eight_hours.py:49 | ^
2026-05-08 19:07:05 | ERROR | each_eight_hours.py:49 | ^
2026-05-08 19:07:05 | ERROR | each_eight_hours.py:49 | ^
2026-05-08 19:07:05 | ERROR | each_eight_hours.py:49 | ^
2026-05-08 19:07:05 | ERROR | each_eight_hours.py:49 | ^
2026-05-08 19:07:05 | ERROR | each_eight_hours.py:49 | ^
2026-05-08 19:07:05 | ERROR | each_eight_hours.py:49 | ^
2026-05-08 19:07:05 | ERROR | each_eight_hours.py:49 | ^
2026-05-08 19:07:05 | ERROR | each_eight_hours.py:49 | ^
2026-05-08 19:07:05 | ERROR | each_eight_hours.py:49 | ^
2026-05-08 19:07:05 | ERROR | each_eight_hours.py:49 | ^
2026-05-08 19:07:05 | ERROR | each_eight_hours.py:49 | ^
2026-05-08 19:07:05 | ERROR | each_eight_hours.py:49 | ^
2026-05-08 19:07:05 | ERROR | each_eight_hours.py:49 | ^
2026-05-08 19:07:05 | ERROR | each_eight_hours.py:49 | ^
2026-05-08 19:07:05 | ERROR | each_eight_hours.py:49 | ^
2026-05-08 19:07:05 | ERROR | each_eight_hours.py:49 | File "C:\Users\Farm\AppData\Local\Programs\Python\Python311\Lib\site-packages\pyautogui\__init__.py", line 207, in locateCenterOnScreen
2026-05-08 19:07:05 | ERROR | each_eight_hours.py:49 | return pyscreeze.locateCenterOnScreen(*args, **kwargs)
2026-05-08 19:07:05 | ERROR | each_eight_hours.py:49 | ^
2026-05-08 19:07:05 | ERROR | each_eight_hours.py:49 | ^
2026-05-08 19:07:05 | ERROR | each_eight_hours.py:49 | ^
2026-05-08 19:07:05 | ERROR | each_eight_hours.py:49 | ^
2026-05-08 19:07:05 | ERROR | each_eight_hours.py:49 | ^
2026-05-08 19:07:05 | ERROR | each_eight_hours.py:49 | ^
2026-05-08 19:07:05 | ERROR | each_eight_hours.py:49 | ^
2026-05-08 19:07:05 | ERROR | each_eight_hours.py:49 | ^
2026-05-08 19:07:05 | ERROR | each_eight_hours.py:49 | ^
2026-05-08 19:07:05 | ERROR | each_eight_hours.py:49 | ^
2026-05-08 19:07:05 | ERROR | each_eight_hours.py:49 | ^
2026-05-08 19:07:05 | ERROR | each_eight_hours.py:49 | ^
2026-05-08 19:07:05 | ERROR | each_eight_hours.py:49 | ^
2026-05-08 19:07:05 | ERROR | each_eight_hours.py:49 | ^
2026-05-08 19:07:05 | ERROR | each_eight_hours.py:49 | ^
2026-05-08 19:07:05 | ERROR | each_eight_hours.py:49 | ^
2026-05-08 19:07:05 | ERROR | each_eight_hours.py:49 | ^
2026-05-08 19:07:05 | ERROR | each_eight_hours.py:49 | ^
2026-05-08 19:07:05 | ERROR | each_eight_hours.py:49 | ^
2026-05-08 19:07:05 | ERROR | each_eight_hours.py:49 | ^
2026-05-08 19:07:05 | ERROR | each_eight_hours.py:49 | ^
2026-05-08 19:07:05 | ERROR | each_eight_hours.py:49 | ^
2026-05-08 19:07:05 | ERROR | each_eight_hours.py:49 | ^
2026-05-08 19:07:05 | ERROR | each_eight_hours.py:49 | ^
2026-05-08 19:07:05 | ERROR | each_eight_hours.py:49 | ^
2026-05-08 19:07:05 | ERROR | each_eight_hours.py:49 | ^
2026-05-08 19:07:05 | ERROR | each_eight_hours.py:49 | ^
2026-05-08 19:07:06 | ERROR | each_eight_hours.py:49 | ^
2026-05-08 19:07:06 | ERROR | each_eight_hours.py:49 | ^
2026-05-08 19:07:06 | ERROR | each_eight_hours.py:49 | ^
2026-05-08 19:07:06 | ERROR | each_eight_hours.py:49 | ^
2026-05-08 19:07:06 | ERROR | each_eight_hours.py:49 | ^
2026-05-08 19:07:06 | ERROR | each_eight_hours.py:49 | ^
2026-05-08 19:07:06 | ERROR | each_eight_hours.py:49 | ^
2026-05-08 19:07:06 | ERROR | each_eight_hours.py:49 | ^
2026-05-08 19:07:06 | ERROR | each_eight_hours.py:49 | ^
2026-05-08 19:07:06 | ERROR | each_eight_hours.py:49 | ^
2026-05-08 19:07:06 | ERROR | each_eight_hours.py:49 | ^
2026-05-08 19:07:06 | ERROR | each_eight_hours.py:49 | ^
2026-05-08 19:07:06 | ERROR | each_eight_hours.py:49 | ^
2026-05-08 19:07:06 | ERROR | each_eight_hours.py:49 | ^
2026-05-08 19:07:06 | ERROR | each_eight_hours.py:49 | ^
2026-05-08 19:07:06 | ERROR | each_eight_hours.py:49 | ^
2026-05-08 19:07:06 | ERROR | each_eight_hours.py:49 | ^
2026-05-08 19:07:06 | ERROR | each_eight_hours.py:49 | ^
2026-05-08 19:07:06 | ERROR | each_eight_hours.py:49 | ^
2026-05-08 19:07:06 | ERROR | each_eight_hours.py:49 | ^
2026-05-08 19:07:06 | ERROR | each_eight_hours.py:49 | File "C:\Users\Farm\AppData\Local\Programs\Python\Python311\Lib\site-packages\pyscreeze\__init__.py", line 413, in locateCenterOnScreen
2026-05-08 19:07:06 | ERROR | each_eight_hours.py:49 | coords = locateOnScreen(image, **kwargs)
2026-05-08 19:07:06 | ERROR | each_eight_hours.py:49 | ^
2026-05-08 19:07:06 | ERROR | each_eight_hours.py:49 | ^
2026-05-08 19:07:06 | ERROR | each_eight_hours.py:49 | ^
2026-05-08 19:07:06 | ERROR | each_eight_hours.py:49 | ^
2026-05-08 19:07:06 | ERROR | each_eight_hours.py:49 | ^
2026-05-08 19:07:06 | ERROR | each_eight_hours.py:49 | ^
2026-05-08 19:07:06 | ERROR | each_eight_hours.py:49 | ^
2026-05-08 19:07:06 | ERROR | each_eight_hours.py:49 | ^
2026-05-08 19:07:06 | ERROR | each_eight_hours.py:49 | ^
2026-05-08 19:07:06 | ERROR | each_eight_hours.py:49 | ^
2026-05-08 19:07:06 | ERROR | each_eight_hours.py:49 | ^
2026-05-08 19:07:06 | ERROR | each_eight_hours.py:49 | ^
2026-05-08 19:07:06 | ERROR | each_eight_hours.py:49 | ^
2026-05-08 19:07:06 | ERROR | each_eight_hours.py:49 | ^
2026-05-08 19:07:06 | ERROR | each_eight_hours.py:49 | ^
2026-05-08 19:07:06 | ERROR | each_eight_hours.py:49 | ^
2026-05-08 19:07:06 | ERROR | each_eight_hours.py:49 | ^
2026-05-08 19:07:06 | ERROR | each_eight_hours.py:49 | ^
2026-05-08 19:07:06 | ERROR | each_eight_hours.py:49 | ^
2026-05-08 19:07:06 | ERROR | each_eight_hours.py:49 | ^
2026-05-08 19:07:06 | ERROR | each_eight_hours.py:49 | ^
2026-05-08 19:07:06 | ERROR | each_eight_hours.py:49 | ^
2026-05-08 19:07:06 | ERROR | each_eight_hours.py:49 | ^
2026-05-08 19:07:06 | ERROR | each_eight_hours.py:49 | ^
2026-05-08 19:07:06 | ERROR | each_eight_hours.py:49 | ^
2026-05-08 19:07:06 | ERROR | each_eight_hours.py:49 | ^
2026-05-08 19:07:06 | ERROR | each_eight_hours.py:49 | ^
2026-05-08 19:07:06 | ERROR | each_eight_hours.py:49 | ^
2026-05-08 19:07:06 | ERROR | each_eight_hours.py:49 | ^
2026-05-08 19:07:06 | ERROR | each_eight_hours.py:49 | ^
2026-05-08 19:07:06 | ERROR | each_eight_hours.py:49 | ^
2026-05-08 19:07:06 | ERROR | each_eight_hours.py:49 | File "C:\Users\Farm\AppData\Local\Programs\Python\Python311\Lib\site-packages\pyscreeze\__init__.py", line 373, in locateOnScreen
2026-05-08 19:07:06 | ERROR | each_eight_hours.py:49 | retVal = locate(image, screenshotIm, **kwargs)
2026-05-08 19:07:06 | ERROR | each_eight_hours.py:49 | ^
2026-05-08 19:07:06 | ERROR | each_eight_hours.py:49 | ^
2026-05-08 19:07:06 | ERROR | each_eight_hours.py:49 | ^
2026-05-08 19:07:06 | ERROR | each_eight_hours.py:49 | ^
2026-05-08 19:07:06 | ERROR | each_eight_hours.py:49 | ^
2026-05-08 19:07:06 | ERROR | each_eight_hours.py:49 | ^
2026-05-08 19:07:06 | ERROR | each_eight_hours.py:49 | ^
2026-05-08 19:07:06 | ERROR | each_eight_hours.py:49 | ^
2026-05-08 19:07:06 | ERROR | each_eight_hours.py:49 | ^
2026-05-08 19:07:06 | ERROR | each_eight_hours.py:49 | ^
2026-05-08 19:07:06 | ERROR | each_eight_hours.py:49 | ^
2026-05-08 19:07:06 | ERROR | each_eight_hours.py:49 | ^
2026-05-08 19:07:06 | ERROR | each_eight_hours.py:49 | ^
2026-05-08 19:07:06 | ERROR | each_eight_hours.py:49 | ^
2026-05-08 19:07:06 | ERROR | each_eight_hours.py:49 | ^
2026-05-08 19:07:06 | ERROR | each_eight_hours.py:49 | ^
2026-05-08 19:07:06 | ERROR | each_eight_hours.py:49 | ^
2026-05-08 19:07:06 | ERROR | each_eight_hours.py:49 | ^
2026-05-08 19:07:06 | ERROR | each_eight_hours.py:49 | ^
2026-05-08 19:07:06 | ERROR | each_eight_hours.py:49 | ^
2026-05-08 19:07:06 | ERROR | each_eight_hours.py:49 | ^
2026-05-08 19:07:06 | ERROR | each_eight_hours.py:49 | ^
2026-05-08 19:07:06 | ERROR | each_eight_hours.py:49 | ^
2026-05-08 19:07:06 | ERROR | each_eight_hours.py:49 | ^
2026-05-08 19:07:06 | ERROR | each_eight_hours.py:49 | ^
2026-05-08 19:07:06 | ERROR | each_eight_hours.py:49 | ^
2026-05-08 19:07:06 | ERROR | each_eight_hours.py:49 | ^
2026-05-08 19:07:06 | ERROR | each_eight_hours.py:49 | ^
2026-05-08 19:07:06 | ERROR | each_eight_hours.py:49 | ^
2026-05-08 19:07:06 | ERROR | each_eight_hours.py:49 | ^
2026-05-08 19:07:06 | ERROR | each_eight_hours.py:49 | ^
2026-05-08 19:07:06 | ERROR | each_eight_hours.py:49 | ^
2026-05-08 19:07:06 | ERROR | each_eight_hours.py:49 | ^
2026-05-08 19:07:06 | ERROR | each_eight_hours.py:49 | ^
2026-05-08 19:07:06 | ERROR | each_eight_hours.py:49 | ^
2026-05-08 19:07:06 | ERROR | each_eight_hours.py:49 | ^
2026-05-08 19:07:06 | ERROR | each_eight_hours.py:49 | ^
2026-05-08 19:07:06 | ERROR | each_eight_hours.py:49 | File "C:\Users\Farm\AppData\Local\Programs\Python\Python311\Lib\site-packages\pyscreeze\__init__.py", line 353, in locate
2026-05-08 19:07:06 | ERROR | each_eight_hours.py:49 | points = tuple(locateAll(needleImage, haystackImage, **kwargs))
2026-05-08 19:07:06 | ERROR | each_eight_hours.py:49 | ^
2026-05-08 19:07:06 | ERROR | each_eight_hours.py:49 | ^
2026-05-08 19:07:07 | ERROR | each_eight_hours.py:49 | ^
2026-05-08 19:07:07 | ERROR | each_eight_hours.py:49 | ^
2026-05-08 19:07:07 | ERROR | each_eight_hours.py:49 | ^
2026-05-08 19:07:07 | ERROR | each_eight_hours.py:49 | ^
2026-05-08 19:07:07 | ERROR | each_eight_hours.py:49 | ^
2026-05-08 19:07:07 | ERROR | each_eight_hours.py:49 | ^
2026-05-08 19:07:07 | ERROR | each_eight_hours.py:49 | ^
2026-05-08 19:07:07 | ERROR | each_eight_hours.py:49 | ^
2026-05-08 19:07:07 | ERROR | each_eight_hours.py:49 | ^
2026-05-08 19:07:07 | ERROR | each_eight_hours.py:49 | ^
2026-05-08 19:07:07 | ERROR | each_eight_hours.py:49 | ^
2026-05-08 19:07:07 | ERROR | each_eight_hours.py:49 | ^
2026-05-08 19:07:07 | ERROR | each_eight_hours.py:49 | ^
2026-05-08 19:07:07 | ERROR | each_eight_hours.py:49 | ^
2026-05-08 19:07:07 | ERROR | each_eight_hours.py:49 | ^
2026-05-08 19:07:07 | ERROR | each_eight_hours.py:49 | ^
2026-05-08 19:07:07 | ERROR | each_eight_hours.py:49 | ^
2026-05-08 19:07:07 | ERROR | each_eight_hours.py:49 | ^
2026-05-08 19:07:07 | ERROR | each_eight_hours.py:49 | ^
2026-05-08 19:07:07 | ERROR | each_eight_hours.py:49 | ^
2026-05-08 19:07:07 | ERROR | each_eight_hours.py:49 | ^
2026-05-08 19:07:07 | ERROR | each_eight_hours.py:49 | ^
2026-05-08 19:07:07 | ERROR | each_eight_hours.py:49 | ^
2026-05-08 19:07:07 | ERROR | each_eight_hours.py:49 | ^
2026-05-08 19:07:07 | ERROR | each_eight_hours.py:49 | ^
2026-05-08 19:07:07 | ERROR | each_eight_hours.py:49 | ^
2026-05-08 19:07:07 | ERROR | each_eight_hours.py:49 | ^
2026-05-08 19:07:07 | ERROR | each_eight_hours.py:49 | ^
2026-05-08 19:07:07 | ERROR | each_eight_hours.py:49 | ^
2026-05-08 19:07:07 | ERROR | each_eight_hours.py:49 | ^
2026-05-08 19:07:07 | ERROR | each_eight_hours.py:49 | ^
2026-05-08 19:07:07 | ERROR | each_eight_hours.py:49 | ^
2026-05-08 19:07:07 | ERROR | each_eight_hours.py:49 | ^
2026-05-08 19:07:07 | ERROR | each_eight_hours.py:49 | ^
2026-05-08 19:07:07 | ERROR | each_eight_hours.py:49 | ^
2026-05-08 19:07:07 | ERROR | each_eight_hours.py:49 | ^
2026-05-08 19:07:07 | ERROR | each_eight_hours.py:49 | ^
2026-05-08 19:07:07 | ERROR | each_eight_hours.py:49 | ^
2026-05-08 19:07:07 | ERROR | each_eight_hours.py:49 | ^
2026-05-08 19:07:07 | ERROR | each_eight_hours.py:49 | ^
2026-05-08 19:07:07 | ERROR | each_eight_hours.py:49 | ^
2026-05-08 19:07:07 | ERROR | each_eight_hours.py:49 | ^
2026-05-08 19:07:07 | ERROR | each_eight_hours.py:49 | ^
2026-05-08 19:07:07 | ERROR | each_eight_hours.py:49 | ^
2026-05-08 19:07:07 | ERROR | each_eight_hours.py:49 | ^
2026-05-08 19:07:07 | ERROR | each_eight_hours.py:49 | ^
2026-05-08 19:07:07 | ERROR | each_eight_hours.py:49 | ^
2026-05-08 19:07:07 | ERROR | each_eight_hours.py:49 | ^
2026-05-08 19:07:07 | ERROR | each_eight_hours.py:49 | ^
2026-05-08 19:07:07 | ERROR | each_eight_hours.py:49 | ^
2026-05-08 19:07:07 | ERROR | each_eight_hours.py:49 | ^
2026-05-08 19:07:07 | ERROR | each_eight_hours.py:49 | ^
2026-05-08 19:07:07 | ERROR | each_eight_hours.py:49 | File "C:\Users\Farm\AppData\Local\Programs\Python\Python311\Lib\site-packages\pyscreeze\__init__.py", line 207, in _locateAll_opencv
2026-05-08 19:07:07 | ERROR | each_eight_hours.py:49 | needleImage = _load_cv2(needleImage, grayscale)
2026-05-08 19:07:07 | ERROR | each_eight_hours.py:49 | ^
2026-05-08 19:07:07 | ERROR | each_eight_hours.py:49 | ^
2026-05-08 19:07:07 | ERROR | each_eight_hours.py:49 | ^
2026-05-08 19:07:07 | ERROR | each_eight_hours.py:49 | ^
2026-05-08 19:07:07 | ERROR | each_eight_hours.py:49 | ^
2026-05-08 19:07:07 | ERROR | each_eight_hours.py:49 | ^
2026-05-08 19:07:07 | ERROR | each_eight_hours.py:49 | ^
2026-05-08 19:07:07 | ERROR | each_eight_hours.py:49 | ^
2026-05-08 19:07:07 | ERROR | each_eight_hours.py:49 | ^
2026-05-08 19:07:07 | ERROR | each_eight_hours.py:49 | ^
2026-05-08 19:07:07 | ERROR | each_eight_hours.py:49 | ^
2026-05-08 19:07:07 | ERROR | each_eight_hours.py:49 | ^
2026-05-08 19:07:07 | ERROR | each_eight_hours.py:49 | ^
2026-05-08 19:07:07 | ERROR | each_eight_hours.py:49 | ^
2026-05-08 19:07:07 | ERROR | each_eight_hours.py:49 | ^
2026-05-08 19:07:07 | ERROR | each_eight_hours.py:49 | ^
2026-05-08 19:07:07 | ERROR | each_eight_hours.py:49 | ^
2026-05-08 19:07:07 | ERROR | each_eight_hours.py:49 | ^
