2026-07-03 22:00:55 | INFO | each_eight_hours.py:36 | LOG FILE PATH: \\vmware-host\Shared Folders\SHARED FILES VM\MS\logs\each_eight_hours_2026-07-03_22-00-55.log
2026-07-03 22:00:55 | INFO | each_eight_hours.py:37 | Logger initialized
2026-07-03 22:00:55 | INFO | each_eight_hours.py:64 | Script initialized
2026-07-03 22:01:14 | INFO | my_functions.py:56 | ⏳ Esperando WebSocket de OBS...
2026-07-03 22:01:14 | INFO | baseclient.py:33 | Connecting with parameters: host='localhost' port=4455 password='' subs=0 timeout=None
2026-07-03 22:01:14 | INFO | reqs.py:23 | Successfully identified ReqClient with the server using RPC version:1
2026-07-03 22:01:14 | INFO | my_functions.py:62 | ✅ Conectado al OBS WebSocket
2026-07-03 22:01:14 | INFO | my_functions.py:78 | ⏹ Grabación ya estaba activa, deteniéndola...
2026-07-03 22:01:14 | INFO | baseclient.py:33 | Connecting with parameters: host='localhost' port=4455 password='' subs=0 timeout=None
2026-07-03 22:01:14 | INFO | reqs.py:23 | Successfully identified ReqClient with the server using RPC version:1
2026-07-03 22:01:14 | INFO | my_functions.py:93 | Record stopped.
2026-07-03 22:01:26 | INFO | my_functions.py:123 | Archivo renombrado a: C:\Users\Farm\Videos\my_functions_2026-07-03_22-01-26.mkv
2026-07-03 22:01:29 | INFO | my_functions.py:83 | 🎬 Nueva grabación iniciada
2026-07-03 22:01:30 | INFO | each_eight_hours.py:106 | snap.exe terminated if it was running
2026-07-03 22:01:30 | INFO | my_functions.py:1545 | ⏱ Esperando 0.1 segundos antes de empezar...
2026-07-03 22:01:30 | INFO | my_functions.py:1552 | 🔍 Esperando ventana que contenga alguna de: ['py', 'eight_hours'] (máx 20s)
2026-07-03 22:01:30 | INFO | my_functions.py:1564 | ✅ Ventana encontrada: 'each_eight_hours  - Acceso directo'
2026-07-03 22:01:30 | INFO | my_functions.py:1579 | ✅ Ventana seleccionada: 'each_eight_hours  - Acceso directo'
2026-07-03 22:01:32 | INFO | my_functions.py:1602 | 🔁 Reajuste #1...
2026-07-03 22:01:32 | INFO | my_functions.py:1609 | ✔ Verificación completa. Se hicieron 1 reajustes.
2026-07-03 22:01:32 | INFO | each_eight_hours.py:113 | Processing account: john
2026-07-03 22:01:32 | INFO | my_functions.py:1545 | ⏱ Esperando 0.1 segundos antes de empezar...
2026-07-03 22:01:32 | INFO | my_functions.py:1552 | 🔍 Esperando ventana que contenga alguna de: ['SNAP'] (máx 20s)
2026-07-03 22:01:37 | INFO | my_functions.py:1564 | ✅ Ventana encontrada: 'SNAP'
2026-07-03 22:01:37 | INFO | my_functions.py:1579 | ✅ Ventana seleccionada: 'SNAP'
2026-07-03 22:01:39 | INFO | my_functions.py:1602 | 🔁 Reajuste #1...
2026-07-03 22:01:42 | INFO | my_functions.py:1609 | ✔ Verificación completa. Se hicieron 1 reajustes.
2026-07-03 22:01:42 | INFO | my_functions.py:1206 | [DEBUG] Resizing SNAP window...
2026-07-03 22:01:42 | INFO | my_functions.py:1545 | ⏱ Esperando 0.1 segundos antes de empezar...
2026-07-03 22:01:42 | INFO | my_functions.py:1552 | 🔍 Esperando ventana que contenga alguna de: ['SNAP'] (máx 20s)
2026-07-03 22:01:42 | INFO | my_functions.py:1564 | ✅ Ventana encontrada: 'SNAP'
2026-07-03 22:01:42 | INFO | my_functions.py:1579 | ✅ Ventana seleccionada: 'SNAP'
2026-07-03 22:01:49 | INFO | my_functions.py:1611 | ✔ Verificación completa. No hubo cambios después del primer ajuste.
2026-07-03 22:01:49 | INFO | my_functions.py:247 | [DEBUG] Buscando en paralelo: ['small_submit.PNG', 'small_submit_hover.png', 'submit_hover_2.png', 'small_submit_hover_2.png'] | timeout=90s | confidence=0.8
2026-07-03 22:01:52 | INFO | my_functions.py:134 | Haciendo click en la posición (380, 642)
2026-07-03 22:01:52 | INFO | my_functions.py:269 | 🖱️ Click OK (En paralelo): small_submit.PNG at (380, 642) delay=0.2s
2026-07-03 22:01:56 | INFO | my_functions.py:247 | [DEBUG] Buscando en paralelo: ['small_submit.PNG', 'small_submit_hover.png', 'submit_hover_2.png', 'small_submit_hover_2.png'] | timeout=20s | confidence=0.8
2026-07-03 22:01:57 | INFO | my_functions.py:134 | Haciendo click en la posición (380, 721)
2026-07-03 22:01:58 | INFO | my_functions.py:269 | 🖱️ Click OK (En paralelo): small_submit.PNG at (380, 721) delay=0.2s
2026-07-03 22:01:59 | INFO | my_functions.py:1545 | ⏱ Esperando 0.1 segundos antes de empezar...
2026-07-03 22:01:59 | INFO | my_functions.py:1552 | 🔍 Esperando ventana que contenga alguna de: ['SNAP'] (máx 20s)
2026-07-03 22:01:59 | INFO | my_functions.py:1564 | ✅ Ventana encontrada: 'SNAP'
2026-07-03 22:01:59 | INFO | my_functions.py:1579 | ✅ Ventana seleccionada: 'SNAP'
2026-07-03 22:02:01 | INFO | my_functions.py:1602 | 🔁 Reajuste #1...
2026-07-03 22:02:02 | INFO | my_functions.py:1609 | ✔ Verificación completa. Se hicieron 1 reajustes.
2026-07-03 22:02:02 | INFO | my_functions.py:169 | Searching please_sign.png (timeout=0s)
2026-07-03 22:02:02 | INFO | my_functions.py:199 | 
✅ Found: please_sign.png pos=(383, 438) time=0.57s confidence=0.8
2026-07-03 22:02:02 | INFO | my_functions.py:247 | [DEBUG] Buscando en paralelo: ['ok_btn.png'] | timeout=20s | confidence=0.8
2026-07-03 22:02:04 | INFO | my_functions.py:134 | Haciendo click en la posición (382, 634)
2026-07-03 22:02:05 | INFO | my_functions.py:269 | 🖱️ Click OK (En paralelo): ok_btn.png at (382, 634) delay=1s
2026-07-03 22:02:06 | INFO | my_functions.py:247 | [DEBUG] Buscando en paralelo: ['small_submit.PNG', 'small_submit_hover.png', 'submit_hover_2.png', 'small_submit_hover_2.png'] | timeout=30s | confidence=0.8
2026-07-03 22:02:09 | INFO | my_functions.py:134 | Haciendo click en la posición (383, 643)
2026-07-03 22:02:09 | INFO | my_functions.py:269 | 🖱️ Click OK (En paralelo): small_submit_hover_2.png at (383, 643) delay=0.2s
2026-07-03 22:02:10 | INFO | my_functions.py:247 | [DEBUG] Buscando en paralelo: ['small_submit.PNG', 'small_submit_hover.png', 'submit_hover_2.png', 'small_submit_hover_2.png'] | timeout=20s | confidence=0.8
2026-07-03 22:02:12 | INFO | my_functions.py:134 | Haciendo click en la posición (380, 721)
2026-07-03 22:02:12 | INFO | my_functions.py:269 | 🖱️ Click OK (En paralelo): small_submit.PNG at (380, 721) delay=0.2s
2026-07-03 22:02:13 | INFO | my_functions.py:247 | [DEBUG] Buscando en paralelo: ['sign_in_with_google2.PNG'] | timeout=20s | confidence=0.8
2026-07-03 22:02:15 | INFO | my_functions.py:134 | Haciendo click en la posición (406, 957)
2026-07-03 22:02:15 | INFO | my_functions.py:269 | 🖱️ Click OK (En paralelo): sign_in_with_google2.PNG at (406, 957) delay=1s
2026-07-03 22:02:16 | INFO | my_functions.py:169 | Searching pagina_cargada.png (timeout=60s)
2026-07-03 22:02:25 | INFO | my_functions.py:199 | 
✅ Found: pagina_cargada.png pos=(70, 24) time=8.84s confidence=0.8
2026-07-03 22:02:27 | INFO | my_functions.py:247 | [DEBUG] Buscando en paralelo: ['john.png'] | timeout=0s | confidence=0.8
2026-07-03 22:02:31 | INFO | my_functions.py:134 | Haciendo click en la posición (1143, 619)
2026-07-03 22:02:31 | INFO | my_functions.py:269 | 🖱️ Click OK (En paralelo): john.png at (1143, 619) delay=3s
2026-07-03 22:02:33 | INFO | my_functions.py:169 | Searching marvelsnap_web.png (timeout=30s)
2026-07-03 22:02:37 | INFO | my_functions.py:199 | 
✅ Found: marvelsnap_web.png pos=(258, 80) time=4.61s confidence=0.7
2026-07-03 22:02:37 | INFO | my_functions.py:169 | Searching shop_unselected.PNG (timeout=0s)
2026-07-03 22:02:38 | INFO | my_functions.py:213 | 
⛔ Not found: shop_unselected.PNG after 0.0s region=(0, 0, 765, 1038) confidence=0.8
2026-07-03 22:02:38 | INFO | my_functions.py:247 | [DEBUG] Buscando en paralelo: ['super_premium.PNG'] | timeout=0s | confidence=0.8
2026-07-03 22:02:39 | INFO | my_functions.py:281 | [DEBUG] Click skipped, ninguna de las imágenes se encontró en el intento.
2026-07-03 22:02:40 | INFO | my_functions.py:247 | [DEBUG] Buscando en paralelo: ['maybe_later.PNG'] | timeout=0s | confidence=0.8
2026-07-03 22:02:41 | INFO | my_functions.py:281 | [DEBUG] Click skipped, ninguna de las imágenes se encontró en el intento.
2026-07-03 22:02:42 | INFO | my_functions.py:247 | [DEBUG] Buscando en paralelo: ['maybe_later2.PNG'] | timeout=0s | confidence=0.8
2026-07-03 22:02:42 | INFO | my_functions.py:281 | [DEBUG] Click skipped, ninguna de las imágenes se encontró en el intento.
2026-07-03 22:02:43 | INFO | my_functions.py:169 | Searching go_to_shop.PNG (timeout=0s)
2026-07-03 22:02:44 | INFO | my_functions.py:213 | 
⛔ Not found: go_to_shop.PNG after 0.0s region=(0, 0, 765, 1038) confidence=0.8
2026-07-03 22:02:44 | INFO | my_functions.py:247 | [DEBUG] Buscando en paralelo: ['14_days_of_winterverse.PNG'] | timeout=0s | confidence=0.8
2026-07-03 22:02:45 | INFO | my_functions.py:281 | [DEBUG] Click skipped, ninguna de las imágenes se encontró en el intento.
2026-07-03 22:02:46 | INFO | my_functions.py:169 | Searching welcome_back_calendar.PNG (timeout=0s)
2026-07-03 22:02:46 | INFO | my_functions.py:213 | 
⛔ Not found: welcome_back_calendar.PNG after 0.0s region=(0, 0, 765, 1038) confidence=0.8
2026-07-03 22:02:46 | INFO | my_functions.py:247 | [DEBUG] Buscando en paralelo: ['start_the_countdown.PNG'] | timeout=0s | confidence=0.8
2026-07-03 22:02:47 | INFO | my_functions.py:281 | [DEBUG] Click skipped, ninguna de las imágenes se encontró en el intento.
2026-07-03 22:02:48 | INFO | my_functions.py:247 | [DEBUG] Buscando en paralelo: ['event_has_ended_sanctum.PNG'] | timeout=0s | confidence=0.8
2026-07-03 22:02:48 | INFO | my_functions.py:281 | [DEBUG] Click skipped, ninguna de las imágenes se encontró en el intento.
2026-07-03 22:02:49 | INFO | my_functions.py:247 | [DEBUG] Buscando en paralelo: ['event_has_ended_teamclash.PNG'] | timeout=0s | confidence=0.8
2026-07-03 22:02:50 | INFO | my_functions.py:281 | [DEBUG] Click skipped, ninguna de las imágenes se encontró en el intento.
2026-07-03 22:02:51 | INFO | my_functions.py:247 | [DEBUG] Buscando en paralelo: ['image_part_of_event_grand_arena_finished.PNG'] | timeout=0s | confidence=0.8
2026-07-03 22:02:52 | INFO | my_functions.py:281 | [DEBUG] Click skipped, ninguna de las imágenes se encontró en el intento.
2026-07-03 22:02:53 | INFO | my_functions.py:169 | Searching 28_day_event_login_rewards.PNG (timeout=0s)
2026-07-03 22:02:53 | INFO | my_functions.py:213 | 
⛔ Not found: 28_day_event_login_rewards.PNG after 0.0s region=(0, 0, 765, 1038) confidence=0.8
2026-07-03 22:02:53 | INFO | my_functions.py:169 | Searching 7_day_event_login.PNG (timeout=0s)
2026-07-03 22:02:54 | INFO | my_functions.py:213 | 
⛔ Not found: 7_day_event_login.PNG after 0.0s region=(0, 0, 765, 1038) confidence=0.8
2026-07-03 22:02:54 | INFO | my_functions.py:169 | Searching 14_days_event.PNG (timeout=0s)
2026-07-03 22:02:54 | INFO | my_functions.py:213 | 
⛔ Not found: 14_days_event.PNG after 0.0s region=(0, 0, 765, 1038) confidence=0.8
2026-07-03 22:02:54 | INFO | my_functions.py:247 | [DEBUG] Buscando en paralelo: ['lets_go.PNG'] | timeout=0s | confidence=0.8
2026-07-03 22:02:55 | INFO | my_functions.py:281 | [DEBUG] Click skipped, ninguna de las imágenes se encontró en el intento.
2026-07-03 22:02:57 | INFO | my_functions.py:169 | Searching shop_unselected.PNG (timeout=0s)
2026-07-03 22:02:58 | INFO | my_functions.py:213 | 
⛔ Not found: shop_unselected.PNG after 0.0s region=(0, 0, 765, 1038) confidence=0.8
2026-07-03 22:02:58 | INFO | my_functions.py:247 | [DEBUG] Buscando en paralelo: ['super_premium.PNG'] | timeout=0s | confidence=0.8
2026-07-03 22:02:59 | INFO | my_functions.py:134 | Haciendo click en la posición (480, 777)
2026-07-03 22:02:59 | INFO | my_functions.py:269 | 🖱️ Click OK (En paralelo): super_premium.PNG at (480, 777) delay=1s
2026-07-03 22:03:01 | INFO | my_functions.py:142 | Presionando ESC (1/1)
2026-07-03 22:03:09 | INFO | my_functions.py:169 | Searching shop_unselected.PNG (timeout=0s)
2026-07-03 22:03:10 | INFO | my_functions.py:199 | 
✅ Found: shop_unselected.PNG pos=(88, 961) time=0.73s confidence=0.8
2026-07-03 22:03:10 | INFO | my_functions.py:714 | Ya esta listo
2026-07-03 22:03:14 | INFO | my_functions.py:533 | AVAILABLE: 6
2026-07-03 22:03:14 | INFO | my_functions.py:555 | Misiones completadas: 1
2026-07-03 22:03:14 | INFO | my_functions.py:169 | Searching play.PNG (timeout=0s)
2026-07-03 22:03:15 | INFO | my_functions.py:199 | 
✅ Found: play.PNG pos=(384, 825) time=0.64s confidence=0.8
2026-07-03 22:03:15 | INFO | my_functions.py:1440 | [INFO] Click realizado donde se equipa el deck a jugar
2026-07-03 22:03:19 | INFO | my_functions.py:247 | [DEBUG] Buscando en paralelo: ['deck_666666.png'] | timeout=3s | confidence=0.8
2026-07-03 22:03:21 | INFO | my_functions.py:134 | Haciendo click en la posición (235, 546)
2026-07-03 22:03:21 | INFO | my_functions.py:269 | 🖱️ Click OK (En paralelo): deck_666666.png at (235, 546) delay=1s
2026-07-03 22:03:22 | INFO | my_functions.py:247 | [DEBUG] Buscando en paralelo: ['equip.png'] | timeout=3s | confidence=0.95
2026-07-03 22:03:24 | INFO | my_functions.py:134 | Haciendo click en la posición (548, 983)
2026-07-03 22:03:24 | INFO | my_functions.py:269 | 🖱️ Click OK (En paralelo): equip.png at (548, 983) delay=1s
2026-07-03 22:03:25 | INFO | each_eight_hours.py:134 | Deck selected: 6turns
2026-07-03 22:03:25 | INFO | my_functions.py:247 | [DEBUG] Buscando en paralelo: ['maybe_later.PNG'] | timeout=2s | confidence=0.8
2026-07-03 22:03:28 | INFO | my_functions.py:281 | [DEBUG] Click skipped, ninguna de las imágenes se encontró en el intento.
2026-07-03 22:03:29 | INFO | my_functions.py:247 | [DEBUG] Buscando en paralelo: ['maybe_later2.PNG'] | timeout=0.01s | confidence=0.8
2026-07-03 22:03:29 | INFO | my_functions.py:281 | [DEBUG] Click skipped, ninguna de las imágenes se encontró en el intento.
2026-07-03 22:03:31 | INFO | each_eight_hours.py:148 | Starting game loop 1
2026-07-03 22:03:31 | INFO | my_functions.py:247 | [DEBUG] Buscando en paralelo: ['play.PNG'] | timeout=20s | confidence=0.8
2026-07-03 22:03:34 | INFO | my_functions.py:134 | Haciendo click en la posición (384, 824)
2026-07-03 22:03:34 | INFO | my_functions.py:269 | 🖱️ Click OK (En paralelo): play.PNG at (384, 824) delay=3s
2026-07-03 22:03:57 | INFO | my_functions.py:199 | 
✅ Found: end_turn.PNG pos=(681, 945) time=0.66s confidence=0.8
2026-07-03 22:03:57 | INFO | my_functions.py:247 | [DEBUG] Buscando en paralelo: ['snap.PNG'] | timeout=0s | confidence=0.8
2026-07-03 22:03:59 | INFO | my_functions.py:134 | Haciendo click en la posición (386, 123)
2026-07-03 22:03:59 | INFO | my_functions.py:269 | 🖱️ Click OK (En paralelo): snap.PNG at (386, 123) delay=1s
2026-07-03 22:04:05 | INFO | my_functions.py:247 | [DEBUG] Buscando en paralelo: ['end_turn.PNG'] | timeout=0s | confidence=0.8
2026-07-03 22:04:07 | INFO | my_functions.py:134 | Haciendo click en la posición (682, 946)
2026-07-03 22:04:07 | INFO | my_functions.py:269 | 🖱️ Click OK (En paralelo): end_turn.PNG at (682, 946) delay=1s
2026-07-03 22:04:08 | INFO | each_eight_hours.py:165 | End turn executed
2026-07-03 22:04:27 | INFO | my_functions.py:199 | 
✅ Found: end_turn.PNG pos=(681, 945) time=0.64s confidence=0.8
2026-07-03 22:04:27 | INFO | my_functions.py:247 | [DEBUG] Buscando en paralelo: ['snap.PNG'] | timeout=0s | confidence=0.8
2026-07-03 22:04:28 | INFO | my_functions.py:281 | [DEBUG] Click skipped, ninguna de las imágenes se encontró en el intento.
2026-07-03 22:04:34 | INFO | my_functions.py:247 | [DEBUG] Buscando en paralelo: ['end_turn.PNG'] | timeout=0s | confidence=0.8
2026-07-03 22:04:36 | INFO | my_functions.py:134 | Haciendo click en la posición (682, 946)
2026-07-03 22:04:36 | INFO | my_functions.py:269 | 🖱️ Click OK (En paralelo): end_turn.PNG at (682, 946) delay=1s
2026-07-03 22:04:37 | INFO | each_eight_hours.py:165 | End turn executed
2026-07-03 22:04:53 | INFO | my_functions.py:199 | 
✅ Found: end_turn.PNG pos=(681, 945) time=0.66s confidence=0.8
2026-07-03 22:04:53 | INFO | my_functions.py:247 | [DEBUG] Buscando en paralelo: ['snap.PNG'] | timeout=0s | confidence=0.8
2026-07-03 22:04:54 | INFO | my_functions.py:281 | [DEBUG] Click skipped, ninguna de las imágenes se encontró en el intento.
2026-07-03 22:05:00 | INFO | my_functions.py:247 | [DEBUG] Buscando en paralelo: ['end_turn.PNG'] | timeout=0s | confidence=0.8
2026-07-03 22:05:02 | INFO | my_functions.py:134 | Haciendo click en la posición (682, 945)
2026-07-03 22:05:02 | INFO | my_functions.py:269 | 🖱️ Click OK (En paralelo): end_turn.PNG at (682, 945) delay=1s
2026-07-03 22:05:03 | INFO | each_eight_hours.py:165 | End turn executed
2026-07-03 22:05:19 | INFO | my_functions.py:199 | 
✅ Found: end_turn.PNG pos=(681, 945) time=0.65s confidence=0.8
2026-07-03 22:05:19 | INFO | my_functions.py:247 | [DEBUG] Buscando en paralelo: ['snap.PNG'] | timeout=0s | confidence=0.8
2026-07-03 22:05:20 | INFO | my_functions.py:281 | [DEBUG] Click skipped, ninguna de las imágenes se encontró en el intento.
2026-07-03 22:05:26 | INFO | my_functions.py:247 | [DEBUG] Buscando en paralelo: ['end_turn.PNG'] | timeout=0s | confidence=0.8
2026-07-03 22:05:28 | INFO | my_functions.py:134 | Haciendo click en la posición (682, 945)
2026-07-03 22:05:28 | INFO | my_functions.py:269 | 🖱️ Click OK (En paralelo): end_turn.PNG at (682, 945) delay=1s
2026-07-03 22:05:29 | INFO | each_eight_hours.py:165 | End turn executed
2026-07-03 22:05:45 | INFO | my_functions.py:199 | 
✅ Found: end_turn.PNG pos=(681, 945) time=0.64s confidence=0.8
2026-07-03 22:05:45 | INFO | my_functions.py:247 | [DEBUG] Buscando en paralelo: ['snap.PNG'] | timeout=0s | confidence=0.8
2026-07-03 22:05:46 | INFO | my_functions.py:281 | [DEBUG] Click skipped, ninguna de las imágenes se encontró en el intento.
2026-07-03 22:05:52 | INFO | my_functions.py:247 | [DEBUG] Buscando en paralelo: ['end_turn.PNG'] | timeout=0s | confidence=0.8
2026-07-03 22:05:53 | INFO | my_functions.py:134 | Haciendo click en la posición (682, 945)
2026-07-03 22:05:54 | INFO | my_functions.py:269 | 🖱️ Click OK (En paralelo): end_turn.PNG at (682, 945) delay=1s
2026-07-03 22:05:55 | INFO | each_eight_hours.py:165 | End turn executed
2026-07-03 22:06:08 | INFO | my_functions.py:199 | 
✅ Found: end_turn.PNG pos=(681, 945) time=0.66s confidence=0.8
2026-07-03 22:06:08 | INFO | my_functions.py:247 | [DEBUG] Buscando en paralelo: ['snap.PNG'] | timeout=0s | confidence=0.8
2026-07-03 22:06:09 | INFO | my_functions.py:281 | [DEBUG] Click skipped, ninguna de las imágenes se encontró en el intento.
