2026-05-24 06:01:09 | INFO | each_eight_hours.py:39 | LOG FILE PATH: \\vmware-host\Shared Folders\SHARED FILES VM\MS\logs\each_eight_hours_2026-05-24_06-01-09.log
2026-05-24 06:01:09 | INFO | each_eight_hours.py:40 | Logger initialized
2026-05-24 06:01:09 | INFO | each_eight_hours.py:67 | Script initialized
2026-05-24 06:01:11 | INFO | each_eight_hours.py:128 | snap.exe terminated if it was running
2026-05-24 06:01:11 | INFO | my_functions.py:57 | ⏳ Esperando WebSocket de OBS...
2026-05-24 06:01:11 | INFO | baseclient.py:33 | Connecting with parameters: host='localhost' port=4455 password='' subs=0 timeout=None
2026-05-24 06:01:11 | INFO | reqs.py:23 | Successfully identified ReqClient with the server using RPC version:1
2026-05-24 06:01:11 | INFO | my_functions.py:63 | ✅ Conectado al OBS WebSocket
2026-05-24 06:01:11 | INFO | my_functions.py:79 | ⏹ Grabación ya estaba activa, deteniéndola...
2026-05-24 06:01:11 | INFO | baseclient.py:33 | Connecting with parameters: host='localhost' port=4455 password='' subs=0 timeout=None
2026-05-24 06:01:11 | INFO | reqs.py:23 | Successfully identified ReqClient with the server using RPC version:1
2026-05-24 06:01:11 | INFO | my_functions.py:94 | Record stopped.
2026-05-24 06:01:23 | INFO | my_functions.py:124 | Archivo renombrado a: C:\Users\Farm\Videos\my_functions_2026-05-24_06-01-23.mkv
2026-05-24 06:01:26 | INFO | my_functions.py:84 | 🎬 Nueva grabación iniciada
2026-05-24 06:01:26 | INFO | my_functions.py:1286 | ⏱ Esperando 0.1 segundos antes de empezar...
2026-05-24 06:01:27 | INFO | my_functions.py:1293 | 🔍 Esperando ventana que contenga alguna de: ['py', 'eight_hours'] (máx 20s)
2026-05-24 06:01:27 | INFO | my_functions.py:1305 | ✅ Ventana encontrada: 'each_eight_hours  - Acceso directo'
2026-05-24 06:01:27 | INFO | my_functions.py:1320 | ✅ Ventana seleccionada: 'each_eight_hours  - Acceso directo'
2026-05-24 06:01:29 | INFO | my_functions.py:1343 | 🔁 Reajuste #1...
2026-05-24 06:01:29 | INFO | my_functions.py:1350 | ✔ Verificación completa. Se hicieron 1 reajustes.
2026-05-24 06:01:55 | INFO | my_functions.py:2116 | Starting Steam window scan
2026-05-24 06:01:55 | INFO | my_functions.py:2119 | Found window: 
2026-05-24 06:01:55 | INFO | my_functions.py:2119 | Found window: each_eight_hours  - Acceso directo
2026-05-24 06:01:55 | INFO | my_functions.py:2119 | Found window: 
2026-05-24 06:01:55 | INFO | my_functions.py:2119 | Found window: 
2026-05-24 06:01:55 | INFO | my_functions.py:2119 | Found window: 
2026-05-24 06:01:55 | INFO | my_functions.py:2119 | Found window: 
2026-05-24 06:01:55 | INFO | my_functions.py:2119 | Found window: Program Manager
2026-05-24 06:01:55 | INFO | each_eight_hours.py:139 | Processing account: reeps_vm
2026-05-24 06:01:55 | INFO | each_eight_hours.py:142 | Game relaunched for account
2026-05-24 06:01:55 | INFO | my_functions.py:1286 | ⏱ Esperando 0.1 segundos antes de empezar...
2026-05-24 06:01:55 | INFO | my_functions.py:1293 | 🔍 Esperando ventana que contenga alguna de: ['SNAP'] (máx 20s)
2026-05-24 06:01:58 | INFO | my_functions.py:1305 | ✅ Ventana encontrada: 'SNAP'
2026-05-24 06:01:58 | INFO | my_functions.py:1320 | ✅ Ventana seleccionada: 'SNAP'
2026-05-24 06:02:00 | INFO | my_functions.py:1343 | 🔁 Reajuste #1...
2026-05-24 06:02:01 | INFO | my_functions.py:1350 | ✔ Verificación completa. Se hicieron 1 reajustes.
2026-05-24 06:02:01 | INFO | my_functions.py:991 | [DEBUG] Resizing SNAP window...
2026-05-24 06:02:01 | INFO | my_functions.py:1286 | ⏱ Esperando 0.1 segundos antes de empezar...
2026-05-24 06:02:01 | INFO | my_functions.py:1293 | 🔍 Esperando ventana que contenga alguna de: ['SNAP'] (máx 20s)
2026-05-24 06:02:01 | INFO | my_functions.py:1305 | ✅ Ventana encontrada: 'SNAP'
2026-05-24 06:02:01 | INFO | my_functions.py:1320 | ✅ Ventana seleccionada: 'SNAP'
2026-05-24 06:02:05 | INFO | my_functions.py:1352 | ✔ Verificación completa. No hubo cambios después del primer ajuste.
2026-05-24 06:02:05 | INFO | my_functions.py:248 | [DEBUG] Buscando en paralelo: ['small_submit.PNG', 'small_submit_hover.png', 'submit_hover_2.png', 'small_submit_hover_2.png'] | timeout=90s | confidence=0.8
2026-05-24 06:02:07 | INFO | my_functions.py:135 | Haciendo click en la posición (380, 642)
2026-05-24 06:02:07 | INFO | my_functions.py:270 | 🖱️ Click OK (En paralelo): small_submit.PNG at (380, 642) delay=0.2s
2026-05-24 06:02:08 | INFO | my_functions.py:248 | [DEBUG] Buscando en paralelo: ['small_submit.PNG', 'small_submit_hover.png', 'submit_hover_2.png', 'small_submit_hover_2.png'] | timeout=20s | confidence=0.8
2026-05-24 06:02:09 | INFO | my_functions.py:135 | Haciendo click en la posición (380, 721)
2026-05-24 06:02:09 | INFO | my_functions.py:270 | 🖱️ Click OK (En paralelo): small_submit.PNG at (380, 721) delay=0.2s
2026-05-24 06:02:10 | INFO | my_functions.py:1286 | ⏱ Esperando 0.1 segundos antes de empezar...
2026-05-24 06:02:10 | INFO | my_functions.py:1293 | 🔍 Esperando ventana que contenga alguna de: ['SNAP'] (máx 20s)
2026-05-24 06:02:10 | INFO | my_functions.py:1305 | ✅ Ventana encontrada: 'SNAP'
2026-05-24 06:02:10 | INFO | my_functions.py:1320 | ✅ Ventana seleccionada: 'SNAP'
2026-05-24 06:02:12 | INFO | my_functions.py:1343 | 🔁 Reajuste #1...
2026-05-24 06:02:13 | INFO | my_functions.py:1350 | ✔ Verificación completa. Se hicieron 1 reajustes.
2026-05-24 06:02:13 | INFO | my_functions.py:170 | Searching please_sign.png (timeout=0s)
2026-05-24 06:02:14 | INFO | my_functions.py:200 | 
✅ Found: please_sign.png pos=(383, 438) time=0.19s confidence=0.8
2026-05-24 06:02:14 | INFO | my_functions.py:248 | [DEBUG] Buscando en paralelo: ['ok_btn.png'] | timeout=20s | confidence=0.8
2026-05-24 06:02:15 | INFO | my_functions.py:135 | Haciendo click en la posición (382, 634)
2026-05-24 06:02:15 | INFO | my_functions.py:270 | 🖱️ Click OK (En paralelo): ok_btn.png at (382, 634) delay=1s
2026-05-24 06:02:16 | INFO | my_functions.py:248 | [DEBUG] Buscando en paralelo: ['small_submit.PNG', 'small_submit_hover.png', 'submit_hover_2.png', 'small_submit_hover_2.png'] | timeout=90s | confidence=0.8
2026-05-24 06:02:18 | INFO | my_functions.py:135 | Haciendo click en la posición (383, 643)
2026-05-24 06:02:18 | INFO | my_functions.py:270 | 🖱️ Click OK (En paralelo): small_submit_hover_2.png at (383, 643) delay=0.2s
2026-05-24 06:02:19 | INFO | my_functions.py:248 | [DEBUG] Buscando en paralelo: ['small_submit.PNG', 'small_submit_hover.png', 'submit_hover_2.png', 'small_submit_hover_2.png'] | timeout=20s | confidence=0.8
2026-05-24 06:02:19 | INFO | my_functions.py:135 | Haciendo click en la posición (380, 721)
2026-05-24 06:02:20 | INFO | my_functions.py:270 | 🖱️ Click OK (En paralelo): small_submit.PNG at (380, 721) delay=0.2s
2026-05-24 06:02:21 | INFO | my_functions.py:170 | Searching sign_in_with_google2.PNG (timeout=90s)
2026-05-24 06:02:21 | INFO | my_functions.py:200 | 
✅ Found: sign_in_with_google2.PNG pos=(406, 957) time=0.18s confidence=0.8
2026-05-24 06:02:21 | INFO | my_functions.py:248 | [DEBUG] Buscando en paralelo: ['sign_in_with_google2.PNG'] | timeout=20s | confidence=0.8
2026-05-24 06:02:22 | INFO | my_functions.py:135 | Haciendo click en la posición (406, 957)
2026-05-24 06:02:22 | INFO | my_functions.py:270 | 🖱️ Click OK (En paralelo): sign_in_with_google2.PNG at (406, 957) delay=1s
2026-05-24 06:02:23 | INFO | my_functions.py:248 | [DEBUG] Buscando en paralelo: ['reeps_vm.png'] | timeout=30s | confidence=0.8
2026-05-24 06:02:33 | INFO | my_functions.py:135 | Haciendo click en la posición (1126, 599)
2026-05-24 06:02:34 | INFO | my_functions.py:270 | 🖱️ Click OK (En paralelo): reeps_vm.png at (1126, 599) delay=3s
2026-05-24 06:02:35 | INFO | my_functions.py:170 | Searching marvelsnap_web.png (timeout=30s)
2026-05-24 06:02:40 | INFO | my_functions.py:200 | 
✅ Found: marvelsnap_web.png pos=(258, 80) time=5.06s confidence=0.7
2026-05-24 06:02:40 | INFO | my_functions.py:170 | Searching shop_unselected.PNG (timeout=0s)
2026-05-24 06:02:40 | INFO | my_functions.py:214 | 
⛔ Not found: shop_unselected.PNG after 0.0s region=(0, 0, 765, 1038) confidence=0.8
2026-05-24 06:02:40 | INFO | my_functions.py:248 | [DEBUG] Buscando en paralelo: ['super_premium.PNG'] | timeout=0s | confidence=0.8
2026-05-24 06:02:40 | INFO | my_functions.py:282 | [DEBUG] Click skipped, ninguna de las imágenes se encontró en el intento.
2026-05-24 06:02:42 | INFO | my_functions.py:248 | [DEBUG] Buscando en paralelo: ['maybe_later.PNG'] | timeout=0s | confidence=0.8
2026-05-24 06:02:42 | INFO | my_functions.py:282 | [DEBUG] Click skipped, ninguna de las imágenes se encontró en el intento.
2026-05-24 06:02:43 | INFO | my_functions.py:248 | [DEBUG] Buscando en paralelo: ['maybe_later2.PNG'] | timeout=0s | confidence=0.8
2026-05-24 06:02:43 | INFO | my_functions.py:282 | [DEBUG] Click skipped, ninguna de las imágenes se encontró en el intento.
2026-05-24 06:02:44 | INFO | my_functions.py:170 | Searching go_to_shop.PNG (timeout=0s)
2026-05-24 06:02:44 | INFO | my_functions.py:214 | 
⛔ Not found: go_to_shop.PNG after 0.0s region=(0, 0, 765, 1038) confidence=0.8
2026-05-24 06:02:44 | INFO | my_functions.py:248 | [DEBUG] Buscando en paralelo: ['14_days_of_winterverse.PNG'] | timeout=0s | confidence=0.8
2026-05-24 06:02:45 | INFO | my_functions.py:282 | [DEBUG] Click skipped, ninguna de las imágenes se encontró en el intento.
2026-05-24 06:02:46 | INFO | my_functions.py:170 | Searching welcome_back_calendar.PNG (timeout=0s)
2026-05-24 06:02:46 | INFO | my_functions.py:214 | 
⛔ Not found: welcome_back_calendar.PNG after 0.0s region=(0, 0, 765, 1038) confidence=0.8
2026-05-24 06:02:46 | INFO | my_functions.py:248 | [DEBUG] Buscando en paralelo: ['start_the_countdown.PNG'] | timeout=0s | confidence=0.8
2026-05-24 06:02:46 | INFO | my_functions.py:282 | [DEBUG] Click skipped, ninguna de las imágenes se encontró en el intento.
2026-05-24 06:02:47 | INFO | my_functions.py:248 | [DEBUG] Buscando en paralelo: ['event_has_ended_sanctum.PNG'] | timeout=0s | confidence=0.8
2026-05-24 06:02:47 | INFO | my_functions.py:282 | [DEBUG] Click skipped, ninguna de las imágenes se encontró en el intento.
2026-05-24 06:02:48 | INFO | my_functions.py:248 | [DEBUG] Buscando en paralelo: ['image_part_of_event_grand_arena_finished.PNG'] | timeout=0s | confidence=0.8
2026-05-24 06:02:49 | INFO | my_functions.py:282 | [DEBUG] Click skipped, ninguna de las imágenes se encontró en el intento.
2026-05-24 06:02:50 | INFO | my_functions.py:170 | Searching 28_day_event_login_rewards.PNG (timeout=0s)
2026-05-24 06:02:50 | INFO | my_functions.py:214 | 
⛔ Not found: 28_day_event_login_rewards.PNG after 0.0s region=(0, 0, 765, 1038) confidence=0.8
2026-05-24 06:02:50 | INFO | my_functions.py:170 | Searching 7_day_event_login.PNG (timeout=0s)
2026-05-24 06:02:50 | INFO | my_functions.py:214 | 
⛔ Not found: 7_day_event_login.PNG after 0.0s region=(0, 0, 765, 1038) confidence=0.8
2026-05-24 06:02:50 | INFO | my_functions.py:170 | Searching 14_days_event.PNG (timeout=0s)
2026-05-24 06:02:50 | INFO | my_functions.py:214 | 
⛔ Not found: 14_days_event.PNG after 0.0s region=(0, 0, 765, 1038) confidence=0.8
2026-05-24 06:02:50 | INFO | my_functions.py:248 | [DEBUG] Buscando en paralelo: ['lets_go.PNG'] | timeout=0s | confidence=0.8
2026-05-24 06:02:51 | INFO | my_functions.py:282 | [DEBUG] Click skipped, ninguna de las imágenes se encontró en el intento.
2026-05-24 06:02:53 | INFO | my_functions.py:170 | Searching shop_unselected.PNG (timeout=0s)
2026-05-24 06:02:53 | INFO | my_functions.py:214 | 
⛔ Not found: shop_unselected.PNG after 0.0s region=(0, 0, 765, 1038) confidence=0.8
2026-05-24 06:02:53 | INFO | my_functions.py:248 | [DEBUG] Buscando en paralelo: ['super_premium.PNG'] | timeout=0s | confidence=0.8
2026-05-24 06:02:53 | INFO | my_functions.py:282 | [DEBUG] Click skipped, ninguna de las imágenes se encontró en el intento.
2026-05-24 06:02:54 | INFO | my_functions.py:248 | [DEBUG] Buscando en paralelo: ['maybe_later.PNG'] | timeout=0s | confidence=0.8
2026-05-24 06:02:54 | INFO | my_functions.py:282 | [DEBUG] Click skipped, ninguna de las imágenes se encontró en el intento.
2026-05-24 06:02:56 | INFO | my_functions.py:248 | [DEBUG] Buscando en paralelo: ['maybe_later2.PNG'] | timeout=0s | confidence=0.8
2026-05-24 06:02:56 | INFO | my_functions.py:282 | [DEBUG] Click skipped, ninguna de las imágenes se encontró en el intento.
2026-05-24 06:02:57 | INFO | my_functions.py:170 | Searching go_to_shop.PNG (timeout=0s)
2026-05-24 06:02:57 | INFO | my_functions.py:200 | 
✅ Found: go_to_shop.PNG pos=(275, 827) time=0.2s confidence=0.8
2026-05-24 06:02:59 | INFO | my_functions.py:248 | [DEBUG] Buscando en paralelo: ['white_x.png'] | timeout=20s | confidence=0.8
2026-05-24 06:03:00 | INFO | my_functions.py:135 | Haciendo click en la posición (597, 113)
2026-05-24 06:03:00 | INFO | my_functions.py:270 | 🖱️ Click OK (En paralelo): white_x.png at (597, 113) delay=1s
2026-05-24 06:03:10 | INFO | my_functions.py:170 | Searching shop_unselected.PNG (timeout=0s)
2026-05-24 06:03:10 | INFO | my_functions.py:214 | 
⛔ Not found: shop_unselected.PNG after 0.0s region=(0, 0, 765, 1038) confidence=0.8
2026-05-24 06:03:11 | INFO | my_functions.py:170 | Searching shop_unselected.PNG (timeout=0s)
2026-05-24 06:03:11 | INFO | my_functions.py:214 | 
⛔ Not found: shop_unselected.PNG after 0.0s region=(0, 0, 765, 1038) confidence=0.8
2026-05-24 06:03:11 | INFO | my_functions.py:248 | [DEBUG] Buscando en paralelo: ['super_premium.PNG'] | timeout=0s | confidence=0.8
2026-05-24 06:03:12 | INFO | my_functions.py:135 | Haciendo click en la posición (480, 777)
2026-05-24 06:03:12 | INFO | my_functions.py:270 | 🖱️ Click OK (En paralelo): super_premium.PNG at (480, 777) delay=1s
2026-05-24 06:03:14 | INFO | my_functions.py:143 | Presionando ESC (1/1)
2026-05-24 06:03:22 | INFO | my_functions.py:170 | Searching shop_unselected.PNG (timeout=0s)
2026-05-24 06:03:22 | INFO | my_functions.py:200 | 
✅ Found: shop_unselected.PNG pos=(88, 961) time=0.18s confidence=0.8
2026-05-24 06:03:22 | INFO | my_functions.py:518 | Ya esta listo
2026-05-24 06:03:25 | INFO | my_functions.py:330 | AVAILABLE: 6
2026-05-24 06:03:25 | INFO | my_functions.py:352 | Misiones completadas: 0
2026-05-24 06:03:25 | INFO | my_functions.py:170 | Searching play.PNG (timeout=0s)
2026-05-24 06:03:25 | INFO | my_functions.py:200 | 
✅ Found: play.PNG pos=(384, 825) time=0.44s confidence=0.8
2026-05-24 06:03:25 | INFO | my_functions.py:1181 | [INFO] Click realizado donde se equipa el deck a jugar
2026-05-24 06:03:29 | INFO | my_functions.py:248 | [DEBUG] Buscando en paralelo: ['deck_666666.png'] | timeout=3s | confidence=0.8
2026-05-24 06:03:30 | INFO | my_functions.py:135 | Haciendo click en la posición (235, 547)
2026-05-24 06:03:31 | INFO | my_functions.py:270 | 🖱️ Click OK (En paralelo): deck_666666.png at (235, 547) delay=1s
2026-05-24 06:03:32 | INFO | my_functions.py:248 | [DEBUG] Buscando en paralelo: ['equip.png'] | timeout=3s | confidence=0.95
2026-05-24 06:03:35 | INFO | my_functions.py:282 | [DEBUG] Click skipped, ninguna de las imágenes se encontró en el intento.
2026-05-24 06:03:36 | INFO | my_functions.py:143 | Presionando ESC (1/1)
2026-05-24 06:03:37 | INFO | each_eight_hours.py:166 | Deck selected: 6turns
2026-05-24 06:03:37 | INFO | my_functions.py:248 | [DEBUG] Buscando en paralelo: ['maybe_later.PNG'] | timeout=2s | confidence=0.8
2026-05-24 06:03:39 | INFO | my_functions.py:282 | [DEBUG] Click skipped, ninguna de las imágenes se encontró en el intento.
2026-05-24 06:03:40 | INFO | my_functions.py:248 | [DEBUG] Buscando en paralelo: ['maybe_later2.PNG'] | timeout=0.01s | confidence=0.8
2026-05-24 06:03:40 | INFO | my_functions.py:282 | [DEBUG] Click skipped, ninguna de las imágenes se encontró en el intento.
2026-05-24 06:03:42 | INFO | each_eight_hours.py:221 | Starting game loop 1
2026-05-24 06:03:42 | INFO | my_functions.py:248 | [DEBUG] Buscando en paralelo: ['play.PNG'] | timeout=20s | confidence=0.8
2026-05-24 06:03:45 | INFO | my_functions.py:135 | Haciendo click en la posición (384, 824)
2026-05-24 06:03:45 | INFO | my_functions.py:270 | 🖱️ Click OK (En paralelo): play.PNG at (384, 824) delay=3s
2026-05-24 06:04:16 | INFO | my_functions.py:200 | 
✅ Found: end_turn.PNG pos=(681, 945) time=0.19s confidence=0.8
2026-05-24 06:04:16 | INFO | my_functions.py:248 | [DEBUG] Buscando en paralelo: ['snap.PNG'] | timeout=0s | confidence=0.8
2026-05-24 06:04:17 | INFO | my_functions.py:135 | Haciendo click en la posición (386, 122)
2026-05-24 06:04:17 | INFO | my_functions.py:270 | 🖱️ Click OK (En paralelo): snap.PNG at (386, 122) delay=1s
2026-05-24 06:04:24 | INFO | my_functions.py:135 | Haciendo click en la posición (681, 945)
2026-05-24 06:04:25 | INFO | each_eight_hours.py:237 | End turn executed
2026-05-24 06:04:42 | INFO | my_functions.py:200 | 
✅ Found: end_turn.PNG pos=(681, 945) time=0.16s confidence=0.8
2026-05-24 06:04:42 | INFO | my_functions.py:248 | [DEBUG] Buscando en paralelo: ['snap.PNG'] | timeout=0s | confidence=0.8
2026-05-24 06:04:42 | INFO | my_functions.py:282 | [DEBUG] Click skipped, ninguna de las imágenes se encontró en el intento.
2026-05-24 06:04:49 | INFO | my_functions.py:135 | Haciendo click en la posición (681, 945)
2026-05-24 06:04:50 | INFO | each_eight_hours.py:237 | End turn executed
2026-05-24 06:05:03 | INFO | my_functions.py:200 | 
✅ Found: end_turn.PNG pos=(681, 945) time=0.17s confidence=0.8
2026-05-24 06:05:03 | INFO | my_functions.py:248 | [DEBUG] Buscando en paralelo: ['snap.PNG'] | timeout=0s | confidence=0.8
2026-05-24 06:05:03 | INFO | my_functions.py:282 | [DEBUG] Click skipped, ninguna de las imágenes se encontró en el intento.
2026-05-24 06:05:09 | INFO | my_functions.py:135 | Haciendo click en la posición (681, 945)
2026-05-24 06:05:10 | INFO | each_eight_hours.py:237 | End turn executed
2026-05-24 06:05:20 | INFO | my_functions.py:200 | 
✅ Found: end_turn.PNG pos=(681, 945) time=0.2s confidence=0.8
2026-05-24 06:05:20 | INFO | my_functions.py:248 | [DEBUG] Buscando en paralelo: ['snap.PNG'] | timeout=0s | confidence=0.8
2026-05-24 06:05:20 | INFO | my_functions.py:282 | [DEBUG] Click skipped, ninguna de las imágenes se encontró en el intento.
2026-05-24 06:05:26 | INFO | my_functions.py:135 | Haciendo click en la posición (681, 945)
2026-05-24 06:05:27 | INFO | each_eight_hours.py:237 | End turn executed
2026-05-24 06:05:41 | INFO | my_functions.py:200 | 
✅ Found: end_turn.PNG pos=(681, 945) time=0.18s confidence=0.8
2026-05-24 06:05:41 | INFO | my_functions.py:248 | [DEBUG] Buscando en paralelo: ['snap.PNG'] | timeout=0s | confidence=0.8
2026-05-24 06:05:41 | INFO | my_functions.py:282 | [DEBUG] Click skipped, ninguna de las imágenes se encontró en el intento.
2026-05-24 06:05:47 | INFO | my_functions.py:135 | Haciendo click en la posición (681, 945)
2026-05-24 06:05:48 | INFO | each_eight_hours.py:237 | End turn executed
2026-05-24 06:06:00 | INFO | my_functions.py:200 | 
✅ Found: end_turn.PNG pos=(681, 945) time=0.19s confidence=0.8
2026-05-24 06:06:00 | INFO | my_functions.py:248 | [DEBUG] Buscando en paralelo: ['snap.PNG'] | timeout=0s | confidence=0.8
2026-05-24 06:06:01 | INFO | my_functions.py:282 | [DEBUG] Click skipped, ninguna de las imágenes se encontró en el intento.
2026-05-24 06:06:07 | INFO | my_functions.py:135 | Haciendo click en la posición (681, 945)
2026-05-24 06:06:08 | INFO | each_eight_hours.py:237 | End turn executed
2026-05-24 06:06:40 | INFO | my_functions.py:200 | 
✅ Found: collect_rewards.PNG pos=(680, 957) time=0.22s confidence=0.8
2026-05-24 06:06:40 | INFO | each_eight_hours.py:276 | Rewards detected, exiting match
2026-05-24 06:06:40 | INFO | my_functions.py:248 | [DEBUG] Buscando en paralelo: ['collect_rewards.PNG'] | timeout=20s | confidence=0.8
2026-05-24 06:06:41 | INFO | my_functions.py:135 | Haciendo click en la posición (679, 957)
2026-05-24 06:06:42 | INFO | my_functions.py:270 | 🖱️ Click OK (En paralelo): collect_rewards.PNG at (679, 957) delay=1s
2026-05-24 06:06:43 | INFO | my_functions.py:248 | [DEBUG] Buscando en paralelo: ['next.PNG'] | timeout=20s | confidence=0.8
2026-05-24 06:06:47 | INFO | my_functions.py:135 | Haciendo click en la posición (678, 972)
2026-05-24 06:06:47 | INFO | my_functions.py:270 | 🖱️ Click OK (En paralelo): next.PNG at (678, 972) delay=1s
2026-05-24 06:06:50 | INFO | my_functions.py:330 | AVAILABLE: 6
2026-05-24 06:06:50 | INFO | each_eight_hours.py:343 | Submissions after match: 6
2026-05-24 06:06:50 | INFO | my_functions.py:352 | Misiones completadas: 0
2026-05-24 06:06:50 | INFO | each_eight_hours.py:221 | Starting game loop 2
2026-05-24 06:06:50 | INFO | my_functions.py:248 | [DEBUG] Buscando en paralelo: ['play.PNG'] | timeout=20s | confidence=0.8
2026-05-24 06:06:53 | INFO | my_functions.py:135 | Haciendo click en la posición (384, 824)
2026-05-24 06:06:54 | INFO | my_functions.py:270 | 🖱️ Click OK (En paralelo): play.PNG at (384, 824) delay=3s
2026-05-24 06:07:18 | INFO | my_functions.py:200 | 
✅ Found: end_turn.PNG pos=(681, 945) time=0.19s confidence=0.8
2026-05-24 06:07:18 | INFO | my_functions.py:248 | [DEBUG] Buscando en paralelo: ['snap.PNG'] | timeout=0s | confidence=0.8
2026-05-24 06:07:19 | INFO | my_functions.py:135 | Haciendo click en la posición (386, 123)
2026-05-24 06:07:19 | INFO | my_functions.py:270 | 🖱️ Click OK (En paralelo): snap.PNG at (386, 123) delay=1s
2026-05-24 06:07:25 | INFO | my_functions.py:135 | Haciendo click en la posición (681, 945)
2026-05-24 06:07:26 | INFO | each_eight_hours.py:237 | End turn executed
2026-05-24 06:07:47 | INFO | my_functions.py:200 | 
✅ Found: end_turn.PNG pos=(681, 945) time=0.17s confidence=0.8
2026-05-24 06:07:47 | INFO | my_functions.py:248 | [DEBUG] Buscando en paralelo: ['snap.PNG'] | timeout=0s | confidence=0.8
2026-05-24 06:07:47 | INFO | my_functions.py:282 | [DEBUG] Click skipped, ninguna de las imágenes se encontró en el intento.
2026-05-24 06:07:53 | INFO | my_functions.py:135 | Haciendo click en la posición (681, 945)
2026-05-24 06:07:55 | INFO | each_eight_hours.py:237 | End turn executed
2026-05-24 06:08:06 | INFO | my_functions.py:200 | 
✅ Found: end_turn.PNG pos=(681, 945) time=0.24s confidence=0.8
2026-05-24 06:08:06 | INFO | my_functions.py:248 | [DEBUG] Buscando en paralelo: ['snap.PNG'] | timeout=0s | confidence=0.8
2026-05-24 06:08:06 | INFO | my_functions.py:282 | [DEBUG] Click skipped, ninguna de las imágenes se encontró en el intento.
2026-05-24 06:08:12 | INFO | my_functions.py:135 | Haciendo click en la posición (681, 945)
2026-05-24 06:08:14 | INFO | each_eight_hours.py:237 | End turn executed
2026-05-24 06:08:31 | INFO | my_functions.py:200 | 
✅ Found: end_turn.PNG pos=(681, 945) time=0.24s confidence=0.8
2026-05-24 06:08:31 | INFO | my_functions.py:248 | [DEBUG] Buscando en paralelo: ['snap.PNG'] | timeout=0s | confidence=0.8
2026-05-24 06:08:32 | INFO | my_functions.py:282 | [DEBUG] Click skipped, ninguna de las imágenes se encontró en el intento.
2026-05-24 06:08:38 | INFO | my_functions.py:135 | Haciendo click en la posición (681, 945)
2026-05-24 06:08:39 | INFO | each_eight_hours.py:237 | End turn executed
2026-05-24 06:08:50 | INFO | my_functions.py:200 | 
✅ Found: end_turn.PNG pos=(681, 945) time=0.2s confidence=0.8
2026-05-24 06:08:50 | INFO | my_functions.py:248 | [DEBUG] Buscando en paralelo: ['snap.PNG'] | timeout=0s | confidence=0.8
2026-05-24 06:08:50 | INFO | my_functions.py:282 | [DEBUG] Click skipped, ninguna de las imágenes se encontró en el intento.
2026-05-24 06:08:57 | INFO | my_functions.py:135 | Haciendo click en la posición (681, 945)
2026-05-24 06:08:58 | INFO | each_eight_hours.py:237 | End turn executed
2026-05-24 06:09:11 | INFO | my_functions.py:200 | 
✅ Found: end_turn.PNG pos=(681, 945) time=0.19s confidence=0.8
2026-05-24 06:09:11 | INFO | my_functions.py:248 | [DEBUG] Buscando en paralelo: ['snap.PNG'] | timeout=0s | confidence=0.8
2026-05-24 06:09:12 | INFO | my_functions.py:282 | [DEBUG] Click skipped, ninguna de las imágenes se encontró en el intento.
2026-05-24 06:09:18 | INFO | my_functions.py:135 | Haciendo click en la posición (681, 945)
2026-05-24 06:09:19 | INFO | each_eight_hours.py:237 | End turn executed
2026-05-24 06:09:34 | INFO | my_functions.py:200 | 
✅ Found: collect_rewards.PNG pos=(679, 957) time=0.23s confidence=0.8
2026-05-24 06:09:34 | INFO | each_eight_hours.py:276 | Rewards detected, exiting match
2026-05-24 06:09:34 | INFO | my_functions.py:248 | [DEBUG] Buscando en paralelo: ['collect_rewards.PNG'] | timeout=20s | confidence=0.8
2026-05-24 06:09:35 | INFO | my_functions.py:135 | Haciendo click en la posición (679, 957)
2026-05-24 06:09:36 | INFO | my_functions.py:270 | 🖱️ Click OK (En paralelo): collect_rewards.PNG at (679, 957) delay=1s
2026-05-24 06:09:37 | INFO | my_functions.py:248 | [DEBUG] Buscando en paralelo: ['next.PNG'] | timeout=20s | confidence=0.8
2026-05-24 06:09:40 | INFO | my_functions.py:135 | Haciendo click en la posición (677, 973)
2026-05-24 06:09:40 | INFO | my_functions.py:270 | 🖱️ Click OK (En paralelo): next.PNG at (677, 973) delay=1s
2026-05-24 06:09:43 | INFO | my_functions.py:330 | AVAILABLE: 6
2026-05-24 06:09:43 | INFO | each_eight_hours.py:343 | Submissions after match: 6
2026-05-24 06:09:44 | INFO | my_functions.py:352 | Misiones completadas: 2
2026-05-24 06:09:44 | INFO | each_eight_hours.py:347 | Submission condition met, breaking loop
2026-05-24 06:09:44 | INFO | my_functions.py:248 | [DEBUG] Buscando en paralelo: ['missionsNotify2.png'] | timeout=20s | confidence=0.8
2026-05-24 06:09:47 | INFO | my_functions.py:135 | Haciendo click en la posición (538, 124)
2026-05-24 06:09:47 | INFO | my_functions.py:270 | 🖱️ Click OK (En paralelo): missionsNotify2.png at (538, 124) delay=3s
2026-05-24 06:09:48 | INFO | my_functions.py:1211 | [INFO] Iniciando click_missions_blue2
2026-05-24 06:09:48 | INFO | my_functions.py:135 | Haciendo click en la posición (150, 132)
2026-05-24 06:09:49 | INFO | my_functions.py:1214 | [ACTION] Click hecho en icono de calendario que me dirige a las misiones ordinarias
2026-05-24 06:09:49 | INFO | my_functions.py:170 | Searching bonus_challenge.png (timeout=0s)
2026-05-24 06:09:50 | INFO | my_functions.py:214 | 
⛔ Not found: bonus_challenge.png after 0.0s region=(0, 0, 765, 1038) confidence=0.8
2026-05-24 06:09:52 | INFO | my_functions.py:135 | Haciendo click en la posición (362, 493)
2026-05-24 06:09:53 | INFO | my_functions.py:1227 | [ACTION] Click 1/2 en misión azul
2026-05-24 06:09:53 | INFO | my_functions.py:135 | Haciendo click en la posición (362, 493)
2026-05-24 06:09:54 | INFO | my_functions.py:1227 | [ACTION] Click 2/2 en misión azul
2026-05-24 06:09:55 | INFO | my_functions.py:170 | Searching flechita_mission.PNG (timeout=0s)
2026-05-24 06:09:55 | INFO | my_functions.py:214 | 
⛔ Not found: flechita_mission.PNG after 0.0s region=(0, 0, 765, 1038) confidence=0.8
2026-05-24 06:09:55 | INFO | my_functions.py:248 | [DEBUG] Buscando en paralelo: ['weekly3.PNG'] | timeout=0s | confidence=0.8
2026-05-24 06:09:56 | INFO | my_functions.py:135 | Haciendo click en la posición (485, 266)
2026-05-24 06:09:56 | INFO | my_functions.py:270 | 🖱️ Click OK (En paralelo): weekly3.PNG at (485, 266) delay=0.1s
2026-05-24 06:09:57 | INFO | my_functions.py:248 | [DEBUG] Buscando en paralelo: ['claim!.PNG'] | timeout=0s | confidence=0.8
2026-05-24 06:09:57 | INFO | my_functions.py:135 | Haciendo click en la posición (381, 924)
2026-05-24 06:09:58 | INFO | my_functions.py:270 | 🖱️ Click OK (En paralelo): claim!.PNG at (381, 924) delay=0.2s
2026-05-24 06:09:59 | INFO | my_functions.py:248 | [DEBUG] Buscando en paralelo: ['claim_hover.PNG'] | timeout=0s | confidence=0.8
2026-05-24 06:09:59 | INFO | my_functions.py:135 | Haciendo click en la posición (383, 921)
2026-05-24 06:09:59 | INFO | my_functions.py:270 | 🖱️ Click OK (En paralelo): claim_hover.PNG at (383, 921) delay=0.2s
2026-05-24 06:10:00 | INFO | my_functions.py:248 | [DEBUG] Buscando en paralelo: ['claim!.PNG'] | timeout=0s | confidence=0.8
2026-05-24 06:10:01 | INFO | my_functions.py:282 | [DEBUG] Click skipped, ninguna de las imágenes se encontró en el intento.
2026-05-24 06:10:02 | INFO | my_functions.py:248 | [DEBUG] Buscando en paralelo: ['claim_hover.PNG'] | timeout=0s | confidence=0.8
2026-05-24 06:10:02 | INFO | my_functions.py:135 | Haciendo click en la posición (383, 921)
2026-05-24 06:10:02 | INFO | my_functions.py:270 | 🖱️ Click OK (En paralelo): claim_hover.PNG at (383, 921) delay=0.2s
2026-05-24 06:10:04 | INFO | my_functions.py:248 | [DEBUG] Buscando en paralelo: ['weekly3.PNG'] | timeout=0s | confidence=0.8
2026-05-24 06:10:04 | INFO | my_functions.py:282 | [DEBUG] Click skipped, ninguna de las imágenes se encontró en el intento.
2026-05-24 06:10:05 | INFO | my_functions.py:248 | [DEBUG] Buscando en paralelo: ['weekly3.PNG'] | timeout=0s | confidence=0.8
2026-05-24 06:10:05 | INFO | my_functions.py:282 | [DEBUG] Click skipped, ninguna de las imágenes se encontró en el intento.
2026-05-24 06:10:06 | INFO | my_functions.py:135 | Haciendo click en la posición (557, 64)
2026-05-24 06:10:07 | INFO | my_functions.py:248 | [DEBUG] Buscando en paralelo: ['cards_shop.PNG'] | timeout=20s | confidence=0.8
2026-05-24 06:10:09 | INFO | my_functions.py:135 | Haciendo click en la posición (568, 121)
2026-05-24 06:10:09 | INFO | my_functions.py:270 | 🖱️ Click OK (En paralelo): cards_shop.PNG at (568, 121) delay=1s
2026-05-24 06:10:10 | INFO | my_functions.py:248 | [DEBUG] Buscando en paralelo: ['token_icon.PNG'] | timeout=20s | confidence=0.8
2026-05-24 06:10:13 | INFO | my_functions.py:135 | Haciendo click en la posición (693, 171)
2026-05-24 06:10:13 | INFO | my_functions.py:270 | 🖱️ Click OK (En paralelo): token_icon.PNG at (693, 171) delay=1s
2026-05-24 06:10:16 | INFO | my_functions.py:248 | [DEBUG] Buscando en paralelo: ['claim!_token_3.PNG'] | timeout=4s | confidence=0.8
2026-05-24 06:10:20 | INFO | my_functions.py:282 | [DEBUG] Click skipped, ninguna de las imágenes se encontró en el intento.
2026-05-24 06:10:21 | INFO | my_functions.py:248 | [DEBUG] Buscando en paralelo: ['offers.PNG'] | timeout=0.1s | confidence=0.8
2026-05-24 06:10:23 | INFO | my_functions.py:135 | Haciendo click en la posición (197, 121)
2026-05-24 06:10:23 | INFO | my_functions.py:270 | 🖱️ Click OK (En paralelo): offers.PNG at (197, 121) delay=1s
2026-05-24 06:10:24 | INFO | my_functions.py:248 | [DEBUG] Buscando en paralelo: ['credits_selected.png'] | timeout=0.1s | confidence=0.8
2026-05-24 06:10:24 | INFO | my_functions.py:282 | [DEBUG] Click skipped, ninguna de las imágenes se encontró en el intento.
2026-05-24 06:10:25 | INFO | my_functions.py:248 | [DEBUG] Buscando en paralelo: ['credits.PNG'] | timeout=0.1s | confidence=0.95
2026-05-24 06:10:27 | INFO | my_functions.py:135 | Haciendo click en la posición (442, 172)
2026-05-24 06:10:27 | INFO | my_functions.py:270 | 🖱️ Click OK (En paralelo): credits.PNG at (442, 172) delay=1s
2026-05-24 06:10:29 | INFO | my_functions.py:248 | [DEBUG] Buscando en paralelo: ['claim_25_credits.png'] | timeout=2s | confidence=0.8
2026-05-24 06:10:31 | INFO | my_functions.py:135 | Haciendo click en la posición (236, 328)
2026-05-24 06:10:31 | INFO | my_functions.py:270 | 🖱️ Click OK (En paralelo): claim_25_credits.png at (236, 328) delay=1s
2026-05-24 06:10:32 | INFO | my_functions.py:248 | [DEBUG] Buscando en paralelo: ['cards_shop.PNG'] | timeout=20s | confidence=0.8
2026-05-24 06:10:52 | INFO | my_functions.py:282 | [DEBUG] Click skipped, ninguna de las imágenes se encontró en el intento.
2026-05-24 06:10:53 | INFO | my_functions.py:248 | [DEBUG] Buscando en paralelo: ['offers.PNG'] | timeout=20s | confidence=0.8
2026-05-24 06:11:13 | INFO | my_functions.py:282 | [DEBUG] Click skipped, ninguna de las imágenes se encontró en el intento.
2026-05-24 06:11:15 | INFO | my_functions.py:1111 | [INFO] Iniciando mejora de cartas
2026-05-24 06:11:15 | INFO | my_functions.py:248 | [DEBUG] Buscando en paralelo: ['upgrade_cards_icon.PNG'] | timeout=20s | confidence=0.8
2026-05-24 06:11:35 | INFO | my_functions.py:282 | [DEBUG] Click skipped, ninguna de las imágenes se encontró en el intento.
2026-05-24 06:11:36 | INFO | my_functions.py:1115 | [INFO] Abriendo icono de upgrade_cards
2026-05-24 06:11:37 | INFO | my_functions.py:1121 | [STEP] Mejorando carta 1
2026-05-24 06:11:37 | INFO | my_functions.py:1125 | [ACTION] Click en carta 1
2026-05-24 06:11:38 | INFO | my_functions.py:1130 | [ACTION] Click en botón upgrade
2026-05-24 06:11:45 | INFO | my_functions.py:248 | [DEBUG] Buscando en paralelo: ['you_need_more_credits!.png'] | timeout=3s | confidence=0.8
2026-05-24 06:11:48 | INFO | my_functions.py:282 | [DEBUG] Click skipped, ninguna de las imágenes se encontró en el intento.
2026-05-24 06:11:54 | INFO | my_functions.py:1145 | [ACTION] Click para continuar a stage de nivel de coleccion
2026-05-24 06:11:59 | INFO | my_functions.py:143 | Presionando ESC (1/1)
2026-05-24 06:12:00 | INFO | my_functions.py:1150 | [ACTION] Saliendo de stage nivel de coleccion con ESC
2026-05-24 06:12:01 | INFO | my_functions.py:248 | [DEBUG] Buscando en paralelo: ['upgrade_cards_icon_selected.PNG'] | timeout=0s | confidence=0.8
2026-05-24 06:12:01 | INFO | my_functions.py:282 | [DEBUG] Click skipped, ninguna de las imágenes se encontró en el intento.
2026-05-24 06:12:02 | INFO | my_functions.py:248 | [DEBUG] Buscando en paralelo: ['upgrade_cards_icon.PNG'] | timeout=0s | confidence=0.8
2026-05-24 06:12:02 | INFO | my_functions.py:282 | [DEBUG] Click skipped, ninguna de las imágenes se encontró en el intento.
2026-05-24 06:12:03 | INFO | my_functions.py:248 | [DEBUG] Buscando en paralelo: ['upgrade_cards_icon_selected.PNG'] | timeout=0s | confidence=0.8
2026-05-24 06:12:04 | INFO | my_functions.py:282 | [DEBUG] Click skipped, ninguna de las imágenes se encontró en el intento.
2026-05-24 06:12:05 | INFO | my_functions.py:248 | [DEBUG] Buscando en paralelo: ['upgrade_cards_icon.PNG'] | timeout=0s | confidence=0.8
2026-05-24 06:12:05 | INFO | my_functions.py:282 | [DEBUG] Click skipped, ninguna de las imágenes se encontró en el intento.
2026-05-24 06:12:06 | INFO | my_functions.py:1170 | [INFO] Reabriendo icono de upgrade_cards
2026-05-24 06:12:07 | INFO | my_functions.py:1121 | [STEP] Mejorando carta 2
2026-05-24 06:12:07 | INFO | my_functions.py:1125 | [ACTION] Click en carta 2
2026-05-24 06:12:08 | INFO | my_functions.py:1130 | [ACTION] Click en botón upgrade
2026-05-24 06:12:15 | INFO | my_functions.py:248 | [DEBUG] Buscando en paralelo: ['you_need_more_credits!.png'] | timeout=3s | confidence=0.8
2026-05-24 06:12:19 | INFO | my_functions.py:282 | [DEBUG] Click skipped, ninguna de las imágenes se encontró en el intento.
2026-05-24 06:12:25 | INFO | my_functions.py:1145 | [ACTION] Click para continuar a stage de nivel de coleccion
2026-05-24 06:12:30 | INFO | my_functions.py:143 | Presionando ESC (1/1)
2026-05-24 06:12:30 | INFO | my_functions.py:1150 | [ACTION] Saliendo de stage nivel de coleccion con ESC
2026-05-24 06:12:31 | INFO | my_functions.py:248 | [DEBUG] Buscando en paralelo: ['upgrade_cards_icon_selected.PNG'] | timeout=0s | confidence=0.8
2026-05-24 06:12:32 | INFO | my_functions.py:282 | [DEBUG] Click skipped, ninguna de las imágenes se encontró en el intento.
2026-05-24 06:12:33 | INFO | my_functions.py:248 | [DEBUG] Buscando en paralelo: ['upgrade_cards_icon.PNG'] | timeout=0s | confidence=0.8
2026-05-24 06:12:33 | INFO | my_functions.py:282 | [DEBUG] Click skipped, ninguna de las imágenes se encontró en el intento.
2026-05-24 06:12:34 | INFO | my_functions.py:248 | [DEBUG] Buscando en paralelo: ['upgrade_cards_icon_selected.PNG'] | timeout=0s | confidence=0.8
2026-05-24 06:12:34 | INFO | my_functions.py:282 | [DEBUG] Click skipped, ninguna de las imágenes se encontró en el intento.
2026-05-24 06:12:35 | INFO | my_functions.py:248 | [DEBUG] Buscando en paralelo: ['upgrade_cards_icon.PNG'] | timeout=0s | confidence=0.8
2026-05-24 06:12:36 | INFO | my_functions.py:282 | [DEBUG] Click skipped, ninguna de las imágenes se encontró en el intento.
2026-05-24 06:12:37 | INFO | my_functions.py:1170 | [INFO] Reabriendo icono de upgrade_cards
2026-05-24 06:12:38 | INFO | my_functions.py:1121 | [STEP] Mejorando carta 3
2026-05-24 06:12:38 | INFO | my_functions.py:1125 | [ACTION] Click en carta 3
2026-05-24 06:12:39 | INFO | my_functions.py:1130 | [ACTION] Click en botón upgrade
2026-05-24 06:12:46 | INFO | my_functions.py:248 | [DEBUG] Buscando en paralelo: ['you_need_more_credits!.png'] | timeout=3s | confidence=0.8
2026-05-24 06:12:49 | INFO | my_functions.py:282 | [DEBUG] Click skipped, ninguna de las imágenes se encontró en el intento.
2026-05-24 06:12:55 | INFO | my_functions.py:1145 | [ACTION] Click para continuar a stage de nivel de coleccion
2026-05-24 06:13:00 | INFO | my_functions.py:143 | Presionando ESC (1/1)
2026-05-24 06:13:01 | INFO | my_functions.py:1150 | [ACTION] Saliendo de stage nivel de coleccion con ESC
2026-05-24 06:13:02 | INFO | my_functions.py:1173 | [INFO] Mejora de cartas completada ✅
2026-05-24 06:13:02 | INFO | my_functions.py:143 | Presionando ESC (1/1)
2026-05-24 06:13:03 | INFO | my_functions.py:248 | [DEBUG] Buscando en paralelo: ['nut.png'] | timeout=20s | confidence=0.8
2026-05-24 06:13:23 | INFO | my_functions.py:282 | [DEBUG] Click skipped, ninguna de las imágenes se encontró en el intento.
2026-05-24 06:13:24 | INFO | my_functions.py:248 | [DEBUG] Buscando en paralelo: ['graphics_quality.png'] | timeout=3s | confidence=0.8
2026-05-24 06:13:27 | INFO | my_functions.py:282 | [DEBUG] Click skipped, ninguna de las imágenes se encontró en el intento.
2026-05-24 06:13:29 | INFO | my_functions.py:248 | [DEBUG] Buscando en paralelo: ['sign_out.png'] | timeout=20s | confidence=0.8
2026-05-24 06:13:49 | INFO | my_functions.py:282 | [DEBUG] Click skipped, ninguna de las imágenes se encontró en el intento.
2026-05-24 06:13:51 | INFO | my_functions.py:248 | [DEBUG] Buscando en paralelo: ['sign_out_grande.png'] | timeout=20s | confidence=0.8
2026-05-24 06:14:11 | INFO | my_functions.py:282 | [DEBUG] Click skipped, ninguna de las imágenes se encontró en el intento.
2026-05-24 06:14:12 | INFO | my_functions.py:248 | [DEBUG] Buscando en paralelo: ['sign_out2.png'] | timeout=20s | confidence=0.8
2026-05-24 06:14:32 | INFO | my_functions.py:282 | [DEBUG] Click skipped, ninguna de las imágenes se encontró en el intento.
2026-05-24 06:14:34 | INFO | my_functions.py:1286 | ⏱ Esperando 0.1 segundos antes de empezar...
2026-05-24 06:14:34 | INFO | my_functions.py:1293 | 🔍 Esperando ventana que contenga alguna de: SNAP (máx 20s)
2026-05-24 06:14:34 | INFO | my_functions.py:1305 | ✅ Ventana encontrada: 'SNAP'
2026-05-24 06:14:34 | INFO | my_functions.py:1320 | ✅ Ventana seleccionada: 'SNAP'
2026-05-24 06:14:38 | INFO | my_functions.py:1352 | ✔ Verificación completa. No hubo cambios después del primer ajuste.
2026-05-24 06:14:42 | INFO | each_eight_hours.py:139 | Processing account: overture_vm
2026-05-24 06:14:42 | INFO | each_eight_hours.py:142 | Game relaunched for account
2026-05-24 06:14:42 | INFO | my_functions.py:1286 | ⏱ Esperando 0.1 segundos antes de empezar...
2026-05-24 06:14:42 | INFO | my_functions.py:1293 | 🔍 Esperando ventana que contenga alguna de: ['SNAP'] (máx 20s)
2026-05-24 06:14:46 | INFO | my_functions.py:1305 | ✅ Ventana encontrada: 'SNAP'
2026-05-24 06:14:46 | INFO | my_functions.py:1320 | ✅ Ventana seleccionada: 'SNAP'
2026-05-24 06:14:48 | INFO | my_functions.py:1352 | ✔ Verificación completa. No hubo cambios después del primer ajuste.
2026-05-24 06:14:48 | INFO | my_functions.py:991 | [DEBUG] Resizing SNAP window...
2026-05-24 06:14:48 | INFO | my_functions.py:1286 | ⏱ Esperando 0.1 segundos antes de empezar...
2026-05-24 06:14:48 | INFO | my_functions.py:1293 | 🔍 Esperando ventana que contenga alguna de: ['SNAP'] (máx 20s)
2026-05-24 06:14:48 | INFO | my_functions.py:1305 | ✅ Ventana encontrada: 'SNAP'
2026-05-24 06:14:48 | INFO | my_functions.py:1320 | ✅ Ventana seleccionada: 'SNAP'
2026-05-24 06:14:51 | INFO | my_functions.py:1352 | ✔ Verificación completa. No hubo cambios después del primer ajuste.
2026-05-24 06:14:51 | INFO | my_functions.py:248 | [DEBUG] Buscando en paralelo: ['small_submit.PNG', 'small_submit_hover.png', 'submit_hover_2.png', 'small_submit_hover_2.png'] | timeout=90s | confidence=0.8
2026-05-24 06:16:22 | INFO | my_functions.py:282 | [DEBUG] Click skipped, ninguna de las imágenes se encontró en el intento.
2026-05-24 06:16:23 | INFO | my_functions.py:248 | [DEBUG] Buscando en paralelo: ['small_submit.PNG', 'small_submit_hover.png', 'submit_hover_2.png', 'small_submit_hover_2.png'] | timeout=20s | confidence=0.8
2026-05-24 06:16:44 | INFO | my_functions.py:282 | [DEBUG] Click skipped, ninguna de las imágenes se encontró en el intento.
2026-05-24 06:16:46 | INFO | my_functions.py:1286 | ⏱ Esperando 0.1 segundos antes de empezar...
2026-05-24 06:16:46 | INFO | my_functions.py:1293 | 🔍 Esperando ventana que contenga alguna de: ['SNAP'] (máx 20s)
2026-05-24 06:16:46 | INFO | my_functions.py:1305 | ✅ Ventana encontrada: 'SNAP'
2026-05-24 06:16:46 | INFO | my_functions.py:1320 | ✅ Ventana seleccionada: 'SNAP'
2026-05-24 06:16:49 | INFO | my_functions.py:1352 | ✔ Verificación completa. No hubo cambios después del primer ajuste.
2026-05-24 06:16:49 | INFO | my_functions.py:170 | Searching please_sign.png (timeout=0s)
2026-05-24 06:16:49 | INFO | my_functions.py:214 | 
⛔ Not found: please_sign.png after 0.0s region=(0, 0, 765, 1038) confidence=0.8
2026-05-24 06:16:49 | INFO | my_functions.py:170 | Searching sign_in_with_google2.PNG (timeout=90s)
