2026-06-18 23:49:59 | INFO | each_eight_hours.py:36 | LOG FILE PATH: \\vmware-host\Shared Folders\SHARED FILES VM\MS\logs\each_eight_hours_2026-06-18_23-49-59.log
2026-06-18 23:49:59 | INFO | each_eight_hours.py:37 | Logger initialized
2026-06-18 23:49:59 | INFO | each_eight_hours.py:64 | Script initialized
2026-06-18 23:50:25 | INFO | each_eight_hours.py:105 | snap.exe terminated if it was running
2026-06-18 23:50:25 | INFO | my_functions.py:56 | ⏳ Esperando WebSocket de OBS...
2026-06-18 23:50:25 | INFO | baseclient.py:33 | Connecting with parameters: host='localhost' port=4455 password='' subs=0 timeout=None
2026-06-18 23:50:25 | INFO | reqs.py:23 | Successfully identified ReqClient with the server using RPC version:1
2026-06-18 23:50:25 | INFO | my_functions.py:62 | ✅ Conectado al OBS WebSocket
2026-06-18 23:50:25 | INFO | my_functions.py:78 | ⏹ Grabación ya estaba activa, deteniéndola...
2026-06-18 23:50:25 | INFO | baseclient.py:33 | Connecting with parameters: host='localhost' port=4455 password='' subs=0 timeout=None
2026-06-18 23:50:25 | INFO | reqs.py:23 | Successfully identified ReqClient with the server using RPC version:1
2026-06-18 23:50:25 | INFO | my_functions.py:93 | Record stopped.
2026-06-18 23:50:37 | INFO | my_functions.py:123 | Archivo renombrado a: C:\Users\Farm\Videos\my_functions_2026-06-18_23-50-37.mkv
2026-06-18 23:50:40 | INFO | my_functions.py:83 | 🎬 Nueva grabación iniciada
2026-06-18 23:50:40 | INFO | my_functions.py:1546 | ⏱ Esperando 0.1 segundos antes de empezar...
2026-06-18 23:50:40 | INFO | my_functions.py:1553 | 🔍 Esperando ventana que contenga alguna de: ['py', 'eight_hours'] (máx 20s)
2026-06-18 23:50:40 | INFO | my_functions.py:1565 | ✅ Ventana encontrada: 'each_eight_hours  - Acceso directo'
2026-06-18 23:50:40 | INFO | my_functions.py:1580 | ✅ Ventana seleccionada: 'each_eight_hours  - Acceso directo'
2026-06-18 23:50:42 | INFO | my_functions.py:1603 | 🔁 Reajuste #1...
2026-06-18 23:50:43 | INFO | my_functions.py:1610 | ✔ Verificación completa. Se hicieron 1 reajustes.
2026-06-18 23:50:43 | INFO | each_eight_hours.py:113 | Processing account: jeremy
2026-06-18 23:50:43 | INFO | my_functions.py:1546 | ⏱ Esperando 0.1 segundos antes de empezar...
2026-06-18 23:50:43 | INFO | my_functions.py:1553 | 🔍 Esperando ventana que contenga alguna de: ['SNAP'] (máx 20s)
2026-06-18 23:50:46 | INFO | my_functions.py:1565 | ✅ Ventana encontrada: 'SNAP'
2026-06-18 23:50:46 | INFO | my_functions.py:1580 | ✅ Ventana seleccionada: 'SNAP'
2026-06-18 23:50:48 | INFO | my_functions.py:1603 | 🔁 Reajuste #1...
2026-06-18 23:50:50 | INFO | my_functions.py:1610 | ✔ Verificación completa. Se hicieron 1 reajustes.
2026-06-18 23:50:50 | INFO | my_functions.py:1205 | [DEBUG] Resizing SNAP window...
2026-06-18 23:50:50 | INFO | my_functions.py:1546 | ⏱ Esperando 0.1 segundos antes de empezar...
2026-06-18 23:50:50 | INFO | my_functions.py:1553 | 🔍 Esperando ventana que contenga alguna de: ['SNAP'] (máx 20s)
2026-06-18 23:50:50 | INFO | my_functions.py:1565 | ✅ Ventana encontrada: 'SNAP'
2026-06-18 23:50:50 | INFO | my_functions.py:1580 | ✅ Ventana seleccionada: 'SNAP'
2026-06-18 23:50:53 | INFO | my_functions.py:1612 | ✔ Verificación completa. No hubo cambios después del primer ajuste.
2026-06-18 23:50:53 | INFO | my_functions.py:247 | [DEBUG] Buscando en paralelo: ['small_submit.PNG', 'small_submit_hover.png', 'submit_hover_2.png', 'small_submit_hover_2.png'] | timeout=90s | confidence=0.8
2026-06-18 23:51:01 | INFO | my_functions.py:134 | Haciendo click en la posición (380, 642)
2026-06-18 23:51:01 | INFO | my_functions.py:269 | 🖱️ Click OK (En paralelo): small_submit.PNG at (380, 642) delay=0.2s
2026-06-18 23:51:04 | INFO | my_functions.py:247 | [DEBUG] Buscando en paralelo: ['small_submit.PNG', 'small_submit_hover.png', 'submit_hover_2.png', 'small_submit_hover_2.png'] | timeout=20s | confidence=0.8
2026-06-18 23:51:05 | INFO | my_functions.py:134 | Haciendo click en la posición (380, 721)
2026-06-18 23:51:06 | INFO | my_functions.py:269 | 🖱️ Click OK (En paralelo): small_submit.PNG at (380, 721) delay=0.2s
2026-06-18 23:51:07 | INFO | my_functions.py:1546 | ⏱ Esperando 0.1 segundos antes de empezar...
2026-06-18 23:51:07 | INFO | my_functions.py:1553 | 🔍 Esperando ventana que contenga alguna de: ['SNAP'] (máx 20s)
2026-06-18 23:51:07 | INFO | my_functions.py:1565 | ✅ Ventana encontrada: 'SNAP'
2026-06-18 23:51:07 | INFO | my_functions.py:1580 | ✅ Ventana seleccionada: 'SNAP'
2026-06-18 23:51:09 | INFO | my_functions.py:1603 | 🔁 Reajuste #1...
2026-06-18 23:51:10 | INFO | my_functions.py:1610 | ✔ Verificación completa. Se hicieron 1 reajustes.
2026-06-18 23:51:10 | INFO | my_functions.py:169 | Searching please_sign.png (timeout=0s)
2026-06-18 23:51:10 | INFO | my_functions.py:199 | 
✅ Found: please_sign.png pos=(383, 438) time=0.52s confidence=0.8
2026-06-18 23:51:10 | INFO | my_functions.py:247 | [DEBUG] Buscando en paralelo: ['ok_btn.png'] | timeout=20s | confidence=0.8
2026-06-18 23:51:12 | INFO | my_functions.py:134 | Haciendo click en la posición (382, 634)
2026-06-18 23:51:12 | INFO | my_functions.py:269 | 🖱️ Click OK (En paralelo): ok_btn.png at (382, 634) delay=1s
2026-06-18 23:51:14 | INFO | my_functions.py:247 | [DEBUG] Buscando en paralelo: ['small_submit.PNG', 'small_submit_hover.png', 'submit_hover_2.png', 'small_submit_hover_2.png'] | timeout=30s | confidence=0.8
2026-06-18 23:51:16 | INFO | my_functions.py:134 | Haciendo click en la posición (383, 643)
2026-06-18 23:51:17 | INFO | my_functions.py:269 | 🖱️ Click OK (En paralelo): small_submit_hover_2.png at (383, 643) delay=0.2s
2026-06-18 23:51:18 | INFO | my_functions.py:247 | [DEBUG] Buscando en paralelo: ['small_submit.PNG', 'small_submit_hover.png', 'submit_hover_2.png', 'small_submit_hover_2.png'] | timeout=20s | confidence=0.8
2026-06-18 23:51:19 | INFO | my_functions.py:134 | Haciendo click en la posición (380, 721)
2026-06-18 23:51:19 | INFO | my_functions.py:269 | 🖱️ Click OK (En paralelo): small_submit.PNG at (380, 721) delay=0.2s
2026-06-18 23:51:21 | INFO | my_functions.py:247 | [DEBUG] Buscando en paralelo: ['sign_in_with_google2.PNG'] | timeout=20s | confidence=0.8
2026-06-18 23:51:22 | INFO | my_functions.py:134 | Haciendo click en la posición (406, 957)
2026-06-18 23:51:22 | INFO | my_functions.py:269 | 🖱️ Click OK (En paralelo): sign_in_with_google2.PNG at (406, 957) delay=1s
2026-06-18 23:51:23 | INFO | my_functions.py:169 | Searching pagina_cargada.png (timeout=60s)
2026-06-18 23:51:30 | INFO | my_functions.py:199 | 
✅ Found: pagina_cargada.png pos=(70, 24) time=6.92s confidence=0.8
2026-06-18 23:51:30 | INFO | my_functions.py:247 | [DEBUG] Buscando en paralelo: ['jeremy.png'] | timeout=0s | confidence=0.8
2026-06-18 23:51:32 | INFO | my_functions.py:281 | [DEBUG] Click skipped, ninguna de las imágenes se encontró en el intento.
2026-06-18 23:51:34 | INFO | my_functions.py:247 | [DEBUG] Buscando en paralelo: ['jeremy.png'] | timeout=0s | confidence=0.8
2026-06-18 23:51:38 | INFO | my_functions.py:134 | Haciendo click en la posición (1143, 645)
2026-06-18 23:51:38 | INFO | my_functions.py:269 | 🖱️ Click OK (En paralelo): jeremy.png at (1143, 645) delay=3s
2026-06-18 23:51:40 | INFO | my_functions.py:169 | Searching marvelsnap_web.png (timeout=30s)
2026-06-18 23:51:44 | INFO | my_functions.py:199 | 
✅ Found: marvelsnap_web.png pos=(258, 80) time=4.27s confidence=0.7
2026-06-18 23:51:45 | INFO | my_functions.py:169 | Searching shop_unselected.PNG (timeout=0s)
2026-06-18 23:51:45 | INFO | my_functions.py:213 | 
⛔ Not found: shop_unselected.PNG after 0.0s region=(0, 0, 765, 1038) confidence=0.8
2026-06-18 23:51:45 | INFO | my_functions.py:247 | [DEBUG] Buscando en paralelo: ['super_premium.PNG'] | timeout=0s | confidence=0.8
2026-06-18 23:51:46 | INFO | my_functions.py:281 | [DEBUG] Click skipped, ninguna de las imágenes se encontró en el intento.
2026-06-18 23:51:47 | INFO | my_functions.py:247 | [DEBUG] Buscando en paralelo: ['maybe_later.PNG'] | timeout=0s | confidence=0.8
2026-06-18 23:51:48 | INFO | my_functions.py:281 | [DEBUG] Click skipped, ninguna de las imágenes se encontró en el intento.
2026-06-18 23:51:49 | INFO | my_functions.py:247 | [DEBUG] Buscando en paralelo: ['maybe_later2.PNG'] | timeout=0s | confidence=0.8
2026-06-18 23:51:49 | INFO | my_functions.py:281 | [DEBUG] Click skipped, ninguna de las imágenes se encontró en el intento.
2026-06-18 23:51:51 | INFO | my_functions.py:169 | Searching go_to_shop.PNG (timeout=0s)
2026-06-18 23:51:51 | INFO | my_functions.py:213 | 
⛔ Not found: go_to_shop.PNG after 0.0s region=(0, 0, 765, 1038) confidence=0.8
2026-06-18 23:51:51 | INFO | my_functions.py:247 | [DEBUG] Buscando en paralelo: ['14_days_of_winterverse.PNG'] | timeout=0s | confidence=0.8
2026-06-18 23:51:52 | INFO | my_functions.py:281 | [DEBUG] Click skipped, ninguna de las imágenes se encontró en el intento.
2026-06-18 23:51:53 | INFO | my_functions.py:169 | Searching welcome_back_calendar.PNG (timeout=0s)
2026-06-18 23:51:53 | INFO | my_functions.py:213 | 
⛔ Not found: welcome_back_calendar.PNG after 0.0s region=(0, 0, 765, 1038) confidence=0.8
2026-06-18 23:51:53 | INFO | my_functions.py:247 | [DEBUG] Buscando en paralelo: ['start_the_countdown.PNG'] | timeout=0s | confidence=0.8
2026-06-18 23:51:54 | INFO | my_functions.py:281 | [DEBUG] Click skipped, ninguna de las imágenes se encontró en el intento.
2026-06-18 23:51:55 | INFO | my_functions.py:247 | [DEBUG] Buscando en paralelo: ['event_has_ended_sanctum.PNG'] | timeout=0s | confidence=0.8
2026-06-18 23:51:56 | INFO | my_functions.py:281 | [DEBUG] Click skipped, ninguna de las imágenes se encontró en el intento.
2026-06-18 23:51:57 | INFO | my_functions.py:247 | [DEBUG] Buscando en paralelo: ['event_has_ended_teamclash.PNG'] | timeout=0s | confidence=0.8
2026-06-18 23:51:58 | INFO | my_functions.py:281 | [DEBUG] Click skipped, ninguna de las imágenes se encontró en el intento.
2026-06-18 23:51:59 | INFO | my_functions.py:247 | [DEBUG] Buscando en paralelo: ['image_part_of_event_grand_arena_finished.PNG'] | timeout=0s | confidence=0.8
2026-06-18 23:51:59 | INFO | my_functions.py:281 | [DEBUG] Click skipped, ninguna de las imágenes se encontró en el intento.
2026-06-18 23:52:00 | INFO | my_functions.py:169 | Searching 28_day_event_login_rewards.PNG (timeout=0s)
2026-06-18 23:52:01 | INFO | my_functions.py:213 | 
⛔ Not found: 28_day_event_login_rewards.PNG after 0.0s region=(0, 0, 765, 1038) confidence=0.8
2026-06-18 23:52:01 | INFO | my_functions.py:169 | Searching 7_day_event_login.PNG (timeout=0s)
2026-06-18 23:52:01 | INFO | my_functions.py:213 | 
⛔ Not found: 7_day_event_login.PNG after 0.0s region=(0, 0, 765, 1038) confidence=0.8
2026-06-18 23:52:01 | INFO | my_functions.py:169 | Searching 14_days_event.PNG (timeout=0s)
2026-06-18 23:52:02 | INFO | my_functions.py:213 | 
⛔ Not found: 14_days_event.PNG after 0.0s region=(0, 0, 765, 1038) confidence=0.8
2026-06-18 23:52:02 | INFO | my_functions.py:247 | [DEBUG] Buscando en paralelo: ['lets_go.PNG'] | timeout=0s | confidence=0.8
2026-06-18 23:52:02 | INFO | my_functions.py:281 | [DEBUG] Click skipped, ninguna de las imágenes se encontró en el intento.
2026-06-18 23:52:05 | INFO | my_functions.py:169 | Searching shop_unselected.PNG (timeout=0s)
2026-06-18 23:52:05 | INFO | my_functions.py:199 | 
✅ Found: shop_unselected.PNG pos=(88, 961) time=0.88s confidence=0.8
2026-06-18 23:52:13 | INFO | my_functions.py:169 | Searching shop_unselected.PNG (timeout=0s)
2026-06-18 23:52:14 | INFO | my_functions.py:199 | 
✅ Found: shop_unselected.PNG pos=(88, 961) time=0.75s confidence=0.8
2026-06-18 23:52:14 | INFO | my_functions.py:714 | Ya esta listo
2026-06-18 23:52:18 | INFO | my_functions.py:533 | AVAILABLE: 3
2026-06-18 23:52:18 | INFO | my_functions.py:247 | [DEBUG] Buscando en paralelo: ['nut.png'] | timeout=20s | confidence=0.8
2026-06-18 23:52:20 | INFO | my_functions.py:134 | Haciendo click en la posición (184, 78)
2026-06-18 23:52:20 | INFO | my_functions.py:269 | 🖱️ Click OK (En paralelo): nut.png at (184, 78) delay=1s
2026-06-18 23:52:22 | INFO | my_functions.py:247 | [DEBUG] Buscando en paralelo: ['graphics_quality.png'] | timeout=3s | confidence=0.8
2026-06-18 23:52:23 | INFO | my_functions.py:134 | Haciendo click en la posición (304, 644)
2026-06-18 23:52:23 | INFO | my_functions.py:269 | 🖱️ Click OK (En paralelo): graphics_quality.png at (304, 644) delay=1s
2026-06-18 23:52:25 | INFO | my_functions.py:247 | [DEBUG] Buscando en paralelo: ['sign_out.png'] | timeout=20s | confidence=0.8
2026-06-18 23:52:27 | INFO | my_functions.py:134 | Haciendo click en la posición (380, 796)
2026-06-18 23:52:27 | INFO | my_functions.py:269 | 🖱️ Click OK (En paralelo): sign_out.png at (380, 796) delay=1s
2026-06-18 23:52:29 | INFO | my_functions.py:247 | [DEBUG] Buscando en paralelo: ['sign_out_grande.png'] | timeout=20s | confidence=0.8
2026-06-18 23:52:31 | INFO | my_functions.py:134 | Haciendo click en la posición (359, 437)
2026-06-18 23:52:31 | INFO | my_functions.py:269 | 🖱️ Click OK (En paralelo): sign_out_grande.png at (359, 437) delay=1s
2026-06-18 23:52:32 | INFO | my_functions.py:247 | [DEBUG] Buscando en paralelo: ['sign_out2.png'] | timeout=20s | confidence=0.8
2026-06-18 23:52:34 | INFO | my_functions.py:134 | Haciendo click en la posición (383, 634)
2026-06-18 23:52:34 | INFO | my_functions.py:269 | 🖱️ Click OK (En paralelo): sign_out2.png at (383, 634) delay=1s
2026-06-18 23:52:35 | INFO | my_functions.py:1546 | ⏱ Esperando 0.1 segundos antes de empezar...
2026-06-18 23:52:35 | INFO | my_functions.py:1553 | 🔍 Esperando ventana que contenga alguna de: SNAP (máx 20s)
2026-06-18 23:52:35 | INFO | my_functions.py:1565 | ✅ Ventana encontrada: 'SNAP'
2026-06-18 23:52:35 | INFO | my_functions.py:1580 | ✅ Ventana seleccionada: 'SNAP'
2026-06-18 23:52:37 | INFO | my_functions.py:1603 | 🔁 Reajuste #1...
2026-06-18 23:52:39 | INFO | my_functions.py:1610 | ✔ Verificación completa. Se hicieron 1 reajustes.
2026-06-18 23:52:43 | INFO | each_eight_hours.py:113 | Processing account: john
2026-06-18 23:52:44 | INFO | my_functions.py:1546 | ⏱ Esperando 0.1 segundos antes de empezar...
2026-06-18 23:52:44 | INFO | my_functions.py:1553 | 🔍 Esperando ventana que contenga alguna de: ['SNAP'] (máx 20s)
2026-06-18 23:52:46 | INFO | my_functions.py:1565 | ✅ Ventana encontrada: 'SNAP'
2026-06-18 23:52:46 | INFO | my_functions.py:1580 | ✅ Ventana seleccionada: 'SNAP'
2026-06-18 23:52:48 | INFO | my_functions.py:1612 | ✔ Verificación completa. No hubo cambios después del primer ajuste.
2026-06-18 23:52:48 | INFO | my_functions.py:1205 | [DEBUG] Resizing SNAP window...
2026-06-18 23:52:48 | INFO | my_functions.py:1546 | ⏱ Esperando 0.1 segundos antes de empezar...
2026-06-18 23:52:48 | INFO | my_functions.py:1553 | 🔍 Esperando ventana que contenga alguna de: ['SNAP'] (máx 20s)
2026-06-18 23:52:48 | INFO | my_functions.py:1565 | ✅ Ventana encontrada: 'SNAP'
2026-06-18 23:52:48 | INFO | my_functions.py:1580 | ✅ Ventana seleccionada: 'SNAP'
2026-06-18 23:52:51 | INFO | my_functions.py:1612 | ✔ Verificación completa. No hubo cambios después del primer ajuste.
2026-06-18 23:52:51 | INFO | my_functions.py:247 | [DEBUG] Buscando en paralelo: ['small_submit.PNG', 'small_submit_hover.png', 'submit_hover_2.png', 'small_submit_hover_2.png'] | timeout=90s | confidence=0.8
2026-06-18 23:52:59 | INFO | my_functions.py:134 | Haciendo click en la posición (380, 642)
2026-06-18 23:52:59 | INFO | my_functions.py:269 | 🖱️ Click OK (En paralelo): small_submit.PNG at (380, 642) delay=0.2s
2026-06-18 23:53:02 | INFO | my_functions.py:247 | [DEBUG] Buscando en paralelo: ['small_submit.PNG', 'small_submit_hover.png', 'submit_hover_2.png', 'small_submit_hover_2.png'] | timeout=20s | confidence=0.8
2026-06-18 23:53:04 | INFO | my_functions.py:134 | Haciendo click en la posición (380, 721)
2026-06-18 23:53:04 | INFO | my_functions.py:269 | 🖱️ Click OK (En paralelo): small_submit.PNG at (380, 721) delay=0.2s
2026-06-18 23:53:05 | INFO | my_functions.py:1546 | ⏱ Esperando 0.1 segundos antes de empezar...
2026-06-18 23:53:05 | INFO | my_functions.py:1553 | 🔍 Esperando ventana que contenga alguna de: ['SNAP'] (máx 20s)
2026-06-18 23:53:05 | INFO | my_functions.py:1565 | ✅ Ventana encontrada: 'SNAP'
2026-06-18 23:53:05 | INFO | my_functions.py:1580 | ✅ Ventana seleccionada: 'SNAP'
2026-06-18 23:53:07 | INFO | my_functions.py:1603 | 🔁 Reajuste #1...
2026-06-18 23:53:08 | INFO | my_functions.py:1610 | ✔ Verificación completa. Se hicieron 1 reajustes.
2026-06-18 23:53:08 | INFO | my_functions.py:169 | Searching please_sign.png (timeout=0s)
2026-06-18 23:53:09 | INFO | my_functions.py:199 | 
✅ Found: please_sign.png pos=(383, 438) time=0.47s confidence=0.8
2026-06-18 23:53:09 | INFO | my_functions.py:247 | [DEBUG] Buscando en paralelo: ['ok_btn.png'] | timeout=20s | confidence=0.8
2026-06-18 23:53:10 | INFO | my_functions.py:134 | Haciendo click en la posición (382, 634)
2026-06-18 23:53:11 | INFO | my_functions.py:269 | 🖱️ Click OK (En paralelo): ok_btn.png at (382, 634) delay=1s
2026-06-18 23:53:12 | INFO | my_functions.py:247 | [DEBUG] Buscando en paralelo: ['small_submit.PNG', 'small_submit_hover.png', 'submit_hover_2.png', 'small_submit_hover_2.png'] | timeout=30s | confidence=0.8
2026-06-18 23:53:15 | INFO | my_functions.py:134 | Haciendo click en la posición (383, 643)
2026-06-18 23:53:15 | INFO | my_functions.py:269 | 🖱️ Click OK (En paralelo): small_submit_hover_2.png at (383, 643) delay=0.2s
2026-06-18 23:53:16 | INFO | my_functions.py:247 | [DEBUG] Buscando en paralelo: ['small_submit.PNG', 'small_submit_hover.png', 'submit_hover_2.png', 'small_submit_hover_2.png'] | timeout=20s | confidence=0.8
2026-06-18 23:53:18 | INFO | my_functions.py:134 | Haciendo click en la posición (380, 721)
2026-06-18 23:53:18 | INFO | my_functions.py:269 | 🖱️ Click OK (En paralelo): small_submit.PNG at (380, 721) delay=0.2s
2026-06-18 23:53:19 | INFO | my_functions.py:247 | [DEBUG] Buscando en paralelo: ['sign_in_with_google2.PNG'] | timeout=20s | confidence=0.8
2026-06-18 23:53:20 | INFO | my_functions.py:134 | Haciendo click en la posición (406, 957)
2026-06-18 23:53:21 | INFO | my_functions.py:269 | 🖱️ Click OK (En paralelo): sign_in_with_google2.PNG at (406, 957) delay=1s
2026-06-18 23:53:22 | INFO | my_functions.py:169 | Searching pagina_cargada.png (timeout=60s)
2026-06-18 23:53:27 | INFO | my_functions.py:199 | 
✅ Found: pagina_cargada.png pos=(70, 24) time=5.18s confidence=0.8
2026-06-18 23:53:27 | INFO | my_functions.py:247 | [DEBUG] Buscando en paralelo: ['john.png'] | timeout=0s | confidence=0.8
2026-06-18 23:53:31 | INFO | my_functions.py:134 | Haciendo click en la posición (1143, 619)
2026-06-18 23:53:31 | INFO | my_functions.py:269 | 🖱️ Click OK (En paralelo): john.png at (1143, 619) delay=3s
2026-06-18 23:53:32 | INFO | my_functions.py:169 | Searching marvelsnap_web.png (timeout=30s)
2026-06-18 23:53:36 | INFO | my_functions.py:199 | 
✅ Found: marvelsnap_web.png pos=(258, 80) time=3.78s confidence=0.7
2026-06-18 23:53:36 | INFO | my_functions.py:169 | Searching shop_unselected.PNG (timeout=0s)
2026-06-18 23:53:37 | INFO | my_functions.py:213 | 
⛔ Not found: shop_unselected.PNG after 0.0s region=(0, 0, 765, 1038) confidence=0.8
2026-06-18 23:53:37 | INFO | my_functions.py:247 | [DEBUG] Buscando en paralelo: ['super_premium.PNG'] | timeout=0s | confidence=0.8
2026-06-18 23:53:38 | INFO | my_functions.py:281 | [DEBUG] Click skipped, ninguna de las imágenes se encontró en el intento.
2026-06-18 23:53:39 | INFO | my_functions.py:247 | [DEBUG] Buscando en paralelo: ['maybe_later.PNG'] | timeout=0s | confidence=0.8
2026-06-18 23:53:39 | INFO | my_functions.py:281 | [DEBUG] Click skipped, ninguna de las imágenes se encontró en el intento.
2026-06-18 23:53:40 | INFO | my_functions.py:247 | [DEBUG] Buscando en paralelo: ['maybe_later2.PNG'] | timeout=0s | confidence=0.8
2026-06-18 23:53:41 | INFO | my_functions.py:281 | [DEBUG] Click skipped, ninguna de las imágenes se encontró en el intento.
2026-06-18 23:53:42 | INFO | my_functions.py:169 | Searching go_to_shop.PNG (timeout=0s)
2026-06-18 23:53:43 | INFO | my_functions.py:213 | 
⛔ Not found: go_to_shop.PNG after 0.0s region=(0, 0, 765, 1038) confidence=0.8
2026-06-18 23:53:43 | INFO | my_functions.py:247 | [DEBUG] Buscando en paralelo: ['14_days_of_winterverse.PNG'] | timeout=0s | confidence=0.8
2026-06-18 23:53:44 | INFO | my_functions.py:281 | [DEBUG] Click skipped, ninguna de las imágenes se encontró en el intento.
2026-06-18 23:53:45 | INFO | my_functions.py:169 | Searching welcome_back_calendar.PNG (timeout=0s)
2026-06-18 23:53:45 | INFO | my_functions.py:213 | 
⛔ Not found: welcome_back_calendar.PNG after 0.0s region=(0, 0, 765, 1038) confidence=0.8
2026-06-18 23:53:45 | INFO | my_functions.py:247 | [DEBUG] Buscando en paralelo: ['start_the_countdown.PNG'] | timeout=0s | confidence=0.8
2026-06-18 23:53:46 | INFO | my_functions.py:281 | [DEBUG] Click skipped, ninguna de las imágenes se encontró en el intento.
2026-06-18 23:53:47 | INFO | my_functions.py:247 | [DEBUG] Buscando en paralelo: ['event_has_ended_sanctum.PNG'] | timeout=0s | confidence=0.8
2026-06-18 23:53:47 | INFO | my_functions.py:281 | [DEBUG] Click skipped, ninguna de las imágenes se encontró en el intento.
2026-06-18 23:53:48 | INFO | my_functions.py:247 | [DEBUG] Buscando en paralelo: ['event_has_ended_teamclash.PNG'] | timeout=0s | confidence=0.8
2026-06-18 23:53:49 | INFO | my_functions.py:281 | [DEBUG] Click skipped, ninguna de las imágenes se encontró en el intento.
2026-06-18 23:53:50 | INFO | my_functions.py:247 | [DEBUG] Buscando en paralelo: ['image_part_of_event_grand_arena_finished.PNG'] | timeout=0s | confidence=0.8
2026-06-18 23:53:51 | INFO | my_functions.py:281 | [DEBUG] Click skipped, ninguna de las imágenes se encontró en el intento.
2026-06-18 23:53:52 | INFO | my_functions.py:169 | Searching 28_day_event_login_rewards.PNG (timeout=0s)
2026-06-18 23:53:52 | INFO | my_functions.py:213 | 
⛔ Not found: 28_day_event_login_rewards.PNG after 0.0s region=(0, 0, 765, 1038) confidence=0.8
2026-06-18 23:53:52 | INFO | my_functions.py:169 | Searching 7_day_event_login.PNG (timeout=0s)
2026-06-18 23:53:53 | INFO | my_functions.py:213 | 
⛔ Not found: 7_day_event_login.PNG after 0.0s region=(0, 0, 765, 1038) confidence=0.8
2026-06-18 23:53:53 | INFO | my_functions.py:169 | Searching 14_days_event.PNG (timeout=0s)
2026-06-18 23:53:53 | INFO | my_functions.py:213 | 
⛔ Not found: 14_days_event.PNG after 0.0s region=(0, 0, 765, 1038) confidence=0.8
2026-06-18 23:53:53 | INFO | my_functions.py:247 | [DEBUG] Buscando en paralelo: ['lets_go.PNG'] | timeout=0s | confidence=0.8
2026-06-18 23:53:54 | INFO | my_functions.py:281 | [DEBUG] Click skipped, ninguna de las imágenes se encontró en el intento.
2026-06-18 23:53:56 | INFO | my_functions.py:169 | Searching shop_unselected.PNG (timeout=0s)
2026-06-18 23:53:57 | INFO | my_functions.py:199 | 
✅ Found: shop_unselected.PNG pos=(88, 961) time=0.74s confidence=0.8
2026-06-18 23:54:05 | INFO | my_functions.py:169 | Searching shop_unselected.PNG (timeout=0s)
2026-06-18 23:54:05 | INFO | my_functions.py:199 | 
✅ Found: shop_unselected.PNG pos=(88, 961) time=0.75s confidence=0.8
2026-06-18 23:54:05 | INFO | my_functions.py:714 | Ya esta listo
2026-06-18 23:54:10 | INFO | my_functions.py:533 | AVAILABLE: 4
2026-06-18 23:54:10 | INFO | my_functions.py:247 | [DEBUG] Buscando en paralelo: ['nut.png'] | timeout=20s | confidence=0.8
2026-06-18 23:54:11 | INFO | my_functions.py:134 | Haciendo click en la posición (184, 78)
2026-06-18 23:54:12 | INFO | my_functions.py:269 | 🖱️ Click OK (En paralelo): nut.png at (184, 78) delay=1s
2026-06-18 23:54:13 | INFO | my_functions.py:247 | [DEBUG] Buscando en paralelo: ['graphics_quality.png'] | timeout=3s | confidence=0.8
2026-06-18 23:54:14 | INFO | my_functions.py:134 | Haciendo click en la posición (304, 644)
2026-06-18 23:54:14 | INFO | my_functions.py:269 | 🖱️ Click OK (En paralelo): graphics_quality.png at (304, 644) delay=1s
2026-06-18 23:54:17 | INFO | my_functions.py:247 | [DEBUG] Buscando en paralelo: ['sign_out.png'] | timeout=20s | confidence=0.8
2026-06-18 23:54:18 | INFO | my_functions.py:134 | Haciendo click en la posición (380, 796)
2026-06-18 23:54:19 | INFO | my_functions.py:269 | 🖱️ Click OK (En paralelo): sign_out.png at (380, 796) delay=1s
2026-06-18 23:54:21 | INFO | my_functions.py:247 | [DEBUG] Buscando en paralelo: ['sign_out_grande.png'] | timeout=20s | confidence=0.8
2026-06-18 23:54:22 | INFO | my_functions.py:134 | Haciendo click en la posición (359, 437)
2026-06-18 23:54:22 | INFO | my_functions.py:269 | 🖱️ Click OK (En paralelo): sign_out_grande.png at (359, 437) delay=1s
2026-06-18 23:54:23 | INFO | my_functions.py:247 | [DEBUG] Buscando en paralelo: ['sign_out2.png'] | timeout=20s | confidence=0.8
2026-06-18 23:54:25 | INFO | my_functions.py:134 | Haciendo click en la posición (383, 634)
2026-06-18 23:54:25 | INFO | my_functions.py:269 | 🖱️ Click OK (En paralelo): sign_out2.png at (383, 634) delay=1s
2026-06-18 23:54:26 | INFO | my_functions.py:1546 | ⏱ Esperando 0.1 segundos antes de empezar...
2026-06-18 23:54:27 | INFO | my_functions.py:1553 | 🔍 Esperando ventana que contenga alguna de: SNAP (máx 20s)
2026-06-18 23:54:27 | INFO | my_functions.py:1565 | ✅ Ventana encontrada: 'SNAP'
2026-06-18 23:54:27 | INFO | my_functions.py:1580 | ✅ Ventana seleccionada: 'SNAP'
2026-06-18 23:54:29 | INFO | my_functions.py:1603 | 🔁 Reajuste #1...
2026-06-18 23:54:31 | INFO | my_functions.py:1610 | ✔ Verificación completa. Se hicieron 1 reajustes.
2026-06-18 23:54:35 | INFO | each_eight_hours.py:113 | Processing account: robert
2026-06-18 23:54:35 | INFO | my_functions.py:1546 | ⏱ Esperando 0.1 segundos antes de empezar...
2026-06-18 23:54:35 | INFO | my_functions.py:1553 | 🔍 Esperando ventana que contenga alguna de: ['SNAP'] (máx 20s)
2026-06-18 23:54:37 | INFO | my_functions.py:1565 | ✅ Ventana encontrada: 'SNAP'
2026-06-18 23:54:37 | INFO | my_functions.py:1580 | ✅ Ventana seleccionada: 'SNAP'
2026-06-18 23:54:40 | INFO | my_functions.py:1612 | ✔ Verificación completa. No hubo cambios después del primer ajuste.
2026-06-18 23:54:40 | INFO | my_functions.py:1205 | [DEBUG] Resizing SNAP window...
2026-06-18 23:54:40 | INFO | my_functions.py:1546 | ⏱ Esperando 0.1 segundos antes de empezar...
2026-06-18 23:54:40 | INFO | my_functions.py:1553 | 🔍 Esperando ventana que contenga alguna de: ['SNAP'] (máx 20s)
2026-06-18 23:54:40 | INFO | my_functions.py:1565 | ✅ Ventana encontrada: 'SNAP'
2026-06-18 23:54:40 | INFO | my_functions.py:1580 | ✅ Ventana seleccionada: 'SNAP'
2026-06-18 23:54:43 | INFO | my_functions.py:1612 | ✔ Verificación completa. No hubo cambios después del primer ajuste.
2026-06-18 23:54:43 | INFO | my_functions.py:247 | [DEBUG] Buscando en paralelo: ['small_submit.PNG', 'small_submit_hover.png', 'submit_hover_2.png', 'small_submit_hover_2.png'] | timeout=90s | confidence=0.8
2026-06-18 23:54:51 | INFO | my_functions.py:134 | Haciendo click en la posición (380, 642)
2026-06-18 23:54:51 | INFO | my_functions.py:269 | 🖱️ Click OK (En paralelo): small_submit.PNG at (380, 642) delay=0.2s
2026-06-18 23:54:54 | INFO | my_functions.py:247 | [DEBUG] Buscando en paralelo: ['small_submit.PNG', 'small_submit_hover.png', 'submit_hover_2.png', 'small_submit_hover_2.png'] | timeout=20s | confidence=0.8
2026-06-18 23:54:55 | INFO | my_functions.py:134 | Haciendo click en la posición (380, 721)
2026-06-18 23:54:56 | INFO | my_functions.py:269 | 🖱️ Click OK (En paralelo): small_submit.PNG at (380, 721) delay=0.2s
2026-06-18 23:54:57 | INFO | my_functions.py:1546 | ⏱ Esperando 0.1 segundos antes de empezar...
2026-06-18 23:54:57 | INFO | my_functions.py:1553 | 🔍 Esperando ventana que contenga alguna de: ['SNAP'] (máx 20s)
2026-06-18 23:54:57 | INFO | my_functions.py:1565 | ✅ Ventana encontrada: 'SNAP'
2026-06-18 23:54:57 | INFO | my_functions.py:1580 | ✅ Ventana seleccionada: 'SNAP'
2026-06-18 23:54:59 | INFO | my_functions.py:1603 | 🔁 Reajuste #1...
2026-06-18 23:55:00 | INFO | my_functions.py:1610 | ✔ Verificación completa. Se hicieron 1 reajustes.
2026-06-18 23:55:00 | INFO | my_functions.py:169 | Searching please_sign.png (timeout=0s)
2026-06-18 23:55:00 | INFO | my_functions.py:199 | 
✅ Found: please_sign.png pos=(383, 438) time=0.49s confidence=0.8
2026-06-18 23:55:00 | INFO | my_functions.py:247 | [DEBUG] Buscando en paralelo: ['ok_btn.png'] | timeout=20s | confidence=0.8
2026-06-18 23:55:02 | INFO | my_functions.py:134 | Haciendo click en la posición (382, 634)
2026-06-18 23:55:02 | INFO | my_functions.py:269 | 🖱️ Click OK (En paralelo): ok_btn.png at (382, 634) delay=1s
2026-06-18 23:55:03 | INFO | my_functions.py:247 | [DEBUG] Buscando en paralelo: ['small_submit.PNG', 'small_submit_hover.png', 'submit_hover_2.png', 'small_submit_hover_2.png'] | timeout=30s | confidence=0.8
2026-06-18 23:55:06 | INFO | my_functions.py:134 | Haciendo click en la posición (383, 643)
2026-06-18 23:55:07 | INFO | my_functions.py:269 | 🖱️ Click OK (En paralelo): small_submit_hover_2.png at (383, 643) delay=0.2s
2026-06-18 23:55:08 | INFO | my_functions.py:247 | [DEBUG] Buscando en paralelo: ['small_submit.PNG', 'small_submit_hover.png', 'submit_hover_2.png', 'small_submit_hover_2.png'] | timeout=20s | confidence=0.8
2026-06-18 23:55:09 | INFO | my_functions.py:134 | Haciendo click en la posición (380, 721)
2026-06-18 23:55:09 | INFO | my_functions.py:269 | 🖱️ Click OK (En paralelo): small_submit.PNG at (380, 721) delay=0.2s
2026-06-18 23:55:11 | INFO | my_functions.py:247 | [DEBUG] Buscando en paralelo: ['sign_in_with_google2.PNG'] | timeout=20s | confidence=0.8
2026-06-18 23:55:12 | INFO | my_functions.py:134 | Haciendo click en la posición (406, 957)
2026-06-18 23:55:12 | INFO | my_functions.py:269 | 🖱️ Click OK (En paralelo): sign_in_with_google2.PNG at (406, 957) delay=1s
2026-06-18 23:55:13 | INFO | my_functions.py:169 | Searching pagina_cargada.png (timeout=60s)
2026-06-18 23:55:18 | INFO | my_functions.py:199 | 
✅ Found: pagina_cargada.png pos=(70, 24) time=4.17s confidence=0.8
2026-06-18 23:55:18 | INFO | my_functions.py:247 | [DEBUG] Buscando en paralelo: ['robert.png'] | timeout=0s | confidence=0.8
2026-06-18 23:55:22 | INFO | my_functions.py:134 | Haciendo click en la posición (1152, 794)
2026-06-18 23:55:22 | INFO | my_functions.py:269 | 🖱️ Click OK (En paralelo): robert.png at (1152, 794) delay=3s
2026-06-18 23:55:23 | INFO | my_functions.py:169 | Searching marvelsnap_web.png (timeout=30s)
2026-06-18 23:55:27 | INFO | my_functions.py:199 | 
✅ Found: marvelsnap_web.png pos=(258, 80) time=3.84s confidence=0.7
2026-06-18 23:55:27 | INFO | my_functions.py:169 | Searching shop_unselected.PNG (timeout=0s)
2026-06-18 23:55:28 | INFO | my_functions.py:213 | 
⛔ Not found: shop_unselected.PNG after 0.0s region=(0, 0, 765, 1038) confidence=0.8
2026-06-18 23:55:28 | INFO | my_functions.py:247 | [DEBUG] Buscando en paralelo: ['super_premium.PNG'] | timeout=0s | confidence=0.8
2026-06-18 23:55:28 | INFO | my_functions.py:281 | [DEBUG] Click skipped, ninguna de las imágenes se encontró en el intento.
2026-06-18 23:55:29 | INFO | my_functions.py:247 | [DEBUG] Buscando en paralelo: ['maybe_later.PNG'] | timeout=0s | confidence=0.8
2026-06-18 23:55:30 | INFO | my_functions.py:281 | [DEBUG] Click skipped, ninguna de las imágenes se encontró en el intento.
2026-06-18 23:55:31 | INFO | my_functions.py:247 | [DEBUG] Buscando en paralelo: ['maybe_later2.PNG'] | timeout=0s | confidence=0.8
2026-06-18 23:55:32 | INFO | my_functions.py:281 | [DEBUG] Click skipped, ninguna de las imágenes se encontró en el intento.
2026-06-18 23:55:33 | INFO | my_functions.py:169 | Searching go_to_shop.PNG (timeout=0s)
2026-06-18 23:55:34 | INFO | my_functions.py:213 | 
⛔ Not found: go_to_shop.PNG after 0.0s region=(0, 0, 765, 1038) confidence=0.8
2026-06-18 23:55:34 | INFO | my_functions.py:247 | [DEBUG] Buscando en paralelo: ['14_days_of_winterverse.PNG'] | timeout=0s | confidence=0.8
2026-06-18 23:55:34 | INFO | my_functions.py:281 | [DEBUG] Click skipped, ninguna de las imágenes se encontró en el intento.
2026-06-18 23:55:35 | INFO | my_functions.py:169 | Searching welcome_back_calendar.PNG (timeout=0s)
2026-06-18 23:55:36 | INFO | my_functions.py:213 | 
⛔ Not found: welcome_back_calendar.PNG after 0.0s region=(0, 0, 765, 1038) confidence=0.8
2026-06-18 23:55:36 | INFO | my_functions.py:247 | [DEBUG] Buscando en paralelo: ['start_the_countdown.PNG'] | timeout=0s | confidence=0.8
2026-06-18 23:55:36 | INFO | my_functions.py:281 | [DEBUG] Click skipped, ninguna de las imágenes se encontró en el intento.
2026-06-18 23:55:38 | INFO | my_functions.py:247 | [DEBUG] Buscando en paralelo: ['event_has_ended_sanctum.PNG'] | timeout=0s | confidence=0.8
2026-06-18 23:55:38 | INFO | my_functions.py:281 | [DEBUG] Click skipped, ninguna de las imágenes se encontró en el intento.
2026-06-18 23:55:39 | INFO | my_functions.py:247 | [DEBUG] Buscando en paralelo: ['event_has_ended_teamclash.PNG'] | timeout=0s | confidence=0.8
2026-06-18 23:55:40 | INFO | my_functions.py:281 | [DEBUG] Click skipped, ninguna de las imágenes se encontró en el intento.
2026-06-18 23:55:41 | INFO | my_functions.py:247 | [DEBUG] Buscando en paralelo: ['image_part_of_event_grand_arena_finished.PNG'] | timeout=0s | confidence=0.8
2026-06-18 23:55:42 | INFO | my_functions.py:281 | [DEBUG] Click skipped, ninguna de las imágenes se encontró en el intento.
2026-06-18 23:55:43 | INFO | my_functions.py:169 | Searching 28_day_event_login_rewards.PNG (timeout=0s)
2026-06-18 23:55:43 | INFO | my_functions.py:213 | 
⛔ Not found: 28_day_event_login_rewards.PNG after 0.0s region=(0, 0, 765, 1038) confidence=0.8
2026-06-18 23:55:43 | INFO | my_functions.py:169 | Searching 7_day_event_login.PNG (timeout=0s)
2026-06-18 23:55:44 | INFO | my_functions.py:213 | 
⛔ Not found: 7_day_event_login.PNG after 0.0s region=(0, 0, 765, 1038) confidence=0.8
2026-06-18 23:55:44 | INFO | my_functions.py:169 | Searching 14_days_event.PNG (timeout=0s)
2026-06-18 23:55:44 | INFO | my_functions.py:213 | 
⛔ Not found: 14_days_event.PNG after 0.01s region=(0, 0, 765, 1038) confidence=0.8
2026-06-18 23:55:44 | INFO | my_functions.py:247 | [DEBUG] Buscando en paralelo: ['lets_go.PNG'] | timeout=0s | confidence=0.8
2026-06-18 23:55:45 | INFO | my_functions.py:281 | [DEBUG] Click skipped, ninguna de las imágenes se encontró en el intento.
2026-06-18 23:55:47 | INFO | my_functions.py:169 | Searching shop_unselected.PNG (timeout=0s)
2026-06-18 23:55:48 | INFO | my_functions.py:213 | 
⛔ Not found: shop_unselected.PNG after 0.0s region=(0, 0, 765, 1038) confidence=0.8
2026-06-18 23:55:48 | INFO | my_functions.py:247 | [DEBUG] Buscando en paralelo: ['super_premium.PNG'] | timeout=0s | confidence=0.8
2026-06-18 23:55:49 | INFO | my_functions.py:134 | Haciendo click en la posición (480, 777)
2026-06-18 23:55:49 | INFO | my_functions.py:269 | 🖱️ Click OK (En paralelo): super_premium.PNG at (480, 777) delay=1s
2026-06-18 23:55:50 | INFO | my_functions.py:142 | Presionando ESC (1/1)
2026-06-18 23:55:59 | INFO | my_functions.py:169 | Searching shop_unselected.PNG (timeout=0s)
2026-06-18 23:56:00 | INFO | my_functions.py:199 | 
✅ Found: shop_unselected.PNG pos=(88, 961) time=0.75s confidence=0.8
2026-06-18 23:56:00 | INFO | my_functions.py:714 | Ya esta listo
2026-06-18 23:56:04 | INFO | my_functions.py:533 | AVAILABLE: 6
2026-06-18 23:56:04 | INFO | my_functions.py:555 | Misiones completadas: 0
2026-06-18 23:56:04 | INFO | my_functions.py:169 | Searching play.PNG (timeout=0s)
2026-06-18 23:56:05 | INFO | my_functions.py:199 | 
✅ Found: play.PNG pos=(384, 825) time=0.63s confidence=0.8
2026-06-18 23:56:05 | INFO | my_functions.py:1441 | [INFO] Click realizado donde se equipa el deck a jugar
2026-06-18 23:56:09 | INFO | my_functions.py:247 | [DEBUG] Buscando en paralelo: ['deck_666666.png'] | timeout=3s | confidence=0.8
2026-06-18 23:56:11 | INFO | my_functions.py:134 | Haciendo click en la posición (234, 702)
2026-06-18 23:56:11 | INFO | my_functions.py:269 | 🖱️ Click OK (En paralelo): deck_666666.png at (234, 702) delay=1s
2026-06-18 23:56:12 | INFO | my_functions.py:247 | [DEBUG] Buscando en paralelo: ['equip.png'] | timeout=3s | confidence=0.95
2026-06-18 23:56:14 | INFO | my_functions.py:134 | Haciendo click en la posición (548, 983)
2026-06-18 23:56:14 | INFO | my_functions.py:269 | 🖱️ Click OK (En paralelo): equip.png at (548, 983) delay=1s
2026-06-18 23:56:15 | INFO | each_eight_hours.py:134 | Deck selected: 6turns
2026-06-18 23:56:15 | INFO | my_functions.py:247 | [DEBUG] Buscando en paralelo: ['maybe_later.PNG'] | timeout=2s | confidence=0.8
2026-06-18 23:56:17 | INFO | my_functions.py:281 | [DEBUG] Click skipped, ninguna de las imágenes se encontró en el intento.
2026-06-18 23:56:19 | INFO | my_functions.py:247 | [DEBUG] Buscando en paralelo: ['maybe_later2.PNG'] | timeout=0.01s | confidence=0.8
2026-06-18 23:56:19 | INFO | my_functions.py:281 | [DEBUG] Click skipped, ninguna de las imágenes se encontró en el intento.
2026-06-18 23:56:20 | INFO | each_eight_hours.py:148 | Starting game loop 1
2026-06-18 23:56:20 | INFO | my_functions.py:247 | [DEBUG] Buscando en paralelo: ['play.PNG'] | timeout=20s | confidence=0.8
2026-06-18 23:56:24 | INFO | my_functions.py:134 | Haciendo click en la posición (384, 824)
2026-06-18 23:56:24 | INFO | my_functions.py:269 | 🖱️ Click OK (En paralelo): play.PNG at (384, 824) delay=3s
2026-06-18 23:56:47 | INFO | my_functions.py:199 | 
✅ Found: end_turn.PNG pos=(681, 945) time=0.66s confidence=0.8
2026-06-18 23:56:47 | INFO | my_functions.py:247 | [DEBUG] Buscando en paralelo: ['snap.PNG'] | timeout=0s | confidence=0.8
2026-06-18 23:56:49 | INFO | my_functions.py:134 | Haciendo click en la posición (386, 123)
2026-06-18 23:56:49 | INFO | my_functions.py:269 | 🖱️ Click OK (En paralelo): snap.PNG at (386, 123) delay=1s
2026-06-18 23:56:56 | INFO | my_functions.py:247 | [DEBUG] Buscando en paralelo: ['end_turn.PNG'] | timeout=0s | confidence=0.8
2026-06-18 23:56:57 | INFO | my_functions.py:281 | [DEBUG] Click skipped, ninguna de las imágenes se encontró en el intento.
2026-06-18 23:57:01 | INFO | my_functions.py:199 | 
✅ Found: end_turn.PNG pos=(682, 946) time=0.68s confidence=0.8
2026-06-18 23:57:01 | INFO | my_functions.py:247 | [DEBUG] Buscando en paralelo: ['snap.PNG'] | timeout=0s | confidence=0.8
2026-06-18 23:57:03 | INFO | my_functions.py:134 | Haciendo click en la posición (386, 123)
2026-06-18 23:57:03 | INFO | my_functions.py:269 | 🖱️ Click OK (En paralelo): snap.PNG at (386, 123) delay=1s
2026-06-18 23:57:09 | INFO | my_functions.py:247 | [DEBUG] Buscando en paralelo: ['end_turn.PNG'] | timeout=0s | confidence=0.8
2026-06-18 23:57:11 | INFO | my_functions.py:134 | Haciendo click en la posición (682, 945)
2026-06-18 23:57:11 | INFO | my_functions.py:269 | 🖱️ Click OK (En paralelo): end_turn.PNG at (682, 945) delay=1s
2026-06-18 23:57:12 | INFO | each_eight_hours.py:165 | End turn executed
2026-06-18 23:57:19 | INFO | my_functions.py:199 | 
✅ Found: end_turn.PNG pos=(681, 945) time=0.68s confidence=0.8
2026-06-18 23:57:19 | INFO | my_functions.py:247 | [DEBUG] Buscando en paralelo: ['snap.PNG'] | timeout=0s | confidence=0.8
2026-06-18 23:57:20 | INFO | my_functions.py:281 | [DEBUG] Click skipped, ninguna de las imágenes se encontró en el intento.
2026-06-18 23:57:26 | INFO | my_functions.py:247 | [DEBUG] Buscando en paralelo: ['end_turn.PNG'] | timeout=0s | confidence=0.8
2026-06-18 23:57:28 | INFO | my_functions.py:134 | Haciendo click en la posición (682, 945)
2026-06-18 23:57:28 | INFO | my_functions.py:269 | 🖱️ Click OK (En paralelo): end_turn.PNG at (682, 945) delay=1s
2026-06-18 23:57:29 | INFO | each_eight_hours.py:165 | End turn executed
2026-06-18 23:57:36 | INFO | my_functions.py:199 | 
✅ Found: end_turn.PNG pos=(681, 945) time=0.69s confidence=0.8
2026-06-18 23:57:36 | INFO | my_functions.py:247 | [DEBUG] Buscando en paralelo: ['snap.PNG'] | timeout=0s | confidence=0.8
2026-06-18 23:57:37 | INFO | my_functions.py:281 | [DEBUG] Click skipped, ninguna de las imágenes se encontró en el intento.
2026-06-18 23:57:43 | INFO | my_functions.py:247 | [DEBUG] Buscando en paralelo: ['end_turn.PNG'] | timeout=0s | confidence=0.8
2026-06-18 23:57:44 | INFO | my_functions.py:134 | Haciendo click en la posición (682, 945)
2026-06-18 23:57:45 | INFO | my_functions.py:269 | 🖱️ Click OK (En paralelo): end_turn.PNG at (682, 945) delay=1s
2026-06-18 23:57:46 | INFO | each_eight_hours.py:165 | End turn executed
2026-06-18 23:58:09 | INFO | my_functions.py:199 | 
✅ Found: end_turn.PNG pos=(681, 945) time=0.66s confidence=0.8
2026-06-18 23:58:09 | INFO | my_functions.py:247 | [DEBUG] Buscando en paralelo: ['snap.PNG'] | timeout=0s | confidence=0.8
2026-06-18 23:58:09 | INFO | my_functions.py:281 | [DEBUG] Click skipped, ninguna de las imágenes se encontró en el intento.
2026-06-18 23:58:16 | INFO | my_functions.py:247 | [DEBUG] Buscando en paralelo: ['end_turn.PNG'] | timeout=0s | confidence=0.8
2026-06-18 23:58:17 | INFO | my_functions.py:134 | Haciendo click en la posición (682, 945)
2026-06-18 23:58:18 | INFO | my_functions.py:269 | 🖱️ Click OK (En paralelo): end_turn.PNG at (682, 945) delay=1s
2026-06-18 23:58:19 | INFO | each_eight_hours.py:165 | End turn executed
2026-06-18 23:58:49 | INFO | my_functions.py:199 | 
✅ Found: end_turn.PNG pos=(681, 945) time=0.66s confidence=0.8
2026-06-18 23:58:49 | INFO | my_functions.py:247 | [DEBUG] Buscando en paralelo: ['snap.PNG'] | timeout=0s | confidence=0.8
2026-06-18 23:58:49 | INFO | my_functions.py:281 | [DEBUG] Click skipped, ninguna de las imágenes se encontró en el intento.
2026-06-18 23:58:56 | INFO | my_functions.py:247 | [DEBUG] Buscando en paralelo: ['end_turn.PNG'] | timeout=0s | confidence=0.8
2026-06-18 23:58:57 | INFO | my_functions.py:134 | Haciendo click en la posición (682, 945)
2026-06-18 23:58:58 | INFO | my_functions.py:269 | 🖱️ Click OK (En paralelo): end_turn.PNG at (682, 945) delay=1s
2026-06-18 23:58:59 | INFO | each_eight_hours.py:165 | End turn executed
2026-06-18 23:59:16 | INFO | my_functions.py:199 | 
✅ Found: end_turn.PNG pos=(681, 945) time=0.69s confidence=0.8
2026-06-18 23:59:16 | INFO | my_functions.py:247 | [DEBUG] Buscando en paralelo: ['snap.PNG'] | timeout=0s | confidence=0.8
2026-06-18 23:59:16 | INFO | my_functions.py:281 | [DEBUG] Click skipped, ninguna de las imágenes se encontró en el intento.
2026-06-18 23:59:23 | INFO | my_functions.py:247 | [DEBUG] Buscando en paralelo: ['end_turn.PNG'] | timeout=0s | confidence=0.8
2026-06-18 23:59:24 | INFO | my_functions.py:134 | Haciendo click en la posición (681, 945)
2026-06-18 23:59:25 | INFO | my_functions.py:269 | 🖱️ Click OK (En paralelo): end_turn.PNG at (681, 945) delay=1s
2026-06-18 23:59:26 | INFO | each_eight_hours.py:165 | End turn executed
