2026-07-03 04:24:07 | INFO | each_eight_hours.py:36 | LOG FILE PATH: \\vmware-host\Shared Folders\SHARED FILES VM\MS\logs\each_eight_hours_2026-07-03_04-24-07.log
2026-07-03 04:24:07 | INFO | each_eight_hours.py:37 | Logger initialized
2026-07-03 04:24:07 | INFO | each_eight_hours.py:64 | Script initialized
2026-07-03 04:24:30 | INFO | my_functions.py:56 | ⏳ Esperando WebSocket de OBS...
2026-07-03 04:24:36 | INFO | baseclient.py:33 | Connecting with parameters: host='localhost' port=4455 password='' subs=0 timeout=None
2026-07-03 04:24:36 | INFO | reqs.py:23 | Successfully identified ReqClient with the server using RPC version:1
2026-07-03 04:24:36 | INFO | my_functions.py:62 | ✅ Conectado al OBS WebSocket
2026-07-03 04:24:36 | ERROR | reqs.py:59 | OBSSDKRequestError: Request GetRecordStatus returned code 207. With message: OBS is not ready to perform the request.
Traceback (most recent call last):
  File "C:\Users\Farm\AppData\Local\Programs\Python\Python311\Lib\site-packages\obsws_python\reqs.py", line 53, in send
    raise OBSSDKRequestError(
obsws_python.error.OBSSDKRequestError: Request GetRecordStatus returned code 207. With message: OBS is not ready to perform the request.
2026-07-03 04:24:37 | INFO | my_functions.py:87 | 🎬 Grabación iniciada
2026-07-03 04:24:37 | INFO | each_eight_hours.py:106 | snap.exe terminated if it was running
2026-07-03 04:24:37 | INFO | my_functions.py:1540 | ⏱ Esperando 0.1 segundos antes de empezar...
2026-07-03 04:24:37 | INFO | my_functions.py:1547 | 🔍 Esperando ventana que contenga alguna de: ['py', 'eight_hours'] (máx 20s)
2026-07-03 04:24:37 | INFO | my_functions.py:1559 | ✅ Ventana encontrada: 'each_eight_hours  - Acceso directo'
2026-07-03 04:24:37 | INFO | my_functions.py:1574 | ✅ Ventana seleccionada: 'each_eight_hours  - Acceso directo'
2026-07-03 04:24:39 | INFO | my_functions.py:1597 | 🔁 Reajuste #1...
2026-07-03 04:24:39 | INFO | my_functions.py:1604 | ✔ Verificación completa. Se hicieron 1 reajustes.
2026-07-03 04:24:39 | INFO | each_eight_hours.py:113 | Processing account: john
2026-07-03 04:24:40 | INFO | my_functions.py:1540 | ⏱ Esperando 0.1 segundos antes de empezar...
2026-07-03 04:24:40 | INFO | my_functions.py:1547 | 🔍 Esperando ventana que contenga alguna de: ['SNAP'] (máx 20s)
2026-07-03 04:25:00 | INFO | my_functions.py:1565 | ❌ No se encontró ninguna ventana con '['SNAP']' tras 20s
2026-07-03 04:25:00 | INFO | my_functions.py:1206 | [DEBUG] Resizing SNAP window...
2026-07-03 04:25:00 | INFO | my_functions.py:1540 | ⏱ Esperando 0.1 segundos antes de empezar...
2026-07-03 04:25:00 | INFO | my_functions.py:1547 | 🔍 Esperando ventana que contenga alguna de: ['SNAP'] (máx 20s)
2026-07-03 04:25:04 | INFO | my_functions.py:1559 | ✅ Ventana encontrada: 'SNAP'
2026-07-03 04:25:04 | INFO | my_functions.py:1574 | ✅ Ventana seleccionada: 'SNAP'
2026-07-03 04:25:11 | INFO | my_functions.py:1606 | ✔ Verificación completa. No hubo cambios después del primer ajuste.
2026-07-03 04:25:11 | INFO | my_functions.py:247 | [DEBUG] Buscando en paralelo: ['small_submit.PNG', 'small_submit_hover.png', 'submit_hover_2.png', 'small_submit_hover_2.png'] | timeout=90s | confidence=0.8
2026-07-03 04:26:45 | INFO | my_functions.py:281 | [DEBUG] Click skipped, ninguna de las imágenes se encontró en el intento.
2026-07-03 04:26:46 | INFO | my_functions.py:169 | Searching shop_unselected.PNG (timeout=0s)
2026-07-03 04:26:47 | INFO | my_functions.py:213 | 
⛔ Not found: shop_unselected.PNG after 0.0s region=(0, 0, 765, 1038) confidence=0.8
2026-07-03 04:26:47 | INFO | my_functions.py:247 | [DEBUG] Buscando en paralelo: ['super_premium.PNG'] | timeout=0s | confidence=0.8
2026-07-03 04:26:48 | INFO | my_functions.py:134 | Haciendo click en la posición (480, 777)
2026-07-03 04:26:49 | INFO | my_functions.py:269 | 🖱️ Click OK (En paralelo): super_premium.PNG at (480, 777) delay=1s
2026-07-03 04:26:50 | INFO | my_functions.py:142 | Presionando ESC (1/1)
2026-07-03 04:26:59 | INFO | my_functions.py:169 | Searching shop_unselected.PNG (timeout=0s)
2026-07-03 04:26:59 | INFO | my_functions.py:199 | 
✅ Found: shop_unselected.PNG pos=(88, 961) time=0.85s confidence=0.8
2026-07-03 04:26:59 | INFO | my_functions.py:714 | Ya esta listo
2026-07-03 04:26:59 | INFO | my_functions.py:247 | [DEBUG] Buscando en paralelo: ['nut.png'] | timeout=20s | confidence=0.8
2026-07-03 04:27:01 | INFO | my_functions.py:134 | Haciendo click en la posición (184, 78)
2026-07-03 04:27:02 | INFO | my_functions.py:269 | 🖱️ Click OK (En paralelo): nut.png at (184, 78) delay=1s
2026-07-03 04:27:03 | INFO | my_functions.py:247 | [DEBUG] Buscando en paralelo: ['graphics_quality.png'] | timeout=3s | confidence=0.8
2026-07-03 04:27:04 | INFO | my_functions.py:134 | Haciendo click en la posición (304, 644)
2026-07-03 04:27:04 | INFO | my_functions.py:269 | 🖱️ Click OK (En paralelo): graphics_quality.png at (304, 644) delay=1s
2026-07-03 04:27:07 | INFO | my_functions.py:247 | [DEBUG] Buscando en paralelo: ['sign_out.png'] | timeout=20s | confidence=0.8
2026-07-03 04:27:08 | INFO | my_functions.py:134 | Haciendo click en la posición (380, 796)
2026-07-03 04:27:08 | INFO | my_functions.py:269 | 🖱️ Click OK (En paralelo): sign_out.png at (380, 796) delay=1s
2026-07-03 04:27:11 | INFO | my_functions.py:247 | [DEBUG] Buscando en paralelo: ['sign_out_grande.png'] | timeout=20s | confidence=0.8
2026-07-03 04:27:12 | INFO | my_functions.py:134 | Haciendo click en la posición (359, 437)
2026-07-03 04:27:12 | INFO | my_functions.py:269 | 🖱️ Click OK (En paralelo): sign_out_grande.png at (359, 437) delay=1s
2026-07-03 04:27:13 | INFO | my_functions.py:247 | [DEBUG] Buscando en paralelo: ['sign_out2.png'] | timeout=20s | confidence=0.8
2026-07-03 04:27:15 | INFO | my_functions.py:134 | Haciendo click en la posición (383, 634)
2026-07-03 04:27:15 | INFO | my_functions.py:269 | 🖱️ Click OK (En paralelo): sign_out2.png at (383, 634) delay=1s
2026-07-03 04:27:16 | INFO | my_functions.py:1540 | ⏱ Esperando 0.1 segundos antes de empezar...
2026-07-03 04:27:16 | INFO | my_functions.py:1547 | 🔍 Esperando ventana que contenga alguna de: SNAP (máx 20s)
2026-07-03 04:27:16 | INFO | my_functions.py:1559 | ✅ Ventana encontrada: 'SNAP'
2026-07-03 04:27:16 | INFO | my_functions.py:1574 | ✅ Ventana seleccionada: 'SNAP'
2026-07-03 04:27:18 | INFO | my_functions.py:1597 | 🔁 Reajuste #1...
2026-07-03 04:27:21 | INFO | my_functions.py:1604 | ✔ Verificación completa. Se hicieron 1 reajustes.
2026-07-03 04:27:25 | INFO | my_functions.py:1206 | [DEBUG] Resizing SNAP window...
2026-07-03 04:27:25 | INFO | my_functions.py:1540 | ⏱ Esperando 0.1 segundos antes de empezar...
2026-07-03 04:27:25 | INFO | my_functions.py:1547 | 🔍 Esperando ventana que contenga alguna de: ['SNAP'] (máx 20s)
2026-07-03 04:27:28 | INFO | my_functions.py:1559 | ✅ Ventana encontrada: 'SNAP'
2026-07-03 04:27:28 | INFO | my_functions.py:1574 | ✅ Ventana seleccionada: 'SNAP'
2026-07-03 04:27:35 | INFO | my_functions.py:1606 | ✔ Verificación completa. No hubo cambios después del primer ajuste.
2026-07-03 04:27:35 | INFO | my_functions.py:247 | [DEBUG] Buscando en paralelo: ['small_submit.PNG', 'small_submit_hover.png', 'submit_hover_2.png', 'small_submit_hover_2.png'] | timeout=90s | confidence=0.8
2026-07-03 04:27:41 | INFO | my_functions.py:134 | Haciendo click en la posición (382, 646)
2026-07-03 04:27:42 | INFO | my_functions.py:269 | 🖱️ Click OK (En paralelo): small_submit_hover_2.png at (382, 646) delay=0.2s
2026-07-03 04:27:45 | INFO | my_functions.py:247 | [DEBUG] Buscando en paralelo: ['small_submit.PNG', 'small_submit_hover.png', 'submit_hover_2.png', 'small_submit_hover_2.png'] | timeout=20s | confidence=0.8
2026-07-03 04:27:46 | INFO | my_functions.py:134 | Haciendo click en la posición (380, 721)
2026-07-03 04:27:46 | INFO | my_functions.py:269 | 🖱️ Click OK (En paralelo): small_submit.PNG at (380, 721) delay=0.2s
2026-07-03 04:27:48 | INFO | my_functions.py:1540 | ⏱ Esperando 0.1 segundos antes de empezar...
2026-07-03 04:27:48 | INFO | my_functions.py:1547 | 🔍 Esperando ventana que contenga alguna de: ['SNAP'] (máx 20s)
2026-07-03 04:27:48 | INFO | my_functions.py:1559 | ✅ Ventana encontrada: 'SNAP'
2026-07-03 04:27:48 | INFO | my_functions.py:1574 | ✅ Ventana seleccionada: 'SNAP'
2026-07-03 04:27:50 | INFO | my_functions.py:1597 | 🔁 Reajuste #1...
2026-07-03 04:27:51 | INFO | my_functions.py:1604 | ✔ Verificación completa. Se hicieron 1 reajustes.
2026-07-03 04:27:51 | INFO | my_functions.py:169 | Searching please_sign.png (timeout=0s)
2026-07-03 04:27:51 | INFO | my_functions.py:199 | 
✅ Found: please_sign.png pos=(383, 438) time=0.52s confidence=0.8
2026-07-03 04:27:51 | INFO | my_functions.py:247 | [DEBUG] Buscando en paralelo: ['ok_btn.png'] | timeout=20s | confidence=0.8
2026-07-03 04:27:53 | INFO | my_functions.py:134 | Haciendo click en la posición (382, 634)
2026-07-03 04:27:53 | INFO | my_functions.py:269 | 🖱️ Click OK (En paralelo): ok_btn.png at (382, 634) delay=1s
2026-07-03 04:27:55 | INFO | my_functions.py:247 | [DEBUG] Buscando en paralelo: ['small_submit.PNG', 'small_submit_hover.png', 'submit_hover_2.png', 'small_submit_hover_2.png'] | timeout=30s | confidence=0.8
2026-07-03 04:27:58 | INFO | my_functions.py:134 | Haciendo click en la posición (383, 643)
2026-07-03 04:27:58 | INFO | my_functions.py:269 | 🖱️ Click OK (En paralelo): small_submit_hover_2.png at (383, 643) delay=0.2s
2026-07-03 04:27:59 | INFO | my_functions.py:247 | [DEBUG] Buscando en paralelo: ['small_submit.PNG', 'small_submit_hover.png', 'submit_hover_2.png', 'small_submit_hover_2.png'] | timeout=20s | confidence=0.8
2026-07-03 04:28:01 | INFO | my_functions.py:134 | Haciendo click en la posición (380, 721)
2026-07-03 04:28:01 | INFO | my_functions.py:269 | 🖱️ Click OK (En paralelo): small_submit.PNG at (380, 721) delay=0.2s
2026-07-03 04:28:02 | INFO | my_functions.py:247 | [DEBUG] Buscando en paralelo: ['sign_in_with_google2.PNG'] | timeout=20s | confidence=0.8
2026-07-03 04:28:03 | INFO | my_functions.py:134 | Haciendo click en la posición (406, 957)
2026-07-03 04:28:04 | INFO | my_functions.py:269 | 🖱️ Click OK (En paralelo): sign_in_with_google2.PNG at (406, 957) delay=1s
2026-07-03 04:28:05 | INFO | my_functions.py:169 | Searching pagina_cargada.png (timeout=60s)
2026-07-03 04:28:33 | INFO | my_functions.py:199 | 
✅ Found: pagina_cargada.png pos=(70, 24) time=28.83s confidence=0.8
2026-07-03 04:28:34 | INFO | my_functions.py:247 | [DEBUG] Buscando en paralelo: ['john.png'] | timeout=0s | confidence=0.8
2026-07-03 04:28:38 | INFO | my_functions.py:134 | Haciendo click en la posición (1143, 619)
2026-07-03 04:28:38 | INFO | my_functions.py:269 | 🖱️ Click OK (En paralelo): john.png at (1143, 619) delay=3s
2026-07-03 04:28:39 | INFO | my_functions.py:169 | Searching marvelsnap_web.png (timeout=30s)
2026-07-03 04:28:52 | INFO | my_functions.py:199 | 
✅ Found: marvelsnap_web.png pos=(258, 80) time=12.76s confidence=0.7
2026-07-03 04:28:52 | INFO | my_functions.py:169 | Searching shop_unselected.PNG (timeout=0s)
2026-07-03 04:28:53 | INFO | my_functions.py:213 | 
⛔ Not found: shop_unselected.PNG after 0.0s region=(0, 0, 765, 1038) confidence=0.8
2026-07-03 04:28:53 | INFO | my_functions.py:247 | [DEBUG] Buscando en paralelo: ['super_premium.PNG'] | timeout=0s | confidence=0.8
2026-07-03 04:28:54 | INFO | my_functions.py:281 | [DEBUG] Click skipped, ninguna de las imágenes se encontró en el intento.
2026-07-03 04:28:55 | INFO | my_functions.py:247 | [DEBUG] Buscando en paralelo: ['maybe_later.PNG'] | timeout=0s | confidence=0.8
2026-07-03 04:28:55 | INFO | my_functions.py:281 | [DEBUG] Click skipped, ninguna de las imágenes se encontró en el intento.
2026-07-03 04:28:56 | INFO | my_functions.py:247 | [DEBUG] Buscando en paralelo: ['maybe_later2.PNG'] | timeout=0s | confidence=0.8
2026-07-03 04:28:57 | INFO | my_functions.py:281 | [DEBUG] Click skipped, ninguna de las imágenes se encontró en el intento.
2026-07-03 04:28:58 | INFO | my_functions.py:169 | Searching go_to_shop.PNG (timeout=0s)
2026-07-03 04:28:59 | INFO | my_functions.py:213 | 
⛔ Not found: go_to_shop.PNG after 0.0s region=(0, 0, 765, 1038) confidence=0.8
2026-07-03 04:28:59 | INFO | my_functions.py:247 | [DEBUG] Buscando en paralelo: ['14_days_of_winterverse.PNG'] | timeout=0s | confidence=0.8
2026-07-03 04:28:59 | INFO | my_functions.py:281 | [DEBUG] Click skipped, ninguna de las imágenes se encontró en el intento.
2026-07-03 04:29:00 | INFO | my_functions.py:169 | Searching welcome_back_calendar.PNG (timeout=0s)
2026-07-03 04:29:01 | INFO | my_functions.py:213 | 
⛔ Not found: welcome_back_calendar.PNG after 0.0s region=(0, 0, 765, 1038) confidence=0.8
2026-07-03 04:29:01 | INFO | my_functions.py:247 | [DEBUG] Buscando en paralelo: ['start_the_countdown.PNG'] | timeout=0s | confidence=0.8
2026-07-03 04:29:02 | INFO | my_functions.py:281 | [DEBUG] Click skipped, ninguna de las imágenes se encontró en el intento.
2026-07-03 04:29:03 | INFO | my_functions.py:247 | [DEBUG] Buscando en paralelo: ['event_has_ended_sanctum.PNG'] | timeout=0s | confidence=0.8
2026-07-03 04:29:03 | INFO | my_functions.py:281 | [DEBUG] Click skipped, ninguna de las imágenes se encontró en el intento.
2026-07-03 04:29:04 | INFO | my_functions.py:247 | [DEBUG] Buscando en paralelo: ['event_has_ended_teamclash.PNG'] | timeout=0s | confidence=0.8
2026-07-03 04:29:05 | INFO | my_functions.py:281 | [DEBUG] Click skipped, ninguna de las imágenes se encontró en el intento.
2026-07-03 04:29:06 | INFO | my_functions.py:247 | [DEBUG] Buscando en paralelo: ['image_part_of_event_grand_arena_finished.PNG'] | timeout=0s | confidence=0.8
2026-07-03 04:29:07 | INFO | my_functions.py:281 | [DEBUG] Click skipped, ninguna de las imágenes se encontró en el intento.
2026-07-03 04:29:08 | INFO | my_functions.py:169 | Searching 28_day_event_login_rewards.PNG (timeout=0s)
2026-07-03 04:29:08 | INFO | my_functions.py:213 | 
⛔ Not found: 28_day_event_login_rewards.PNG after 0.0s region=(0, 0, 765, 1038) confidence=0.8
2026-07-03 04:29:08 | INFO | my_functions.py:169 | Searching 7_day_event_login.PNG (timeout=0s)
2026-07-03 04:29:09 | INFO | my_functions.py:213 | 
⛔ Not found: 7_day_event_login.PNG after 0.0s region=(0, 0, 765, 1038) confidence=0.8
2026-07-03 04:29:09 | INFO | my_functions.py:169 | Searching 14_days_event.PNG (timeout=0s)
2026-07-03 04:29:09 | INFO | my_functions.py:213 | 
⛔ Not found: 14_days_event.PNG after 0.0s region=(0, 0, 765, 1038) confidence=0.8
2026-07-03 04:29:09 | INFO | my_functions.py:247 | [DEBUG] Buscando en paralelo: ['lets_go.PNG'] | timeout=0s | confidence=0.8
2026-07-03 04:29:10 | INFO | my_functions.py:281 | [DEBUG] Click skipped, ninguna de las imágenes se encontró en el intento.
2026-07-03 04:29:12 | INFO | my_functions.py:169 | Searching shop_unselected.PNG (timeout=0s)
2026-07-03 04:29:13 | INFO | my_functions.py:213 | 
⛔ Not found: shop_unselected.PNG after 0.0s region=(0, 0, 765, 1038) confidence=0.8
2026-07-03 04:29:13 | INFO | my_functions.py:247 | [DEBUG] Buscando en paralelo: ['super_premium.PNG'] | timeout=0s | confidence=0.8
2026-07-03 04:29:13 | INFO | my_functions.py:281 | [DEBUG] Click skipped, ninguna de las imágenes se encontró en el intento.
2026-07-03 04:29:14 | INFO | my_functions.py:247 | [DEBUG] Buscando en paralelo: ['maybe_later.PNG'] | timeout=0s | confidence=0.8
2026-07-03 04:29:15 | INFO | my_functions.py:281 | [DEBUG] Click skipped, ninguna de las imágenes se encontró en el intento.
2026-07-03 04:29:16 | INFO | my_functions.py:247 | [DEBUG] Buscando en paralelo: ['maybe_later2.PNG'] | timeout=0s | confidence=0.8
2026-07-03 04:29:17 | INFO | my_functions.py:281 | [DEBUG] Click skipped, ninguna de las imágenes se encontró en el intento.
2026-07-03 04:29:18 | INFO | my_functions.py:169 | Searching go_to_shop.PNG (timeout=0s)
2026-07-03 04:29:19 | INFO | my_functions.py:213 | 
⛔ Not found: go_to_shop.PNG after 0.52s region=(0, 0, 765, 1038) confidence=0.8
2026-07-03 04:29:19 | INFO | my_functions.py:247 | [DEBUG] Buscando en paralelo: ['14_days_of_winterverse.PNG'] | timeout=0s | confidence=0.8
2026-07-03 04:29:19 | INFO | my_functions.py:281 | [DEBUG] Click skipped, ninguna de las imágenes se encontró en el intento.
2026-07-03 04:29:21 | INFO | my_functions.py:169 | Searching welcome_back_calendar.PNG (timeout=0s)
2026-07-03 04:29:21 | INFO | my_functions.py:213 | 
⛔ Not found: welcome_back_calendar.PNG after 0.0s region=(0, 0, 765, 1038) confidence=0.8
2026-07-03 04:29:21 | INFO | my_functions.py:247 | [DEBUG] Buscando en paralelo: ['start_the_countdown.PNG'] | timeout=0s | confidence=0.8
2026-07-03 04:29:21 | INFO | my_functions.py:281 | [DEBUG] Click skipped, ninguna de las imágenes se encontró en el intento.
2026-07-03 04:29:23 | INFO | my_functions.py:247 | [DEBUG] Buscando en paralelo: ['event_has_ended_sanctum.PNG'] | timeout=0s | confidence=0.8
2026-07-03 04:29:23 | INFO | my_functions.py:281 | [DEBUG] Click skipped, ninguna de las imágenes se encontró en el intento.
2026-07-03 04:29:24 | INFO | my_functions.py:247 | [DEBUG] Buscando en paralelo: ['event_has_ended_teamclash.PNG'] | timeout=0s | confidence=0.8
2026-07-03 04:29:25 | INFO | my_functions.py:281 | [DEBUG] Click skipped, ninguna de las imágenes se encontró en el intento.
2026-07-03 04:29:26 | INFO | my_functions.py:247 | [DEBUG] Buscando en paralelo: ['image_part_of_event_grand_arena_finished.PNG'] | timeout=0s | confidence=0.8
2026-07-03 04:29:26 | INFO | my_functions.py:281 | [DEBUG] Click skipped, ninguna de las imágenes se encontró en el intento.
2026-07-03 04:29:28 | INFO | my_functions.py:169 | Searching 28_day_event_login_rewards.PNG (timeout=0s)
2026-07-03 04:29:28 | INFO | my_functions.py:213 | 
⛔ Not found: 28_day_event_login_rewards.PNG after 0.0s region=(0, 0, 765, 1038) confidence=0.8
2026-07-03 04:29:28 | INFO | my_functions.py:169 | Searching 7_day_event_login.PNG (timeout=0s)
2026-07-03 04:29:28 | INFO | my_functions.py:213 | 
⛔ Not found: 7_day_event_login.PNG after 0.0s region=(0, 0, 765, 1038) confidence=0.8
2026-07-03 04:29:28 | INFO | my_functions.py:169 | Searching 14_days_event.PNG (timeout=0s)
2026-07-03 04:29:29 | INFO | my_functions.py:213 | 
⛔ Not found: 14_days_event.PNG after 0.0s region=(0, 0, 765, 1038) confidence=0.8
2026-07-03 04:29:29 | INFO | my_functions.py:247 | [DEBUG] Buscando en paralelo: ['lets_go.PNG'] | timeout=0s | confidence=0.8
2026-07-03 04:29:29 | INFO | my_functions.py:281 | [DEBUG] Click skipped, ninguna de las imágenes se encontró en el intento.
2026-07-03 04:29:32 | INFO | my_functions.py:169 | Searching shop_unselected.PNG (timeout=0s)
2026-07-03 04:29:33 | INFO | my_functions.py:213 | 
⛔ Not found: shop_unselected.PNG after 0.74s region=(0, 0, 765, 1038) confidence=0.8
2026-07-03 04:29:33 | INFO | my_functions.py:247 | [DEBUG] Buscando en paralelo: ['super_premium.PNG'] | timeout=0s | confidence=0.8
2026-07-03 04:29:34 | INFO | my_functions.py:281 | [DEBUG] Click skipped, ninguna de las imágenes se encontró en el intento.
2026-07-03 04:29:35 | INFO | my_functions.py:247 | [DEBUG] Buscando en paralelo: ['maybe_later.PNG'] | timeout=0s | confidence=0.8
2026-07-03 04:29:35 | INFO | my_functions.py:281 | [DEBUG] Click skipped, ninguna de las imágenes se encontró en el intento.
2026-07-03 04:29:36 | INFO | my_functions.py:247 | [DEBUG] Buscando en paralelo: ['maybe_later2.PNG'] | timeout=0s | confidence=0.8
2026-07-03 04:29:37 | INFO | my_functions.py:281 | [DEBUG] Click skipped, ninguna de las imágenes se encontró en el intento.
2026-07-03 04:29:38 | INFO | my_functions.py:169 | Searching go_to_shop.PNG (timeout=0s)
2026-07-03 04:29:39 | INFO | my_functions.py:213 | 
⛔ Not found: go_to_shop.PNG after 0.0s region=(0, 0, 765, 1038) confidence=0.8
2026-07-03 04:29:39 | INFO | my_functions.py:247 | [DEBUG] Buscando en paralelo: ['14_days_of_winterverse.PNG'] | timeout=0s | confidence=0.8
2026-07-03 04:29:39 | INFO | my_functions.py:281 | [DEBUG] Click skipped, ninguna de las imágenes se encontró en el intento.
2026-07-03 04:29:40 | INFO | my_functions.py:169 | Searching welcome_back_calendar.PNG (timeout=0s)
2026-07-03 04:29:41 | INFO | my_functions.py:213 | 
⛔ Not found: welcome_back_calendar.PNG after 0.0s region=(0, 0, 765, 1038) confidence=0.8
2026-07-03 04:29:41 | INFO | my_functions.py:247 | [DEBUG] Buscando en paralelo: ['start_the_countdown.PNG'] | timeout=0s | confidence=0.8
2026-07-03 04:29:41 | INFO | my_functions.py:281 | [DEBUG] Click skipped, ninguna de las imágenes se encontró en el intento.
2026-07-03 04:29:42 | INFO | my_functions.py:247 | [DEBUG] Buscando en paralelo: ['event_has_ended_sanctum.PNG'] | timeout=0s | confidence=0.8
2026-07-03 04:29:43 | INFO | my_functions.py:281 | [DEBUG] Click skipped, ninguna de las imágenes se encontró en el intento.
2026-07-03 04:29:44 | INFO | my_functions.py:247 | [DEBUG] Buscando en paralelo: ['event_has_ended_teamclash.PNG'] | timeout=0s | confidence=0.8
2026-07-03 04:29:45 | INFO | my_functions.py:281 | [DEBUG] Click skipped, ninguna de las imágenes se encontró en el intento.
2026-07-03 04:29:46 | INFO | my_functions.py:247 | [DEBUG] Buscando en paralelo: ['image_part_of_event_grand_arena_finished.PNG'] | timeout=0s | confidence=0.8
2026-07-03 04:29:46 | INFO | my_functions.py:281 | [DEBUG] Click skipped, ninguna de las imágenes se encontró en el intento.
2026-07-03 04:29:48 | INFO | my_functions.py:169 | Searching 28_day_event_login_rewards.PNG (timeout=0s)
2026-07-03 04:29:48 | INFO | my_functions.py:213 | 
⛔ Not found: 28_day_event_login_rewards.PNG after 0.0s region=(0, 0, 765, 1038) confidence=0.8
2026-07-03 04:29:48 | INFO | my_functions.py:169 | Searching 7_day_event_login.PNG (timeout=0s)
2026-07-03 04:29:49 | INFO | my_functions.py:213 | 
⛔ Not found: 7_day_event_login.PNG after 0.0s region=(0, 0, 765, 1038) confidence=0.8
2026-07-03 04:29:49 | INFO | my_functions.py:169 | Searching 14_days_event.PNG (timeout=0s)
2026-07-03 04:29:49 | INFO | my_functions.py:213 | 
⛔ Not found: 14_days_event.PNG after 0.0s region=(0, 0, 765, 1038) confidence=0.8
2026-07-03 04:29:49 | INFO | my_functions.py:247 | [DEBUG] Buscando en paralelo: ['lets_go.PNG'] | timeout=0s | confidence=0.8
2026-07-03 04:29:50 | INFO | my_functions.py:281 | [DEBUG] Click skipped, ninguna de las imágenes se encontró en el intento.
2026-07-03 04:29:52 | INFO | my_functions.py:169 | Searching shop_unselected.PNG (timeout=0s)
2026-07-03 04:29:52 | INFO | my_functions.py:213 | 
⛔ Not found: shop_unselected.PNG after 0.0s region=(0, 0, 765, 1038) confidence=0.8
2026-07-03 04:29:52 | INFO | my_functions.py:247 | [DEBUG] Buscando en paralelo: ['super_premium.PNG'] | timeout=0s | confidence=0.8
2026-07-03 04:29:53 | INFO | my_functions.py:281 | [DEBUG] Click skipped, ninguna de las imágenes se encontró en el intento.
2026-07-03 04:29:54 | INFO | my_functions.py:247 | [DEBUG] Buscando en paralelo: ['maybe_later.PNG'] | timeout=0s | confidence=0.8
2026-07-03 04:29:55 | INFO | my_functions.py:281 | [DEBUG] Click skipped, ninguna de las imágenes se encontró en el intento.
2026-07-03 04:29:56 | INFO | my_functions.py:247 | [DEBUG] Buscando en paralelo: ['maybe_later2.PNG'] | timeout=0s | confidence=0.8
2026-07-03 04:29:57 | INFO | my_functions.py:281 | [DEBUG] Click skipped, ninguna de las imágenes se encontró en el intento.
2026-07-03 04:29:58 | INFO | my_functions.py:169 | Searching go_to_shop.PNG (timeout=0s)
2026-07-03 04:29:58 | INFO | my_functions.py:213 | 
⛔ Not found: go_to_shop.PNG after 0.0s region=(0, 0, 765, 1038) confidence=0.8
2026-07-03 04:29:58 | INFO | my_functions.py:247 | [DEBUG] Buscando en paralelo: ['14_days_of_winterverse.PNG'] | timeout=0s | confidence=0.8
2026-07-03 04:29:59 | INFO | my_functions.py:281 | [DEBUG] Click skipped, ninguna de las imágenes se encontró en el intento.
2026-07-03 04:30:00 | INFO | my_functions.py:169 | Searching welcome_back_calendar.PNG (timeout=0s)
2026-07-03 04:30:00 | INFO | my_functions.py:213 | 
⛔ Not found: welcome_back_calendar.PNG after 0.0s region=(0, 0, 765, 1038) confidence=0.8
2026-07-03 04:30:00 | INFO | my_functions.py:247 | [DEBUG] Buscando en paralelo: ['start_the_countdown.PNG'] | timeout=0s | confidence=0.8
2026-07-03 04:30:01 | INFO | my_functions.py:281 | [DEBUG] Click skipped, ninguna de las imágenes se encontró en el intento.
2026-07-03 04:30:02 | INFO | my_functions.py:247 | [DEBUG] Buscando en paralelo: ['event_has_ended_sanctum.PNG'] | timeout=0s | confidence=0.8
2026-07-03 04:30:02 | INFO | my_functions.py:281 | [DEBUG] Click skipped, ninguna de las imágenes se encontró en el intento.
2026-07-03 04:30:03 | INFO | my_functions.py:247 | [DEBUG] Buscando en paralelo: ['event_has_ended_teamclash.PNG'] | timeout=0s | confidence=0.8
2026-07-03 04:30:04 | INFO | my_functions.py:281 | [DEBUG] Click skipped, ninguna de las imágenes se encontró en el intento.
2026-07-03 04:30:05 | INFO | my_functions.py:247 | [DEBUG] Buscando en paralelo: ['image_part_of_event_grand_arena_finished.PNG'] | timeout=0s | confidence=0.8
2026-07-03 04:30:06 | INFO | my_functions.py:281 | [DEBUG] Click skipped, ninguna de las imágenes se encontró en el intento.
2026-07-03 04:30:07 | INFO | my_functions.py:169 | Searching 28_day_event_login_rewards.PNG (timeout=0s)
2026-07-03 04:30:07 | INFO | my_functions.py:213 | 
⛔ Not found: 28_day_event_login_rewards.PNG after 0.0s region=(0, 0, 765, 1038) confidence=0.8
2026-07-03 04:30:07 | INFO | my_functions.py:169 | Searching 7_day_event_login.PNG (timeout=0s)
2026-07-03 04:30:08 | INFO | my_functions.py:213 | 
⛔ Not found: 7_day_event_login.PNG after 0.0s region=(0, 0, 765, 1038) confidence=0.8
2026-07-03 04:30:08 | INFO | my_functions.py:169 | Searching 14_days_event.PNG (timeout=0s)
2026-07-03 04:30:08 | INFO | my_functions.py:213 | 
⛔ Not found: 14_days_event.PNG after 0.0s region=(0, 0, 765, 1038) confidence=0.8
2026-07-03 04:30:08 | INFO | my_functions.py:247 | [DEBUG] Buscando en paralelo: ['lets_go.PNG'] | timeout=0s | confidence=0.8
2026-07-03 04:30:09 | INFO | my_functions.py:281 | [DEBUG] Click skipped, ninguna de las imágenes se encontró en el intento.
2026-07-03 04:30:11 | INFO | my_functions.py:169 | Searching shop_unselected.PNG (timeout=0s)
2026-07-03 04:30:12 | INFO | my_functions.py:213 | 
⛔ Not found: shop_unselected.PNG after 0.0s region=(0, 0, 765, 1038) confidence=0.8
2026-07-03 04:30:12 | INFO | my_functions.py:247 | [DEBUG] Buscando en paralelo: ['super_premium.PNG'] | timeout=0s | confidence=0.8
2026-07-03 04:30:12 | INFO | my_functions.py:281 | [DEBUG] Click skipped, ninguna de las imágenes se encontró en el intento.
2026-07-03 04:30:13 | INFO | my_functions.py:247 | [DEBUG] Buscando en paralelo: ['maybe_later.PNG'] | timeout=0s | confidence=0.8
2026-07-03 04:30:14 | INFO | my_functions.py:281 | [DEBUG] Click skipped, ninguna de las imágenes se encontró en el intento.
2026-07-03 04:30:15 | INFO | my_functions.py:247 | [DEBUG] Buscando en paralelo: ['maybe_later2.PNG'] | timeout=0s | confidence=0.8
2026-07-03 04:30:16 | INFO | my_functions.py:281 | [DEBUG] Click skipped, ninguna de las imágenes se encontró en el intento.
2026-07-03 04:30:17 | INFO | my_functions.py:169 | Searching go_to_shop.PNG (timeout=0s)
2026-07-03 04:30:18 | INFO | my_functions.py:213 | 
⛔ Not found: go_to_shop.PNG after 0.58s region=(0, 0, 765, 1038) confidence=0.8
2026-07-03 04:30:18 | INFO | my_functions.py:247 | [DEBUG] Buscando en paralelo: ['14_days_of_winterverse.PNG'] | timeout=0s | confidence=0.8
2026-07-03 04:30:19 | INFO | my_functions.py:281 | [DEBUG] Click skipped, ninguna de las imágenes se encontró en el intento.
2026-07-03 04:30:20 | INFO | my_functions.py:169 | Searching welcome_back_calendar.PNG (timeout=0s)
2026-07-03 04:30:21 | INFO | my_functions.py:213 | 
⛔ Not found: welcome_back_calendar.PNG after 0.0s region=(0, 0, 765, 1038) confidence=0.8
2026-07-03 04:30:21 | INFO | my_functions.py:247 | [DEBUG] Buscando en paralelo: ['start_the_countdown.PNG'] | timeout=0s | confidence=0.8
2026-07-03 04:30:21 | INFO | my_functions.py:281 | [DEBUG] Click skipped, ninguna de las imágenes se encontró en el intento.
2026-07-03 04:30:22 | INFO | my_functions.py:247 | [DEBUG] Buscando en paralelo: ['event_has_ended_sanctum.PNG'] | timeout=0s | confidence=0.8
2026-07-03 04:30:23 | INFO | my_functions.py:281 | [DEBUG] Click skipped, ninguna de las imágenes se encontró en el intento.
2026-07-03 04:30:24 | INFO | my_functions.py:247 | [DEBUG] Buscando en paralelo: ['event_has_ended_teamclash.PNG'] | timeout=0s | confidence=0.8
2026-07-03 04:30:25 | INFO | my_functions.py:281 | [DEBUG] Click skipped, ninguna de las imágenes se encontró en el intento.
2026-07-03 04:30:26 | INFO | my_functions.py:247 | [DEBUG] Buscando en paralelo: ['image_part_of_event_grand_arena_finished.PNG'] | timeout=0s | confidence=0.8
2026-07-03 04:30:26 | INFO | my_functions.py:281 | [DEBUG] Click skipped, ninguna de las imágenes se encontró en el intento.
2026-07-03 04:30:28 | INFO | my_functions.py:169 | Searching 28_day_event_login_rewards.PNG (timeout=0s)
2026-07-03 04:30:28 | INFO | my_functions.py:213 | 
⛔ Not found: 28_day_event_login_rewards.PNG after 0.0s region=(0, 0, 765, 1038) confidence=0.8
2026-07-03 04:30:28 | INFO | my_functions.py:169 | Searching 7_day_event_login.PNG (timeout=0s)
2026-07-03 04:30:29 | INFO | my_functions.py:213 | 
⛔ Not found: 7_day_event_login.PNG after 0.0s region=(0, 0, 765, 1038) confidence=0.8
2026-07-03 04:30:29 | INFO | my_functions.py:169 | Searching 14_days_event.PNG (timeout=0s)
2026-07-03 04:30:29 | INFO | my_functions.py:213 | 
⛔ Not found: 14_days_event.PNG after 0.0s region=(0, 0, 765, 1038) confidence=0.8
2026-07-03 04:30:29 | INFO | my_functions.py:247 | [DEBUG] Buscando en paralelo: ['lets_go.PNG'] | timeout=0s | confidence=0.8
2026-07-03 04:30:30 | INFO | my_functions.py:281 | [DEBUG] Click skipped, ninguna de las imágenes se encontró en el intento.
2026-07-03 04:30:36 | INFO | my_functions.py:533 | AVAILABLE: 6
2026-07-03 04:30:36 | INFO | my_functions.py:555 | Misiones completadas: 0
2026-07-03 04:30:36 | INFO | my_functions.py:169 | Searching play.PNG (timeout=0s)
2026-07-03 04:30:37 | INFO | my_functions.py:213 | 
⛔ Not found: play.PNG after 0.01s region=(0, 0, 765, 1038) confidence=0.8
2026-07-03 04:30:37 | INFO | each_eight_hours.py:134 | Deck selected: 6turns
2026-07-03 04:30:37 | INFO | my_functions.py:247 | [DEBUG] Buscando en paralelo: ['maybe_later.PNG'] | timeout=2s | confidence=0.8
2026-07-03 04:30:39 | INFO | my_functions.py:281 | [DEBUG] Click skipped, ninguna de las imágenes se encontró en el intento.
2026-07-03 04:30:40 | INFO | my_functions.py:247 | [DEBUG] Buscando en paralelo: ['maybe_later2.PNG'] | timeout=0.01s | confidence=0.8
2026-07-03 04:30:41 | INFO | my_functions.py:281 | [DEBUG] Click skipped, ninguna de las imágenes se encontró en el intento.
2026-07-03 04:30:42 | INFO | each_eight_hours.py:148 | Starting game loop 1
2026-07-03 04:30:42 | INFO | my_functions.py:247 | [DEBUG] Buscando en paralelo: ['play.PNG'] | timeout=20s | confidence=0.8
2026-07-03 04:31:03 | INFO | my_functions.py:281 | [DEBUG] Click skipped, ninguna de las imágenes se encontró en el intento.
2026-07-03 04:31:04 | INFO | my_functions.py:169 | Searching 28_day_event_login_rewards.PNG (timeout=0s)
2026-07-03 04:31:04 | INFO | my_functions.py:213 | 
⛔ Not found: 28_day_event_login_rewards.PNG after 0.0s region=(0, 0, 765, 1038) confidence=0.8
2026-07-03 04:31:06 | INFO | my_functions.py:533 | AVAILABLE: 6
2026-07-03 04:31:06 | INFO | each_eight_hours.py:271 | Submissions after match: 6
2026-07-03 04:31:06 | INFO | my_functions.py:555 | Misiones completadas: 0
2026-07-03 04:31:06 | INFO | each_eight_hours.py:148 | Starting game loop 2
2026-07-03 04:31:06 | INFO | my_functions.py:247 | [DEBUG] Buscando en paralelo: ['play.PNG'] | timeout=20s | confidence=0.8
2026-07-03 04:31:27 | INFO | my_functions.py:281 | [DEBUG] Click skipped, ninguna de las imágenes se encontró en el intento.
2026-07-03 04:31:28 | INFO | my_functions.py:169 | Searching 28_day_event_login_rewards.PNG (timeout=0s)
2026-07-03 04:31:28 | INFO | my_functions.py:213 | 
⛔ Not found: 28_day_event_login_rewards.PNG after 0.0s region=(0, 0, 765, 1038) confidence=0.8
2026-07-03 04:31:30 | INFO | my_functions.py:533 | AVAILABLE: 6
2026-07-03 04:31:30 | INFO | each_eight_hours.py:271 | Submissions after match: 6
2026-07-03 04:31:30 | INFO | my_functions.py:555 | Misiones completadas: 0
2026-07-03 04:31:30 | INFO | each_eight_hours.py:148 | Starting game loop 3
2026-07-03 04:31:30 | INFO | my_functions.py:247 | [DEBUG] Buscando en paralelo: ['play.PNG'] | timeout=20s | confidence=0.8
2026-07-03 04:31:50 | INFO | my_functions.py:281 | [DEBUG] Click skipped, ninguna de las imágenes se encontró en el intento.
2026-07-03 04:31:52 | INFO | my_functions.py:169 | Searching 28_day_event_login_rewards.PNG (timeout=0s)
2026-07-03 04:31:52 | INFO | my_functions.py:213 | 
⛔ Not found: 28_day_event_login_rewards.PNG after 0.0s region=(0, 0, 765, 1038) confidence=0.8
2026-07-03 04:31:54 | INFO | my_functions.py:533 | AVAILABLE: 6
2026-07-03 04:31:54 | INFO | each_eight_hours.py:271 | Submissions after match: 6
2026-07-03 04:31:54 | INFO | my_functions.py:555 | Misiones completadas: 0
2026-07-03 04:31:54 | INFO | each_eight_hours.py:148 | Starting game loop 4
2026-07-03 04:31:54 | INFO | my_functions.py:247 | [DEBUG] Buscando en paralelo: ['play.PNG'] | timeout=20s | confidence=0.8
2026-07-03 04:32:14 | INFO | my_functions.py:281 | [DEBUG] Click skipped, ninguna de las imágenes se encontró en el intento.
2026-07-03 04:32:15 | INFO | my_functions.py:169 | Searching 28_day_event_login_rewards.PNG (timeout=0s)
2026-07-03 04:32:16 | INFO | my_functions.py:213 | 
⛔ Not found: 28_day_event_login_rewards.PNG after 0.0s region=(0, 0, 765, 1038) confidence=0.8
2026-07-03 04:32:18 | INFO | my_functions.py:533 | AVAILABLE: 6
2026-07-03 04:32:18 | INFO | each_eight_hours.py:271 | Submissions after match: 6
2026-07-03 04:32:18 | INFO | my_functions.py:555 | Misiones completadas: 0
2026-07-03 04:32:18 | INFO | each_eight_hours.py:148 | Starting game loop 5
2026-07-03 04:32:18 | INFO | my_functions.py:247 | [DEBUG] Buscando en paralelo: ['play.PNG'] | timeout=20s | confidence=0.8
2026-07-03 04:32:38 | INFO | my_functions.py:281 | [DEBUG] Click skipped, ninguna de las imágenes se encontró en el intento.
2026-07-03 04:32:39 | INFO | my_functions.py:169 | Searching 28_day_event_login_rewards.PNG (timeout=0s)
2026-07-03 04:32:40 | INFO | my_functions.py:213 | 
⛔ Not found: 28_day_event_login_rewards.PNG after 0.49s region=(0, 0, 765, 1038) confidence=0.8
2026-07-03 04:32:42 | INFO | my_functions.py:533 | AVAILABLE: 6
2026-07-03 04:32:42 | INFO | each_eight_hours.py:271 | Submissions after match: 6
2026-07-03 04:32:42 | INFO | my_functions.py:555 | Misiones completadas: 0
2026-07-03 04:32:42 | INFO | each_eight_hours.py:148 | Starting game loop 6
2026-07-03 04:32:42 | INFO | my_functions.py:247 | [DEBUG] Buscando en paralelo: ['play.PNG'] | timeout=20s | confidence=0.8
2026-07-03 04:33:03 | INFO | my_functions.py:281 | [DEBUG] Click skipped, ninguna de las imágenes se encontró en el intento.
2026-07-03 04:33:04 | INFO | my_functions.py:169 | Searching 28_day_event_login_rewards.PNG (timeout=0s)
2026-07-03 04:33:04 | INFO | my_functions.py:213 | 
⛔ Not found: 28_day_event_login_rewards.PNG after 0.0s region=(0, 0, 765, 1038) confidence=0.8
2026-07-03 04:33:06 | INFO | my_functions.py:533 | AVAILABLE: 6
2026-07-03 04:33:06 | INFO | each_eight_hours.py:271 | Submissions after match: 6
2026-07-03 04:33:06 | INFO | my_functions.py:555 | Misiones completadas: 0
2026-07-03 04:33:06 | INFO | each_eight_hours.py:148 | Starting game loop 7
2026-07-03 04:33:06 | INFO | my_functions.py:247 | [DEBUG] Buscando en paralelo: ['play.PNG'] | timeout=20s | confidence=0.8
2026-07-03 04:33:26 | INFO | my_functions.py:281 | [DEBUG] Click skipped, ninguna de las imágenes se encontró en el intento.
2026-07-03 04:33:28 | INFO | my_functions.py:169 | Searching 28_day_event_login_rewards.PNG (timeout=0s)
2026-07-03 04:33:28 | INFO | my_functions.py:213 | 
⛔ Not found: 28_day_event_login_rewards.PNG after 0.0s region=(0, 0, 765, 1038) confidence=0.8
2026-07-03 04:33:30 | INFO | my_functions.py:533 | AVAILABLE: 6
2026-07-03 04:33:30 | INFO | each_eight_hours.py:271 | Submissions after match: 6
2026-07-03 04:33:30 | INFO | my_functions.py:555 | Misiones completadas: 0
2026-07-03 04:33:30 | INFO | each_eight_hours.py:148 | Starting game loop 8
2026-07-03 04:33:30 | INFO | my_functions.py:247 | [DEBUG] Buscando en paralelo: ['play.PNG'] | timeout=20s | confidence=0.8
2026-07-03 04:33:50 | INFO | my_functions.py:281 | [DEBUG] Click skipped, ninguna de las imágenes se encontró en el intento.
2026-07-03 04:33:51 | INFO | my_functions.py:169 | Searching 28_day_event_login_rewards.PNG (timeout=0s)
2026-07-03 04:33:52 | INFO | my_functions.py:213 | 
⛔ Not found: 28_day_event_login_rewards.PNG after 0.01s region=(0, 0, 765, 1038) confidence=0.8
2026-07-03 04:33:54 | INFO | my_functions.py:533 | AVAILABLE: 6
2026-07-03 04:33:54 | INFO | each_eight_hours.py:271 | Submissions after match: 6
2026-07-03 04:33:54 | INFO | my_functions.py:555 | Misiones completadas: 0
2026-07-03 04:33:54 | INFO | each_eight_hours.py:148 | Starting game loop 9
2026-07-03 04:33:54 | INFO | my_functions.py:247 | [DEBUG] Buscando en paralelo: ['play.PNG'] | timeout=20s | confidence=0.8
2026-07-03 04:34:14 | INFO | my_functions.py:281 | [DEBUG] Click skipped, ninguna de las imágenes se encontró en el intento.
2026-07-03 04:34:15 | INFO | my_functions.py:169 | Searching 28_day_event_login_rewards.PNG (timeout=0s)
2026-07-03 04:34:16 | INFO | my_functions.py:213 | 
⛔ Not found: 28_day_event_login_rewards.PNG after 0.0s region=(0, 0, 765, 1038) confidence=0.8
2026-07-03 04:34:18 | INFO | my_functions.py:533 | AVAILABLE: 6
2026-07-03 04:34:18 | INFO | each_eight_hours.py:271 | Submissions after match: 6
2026-07-03 04:34:18 | INFO | my_functions.py:555 | Misiones completadas: 0
2026-07-03 04:34:18 | INFO | each_eight_hours.py:148 | Starting game loop 10
2026-07-03 04:34:18 | INFO | my_functions.py:247 | [DEBUG] Buscando en paralelo: ['play.PNG'] | timeout=20s | confidence=0.8
2026-07-03 04:34:38 | INFO | my_functions.py:281 | [DEBUG] Click skipped, ninguna de las imágenes se encontró en el intento.
2026-07-03 04:34:39 | INFO | my_functions.py:169 | Searching 28_day_event_login_rewards.PNG (timeout=0s)
2026-07-03 04:34:40 | INFO | my_functions.py:213 | 
⛔ Not found: 28_day_event_login_rewards.PNG after 0.0s region=(0, 0, 765, 1038) confidence=0.8
2026-07-03 04:34:42 | INFO | my_functions.py:533 | AVAILABLE: 6
2026-07-03 04:34:42 | INFO | each_eight_hours.py:271 | Submissions after match: 6
2026-07-03 04:34:42 | INFO | my_functions.py:555 | Misiones completadas: 0
2026-07-03 04:34:42 | INFO | each_eight_hours.py:148 | Starting game loop 11
2026-07-03 04:34:42 | INFO | my_functions.py:247 | [DEBUG] Buscando en paralelo: ['play.PNG'] | timeout=20s | confidence=0.8
2026-07-03 04:35:02 | INFO | my_functions.py:281 | [DEBUG] Click skipped, ninguna de las imágenes se encontró en el intento.
2026-07-03 04:35:03 | INFO | my_functions.py:169 | Searching 28_day_event_login_rewards.PNG (timeout=0s)
2026-07-03 04:35:04 | INFO | my_functions.py:213 | 
⛔ Not found: 28_day_event_login_rewards.PNG after 0.0s region=(0, 0, 765, 1038) confidence=0.8
2026-07-03 04:35:06 | INFO | my_functions.py:533 | AVAILABLE: 6
2026-07-03 04:35:06 | INFO | each_eight_hours.py:271 | Submissions after match: 6
2026-07-03 04:35:06 | INFO | my_functions.py:555 | Misiones completadas: 0
2026-07-03 04:35:06 | INFO | each_eight_hours.py:148 | Starting game loop 12
2026-07-03 04:35:06 | INFO | my_functions.py:247 | [DEBUG] Buscando en paralelo: ['play.PNG'] | timeout=20s | confidence=0.8
2026-07-03 04:35:26 | INFO | my_functions.py:281 | [DEBUG] Click skipped, ninguna de las imágenes se encontró en el intento.
2026-07-03 04:35:27 | INFO | my_functions.py:169 | Searching 28_day_event_login_rewards.PNG (timeout=0s)
2026-07-03 04:35:28 | INFO | my_functions.py:213 | 
⛔ Not found: 28_day_event_login_rewards.PNG after 0.0s region=(0, 0, 765, 1038) confidence=0.8
2026-07-03 04:35:30 | INFO | my_functions.py:533 | AVAILABLE: 6
2026-07-03 04:35:30 | INFO | each_eight_hours.py:271 | Submissions after match: 6
2026-07-03 04:35:30 | INFO | my_functions.py:555 | Misiones completadas: 0
2026-07-03 04:35:30 | INFO | each_eight_hours.py:148 | Starting game loop 13
2026-07-03 04:35:30 | INFO | my_functions.py:247 | [DEBUG] Buscando en paralelo: ['play.PNG'] | timeout=20s | confidence=0.8
2026-07-03 04:35:50 | INFO | my_functions.py:281 | [DEBUG] Click skipped, ninguna de las imágenes se encontró en el intento.
2026-07-03 04:35:51 | INFO | my_functions.py:169 | Searching 28_day_event_login_rewards.PNG (timeout=0s)
2026-07-03 04:35:52 | INFO | my_functions.py:213 | 
⛔ Not found: 28_day_event_login_rewards.PNG after 0.0s region=(0, 0, 765, 1038) confidence=0.8
2026-07-03 04:35:54 | INFO | my_functions.py:533 | AVAILABLE: 6
2026-07-03 04:35:54 | INFO | each_eight_hours.py:271 | Submissions after match: 6
2026-07-03 04:35:54 | INFO | my_functions.py:555 | Misiones completadas: 0
2026-07-03 04:35:54 | INFO | each_eight_hours.py:148 | Starting game loop 14
2026-07-03 04:35:54 | INFO | my_functions.py:247 | [DEBUG] Buscando en paralelo: ['play.PNG'] | timeout=20s | confidence=0.8
2026-07-03 04:36:14 | INFO | my_functions.py:281 | [DEBUG] Click skipped, ninguna de las imágenes se encontró en el intento.
2026-07-03 04:36:15 | INFO | my_functions.py:169 | Searching 28_day_event_login_rewards.PNG (timeout=0s)
2026-07-03 04:36:16 | INFO | my_functions.py:213 | 
⛔ Not found: 28_day_event_login_rewards.PNG after 0.47s region=(0, 0, 765, 1038) confidence=0.8
2026-07-03 04:36:18 | INFO | my_functions.py:533 | AVAILABLE: 6
2026-07-03 04:36:18 | INFO | each_eight_hours.py:271 | Submissions after match: 6
2026-07-03 04:36:18 | INFO | my_functions.py:555 | Misiones completadas: 0
2026-07-03 04:36:18 | INFO | each_eight_hours.py:148 | Starting game loop 15
2026-07-03 04:36:18 | INFO | my_functions.py:247 | [DEBUG] Buscando en paralelo: ['play.PNG'] | timeout=20s | confidence=0.8
2026-07-03 04:36:39 | INFO | my_functions.py:281 | [DEBUG] Click skipped, ninguna de las imágenes se encontró en el intento.
2026-07-03 04:36:40 | INFO | my_functions.py:169 | Searching 28_day_event_login_rewards.PNG (timeout=0s)
2026-07-03 04:36:40 | INFO | my_functions.py:213 | 
⛔ Not found: 28_day_event_login_rewards.PNG after 0.0s region=(0, 0, 765, 1038) confidence=0.8
2026-07-03 04:36:43 | INFO | my_functions.py:533 | AVAILABLE: 6
2026-07-03 04:36:43 | INFO | each_eight_hours.py:271 | Submissions after match: 6
2026-07-03 04:36:43 | INFO | my_functions.py:555 | Misiones completadas: 0
2026-07-03 04:36:43 | INFO | each_eight_hours.py:148 | Starting game loop 16
2026-07-03 04:36:43 | INFO | my_functions.py:247 | [DEBUG] Buscando en paralelo: ['play.PNG'] | timeout=20s | confidence=0.8
2026-07-03 04:37:03 | INFO | my_functions.py:281 | [DEBUG] Click skipped, ninguna de las imágenes se encontró en el intento.
2026-07-03 04:37:04 | INFO | my_functions.py:169 | Searching 28_day_event_login_rewards.PNG (timeout=0s)
2026-07-03 04:37:04 | INFO | my_functions.py:213 | 
⛔ Not found: 28_day_event_login_rewards.PNG after 0.0s region=(0, 0, 765, 1038) confidence=0.8
2026-07-03 04:37:06 | INFO | my_functions.py:533 | AVAILABLE: 6
2026-07-03 04:37:06 | INFO | each_eight_hours.py:271 | Submissions after match: 6
2026-07-03 04:37:06 | INFO | my_functions.py:555 | Misiones completadas: 0
2026-07-03 04:37:06 | INFO | each_eight_hours.py:148 | Starting game loop 17
2026-07-03 04:37:06 | INFO | my_functions.py:247 | [DEBUG] Buscando en paralelo: ['play.PNG'] | timeout=20s | confidence=0.8
2026-07-03 04:37:27 | INFO | my_functions.py:281 | [DEBUG] Click skipped, ninguna de las imágenes se encontró en el intento.
2026-07-03 04:37:28 | INFO | my_functions.py:169 | Searching 28_day_event_login_rewards.PNG (timeout=0s)
2026-07-03 04:37:29 | INFO | my_functions.py:213 | 
⛔ Not found: 28_day_event_login_rewards.PNG after 0.0s region=(0, 0, 765, 1038) confidence=0.8
2026-07-03 04:37:31 | INFO | my_functions.py:533 | AVAILABLE: 6
2026-07-03 04:37:31 | INFO | each_eight_hours.py:271 | Submissions after match: 6
2026-07-03 04:37:31 | INFO | my_functions.py:555 | Misiones completadas: 0
2026-07-03 04:37:31 | INFO | each_eight_hours.py:148 | Starting game loop 18
2026-07-03 04:37:31 | INFO | my_functions.py:247 | [DEBUG] Buscando en paralelo: ['play.PNG'] | timeout=20s | confidence=0.8
2026-07-03 04:37:51 | INFO | my_functions.py:281 | [DEBUG] Click skipped, ninguna de las imágenes se encontró en el intento.
2026-07-03 04:37:52 | INFO | my_functions.py:169 | Searching 28_day_event_login_rewards.PNG (timeout=0s)
2026-07-03 04:37:52 | INFO | my_functions.py:213 | 
⛔ Not found: 28_day_event_login_rewards.PNG after 0.0s region=(0, 0, 765, 1038) confidence=0.8
2026-07-03 04:37:54 | INFO | my_functions.py:533 | AVAILABLE: 6
2026-07-03 04:37:54 | INFO | each_eight_hours.py:271 | Submissions after match: 6
2026-07-03 04:37:54 | INFO | my_functions.py:555 | Misiones completadas: 0
2026-07-03 04:37:54 | INFO | each_eight_hours.py:148 | Starting game loop 19
2026-07-03 04:37:54 | INFO | my_functions.py:247 | [DEBUG] Buscando en paralelo: ['play.PNG'] | timeout=20s | confidence=0.8
2026-07-03 04:38:14 | INFO | my_functions.py:281 | [DEBUG] Click skipped, ninguna de las imágenes se encontró en el intento.
2026-07-03 04:38:15 | INFO | my_functions.py:169 | Searching 28_day_event_login_rewards.PNG (timeout=0s)
2026-07-03 04:38:16 | INFO | my_functions.py:213 | 
⛔ Not found: 28_day_event_login_rewards.PNG after 0.0s region=(0, 0, 765, 1038) confidence=0.8
2026-07-03 04:38:18 | INFO | my_functions.py:533 | AVAILABLE: 6
2026-07-03 04:38:18 | INFO | each_eight_hours.py:271 | Submissions after match: 6
2026-07-03 04:38:18 | INFO | my_functions.py:555 | Misiones completadas: 0
2026-07-03 04:38:18 | INFO | each_eight_hours.py:148 | Starting game loop 20
2026-07-03 04:38:18 | INFO | my_functions.py:247 | [DEBUG] Buscando en paralelo: ['play.PNG'] | timeout=20s | confidence=0.8
