2026-06-03 11:35:31 | INFO | each_eight_hours.py:39 | LOG FILE PATH: \\vmware-host\Shared Folders\SHARED FILES VM\MS\logs\each_eight_hours_2026-06-03_11-35-31.log
2026-06-03 11:35:31 | INFO | each_eight_hours.py:40 | Logger initialized
2026-06-03 11:35:31 | INFO | each_eight_hours.py:67 | Script initialized
2026-06-03 11:35:33 | INFO | each_eight_hours.py:128 | snap.exe terminated if it was running
2026-06-03 11:35:33 | INFO | my_functions.py:57 | ⏳ Esperando WebSocket de OBS...
2026-06-03 11:35:33 | INFO | baseclient.py:33 | Connecting with parameters: host='localhost' port=4455 password='' subs=0 timeout=None
2026-06-03 11:35:33 | INFO | reqs.py:23 | Successfully identified ReqClient with the server using RPC version:1
2026-06-03 11:35:33 | INFO | my_functions.py:63 | ✅ Conectado al OBS WebSocket
2026-06-03 11:35:33 | INFO | my_functions.py:79 | ⏹ Grabación ya estaba activa, deteniéndola...
2026-06-03 11:35:33 | INFO | baseclient.py:33 | Connecting with parameters: host='localhost' port=4455 password='' subs=0 timeout=None
2026-06-03 11:35:33 | INFO | reqs.py:23 | Successfully identified ReqClient with the server using RPC version:1
2026-06-03 11:35:33 | INFO | my_functions.py:94 | Record stopped.
2026-06-03 11:35:45 | INFO | my_functions.py:124 | Archivo renombrado a: C:\Users\Farm\Videos\my_functions_2026-06-03_11-35-45.mkv
2026-06-03 11:35:48 | INFO | my_functions.py:84 | 🎬 Nueva grabación iniciada
2026-06-03 11:35:48 | INFO | my_functions.py:1325 | ⏱ Esperando 0.1 segundos antes de empezar...
2026-06-03 11:35:49 | INFO | my_functions.py:1332 | 🔍 Esperando ventana que contenga alguna de: ['py', 'eight_hours'] (máx 20s)
2026-06-03 11:35:49 | INFO | my_functions.py:1344 | ✅ Ventana encontrada: 'each_eight_hours  - Acceso directo'
2026-06-03 11:35:49 | INFO | my_functions.py:1359 | ✅ Ventana seleccionada: 'each_eight_hours  - Acceso directo'
2026-06-03 11:35:51 | INFO | my_functions.py:1382 | 🔁 Reajuste #1...
2026-06-03 11:35:51 | INFO | my_functions.py:1389 | ✔ Verificación completa. Se hicieron 1 reajustes.
2026-06-03 11:36:21 | INFO | my_functions.py:2155 | Starting Steam window scan
2026-06-03 11:36:21 | INFO | my_functions.py:2158 | Found window: 
2026-06-03 11:36:21 | INFO | my_functions.py:2158 | Found window: each_eight_hours  - Acceso directo
2026-06-03 11:36:21 | INFO | my_functions.py:2158 | Found window: 
2026-06-03 11:36:21 | INFO | my_functions.py:2158 | Found window: 
2026-06-03 11:36:21 | INFO | my_functions.py:2158 | Found window: 
2026-06-03 11:36:21 | INFO | my_functions.py:2158 | Found window: 
2026-06-03 11:36:21 | INFO | my_functions.py:2158 | Found window: RivaTunerStatisticsServer
2026-06-03 11:36:21 | INFO | my_functions.py:2158 | Found window: Program Manager
2026-06-03 11:36:21 | INFO | each_eight_hours.py:139 | Processing account: jeremy
2026-06-03 11:36:21 | INFO | each_eight_hours.py:142 | Game relaunched for account
2026-06-03 11:36:21 | INFO | my_functions.py:1325 | ⏱ Esperando 0.1 segundos antes de empezar...
2026-06-03 11:36:21 | INFO | my_functions.py:1332 | 🔍 Esperando ventana que contenga alguna de: ['SNAP'] (máx 20s)
2026-06-03 11:36:23 | INFO | my_functions.py:1344 | ✅ Ventana encontrada: 'SNAP'
2026-06-03 11:36:23 | INFO | my_functions.py:1359 | ✅ Ventana seleccionada: 'SNAP'
2026-06-03 11:36:25 | INFO | my_functions.py:1382 | 🔁 Reajuste #1...
2026-06-03 11:36:27 | INFO | my_functions.py:1389 | ✔ Verificación completa. Se hicieron 1 reajustes.
2026-06-03 11:36:27 | INFO | my_functions.py:1028 | [DEBUG] Resizing SNAP window...
2026-06-03 11:36:27 | INFO | my_functions.py:1325 | ⏱ Esperando 0.1 segundos antes de empezar...
2026-06-03 11:36:27 | INFO | my_functions.py:1332 | 🔍 Esperando ventana que contenga alguna de: ['SNAP'] (máx 20s)
2026-06-03 11:36:27 | INFO | my_functions.py:1344 | ✅ Ventana encontrada: 'SNAP'
2026-06-03 11:36:27 | INFO | my_functions.py:1359 | ✅ Ventana seleccionada: 'SNAP'
2026-06-03 11:36:30 | INFO | my_functions.py:1391 | ✔ Verificación completa. No hubo cambios después del primer ajuste.
2026-06-03 11:36:30 | INFO | my_functions.py:279 | [DEBUG] Buscando en paralelo: ['small_submit.PNG', 'small_submit_hover.png', 'submit_hover_2.png', 'small_submit_hover_2.png'] | timeout=90s | confidence=0.8
2026-06-03 11:36:32 | INFO | my_functions.py:163 | Haciendo click en la posición (380, 642)
2026-06-03 11:36:34 | INFO | my_functions.py:301 | 🖱️ Click OK (En paralelo): small_submit.PNG at (380, 642) delay=0.2s
2026-06-03 11:36:37 | INFO | my_functions.py:279 | [DEBUG] Buscando en paralelo: ['small_submit.PNG', 'small_submit_hover.png', 'submit_hover_2.png', 'small_submit_hover_2.png'] | timeout=20s | confidence=0.8
2026-06-03 11:36:37 | INFO | my_functions.py:163 | Haciendo click en la posición (380, 721)
2026-06-03 11:36:39 | INFO | my_functions.py:301 | 🖱️ Click OK (En paralelo): small_submit.PNG at (380, 721) delay=0.2s
2026-06-03 11:36:40 | INFO | my_functions.py:1325 | ⏱ Esperando 0.1 segundos antes de empezar...
2026-06-03 11:36:40 | INFO | my_functions.py:1332 | 🔍 Esperando ventana que contenga alguna de: ['SNAP'] (máx 20s)
2026-06-03 11:36:40 | INFO | my_functions.py:1344 | ✅ Ventana encontrada: 'SNAP'
2026-06-03 11:36:40 | INFO | my_functions.py:1359 | ✅ Ventana seleccionada: 'SNAP'
2026-06-03 11:36:42 | INFO | my_functions.py:1382 | 🔁 Reajuste #1...
2026-06-03 11:36:43 | INFO | my_functions.py:1389 | ✔ Verificación completa. Se hicieron 1 reajustes.
2026-06-03 11:36:43 | INFO | my_functions.py:201 | Searching please_sign.png (timeout=0s)
2026-06-03 11:36:43 | INFO | my_functions.py:231 | 
✅ Found: please_sign.png pos=(383, 438) time=0.18s confidence=0.8
2026-06-03 11:36:43 | INFO | my_functions.py:279 | [DEBUG] Buscando en paralelo: ['ok_btn.png'] | timeout=20s | confidence=0.8
2026-06-03 11:36:44 | INFO | my_functions.py:163 | Haciendo click en la posición (382, 634)
2026-06-03 11:36:45 | INFO | my_functions.py:301 | 🖱️ Click OK (En paralelo): ok_btn.png at (382, 634) delay=0.4s
2026-06-03 11:36:46 | INFO | my_functions.py:279 | [DEBUG] Buscando en paralelo: ['small_submit.PNG', 'small_submit_hover.png', 'submit_hover_2.png', 'small_submit_hover_2.png'] | timeout=90s | confidence=0.8
2026-06-03 11:36:47 | INFO | my_functions.py:163 | Haciendo click en la posición (383, 643)
2026-06-03 11:36:49 | INFO | my_functions.py:301 | 🖱️ Click OK (En paralelo): small_submit_hover_2.png at (383, 643) delay=0.2s
2026-06-03 11:36:50 | INFO | my_functions.py:279 | [DEBUG] Buscando en paralelo: ['small_submit.PNG', 'small_submit_hover.png', 'submit_hover_2.png', 'small_submit_hover_2.png'] | timeout=20s | confidence=0.8
2026-06-03 11:36:51 | INFO | my_functions.py:163 | Haciendo click en la posición (380, 721)
2026-06-03 11:36:52 | INFO | my_functions.py:301 | 🖱️ Click OK (En paralelo): small_submit.PNG at (380, 721) delay=0.2s
2026-06-03 11:36:53 | INFO | my_functions.py:201 | Searching sign_in_with_google2.PNG (timeout=90s)
2026-06-03 11:36:53 | INFO | my_functions.py:231 | 
✅ Found: sign_in_with_google2.PNG pos=(406, 957) time=0.17s confidence=0.8
2026-06-03 11:36:53 | INFO | my_functions.py:279 | [DEBUG] Buscando en paralelo: ['sign_in_with_google2.PNG'] | timeout=20s | confidence=0.8
2026-06-03 11:36:54 | INFO | my_functions.py:163 | Haciendo click en la posición (406, 957)
2026-06-03 11:36:55 | INFO | my_functions.py:301 | 🖱️ Click OK (En paralelo): sign_in_with_google2.PNG at (406, 957) delay=0.4s
2026-06-03 11:36:56 | INFO | my_functions.py:279 | [DEBUG] Buscando en paralelo: ['jeremy.png'] | timeout=30s | confidence=0.8
2026-06-03 11:37:26 | INFO | my_functions.py:313 | [DEBUG] Click skipped, ninguna de las imágenes se encontró en el intento.
2026-06-03 11:37:28 | INFO | my_functions.py:279 | [DEBUG] Buscando en paralelo: ['jeremy.png'] | timeout=0s | confidence=0.8
2026-06-03 11:37:31 | INFO | my_functions.py:163 | Haciendo click en la posición (1143, 645)
2026-06-03 11:37:33 | INFO | my_functions.py:301 | 🖱️ Click OK (En paralelo): jeremy.png at (1143, 645) delay=3s
2026-06-03 11:37:35 | INFO | my_functions.py:201 | Searching marvelsnap_web.png (timeout=30s)
2026-06-03 11:37:37 | INFO | my_functions.py:231 | 
✅ Found: marvelsnap_web.png pos=(258, 80) time=2.25s confidence=0.7
2026-06-03 11:37:37 | INFO | my_functions.py:201 | Searching shop_unselected.PNG (timeout=0s)
2026-06-03 11:37:38 | INFO | my_functions.py:245 | 
⛔ Not found: shop_unselected.PNG after 0.0s region=(0, 0, 765, 1038) confidence=0.8
2026-06-03 11:37:38 | INFO | my_functions.py:279 | [DEBUG] Buscando en paralelo: ['super_premium.PNG'] | timeout=0s | confidence=0.8
2026-06-03 11:37:38 | INFO | my_functions.py:313 | [DEBUG] Click skipped, ninguna de las imágenes se encontró en el intento.
2026-06-03 11:37:39 | INFO | my_functions.py:279 | [DEBUG] Buscando en paralelo: ['maybe_later.PNG'] | timeout=0s | confidence=0.8
2026-06-03 11:37:39 | INFO | my_functions.py:313 | [DEBUG] Click skipped, ninguna de las imágenes se encontró en el intento.
2026-06-03 11:37:40 | INFO | my_functions.py:279 | [DEBUG] Buscando en paralelo: ['maybe_later2.PNG'] | timeout=0s | confidence=0.8
2026-06-03 11:37:40 | INFO | my_functions.py:313 | [DEBUG] Click skipped, ninguna de las imágenes se encontró en el intento.
2026-06-03 11:37:42 | INFO | my_functions.py:201 | Searching go_to_shop.PNG (timeout=0s)
2026-06-03 11:37:42 | INFO | my_functions.py:245 | 
⛔ Not found: go_to_shop.PNG after 0.0s region=(0, 0, 765, 1038) confidence=0.8
2026-06-03 11:37:42 | INFO | my_functions.py:279 | [DEBUG] Buscando en paralelo: ['14_days_of_winterverse.PNG'] | timeout=0s | confidence=0.8
2026-06-03 11:37:42 | INFO | my_functions.py:313 | [DEBUG] Click skipped, ninguna de las imágenes se encontró en el intento.
2026-06-03 11:37:43 | INFO | my_functions.py:201 | Searching welcome_back_calendar.PNG (timeout=0s)
2026-06-03 11:37:43 | INFO | my_functions.py:245 | 
⛔ Not found: welcome_back_calendar.PNG after 0.0s region=(0, 0, 765, 1038) confidence=0.8
2026-06-03 11:37:43 | INFO | my_functions.py:279 | [DEBUG] Buscando en paralelo: ['start_the_countdown.PNG'] | timeout=0s | confidence=0.8
2026-06-03 11:37:44 | INFO | my_functions.py:313 | [DEBUG] Click skipped, ninguna de las imágenes se encontró en el intento.
2026-06-03 11:37:45 | INFO | my_functions.py:279 | [DEBUG] Buscando en paralelo: ['event_has_ended_sanctum.PNG'] | timeout=0s | confidence=0.8
2026-06-03 11:37:45 | INFO | my_functions.py:313 | [DEBUG] Click skipped, ninguna de las imágenes se encontró en el intento.
2026-06-03 11:37:46 | INFO | my_functions.py:279 | [DEBUG] Buscando en paralelo: ['image_part_of_event_grand_arena_finished.PNG'] | timeout=0s | confidence=0.8
2026-06-03 11:37:46 | INFO | my_functions.py:313 | [DEBUG] Click skipped, ninguna de las imágenes se encontró en el intento.
2026-06-03 11:37:47 | INFO | my_functions.py:201 | Searching 28_day_event_login_rewards.PNG (timeout=0s)
2026-06-03 11:37:47 | INFO | my_functions.py:245 | 
⛔ Not found: 28_day_event_login_rewards.PNG after 0.0s region=(0, 0, 765, 1038) confidence=0.8
2026-06-03 11:37:47 | INFO | my_functions.py:201 | Searching 7_day_event_login.PNG (timeout=0s)
2026-06-03 11:37:48 | INFO | my_functions.py:245 | 
⛔ Not found: 7_day_event_login.PNG after 0.0s region=(0, 0, 765, 1038) confidence=0.8
2026-06-03 11:37:48 | INFO | my_functions.py:201 | Searching 14_days_event.PNG (timeout=0s)
2026-06-03 11:37:48 | INFO | my_functions.py:245 | 
⛔ Not found: 14_days_event.PNG after 0.0s region=(0, 0, 765, 1038) confidence=0.8
2026-06-03 11:37:48 | INFO | my_functions.py:279 | [DEBUG] Buscando en paralelo: ['lets_go.PNG'] | timeout=0s | confidence=0.8
2026-06-03 11:37:48 | INFO | my_functions.py:313 | [DEBUG] Click skipped, ninguna de las imágenes se encontró en el intento.
2026-06-03 11:37:50 | INFO | my_functions.py:201 | Searching shop_unselected.PNG (timeout=0s)
2026-06-03 11:37:50 | INFO | my_functions.py:231 | 
✅ Found: shop_unselected.PNG pos=(88, 961) time=0.24s confidence=0.8
2026-06-03 11:37:58 | INFO | my_functions.py:201 | Searching shop_unselected.PNG (timeout=0s)
2026-06-03 11:37:59 | INFO | my_functions.py:231 | 
✅ Found: shop_unselected.PNG pos=(88, 961) time=0.21s confidence=0.8
2026-06-03 11:37:59 | INFO | my_functions.py:555 | Ya esta listo
2026-06-03 11:38:01 | INFO | my_functions.py:361 | AVAILABLE: 6
2026-06-03 11:38:01 | INFO | my_functions.py:383 | Misiones completadas: 0
2026-06-03 11:38:01 | INFO | my_functions.py:201 | Searching play.PNG (timeout=0s)
2026-06-03 11:38:01 | INFO | my_functions.py:231 | 
✅ Found: play.PNG pos=(384, 824) time=0.25s confidence=0.8
2026-06-03 11:38:01 | INFO | my_functions.py:1220 | [INFO] Click realizado donde se equipa el deck a jugar
2026-06-03 11:38:05 | INFO | my_functions.py:279 | [DEBUG] Buscando en paralelo: ['deck_666666.png'] | timeout=3s | confidence=0.8
2026-06-03 11:38:06 | INFO | my_functions.py:163 | Haciendo click en la posición (235, 546)
2026-06-03 11:38:07 | INFO | my_functions.py:301 | 🖱️ Click OK (En paralelo): deck_666666.png at (235, 546) delay=0.4s
2026-06-03 11:38:08 | INFO | my_functions.py:279 | [DEBUG] Buscando en paralelo: ['equip.png'] | timeout=3s | confidence=0.95
2026-06-03 11:38:09 | INFO | my_functions.py:163 | Haciendo click en la posición (548, 983)
2026-06-03 11:38:10 | INFO | my_functions.py:301 | 🖱️ Click OK (En paralelo): equip.png at (548, 983) delay=0.4s
2026-06-03 11:38:11 | INFO | each_eight_hours.py:166 | Deck selected: 6turns
2026-06-03 11:38:11 | INFO | my_functions.py:279 | [DEBUG] Buscando en paralelo: ['maybe_later.PNG'] | timeout=2s | confidence=0.8
2026-06-03 11:38:14 | INFO | my_functions.py:313 | [DEBUG] Click skipped, ninguna de las imágenes se encontró en el intento.
2026-06-03 11:38:15 | INFO | my_functions.py:279 | [DEBUG] Buscando en paralelo: ['maybe_later2.PNG'] | timeout=0.01s | confidence=0.8
2026-06-03 11:38:15 | INFO | my_functions.py:313 | [DEBUG] Click skipped, ninguna de las imágenes se encontró en el intento.
2026-06-03 11:38:16 | INFO | each_eight_hours.py:193 | Starting game loop 1
2026-06-03 11:38:16 | INFO | my_functions.py:279 | [DEBUG] Buscando en paralelo: ['play.PNG'] | timeout=20s | confidence=0.8
2026-06-03 11:38:19 | INFO | my_functions.py:163 | Haciendo click en la posición (384, 824)
2026-06-03 11:38:21 | INFO | my_functions.py:301 | 🖱️ Click OK (En paralelo): play.PNG at (384, 824) delay=3s
2026-06-03 11:38:43 | INFO | my_functions.py:231 | 
✅ Found: end_turn.PNG pos=(681, 945) time=0.18s confidence=0.8
2026-06-03 11:38:43 | INFO | my_functions.py:279 | [DEBUG] Buscando en paralelo: ['snap.PNG'] | timeout=0s | confidence=0.8
2026-06-03 11:38:44 | INFO | my_functions.py:163 | Haciendo click en la posición (386, 123)
2026-06-03 11:38:46 | INFO | my_functions.py:301 | 🖱️ Click OK (En paralelo): snap.PNG at (386, 123) delay=0.4s
2026-06-03 11:38:52 | INFO | my_functions.py:163 | Haciendo click en la posición (681, 945)
2026-06-03 11:38:54 | INFO | each_eight_hours.py:209 | End turn executed
2026-06-03 11:39:07 | INFO | my_functions.py:231 | 
✅ Found: end_turn.PNG pos=(682, 946) time=0.18s confidence=0.8
2026-06-03 11:39:07 | INFO | my_functions.py:279 | [DEBUG] Buscando en paralelo: ['snap.PNG'] | timeout=0s | confidence=0.8
2026-06-03 11:39:07 | INFO | my_functions.py:313 | [DEBUG] Click skipped, ninguna de las imágenes se encontró en el intento.
2026-06-03 11:39:13 | INFO | my_functions.py:163 | Haciendo click en la posición (682, 946)
2026-06-03 11:39:15 | INFO | each_eight_hours.py:209 | End turn executed
2026-06-03 11:39:23 | INFO | my_functions.py:231 | 
✅ Found: end_turn.PNG pos=(681, 945) time=0.2s confidence=0.8
2026-06-03 11:39:23 | INFO | my_functions.py:279 | [DEBUG] Buscando en paralelo: ['snap.PNG'] | timeout=0s | confidence=0.8
2026-06-03 11:39:23 | INFO | my_functions.py:313 | [DEBUG] Click skipped, ninguna de las imágenes se encontró en el intento.
2026-06-03 11:39:30 | INFO | my_functions.py:163 | Haciendo click en la posición (681, 945)
2026-06-03 11:39:32 | INFO | each_eight_hours.py:209 | End turn executed
2026-06-03 11:39:54 | INFO | my_functions.py:231 | 
✅ Found: end_turn.PNG pos=(682, 945) time=0.19s confidence=0.8
2026-06-03 11:39:54 | INFO | my_functions.py:279 | [DEBUG] Buscando en paralelo: ['snap.PNG'] | timeout=0s | confidence=0.8
2026-06-03 11:39:54 | INFO | my_functions.py:313 | [DEBUG] Click skipped, ninguna de las imágenes se encontró en el intento.
2026-06-03 11:40:00 | INFO | my_functions.py:163 | Haciendo click en la posición (682, 945)
2026-06-03 11:40:03 | INFO | each_eight_hours.py:209 | End turn executed
2026-06-03 11:40:15 | INFO | my_functions.py:231 | 
✅ Found: end_turn.PNG pos=(681, 945) time=0.19s confidence=0.8
2026-06-03 11:40:15 | INFO | my_functions.py:279 | [DEBUG] Buscando en paralelo: ['snap.PNG'] | timeout=0s | confidence=0.8
2026-06-03 11:40:15 | INFO | my_functions.py:313 | [DEBUG] Click skipped, ninguna de las imágenes se encontró en el intento.
2026-06-03 11:40:21 | INFO | my_functions.py:163 | Haciendo click en la posición (681, 945)
2026-06-03 11:40:24 | INFO | each_eight_hours.py:209 | End turn executed
2026-06-03 11:40:44 | INFO | my_functions.py:231 | 
✅ Found: end_turn.PNG pos=(682, 945) time=0.22s confidence=0.8
2026-06-03 11:40:44 | INFO | my_functions.py:279 | [DEBUG] Buscando en paralelo: ['snap.PNG'] | timeout=0s | confidence=0.8
2026-06-03 11:40:44 | INFO | my_functions.py:313 | [DEBUG] Click skipped, ninguna de las imágenes se encontró en el intento.
2026-06-03 11:40:51 | INFO | my_functions.py:163 | Haciendo click en la posición (682, 945)
2026-06-03 11:40:53 | INFO | each_eight_hours.py:209 | End turn executed
2026-06-03 11:41:26 | INFO | my_functions.py:231 | 
✅ Found: collect_rewards.PNG pos=(680, 977) time=0.25s confidence=0.8
2026-06-03 11:41:26 | INFO | each_eight_hours.py:248 | Rewards detected, exiting match
2026-06-03 11:41:26 | INFO | my_functions.py:279 | [DEBUG] Buscando en paralelo: ['collect_rewards.PNG'] | timeout=20s | confidence=0.8
2026-06-03 11:41:27 | INFO | my_functions.py:163 | Haciendo click en la posición (681, 958)
2026-06-03 11:41:29 | INFO | my_functions.py:301 | 🖱️ Click OK (En paralelo): collect_rewards.PNG at (681, 958) delay=0.4s
2026-06-03 11:41:30 | INFO | my_functions.py:279 | [DEBUG] Buscando en paralelo: ['next.PNG'] | timeout=20s | confidence=0.8
2026-06-03 11:41:33 | INFO | my_functions.py:163 | Haciendo click en la posición (677, 973)
2026-06-03 11:41:34 | INFO | my_functions.py:301 | 🖱️ Click OK (En paralelo): next.PNG at (677, 973) delay=0.4s
2026-06-03 11:41:38 | INFO | my_functions.py:361 | AVAILABLE: 6
2026-06-03 11:41:38 | INFO | each_eight_hours.py:315 | Submissions after match: 6
2026-06-03 11:41:38 | INFO | my_functions.py:383 | Misiones completadas: 1
2026-06-03 11:41:38 | INFO | each_eight_hours.py:193 | Starting game loop 2
2026-06-03 11:41:38 | INFO | my_functions.py:279 | [DEBUG] Buscando en paralelo: ['play.PNG'] | timeout=20s | confidence=0.8
2026-06-03 11:41:41 | INFO | my_functions.py:163 | Haciendo click en la posición (384, 824)
2026-06-03 11:41:42 | INFO | my_functions.py:301 | 🖱️ Click OK (En paralelo): play.PNG at (384, 824) delay=3s
2026-06-03 11:42:04 | INFO | my_functions.py:231 | 
✅ Found: end_turn.PNG pos=(681, 945) time=0.27s confidence=0.8
2026-06-03 11:42:04 | INFO | my_functions.py:279 | [DEBUG] Buscando en paralelo: ['snap.PNG'] | timeout=0s | confidence=0.8
2026-06-03 11:42:05 | INFO | my_functions.py:163 | Haciendo click en la posición (386, 122)
2026-06-03 11:42:06 | INFO | my_functions.py:301 | 🖱️ Click OK (En paralelo): snap.PNG at (386, 122) delay=0.4s
2026-06-03 11:42:13 | INFO | my_functions.py:163 | Haciendo click en la posición (681, 945)
2026-06-03 11:42:16 | INFO | each_eight_hours.py:209 | End turn executed
2026-06-03 11:42:34 | INFO | my_functions.py:231 | 
✅ Found: end_turn.PNG pos=(682, 945) time=0.21s confidence=0.8
2026-06-03 11:42:34 | INFO | my_functions.py:279 | [DEBUG] Buscando en paralelo: ['snap.PNG'] | timeout=0s | confidence=0.8
2026-06-03 11:42:34 | INFO | my_functions.py:313 | [DEBUG] Click skipped, ninguna de las imágenes se encontró en el intento.
2026-06-03 11:42:40 | INFO | my_functions.py:163 | Haciendo click en la posición (682, 945)
2026-06-03 11:42:43 | INFO | each_eight_hours.py:209 | End turn executed
2026-06-03 11:42:57 | INFO | my_functions.py:231 | 
✅ Found: end_turn.PNG pos=(681, 945) time=0.19s confidence=0.8
2026-06-03 11:42:57 | INFO | my_functions.py:279 | [DEBUG] Buscando en paralelo: ['snap.PNG'] | timeout=0s | confidence=0.8
2026-06-03 11:42:57 | INFO | my_functions.py:313 | [DEBUG] Click skipped, ninguna de las imágenes se encontró en el intento.
2026-06-03 11:43:03 | INFO | my_functions.py:163 | Haciendo click en la posición (681, 945)
2026-06-03 11:43:06 | INFO | each_eight_hours.py:209 | End turn executed
2026-06-03 11:43:20 | INFO | my_functions.py:231 | 
✅ Found: end_turn.PNG pos=(682, 945) time=0.22s confidence=0.8
2026-06-03 11:43:20 | INFO | my_functions.py:279 | [DEBUG] Buscando en paralelo: ['snap.PNG'] | timeout=0s | confidence=0.8
2026-06-03 11:43:20 | INFO | my_functions.py:313 | [DEBUG] Click skipped, ninguna de las imágenes se encontró en el intento.
2026-06-03 11:43:26 | INFO | my_functions.py:163 | Haciendo click en la posición (682, 945)
2026-06-03 11:43:29 | INFO | each_eight_hours.py:209 | End turn executed
2026-06-03 11:43:40 | INFO | my_functions.py:231 | 
✅ Found: end_turn.PNG pos=(681, 945) time=0.22s confidence=0.8
2026-06-03 11:43:40 | INFO | my_functions.py:279 | [DEBUG] Buscando en paralelo: ['snap.PNG'] | timeout=0s | confidence=0.8
2026-06-03 11:43:40 | INFO | my_functions.py:313 | [DEBUG] Click skipped, ninguna de las imágenes se encontró en el intento.
2026-06-03 11:43:46 | INFO | my_functions.py:163 | Haciendo click en la posición (681, 945)
2026-06-03 11:43:48 | INFO | each_eight_hours.py:209 | End turn executed
2026-06-03 11:44:09 | INFO | my_functions.py:231 | 
✅ Found: end_turn.PNG pos=(682, 945) time=0.21s confidence=0.8
2026-06-03 11:44:09 | INFO | my_functions.py:279 | [DEBUG] Buscando en paralelo: ['snap.PNG'] | timeout=0s | confidence=0.8
2026-06-03 11:44:09 | INFO | my_functions.py:313 | [DEBUG] Click skipped, ninguna de las imágenes se encontró en el intento.
2026-06-03 11:44:16 | INFO | my_functions.py:163 | Haciendo click en la posición (682, 945)
2026-06-03 11:44:18 | INFO | each_eight_hours.py:209 | End turn executed
2026-06-03 11:44:31 | INFO | my_functions.py:231 | 
✅ Found: collect_rewards.PNG pos=(680, 972) time=0.23s confidence=0.8
2026-06-03 11:44:31 | INFO | each_eight_hours.py:248 | Rewards detected, exiting match
2026-06-03 11:44:31 | INFO | my_functions.py:279 | [DEBUG] Buscando en paralelo: ['collect_rewards.PNG'] | timeout=20s | confidence=0.8
2026-06-03 11:44:32 | INFO | my_functions.py:163 | Haciendo click en la posición (679, 959)
2026-06-03 11:44:33 | INFO | my_functions.py:301 | 🖱️ Click OK (En paralelo): collect_rewards.PNG at (679, 959) delay=0.4s
2026-06-03 11:44:34 | INFO | my_functions.py:279 | [DEBUG] Buscando en paralelo: ['next.PNG'] | timeout=20s | confidence=0.8
2026-06-03 11:44:39 | INFO | my_functions.py:163 | Haciendo click en la posición (677, 973)
2026-06-03 11:44:40 | INFO | my_functions.py:301 | 🖱️ Click OK (En paralelo): next.PNG at (677, 973) delay=0.4s
2026-06-03 11:44:43 | INFO | my_functions.py:361 | AVAILABLE: 6
2026-06-03 11:44:43 | INFO | each_eight_hours.py:315 | Submissions after match: 6
2026-06-03 11:44:43 | INFO | my_functions.py:383 | Misiones completadas: 1
2026-06-03 11:44:43 | INFO | each_eight_hours.py:193 | Starting game loop 3
2026-06-03 11:44:43 | INFO | my_functions.py:279 | [DEBUG] Buscando en paralelo: ['play.PNG'] | timeout=20s | confidence=0.8
2026-06-03 11:44:46 | INFO | my_functions.py:163 | Haciendo click en la posición (384, 824)
2026-06-03 11:44:48 | INFO | my_functions.py:301 | 🖱️ Click OK (En paralelo): play.PNG at (384, 824) delay=3s
2026-06-03 11:45:21 | INFO | my_functions.py:231 | 
✅ Found: end_turn.PNG pos=(681, 945) time=0.2s confidence=0.8
2026-06-03 11:45:21 | INFO | my_functions.py:279 | [DEBUG] Buscando en paralelo: ['snap.PNG'] | timeout=0s | confidence=0.8
2026-06-03 11:45:21 | INFO | my_functions.py:163 | Haciendo click en la posición (386, 123)
2026-06-03 11:45:23 | INFO | my_functions.py:301 | 🖱️ Click OK (En paralelo): snap.PNG at (386, 123) delay=0.4s
2026-06-03 11:45:29 | INFO | my_functions.py:163 | Haciendo click en la posición (681, 945)
2026-06-03 11:45:31 | INFO | each_eight_hours.py:209 | End turn executed
