2026-05-20 05:28:10 | INFO | each_eight_hours.py:39 | LOG FILE PATH: \\vmware-host\Shared Folders\SHARED FILES VM\MS\logs\each_eight_hours_2026-05-20_05-28-10.log
2026-05-20 05:28:10 | INFO | each_eight_hours.py:40 | Logger initialized
2026-05-20 05:28:10 | INFO | each_eight_hours.py:67 | Script initialized
2026-05-20 05:28:13 | INFO | each_eight_hours.py:128 | snap.exe terminated if it was running
2026-05-20 05:28:14 | INFO | my_functions.py:57 | ⏳ Esperando WebSocket de OBS...
2026-05-20 05:28:22 | INFO | baseclient.py:33 | Connecting with parameters: host='localhost' port=4455 password='' subs=0 timeout=None
2026-05-20 05:28:22 | INFO | reqs.py:23 | Successfully identified ReqClient with the server using RPC version:1
2026-05-20 05:28:22 | INFO | my_functions.py:63 | ✅ Conectado al OBS WebSocket
2026-05-20 05:28:22 | ERROR | reqs.py:59 | OBSSDKRequestError: Request GetRecordStatus returned code 207. With message: OBS is not ready to perform the request.
Traceback (most recent call last):
  File "C:\Users\Farm\AppData\Local\Programs\Python\Python311\Lib\site-packages\obsws_python\reqs.py", line 53, in send
    raise OBSSDKRequestError(
obsws_python.error.OBSSDKRequestError: Request GetRecordStatus returned code 207. With message: OBS is not ready to perform the request.
2026-05-20 05:28:23 | INFO | my_functions.py:88 | 🎬 Grabación iniciada
2026-05-20 05:28:23 | INFO | my_functions.py:1286 | ⏱ Esperando 0.1 segundos antes de empezar...
2026-05-20 05:28:23 | INFO | my_functions.py:1293 | 🔍 Esperando ventana que contenga alguna de: ['py', 'eight_hours'] (máx 20s)
2026-05-20 05:28:23 | INFO | my_functions.py:1305 | ✅ Ventana encontrada: 'each_eight_hours  - Acceso directo'
2026-05-20 05:28:23 | INFO | my_functions.py:1320 | ✅ Ventana seleccionada: 'each_eight_hours  - Acceso directo'
2026-05-20 05:28:25 | INFO | my_functions.py:1343 | 🔁 Reajuste #1...
2026-05-20 05:28:25 | INFO | my_functions.py:1350 | ✔ Verificación completa. Se hicieron 1 reajustes.
2026-05-20 05:28:55 | INFO | my_functions.py:2116 | Starting Steam window scan
2026-05-20 05:28:55 | INFO | my_functions.py:2119 | Found window: 
2026-05-20 05:28:55 | INFO | my_functions.py:2119 | Found window: each_eight_hours  - Acceso directo
2026-05-20 05:28:55 | INFO | my_functions.py:2119 | Found window: 
2026-05-20 05:28:55 | INFO | my_functions.py:2119 | Found window: 
2026-05-20 05:28:55 | INFO | my_functions.py:2119 | Found window: 
2026-05-20 05:28:55 | INFO | my_functions.py:2119 | Found window: 
2026-05-20 05:28:55 | INFO | my_functions.py:2119 | Found window: RivaTunerStatisticsServer
2026-05-20 05:28:55 | INFO | my_functions.py:2119 | Found window: Program Manager
2026-05-20 05:28:55 | INFO | each_eight_hours.py:139 | Processing account: reeps_vm
2026-05-20 05:28:55 | INFO | each_eight_hours.py:142 | Game relaunched for account
2026-05-20 05:28:55 | INFO | my_functions.py:1286 | ⏱ Esperando 0.1 segundos antes de empezar...
2026-05-20 05:28:55 | INFO | my_functions.py:1293 | 🔍 Esperando ventana que contenga alguna de: ['SNAP'] (máx 20s)
2026-05-20 05:29:01 | INFO | my_functions.py:1305 | ✅ Ventana encontrada: 'SNAP'
2026-05-20 05:29:01 | INFO | my_functions.py:1320 | ✅ Ventana seleccionada: 'SNAP'
2026-05-20 05:29:03 | INFO | my_functions.py:1352 | ✔ Verificación completa. No hubo cambios después del primer ajuste.
2026-05-20 05:29:03 | INFO | my_functions.py:991 | [DEBUG] Resizing SNAP window...
2026-05-20 05:29:03 | INFO | my_functions.py:1286 | ⏱ Esperando 0.1 segundos antes de empezar...
2026-05-20 05:29:03 | INFO | my_functions.py:1293 | 🔍 Esperando ventana que contenga alguna de: ['SNAP'] (máx 20s)
2026-05-20 05:29:03 | INFO | my_functions.py:1305 | ✅ Ventana encontrada: 'SNAP'
2026-05-20 05:29:03 | INFO | my_functions.py:1320 | ✅ Ventana seleccionada: 'SNAP'
2026-05-20 05:29:06 | INFO | my_functions.py:1352 | ✔ Verificación completa. No hubo cambios después del primer ajuste.
2026-05-20 05:29:06 | INFO | my_functions.py:248 | [DEBUG] Buscando en paralelo: ['small_submit.PNG', 'small_submit_hover.png', 'submit_hover_2.png'] | timeout=90s | confidence=0.8
2026-05-20 05:29:12 | INFO | my_functions.py:135 | Haciendo click en la posición (381, 642)
2026-05-20 05:29:12 | INFO | my_functions.py:270 | 🖱️ Click OK (En paralelo): small_submit_hover.png at (381, 642) delay=0.2s
2026-05-20 05:29:13 | INFO | my_functions.py:248 | [DEBUG] Buscando en paralelo: ['small_submit.PNG', 'small_submit_hover.png', 'submit_hover_2.png'] | timeout=20s | confidence=0.8
2026-05-20 05:29:14 | INFO | my_functions.py:135 | Haciendo click en la posición (380, 721)
2026-05-20 05:29:14 | INFO | my_functions.py:270 | 🖱️ Click OK (En paralelo): small_submit.PNG at (380, 721) delay=0.2s
2026-05-20 05:29:15 | INFO | my_functions.py:1286 | ⏱ Esperando 0.1 segundos antes de empezar...
2026-05-20 05:29:15 | INFO | my_functions.py:1293 | 🔍 Esperando ventana que contenga alguna de: ['SNAP'] (máx 20s)
2026-05-20 05:29:15 | INFO | my_functions.py:1305 | ✅ Ventana encontrada: 'SNAP'
2026-05-20 05:29:15 | INFO | my_functions.py:1320 | ✅ Ventana seleccionada: 'SNAP'
2026-05-20 05:29:18 | INFO | my_functions.py:1352 | ✔ Verificación completa. No hubo cambios después del primer ajuste.
2026-05-20 05:29:18 | INFO | my_functions.py:170 | Searching please_sign.png (timeout=0s)
2026-05-20 05:29:18 | INFO | my_functions.py:214 | 
⛔ Not found: please_sign.png after 0.0s region=(0, 0, 765, 1038) confidence=0.8
2026-05-20 05:29:18 | INFO | my_functions.py:170 | Searching sign_in_with_google2.PNG (timeout=90s)
2026-05-20 05:29:19 | INFO | my_functions.py:200 | 
✅ Found: sign_in_with_google2.PNG pos=(406, 957) time=0.22s confidence=0.8
2026-05-20 05:29:19 | INFO | my_functions.py:248 | [DEBUG] Buscando en paralelo: ['sign_in_with_google2.PNG'] | timeout=20s | confidence=0.8
2026-05-20 05:29:20 | INFO | my_functions.py:135 | Haciendo click en la posición (406, 957)
2026-05-20 05:29:20 | INFO | my_functions.py:270 | 🖱️ Click OK (En paralelo): sign_in_with_google2.PNG at (406, 957) delay=1s
2026-05-20 05:29:21 | INFO | my_functions.py:248 | [DEBUG] Buscando en paralelo: ['reeps_vm.png'] | timeout=30s | confidence=0.8
2026-05-20 05:29:31 | INFO | my_functions.py:135 | Haciendo click en la posición (1126, 534)
2026-05-20 05:29:32 | INFO | my_functions.py:270 | 🖱️ Click OK (En paralelo): reeps_vm.png at (1126, 534) delay=3s
2026-05-20 05:29:33 | INFO | my_functions.py:170 | Searching marvelsnap_web.png (timeout=30s)
2026-05-20 05:29:38 | INFO | my_functions.py:200 | 
✅ Found: marvelsnap_web.png pos=(258, 80) time=5.13s confidence=0.7
2026-05-20 05:29:38 | INFO | my_functions.py:170 | Searching shop_unselected.PNG (timeout=0s)
2026-05-20 05:29:38 | INFO | my_functions.py:214 | 
⛔ Not found: shop_unselected.PNG after 0.01s region=(0, 0, 765, 1038) confidence=0.8
2026-05-20 05:29:38 | INFO | my_functions.py:248 | [DEBUG] Buscando en paralelo: ['super_premium.PNG'] | timeout=0s | confidence=0.8
2026-05-20 05:29:39 | INFO | my_functions.py:282 | [DEBUG] Click skipped, ninguna de las imágenes se encontró en el intento.
2026-05-20 05:29:40 | INFO | my_functions.py:248 | [DEBUG] Buscando en paralelo: ['maybe_later.PNG'] | timeout=0s | confidence=0.8
2026-05-20 05:29:40 | INFO | my_functions.py:282 | [DEBUG] Click skipped, ninguna de las imágenes se encontró en el intento.
2026-05-20 05:29:41 | INFO | my_functions.py:248 | [DEBUG] Buscando en paralelo: ['maybe_later2.PNG'] | timeout=0s | confidence=0.8
2026-05-20 05:29:41 | INFO | my_functions.py:282 | [DEBUG] Click skipped, ninguna de las imágenes se encontró en el intento.
2026-05-20 05:29:42 | INFO | my_functions.py:170 | Searching go_to_shop.PNG (timeout=0s)
2026-05-20 05:29:43 | INFO | my_functions.py:214 | 
⛔ Not found: go_to_shop.PNG after 0.0s region=(0, 0, 765, 1038) confidence=0.8
2026-05-20 05:29:43 | INFO | my_functions.py:248 | [DEBUG] Buscando en paralelo: ['14_days_of_winterverse.PNG'] | timeout=0s | confidence=0.8
2026-05-20 05:29:43 | INFO | my_functions.py:282 | [DEBUG] Click skipped, ninguna de las imágenes se encontró en el intento.
2026-05-20 05:29:44 | INFO | my_functions.py:170 | Searching welcome_back_calendar.PNG (timeout=0s)
2026-05-20 05:29:44 | INFO | my_functions.py:214 | 
⛔ Not found: welcome_back_calendar.PNG after 0.0s region=(0, 0, 765, 1038) confidence=0.8
2026-05-20 05:29:44 | INFO | my_functions.py:248 | [DEBUG] Buscando en paralelo: ['start_the_countdown.PNG'] | timeout=0s | confidence=0.8
2026-05-20 05:29:44 | INFO | my_functions.py:282 | [DEBUG] Click skipped, ninguna de las imágenes se encontró en el intento.
2026-05-20 05:29:45 | INFO | my_functions.py:248 | [DEBUG] Buscando en paralelo: ['event_has_ended_sanctum.PNG'] | timeout=0s | confidence=0.8
2026-05-20 05:29:45 | INFO | my_functions.py:282 | [DEBUG] Click skipped, ninguna de las imágenes se encontró en el intento.
2026-05-20 05:29:47 | INFO | my_functions.py:248 | [DEBUG] Buscando en paralelo: ['image_part_of_event_grand_arena_finished.PNG'] | timeout=0s | confidence=0.8
2026-05-20 05:29:47 | INFO | my_functions.py:282 | [DEBUG] Click skipped, ninguna de las imágenes se encontró en el intento.
2026-05-20 05:29:48 | INFO | my_functions.py:170 | Searching 28_day_event_login_rewards.PNG (timeout=0s)
2026-05-20 05:29:48 | INFO | my_functions.py:214 | 
⛔ Not found: 28_day_event_login_rewards.PNG after 0.0s region=(0, 0, 765, 1038) confidence=0.8
2026-05-20 05:29:48 | INFO | my_functions.py:170 | Searching 7_day_event_login.PNG (timeout=0s)
2026-05-20 05:29:48 | INFO | my_functions.py:214 | 
⛔ Not found: 7_day_event_login.PNG after 0.0s region=(0, 0, 765, 1038) confidence=0.8
2026-05-20 05:29:48 | INFO | my_functions.py:170 | Searching 14_days_event.PNG (timeout=0s)
2026-05-20 05:29:49 | INFO | my_functions.py:214 | 
⛔ Not found: 14_days_event.PNG after 0.0s region=(0, 0, 765, 1038) confidence=0.8
2026-05-20 05:29:49 | INFO | my_functions.py:248 | [DEBUG] Buscando en paralelo: ['lets_go.PNG'] | timeout=0s | confidence=0.8
2026-05-20 05:29:49 | INFO | my_functions.py:282 | [DEBUG] Click skipped, ninguna de las imágenes se encontró en el intento.
2026-05-20 05:29:51 | INFO | my_functions.py:170 | Searching shop_unselected.PNG (timeout=0s)
2026-05-20 05:29:51 | INFO | my_functions.py:200 | 
✅ Found: shop_unselected.PNG pos=(88, 961) time=0.19s confidence=0.8
2026-05-20 05:29:59 | INFO | my_functions.py:170 | Searching shop_unselected.PNG (timeout=0s)
2026-05-20 05:29:59 | INFO | my_functions.py:214 | 
⛔ Not found: shop_unselected.PNG after 0.0s region=(0, 0, 765, 1038) confidence=0.8
2026-05-20 05:30:00 | INFO | my_functions.py:170 | Searching shop_unselected.PNG (timeout=0s)
2026-05-20 05:30:01 | INFO | my_functions.py:214 | 
⛔ Not found: shop_unselected.PNG after 0.0s region=(0, 0, 765, 1038) confidence=0.8
2026-05-20 05:30:01 | INFO | my_functions.py:248 | [DEBUG] Buscando en paralelo: ['super_premium.PNG'] | timeout=0s | confidence=0.8
2026-05-20 05:30:02 | INFO | my_functions.py:135 | Haciendo click en la posición (480, 777)
2026-05-20 05:30:02 | INFO | my_functions.py:270 | 🖱️ Click OK (En paralelo): super_premium.PNG at (480, 777) delay=1s
2026-05-20 05:30:03 | INFO | my_functions.py:143 | Presionando ESC (1/1)
2026-05-20 05:30:12 | INFO | my_functions.py:170 | Searching shop_unselected.PNG (timeout=0s)
2026-05-20 05:30:12 | INFO | my_functions.py:200 | 
✅ Found: shop_unselected.PNG pos=(88, 961) time=0.17s confidence=0.8
2026-05-20 05:30:12 | INFO | my_functions.py:518 | Ya esta listo
2026-05-20 05:30:14 | INFO | my_functions.py:330 | AVAILABLE: 6
2026-05-20 05:30:14 | INFO | my_functions.py:352 | Misiones completadas: 0
2026-05-20 05:30:14 | INFO | my_functions.py:170 | Searching play.PNG (timeout=0s)
2026-05-20 05:30:15 | INFO | my_functions.py:200 | 
✅ Found: play.PNG pos=(384, 825) time=0.45s confidence=0.8
2026-05-20 05:30:15 | INFO | my_functions.py:1181 | [INFO] Click realizado donde se equipa el deck a jugar
2026-05-20 05:30:19 | INFO | my_functions.py:248 | [DEBUG] Buscando en paralelo: ['deck_666666.png'] | timeout=3s | confidence=0.8
2026-05-20 05:30:20 | INFO | my_functions.py:135 | Haciendo click en la posición (235, 547)
2026-05-20 05:30:20 | INFO | my_functions.py:270 | 🖱️ Click OK (En paralelo): deck_666666.png at (235, 547) delay=1s
2026-05-20 05:30:22 | INFO | my_functions.py:248 | [DEBUG] Buscando en paralelo: ['equip.png'] | timeout=3s | confidence=0.95
2026-05-20 05:30:25 | INFO | my_functions.py:282 | [DEBUG] Click skipped, ninguna de las imágenes se encontró en el intento.
2026-05-20 05:30:26 | INFO | my_functions.py:143 | Presionando ESC (1/1)
2026-05-20 05:30:27 | INFO | each_eight_hours.py:166 | Deck selected: 6turns
2026-05-20 05:30:27 | INFO | my_functions.py:248 | [DEBUG] Buscando en paralelo: ['maybe_later.PNG'] | timeout=2s | confidence=0.8
2026-05-20 05:30:29 | INFO | my_functions.py:282 | [DEBUG] Click skipped, ninguna de las imágenes se encontró en el intento.
2026-05-20 05:30:30 | INFO | my_functions.py:248 | [DEBUG] Buscando en paralelo: ['maybe_later2.PNG'] | timeout=0.01s | confidence=0.8
2026-05-20 05:30:30 | INFO | my_functions.py:282 | [DEBUG] Click skipped, ninguna de las imágenes se encontró en el intento.
2026-05-20 05:30:31 | INFO | each_eight_hours.py:221 | Starting game loop 1
2026-05-20 05:30:31 | INFO | my_functions.py:248 | [DEBUG] Buscando en paralelo: ['play.PNG'] | timeout=20s | confidence=0.8
2026-05-20 05:30:34 | INFO | my_functions.py:135 | Haciendo click en la posición (384, 824)
2026-05-20 05:30:34 | INFO | my_functions.py:270 | 🖱️ Click OK (En paralelo): play.PNG at (384, 824) delay=3s
2026-05-20 05:30:50 | INFO | my_functions.py:200 | 
✅ Found: end_turn.PNG pos=(681, 945) time=0.18s confidence=0.8
2026-05-20 05:30:50 | INFO | my_functions.py:248 | [DEBUG] Buscando en paralelo: ['snap.PNG'] | timeout=0s | confidence=0.8
2026-05-20 05:30:53 | INFO | my_functions.py:135 | Haciendo click en la posición (386, 123)
2026-05-20 05:30:53 | INFO | my_functions.py:270 | 🖱️ Click OK (En paralelo): snap.PNG at (386, 123) delay=1s
2026-05-20 05:31:00 | INFO | my_functions.py:135 | Haciendo click en la posición (681, 945)
2026-05-20 05:31:01 | INFO | each_eight_hours.py:237 | End turn executed
2026-05-20 05:31:13 | INFO | my_functions.py:200 | 
✅ Found: end_turn.PNG pos=(681, 945) time=0.19s confidence=0.8
2026-05-20 05:31:13 | INFO | my_functions.py:248 | [DEBUG] Buscando en paralelo: ['snap.PNG'] | timeout=0s | confidence=0.8
2026-05-20 05:31:13 | INFO | my_functions.py:282 | [DEBUG] Click skipped, ninguna de las imágenes se encontró en el intento.
2026-05-20 05:31:19 | INFO | my_functions.py:135 | Haciendo click en la posición (681, 945)
2026-05-20 05:31:21 | INFO | each_eight_hours.py:237 | End turn executed
2026-05-20 05:31:31 | INFO | my_functions.py:200 | 
✅ Found: end_turn.PNG pos=(681, 945) time=0.23s confidence=0.8
2026-05-20 05:31:31 | INFO | my_functions.py:248 | [DEBUG] Buscando en paralelo: ['snap.PNG'] | timeout=0s | confidence=0.8
2026-05-20 05:31:31 | INFO | my_functions.py:282 | [DEBUG] Click skipped, ninguna de las imágenes se encontró en el intento.
2026-05-20 05:31:38 | INFO | my_functions.py:135 | Haciendo click en la posición (681, 945)
2026-05-20 05:31:39 | INFO | each_eight_hours.py:237 | End turn executed
2026-05-20 05:31:50 | INFO | my_functions.py:200 | 
✅ Found: end_turn.PNG pos=(681, 945) time=0.21s confidence=0.8
2026-05-20 05:31:50 | INFO | my_functions.py:248 | [DEBUG] Buscando en paralelo: ['snap.PNG'] | timeout=0s | confidence=0.8
2026-05-20 05:31:50 | INFO | my_functions.py:282 | [DEBUG] Click skipped, ninguna de las imágenes se encontró en el intento.
2026-05-20 05:31:56 | INFO | my_functions.py:135 | Haciendo click en la posición (681, 945)
2026-05-20 05:31:57 | INFO | each_eight_hours.py:237 | End turn executed
2026-05-20 05:32:24 | INFO | my_functions.py:200 | 
✅ Found: end_turn.PNG pos=(681, 945) time=0.21s confidence=0.8
2026-05-20 05:32:24 | INFO | my_functions.py:248 | [DEBUG] Buscando en paralelo: ['snap.PNG'] | timeout=0s | confidence=0.8
2026-05-20 05:32:24 | INFO | my_functions.py:282 | [DEBUG] Click skipped, ninguna de las imágenes se encontró en el intento.
2026-05-20 05:32:31 | INFO | my_functions.py:135 | Haciendo click en la posición (681, 945)
2026-05-20 05:32:32 | INFO | each_eight_hours.py:237 | End turn executed
2026-05-20 05:32:55 | INFO | my_functions.py:200 | 
✅ Found: end_turn.PNG pos=(681, 945) time=0.18s confidence=0.8
2026-05-20 05:32:55 | INFO | my_functions.py:248 | [DEBUG] Buscando en paralelo: ['snap.PNG'] | timeout=0s | confidence=0.8
2026-05-20 05:32:55 | INFO | my_functions.py:282 | [DEBUG] Click skipped, ninguna de las imágenes se encontró en el intento.
2026-05-20 05:33:02 | INFO | my_functions.py:135 | Haciendo click en la posición (681, 945)
2026-05-20 05:33:03 | INFO | each_eight_hours.py:237 | End turn executed
2026-05-20 05:33:22 | INFO | my_functions.py:200 | 
✅ Found: collect_rewards.PNG pos=(679, 958) time=0.22s confidence=0.8
2026-05-20 05:33:22 | INFO | each_eight_hours.py:276 | Rewards detected, exiting match
2026-05-20 05:33:22 | INFO | my_functions.py:248 | [DEBUG] Buscando en paralelo: ['collect_rewards.PNG'] | timeout=20s | confidence=0.8
2026-05-20 05:33:23 | INFO | my_functions.py:135 | Haciendo click en la posición (679, 957)
2026-05-20 05:33:23 | INFO | my_functions.py:270 | 🖱️ Click OK (En paralelo): collect_rewards.PNG at (679, 957) delay=1s
2026-05-20 05:33:25 | INFO | my_functions.py:248 | [DEBUG] Buscando en paralelo: ['next.PNG'] | timeout=20s | confidence=0.8
2026-05-20 05:33:30 | INFO | my_functions.py:135 | Haciendo click en la posición (677, 973)
2026-05-20 05:33:30 | INFO | my_functions.py:270 | 🖱️ Click OK (En paralelo): next.PNG at (677, 973) delay=1s
2026-05-20 05:33:33 | INFO | my_functions.py:330 | AVAILABLE: 6
2026-05-20 05:33:33 | INFO | each_eight_hours.py:343 | Submissions after match: 6
2026-05-20 05:33:33 | INFO | my_functions.py:352 | Misiones completadas: 1
2026-05-20 05:33:33 | INFO | each_eight_hours.py:221 | Starting game loop 2
2026-05-20 05:33:33 | INFO | my_functions.py:248 | [DEBUG] Buscando en paralelo: ['play.PNG'] | timeout=20s | confidence=0.8
2026-05-20 05:33:36 | INFO | my_functions.py:135 | Haciendo click en la posición (384, 824)
2026-05-20 05:33:36 | INFO | my_functions.py:270 | 🖱️ Click OK (En paralelo): play.PNG at (384, 824) delay=3s
2026-05-20 05:34:01 | INFO | my_functions.py:200 | 
✅ Found: end_turn.PNG pos=(682, 945) time=0.2s confidence=0.8
2026-05-20 05:34:01 | INFO | my_functions.py:248 | [DEBUG] Buscando en paralelo: ['snap.PNG'] | timeout=0s | confidence=0.8
2026-05-20 05:34:02 | INFO | my_functions.py:135 | Haciendo click en la posición (386, 123)
2026-05-20 05:34:03 | INFO | my_functions.py:270 | 🖱️ Click OK (En paralelo): snap.PNG at (386, 123) delay=1s
2026-05-20 05:34:09 | INFO | my_functions.py:135 | Haciendo click en la posición (682, 945)
2026-05-20 05:34:10 | INFO | each_eight_hours.py:237 | End turn executed
2026-05-20 05:34:24 | INFO | my_functions.py:200 | 
✅ Found: end_turn.PNG pos=(681, 945) time=0.18s confidence=0.8
2026-05-20 05:34:24 | INFO | my_functions.py:248 | [DEBUG] Buscando en paralelo: ['snap.PNG'] | timeout=0s | confidence=0.8
2026-05-20 05:34:25 | INFO | my_functions.py:282 | [DEBUG] Click skipped, ninguna de las imágenes se encontró en el intento.
2026-05-20 05:34:31 | INFO | my_functions.py:135 | Haciendo click en la posición (681, 945)
2026-05-20 05:34:32 | INFO | each_eight_hours.py:237 | End turn executed
2026-05-20 05:34:42 | INFO | my_functions.py:200 | 
✅ Found: end_turn.PNG pos=(681, 945) time=0.18s confidence=0.8
2026-05-20 05:34:42 | INFO | my_functions.py:248 | [DEBUG] Buscando en paralelo: ['snap.PNG'] | timeout=0s | confidence=0.8
2026-05-20 05:34:43 | INFO | my_functions.py:282 | [DEBUG] Click skipped, ninguna de las imágenes se encontró en el intento.
2026-05-20 05:34:49 | INFO | my_functions.py:135 | Haciendo click en la posición (681, 945)
2026-05-20 05:34:50 | INFO | each_eight_hours.py:237 | End turn executed
2026-05-20 05:35:11 | INFO | my_functions.py:200 | 
✅ Found: end_turn.PNG pos=(681, 945) time=0.21s confidence=0.8
2026-05-20 05:35:11 | INFO | my_functions.py:248 | [DEBUG] Buscando en paralelo: ['snap.PNG'] | timeout=0s | confidence=0.8
2026-05-20 05:35:12 | INFO | my_functions.py:282 | [DEBUG] Click skipped, ninguna de las imágenes se encontró en el intento.
2026-05-20 05:35:18 | INFO | my_functions.py:135 | Haciendo click en la posición (681, 945)
2026-05-20 05:35:19 | INFO | each_eight_hours.py:237 | End turn executed
2026-05-20 05:35:33 | INFO | my_functions.py:200 | 
✅ Found: end_turn.PNG pos=(681, 945) time=0.2s confidence=0.8
2026-05-20 05:35:33 | INFO | my_functions.py:248 | [DEBUG] Buscando en paralelo: ['snap.PNG'] | timeout=0s | confidence=0.8
2026-05-20 05:35:33 | INFO | my_functions.py:282 | [DEBUG] Click skipped, ninguna de las imágenes se encontró en el intento.
2026-05-20 05:35:39 | INFO | my_functions.py:135 | Haciendo click en la posición (681, 945)
2026-05-20 05:35:40 | INFO | each_eight_hours.py:237 | End turn executed
2026-05-20 05:36:00 | INFO | my_functions.py:200 | 
✅ Found: end_turn.PNG pos=(681, 945) time=0.2s confidence=0.8
2026-05-20 05:36:00 | INFO | my_functions.py:248 | [DEBUG] Buscando en paralelo: ['snap.PNG'] | timeout=0s | confidence=0.8
2026-05-20 05:36:00 | INFO | my_functions.py:282 | [DEBUG] Click skipped, ninguna de las imágenes se encontró en el intento.
2026-05-20 05:36:06 | INFO | my_functions.py:135 | Haciendo click en la posición (681, 945)
2026-05-20 05:36:08 | INFO | each_eight_hours.py:237 | End turn executed
2026-05-20 05:36:28 | INFO | my_functions.py:200 | 
✅ Found: collect_rewards.PNG pos=(680, 957) time=0.25s confidence=0.8
2026-05-20 05:36:28 | INFO | each_eight_hours.py:276 | Rewards detected, exiting match
2026-05-20 05:36:28 | INFO | my_functions.py:248 | [DEBUG] Buscando en paralelo: ['collect_rewards.PNG'] | timeout=20s | confidence=0.8
2026-05-20 05:36:30 | INFO | my_functions.py:135 | Haciendo click en la posición (679, 957)
2026-05-20 05:36:30 | INFO | my_functions.py:270 | 🖱️ Click OK (En paralelo): collect_rewards.PNG at (679, 957) delay=1s
2026-05-20 05:36:31 | INFO | my_functions.py:248 | [DEBUG] Buscando en paralelo: ['next.PNG'] | timeout=20s | confidence=0.8
2026-05-20 05:36:35 | INFO | my_functions.py:135 | Haciendo click en la posición (677, 973)
2026-05-20 05:36:36 | INFO | my_functions.py:270 | 🖱️ Click OK (En paralelo): next.PNG at (677, 973) delay=1s
2026-05-20 05:36:39 | INFO | my_functions.py:330 | AVAILABLE: 6
2026-05-20 05:36:39 | INFO | each_eight_hours.py:343 | Submissions after match: 6
2026-05-20 05:36:39 | INFO | my_functions.py:352 | Misiones completadas: 1
2026-05-20 05:36:39 | INFO | each_eight_hours.py:221 | Starting game loop 3
2026-05-20 05:36:39 | INFO | my_functions.py:248 | [DEBUG] Buscando en paralelo: ['play.PNG'] | timeout=20s | confidence=0.8
2026-05-20 05:36:42 | INFO | my_functions.py:135 | Haciendo click en la posición (384, 824)
2026-05-20 05:36:42 | INFO | my_functions.py:270 | 🖱️ Click OK (En paralelo): play.PNG at (384, 824) delay=3s
2026-05-20 05:37:06 | INFO | my_functions.py:200 | 
✅ Found: end_turn.PNG pos=(681, 945) time=0.19s confidence=0.8
2026-05-20 05:37:06 | INFO | my_functions.py:248 | [DEBUG] Buscando en paralelo: ['snap.PNG'] | timeout=0s | confidence=0.8
2026-05-20 05:37:08 | INFO | my_functions.py:135 | Haciendo click en la posición (386, 122)
2026-05-20 05:37:08 | INFO | my_functions.py:270 | 🖱️ Click OK (En paralelo): snap.PNG at (386, 122) delay=1s
2026-05-20 05:37:14 | INFO | my_functions.py:135 | Haciendo click en la posición (681, 945)
2026-05-20 05:37:15 | INFO | each_eight_hours.py:237 | End turn executed
2026-05-20 05:37:36 | INFO | my_functions.py:200 | 
✅ Found: end_turn.PNG pos=(681, 945) time=0.21s confidence=0.8
2026-05-20 05:37:36 | INFO | my_functions.py:248 | [DEBUG] Buscando en paralelo: ['snap.PNG'] | timeout=0s | confidence=0.8
2026-05-20 05:37:36 | INFO | my_functions.py:282 | [DEBUG] Click skipped, ninguna de las imágenes se encontró en el intento.
2026-05-20 05:37:42 | INFO | my_functions.py:135 | Haciendo click en la posición (681, 945)
2026-05-20 05:37:43 | INFO | each_eight_hours.py:237 | End turn executed
2026-05-20 05:37:53 | INFO | my_functions.py:200 | 
✅ Found: end_turn.PNG pos=(681, 945) time=0.2s confidence=0.8
2026-05-20 05:37:53 | INFO | my_functions.py:248 | [DEBUG] Buscando en paralelo: ['snap.PNG'] | timeout=0s | confidence=0.8
2026-05-20 05:37:53 | INFO | my_functions.py:282 | [DEBUG] Click skipped, ninguna de las imágenes se encontró en el intento.
2026-05-20 05:37:59 | INFO | my_functions.py:135 | Haciendo click en la posición (681, 945)
2026-05-20 05:38:00 | INFO | each_eight_hours.py:237 | End turn executed
2026-05-20 05:38:12 | INFO | my_functions.py:200 | 
✅ Found: end_turn.PNG pos=(681, 945) time=0.21s confidence=0.8
2026-05-20 05:38:12 | INFO | my_functions.py:248 | [DEBUG] Buscando en paralelo: ['snap.PNG'] | timeout=0s | confidence=0.8
2026-05-20 05:38:12 | INFO | my_functions.py:282 | [DEBUG] Click skipped, ninguna de las imágenes se encontró en el intento.
2026-05-20 05:38:20 | INFO | my_functions.py:135 | Haciendo click en la posición (681, 945)
2026-05-20 05:38:21 | INFO | each_eight_hours.py:237 | End turn executed
2026-05-20 05:38:32 | INFO | my_functions.py:200 | 
✅ Found: end_turn.PNG pos=(681, 945) time=0.25s confidence=0.8
2026-05-20 05:38:32 | INFO | my_functions.py:248 | [DEBUG] Buscando en paralelo: ['snap.PNG'] | timeout=0s | confidence=0.8
2026-05-20 05:38:32 | INFO | my_functions.py:282 | [DEBUG] Click skipped, ninguna de las imágenes se encontró en el intento.
2026-05-20 05:38:38 | INFO | my_functions.py:135 | Haciendo click en la posición (681, 945)
2026-05-20 05:38:40 | INFO | each_eight_hours.py:237 | End turn executed
2026-05-20 05:38:46 | INFO | my_functions.py:200 | 
✅ Found: collect_rewards.PNG pos=(680, 961) time=0.21s confidence=0.8
2026-05-20 05:38:46 | INFO | each_eight_hours.py:276 | Rewards detected, exiting match
2026-05-20 05:38:46 | INFO | my_functions.py:248 | [DEBUG] Buscando en paralelo: ['collect_rewards.PNG'] | timeout=20s | confidence=0.8
2026-05-20 05:38:47 | INFO | my_functions.py:135 | Haciendo click en la posición (679, 958)
2026-05-20 05:38:52 | INFO | my_functions.py:270 | 🖱️ Click OK (En paralelo): collect_rewards.PNG at (679, 958) delay=1s
2026-05-20 05:38:53 | INFO | my_functions.py:248 | [DEBUG] Buscando en paralelo: ['next.PNG'] | timeout=20s | confidence=0.8
2026-05-20 05:38:58 | INFO | my_functions.py:135 | Haciendo click en la posición (677, 973)
2026-05-20 05:38:58 | INFO | my_functions.py:270 | 🖱️ Click OK (En paralelo): next.PNG at (677, 973) delay=1s
2026-05-20 05:39:04 | INFO | my_functions.py:330 | AVAILABLE: 6
2026-05-20 05:39:05 | INFO | each_eight_hours.py:343 | Submissions after match: 6
2026-05-20 05:39:05 | INFO | my_functions.py:352 | Misiones completadas: 1
2026-05-20 05:39:05 | INFO | each_eight_hours.py:221 | Starting game loop 4
2026-05-20 05:39:05 | INFO | my_functions.py:248 | [DEBUG] Buscando en paralelo: ['play.PNG'] | timeout=20s | confidence=0.8
2026-05-20 05:39:15 | INFO | my_functions.py:135 | Haciendo click en la posición (384, 824)
2026-05-20 05:39:15 | INFO | my_functions.py:270 | 🖱️ Click OK (En paralelo): play.PNG at (384, 824) delay=3s
2026-05-20 05:39:32 | INFO | my_functions.py:200 | 
✅ Found: end_turn.PNG pos=(681, 945) time=0.21s confidence=0.8
2026-05-20 05:39:32 | INFO | my_functions.py:248 | [DEBUG] Buscando en paralelo: ['snap.PNG'] | timeout=0s | confidence=0.8
2026-05-20 05:39:33 | INFO | my_functions.py:135 | Haciendo click en la posición (386, 123)
2026-05-20 05:39:33 | INFO | my_functions.py:270 | 🖱️ Click OK (En paralelo): snap.PNG at (386, 123) delay=1s
2026-05-20 05:39:46 | INFO | my_functions.py:135 | Haciendo click en la posición (681, 945)
2026-05-20 05:39:47 | INFO | each_eight_hours.py:237 | End turn executed
2026-05-20 05:40:02 | INFO | my_functions.py:200 | 
✅ Found: end_turn.PNG pos=(681, 945) time=0.17s confidence=0.8
2026-05-20 05:40:02 | INFO | my_functions.py:248 | [DEBUG] Buscando en paralelo: ['snap.PNG'] | timeout=0s | confidence=0.8
2026-05-20 05:40:03 | INFO | my_functions.py:282 | [DEBUG] Click skipped, ninguna de las imágenes se encontró en el intento.
2026-05-20 05:40:09 | INFO | my_functions.py:135 | Haciendo click en la posición (681, 945)
2026-05-20 05:40:10 | INFO | each_eight_hours.py:237 | End turn executed
2026-05-20 05:40:21 | INFO | my_functions.py:200 | 
✅ Found: end_turn.PNG pos=(681, 945) time=0.21s confidence=0.8
2026-05-20 05:40:21 | INFO | my_functions.py:248 | [DEBUG] Buscando en paralelo: ['snap.PNG'] | timeout=0s | confidence=0.8
2026-05-20 05:40:21 | INFO | my_functions.py:282 | [DEBUG] Click skipped, ninguna de las imágenes se encontró en el intento.
2026-05-20 05:40:27 | INFO | my_functions.py:135 | Haciendo click en la posición (681, 945)
2026-05-20 05:40:28 | INFO | each_eight_hours.py:237 | End turn executed
2026-05-20 05:40:36 | INFO | my_functions.py:200 | 
✅ Found: end_turn.PNG pos=(681, 945) time=0.17s confidence=0.8
2026-05-20 05:40:36 | INFO | my_functions.py:248 | [DEBUG] Buscando en paralelo: ['snap.PNG'] | timeout=0s | confidence=0.8
2026-05-20 05:40:36 | INFO | my_functions.py:282 | [DEBUG] Click skipped, ninguna de las imágenes se encontró en el intento.
2026-05-20 05:40:42 | INFO | my_functions.py:135 | Haciendo click en la posición (681, 945)
2026-05-20 05:40:43 | INFO | each_eight_hours.py:237 | End turn executed
2026-05-20 05:41:08 | INFO | my_functions.py:200 | 
✅ Found: end_turn.PNG pos=(681, 945) time=0.17s confidence=0.8
2026-05-20 05:41:08 | INFO | my_functions.py:248 | [DEBUG] Buscando en paralelo: ['snap.PNG'] | timeout=0s | confidence=0.8
2026-05-20 05:41:08 | INFO | my_functions.py:282 | [DEBUG] Click skipped, ninguna de las imágenes se encontró en el intento.
2026-05-20 05:41:14 | INFO | my_functions.py:135 | Haciendo click en la posición (681, 945)
2026-05-20 05:41:15 | INFO | each_eight_hours.py:237 | End turn executed
2026-05-20 05:41:28 | INFO | my_functions.py:200 | 
✅ Found: end_turn.PNG pos=(681, 945) time=0.2s confidence=0.8
2026-05-20 05:41:28 | INFO | my_functions.py:248 | [DEBUG] Buscando en paralelo: ['snap.PNG'] | timeout=0s | confidence=0.8
2026-05-20 05:41:29 | INFO | my_functions.py:282 | [DEBUG] Click skipped, ninguna de las imágenes se encontró en el intento.
2026-05-20 05:41:35 | INFO | my_functions.py:135 | Haciendo click en la posición (681, 945)
2026-05-20 05:41:36 | INFO | each_eight_hours.py:237 | End turn executed
2026-05-20 05:42:03 | INFO | my_functions.py:200 | 
✅ Found: collect_rewards.PNG pos=(680, 1008) time=0.23s confidence=0.8
2026-05-20 05:42:03 | INFO | each_eight_hours.py:276 | Rewards detected, exiting match
2026-05-20 05:42:03 | INFO | my_functions.py:248 | [DEBUG] Buscando en paralelo: ['collect_rewards.PNG'] | timeout=20s | confidence=0.8
2026-05-20 05:42:05 | INFO | my_functions.py:135 | Haciendo click en la posición (679, 963)
2026-05-20 05:42:05 | INFO | my_functions.py:270 | 🖱️ Click OK (En paralelo): collect_rewards.PNG at (679, 963) delay=1s
2026-05-20 05:42:06 | INFO | my_functions.py:248 | [DEBUG] Buscando en paralelo: ['next.PNG'] | timeout=20s | confidence=0.8
2026-05-20 05:42:11 | INFO | my_functions.py:135 | Haciendo click en la posición (678, 972)
2026-05-20 05:42:11 | INFO | my_functions.py:270 | 🖱️ Click OK (En paralelo): next.PNG at (678, 972) delay=1s
2026-05-20 05:42:14 | INFO | my_functions.py:330 | AVAILABLE: 6
2026-05-20 05:42:14 | INFO | each_eight_hours.py:343 | Submissions after match: 6
2026-05-20 05:42:14 | INFO | my_functions.py:352 | Misiones completadas: 2
2026-05-20 05:42:14 | INFO | each_eight_hours.py:347 | Submission condition met, breaking loop
2026-05-20 05:42:14 | INFO | my_functions.py:248 | [DEBUG] Buscando en paralelo: ['missionsNotify2.png'] | timeout=20s | confidence=0.8
2026-05-20 05:42:18 | INFO | my_functions.py:135 | Haciendo click en la posición (538, 124)
2026-05-20 05:42:18 | INFO | my_functions.py:270 | 🖱️ Click OK (En paralelo): missionsNotify2.png at (538, 124) delay=3s
2026-05-20 05:42:19 | INFO | my_functions.py:1211 | [INFO] Iniciando click_missions_blue2
2026-05-20 05:42:19 | INFO | my_functions.py:135 | Haciendo click en la posición (150, 132)
2026-05-20 05:42:20 | INFO | my_functions.py:1214 | [ACTION] Click hecho en icono de calendario que me dirige a las misiones ordinarias
2026-05-20 05:42:20 | INFO | my_functions.py:170 | Searching bonus_challenge.png (timeout=0s)
2026-05-20 05:42:20 | INFO | my_functions.py:214 | 
⛔ Not found: bonus_challenge.png after 0.0s region=(0, 0, 765, 1038) confidence=0.8
2026-05-20 05:42:22 | INFO | my_functions.py:135 | Haciendo click en la posición (362, 493)
2026-05-20 05:42:24 | INFO | my_functions.py:1227 | [ACTION] Click 1/2 en misión azul
2026-05-20 05:42:24 | INFO | my_functions.py:135 | Haciendo click en la posición (362, 493)
2026-05-20 05:42:25 | INFO | my_functions.py:1227 | [ACTION] Click 2/2 en misión azul
2026-05-20 05:42:26 | INFO | my_functions.py:170 | Searching flechita_mission.PNG (timeout=0s)
2026-05-20 05:42:26 | INFO | my_functions.py:214 | 
⛔ Not found: flechita_mission.PNG after 0.0s region=(0, 0, 765, 1038) confidence=0.8
2026-05-20 05:42:26 | INFO | my_functions.py:248 | [DEBUG] Buscando en paralelo: ['weekly3.PNG'] | timeout=0s | confidence=0.8
2026-05-20 05:42:26 | INFO | my_functions.py:282 | [DEBUG] Click skipped, ninguna de las imágenes se encontró en el intento.
2026-05-20 05:42:27 | INFO | my_functions.py:248 | [DEBUG] Buscando en paralelo: ['weekly3.PNG'] | timeout=0s | confidence=0.8
2026-05-20 05:42:27 | INFO | my_functions.py:282 | [DEBUG] Click skipped, ninguna de las imágenes se encontró en el intento.
2026-05-20 05:42:29 | INFO | my_functions.py:135 | Haciendo click en la posición (557, 64)
2026-05-20 05:42:30 | INFO | my_functions.py:248 | [DEBUG] Buscando en paralelo: ['cards_shop.PNG'] | timeout=20s | confidence=0.8
2026-05-20 05:42:32 | INFO | my_functions.py:135 | Haciendo click en la posición (568, 121)
2026-05-20 05:42:32 | INFO | my_functions.py:270 | 🖱️ Click OK (En paralelo): cards_shop.PNG at (568, 121) delay=1s
2026-05-20 05:42:33 | INFO | my_functions.py:248 | [DEBUG] Buscando en paralelo: ['token_icon.PNG'] | timeout=20s | confidence=0.8
2026-05-20 05:42:35 | INFO | my_functions.py:135 | Haciendo click en la posición (679, 171)
2026-05-20 05:42:35 | INFO | my_functions.py:270 | 🖱️ Click OK (En paralelo): token_icon.PNG at (679, 171) delay=1s
2026-05-20 05:42:38 | INFO | my_functions.py:248 | [DEBUG] Buscando en paralelo: ['claim!_token_3.PNG'] | timeout=4s | confidence=0.8
2026-05-20 05:42:42 | INFO | my_functions.py:282 | [DEBUG] Click skipped, ninguna de las imágenes se encontró en el intento.
2026-05-20 05:42:43 | INFO | my_functions.py:248 | [DEBUG] Buscando en paralelo: ['offers.PNG'] | timeout=0.1s | confidence=0.8
2026-05-20 05:42:45 | INFO | my_functions.py:135 | Haciendo click en la posición (197, 121)
2026-05-20 05:42:45 | INFO | my_functions.py:270 | 🖱️ Click OK (En paralelo): offers.PNG at (197, 121) delay=1s
2026-05-20 05:42:46 | INFO | my_functions.py:248 | [DEBUG] Buscando en paralelo: ['credits_selected.png'] | timeout=0.1s | confidence=0.8
2026-05-20 05:42:46 | INFO | my_functions.py:282 | [DEBUG] Click skipped, ninguna de las imágenes se encontró en el intento.
2026-05-20 05:42:47 | INFO | my_functions.py:248 | [DEBUG] Buscando en paralelo: ['credits.PNG'] | timeout=0.1s | confidence=0.95
2026-05-20 05:42:48 | INFO | my_functions.py:135 | Haciendo click en la posición (442, 172)
2026-05-20 05:42:49 | INFO | my_functions.py:270 | 🖱️ Click OK (En paralelo): credits.PNG at (442, 172) delay=1s
2026-05-20 05:42:51 | INFO | my_functions.py:248 | [DEBUG] Buscando en paralelo: ['claim_25_credits.png'] | timeout=2s | confidence=0.8
2026-05-20 05:42:52 | INFO | my_functions.py:135 | Haciendo click en la posición (236, 328)
2026-05-20 05:42:53 | INFO | my_functions.py:270 | 🖱️ Click OK (En paralelo): claim_25_credits.png at (236, 328) delay=1s
2026-05-20 05:42:54 | INFO | my_functions.py:248 | [DEBUG] Buscando en paralelo: ['cards_shop.PNG'] | timeout=20s | confidence=0.8
2026-05-20 05:42:55 | INFO | my_functions.py:135 | Haciendo click en la posición (568, 121)
2026-05-20 05:42:55 | INFO | my_functions.py:270 | 🖱️ Click OK (En paralelo): cards_shop.PNG at (568, 121) delay=1s
2026-05-20 05:42:56 | INFO | my_functions.py:248 | [DEBUG] Buscando en paralelo: ['offers.PNG'] | timeout=20s | confidence=0.8
2026-05-20 05:42:58 | INFO | my_functions.py:135 | Haciendo click en la posición (197, 121)
2026-05-20 05:42:58 | INFO | my_functions.py:270 | 🖱️ Click OK (En paralelo): offers.PNG at (197, 121) delay=1s
2026-05-20 05:42:59 | INFO | my_functions.py:1111 | [INFO] Iniciando mejora de cartas
2026-05-20 05:42:59 | INFO | my_functions.py:248 | [DEBUG] Buscando en paralelo: ['upgrade_cards_icon.PNG'] | timeout=20s | confidence=0.8
2026-05-20 05:43:00 | INFO | my_functions.py:135 | Haciendo click en la posición (322, 170)
2026-05-20 05:43:00 | INFO | my_functions.py:270 | 🖱️ Click OK (En paralelo): upgrade_cards_icon.PNG at (322, 170) delay=1s
2026-05-20 05:43:01 | INFO | my_functions.py:1115 | [INFO] Abriendo icono de upgrade_cards
2026-05-20 05:43:02 | INFO | my_functions.py:1121 | [STEP] Mejorando carta 1
2026-05-20 05:43:02 | INFO | my_functions.py:1125 | [ACTION] Click en carta 1
2026-05-20 05:43:04 | INFO | my_functions.py:1130 | [ACTION] Click en botón upgrade
2026-05-20 05:43:11 | INFO | my_functions.py:248 | [DEBUG] Buscando en paralelo: ['you_need_more_credits!.png'] | timeout=3s | confidence=0.8
2026-05-20 05:43:14 | INFO | my_functions.py:282 | [DEBUG] Click skipped, ninguna de las imágenes se encontró en el intento.
2026-05-20 05:43:20 | INFO | my_functions.py:1145 | [ACTION] Click para continuar a stage de nivel de coleccion
2026-05-20 05:43:25 | INFO | my_functions.py:143 | Presionando ESC (1/1)
2026-05-20 05:43:26 | INFO | my_functions.py:1150 | [ACTION] Saliendo de stage nivel de coleccion con ESC
2026-05-20 05:43:27 | INFO | my_functions.py:248 | [DEBUG] Buscando en paralelo: ['upgrade_cards_icon_selected.PNG'] | timeout=0s | confidence=0.8
2026-05-20 05:43:28 | INFO | my_functions.py:135 | Haciendo click en la posición (320, 173)
2026-05-20 05:43:28 | INFO | my_functions.py:270 | 🖱️ Click OK (En paralelo): upgrade_cards_icon_selected.PNG at (320, 173) delay=1s
2026-05-20 05:43:29 | INFO | my_functions.py:1170 | [INFO] Reabriendo icono de upgrade_cards
2026-05-20 05:43:30 | INFO | my_functions.py:1121 | [STEP] Mejorando carta 2
2026-05-20 05:43:30 | INFO | my_functions.py:1125 | [ACTION] Click en carta 2
2026-05-20 05:43:31 | INFO | my_functions.py:1130 | [ACTION] Click en botón upgrade
2026-05-20 05:43:38 | INFO | my_functions.py:248 | [DEBUG] Buscando en paralelo: ['you_need_more_credits!.png'] | timeout=3s | confidence=0.8
2026-05-20 05:43:40 | INFO | my_functions.py:135 | Haciendo click en la posición (381, 345)
2026-05-20 05:43:40 | INFO | my_functions.py:270 | 🖱️ Click OK (En paralelo): you_need_more_credits!.png at (381, 345) delay=1s
2026-05-20 05:43:41 | INFO | my_functions.py:143 | Presionando ESC (1/2)
2026-05-20 05:43:42 | INFO | my_functions.py:143 | Presionando ESC (2/2)
2026-05-20 05:43:44 | INFO | my_functions.py:1173 | [INFO] Mejora de cartas completada ✅
2026-05-20 05:43:44 | INFO | my_functions.py:143 | Presionando ESC (1/1)
2026-05-20 05:43:45 | INFO | my_functions.py:248 | [DEBUG] Buscando en paralelo: ['nut.png'] | timeout=20s | confidence=0.8
2026-05-20 05:43:46 | INFO | my_functions.py:135 | Haciendo click en la posición (184, 78)
2026-05-20 05:43:46 | INFO | my_functions.py:270 | 🖱️ Click OK (En paralelo): nut.png at (184, 78) delay=1s
2026-05-20 05:43:47 | INFO | my_functions.py:248 | [DEBUG] Buscando en paralelo: ['graphics_quality.png'] | timeout=3s | confidence=0.8
2026-05-20 05:43:49 | INFO | my_functions.py:135 | Haciendo click en la posición (304, 644)
2026-05-20 05:43:49 | INFO | my_functions.py:270 | 🖱️ Click OK (En paralelo): graphics_quality.png at (304, 644) delay=1s
2026-05-20 05:43:51 | INFO | my_functions.py:248 | [DEBUG] Buscando en paralelo: ['sign_out.png'] | timeout=20s | confidence=0.8
2026-05-20 05:43:52 | INFO | my_functions.py:135 | Haciendo click en la posición (380, 796)
2026-05-20 05:43:52 | INFO | my_functions.py:270 | 🖱️ Click OK (En paralelo): sign_out.png at (380, 796) delay=1s
2026-05-20 05:43:54 | INFO | my_functions.py:248 | [DEBUG] Buscando en paralelo: ['sign_out_grande.png'] | timeout=20s | confidence=0.8
2026-05-20 05:43:56 | INFO | my_functions.py:135 | Haciendo click en la posición (359, 437)
2026-05-20 05:43:56 | INFO | my_functions.py:270 | 🖱️ Click OK (En paralelo): sign_out_grande.png at (359, 437) delay=1s
2026-05-20 05:43:57 | INFO | my_functions.py:248 | [DEBUG] Buscando en paralelo: ['sign_out2.png'] | timeout=20s | confidence=0.8
2026-05-20 05:43:58 | INFO | my_functions.py:135 | Haciendo click en la posición (383, 634)
2026-05-20 05:43:58 | INFO | my_functions.py:270 | 🖱️ Click OK (En paralelo): sign_out2.png at (383, 634) delay=1s
2026-05-20 05:43:59 | INFO | my_functions.py:1286 | ⏱ Esperando 0.1 segundos antes de empezar...
2026-05-20 05:44:00 | INFO | my_functions.py:1293 | 🔍 Esperando ventana que contenga alguna de: SNAP (máx 20s)
2026-05-20 05:44:00 | INFO | my_functions.py:1305 | ✅ Ventana encontrada: 'SNAP'
2026-05-20 05:44:00 | INFO | my_functions.py:1320 | ✅ Ventana seleccionada: 'SNAP'
2026-05-20 05:44:02 | INFO | my_functions.py:1343 | 🔁 Reajuste #1...
2026-05-20 05:44:04 | INFO | my_functions.py:1350 | ✔ Verificación completa. Se hicieron 1 reajustes.
2026-05-20 05:44:08 | INFO | each_eight_hours.py:139 | Processing account: overture_vm
2026-05-20 05:44:08 | INFO | each_eight_hours.py:142 | Game relaunched for account
2026-05-20 05:44:08 | INFO | my_functions.py:1286 | ⏱ Esperando 0.1 segundos antes de empezar...
2026-05-20 05:44:08 | INFO | my_functions.py:1293 | 🔍 Esperando ventana que contenga alguna de: ['SNAP'] (máx 20s)
2026-05-20 05:44:12 | INFO | my_functions.py:1305 | ✅ Ventana encontrada: 'SNAP'
2026-05-20 05:44:12 | INFO | my_functions.py:1320 | ✅ Ventana seleccionada: 'SNAP'
2026-05-20 05:44:14 | INFO | my_functions.py:1352 | ✔ Verificación completa. No hubo cambios después del primer ajuste.
2026-05-20 05:44:14 | INFO | my_functions.py:991 | [DEBUG] Resizing SNAP window...
2026-05-20 05:44:14 | INFO | my_functions.py:1286 | ⏱ Esperando 0.1 segundos antes de empezar...
2026-05-20 05:44:14 | INFO | my_functions.py:1293 | 🔍 Esperando ventana que contenga alguna de: ['SNAP'] (máx 20s)
2026-05-20 05:44:14 | INFO | my_functions.py:1305 | ✅ Ventana encontrada: 'SNAP'
2026-05-20 05:44:14 | INFO | my_functions.py:1320 | ✅ Ventana seleccionada: 'SNAP'
2026-05-20 05:44:17 | INFO | my_functions.py:1352 | ✔ Verificación completa. No hubo cambios después del primer ajuste.
2026-05-20 05:44:17 | INFO | my_functions.py:248 | [DEBUG] Buscando en paralelo: ['small_submit.PNG', 'small_submit_hover.png', 'submit_hover_2.png'] | timeout=90s | confidence=0.8
2026-05-20 05:44:23 | INFO | my_functions.py:135 | Haciendo click en la posición (380, 642)
2026-05-20 05:44:23 | INFO | my_functions.py:270 | 🖱️ Click OK (En paralelo): small_submit.PNG at (380, 642) delay=0.2s
2026-05-20 05:44:24 | INFO | my_functions.py:248 | [DEBUG] Buscando en paralelo: ['small_submit.PNG', 'small_submit_hover.png', 'submit_hover_2.png'] | timeout=20s | confidence=0.8
2026-05-20 05:44:24 | INFO | my_functions.py:135 | Haciendo click en la posición (380, 721)
2026-05-20 05:44:25 | INFO | my_functions.py:270 | 🖱️ Click OK (En paralelo): small_submit.PNG at (380, 721) delay=0.2s
2026-05-20 05:44:26 | INFO | my_functions.py:1286 | ⏱ Esperando 0.1 segundos antes de empezar...
2026-05-20 05:44:26 | INFO | my_functions.py:1293 | 🔍 Esperando ventana que contenga alguna de: ['SNAP'] (máx 20s)
2026-05-20 05:44:26 | INFO | my_functions.py:1305 | ✅ Ventana encontrada: 'SNAP'
2026-05-20 05:44:26 | INFO | my_functions.py:1320 | ✅ Ventana seleccionada: 'SNAP'
2026-05-20 05:44:28 | INFO | my_functions.py:1343 | 🔁 Reajuste #1...
2026-05-20 05:44:29 | INFO | my_functions.py:1350 | ✔ Verificación completa. Se hicieron 1 reajustes.
2026-05-20 05:44:29 | INFO | my_functions.py:170 | Searching please_sign.png (timeout=0s)
2026-05-20 05:44:29 | INFO | my_functions.py:200 | 
✅ Found: please_sign.png pos=(383, 438) time=0.16s confidence=0.8
2026-05-20 05:44:29 | INFO | my_functions.py:248 | [DEBUG] Buscando en paralelo: ['ok_btn.png'] | timeout=20s | confidence=0.8
2026-05-20 05:44:30 | INFO | my_functions.py:135 | Haciendo click en la posición (382, 634)
2026-05-20 05:44:30 | INFO | my_functions.py:270 | 🖱️ Click OK (En paralelo): ok_btn.png at (382, 634) delay=1s
2026-05-20 05:44:31 | INFO | my_functions.py:248 | [DEBUG] Buscando en paralelo: ['small_submit.PNG', 'small_submit_hover.png', 'submit_hover_2.png'] | timeout=90s | confidence=0.8
2026-05-20 05:46:02 | INFO | my_functions.py:282 | [DEBUG] Click skipped, ninguna de las imágenes se encontró en el intento.
2026-05-20 05:46:03 | INFO | my_functions.py:248 | [DEBUG] Buscando en paralelo: ['small_submit.PNG', 'small_submit_hover.png', 'submit_hover_2.png'] | timeout=20s | confidence=0.8
2026-05-20 05:46:24 | INFO | my_functions.py:282 | [DEBUG] Click skipped, ninguna de las imágenes se encontró en el intento.
2026-05-20 05:46:25 | INFO | my_functions.py:170 | Searching sign_in_with_google2.PNG (timeout=90s)
2026-05-20 05:47:55 | INFO | my_functions.py:214 | 
⛔ Not found: sign_in_with_google2.PNG after 90.14s region=(0, 0, 765, 1038) confidence=0.8
2026-05-20 05:47:55 | INFO | my_functions.py:248 | [DEBUG] Buscando en paralelo: ['sign_in_with_google2.PNG'] | timeout=20s | confidence=0.8
2026-05-20 05:48:15 | INFO | my_functions.py:282 | [DEBUG] Click skipped, ninguna de las imágenes se encontró en el intento.
2026-05-20 05:48:16 | INFO | my_functions.py:248 | [DEBUG] Buscando en paralelo: ['overture_vm.png'] | timeout=30s | confidence=0.8
2026-05-20 05:48:46 | INFO | my_functions.py:282 | [DEBUG] Click skipped, ninguna de las imágenes se encontró en el intento.
2026-05-20 05:48:48 | INFO | my_functions.py:248 | [DEBUG] Buscando en paralelo: ['overture_vm.png'] | timeout=0s | confidence=0.8
2026-05-20 05:48:49 | INFO | my_functions.py:282 | [DEBUG] Click skipped, ninguna de las imágenes se encontró en el intento.
2026-05-20 05:48:50 | INFO | my_functions.py:248 | [DEBUG] Buscando en paralelo: ['overture_vm.png'] | timeout=0s | confidence=0.8
2026-05-20 05:48:51 | INFO | my_functions.py:282 | [DEBUG] Click skipped, ninguna de las imágenes se encontró en el intento.
2026-05-20 05:48:52 | INFO | my_functions.py:248 | [DEBUG] Buscando en paralelo: ['overture_vm.png'] | timeout=0s | confidence=0.8
2026-05-20 05:48:53 | INFO | my_functions.py:282 | [DEBUG] Click skipped, ninguna de las imágenes se encontró en el intento.
2026-05-20 05:48:54 | INFO | my_functions.py:170 | Searching marvelsnap_web.png (timeout=30s)
2026-05-20 05:49:24 | INFO | my_functions.py:214 | 
⛔ Not found: marvelsnap_web.png after 30.04s region=(0, 0, 765, 1038) confidence=0.7
2026-05-20 05:49:24 | INFO | my_functions.py:170 | Searching shop_unselected.PNG (timeout=0s)
2026-05-20 05:49:24 | INFO | my_functions.py:214 | 
⛔ Not found: shop_unselected.PNG after 0.01s region=(0, 0, 765, 1038) confidence=0.8
2026-05-20 05:49:24 | INFO | my_functions.py:248 | [DEBUG] Buscando en paralelo: ['super_premium.PNG'] | timeout=0s | confidence=0.8
2026-05-20 05:49:24 | INFO | my_functions.py:282 | [DEBUG] Click skipped, ninguna de las imágenes se encontró en el intento.
2026-05-20 05:49:25 | INFO | my_functions.py:248 | [DEBUG] Buscando en paralelo: ['maybe_later.PNG'] | timeout=0s | confidence=0.8
2026-05-20 05:49:26 | INFO | my_functions.py:282 | [DEBUG] Click skipped, ninguna de las imágenes se encontró en el intento.
2026-05-20 05:49:27 | INFO | my_functions.py:248 | [DEBUG] Buscando en paralelo: ['maybe_later2.PNG'] | timeout=0s | confidence=0.8
2026-05-20 05:49:27 | INFO | my_functions.py:282 | [DEBUG] Click skipped, ninguna de las imágenes se encontró en el intento.
2026-05-20 05:49:28 | INFO | my_functions.py:170 | Searching go_to_shop.PNG (timeout=0s)
2026-05-20 05:49:28 | INFO | my_functions.py:214 | 
⛔ Not found: go_to_shop.PNG after 0.0s region=(0, 0, 765, 1038) confidence=0.8
2026-05-20 05:49:28 | INFO | my_functions.py:248 | [DEBUG] Buscando en paralelo: ['14_days_of_winterverse.PNG'] | timeout=0s | confidence=0.8
2026-05-20 05:49:28 | INFO | my_functions.py:282 | [DEBUG] Click skipped, ninguna de las imágenes se encontró en el intento.
2026-05-20 05:49:29 | INFO | my_functions.py:170 | Searching welcome_back_calendar.PNG (timeout=0s)
2026-05-20 05:49:30 | INFO | my_functions.py:214 | 
⛔ Not found: welcome_back_calendar.PNG after 0.0s region=(0, 0, 765, 1038) confidence=0.8
2026-05-20 05:49:30 | INFO | my_functions.py:248 | [DEBUG] Buscando en paralelo: ['start_the_countdown.PNG'] | timeout=0s | confidence=0.8
2026-05-20 05:49:30 | INFO | my_functions.py:282 | [DEBUG] Click skipped, ninguna de las imágenes se encontró en el intento.
2026-05-20 05:49:31 | INFO | my_functions.py:248 | [DEBUG] Buscando en paralelo: ['event_has_ended_sanctum.PNG'] | timeout=0s | confidence=0.8
2026-05-20 05:49:31 | INFO | my_functions.py:282 | [DEBUG] Click skipped, ninguna de las imágenes se encontró en el intento.
2026-05-20 05:49:32 | INFO | my_functions.py:248 | [DEBUG] Buscando en paralelo: ['image_part_of_event_grand_arena_finished.PNG'] | timeout=0s | confidence=0.8
2026-05-20 05:49:32 | INFO | my_functions.py:282 | [DEBUG] Click skipped, ninguna de las imágenes se encontró en el intento.
2026-05-20 05:49:33 | INFO | my_functions.py:170 | Searching 28_day_event_login_rewards.PNG (timeout=0s)
2026-05-20 05:49:34 | INFO | my_functions.py:214 | 
⛔ Not found: 28_day_event_login_rewards.PNG after 0.0s region=(0, 0, 765, 1038) confidence=0.8
2026-05-20 05:49:34 | INFO | my_functions.py:170 | Searching 7_day_event_login.PNG (timeout=0s)
2026-05-20 05:49:34 | INFO | my_functions.py:214 | 
⛔ Not found: 7_day_event_login.PNG after 0.0s region=(0, 0, 765, 1038) confidence=0.8
2026-05-20 05:49:34 | INFO | my_functions.py:170 | Searching 14_days_event.PNG (timeout=0s)
2026-05-20 05:49:34 | INFO | my_functions.py:214 | 
⛔ Not found: 14_days_event.PNG after 0.0s region=(0, 0, 765, 1038) confidence=0.8
2026-05-20 05:49:34 | INFO | my_functions.py:248 | [DEBUG] Buscando en paralelo: ['lets_go.PNG'] | timeout=0s | confidence=0.8
2026-05-20 05:49:34 | INFO | my_functions.py:282 | [DEBUG] Click skipped, ninguna de las imágenes se encontró en el intento.
2026-05-20 05:49:36 | INFO | my_functions.py:170 | Searching shop_unselected.PNG (timeout=0s)
2026-05-20 05:49:36 | INFO | my_functions.py:214 | 
⛔ Not found: shop_unselected.PNG after 0.0s region=(0, 0, 765, 1038) confidence=0.8
2026-05-20 05:49:36 | INFO | my_functions.py:248 | [DEBUG] Buscando en paralelo: ['super_premium.PNG'] | timeout=0s | confidence=0.8
2026-05-20 05:49:37 | INFO | my_functions.py:282 | [DEBUG] Click skipped, ninguna de las imágenes se encontró en el intento.
2026-05-20 05:49:38 | INFO | my_functions.py:248 | [DEBUG] Buscando en paralelo: ['maybe_later.PNG'] | timeout=0s | confidence=0.8
2026-05-20 05:49:38 | INFO | my_functions.py:282 | [DEBUG] Click skipped, ninguna de las imágenes se encontró en el intento.
2026-05-20 05:49:39 | INFO | my_functions.py:248 | [DEBUG] Buscando en paralelo: ['maybe_later2.PNG'] | timeout=0s | confidence=0.8
2026-05-20 05:49:39 | INFO | my_functions.py:282 | [DEBUG] Click skipped, ninguna de las imágenes se encontró en el intento.
2026-05-20 05:49:40 | INFO | my_functions.py:170 | Searching go_to_shop.PNG (timeout=0s)
2026-05-20 05:49:40 | INFO | my_functions.py:214 | 
⛔ Not found: go_to_shop.PNG after 0.0s region=(0, 0, 765, 1038) confidence=0.8
2026-05-20 05:49:40 | INFO | my_functions.py:248 | [DEBUG] Buscando en paralelo: ['14_days_of_winterverse.PNG'] | timeout=0s | confidence=0.8
2026-05-20 05:49:41 | INFO | my_functions.py:282 | [DEBUG] Click skipped, ninguna de las imágenes se encontró en el intento.
2026-05-20 05:49:42 | INFO | my_functions.py:170 | Searching welcome_back_calendar.PNG (timeout=0s)
2026-05-20 05:49:42 | INFO | my_functions.py:214 | 
⛔ Not found: welcome_back_calendar.PNG after 0.0s region=(0, 0, 765, 1038) confidence=0.8
2026-05-20 05:49:42 | INFO | my_functions.py:248 | [DEBUG] Buscando en paralelo: ['start_the_countdown.PNG'] | timeout=0s | confidence=0.8
2026-05-20 05:49:42 | INFO | my_functions.py:282 | [DEBUG] Click skipped, ninguna de las imágenes se encontró en el intento.
2026-05-20 05:49:43 | INFO | my_functions.py:248 | [DEBUG] Buscando en paralelo: ['event_has_ended_sanctum.PNG'] | timeout=0s | confidence=0.8
2026-05-20 05:49:43 | INFO | my_functions.py:282 | [DEBUG] Click skipped, ninguna de las imágenes se encontró en el intento.
2026-05-20 05:49:44 | INFO | my_functions.py:248 | [DEBUG] Buscando en paralelo: ['image_part_of_event_grand_arena_finished.PNG'] | timeout=0s | confidence=0.8
2026-05-20 05:49:45 | INFO | my_functions.py:282 | [DEBUG] Click skipped, ninguna de las imágenes se encontró en el intento.
2026-05-20 05:49:46 | INFO | my_functions.py:170 | Searching 28_day_event_login_rewards.PNG (timeout=0s)
2026-05-20 05:49:46 | INFO | my_functions.py:214 | 
⛔ Not found: 28_day_event_login_rewards.PNG after 0.0s region=(0, 0, 765, 1038) confidence=0.8
2026-05-20 05:49:46 | INFO | my_functions.py:170 | Searching 7_day_event_login.PNG (timeout=0s)
2026-05-20 05:49:46 | INFO | my_functions.py:214 | 
⛔ Not found: 7_day_event_login.PNG after 0.0s region=(0, 0, 765, 1038) confidence=0.8
2026-05-20 05:49:46 | INFO | my_functions.py:170 | Searching 14_days_event.PNG (timeout=0s)
2026-05-20 05:49:46 | INFO | my_functions.py:214 | 
⛔ Not found: 14_days_event.PNG after 0.0s region=(0, 0, 765, 1038) confidence=0.8
2026-05-20 05:49:46 | INFO | my_functions.py:248 | [DEBUG] Buscando en paralelo: ['lets_go.PNG'] | timeout=0s | confidence=0.8
2026-05-20 05:49:46 | INFO | my_functions.py:282 | [DEBUG] Click skipped, ninguna de las imágenes se encontró en el intento.
2026-05-20 05:49:48 | INFO | my_functions.py:170 | Searching shop_unselected.PNG (timeout=0s)
2026-05-20 05:49:49 | INFO | my_functions.py:214 | 
⛔ Not found: shop_unselected.PNG after 0.0s region=(0, 0, 765, 1038) confidence=0.8
2026-05-20 05:49:49 | INFO | my_functions.py:248 | [DEBUG] Buscando en paralelo: ['super_premium.PNG'] | timeout=0s | confidence=0.8
2026-05-20 05:49:49 | INFO | my_functions.py:282 | [DEBUG] Click skipped, ninguna de las imágenes se encontró en el intento.
2026-05-20 05:49:50 | INFO | my_functions.py:248 | [DEBUG] Buscando en paralelo: ['maybe_later.PNG'] | timeout=0s | confidence=0.8
2026-05-20 05:49:50 | INFO | my_functions.py:282 | [DEBUG] Click skipped, ninguna de las imágenes se encontró en el intento.
2026-05-20 05:49:51 | INFO | my_functions.py:248 | [DEBUG] Buscando en paralelo: ['maybe_later2.PNG'] | timeout=0s | confidence=0.8
2026-05-20 05:49:51 | INFO | my_functions.py:282 | [DEBUG] Click skipped, ninguna de las imágenes se encontró en el intento.
2026-05-20 05:49:52 | INFO | my_functions.py:170 | Searching go_to_shop.PNG (timeout=0s)
2026-05-20 05:49:53 | INFO | my_functions.py:214 | 
⛔ Not found: go_to_shop.PNG after 0.0s region=(0, 0, 765, 1038) confidence=0.8
2026-05-20 05:49:53 | INFO | my_functions.py:248 | [DEBUG] Buscando en paralelo: ['14_days_of_winterverse.PNG'] | timeout=0s | confidence=0.8
2026-05-20 05:49:53 | INFO | my_functions.py:282 | [DEBUG] Click skipped, ninguna de las imágenes se encontró en el intento.
2026-05-20 05:49:54 | INFO | my_functions.py:170 | Searching welcome_back_calendar.PNG (timeout=0s)
2026-05-20 05:49:54 | INFO | my_functions.py:214 | 
⛔ Not found: welcome_back_calendar.PNG after 0.0s region=(0, 0, 765, 1038) confidence=0.8
2026-05-20 05:49:54 | INFO | my_functions.py:248 | [DEBUG] Buscando en paralelo: ['start_the_countdown.PNG'] | timeout=0s | confidence=0.8
2026-05-20 05:49:54 | INFO | my_functions.py:282 | [DEBUG] Click skipped, ninguna de las imágenes se encontró en el intento.
2026-05-20 05:49:55 | INFO | my_functions.py:248 | [DEBUG] Buscando en paralelo: ['event_has_ended_sanctum.PNG'] | timeout=0s | confidence=0.8
2026-05-20 05:49:56 | INFO | my_functions.py:282 | [DEBUG] Click skipped, ninguna de las imágenes se encontró en el intento.
2026-05-20 05:49:57 | INFO | my_functions.py:248 | [DEBUG] Buscando en paralelo: ['image_part_of_event_grand_arena_finished.PNG'] | timeout=0s | confidence=0.8
2026-05-20 05:49:57 | INFO | my_functions.py:282 | [DEBUG] Click skipped, ninguna de las imágenes se encontró en el intento.
2026-05-20 05:49:58 | INFO | my_functions.py:170 | Searching 28_day_event_login_rewards.PNG (timeout=0s)
2026-05-20 05:49:58 | INFO | my_functions.py:214 | 
⛔ Not found: 28_day_event_login_rewards.PNG after 0.0s region=(0, 0, 765, 1038) confidence=0.8
2026-05-20 05:49:58 | INFO | my_functions.py:170 | Searching 7_day_event_login.PNG (timeout=0s)
2026-05-20 05:49:58 | INFO | my_functions.py:214 | 
⛔ Not found: 7_day_event_login.PNG after 0.0s region=(0, 0, 765, 1038) confidence=0.8
2026-05-20 05:49:58 | INFO | my_functions.py:170 | Searching 14_days_event.PNG (timeout=0s)
2026-05-20 05:49:58 | INFO | my_functions.py:214 | 
⛔ Not found: 14_days_event.PNG after 0.0s region=(0, 0, 765, 1038) confidence=0.8
2026-05-20 05:49:58 | INFO | my_functions.py:248 | [DEBUG] Buscando en paralelo: ['lets_go.PNG'] | timeout=0s | confidence=0.8
2026-05-20 05:49:59 | INFO | my_functions.py:282 | [DEBUG] Click skipped, ninguna de las imágenes se encontró en el intento.
2026-05-20 05:50:01 | INFO | my_functions.py:170 | Searching shop_unselected.PNG (timeout=0s)
2026-05-20 05:50:01 | INFO | my_functions.py:214 | 
⛔ Not found: shop_unselected.PNG after 0.0s region=(0, 0, 765, 1038) confidence=0.8
2026-05-20 05:50:01 | INFO | my_functions.py:248 | [DEBUG] Buscando en paralelo: ['super_premium.PNG'] | timeout=0s | confidence=0.8
2026-05-20 05:50:01 | INFO | my_functions.py:282 | [DEBUG] Click skipped, ninguna de las imágenes se encontró en el intento.
2026-05-20 05:50:02 | INFO | my_functions.py:248 | [DEBUG] Buscando en paralelo: ['maybe_later.PNG'] | timeout=0s | confidence=0.8
2026-05-20 05:50:02 | INFO | my_functions.py:282 | [DEBUG] Click skipped, ninguna de las imágenes se encontró en el intento.
2026-05-20 05:50:03 | INFO | my_functions.py:248 | [DEBUG] Buscando en paralelo: ['maybe_later2.PNG'] | timeout=0s | confidence=0.8
2026-05-20 05:50:04 | INFO | my_functions.py:282 | [DEBUG] Click skipped, ninguna de las imágenes se encontró en el intento.
2026-05-20 05:50:05 | INFO | my_functions.py:170 | Searching go_to_shop.PNG (timeout=0s)
2026-05-20 05:50:05 | INFO | my_functions.py:214 | 
⛔ Not found: go_to_shop.PNG after 0.0s region=(0, 0, 765, 1038) confidence=0.8
2026-05-20 05:50:05 | INFO | my_functions.py:248 | [DEBUG] Buscando en paralelo: ['14_days_of_winterverse.PNG'] | timeout=0s | confidence=0.8
2026-05-20 05:50:05 | INFO | my_functions.py:282 | [DEBUG] Click skipped, ninguna de las imágenes se encontró en el intento.
2026-05-20 05:50:06 | INFO | my_functions.py:170 | Searching welcome_back_calendar.PNG (timeout=0s)
2026-05-20 05:50:06 | INFO | my_functions.py:214 | 
⛔ Not found: welcome_back_calendar.PNG after 0.0s region=(0, 0, 765, 1038) confidence=0.8
2026-05-20 05:50:06 | INFO | my_functions.py:248 | [DEBUG] Buscando en paralelo: ['start_the_countdown.PNG'] | timeout=0s | confidence=0.8
2026-05-20 05:50:06 | INFO | my_functions.py:282 | [DEBUG] Click skipped, ninguna de las imágenes se encontró en el intento.
2026-05-20 05:50:08 | INFO | my_functions.py:248 | [DEBUG] Buscando en paralelo: ['event_has_ended_sanctum.PNG'] | timeout=0s | confidence=0.8
2026-05-20 05:50:08 | INFO | my_functions.py:282 | [DEBUG] Click skipped, ninguna de las imágenes se encontró en el intento.
2026-05-20 05:50:09 | INFO | my_functions.py:248 | [DEBUG] Buscando en paralelo: ['image_part_of_event_grand_arena_finished.PNG'] | timeout=0s | confidence=0.8
2026-05-20 05:50:09 | INFO | my_functions.py:282 | [DEBUG] Click skipped, ninguna de las imágenes se encontró en el intento.
2026-05-20 05:50:10 | INFO | my_functions.py:170 | Searching 28_day_event_login_rewards.PNG (timeout=0s)
2026-05-20 05:50:10 | INFO | my_functions.py:214 | 
⛔ Not found: 28_day_event_login_rewards.PNG after 0.18s region=(0, 0, 765, 1038) confidence=0.8
2026-05-20 05:50:10 | INFO | my_functions.py:170 | Searching 7_day_event_login.PNG (timeout=0s)
2026-05-20 05:50:11 | INFO | my_functions.py:214 | 
⛔ Not found: 7_day_event_login.PNG after 0.01s region=(0, 0, 765, 1038) confidence=0.8
2026-05-20 05:50:11 | INFO | my_functions.py:170 | Searching 14_days_event.PNG (timeout=0s)
2026-05-20 05:50:11 | INFO | my_functions.py:214 | 
⛔ Not found: 14_days_event.PNG after 0.0s region=(0, 0, 765, 1038) confidence=0.8
2026-05-20 05:50:11 | INFO | my_functions.py:248 | [DEBUG] Buscando en paralelo: ['lets_go.PNG'] | timeout=0s | confidence=0.8
2026-05-20 05:50:11 | INFO | my_functions.py:282 | [DEBUG] Click skipped, ninguna de las imágenes se encontró en el intento.
2026-05-20 05:50:13 | INFO | my_functions.py:170 | Searching shop_unselected.PNG (timeout=0s)
2026-05-20 05:50:13 | INFO | my_functions.py:214 | 
⛔ Not found: shop_unselected.PNG after 0.0s region=(0, 0, 765, 1038) confidence=0.8
2026-05-20 05:50:13 | INFO | my_functions.py:248 | [DEBUG] Buscando en paralelo: ['super_premium.PNG'] | timeout=0s | confidence=0.8
2026-05-20 05:50:13 | INFO | my_functions.py:282 | [DEBUG] Click skipped, ninguna de las imágenes se encontró en el intento.
2026-05-20 05:50:15 | INFO | my_functions.py:248 | [DEBUG] Buscando en paralelo: ['maybe_later.PNG'] | timeout=0s | confidence=0.8
2026-05-20 05:50:15 | INFO | my_functions.py:282 | [DEBUG] Click skipped, ninguna de las imágenes se encontró en el intento.
2026-05-20 05:50:16 | INFO | my_functions.py:248 | [DEBUG] Buscando en paralelo: ['maybe_later2.PNG'] | timeout=0s | confidence=0.8
2026-05-20 05:50:16 | INFO | my_functions.py:282 | [DEBUG] Click skipped, ninguna de las imágenes se encontró en el intento.
2026-05-20 05:50:17 | INFO | my_functions.py:170 | Searching go_to_shop.PNG (timeout=0s)
2026-05-20 05:50:17 | INFO | my_functions.py:214 | 
⛔ Not found: go_to_shop.PNG after 0.0s region=(0, 0, 765, 1038) confidence=0.8
2026-05-20 05:50:17 | INFO | my_functions.py:248 | [DEBUG] Buscando en paralelo: ['14_days_of_winterverse.PNG'] | timeout=0s | confidence=0.8
2026-05-20 05:50:17 | INFO | my_functions.py:282 | [DEBUG] Click skipped, ninguna de las imágenes se encontró en el intento.
2026-05-20 05:50:19 | INFO | my_functions.py:170 | Searching welcome_back_calendar.PNG (timeout=0s)
2026-05-20 05:50:19 | INFO | my_functions.py:214 | 
⛔ Not found: welcome_back_calendar.PNG after 0.0s region=(0, 0, 765, 1038) confidence=0.8
2026-05-20 05:50:19 | INFO | my_functions.py:248 | [DEBUG] Buscando en paralelo: ['start_the_countdown.PNG'] | timeout=0s | confidence=0.8
2026-05-20 05:50:19 | INFO | my_functions.py:282 | [DEBUG] Click skipped, ninguna de las imágenes se encontró en el intento.
2026-05-20 05:50:20 | INFO | my_functions.py:248 | [DEBUG] Buscando en paralelo: ['event_has_ended_sanctum.PNG'] | timeout=0s | confidence=0.8
2026-05-20 05:50:20 | INFO | my_functions.py:282 | [DEBUG] Click skipped, ninguna de las imágenes se encontró en el intento.
2026-05-20 05:50:21 | INFO | my_functions.py:248 | [DEBUG] Buscando en paralelo: ['image_part_of_event_grand_arena_finished.PNG'] | timeout=0s | confidence=0.8
2026-05-20 05:50:21 | INFO | my_functions.py:282 | [DEBUG] Click skipped, ninguna de las imágenes se encontró en el intento.
2026-05-20 05:50:23 | INFO | my_functions.py:170 | Searching 28_day_event_login_rewards.PNG (timeout=0s)
2026-05-20 05:50:23 | INFO | my_functions.py:214 | 
⛔ Not found: 28_day_event_login_rewards.PNG after 0.0s region=(0, 0, 765, 1038) confidence=0.8
2026-05-20 05:50:23 | INFO | my_functions.py:170 | Searching 7_day_event_login.PNG (timeout=0s)
2026-05-20 05:50:23 | INFO | my_functions.py:214 | 
⛔ Not found: 7_day_event_login.PNG after 0.0s region=(0, 0, 765, 1038) confidence=0.8
2026-05-20 05:50:23 | INFO | my_functions.py:170 | Searching 14_days_event.PNG (timeout=0s)
2026-05-20 05:50:23 | INFO | my_functions.py:214 | 
⛔ Not found: 14_days_event.PNG after 0.0s region=(0, 0, 765, 1038) confidence=0.8
2026-05-20 05:50:23 | INFO | my_functions.py:248 | [DEBUG] Buscando en paralelo: ['lets_go.PNG'] | timeout=0s | confidence=0.8
2026-05-20 05:50:23 | INFO | my_functions.py:282 | [DEBUG] Click skipped, ninguna de las imágenes se encontró en el intento.
2026-05-20 05:50:25 | INFO | my_functions.py:170 | Searching shop_unselected.PNG (timeout=0s)
2026-05-20 05:50:25 | INFO | my_functions.py:214 | 
⛔ Not found: shop_unselected.PNG after 0.0s region=(0, 0, 765, 1038) confidence=0.8
2026-05-20 05:50:25 | INFO | my_functions.py:248 | [DEBUG] Buscando en paralelo: ['super_premium.PNG'] | timeout=0s | confidence=0.8
2026-05-20 05:50:26 | INFO | my_functions.py:282 | [DEBUG] Click skipped, ninguna de las imágenes se encontró en el intento.
2026-05-20 05:50:27 | INFO | my_functions.py:248 | [DEBUG] Buscando en paralelo: ['maybe_later.PNG'] | timeout=0s | confidence=0.8
2026-05-20 05:50:27 | INFO | my_functions.py:282 | [DEBUG] Click skipped, ninguna de las imágenes se encontró en el intento.
2026-05-20 05:50:28 | INFO | my_functions.py:248 | [DEBUG] Buscando en paralelo: ['maybe_later2.PNG'] | timeout=0s | confidence=0.8
2026-05-20 05:50:28 | INFO | my_functions.py:282 | [DEBUG] Click skipped, ninguna de las imágenes se encontró en el intento.
2026-05-20 05:50:29 | INFO | my_functions.py:170 | Searching go_to_shop.PNG (timeout=0s)
2026-05-20 05:50:29 | INFO | my_functions.py:214 | 
⛔ Not found: go_to_shop.PNG after 0.0s region=(0, 0, 765, 1038) confidence=0.8
2026-05-20 05:50:29 | INFO | my_functions.py:248 | [DEBUG] Buscando en paralelo: ['14_days_of_winterverse.PNG'] | timeout=0s | confidence=0.8
2026-05-20 05:50:30 | INFO | my_functions.py:282 | [DEBUG] Click skipped, ninguna de las imágenes se encontró en el intento.
2026-05-20 05:50:31 | INFO | my_functions.py:170 | Searching welcome_back_calendar.PNG (timeout=0s)
2026-05-20 05:50:31 | INFO | my_functions.py:214 | 
⛔ Not found: welcome_back_calendar.PNG after 0.0s region=(0, 0, 765, 1038) confidence=0.8
2026-05-20 05:50:31 | INFO | my_functions.py:248 | [DEBUG] Buscando en paralelo: ['start_the_countdown.PNG'] | timeout=0s | confidence=0.8
2026-05-20 05:50:31 | INFO | my_functions.py:282 | [DEBUG] Click skipped, ninguna de las imágenes se encontró en el intento.
2026-05-20 05:50:32 | INFO | my_functions.py:248 | [DEBUG] Buscando en paralelo: ['event_has_ended_sanctum.PNG'] | timeout=0s | confidence=0.8
2026-05-20 05:50:32 | INFO | my_functions.py:282 | [DEBUG] Click skipped, ninguna de las imágenes se encontró en el intento.
2026-05-20 05:50:33 | INFO | my_functions.py:248 | [DEBUG] Buscando en paralelo: ['image_part_of_event_grand_arena_finished.PNG'] | timeout=0s | confidence=0.8
2026-05-20 05:50:34 | INFO | my_functions.py:282 | [DEBUG] Click skipped, ninguna de las imágenes se encontró en el intento.
2026-05-20 05:50:35 | INFO | my_functions.py:170 | Searching 28_day_event_login_rewards.PNG (timeout=0s)
2026-05-20 05:50:35 | INFO | my_functions.py:214 | 
⛔ Not found: 28_day_event_login_rewards.PNG after 0.15s region=(0, 0, 765, 1038) confidence=0.8
2026-05-20 05:50:35 | INFO | my_functions.py:170 | Searching 7_day_event_login.PNG (timeout=0s)
2026-05-20 05:50:35 | INFO | my_functions.py:214 | 
⛔ Not found: 7_day_event_login.PNG after 0.0s region=(0, 0, 765, 1038) confidence=0.8
2026-05-20 05:50:35 | INFO | my_functions.py:170 | Searching 14_days_event.PNG (timeout=0s)
2026-05-20 05:50:35 | INFO | my_functions.py:214 | 
⛔ Not found: 14_days_event.PNG after 0.0s region=(0, 0, 765, 1038) confidence=0.8
2026-05-20 05:50:35 | INFO | my_functions.py:248 | [DEBUG] Buscando en paralelo: ['lets_go.PNG'] | timeout=0s | confidence=0.8
2026-05-20 05:50:36 | INFO | my_functions.py:282 | [DEBUG] Click skipped, ninguna de las imágenes se encontró en el intento.
2026-05-20 05:50:38 | INFO | my_functions.py:170 | Searching shop_unselected.PNG (timeout=0s)
2026-05-20 05:50:38 | INFO | my_functions.py:214 | 
⛔ Not found: shop_unselected.PNG after 0.17s region=(0, 0, 765, 1038) confidence=0.8
2026-05-20 05:50:38 | INFO | my_functions.py:248 | [DEBUG] Buscando en paralelo: ['super_premium.PNG'] | timeout=0s | confidence=0.8
2026-05-20 05:50:38 | INFO | my_functions.py:282 | [DEBUG] Click skipped, ninguna de las imágenes se encontró en el intento.
2026-05-20 05:50:39 | INFO | my_functions.py:248 | [DEBUG] Buscando en paralelo: ['maybe_later.PNG'] | timeout=0s | confidence=0.8
2026-05-20 05:50:39 | INFO | my_functions.py:282 | [DEBUG] Click skipped, ninguna de las imágenes se encontró en el intento.
2026-05-20 05:50:41 | INFO | my_functions.py:248 | [DEBUG] Buscando en paralelo: ['maybe_later2.PNG'] | timeout=0s | confidence=0.8
2026-05-20 05:50:41 | INFO | my_functions.py:282 | [DEBUG] Click skipped, ninguna de las imágenes se encontró en el intento.
2026-05-20 05:50:42 | INFO | my_functions.py:170 | Searching go_to_shop.PNG (timeout=0s)
2026-05-20 05:50:42 | INFO | my_functions.py:214 | 
⛔ Not found: go_to_shop.PNG after 0.0s region=(0, 0, 765, 1038) confidence=0.8
2026-05-20 05:50:42 | INFO | my_functions.py:248 | [DEBUG] Buscando en paralelo: ['14_days_of_winterverse.PNG'] | timeout=0s | confidence=0.8
2026-05-20 05:50:42 | INFO | my_functions.py:282 | [DEBUG] Click skipped, ninguna de las imágenes se encontró en el intento.
2026-05-20 05:50:43 | INFO | my_functions.py:170 | Searching welcome_back_calendar.PNG (timeout=0s)
2026-05-20 05:50:44 | INFO | my_functions.py:214 | 
⛔ Not found: welcome_back_calendar.PNG after 0.17s region=(0, 0, 765, 1038) confidence=0.8
2026-05-20 05:50:44 | INFO | my_functions.py:248 | [DEBUG] Buscando en paralelo: ['start_the_countdown.PNG'] | timeout=0s | confidence=0.8
2026-05-20 05:50:44 | INFO | my_functions.py:282 | [DEBUG] Click skipped, ninguna de las imágenes se encontró en el intento.
2026-05-20 05:50:45 | INFO | my_functions.py:248 | [DEBUG] Buscando en paralelo: ['event_has_ended_sanctum.PNG'] | timeout=0s | confidence=0.8
2026-05-20 05:50:45 | INFO | my_functions.py:282 | [DEBUG] Click skipped, ninguna de las imágenes se encontró en el intento.
2026-05-20 05:50:46 | INFO | my_functions.py:248 | [DEBUG] Buscando en paralelo: ['image_part_of_event_grand_arena_finished.PNG'] | timeout=0s | confidence=0.8
2026-05-20 05:50:46 | INFO | my_functions.py:282 | [DEBUG] Click skipped, ninguna de las imágenes se encontró en el intento.
2026-05-20 05:50:47 | INFO | my_functions.py:170 | Searching 28_day_event_login_rewards.PNG (timeout=0s)
2026-05-20 05:50:48 | INFO | my_functions.py:214 | 
⛔ Not found: 28_day_event_login_rewards.PNG after 0.0s region=(0, 0, 765, 1038) confidence=0.8
2026-05-20 05:50:48 | INFO | my_functions.py:170 | Searching 7_day_event_login.PNG (timeout=0s)
2026-05-20 05:50:48 | INFO | my_functions.py:214 | 
⛔ Not found: 7_day_event_login.PNG after 0.0s region=(0, 0, 765, 1038) confidence=0.8
2026-05-20 05:50:48 | INFO | my_functions.py:170 | Searching 14_days_event.PNG (timeout=0s)
2026-05-20 05:50:48 | INFO | my_functions.py:214 | 
⛔ Not found: 14_days_event.PNG after 0.0s region=(0, 0, 765, 1038) confidence=0.8
2026-05-20 05:50:48 | INFO | my_functions.py:248 | [DEBUG] Buscando en paralelo: ['lets_go.PNG'] | timeout=0s | confidence=0.8
2026-05-20 05:50:48 | INFO | my_functions.py:282 | [DEBUG] Click skipped, ninguna de las imágenes se encontró en el intento.
2026-05-20 05:50:50 | INFO | my_functions.py:170 | Searching shop_unselected.PNG (timeout=0s)
2026-05-20 05:50:50 | INFO | my_functions.py:214 | 
⛔ Not found: shop_unselected.PNG after 0.0s region=(0, 0, 765, 1038) confidence=0.8
2026-05-20 05:50:50 | INFO | my_functions.py:248 | [DEBUG] Buscando en paralelo: ['super_premium.PNG'] | timeout=0s | confidence=0.8
2026-05-20 05:50:51 | INFO | my_functions.py:282 | [DEBUG] Click skipped, ninguna de las imágenes se encontró en el intento.
2026-05-20 05:50:52 | INFO | my_functions.py:248 | [DEBUG] Buscando en paralelo: ['maybe_later.PNG'] | timeout=0s | confidence=0.8
2026-05-20 05:50:52 | INFO | my_functions.py:282 | [DEBUG] Click skipped, ninguna de las imágenes se encontró en el intento.
2026-05-20 05:50:53 | INFO | my_functions.py:248 | [DEBUG] Buscando en paralelo: ['maybe_later2.PNG'] | timeout=0s | confidence=0.8
2026-05-20 05:50:53 | INFO | my_functions.py:282 | [DEBUG] Click skipped, ninguna de las imágenes se encontró en el intento.
2026-05-20 05:50:54 | INFO | my_functions.py:170 | Searching go_to_shop.PNG (timeout=0s)
2026-05-20 05:50:54 | INFO | my_functions.py:214 | 
⛔ Not found: go_to_shop.PNG after 0.0s region=(0, 0, 765, 1038) confidence=0.8
2026-05-20 05:50:54 | INFO | my_functions.py:248 | [DEBUG] Buscando en paralelo: ['14_days_of_winterverse.PNG'] | timeout=0s | confidence=0.8
2026-05-20 05:50:55 | INFO | my_functions.py:282 | [DEBUG] Click skipped, ninguna de las imágenes se encontró en el intento.
2026-05-20 05:50:56 | INFO | my_functions.py:170 | Searching welcome_back_calendar.PNG (timeout=0s)
2026-05-20 05:50:56 | INFO | my_functions.py:214 | 
⛔ Not found: welcome_back_calendar.PNG after 0.0s region=(0, 0, 765, 1038) confidence=0.8
2026-05-20 05:50:56 | INFO | my_functions.py:248 | [DEBUG] Buscando en paralelo: ['start_the_countdown.PNG'] | timeout=0s | confidence=0.8
2026-05-20 05:50:56 | INFO | my_functions.py:282 | [DEBUG] Click skipped, ninguna de las imágenes se encontró en el intento.
2026-05-20 05:50:57 | INFO | my_functions.py:248 | [DEBUG] Buscando en paralelo: ['event_has_ended_sanctum.PNG'] | timeout=0s | confidence=0.8
2026-05-20 05:50:57 | INFO | my_functions.py:282 | [DEBUG] Click skipped, ninguna de las imágenes se encontró en el intento.
2026-05-20 05:50:58 | INFO | my_functions.py:248 | [DEBUG] Buscando en paralelo: ['image_part_of_event_grand_arena_finished.PNG'] | timeout=0s | confidence=0.8
2026-05-20 05:50:58 | INFO | my_functions.py:282 | [DEBUG] Click skipped, ninguna de las imágenes se encontró en el intento.
2026-05-20 05:51:00 | INFO | my_functions.py:170 | Searching 28_day_event_login_rewards.PNG (timeout=0s)
2026-05-20 05:51:00 | INFO | my_functions.py:214 | 
⛔ Not found: 28_day_event_login_rewards.PNG after 0.18s region=(0, 0, 765, 1038) confidence=0.8
2026-05-20 05:51:00 | INFO | my_functions.py:170 | Searching 7_day_event_login.PNG (timeout=0s)
2026-05-20 05:51:00 | INFO | my_functions.py:214 | 
⛔ Not found: 7_day_event_login.PNG after 0.0s region=(0, 0, 765, 1038) confidence=0.8
2026-05-20 05:51:00 | INFO | my_functions.py:170 | Searching 14_days_event.PNG (timeout=0s)
2026-05-20 05:51:00 | INFO | my_functions.py:214 | 
⛔ Not found: 14_days_event.PNG after 0.0s region=(0, 0, 765, 1038) confidence=0.8
2026-05-20 05:51:00 | INFO | my_functions.py:248 | [DEBUG] Buscando en paralelo: ['lets_go.PNG'] | timeout=0s | confidence=0.8
2026-05-20 05:51:00 | INFO | my_functions.py:282 | [DEBUG] Click skipped, ninguna de las imágenes se encontró en el intento.
2026-05-20 05:51:05 | ERROR | each_eight_hours.py:363 | Unhandled exception occurred
Traceback (most recent call last):
  File "Z:\SHARED FILES VM\MS\each_eight_hours.py", line 152, in <module>
    submissions = count_available_submissions()
                  ^^^^^^^^^^^^^^^^^^^^^^^^^^^^^
  File "Z:\SHARED FILES VM\MS\my_functions.py", line 323, in count_available_submissions
    with open(file_path, 'r', encoding='utf-8-sig') as f:
         ^^^^^^^^^^^^^^^^^^^^^^^^^^^^^^^^^^^^^^^^^^
FileNotFoundError: [Errno 2] No such file or directory: 'C:\\Users\\Farm\\AppData\\LocalLow\\Second Dinner\\SNAP\\Standalone\\States\\nvprod\\MissionState.json'
