2026-06-26 20:47:42 | INFO | each_eight_hours.py:36 | LOG FILE PATH: \\vmware-host\Shared Folders\SHARED FILES VM\MS\logs\each_eight_hours_2026-06-26_20-47-42.log
2026-06-26 20:47:42 | INFO | each_eight_hours.py:37 | Logger initialized
2026-06-26 20:47:42 | INFO | each_eight_hours.py:64 | Script initialized
2026-06-26 20:48:02 | INFO | each_eight_hours.py:105 | snap.exe terminated if it was running
2026-06-26 20:48:03 | INFO | my_functions.py:56 | ⏳ Esperando WebSocket de OBS...
2026-06-26 20:48:08 | INFO | baseclient.py:33 | Connecting with parameters: host='localhost' port=4455 password='' subs=0 timeout=None
2026-06-26 20:48:08 | INFO | reqs.py:23 | Successfully identified ReqClient with the server using RPC version:1
2026-06-26 20:48:08 | INFO | my_functions.py:62 | ✅ Conectado al OBS WebSocket
2026-06-26 20:48:08 | ERROR | reqs.py:59 | OBSSDKRequestError: Request GetRecordStatus returned code 207. With message: OBS is not ready to perform the request.
Traceback (most recent call last):
  File "C:\Users\Farm\AppData\Local\Programs\Python\Python311\Lib\site-packages\obsws_python\reqs.py", line 53, in send
    raise OBSSDKRequestError(
obsws_python.error.OBSSDKRequestError: Request GetRecordStatus returned code 207. With message: OBS is not ready to perform the request.
2026-06-26 20:48:09 | INFO | my_functions.py:87 | 🎬 Grabación iniciada
2026-06-26 20:48:09 | INFO | my_functions.py:1547 | ⏱ Esperando 0.1 segundos antes de empezar...
2026-06-26 20:48:09 | INFO | my_functions.py:1554 | 🔍 Esperando ventana que contenga alguna de: ['py', 'eight_hours'] (máx 20s)
2026-06-26 20:48:09 | INFO | my_functions.py:1566 | ✅ Ventana encontrada: 'each_eight_hours  - Acceso directo'
2026-06-26 20:48:09 | INFO | my_functions.py:1581 | ✅ Ventana seleccionada: 'each_eight_hours  - Acceso directo'
2026-06-26 20:48:11 | INFO | my_functions.py:1604 | 🔁 Reajuste #1...
2026-06-26 20:48:12 | INFO | my_functions.py:1611 | ✔ Verificación completa. Se hicieron 1 reajustes.
2026-06-26 20:48:12 | INFO | each_eight_hours.py:113 | Processing account: john
2026-06-26 20:48:12 | INFO | my_functions.py:1547 | ⏱ Esperando 0.1 segundos antes de empezar...
2026-06-26 20:48:12 | INFO | my_functions.py:1554 | 🔍 Esperando ventana que contenga alguna de: ['SNAP'] (máx 20s)
2026-06-26 20:48:17 | INFO | my_functions.py:1566 | ✅ Ventana encontrada: 'SNAP'
2026-06-26 20:48:17 | INFO | my_functions.py:1581 | ✅ Ventana seleccionada: 'SNAP'
2026-06-26 20:48:19 | INFO | my_functions.py:1613 | ✔ Verificación completa. No hubo cambios después del primer ajuste.
2026-06-26 20:48:20 | INFO | my_functions.py:1206 | [DEBUG] Resizing SNAP window...
2026-06-26 20:48:20 | INFO | my_functions.py:1547 | ⏱ Esperando 0.1 segundos antes de empezar...
2026-06-26 20:48:20 | INFO | my_functions.py:1554 | 🔍 Esperando ventana que contenga alguna de: ['SNAP'] (máx 20s)
2026-06-26 20:48:20 | INFO | my_functions.py:1566 | ✅ Ventana encontrada: 'SNAP'
2026-06-26 20:48:20 | INFO | my_functions.py:1581 | ✅ Ventana seleccionada: 'SNAP'
2026-06-26 20:48:23 | INFO | my_functions.py:1613 | ✔ Verificación completa. No hubo cambios después del primer ajuste.
2026-06-26 20:48:23 | INFO | my_functions.py:247 | [DEBUG] Buscando en paralelo: ['small_submit.PNG', 'small_submit_hover.png', 'submit_hover_2.png', 'small_submit_hover_2.png'] | timeout=90s | confidence=0.8
2026-06-26 20:49:53 | INFO | my_functions.py:281 | [DEBUG] Click skipped, ninguna de las imágenes se encontró en el intento.
2026-06-26 20:49:54 | INFO | my_functions.py:169 | Searching shop_unselected.PNG (timeout=0s)
2026-06-26 20:49:55 | INFO | my_functions.py:213 | 
⛔ Not found: shop_unselected.PNG after 0.0s region=(0, 0, 765, 1038) confidence=0.8
2026-06-26 20:49:55 | INFO | my_functions.py:247 | [DEBUG] Buscando en paralelo: ['super_premium.PNG'] | timeout=0s | confidence=0.8
2026-06-26 20:49:56 | INFO | my_functions.py:134 | Haciendo click en la posición (480, 777)
2026-06-26 20:49:57 | INFO | my_functions.py:269 | 🖱️ Click OK (En paralelo): super_premium.PNG at (480, 777) delay=1s
2026-06-26 20:49:58 | INFO | my_functions.py:142 | Presionando ESC (1/1)
2026-06-26 20:50:06 | INFO | my_functions.py:169 | Searching shop_unselected.PNG (timeout=0s)
2026-06-26 20:50:07 | INFO | my_functions.py:199 | 
✅ Found: shop_unselected.PNG pos=(88, 961) time=0.7s confidence=0.8
2026-06-26 20:50:07 | INFO | my_functions.py:714 | Ya esta listo
2026-06-26 20:50:07 | INFO | my_functions.py:247 | [DEBUG] Buscando en paralelo: ['nut.png'] | timeout=20s | confidence=0.8
2026-06-26 20:50:09 | INFO | my_functions.py:134 | Haciendo click en la posición (184, 78)
2026-06-26 20:50:09 | INFO | my_functions.py:269 | 🖱️ Click OK (En paralelo): nut.png at (184, 78) delay=1s
2026-06-26 20:50:10 | INFO | my_functions.py:247 | [DEBUG] Buscando en paralelo: ['graphics_quality.png'] | timeout=3s | confidence=0.8
2026-06-26 20:50:12 | INFO | my_functions.py:134 | Haciendo click en la posición (304, 644)
2026-06-26 20:50:12 | INFO | my_functions.py:269 | 🖱️ Click OK (En paralelo): graphics_quality.png at (304, 644) delay=1s
2026-06-26 20:50:14 | INFO | my_functions.py:247 | [DEBUG] Buscando en paralelo: ['sign_out.png'] | timeout=20s | confidence=0.8
2026-06-26 20:50:16 | INFO | my_functions.py:134 | Haciendo click en la posición (380, 796)
2026-06-26 20:50:16 | INFO | my_functions.py:269 | 🖱️ Click OK (En paralelo): sign_out.png at (380, 796) delay=1s
2026-06-26 20:50:18 | INFO | my_functions.py:247 | [DEBUG] Buscando en paralelo: ['sign_out_grande.png'] | timeout=20s | confidence=0.8
2026-06-26 20:50:19 | INFO | my_functions.py:134 | Haciendo click en la posición (359, 437)
2026-06-26 20:50:20 | INFO | my_functions.py:269 | 🖱️ Click OK (En paralelo): sign_out_grande.png at (359, 437) delay=1s
2026-06-26 20:50:21 | INFO | my_functions.py:247 | [DEBUG] Buscando en paralelo: ['sign_out2.png'] | timeout=20s | confidence=0.8
2026-06-26 20:50:22 | INFO | my_functions.py:134 | Haciendo click en la posición (383, 634)
2026-06-26 20:50:23 | INFO | my_functions.py:269 | 🖱️ Click OK (En paralelo): sign_out2.png at (383, 634) delay=1s
2026-06-26 20:50:24 | INFO | my_functions.py:1547 | ⏱ Esperando 0.1 segundos antes de empezar...
2026-06-26 20:50:24 | INFO | my_functions.py:1554 | 🔍 Esperando ventana que contenga alguna de: SNAP (máx 20s)
2026-06-26 20:50:24 | INFO | my_functions.py:1566 | ✅ Ventana encontrada: 'SNAP'
2026-06-26 20:50:24 | INFO | my_functions.py:1581 | ✅ Ventana seleccionada: 'SNAP'
2026-06-26 20:50:26 | INFO | my_functions.py:1604 | 🔁 Reajuste #1...
2026-06-26 20:50:28 | INFO | my_functions.py:1611 | ✔ Verificación completa. Se hicieron 1 reajustes.
2026-06-26 20:50:32 | INFO | my_functions.py:1206 | [DEBUG] Resizing SNAP window...
2026-06-26 20:50:32 | INFO | my_functions.py:1547 | ⏱ Esperando 0.1 segundos antes de empezar...
2026-06-26 20:50:32 | INFO | my_functions.py:1554 | 🔍 Esperando ventana que contenga alguna de: ['SNAP'] (máx 20s)
2026-06-26 20:50:35 | INFO | my_functions.py:1566 | ✅ Ventana encontrada: 'SNAP'
2026-06-26 20:50:35 | INFO | my_functions.py:1581 | ✅ Ventana seleccionada: 'SNAP'
2026-06-26 20:50:38 | INFO | my_functions.py:1613 | ✔ Verificación completa. No hubo cambios después del primer ajuste.
2026-06-26 20:50:38 | INFO | my_functions.py:247 | [DEBUG] Buscando en paralelo: ['small_submit.PNG', 'small_submit_hover.png', 'submit_hover_2.png', 'small_submit_hover_2.png'] | timeout=90s | confidence=0.8
2026-06-26 20:50:51 | INFO | my_functions.py:134 | Haciendo click en la posición (380, 642)
2026-06-26 20:50:51 | INFO | my_functions.py:269 | 🖱️ Click OK (En paralelo): small_submit.PNG at (380, 642) delay=0.2s
2026-06-26 20:50:54 | INFO | my_functions.py:247 | [DEBUG] Buscando en paralelo: ['small_submit.PNG', 'small_submit_hover.png', 'submit_hover_2.png', 'small_submit_hover_2.png'] | timeout=20s | confidence=0.8
2026-06-26 20:50:55 | INFO | my_functions.py:134 | Haciendo click en la posición (380, 721)
2026-06-26 20:50:55 | INFO | my_functions.py:269 | 🖱️ Click OK (En paralelo): small_submit.PNG at (380, 721) delay=0.2s
2026-06-26 20:50:57 | INFO | my_functions.py:1547 | ⏱ Esperando 0.1 segundos antes de empezar...
2026-06-26 20:50:57 | INFO | my_functions.py:1554 | 🔍 Esperando ventana que contenga alguna de: ['SNAP'] (máx 20s)
2026-06-26 20:50:57 | INFO | my_functions.py:1566 | ✅ Ventana encontrada: 'SNAP'
2026-06-26 20:50:57 | INFO | my_functions.py:1581 | ✅ Ventana seleccionada: 'SNAP'
2026-06-26 20:50:59 | INFO | my_functions.py:1604 | 🔁 Reajuste #1...
2026-06-26 20:51:00 | INFO | my_functions.py:1611 | ✔ Verificación completa. Se hicieron 1 reajustes.
2026-06-26 20:51:00 | INFO | my_functions.py:169 | Searching please_sign.png (timeout=0s)
2026-06-26 20:51:00 | INFO | my_functions.py:199 | 
✅ Found: please_sign.png pos=(383, 438) time=0.46s confidence=0.8
2026-06-26 20:51:00 | INFO | my_functions.py:247 | [DEBUG] Buscando en paralelo: ['ok_btn.png'] | timeout=20s | confidence=0.8
2026-06-26 20:51:02 | INFO | my_functions.py:134 | Haciendo click en la posición (382, 634)
2026-06-26 20:51:02 | INFO | my_functions.py:269 | 🖱️ Click OK (En paralelo): ok_btn.png at (382, 634) delay=1s
2026-06-26 20:51:03 | INFO | my_functions.py:247 | [DEBUG] Buscando en paralelo: ['small_submit.PNG', 'small_submit_hover.png', 'submit_hover_2.png', 'small_submit_hover_2.png'] | timeout=30s | confidence=0.8
2026-06-26 20:51:06 | INFO | my_functions.py:134 | Haciendo click en la posición (383, 643)
2026-06-26 20:51:06 | INFO | my_functions.py:269 | 🖱️ Click OK (En paralelo): small_submit_hover_2.png at (383, 643) delay=0.2s
2026-06-26 20:51:07 | INFO | my_functions.py:247 | [DEBUG] Buscando en paralelo: ['small_submit.PNG', 'small_submit_hover.png', 'submit_hover_2.png', 'small_submit_hover_2.png'] | timeout=20s | confidence=0.8
2026-06-26 20:51:09 | INFO | my_functions.py:134 | Haciendo click en la posición (380, 721)
2026-06-26 20:51:09 | INFO | my_functions.py:269 | 🖱️ Click OK (En paralelo): small_submit.PNG at (380, 721) delay=0.2s
2026-06-26 20:51:10 | INFO | my_functions.py:247 | [DEBUG] Buscando en paralelo: ['sign_in_with_google2.PNG'] | timeout=20s | confidence=0.8
2026-06-26 20:51:12 | INFO | my_functions.py:134 | Haciendo click en la posición (406, 957)
2026-06-26 20:51:12 | INFO | my_functions.py:269 | 🖱️ Click OK (En paralelo): sign_in_with_google2.PNG at (406, 957) delay=1s
2026-06-26 20:51:13 | INFO | my_functions.py:169 | Searching pagina_cargada.png (timeout=60s)
2026-06-26 20:51:24 | INFO | my_functions.py:199 | 
✅ Found: pagina_cargada.png pos=(70, 24) time=11.27s confidence=0.8
2026-06-26 20:51:24 | INFO | my_functions.py:247 | [DEBUG] Buscando en paralelo: ['john.png'] | timeout=0s | confidence=0.8
2026-06-26 20:51:28 | INFO | my_functions.py:134 | Haciendo click en la posición (1143, 619)
2026-06-26 20:51:28 | INFO | my_functions.py:269 | 🖱️ Click OK (En paralelo): john.png at (1143, 619) delay=3s
2026-06-26 20:51:29 | INFO | my_functions.py:169 | Searching marvelsnap_web.png (timeout=30s)
2026-06-26 20:51:36 | INFO | my_functions.py:199 | 
✅ Found: marvelsnap_web.png pos=(258, 80) time=6.24s confidence=0.7
2026-06-26 20:51:38 | INFO | my_functions.py:247 | [DEBUG] Buscando en paralelo: ['small_submit.PNG', 'small_submit_hover.png', 'submit_hover_2.png', 'small_submit_hover_2.png'] | timeout=20s | confidence=0.8
2026-06-26 20:52:00 | INFO | my_functions.py:281 | [DEBUG] Click skipped, ninguna de las imágenes se encontró en el intento.
2026-06-26 20:52:01 | INFO | my_functions.py:1547 | ⏱ Esperando 0.1 segundos antes de empezar...
2026-06-26 20:52:02 | INFO | my_functions.py:1554 | 🔍 Esperando ventana que contenga alguna de: ['SNAP'] (máx 20s)
2026-06-26 20:52:02 | INFO | my_functions.py:1566 | ✅ Ventana encontrada: 'SNAP'
2026-06-26 20:52:02 | INFO | my_functions.py:1581 | ✅ Ventana seleccionada: 'SNAP'
2026-06-26 20:52:05 | INFO | my_functions.py:1613 | ✔ Verificación completa. No hubo cambios después del primer ajuste.
2026-06-26 20:52:05 | INFO | my_functions.py:169 | Searching please_sign.png (timeout=0s)
2026-06-26 20:52:05 | INFO | my_functions.py:213 | 
⛔ Not found: please_sign.png after 0.0s region=(0, 0, 765, 1038) confidence=0.8
2026-06-26 20:52:05 | INFO | my_functions.py:247 | [DEBUG] Buscando en paralelo: ['sign_in_with_google2.PNG'] | timeout=20s | confidence=0.8
2026-06-26 20:52:25 | INFO | my_functions.py:281 | [DEBUG] Click skipped, ninguna de las imágenes se encontró en el intento.
2026-06-26 20:52:26 | INFO | my_functions.py:169 | Searching pagina_cargada.png (timeout=60s)
2026-06-26 20:53:28 | INFO | my_functions.py:213 | 
⛔ Not found: pagina_cargada.png after 60.71s region=(0, 0, 765, 1038) confidence=0.8
2026-06-26 20:53:28 | INFO | my_functions.py:169 | Searching marvelsnap_web.png (timeout=30s)
2026-06-26 20:53:59 | INFO | my_functions.py:213 | 
⛔ Not found: marvelsnap_web.png after 30.62s region=(0, 0, 765, 1038) confidence=0.7
2026-06-26 20:53:59 | INFO | my_functions.py:169 | Searching shop_unselected.PNG (timeout=0s)
2026-06-26 20:54:00 | INFO | my_functions.py:199 | 
✅ Found: shop_unselected.PNG pos=(88, 961) time=0.71s confidence=0.8
2026-06-26 20:54:08 | INFO | my_functions.py:169 | Searching shop_unselected.PNG (timeout=0s)
2026-06-26 20:54:08 | INFO | my_functions.py:199 | 
✅ Found: shop_unselected.PNG pos=(88, 961) time=0.68s confidence=0.8
2026-06-26 20:54:08 | INFO | my_functions.py:714 | Ya esta listo
2026-06-26 20:54:13 | INFO | my_functions.py:533 | AVAILABLE: 3
2026-06-26 20:54:13 | INFO | my_functions.py:247 | [DEBUG] Buscando en paralelo: ['nut.png'] | timeout=20s | confidence=0.8
2026-06-26 20:54:14 | INFO | my_functions.py:134 | Haciendo click en la posición (184, 78)
2026-06-26 20:54:15 | INFO | my_functions.py:269 | 🖱️ Click OK (En paralelo): nut.png at (184, 78) delay=1s
2026-06-26 20:54:16 | INFO | my_functions.py:247 | [DEBUG] Buscando en paralelo: ['graphics_quality.png'] | timeout=3s | confidence=0.8
2026-06-26 20:54:17 | INFO | my_functions.py:134 | Haciendo click en la posición (304, 644)
2026-06-26 20:54:17 | INFO | my_functions.py:269 | 🖱️ Click OK (En paralelo): graphics_quality.png at (304, 644) delay=1s
2026-06-26 20:54:20 | INFO | my_functions.py:247 | [DEBUG] Buscando en paralelo: ['sign_out.png'] | timeout=20s | confidence=0.8
2026-06-26 20:54:21 | INFO | my_functions.py:134 | Haciendo click en la posición (380, 796)
2026-06-26 20:54:22 | INFO | my_functions.py:269 | 🖱️ Click OK (En paralelo): sign_out.png at (380, 796) delay=1s
2026-06-26 20:54:24 | INFO | my_functions.py:247 | [DEBUG] Buscando en paralelo: ['sign_out_grande.png'] | timeout=20s | confidence=0.8
2026-06-26 20:54:25 | INFO | my_functions.py:134 | Haciendo click en la posición (359, 437)
2026-06-26 20:54:25 | INFO | my_functions.py:269 | 🖱️ Click OK (En paralelo): sign_out_grande.png at (359, 437) delay=1s
2026-06-26 20:54:26 | INFO | my_functions.py:247 | [DEBUG] Buscando en paralelo: ['sign_out2.png'] | timeout=20s | confidence=0.8
2026-06-26 20:54:28 | INFO | my_functions.py:134 | Haciendo click en la posición (383, 634)
2026-06-26 20:54:28 | INFO | my_functions.py:269 | 🖱️ Click OK (En paralelo): sign_out2.png at (383, 634) delay=1s
2026-06-26 20:54:29 | INFO | my_functions.py:1547 | ⏱ Esperando 0.1 segundos antes de empezar...
2026-06-26 20:54:29 | INFO | my_functions.py:1554 | 🔍 Esperando ventana que contenga alguna de: SNAP (máx 20s)
2026-06-26 20:54:29 | INFO | my_functions.py:1566 | ✅ Ventana encontrada: 'SNAP'
2026-06-26 20:54:29 | INFO | my_functions.py:1581 | ✅ Ventana seleccionada: 'SNAP'
2026-06-26 20:54:31 | INFO | my_functions.py:1604 | 🔁 Reajuste #1...
2026-06-26 20:54:34 | INFO | my_functions.py:1611 | ✔ Verificación completa. Se hicieron 1 reajustes.
2026-06-26 20:54:38 | INFO | each_eight_hours.py:113 | Processing account: robert
2026-06-26 20:54:38 | INFO | my_functions.py:1547 | ⏱ Esperando 0.1 segundos antes de empezar...
2026-06-26 20:54:38 | INFO | my_functions.py:1554 | 🔍 Esperando ventana que contenga alguna de: ['SNAP'] (máx 20s)
2026-06-26 20:54:40 | INFO | my_functions.py:1566 | ✅ Ventana encontrada: 'SNAP'
2026-06-26 20:54:40 | INFO | my_functions.py:1581 | ✅ Ventana seleccionada: 'SNAP'
2026-06-26 20:54:42 | INFO | my_functions.py:1613 | ✔ Verificación completa. No hubo cambios después del primer ajuste.
2026-06-26 20:54:42 | INFO | my_functions.py:1206 | [DEBUG] Resizing SNAP window...
2026-06-26 20:54:42 | INFO | my_functions.py:1547 | ⏱ Esperando 0.1 segundos antes de empezar...
2026-06-26 20:54:43 | INFO | my_functions.py:1554 | 🔍 Esperando ventana que contenga alguna de: ['SNAP'] (máx 20s)
2026-06-26 20:54:43 | INFO | my_functions.py:1566 | ✅ Ventana encontrada: 'SNAP'
2026-06-26 20:54:43 | INFO | my_functions.py:1581 | ✅ Ventana seleccionada: 'SNAP'
2026-06-26 20:54:46 | INFO | my_functions.py:1613 | ✔ Verificación completa. No hubo cambios después del primer ajuste.
2026-06-26 20:54:46 | INFO | my_functions.py:247 | [DEBUG] Buscando en paralelo: ['small_submit.PNG', 'small_submit_hover.png', 'submit_hover_2.png', 'small_submit_hover_2.png'] | timeout=90s | confidence=0.8
2026-06-26 20:54:53 | INFO | my_functions.py:134 | Haciendo click en la posición (380, 642)
2026-06-26 20:54:53 | INFO | my_functions.py:269 | 🖱️ Click OK (En paralelo): small_submit.PNG at (380, 642) delay=0.2s
2026-06-26 20:54:56 | INFO | my_functions.py:247 | [DEBUG] Buscando en paralelo: ['small_submit.PNG', 'small_submit_hover.png', 'submit_hover_2.png', 'small_submit_hover_2.png'] | timeout=20s | confidence=0.8
2026-06-26 20:54:57 | INFO | my_functions.py:134 | Haciendo click en la posición (380, 721)
2026-06-26 20:54:58 | INFO | my_functions.py:269 | 🖱️ Click OK (En paralelo): small_submit.PNG at (380, 721) delay=0.2s
2026-06-26 20:54:59 | INFO | my_functions.py:1547 | ⏱ Esperando 0.1 segundos antes de empezar...
2026-06-26 20:54:59 | INFO | my_functions.py:1554 | 🔍 Esperando ventana que contenga alguna de: ['SNAP'] (máx 20s)
2026-06-26 20:54:59 | INFO | my_functions.py:1566 | ✅ Ventana encontrada: 'SNAP'
2026-06-26 20:54:59 | INFO | my_functions.py:1581 | ✅ Ventana seleccionada: 'SNAP'
2026-06-26 20:55:01 | INFO | my_functions.py:1604 | 🔁 Reajuste #1...
2026-06-26 20:55:02 | INFO | my_functions.py:1611 | ✔ Verificación completa. Se hicieron 1 reajustes.
2026-06-26 20:55:02 | INFO | my_functions.py:169 | Searching please_sign.png (timeout=0s)
2026-06-26 20:55:02 | INFO | my_functions.py:199 | 
✅ Found: please_sign.png pos=(383, 438) time=0.45s confidence=0.8
2026-06-26 20:55:02 | INFO | my_functions.py:247 | [DEBUG] Buscando en paralelo: ['ok_btn.png'] | timeout=20s | confidence=0.8
2026-06-26 20:55:04 | INFO | my_functions.py:134 | Haciendo click en la posición (382, 634)
2026-06-26 20:55:04 | INFO | my_functions.py:269 | 🖱️ Click OK (En paralelo): ok_btn.png at (382, 634) delay=1s
2026-06-26 20:55:05 | INFO | my_functions.py:247 | [DEBUG] Buscando en paralelo: ['small_submit.PNG', 'small_submit_hover.png', 'submit_hover_2.png', 'small_submit_hover_2.png'] | timeout=30s | confidence=0.8
2026-06-26 20:55:08 | INFO | my_functions.py:134 | Haciendo click en la posición (383, 643)
2026-06-26 20:55:08 | INFO | my_functions.py:269 | 🖱️ Click OK (En paralelo): small_submit_hover_2.png at (383, 643) delay=0.2s
2026-06-26 20:55:09 | INFO | my_functions.py:247 | [DEBUG] Buscando en paralelo: ['small_submit.PNG', 'small_submit_hover.png', 'submit_hover_2.png', 'small_submit_hover_2.png'] | timeout=20s | confidence=0.8
2026-06-26 20:55:11 | INFO | my_functions.py:134 | Haciendo click en la posición (380, 721)
2026-06-26 20:55:11 | INFO | my_functions.py:269 | 🖱️ Click OK (En paralelo): small_submit.PNG at (380, 721) delay=0.2s
2026-06-26 20:55:12 | INFO | my_functions.py:247 | [DEBUG] Buscando en paralelo: ['sign_in_with_google2.PNG'] | timeout=20s | confidence=0.8
2026-06-26 20:55:14 | INFO | my_functions.py:134 | Haciendo click en la posición (406, 957)
2026-06-26 20:55:14 | INFO | my_functions.py:269 | 🖱️ Click OK (En paralelo): sign_in_with_google2.PNG at (406, 957) delay=1s
2026-06-26 20:55:15 | INFO | my_functions.py:169 | Searching pagina_cargada.png (timeout=60s)
2026-06-26 20:56:02 | INFO | my_functions.py:199 | 
✅ Found: pagina_cargada.png pos=(70, 24) time=46.93s confidence=0.8
2026-06-26 20:56:02 | INFO | my_functions.py:247 | [DEBUG] Buscando en paralelo: ['robert.png'] | timeout=0s | confidence=0.8
2026-06-26 20:56:06 | INFO | my_functions.py:134 | Haciendo click en la posición (1152, 794)
2026-06-26 20:56:06 | INFO | my_functions.py:269 | 🖱️ Click OK (En paralelo): robert.png at (1152, 794) delay=3s
2026-06-26 20:56:07 | INFO | my_functions.py:169 | Searching marvelsnap_web.png (timeout=30s)
2026-06-26 20:56:38 | INFO | my_functions.py:213 | 
⛔ Not found: marvelsnap_web.png after 30.13s region=(0, 0, 765, 1038) confidence=0.7
2026-06-26 20:56:38 | INFO | my_functions.py:169 | Searching shop_unselected.PNG (timeout=0s)
2026-06-26 20:56:39 | INFO | my_functions.py:213 | 
⛔ Not found: shop_unselected.PNG after 0.01s region=(0, 0, 765, 1038) confidence=0.8
2026-06-26 20:56:39 | INFO | my_functions.py:247 | [DEBUG] Buscando en paralelo: ['super_premium.PNG'] | timeout=0s | confidence=0.8
2026-06-26 20:56:39 | INFO | my_functions.py:281 | [DEBUG] Click skipped, ninguna de las imágenes se encontró en el intento.
2026-06-26 20:56:40 | INFO | my_functions.py:247 | [DEBUG] Buscando en paralelo: ['maybe_later.PNG'] | timeout=0s | confidence=0.8
2026-06-26 20:56:41 | INFO | my_functions.py:281 | [DEBUG] Click skipped, ninguna de las imágenes se encontró en el intento.
2026-06-26 20:56:42 | INFO | my_functions.py:247 | [DEBUG] Buscando en paralelo: ['maybe_later2.PNG'] | timeout=0s | confidence=0.8
2026-06-26 20:56:43 | INFO | my_functions.py:281 | [DEBUG] Click skipped, ninguna de las imágenes se encontró en el intento.
2026-06-26 20:56:44 | INFO | my_functions.py:169 | Searching go_to_shop.PNG (timeout=0s)
2026-06-26 20:56:45 | INFO | my_functions.py:213 | 
⛔ Not found: go_to_shop.PNG after 0.0s region=(0, 0, 765, 1038) confidence=0.8
2026-06-26 20:56:45 | INFO | my_functions.py:247 | [DEBUG] Buscando en paralelo: ['14_days_of_winterverse.PNG'] | timeout=0s | confidence=0.8
2026-06-26 20:56:45 | INFO | my_functions.py:281 | [DEBUG] Click skipped, ninguna de las imágenes se encontró en el intento.
2026-06-26 20:56:46 | INFO | my_functions.py:169 | Searching welcome_back_calendar.PNG (timeout=0s)
2026-06-26 20:56:47 | INFO | my_functions.py:213 | 
⛔ Not found: welcome_back_calendar.PNG after 0.0s region=(0, 0, 765, 1038) confidence=0.8
2026-06-26 20:56:47 | INFO | my_functions.py:247 | [DEBUG] Buscando en paralelo: ['start_the_countdown.PNG'] | timeout=0s | confidence=0.8
2026-06-26 20:56:47 | INFO | my_functions.py:281 | [DEBUG] Click skipped, ninguna de las imágenes se encontró en el intento.
2026-06-26 20:56:48 | INFO | my_functions.py:247 | [DEBUG] Buscando en paralelo: ['event_has_ended_sanctum.PNG'] | timeout=0s | confidence=0.8
2026-06-26 20:56:49 | INFO | my_functions.py:281 | [DEBUG] Click skipped, ninguna de las imágenes se encontró en el intento.
2026-06-26 20:56:50 | INFO | my_functions.py:247 | [DEBUG] Buscando en paralelo: ['event_has_ended_teamclash.PNG'] | timeout=0s | confidence=0.8
2026-06-26 20:56:51 | INFO | my_functions.py:281 | [DEBUG] Click skipped, ninguna de las imágenes se encontró en el intento.
2026-06-26 20:56:52 | INFO | my_functions.py:247 | [DEBUG] Buscando en paralelo: ['image_part_of_event_grand_arena_finished.PNG'] | timeout=0s | confidence=0.8
2026-06-26 20:56:52 | INFO | my_functions.py:281 | [DEBUG] Click skipped, ninguna de las imágenes se encontró en el intento.
2026-06-26 20:56:53 | INFO | my_functions.py:169 | Searching 28_day_event_login_rewards.PNG (timeout=0s)
2026-06-26 20:56:54 | INFO | my_functions.py:213 | 
⛔ Not found: 28_day_event_login_rewards.PNG after 0.0s region=(0, 0, 765, 1038) confidence=0.8
2026-06-26 20:56:54 | INFO | my_functions.py:169 | Searching 7_day_event_login.PNG (timeout=0s)
2026-06-26 20:56:54 | INFO | my_functions.py:213 | 
⛔ Not found: 7_day_event_login.PNG after 0.0s region=(0, 0, 765, 1038) confidence=0.8
2026-06-26 20:56:54 | INFO | my_functions.py:169 | Searching 14_days_event.PNG (timeout=0s)
2026-06-26 20:56:55 | INFO | my_functions.py:213 | 
⛔ Not found: 14_days_event.PNG after 0.0s region=(0, 0, 765, 1038) confidence=0.8
2026-06-26 20:56:55 | INFO | my_functions.py:247 | [DEBUG] Buscando en paralelo: ['lets_go.PNG'] | timeout=0s | confidence=0.8
2026-06-26 20:56:55 | INFO | my_functions.py:281 | [DEBUG] Click skipped, ninguna de las imágenes se encontró en el intento.
2026-06-26 20:56:57 | INFO | my_functions.py:169 | Searching shop_unselected.PNG (timeout=0s)
2026-06-26 20:56:58 | INFO | my_functions.py:213 | 
⛔ Not found: shop_unselected.PNG after 0.0s region=(0, 0, 765, 1038) confidence=0.8
2026-06-26 20:56:58 | INFO | my_functions.py:247 | [DEBUG] Buscando en paralelo: ['super_premium.PNG'] | timeout=0s | confidence=0.8
2026-06-26 20:56:58 | INFO | my_functions.py:281 | [DEBUG] Click skipped, ninguna de las imágenes se encontró en el intento.
2026-06-26 20:56:59 | INFO | my_functions.py:247 | [DEBUG] Buscando en paralelo: ['maybe_later.PNG'] | timeout=0s | confidence=0.8
2026-06-26 20:57:00 | INFO | my_functions.py:281 | [DEBUG] Click skipped, ninguna de las imágenes se encontró en el intento.
2026-06-26 20:57:01 | INFO | my_functions.py:247 | [DEBUG] Buscando en paralelo: ['maybe_later2.PNG'] | timeout=0s | confidence=0.8
2026-06-26 20:57:02 | INFO | my_functions.py:281 | [DEBUG] Click skipped, ninguna de las imágenes se encontró en el intento.
2026-06-26 20:57:03 | INFO | my_functions.py:169 | Searching go_to_shop.PNG (timeout=0s)
2026-06-26 20:57:03 | INFO | my_functions.py:213 | 
⛔ Not found: go_to_shop.PNG after 0.0s region=(0, 0, 765, 1038) confidence=0.8
2026-06-26 20:57:03 | INFO | my_functions.py:247 | [DEBUG] Buscando en paralelo: ['14_days_of_winterverse.PNG'] | timeout=0s | confidence=0.8
2026-06-26 20:57:04 | INFO | my_functions.py:281 | [DEBUG] Click skipped, ninguna de las imágenes se encontró en el intento.
2026-06-26 20:57:05 | INFO | my_functions.py:169 | Searching welcome_back_calendar.PNG (timeout=0s)
2026-06-26 20:57:06 | INFO | my_functions.py:213 | 
⛔ Not found: welcome_back_calendar.PNG after 0.44s region=(0, 0, 765, 1038) confidence=0.8
2026-06-26 20:57:06 | INFO | my_functions.py:247 | [DEBUG] Buscando en paralelo: ['start_the_countdown.PNG'] | timeout=0s | confidence=0.8
2026-06-26 20:57:06 | INFO | my_functions.py:281 | [DEBUG] Click skipped, ninguna de las imágenes se encontró en el intento.
2026-06-26 20:57:07 | INFO | my_functions.py:247 | [DEBUG] Buscando en paralelo: ['event_has_ended_sanctum.PNG'] | timeout=0s | confidence=0.8
2026-06-26 20:57:07 | INFO | my_functions.py:281 | [DEBUG] Click skipped, ninguna de las imágenes se encontró en el intento.
2026-06-26 20:57:09 | INFO | my_functions.py:247 | [DEBUG] Buscando en paralelo: ['event_has_ended_teamclash.PNG'] | timeout=0s | confidence=0.8
2026-06-26 20:57:09 | INFO | my_functions.py:281 | [DEBUG] Click skipped, ninguna de las imágenes se encontró en el intento.
2026-06-26 20:57:10 | INFO | my_functions.py:247 | [DEBUG] Buscando en paralelo: ['image_part_of_event_grand_arena_finished.PNG'] | timeout=0s | confidence=0.8
2026-06-26 20:57:11 | INFO | my_functions.py:281 | [DEBUG] Click skipped, ninguna de las imágenes se encontró en el intento.
2026-06-26 20:57:12 | INFO | my_functions.py:169 | Searching 28_day_event_login_rewards.PNG (timeout=0s)
2026-06-26 20:57:12 | INFO | my_functions.py:213 | 
⛔ Not found: 28_day_event_login_rewards.PNG after 0.0s region=(0, 0, 765, 1038) confidence=0.8
2026-06-26 20:57:12 | INFO | my_functions.py:169 | Searching 7_day_event_login.PNG (timeout=0s)
2026-06-26 20:57:13 | INFO | my_functions.py:213 | 
⛔ Not found: 7_day_event_login.PNG after 0.0s region=(0, 0, 765, 1038) confidence=0.8
2026-06-26 20:57:13 | INFO | my_functions.py:169 | Searching 14_days_event.PNG (timeout=0s)
2026-06-26 20:57:13 | INFO | my_functions.py:213 | 
⛔ Not found: 14_days_event.PNG after 0.01s region=(0, 0, 765, 1038) confidence=0.8
2026-06-26 20:57:13 | INFO | my_functions.py:247 | [DEBUG] Buscando en paralelo: ['lets_go.PNG'] | timeout=0s | confidence=0.8
2026-06-26 20:57:14 | INFO | my_functions.py:281 | [DEBUG] Click skipped, ninguna de las imágenes se encontró en el intento.
2026-06-26 20:57:16 | INFO | my_functions.py:169 | Searching shop_unselected.PNG (timeout=0s)
2026-06-26 20:57:17 | INFO | my_functions.py:213 | 
⛔ Not found: shop_unselected.PNG after 0.0s region=(0, 0, 765, 1038) confidence=0.8
2026-06-26 20:57:17 | INFO | my_functions.py:247 | [DEBUG] Buscando en paralelo: ['super_premium.PNG'] | timeout=0s | confidence=0.8
2026-06-26 20:57:17 | INFO | my_functions.py:281 | [DEBUG] Click skipped, ninguna de las imágenes se encontró en el intento.
2026-06-26 20:57:18 | INFO | my_functions.py:247 | [DEBUG] Buscando en paralelo: ['maybe_later.PNG'] | timeout=0s | confidence=0.8
2026-06-26 20:57:19 | INFO | my_functions.py:281 | [DEBUG] Click skipped, ninguna de las imágenes se encontró en el intento.
2026-06-26 20:57:20 | INFO | my_functions.py:247 | [DEBUG] Buscando en paralelo: ['maybe_later2.PNG'] | timeout=0s | confidence=0.8
2026-06-26 20:57:21 | INFO | my_functions.py:281 | [DEBUG] Click skipped, ninguna de las imágenes se encontró en el intento.
2026-06-26 20:57:22 | INFO | my_functions.py:169 | Searching go_to_shop.PNG (timeout=0s)
2026-06-26 20:57:22 | INFO | my_functions.py:213 | 
⛔ Not found: go_to_shop.PNG after 0.0s region=(0, 0, 765, 1038) confidence=0.8
2026-06-26 20:57:22 | INFO | my_functions.py:247 | [DEBUG] Buscando en paralelo: ['14_days_of_winterverse.PNG'] | timeout=0s | confidence=0.8
2026-06-26 20:57:23 | INFO | my_functions.py:281 | [DEBUG] Click skipped, ninguna de las imágenes se encontró en el intento.
2026-06-26 20:57:24 | INFO | my_functions.py:169 | Searching welcome_back_calendar.PNG (timeout=0s)
2026-06-26 20:57:24 | INFO | my_functions.py:213 | 
⛔ Not found: welcome_back_calendar.PNG after 0.0s region=(0, 0, 765, 1038) confidence=0.8
2026-06-26 20:57:24 | INFO | my_functions.py:247 | [DEBUG] Buscando en paralelo: ['start_the_countdown.PNG'] | timeout=0s | confidence=0.8
2026-06-26 20:57:25 | INFO | my_functions.py:281 | [DEBUG] Click skipped, ninguna de las imágenes se encontró en el intento.
2026-06-26 20:57:26 | INFO | my_functions.py:247 | [DEBUG] Buscando en paralelo: ['event_has_ended_sanctum.PNG'] | timeout=0s | confidence=0.8
2026-06-26 20:57:26 | INFO | my_functions.py:281 | [DEBUG] Click skipped, ninguna de las imágenes se encontró en el intento.
2026-06-26 20:57:28 | INFO | my_functions.py:247 | [DEBUG] Buscando en paralelo: ['event_has_ended_teamclash.PNG'] | timeout=0s | confidence=0.8
2026-06-26 20:57:28 | INFO | my_functions.py:281 | [DEBUG] Click skipped, ninguna de las imágenes se encontró en el intento.
2026-06-26 20:57:29 | INFO | my_functions.py:247 | [DEBUG] Buscando en paralelo: ['image_part_of_event_grand_arena_finished.PNG'] | timeout=0s | confidence=0.8
2026-06-26 20:57:30 | INFO | my_functions.py:281 | [DEBUG] Click skipped, ninguna de las imágenes se encontró en el intento.
2026-06-26 20:57:31 | INFO | my_functions.py:169 | Searching 28_day_event_login_rewards.PNG (timeout=0s)
2026-06-26 20:57:31 | INFO | my_functions.py:213 | 
⛔ Not found: 28_day_event_login_rewards.PNG after 0.0s region=(0, 0, 765, 1038) confidence=0.8
2026-06-26 20:57:31 | INFO | my_functions.py:169 | Searching 7_day_event_login.PNG (timeout=0s)
2026-06-26 20:57:32 | INFO | my_functions.py:213 | 
⛔ Not found: 7_day_event_login.PNG after 0.0s region=(0, 0, 765, 1038) confidence=0.8
2026-06-26 20:57:32 | INFO | my_functions.py:169 | Searching 14_days_event.PNG (timeout=0s)
2026-06-26 20:57:32 | INFO | my_functions.py:213 | 
⛔ Not found: 14_days_event.PNG after 0.0s region=(0, 0, 765, 1038) confidence=0.8
2026-06-26 20:57:32 | INFO | my_functions.py:247 | [DEBUG] Buscando en paralelo: ['lets_go.PNG'] | timeout=0s | confidence=0.8
2026-06-26 20:57:33 | INFO | my_functions.py:281 | [DEBUG] Click skipped, ninguna de las imágenes se encontró en el intento.
2026-06-26 20:57:35 | INFO | my_functions.py:169 | Searching shop_unselected.PNG (timeout=0s)
2026-06-26 20:57:36 | INFO | my_functions.py:213 | 
⛔ Not found: shop_unselected.PNG after 0.68s region=(0, 0, 765, 1038) confidence=0.8
2026-06-26 20:57:36 | INFO | my_functions.py:247 | [DEBUG] Buscando en paralelo: ['super_premium.PNG'] | timeout=0s | confidence=0.8
2026-06-26 20:57:37 | INFO | my_functions.py:281 | [DEBUG] Click skipped, ninguna de las imágenes se encontró en el intento.
2026-06-26 20:57:38 | INFO | my_functions.py:247 | [DEBUG] Buscando en paralelo: ['maybe_later.PNG'] | timeout=0s | confidence=0.8
2026-06-26 20:57:38 | INFO | my_functions.py:281 | [DEBUG] Click skipped, ninguna de las imágenes se encontró en el intento.
2026-06-26 20:57:39 | INFO | my_functions.py:247 | [DEBUG] Buscando en paralelo: ['maybe_later2.PNG'] | timeout=0s | confidence=0.8
2026-06-26 20:57:40 | INFO | my_functions.py:281 | [DEBUG] Click skipped, ninguna de las imágenes se encontró en el intento.
2026-06-26 20:57:41 | INFO | my_functions.py:169 | Searching go_to_shop.PNG (timeout=0s)
2026-06-26 20:57:42 | INFO | my_functions.py:213 | 
⛔ Not found: go_to_shop.PNG after 0.0s region=(0, 0, 765, 1038) confidence=0.8
2026-06-26 20:57:42 | INFO | my_functions.py:247 | [DEBUG] Buscando en paralelo: ['14_days_of_winterverse.PNG'] | timeout=0s | confidence=0.8
2026-06-26 20:57:42 | INFO | my_functions.py:281 | [DEBUG] Click skipped, ninguna de las imágenes se encontró en el intento.
2026-06-26 20:57:43 | INFO | my_functions.py:169 | Searching welcome_back_calendar.PNG (timeout=0s)
2026-06-26 20:57:44 | INFO | my_functions.py:213 | 
⛔ Not found: welcome_back_calendar.PNG after 0.43s region=(0, 0, 765, 1038) confidence=0.8
2026-06-26 20:57:44 | INFO | my_functions.py:247 | [DEBUG] Buscando en paralelo: ['start_the_countdown.PNG'] | timeout=0s | confidence=0.8
2026-06-26 20:57:44 | INFO | my_functions.py:281 | [DEBUG] Click skipped, ninguna de las imágenes se encontró en el intento.
2026-06-26 20:57:46 | INFO | my_functions.py:247 | [DEBUG] Buscando en paralelo: ['event_has_ended_sanctum.PNG'] | timeout=0s | confidence=0.8
2026-06-26 20:57:46 | INFO | my_functions.py:281 | [DEBUG] Click skipped, ninguna de las imágenes se encontró en el intento.
2026-06-26 20:57:47 | INFO | my_functions.py:247 | [DEBUG] Buscando en paralelo: ['event_has_ended_teamclash.PNG'] | timeout=0s | confidence=0.8
2026-06-26 20:57:48 | INFO | my_functions.py:281 | [DEBUG] Click skipped, ninguna de las imágenes se encontró en el intento.
2026-06-26 20:57:49 | INFO | my_functions.py:247 | [DEBUG] Buscando en paralelo: ['image_part_of_event_grand_arena_finished.PNG'] | timeout=0s | confidence=0.8
2026-06-26 20:57:49 | INFO | my_functions.py:281 | [DEBUG] Click skipped, ninguna de las imágenes se encontró en el intento.
2026-06-26 20:57:50 | INFO | my_functions.py:169 | Searching 28_day_event_login_rewards.PNG (timeout=0s)
2026-06-26 20:57:51 | INFO | my_functions.py:213 | 
⛔ Not found: 28_day_event_login_rewards.PNG after 0.0s region=(0, 0, 765, 1038) confidence=0.8
2026-06-26 20:57:51 | INFO | my_functions.py:169 | Searching 7_day_event_login.PNG (timeout=0s)
2026-06-26 20:57:51 | INFO | my_functions.py:213 | 
⛔ Not found: 7_day_event_login.PNG after 0.0s region=(0, 0, 765, 1038) confidence=0.8
2026-06-26 20:57:51 | INFO | my_functions.py:169 | Searching 14_days_event.PNG (timeout=0s)
2026-06-26 20:57:52 | INFO | my_functions.py:213 | 
⛔ Not found: 14_days_event.PNG after 0.0s region=(0, 0, 765, 1038) confidence=0.8
2026-06-26 20:57:52 | INFO | my_functions.py:247 | [DEBUG] Buscando en paralelo: ['lets_go.PNG'] | timeout=0s | confidence=0.8
2026-06-26 20:57:52 | INFO | my_functions.py:281 | [DEBUG] Click skipped, ninguna de las imágenes se encontró en el intento.
2026-06-26 20:57:54 | INFO | my_functions.py:169 | Searching shop_unselected.PNG (timeout=0s)
2026-06-26 20:57:56 | INFO | my_functions.py:213 | 
⛔ Not found: shop_unselected.PNG after 0.69s region=(0, 0, 765, 1038) confidence=0.8
2026-06-26 20:57:56 | INFO | my_functions.py:247 | [DEBUG] Buscando en paralelo: ['super_premium.PNG'] | timeout=0s | confidence=0.8
2026-06-26 20:57:56 | INFO | my_functions.py:281 | [DEBUG] Click skipped, ninguna de las imágenes se encontró en el intento.
2026-06-26 20:57:57 | INFO | my_functions.py:247 | [DEBUG] Buscando en paralelo: ['maybe_later.PNG'] | timeout=0s | confidence=0.8
2026-06-26 20:57:58 | INFO | my_functions.py:281 | [DEBUG] Click skipped, ninguna de las imágenes se encontró en el intento.
2026-06-26 20:57:59 | INFO | my_functions.py:247 | [DEBUG] Buscando en paralelo: ['maybe_later2.PNG'] | timeout=0s | confidence=0.8
2026-06-26 20:58:00 | INFO | my_functions.py:281 | [DEBUG] Click skipped, ninguna de las imágenes se encontró en el intento.
2026-06-26 20:58:01 | INFO | my_functions.py:169 | Searching go_to_shop.PNG (timeout=0s)
2026-06-26 20:58:02 | INFO | my_functions.py:213 | 
⛔ Not found: go_to_shop.PNG after 0.47s region=(0, 0, 765, 1038) confidence=0.8
2026-06-26 20:58:02 | INFO | my_functions.py:247 | [DEBUG] Buscando en paralelo: ['14_days_of_winterverse.PNG'] | timeout=0s | confidence=0.8
2026-06-26 20:58:02 | INFO | my_functions.py:281 | [DEBUG] Click skipped, ninguna de las imágenes se encontró en el intento.
2026-06-26 20:58:03 | INFO | my_functions.py:169 | Searching welcome_back_calendar.PNG (timeout=0s)
2026-06-26 20:58:04 | INFO | my_functions.py:213 | 
⛔ Not found: welcome_back_calendar.PNG after 0.0s region=(0, 0, 765, 1038) confidence=0.8
2026-06-26 20:58:04 | INFO | my_functions.py:247 | [DEBUG] Buscando en paralelo: ['start_the_countdown.PNG'] | timeout=0s | confidence=0.8
2026-06-26 20:58:04 | INFO | my_functions.py:281 | [DEBUG] Click skipped, ninguna de las imágenes se encontró en el intento.
2026-06-26 20:58:05 | INFO | my_functions.py:247 | [DEBUG] Buscando en paralelo: ['event_has_ended_sanctum.PNG'] | timeout=0s | confidence=0.8
2026-06-26 20:58:06 | INFO | my_functions.py:281 | [DEBUG] Click skipped, ninguna de las imágenes se encontró en el intento.
2026-06-26 20:58:07 | INFO | my_functions.py:247 | [DEBUG] Buscando en paralelo: ['event_has_ended_teamclash.PNG'] | timeout=0s | confidence=0.8
2026-06-26 20:58:08 | INFO | my_functions.py:281 | [DEBUG] Click skipped, ninguna de las imágenes se encontró en el intento.
2026-06-26 20:58:09 | INFO | my_functions.py:247 | [DEBUG] Buscando en paralelo: ['image_part_of_event_grand_arena_finished.PNG'] | timeout=0s | confidence=0.8
2026-06-26 20:58:09 | INFO | my_functions.py:281 | [DEBUG] Click skipped, ninguna de las imágenes se encontró en el intento.
2026-06-26 20:58:10 | INFO | my_functions.py:169 | Searching 28_day_event_login_rewards.PNG (timeout=0s)
2026-06-26 20:58:11 | INFO | my_functions.py:213 | 
⛔ Not found: 28_day_event_login_rewards.PNG after 0.0s region=(0, 0, 765, 1038) confidence=0.8
2026-06-26 20:58:11 | INFO | my_functions.py:169 | Searching 7_day_event_login.PNG (timeout=0s)
2026-06-26 20:58:11 | INFO | my_functions.py:213 | 
⛔ Not found: 7_day_event_login.PNG after 0.0s region=(0, 0, 765, 1038) confidence=0.8
2026-06-26 20:58:11 | INFO | my_functions.py:169 | Searching 14_days_event.PNG (timeout=0s)
2026-06-26 20:58:11 | INFO | my_functions.py:213 | 
⛔ Not found: 14_days_event.PNG after 0.0s region=(0, 0, 765, 1038) confidence=0.8
2026-06-26 20:58:11 | INFO | my_functions.py:247 | [DEBUG] Buscando en paralelo: ['lets_go.PNG'] | timeout=0s | confidence=0.8
2026-06-26 20:58:12 | INFO | my_functions.py:281 | [DEBUG] Click skipped, ninguna de las imágenes se encontró en el intento.
2026-06-26 20:58:18 | INFO | my_functions.py:533 | AVAILABLE: 4
2026-06-26 20:58:18 | INFO | my_functions.py:247 | [DEBUG] Buscando en paralelo: ['nut.png'] | timeout=20s | confidence=0.8
2026-06-26 20:58:38 | INFO | my_functions.py:281 | [DEBUG] Click skipped, ninguna de las imágenes se encontró en el intento.
2026-06-26 20:58:40 | INFO | my_functions.py:247 | [DEBUG] Buscando en paralelo: ['graphics_quality.png'] | timeout=3s | confidence=0.8
2026-06-26 20:58:43 | INFO | my_functions.py:281 | [DEBUG] Click skipped, ninguna de las imágenes se encontró en el intento.
2026-06-26 20:58:45 | INFO | my_functions.py:247 | [DEBUG] Buscando en paralelo: ['sign_out.png'] | timeout=20s | confidence=0.8
2026-06-26 20:59:05 | INFO | my_functions.py:281 | [DEBUG] Click skipped, ninguna de las imágenes se encontró en el intento.
2026-06-26 20:59:07 | INFO | my_functions.py:247 | [DEBUG] Buscando en paralelo: ['sign_out_grande.png'] | timeout=20s | confidence=0.8
2026-06-26 20:59:28 | INFO | my_functions.py:281 | [DEBUG] Click skipped, ninguna de las imágenes se encontró en el intento.
2026-06-26 20:59:29 | INFO | my_functions.py:247 | [DEBUG] Buscando en paralelo: ['sign_out2.png'] | timeout=20s | confidence=0.8
2026-06-26 20:59:49 | INFO | my_functions.py:281 | [DEBUG] Click skipped, ninguna de las imágenes se encontró en el intento.
2026-06-26 20:59:50 | INFO | my_functions.py:1547 | ⏱ Esperando 0.1 segundos antes de empezar...
2026-06-26 20:59:50 | INFO | my_functions.py:1554 | 🔍 Esperando ventana que contenga alguna de: SNAP (máx 20s)
2026-06-26 20:59:50 | INFO | my_functions.py:1566 | ✅ Ventana encontrada: '¿Quieres traducir esta página?'
2026-06-26 20:59:50 | INFO | my_functions.py:1581 | ✅ Ventana seleccionada: '¿Quieres traducir esta página?'
2026-06-26 20:59:52 | INFO | my_functions.py:1604 | 🔁 Reajuste #1...
2026-06-26 20:59:54 | INFO | my_functions.py:1611 | ✔ Verificación completa. Se hicieron 1 reajustes.
2026-06-26 20:59:59 | INFO | each_eight_hours.py:113 | Processing account: michael
2026-06-26 20:59:59 | INFO | my_functions.py:1547 | ⏱ Esperando 0.1 segundos antes de empezar...
2026-06-26 20:59:59 | INFO | my_functions.py:1554 | 🔍 Esperando ventana que contenga alguna de: ['SNAP'] (máx 20s)
2026-06-26 20:59:59 | INFO | my_functions.py:1566 | ✅ Ventana encontrada: 'Marvel Snap – Dominate the Marvel Multiverse in High‑Speed Card Battles – MARVEL SNAP is a fast‑paced card battle game. In the game, you will be able to choose members from the Marvel multiverse to build your own super hero team. - Google Chrome'
2026-06-26 20:59:59 | INFO | my_functions.py:1581 | ✅ Ventana seleccionada: 'Marvel Snap – Dominate the Marvel Multiverse in High‑Speed Card Battles – MARVEL SNAP is a fast‑paced card battle game. In the game, you will be able to choose members from the Marvel multiverse to build your own super hero team. - Google Chrome'
2026-06-26 21:00:01 | INFO | my_functions.py:1596 | ↗ Ventana minimizada o maximizada. Restaurando...
2026-06-26 21:00:01 | INFO | my_functions.py:1604 | 🔁 Reajuste #1...
2026-06-26 21:00:01 | INFO | my_functions.py:1611 | ✔ Verificación completa. Se hicieron 1 reajustes.
2026-06-26 21:00:01 | INFO | my_functions.py:1206 | [DEBUG] Resizing SNAP window...
2026-06-26 21:00:01 | INFO | my_functions.py:1547 | ⏱ Esperando 0.1 segundos antes de empezar...
2026-06-26 21:00:01 | INFO | my_functions.py:1554 | 🔍 Esperando ventana que contenga alguna de: ['SNAP'] (máx 20s)
2026-06-26 21:00:01 | INFO | my_functions.py:1566 | ✅ Ventana encontrada: 'Marvel Snap – Dominate the Marvel Multiverse in High‑Speed Card Battles – MARVEL SNAP is a fast‑paced card battle game. In the game, you will be able to choose members from the Marvel multiverse to build your own super hero team. - Google Chrome'
2026-06-26 21:00:01 | INFO | my_functions.py:1581 | ✅ Ventana seleccionada: 'Marvel Snap – Dominate the Marvel Multiverse in High‑Speed Card Battles – MARVEL SNAP is a fast‑paced card battle game. In the game, you will be able to choose members from the Marvel multiverse to build your own super hero team. - Google Chrome'
2026-06-26 21:00:05 | INFO | my_functions.py:1613 | ✔ Verificación completa. No hubo cambios después del primer ajuste.
2026-06-26 21:00:05 | INFO | my_functions.py:247 | [DEBUG] Buscando en paralelo: ['small_submit.PNG', 'small_submit_hover.png', 'submit_hover_2.png', 'small_submit_hover_2.png'] | timeout=90s | confidence=0.8
2026-06-26 21:01:35 | INFO | my_functions.py:281 | [DEBUG] Click skipped, ninguna de las imágenes se encontró en el intento.
2026-06-26 21:01:36 | INFO | my_functions.py:169 | Searching shop_unselected.PNG (timeout=0s)
2026-06-26 21:01:37 | INFO | my_functions.py:213 | 
⛔ Not found: shop_unselected.PNG after 0.0s region=(0, 0, 765, 1038) confidence=0.8
2026-06-26 21:01:37 | INFO | my_functions.py:247 | [DEBUG] Buscando en paralelo: ['super_premium.PNG'] | timeout=0s | confidence=0.8
2026-06-26 21:01:39 | INFO | my_functions.py:134 | Haciendo click en la posición (480, 777)
2026-06-26 21:01:39 | INFO | my_functions.py:269 | 🖱️ Click OK (En paralelo): super_premium.PNG at (480, 777) delay=1s
2026-06-26 21:01:40 | INFO | my_functions.py:142 | Presionando ESC (1/1)
2026-06-26 21:01:49 | INFO | my_functions.py:169 | Searching shop_unselected.PNG (timeout=0s)
2026-06-26 21:01:49 | INFO | my_functions.py:199 | 
✅ Found: shop_unselected.PNG pos=(88, 961) time=0.68s confidence=0.8
2026-06-26 21:01:49 | INFO | my_functions.py:714 | Ya esta listo
2026-06-26 21:01:49 | INFO | my_functions.py:247 | [DEBUG] Buscando en paralelo: ['nut.png'] | timeout=20s | confidence=0.8
2026-06-26 21:01:51 | INFO | my_functions.py:134 | Haciendo click en la posición (184, 78)
2026-06-26 21:01:51 | INFO | my_functions.py:269 | 🖱️ Click OK (En paralelo): nut.png at (184, 78) delay=1s
2026-06-26 21:01:52 | INFO | my_functions.py:247 | [DEBUG] Buscando en paralelo: ['graphics_quality.png'] | timeout=3s | confidence=0.8
2026-06-26 21:01:54 | INFO | my_functions.py:134 | Haciendo click en la posición (304, 644)
2026-06-26 21:01:54 | INFO | my_functions.py:269 | 🖱️ Click OK (En paralelo): graphics_quality.png at (304, 644) delay=1s
2026-06-26 21:01:56 | INFO | my_functions.py:247 | [DEBUG] Buscando en paralelo: ['sign_out.png'] | timeout=20s | confidence=0.8
2026-06-26 21:01:58 | INFO | my_functions.py:134 | Haciendo click en la posición (380, 796)
2026-06-26 21:01:58 | INFO | my_functions.py:269 | 🖱️ Click OK (En paralelo): sign_out.png at (380, 796) delay=1s
2026-06-26 21:02:00 | INFO | my_functions.py:247 | [DEBUG] Buscando en paralelo: ['sign_out_grande.png'] | timeout=20s | confidence=0.8
2026-06-26 21:02:02 | INFO | my_functions.py:134 | Haciendo click en la posición (359, 437)
2026-06-26 21:02:02 | INFO | my_functions.py:269 | 🖱️ Click OK (En paralelo): sign_out_grande.png at (359, 437) delay=1s
2026-06-26 21:02:03 | INFO | my_functions.py:247 | [DEBUG] Buscando en paralelo: ['sign_out2.png'] | timeout=20s | confidence=0.8
2026-06-26 21:02:05 | INFO | my_functions.py:134 | Haciendo click en la posición (383, 634)
2026-06-26 21:02:05 | INFO | my_functions.py:269 | 🖱️ Click OK (En paralelo): sign_out2.png at (383, 634) delay=1s
2026-06-26 21:02:06 | INFO | my_functions.py:1547 | ⏱ Esperando 0.1 segundos antes de empezar...
2026-06-26 21:02:06 | INFO | my_functions.py:1554 | 🔍 Esperando ventana que contenga alguna de: SNAP (máx 20s)
2026-06-26 21:02:06 | INFO | my_functions.py:1566 | ✅ Ventana encontrada: 'SNAP'
2026-06-26 21:02:06 | INFO | my_functions.py:1581 | ✅ Ventana seleccionada: 'SNAP'
2026-06-26 21:02:08 | INFO | my_functions.py:1604 | 🔁 Reajuste #1...
2026-06-26 21:02:10 | INFO | my_functions.py:1611 | ✔ Verificación completa. Se hicieron 1 reajustes.
2026-06-26 21:02:14 | INFO | my_functions.py:1206 | [DEBUG] Resizing SNAP window...
2026-06-26 21:02:14 | INFO | my_functions.py:1547 | ⏱ Esperando 0.1 segundos antes de empezar...
2026-06-26 21:02:14 | INFO | my_functions.py:1554 | 🔍 Esperando ventana que contenga alguna de: ['SNAP'] (máx 20s)
2026-06-26 21:02:14 | INFO | my_functions.py:1566 | ✅ Ventana encontrada: 'Marvel Snap – Dominate the Marvel Multiverse in High‑Speed Card Battles – MARVEL SNAP is a fast‑paced card battle game. In the game, you will be able to choose members from the Marvel multiverse to build your own super hero team. - Google Chrome'
2026-06-26 21:02:14 | INFO | my_functions.py:1581 | ✅ Ventana seleccionada: 'Marvel Snap – Dominate the Marvel Multiverse in High‑Speed Card Battles – MARVEL SNAP is a fast‑paced card battle game. In the game, you will be able to choose members from the Marvel multiverse to build your own super hero team. - Google Chrome'
2026-06-26 21:02:17 | INFO | my_functions.py:1613 | ✔ Verificación completa. No hubo cambios después del primer ajuste.
2026-06-26 21:02:17 | INFO | my_functions.py:247 | [DEBUG] Buscando en paralelo: ['small_submit.PNG', 'small_submit_hover.png', 'submit_hover_2.png', 'small_submit_hover_2.png'] | timeout=90s | confidence=0.8
2026-06-26 21:02:31 | INFO | my_functions.py:134 | Haciendo click en la posición (380, 642)
2026-06-26 21:02:32 | INFO | my_functions.py:269 | 🖱️ Click OK (En paralelo): small_submit.PNG at (380, 642) delay=0.2s
2026-06-26 21:02:35 | INFO | my_functions.py:247 | [DEBUG] Buscando en paralelo: ['small_submit.PNG', 'small_submit_hover.png', 'submit_hover_2.png', 'small_submit_hover_2.png'] | timeout=20s | confidence=0.8
2026-06-26 21:02:36 | INFO | my_functions.py:134 | Haciendo click en la posición (380, 721)
2026-06-26 21:02:36 | INFO | my_functions.py:269 | 🖱️ Click OK (En paralelo): small_submit.PNG at (380, 721) delay=0.2s
2026-06-26 21:02:38 | INFO | my_functions.py:1547 | ⏱ Esperando 0.1 segundos antes de empezar...
2026-06-26 21:02:38 | INFO | my_functions.py:1554 | 🔍 Esperando ventana que contenga alguna de: ['SNAP'] (máx 20s)
2026-06-26 21:02:38 | INFO | my_functions.py:1566 | ✅ Ventana encontrada: 'SNAP'
2026-06-26 21:02:38 | INFO | my_functions.py:1581 | ✅ Ventana seleccionada: 'SNAP'
2026-06-26 21:02:40 | INFO | my_functions.py:1604 | 🔁 Reajuste #1...
2026-06-26 21:02:41 | INFO | my_functions.py:1611 | ✔ Verificación completa. Se hicieron 1 reajustes.
2026-06-26 21:02:41 | INFO | my_functions.py:169 | Searching please_sign.png (timeout=0s)
2026-06-26 21:02:41 | INFO | my_functions.py:199 | 
✅ Found: please_sign.png pos=(383, 438) time=0.52s confidence=0.8
2026-06-26 21:02:41 | INFO | my_functions.py:247 | [DEBUG] Buscando en paralelo: ['ok_btn.png'] | timeout=20s | confidence=0.8
2026-06-26 21:02:43 | INFO | my_functions.py:134 | Haciendo click en la posición (382, 634)
2026-06-26 21:02:43 | INFO | my_functions.py:269 | 🖱️ Click OK (En paralelo): ok_btn.png at (382, 634) delay=1s
2026-06-26 21:02:44 | INFO | my_functions.py:247 | [DEBUG] Buscando en paralelo: ['small_submit.PNG', 'small_submit_hover.png', 'submit_hover_2.png', 'small_submit_hover_2.png'] | timeout=30s | confidence=0.8
2026-06-26 21:02:48 | INFO | my_functions.py:134 | Haciendo click en la posición (383, 643)
2026-06-26 21:02:48 | INFO | my_functions.py:269 | 🖱️ Click OK (En paralelo): small_submit_hover_2.png at (383, 643) delay=0.2s
2026-06-26 21:02:49 | INFO | my_functions.py:247 | [DEBUG] Buscando en paralelo: ['small_submit.PNG', 'small_submit_hover.png', 'submit_hover_2.png', 'small_submit_hover_2.png'] | timeout=20s | confidence=0.8
2026-06-26 21:02:51 | INFO | my_functions.py:134 | Haciendo click en la posición (380, 721)
2026-06-26 21:02:51 | INFO | my_functions.py:269 | 🖱️ Click OK (En paralelo): small_submit.PNG at (380, 721) delay=0.2s
2026-06-26 21:02:52 | INFO | my_functions.py:247 | [DEBUG] Buscando en paralelo: ['sign_in_with_google2.PNG'] | timeout=20s | confidence=0.8
2026-06-26 21:02:53 | INFO | my_functions.py:134 | Haciendo click en la posición (406, 957)
2026-06-26 21:02:54 | INFO | my_functions.py:269 | 🖱️ Click OK (En paralelo): sign_in_with_google2.PNG at (406, 957) delay=1s
2026-06-26 21:02:55 | INFO | my_functions.py:169 | Searching pagina_cargada.png (timeout=60s)
2026-06-26 21:03:04 | INFO | my_functions.py:199 | 
✅ Found: pagina_cargada.png pos=(292, 24) time=8.97s confidence=0.8
2026-06-26 21:03:04 | INFO | my_functions.py:247 | [DEBUG] Buscando en paralelo: ['michael.png'] | timeout=0s | confidence=0.8
2026-06-26 21:03:07 | INFO | my_functions.py:281 | [DEBUG] Click skipped, ninguna de las imágenes se encontró en el intento.
2026-06-26 21:03:09 | INFO | my_functions.py:247 | [DEBUG] Buscando en paralelo: ['michael.png'] | timeout=0s | confidence=0.8
2026-06-26 21:03:13 | INFO | my_functions.py:134 | Haciendo click en la posición (1156, 386)
2026-06-26 21:03:13 | INFO | my_functions.py:269 | 🖱️ Click OK (En paralelo): michael.png at (1156, 386) delay=3s
2026-06-26 21:03:15 | INFO | my_functions.py:169 | Searching marvelsnap_web.png (timeout=30s)
2026-06-26 21:03:24 | INFO | my_functions.py:199 | 
✅ Found: marvelsnap_web.png pos=(258, 80) time=9.11s confidence=0.7
2026-06-26 21:03:27 | INFO | my_functions.py:247 | [DEBUG] Buscando en paralelo: ['small_submit.PNG', 'small_submit_hover.png', 'submit_hover_2.png', 'small_submit_hover_2.png'] | timeout=20s | confidence=0.8
2026-06-26 21:03:49 | INFO | my_functions.py:281 | [DEBUG] Click skipped, ninguna de las imágenes se encontró en el intento.
2026-06-26 21:03:50 | INFO | my_functions.py:1547 | ⏱ Esperando 0.1 segundos antes de empezar...
2026-06-26 21:03:50 | INFO | my_functions.py:1554 | 🔍 Esperando ventana que contenga alguna de: ['SNAP'] (máx 20s)
2026-06-26 21:03:50 | INFO | my_functions.py:1566 | ✅ Ventana encontrada: 'SNAP'
2026-06-26 21:03:50 | INFO | my_functions.py:1581 | ✅ Ventana seleccionada: 'SNAP'
2026-06-26 21:03:53 | INFO | my_functions.py:1613 | ✔ Verificación completa. No hubo cambios después del primer ajuste.
2026-06-26 21:03:53 | INFO | my_functions.py:169 | Searching please_sign.png (timeout=0s)
2026-06-26 21:03:54 | INFO | my_functions.py:213 | 
⛔ Not found: please_sign.png after 0.0s region=(0, 0, 765, 1038) confidence=0.8
2026-06-26 21:03:54 | INFO | my_functions.py:247 | [DEBUG] Buscando en paralelo: ['sign_in_with_google2.PNG'] | timeout=20s | confidence=0.8
2026-06-26 21:04:14 | INFO | my_functions.py:281 | [DEBUG] Click skipped, ninguna de las imágenes se encontró en el intento.
2026-06-26 21:04:15 | INFO | my_functions.py:169 | Searching pagina_cargada.png (timeout=60s)
2026-06-26 21:05:16 | INFO | my_functions.py:213 | 
⛔ Not found: pagina_cargada.png after 60.56s region=(0, 0, 765, 1038) confidence=0.8
2026-06-26 21:05:16 | INFO | my_functions.py:169 | Searching marvelsnap_web.png (timeout=30s)
2026-06-26 21:05:47 | INFO | my_functions.py:213 | 
⛔ Not found: marvelsnap_web.png after 30.27s region=(0, 0, 765, 1038) confidence=0.7
2026-06-26 21:05:47 | INFO | my_functions.py:169 | Searching shop_unselected.PNG (timeout=0s)
2026-06-26 21:05:48 | INFO | my_functions.py:213 | 
⛔ Not found: shop_unselected.PNG after 0.0s region=(0, 0, 765, 1038) confidence=0.8
2026-06-26 21:05:48 | INFO | my_functions.py:247 | [DEBUG] Buscando en paralelo: ['super_premium.PNG'] | timeout=0s | confidence=0.8
2026-06-26 21:05:50 | INFO | my_functions.py:134 | Haciendo click en la posición (480, 777)
2026-06-26 21:05:50 | INFO | my_functions.py:269 | 🖱️ Click OK (En paralelo): super_premium.PNG at (480, 777) delay=1s
2026-06-26 21:05:51 | INFO | my_functions.py:142 | Presionando ESC (1/1)
2026-06-26 21:06:00 | INFO | my_functions.py:169 | Searching shop_unselected.PNG (timeout=0s)
2026-06-26 21:06:00 | INFO | my_functions.py:199 | 
✅ Found: shop_unselected.PNG pos=(88, 961) time=0.7s confidence=0.8
2026-06-26 21:06:00 | INFO | my_functions.py:714 | Ya esta listo
2026-06-26 21:06:05 | INFO | my_functions.py:533 | AVAILABLE: 4
2026-06-26 21:06:05 | INFO | my_functions.py:247 | [DEBUG] Buscando en paralelo: ['nut.png'] | timeout=20s | confidence=0.8
2026-06-26 21:06:06 | INFO | my_functions.py:134 | Haciendo click en la posición (184, 78)
2026-06-26 21:06:07 | INFO | my_functions.py:269 | 🖱️ Click OK (En paralelo): nut.png at (184, 78) delay=1s
2026-06-26 21:06:08 | INFO | my_functions.py:247 | [DEBUG] Buscando en paralelo: ['graphics_quality.png'] | timeout=3s | confidence=0.8
2026-06-26 21:06:09 | INFO | my_functions.py:134 | Haciendo click en la posición (304, 644)
2026-06-26 21:06:09 | INFO | my_functions.py:269 | 🖱️ Click OK (En paralelo): graphics_quality.png at (304, 644) delay=1s
2026-06-26 21:06:11 | INFO | my_functions.py:247 | [DEBUG] Buscando en paralelo: ['sign_out.png'] | timeout=20s | confidence=0.8
2026-06-26 21:06:13 | INFO | my_functions.py:134 | Haciendo click en la posición (380, 796)
2026-06-26 21:06:13 | INFO | my_functions.py:269 | 🖱️ Click OK (En paralelo): sign_out.png at (380, 796) delay=1s
2026-06-26 21:06:15 | INFO | my_functions.py:247 | [DEBUG] Buscando en paralelo: ['sign_out_grande.png'] | timeout=20s | confidence=0.8
2026-06-26 21:06:17 | INFO | my_functions.py:134 | Haciendo click en la posición (359, 437)
2026-06-26 21:06:17 | INFO | my_functions.py:269 | 🖱️ Click OK (En paralelo): sign_out_grande.png at (359, 437) delay=1s
2026-06-26 21:06:18 | INFO | my_functions.py:247 | [DEBUG] Buscando en paralelo: ['sign_out2.png'] | timeout=20s | confidence=0.8
2026-06-26 21:06:20 | INFO | my_functions.py:134 | Haciendo click en la posición (383, 634)
2026-06-26 21:06:20 | INFO | my_functions.py:269 | 🖱️ Click OK (En paralelo): sign_out2.png at (383, 634) delay=1s
2026-06-26 21:06:21 | INFO | my_functions.py:1547 | ⏱ Esperando 0.1 segundos antes de empezar...
2026-06-26 21:06:21 | INFO | my_functions.py:1554 | 🔍 Esperando ventana que contenga alguna de: SNAP (máx 20s)
2026-06-26 21:06:21 | INFO | my_functions.py:1566 | ✅ Ventana encontrada: 'SNAP'
2026-06-26 21:06:21 | INFO | my_functions.py:1581 | ✅ Ventana seleccionada: 'SNAP'
2026-06-26 21:06:23 | INFO | my_functions.py:1604 | 🔁 Reajuste #1...
2026-06-26 21:06:25 | INFO | my_functions.py:1611 | ✔ Verificación completa. Se hicieron 1 reajustes.
2026-06-26 21:06:29 | INFO | each_eight_hours.py:113 | Processing account: william
2026-06-26 21:06:29 | INFO | my_functions.py:1547 | ⏱ Esperando 0.1 segundos antes de empezar...
2026-06-26 21:06:30 | INFO | my_functions.py:1554 | 🔍 Esperando ventana que contenga alguna de: ['SNAP'] (máx 20s)
2026-06-26 21:06:33 | INFO | my_functions.py:1566 | ✅ Ventana encontrada: 'SNAP'
2026-06-26 21:06:33 | INFO | my_functions.py:1581 | ✅ Ventana seleccionada: 'SNAP'
2026-06-26 21:06:35 | INFO | my_functions.py:1613 | ✔ Verificación completa. No hubo cambios después del primer ajuste.
2026-06-26 21:06:35 | INFO | my_functions.py:1206 | [DEBUG] Resizing SNAP window...
2026-06-26 21:06:35 | INFO | my_functions.py:1547 | ⏱ Esperando 0.1 segundos antes de empezar...
2026-06-26 21:06:35 | INFO | my_functions.py:1554 | 🔍 Esperando ventana que contenga alguna de: ['SNAP'] (máx 20s)
2026-06-26 21:06:35 | INFO | my_functions.py:1566 | ✅ Ventana encontrada: 'SNAP'
2026-06-26 21:06:35 | INFO | my_functions.py:1581 | ✅ Ventana seleccionada: 'SNAP'
2026-06-26 21:06:38 | INFO | my_functions.py:1613 | ✔ Verificación completa. No hubo cambios después del primer ajuste.
2026-06-26 21:06:38 | INFO | my_functions.py:247 | [DEBUG] Buscando en paralelo: ['small_submit.PNG', 'small_submit_hover.png', 'submit_hover_2.png', 'small_submit_hover_2.png'] | timeout=90s | confidence=0.8
2026-06-26 21:06:45 | INFO | my_functions.py:134 | Haciendo click en la posición (380, 642)
2026-06-26 21:06:45 | INFO | my_functions.py:269 | 🖱️ Click OK (En paralelo): small_submit.PNG at (380, 642) delay=0.2s
2026-06-26 21:06:48 | INFO | my_functions.py:247 | [DEBUG] Buscando en paralelo: ['small_submit.PNG', 'small_submit_hover.png', 'submit_hover_2.png', 'small_submit_hover_2.png'] | timeout=20s | confidence=0.8
2026-06-26 21:06:50 | INFO | my_functions.py:134 | Haciendo click en la posición (380, 721)
2026-06-26 21:06:50 | INFO | my_functions.py:269 | 🖱️ Click OK (En paralelo): small_submit.PNG at (380, 721) delay=0.2s
2026-06-26 21:06:51 | INFO | my_functions.py:1547 | ⏱ Esperando 0.1 segundos antes de empezar...
2026-06-26 21:06:51 | INFO | my_functions.py:1554 | 🔍 Esperando ventana que contenga alguna de: ['SNAP'] (máx 20s)
2026-06-26 21:06:51 | INFO | my_functions.py:1566 | ✅ Ventana encontrada: 'SNAP'
2026-06-26 21:06:51 | INFO | my_functions.py:1581 | ✅ Ventana seleccionada: 'SNAP'
2026-06-26 21:06:53 | INFO | my_functions.py:1604 | 🔁 Reajuste #1...
2026-06-26 21:06:54 | INFO | my_functions.py:1611 | ✔ Verificación completa. Se hicieron 1 reajustes.
2026-06-26 21:06:54 | INFO | my_functions.py:169 | Searching please_sign.png (timeout=0s)
2026-06-26 21:06:55 | INFO | my_functions.py:199 | 
✅ Found: please_sign.png pos=(383, 438) time=0.49s confidence=0.8
2026-06-26 21:06:55 | INFO | my_functions.py:247 | [DEBUG] Buscando en paralelo: ['ok_btn.png'] | timeout=20s | confidence=0.8
2026-06-26 21:06:57 | INFO | my_functions.py:134 | Haciendo click en la posición (382, 634)
2026-06-26 21:06:57 | INFO | my_functions.py:269 | 🖱️ Click OK (En paralelo): ok_btn.png at (382, 634) delay=1s
2026-06-26 21:06:58 | INFO | my_functions.py:247 | [DEBUG] Buscando en paralelo: ['small_submit.PNG', 'small_submit_hover.png', 'submit_hover_2.png', 'small_submit_hover_2.png'] | timeout=30s | confidence=0.8
2026-06-26 21:07:03 | INFO | my_functions.py:134 | Haciendo click en la posición (383, 643)
2026-06-26 21:07:04 | INFO | my_functions.py:269 | 🖱️ Click OK (En paralelo): small_submit_hover_2.png at (383, 643) delay=0.2s
2026-06-26 21:07:05 | INFO | my_functions.py:247 | [DEBUG] Buscando en paralelo: ['small_submit.PNG', 'small_submit_hover.png', 'submit_hover_2.png', 'small_submit_hover_2.png'] | timeout=20s | confidence=0.8
2026-06-26 21:07:06 | INFO | my_functions.py:134 | Haciendo click en la posición (380, 721)
2026-06-26 21:07:06 | INFO | my_functions.py:269 | 🖱️ Click OK (En paralelo): small_submit.PNG at (380, 721) delay=0.2s
2026-06-26 21:07:07 | INFO | my_functions.py:247 | [DEBUG] Buscando en paralelo: ['sign_in_with_google2.PNG'] | timeout=20s | confidence=0.8
2026-06-26 21:07:09 | INFO | my_functions.py:134 | Haciendo click en la posición (406, 957)
2026-06-26 21:07:09 | INFO | my_functions.py:269 | 🖱️ Click OK (En paralelo): sign_in_with_google2.PNG at (406, 957) delay=1s
2026-06-26 21:07:10 | INFO | my_functions.py:169 | Searching pagina_cargada.png (timeout=60s)
2026-06-26 21:07:18 | INFO | my_functions.py:199 | 
✅ Found: pagina_cargada.png pos=(70, 24) time=7.99s confidence=0.8
2026-06-26 21:07:18 | INFO | my_functions.py:247 | [DEBUG] Buscando en paralelo: ['william.png'] | timeout=0s | confidence=0.8
2026-06-26 21:07:19 | INFO | my_functions.py:281 | [DEBUG] Click skipped, ninguna de las imágenes se encontró en el intento.
2026-06-26 21:07:21 | INFO | my_functions.py:247 | [DEBUG] Buscando en paralelo: ['william.png'] | timeout=0s | confidence=0.8
2026-06-26 21:07:25 | INFO | my_functions.py:134 | Haciendo click en la posición (1150, 469)
2026-06-26 21:07:25 | INFO | my_functions.py:269 | 🖱️ Click OK (En paralelo): william.png at (1150, 469) delay=3s
2026-06-26 21:07:27 | INFO | my_functions.py:169 | Searching marvelsnap_web.png (timeout=30s)
2026-06-26 21:07:34 | INFO | my_functions.py:199 | 
✅ Found: marvelsnap_web.png pos=(258, 80) time=6.31s confidence=0.7
2026-06-26 21:07:34 | INFO | my_functions.py:169 | Searching shop_unselected.PNG (timeout=0s)
2026-06-26 21:07:35 | INFO | my_functions.py:213 | 
⛔ Not found: shop_unselected.PNG after 0.0s region=(0, 0, 765, 1038) confidence=0.8
2026-06-26 21:07:35 | INFO | my_functions.py:247 | [DEBUG] Buscando en paralelo: ['super_premium.PNG'] | timeout=0s | confidence=0.8
2026-06-26 21:07:35 | INFO | my_functions.py:281 | [DEBUG] Click skipped, ninguna de las imágenes se encontró en el intento.
2026-06-26 21:07:36 | INFO | my_functions.py:247 | [DEBUG] Buscando en paralelo: ['maybe_later.PNG'] | timeout=0s | confidence=0.8
2026-06-26 21:07:37 | INFO | my_functions.py:281 | [DEBUG] Click skipped, ninguna de las imágenes se encontró en el intento.
2026-06-26 21:07:38 | INFO | my_functions.py:247 | [DEBUG] Buscando en paralelo: ['maybe_later2.PNG'] | timeout=0s | confidence=0.8
2026-06-26 21:07:38 | INFO | my_functions.py:281 | [DEBUG] Click skipped, ninguna de las imágenes se encontró en el intento.
2026-06-26 21:07:40 | INFO | my_functions.py:169 | Searching go_to_shop.PNG (timeout=0s)
2026-06-26 21:07:40 | INFO | my_functions.py:213 | 
⛔ Not found: go_to_shop.PNG after 0.0s region=(0, 0, 765, 1038) confidence=0.8
2026-06-26 21:07:40 | INFO | my_functions.py:247 | [DEBUG] Buscando en paralelo: ['14_days_of_winterverse.PNG'] | timeout=0s | confidence=0.8
2026-06-26 21:07:41 | INFO | my_functions.py:281 | [DEBUG] Click skipped, ninguna de las imágenes se encontró en el intento.
2026-06-26 21:07:42 | INFO | my_functions.py:169 | Searching welcome_back_calendar.PNG (timeout=0s)
2026-06-26 21:07:42 | INFO | my_functions.py:213 | 
⛔ Not found: welcome_back_calendar.PNG after 0.0s region=(0, 0, 765, 1038) confidence=0.8
2026-06-26 21:07:42 | INFO | my_functions.py:247 | [DEBUG] Buscando en paralelo: ['start_the_countdown.PNG'] | timeout=0s | confidence=0.8
2026-06-26 21:07:43 | INFO | my_functions.py:281 | [DEBUG] Click skipped, ninguna de las imágenes se encontró en el intento.
2026-06-26 21:07:44 | INFO | my_functions.py:247 | [DEBUG] Buscando en paralelo: ['event_has_ended_sanctum.PNG'] | timeout=0s | confidence=0.8
2026-06-26 21:07:44 | INFO | my_functions.py:281 | [DEBUG] Click skipped, ninguna de las imágenes se encontró en el intento.
2026-06-26 21:07:45 | INFO | my_functions.py:247 | [DEBUG] Buscando en paralelo: ['event_has_ended_teamclash.PNG'] | timeout=0s | confidence=0.8
2026-06-26 21:07:46 | INFO | my_functions.py:281 | [DEBUG] Click skipped, ninguna de las imágenes se encontró en el intento.
2026-06-26 21:07:47 | INFO | my_functions.py:247 | [DEBUG] Buscando en paralelo: ['image_part_of_event_grand_arena_finished.PNG'] | timeout=0s | confidence=0.8
2026-06-26 21:07:47 | INFO | my_functions.py:281 | [DEBUG] Click skipped, ninguna de las imágenes se encontró en el intento.
2026-06-26 21:07:49 | INFO | my_functions.py:169 | Searching 28_day_event_login_rewards.PNG (timeout=0s)
2026-06-26 21:07:49 | INFO | my_functions.py:213 | 
⛔ Not found: 28_day_event_login_rewards.PNG after 0.45s region=(0, 0, 765, 1038) confidence=0.8
2026-06-26 21:07:49 | INFO | my_functions.py:169 | Searching 7_day_event_login.PNG (timeout=0s)
2026-06-26 21:07:50 | INFO | my_functions.py:213 | 
⛔ Not found: 7_day_event_login.PNG after 0.0s region=(0, 0, 765, 1038) confidence=0.8
2026-06-26 21:07:50 | INFO | my_functions.py:169 | Searching 14_days_event.PNG (timeout=0s)
2026-06-26 21:07:50 | INFO | my_functions.py:213 | 
⛔ Not found: 14_days_event.PNG after 0.0s region=(0, 0, 765, 1038) confidence=0.8
2026-06-26 21:07:50 | INFO | my_functions.py:247 | [DEBUG] Buscando en paralelo: ['lets_go.PNG'] | timeout=0s | confidence=0.8
2026-06-26 21:07:51 | INFO | my_functions.py:281 | [DEBUG] Click skipped, ninguna de las imágenes se encontró en el intento.
2026-06-26 21:07:53 | INFO | my_functions.py:169 | Searching shop_unselected.PNG (timeout=0s)
2026-06-26 21:07:54 | INFO | my_functions.py:213 | 
⛔ Not found: shop_unselected.PNG after 0.0s region=(0, 0, 765, 1038) confidence=0.8
2026-06-26 21:07:54 | INFO | my_functions.py:247 | [DEBUG] Buscando en paralelo: ['super_premium.PNG'] | timeout=0s | confidence=0.8
2026-06-26 21:07:54 | INFO | my_functions.py:281 | [DEBUG] Click skipped, ninguna de las imágenes se encontró en el intento.
2026-06-26 21:07:55 | INFO | my_functions.py:247 | [DEBUG] Buscando en paralelo: ['maybe_later.PNG'] | timeout=0s | confidence=0.8
2026-06-26 21:07:56 | INFO | my_functions.py:281 | [DEBUG] Click skipped, ninguna de las imágenes se encontró en el intento.
2026-06-26 21:07:57 | INFO | my_functions.py:247 | [DEBUG] Buscando en paralelo: ['maybe_later2.PNG'] | timeout=0s | confidence=0.8
2026-06-26 21:07:58 | INFO | my_functions.py:281 | [DEBUG] Click skipped, ninguna de las imágenes se encontró en el intento.
2026-06-26 21:07:59 | INFO | my_functions.py:169 | Searching go_to_shop.PNG (timeout=0s)
2026-06-26 21:07:59 | INFO | my_functions.py:213 | 
⛔ Not found: go_to_shop.PNG after 0.0s region=(0, 0, 765, 1038) confidence=0.8
2026-06-26 21:07:59 | INFO | my_functions.py:247 | [DEBUG] Buscando en paralelo: ['14_days_of_winterverse.PNG'] | timeout=0s | confidence=0.8
2026-06-26 21:08:00 | INFO | my_functions.py:281 | [DEBUG] Click skipped, ninguna de las imágenes se encontró en el intento.
2026-06-26 21:08:01 | INFO | my_functions.py:169 | Searching welcome_back_calendar.PNG (timeout=0s)
2026-06-26 21:08:01 | INFO | my_functions.py:213 | 
⛔ Not found: welcome_back_calendar.PNG after 0.0s region=(0, 0, 765, 1038) confidence=0.8
2026-06-26 21:08:01 | INFO | my_functions.py:247 | [DEBUG] Buscando en paralelo: ['start_the_countdown.PNG'] | timeout=0s | confidence=0.8
2026-06-26 21:08:02 | INFO | my_functions.py:281 | [DEBUG] Click skipped, ninguna de las imágenes se encontró en el intento.
2026-06-26 21:08:03 | INFO | my_functions.py:247 | [DEBUG] Buscando en paralelo: ['event_has_ended_sanctum.PNG'] | timeout=0s | confidence=0.8
2026-06-26 21:08:04 | INFO | my_functions.py:281 | [DEBUG] Click skipped, ninguna de las imágenes se encontró en el intento.
2026-06-26 21:08:05 | INFO | my_functions.py:247 | [DEBUG] Buscando en paralelo: ['event_has_ended_teamclash.PNG'] | timeout=0s | confidence=0.8
2026-06-26 21:08:05 | INFO | my_functions.py:281 | [DEBUG] Click skipped, ninguna de las imágenes se encontró en el intento.
2026-06-26 21:08:06 | INFO | my_functions.py:247 | [DEBUG] Buscando en paralelo: ['image_part_of_event_grand_arena_finished.PNG'] | timeout=0s | confidence=0.8
2026-06-26 21:08:07 | INFO | my_functions.py:281 | [DEBUG] Click skipped, ninguna de las imágenes se encontró en el intento.
2026-06-26 21:08:08 | INFO | my_functions.py:169 | Searching 28_day_event_login_rewards.PNG (timeout=0s)
2026-06-26 21:08:08 | INFO | my_functions.py:213 | 
⛔ Not found: 28_day_event_login_rewards.PNG after 0.0s region=(0, 0, 765, 1038) confidence=0.8
2026-06-26 21:08:08 | INFO | my_functions.py:169 | Searching 7_day_event_login.PNG (timeout=0s)
2026-06-26 21:08:09 | INFO | my_functions.py:213 | 
⛔ Not found: 7_day_event_login.PNG after 0.0s region=(0, 0, 765, 1038) confidence=0.8
2026-06-26 21:08:09 | INFO | my_functions.py:169 | Searching 14_days_event.PNG (timeout=0s)
2026-06-26 21:08:09 | INFO | my_functions.py:213 | 
⛔ Not found: 14_days_event.PNG after 0.0s region=(0, 0, 765, 1038) confidence=0.8
2026-06-26 21:08:09 | INFO | my_functions.py:247 | [DEBUG] Buscando en paralelo: ['lets_go.PNG'] | timeout=0s | confidence=0.8
2026-06-26 21:08:10 | INFO | my_functions.py:281 | [DEBUG] Click skipped, ninguna de las imágenes se encontró en el intento.
2026-06-26 21:08:12 | INFO | my_functions.py:169 | Searching shop_unselected.PNG (timeout=0s)
2026-06-26 21:08:13 | INFO | my_functions.py:213 | 
⛔ Not found: shop_unselected.PNG after 0.0s region=(0, 0, 765, 1038) confidence=0.8
2026-06-26 21:08:13 | INFO | my_functions.py:247 | [DEBUG] Buscando en paralelo: ['super_premium.PNG'] | timeout=0s | confidence=0.8
2026-06-26 21:08:14 | INFO | my_functions.py:134 | Haciendo click en la posición (480, 777)
2026-06-26 21:08:14 | INFO | my_functions.py:269 | 🖱️ Click OK (En paralelo): super_premium.PNG at (480, 777) delay=1s
2026-06-26 21:08:15 | INFO | my_functions.py:142 | Presionando ESC (1/1)
2026-06-26 21:08:24 | INFO | my_functions.py:169 | Searching shop_unselected.PNG (timeout=0s)
2026-06-26 21:08:25 | INFO | my_functions.py:199 | 
✅ Found: shop_unselected.PNG pos=(88, 961) time=0.71s confidence=0.8
2026-06-26 21:08:25 | INFO | my_functions.py:714 | Ya esta listo
2026-06-26 21:08:29 | INFO | my_functions.py:533 | AVAILABLE: 5
2026-06-26 21:08:29 | INFO | my_functions.py:555 | Misiones completadas: 1
2026-06-26 21:08:29 | INFO | my_functions.py:247 | [DEBUG] Buscando en paralelo: ['missionsNotify2.png'] | timeout=20s | confidence=0.8
2026-06-26 21:08:33 | INFO | my_functions.py:134 | Haciendo click en la posición (538, 124)
2026-06-26 21:08:33 | INFO | my_functions.py:269 | 🖱️ Click OK (En paralelo): missionsNotify2.png at (538, 124) delay=3s
2026-06-26 21:08:34 | INFO | my_functions.py:1472 | [INFO] Iniciando click_missions_blue2
2026-06-26 21:08:34 | INFO | my_functions.py:134 | Haciendo click en la posición (150, 132)
2026-06-26 21:08:35 | INFO | my_functions.py:1475 | [ACTION] Click hecho en icono de calendario que me dirige a las misiones ordinarias
2026-06-26 21:08:35 | INFO | my_functions.py:169 | Searching bonus_challenge.png (timeout=0s)
2026-06-26 21:08:36 | INFO | my_functions.py:213 | 
⛔ Not found: bonus_challenge.png after 0.0s region=(0, 0, 765, 1038) confidence=0.8
2026-06-26 21:08:38 | INFO | my_functions.py:134 | Haciendo click en la posición (362, 493)
2026-06-26 21:08:39 | INFO | my_functions.py:1488 | [ACTION] Click 1/1 en misión azul
2026-06-26 21:08:39 | INFO | my_functions.py:169 | Searching flechita_mission.PNG (timeout=0s)
2026-06-26 21:08:40 | INFO | my_functions.py:213 | 
⛔ Not found: flechita_mission.PNG after 0.0s region=(0, 0, 765, 1038) confidence=0.8
2026-06-26 21:08:40 | INFO | my_functions.py:247 | [DEBUG] Buscando en paralelo: ['weekly3.PNG'] | timeout=0s | confidence=0.8
2026-06-26 21:08:41 | INFO | my_functions.py:134 | Haciendo click en la posición (396, 266)
2026-06-26 21:08:41 | INFO | my_functions.py:269 | 🖱️ Click OK (En paralelo): weekly3.PNG at (396, 266) delay=0.1s
2026-06-26 21:08:43 | INFO | my_functions.py:247 | [DEBUG] Buscando en paralelo: ['claim!.PNG'] | timeout=0s | confidence=0.8
2026-06-26 21:08:43 | INFO | my_functions.py:134 | Haciendo click en la posición (381, 924)
2026-06-26 21:08:44 | INFO | my_functions.py:269 | 🖱️ Click OK (En paralelo): claim!.PNG at (381, 924) delay=0.2s
2026-06-26 21:08:45 | INFO | my_functions.py:247 | [DEBUG] Buscando en paralelo: ['claim_hover.PNG'] | timeout=0s | confidence=0.8
2026-06-26 21:08:46 | INFO | my_functions.py:134 | Haciendo click en la posición (383, 921)
2026-06-26 21:08:46 | INFO | my_functions.py:269 | 🖱️ Click OK (En paralelo): claim_hover.PNG at (383, 921) delay=0.2s
2026-06-26 21:08:47 | INFO | my_functions.py:247 | [DEBUG] Buscando en paralelo: ['claim!.PNG'] | timeout=0s | confidence=0.8
2026-06-26 21:08:48 | INFO | my_functions.py:281 | [DEBUG] Click skipped, ninguna de las imágenes se encontró en el intento.
2026-06-26 21:08:49 | INFO | my_functions.py:247 | [DEBUG] Buscando en paralelo: ['claim_hover.PNG'] | timeout=0s | confidence=0.8
2026-06-26 21:08:50 | INFO | my_functions.py:134 | Haciendo click en la posición (383, 921)
2026-06-26 21:08:50 | INFO | my_functions.py:269 | 🖱️ Click OK (En paralelo): claim_hover.PNG at (383, 921) delay=0.2s
2026-06-26 21:08:51 | INFO | my_functions.py:247 | [DEBUG] Buscando en paralelo: ['weekly3.PNG'] | timeout=0s | confidence=0.8
2026-06-26 21:08:52 | INFO | my_functions.py:281 | [DEBUG] Click skipped, ninguna de las imágenes se encontró en el intento.
2026-06-26 21:08:53 | INFO | my_functions.py:247 | [DEBUG] Buscando en paralelo: ['weekly3.PNG'] | timeout=0s | confidence=0.8
2026-06-26 21:08:54 | INFO | my_functions.py:281 | [DEBUG] Click skipped, ninguna de las imágenes se encontró en el intento.
2026-06-26 21:08:55 | INFO | my_functions.py:134 | Haciendo click en la posición (557, 64)
2026-06-26 21:08:56 | INFO | my_functions.py:247 | [DEBUG] Buscando en paralelo: ['cards_shop.PNG'] | timeout=20s | confidence=0.8
2026-06-26 21:08:59 | INFO | my_functions.py:134 | Haciendo click en la posición (568, 121)
2026-06-26 21:08:59 | INFO | my_functions.py:269 | 🖱️ Click OK (En paralelo): cards_shop.PNG at (568, 121) delay=1s
2026-06-26 21:09:00 | INFO | my_functions.py:247 | [DEBUG] Buscando en paralelo: ['token_icon.PNG'] | timeout=20s | confidence=0.8
2026-06-26 21:09:02 | INFO | my_functions.py:134 | Haciendo click en la posición (571, 171)
2026-06-26 21:09:02 | INFO | my_functions.py:269 | 🖱️ Click OK (En paralelo): token_icon.PNG at (571, 171) delay=1s
2026-06-26 21:09:05 | INFO | my_functions.py:247 | [DEBUG] Buscando en paralelo: ['claim!_token_3.PNG'] | timeout=4s | confidence=0.8
2026-06-26 21:09:07 | INFO | my_functions.py:134 | Haciendo click en la posición (231, 573)
2026-06-26 21:09:07 | INFO | my_functions.py:269 | 🖱️ Click OK (En paralelo): claim!_token_3.PNG at (231, 573) delay=1s
2026-06-26 21:09:08 | INFO | my_functions.py:247 | [DEBUG] Buscando en paralelo: ['cards_shop.PNG'] | timeout=20s | confidence=0.8
2026-06-26 21:09:10 | INFO | my_functions.py:134 | Haciendo click en la posición (568, 122)
2026-06-26 21:09:10 | INFO | my_functions.py:269 | 🖱️ Click OK (En paralelo): cards_shop.PNG at (568, 122) delay=1s
2026-06-26 21:09:11 | INFO | my_functions.py:247 | [DEBUG] Buscando en paralelo: ['offers.PNG'] | timeout=20s | confidence=0.8
2026-06-26 21:09:13 | INFO | my_functions.py:134 | Haciendo click en la posición (197, 121)
2026-06-26 21:09:13 | INFO | my_functions.py:269 | 🖱️ Click OK (En paralelo): offers.PNG at (197, 121) delay=1s
2026-06-26 21:09:15 | INFO | my_functions.py:1356 | [INFO] Iniciando mejora de cartas
2026-06-26 21:09:15 | INFO | my_functions.py:247 | [DEBUG] Buscando en paralelo: ['upgrade_cards_icon.PNG'] | timeout=20s | confidence=0.8
2026-06-26 21:09:16 | INFO | my_functions.py:134 | Haciendo click en la posición (322, 170)
2026-06-26 21:09:17 | INFO | my_functions.py:269 | 🖱️ Click OK (En paralelo): upgrade_cards_icon.PNG at (322, 170) delay=1s
2026-06-26 21:09:18 | INFO | my_functions.py:1360 | [INFO] Abriendo icono de upgrade_cards
2026-06-26 21:09:19 | INFO | my_functions.py:1367 | [STEP] Mejorando carta 1
2026-06-26 21:09:19 | INFO | my_functions.py:1371 | [ACTION] Click en carta 1
2026-06-26 21:09:20 | INFO | my_functions.py:1376 | [ACTION] Click en botón upgrade
2026-06-26 21:09:27 | INFO | my_functions.py:169 | Searching aw_snap.png (timeout=3s)
2026-06-26 21:09:31 | INFO | my_functions.py:213 | 
⛔ Not found: aw_snap.png after 3.39s region=(0, 0, 765, 1038) confidence=0.8
2026-06-26 21:09:31 | INFO | my_functions.py:247 | [DEBUG] Buscando en paralelo: ['you_need_more_credits!.png'] | timeout=3s | confidence=0.8
2026-06-26 21:09:34 | INFO | my_functions.py:281 | [DEBUG] Click skipped, ninguna de las imágenes se encontró en el intento.
2026-06-26 21:09:40 | INFO | my_functions.py:1409 | [ACTION] Click para continuar a stage de nivel de coleccion
2026-06-26 21:09:45 | INFO | my_functions.py:142 | Presionando ESC (1/1)
2026-06-26 21:09:46 | INFO | my_functions.py:1417 | [ACTION] Saliendo de stage nivel de coleccion con ESC
2026-06-26 21:09:47 | INFO | my_functions.py:247 | [DEBUG] Buscando en paralelo: ['upgrade_cards_icon_selected.PNG'] | timeout=0s | confidence=0.8
2026-06-26 21:09:49 | INFO | my_functions.py:134 | Haciendo click en la posición (320, 173)
2026-06-26 21:09:49 | INFO | my_functions.py:269 | 🖱️ Click OK (En paralelo): upgrade_cards_icon_selected.PNG at (320, 173) delay=1s
2026-06-26 21:09:50 | INFO | my_functions.py:1429 | [INFO] Reabriendo icono de upgrade_cards
2026-06-26 21:09:51 | INFO | my_functions.py:1367 | [STEP] Mejorando carta 2
2026-06-26 21:09:51 | INFO | my_functions.py:1371 | [ACTION] Click en carta 2
2026-06-26 21:09:52 | INFO | my_functions.py:1376 | [ACTION] Click en botón upgrade
2026-06-26 21:10:00 | INFO | my_functions.py:169 | Searching aw_snap.png (timeout=3s)
2026-06-26 21:10:03 | INFO | my_functions.py:213 | 
⛔ Not found: aw_snap.png after 3.17s region=(0, 0, 765, 1038) confidence=0.8
2026-06-26 21:10:03 | INFO | my_functions.py:247 | [DEBUG] Buscando en paralelo: ['you_need_more_credits!.png'] | timeout=3s | confidence=0.8
2026-06-26 21:10:07 | INFO | my_functions.py:281 | [DEBUG] Click skipped, ninguna de las imágenes se encontró en el intento.
2026-06-26 21:10:13 | INFO | my_functions.py:1409 | [ACTION] Click para continuar a stage de nivel de coleccion
2026-06-26 21:10:18 | INFO | my_functions.py:142 | Presionando ESC (1/1)
2026-06-26 21:10:19 | INFO | my_functions.py:1417 | [ACTION] Saliendo de stage nivel de coleccion con ESC
2026-06-26 21:10:20 | INFO | my_functions.py:247 | [DEBUG] Buscando en paralelo: ['upgrade_cards_icon_selected.PNG'] | timeout=0s | confidence=0.8
2026-06-26 21:10:21 | INFO | my_functions.py:134 | Haciendo click en la posición (320, 173)
2026-06-26 21:10:22 | INFO | my_functions.py:269 | 🖱️ Click OK (En paralelo): upgrade_cards_icon_selected.PNG at (320, 173) delay=1s
2026-06-26 21:10:23 | INFO | my_functions.py:1429 | [INFO] Reabriendo icono de upgrade_cards
2026-06-26 21:10:24 | INFO | my_functions.py:1367 | [STEP] Mejorando carta 3
2026-06-26 21:10:24 | INFO | my_functions.py:1371 | [ACTION] Click en carta 3
2026-06-26 21:10:25 | INFO | my_functions.py:1376 | [ACTION] Click en botón upgrade
2026-06-26 21:10:32 | INFO | my_functions.py:169 | Searching aw_snap.png (timeout=3s)
2026-06-26 21:10:36 | INFO | my_functions.py:213 | 
⛔ Not found: aw_snap.png after 3.37s region=(0, 0, 765, 1038) confidence=0.8
2026-06-26 21:10:36 | INFO | my_functions.py:247 | [DEBUG] Buscando en paralelo: ['you_need_more_credits!.png'] | timeout=3s | confidence=0.8
2026-06-26 21:10:39 | INFO | my_functions.py:281 | [DEBUG] Click skipped, ninguna de las imágenes se encontró en el intento.
2026-06-26 21:10:45 | INFO | my_functions.py:1409 | [ACTION] Click para continuar a stage de nivel de coleccion
2026-06-26 21:10:50 | INFO | my_functions.py:142 | Presionando ESC (1/1)
2026-06-26 21:10:51 | INFO | my_functions.py:1417 | [ACTION] Saliendo de stage nivel de coleccion con ESC
2026-06-26 21:10:52 | INFO | my_functions.py:1435 | [INFO] Mejora de cartas completada ✅
2026-06-26 21:10:52 | INFO | my_functions.py:142 | Presionando ESC (1/1)
2026-06-26 21:10:53 | INFO | my_functions.py:247 | [DEBUG] Buscando en paralelo: ['white_x.png'] | timeout=2s | confidence=0.8
2026-06-26 21:10:55 | INFO | my_functions.py:281 | [DEBUG] Click skipped, ninguna de las imágenes se encontró en el intento.
2026-06-26 21:10:56 | INFO | my_functions.py:247 | [DEBUG] Buscando en paralelo: ['nut.png'] | timeout=20s | confidence=0.8
2026-06-26 21:10:58 | INFO | my_functions.py:134 | Haciendo click en la posición (184, 78)
2026-06-26 21:10:58 | INFO | my_functions.py:269 | 🖱️ Click OK (En paralelo): nut.png at (184, 78) delay=1s
2026-06-26 21:10:59 | INFO | my_functions.py:247 | [DEBUG] Buscando en paralelo: ['graphics_quality.png'] | timeout=3s | confidence=0.8
2026-06-26 21:11:01 | INFO | my_functions.py:134 | Haciendo click en la posición (304, 644)
2026-06-26 21:11:01 | INFO | my_functions.py:269 | 🖱️ Click OK (En paralelo): graphics_quality.png at (304, 644) delay=1s
2026-06-26 21:11:03 | INFO | my_functions.py:247 | [DEBUG] Buscando en paralelo: ['sign_out.png'] | timeout=20s | confidence=0.8
2026-06-26 21:11:05 | INFO | my_functions.py:134 | Haciendo click en la posición (380, 796)
2026-06-26 21:11:05 | INFO | my_functions.py:269 | 🖱️ Click OK (En paralelo): sign_out.png at (380, 796) delay=1s
2026-06-26 21:11:07 | INFO | my_functions.py:247 | [DEBUG] Buscando en paralelo: ['sign_out_grande.png'] | timeout=20s | confidence=0.8
2026-06-26 21:11:09 | INFO | my_functions.py:134 | Haciendo click en la posición (359, 437)
2026-06-26 21:11:09 | INFO | my_functions.py:269 | 🖱️ Click OK (En paralelo): sign_out_grande.png at (359, 437) delay=1s
2026-06-26 21:11:10 | INFO | my_functions.py:247 | [DEBUG] Buscando en paralelo: ['sign_out2.png'] | timeout=20s | confidence=0.8
2026-06-26 21:11:12 | INFO | my_functions.py:134 | Haciendo click en la posición (383, 634)
2026-06-26 21:11:12 | INFO | my_functions.py:269 | 🖱️ Click OK (En paralelo): sign_out2.png at (383, 634) delay=1s
2026-06-26 21:11:13 | INFO | my_functions.py:1547 | ⏱ Esperando 0.1 segundos antes de empezar...
2026-06-26 21:11:13 | INFO | my_functions.py:1554 | 🔍 Esperando ventana que contenga alguna de: SNAP (máx 20s)
2026-06-26 21:11:13 | INFO | my_functions.py:1566 | ✅ Ventana encontrada: 'SNAP'
2026-06-26 21:11:13 | INFO | my_functions.py:1581 | ✅ Ventana seleccionada: 'SNAP'
2026-06-26 21:11:15 | INFO | my_functions.py:1604 | 🔁 Reajuste #1...
2026-06-26 21:11:17 | INFO | my_functions.py:1611 | ✔ Verificación completa. Se hicieron 1 reajustes.
2026-06-26 21:11:21 | INFO | each_eight_hours.py:113 | Processing account: reeps_vm
2026-06-26 21:11:21 | INFO | my_functions.py:1547 | ⏱ Esperando 0.1 segundos antes de empezar...
2026-06-26 21:11:21 | INFO | my_functions.py:1554 | 🔍 Esperando ventana que contenga alguna de: ['SNAP'] (máx 20s)
2026-06-26 21:11:24 | INFO | my_functions.py:1566 | ✅ Ventana encontrada: 'SNAP'
2026-06-26 21:11:24 | INFO | my_functions.py:1581 | ✅ Ventana seleccionada: 'SNAP'
2026-06-26 21:11:26 | INFO | my_functions.py:1613 | ✔ Verificación completa. No hubo cambios después del primer ajuste.
2026-06-26 21:11:26 | INFO | my_functions.py:1206 | [DEBUG] Resizing SNAP window...
2026-06-26 21:11:26 | INFO | my_functions.py:1547 | ⏱ Esperando 0.1 segundos antes de empezar...
2026-06-26 21:11:26 | INFO | my_functions.py:1554 | 🔍 Esperando ventana que contenga alguna de: ['SNAP'] (máx 20s)
2026-06-26 21:11:26 | INFO | my_functions.py:1566 | ✅ Ventana encontrada: 'SNAP'
2026-06-26 21:11:26 | INFO | my_functions.py:1581 | ✅ Ventana seleccionada: 'SNAP'
2026-06-26 21:11:29 | INFO | my_functions.py:1613 | ✔ Verificación completa. No hubo cambios después del primer ajuste.
2026-06-26 21:11:29 | INFO | my_functions.py:247 | [DEBUG] Buscando en paralelo: ['small_submit.PNG', 'small_submit_hover.png', 'submit_hover_2.png', 'small_submit_hover_2.png'] | timeout=90s | confidence=0.8
2026-06-26 21:11:36 | INFO | my_functions.py:134 | Haciendo click en la posición (380, 642)
2026-06-26 21:11:36 | INFO | my_functions.py:269 | 🖱️ Click OK (En paralelo): small_submit.PNG at (380, 642) delay=0.2s
2026-06-26 21:11:39 | INFO | my_functions.py:247 | [DEBUG] Buscando en paralelo: ['small_submit.PNG', 'small_submit_hover.png', 'submit_hover_2.png', 'small_submit_hover_2.png'] | timeout=20s | confidence=0.8
2026-06-26 21:11:41 | INFO | my_functions.py:134 | Haciendo click en la posición (380, 721)
2026-06-26 21:11:41 | INFO | my_functions.py:269 | 🖱️ Click OK (En paralelo): small_submit.PNG at (380, 721) delay=0.2s
2026-06-26 21:11:42 | INFO | my_functions.py:1547 | ⏱ Esperando 0.1 segundos antes de empezar...
2026-06-26 21:11:42 | INFO | my_functions.py:1554 | 🔍 Esperando ventana que contenga alguna de: ['SNAP'] (máx 20s)
2026-06-26 21:11:42 | INFO | my_functions.py:1566 | ✅ Ventana encontrada: 'SNAP'
2026-06-26 21:11:42 | INFO | my_functions.py:1581 | ✅ Ventana seleccionada: 'SNAP'
2026-06-26 21:11:44 | INFO | my_functions.py:1604 | 🔁 Reajuste #1...
2026-06-26 21:11:45 | INFO | my_functions.py:1611 | ✔ Verificación completa. Se hicieron 1 reajustes.
2026-06-26 21:11:45 | INFO | my_functions.py:169 | Searching please_sign.png (timeout=0s)
2026-06-26 21:11:46 | INFO | my_functions.py:199 | 
✅ Found: please_sign.png pos=(383, 438) time=0.45s confidence=0.8
2026-06-26 21:11:46 | INFO | my_functions.py:247 | [DEBUG] Buscando en paralelo: ['ok_btn.png'] | timeout=20s | confidence=0.8
2026-06-26 21:11:48 | INFO | my_functions.py:134 | Haciendo click en la posición (382, 634)
2026-06-26 21:11:48 | INFO | my_functions.py:269 | 🖱️ Click OK (En paralelo): ok_btn.png at (382, 634) delay=1s
2026-06-26 21:11:49 | INFO | my_functions.py:247 | [DEBUG] Buscando en paralelo: ['small_submit.PNG', 'small_submit_hover.png', 'submit_hover_2.png', 'small_submit_hover_2.png'] | timeout=30s | confidence=0.8
