2026-06-13 07:51:02 | INFO | each_eight_hours.py:36 | LOG FILE PATH: \\vmware-host\Shared Folders\SHARED FILES VM\MS\logs\each_eight_hours_2026-06-13_07-51-02.log
2026-06-13 07:51:02 | INFO | each_eight_hours.py:37 | Logger initialized
2026-06-13 07:51:02 | INFO | each_eight_hours.py:64 | Script initialized
2026-06-13 07:51:25 | INFO | each_eight_hours.py:105 | snap.exe terminated if it was running
2026-06-13 07:51:26 | INFO | my_functions.py:56 | ⏳ Esperando WebSocket de OBS...
2026-06-13 07:51:31 | INFO | baseclient.py:33 | Connecting with parameters: host='localhost' port=4455 password='' subs=0 timeout=None
2026-06-13 07:51:31 | INFO | reqs.py:23 | Successfully identified ReqClient with the server using RPC version:1
2026-06-13 07:51:31 | INFO | my_functions.py:62 | ✅ Conectado al OBS WebSocket
2026-06-13 07:51:31 | ERROR | reqs.py:59 | OBSSDKRequestError: Request GetRecordStatus returned code 207. With message: OBS is not ready to perform the request.
Traceback (most recent call last):
  File "C:\Users\Farm\AppData\Local\Programs\Python\Python311\Lib\site-packages\obsws_python\reqs.py", line 53, in send
    raise OBSSDKRequestError(
obsws_python.error.OBSSDKRequestError: Request GetRecordStatus returned code 207. With message: OBS is not ready to perform the request.
2026-06-13 07:51:32 | INFO | my_functions.py:87 | 🎬 Grabación iniciada
2026-06-13 07:51:32 | INFO | my_functions.py:1526 | ⏱ Esperando 0.1 segundos antes de empezar...
2026-06-13 07:51:32 | INFO | my_functions.py:1533 | 🔍 Esperando ventana que contenga alguna de: ['py', 'eight_hours'] (máx 20s)
2026-06-13 07:51:32 | INFO | my_functions.py:1545 | ✅ Ventana encontrada: 'each_eight_hours  - Acceso directo'
2026-06-13 07:51:32 | INFO | my_functions.py:1560 | ✅ Ventana seleccionada: 'each_eight_hours  - Acceso directo'
2026-06-13 07:51:34 | INFO | my_functions.py:1583 | 🔁 Reajuste #1...
2026-06-13 07:51:34 | INFO | my_functions.py:1590 | ✔ Verificación completa. Se hicieron 1 reajustes.
2026-06-13 07:51:34 | INFO | each_eight_hours.py:113 | Processing account: jeremy
2026-06-13 07:51:35 | INFO | my_functions.py:1526 | ⏱ Esperando 0.1 segundos antes de empezar...
2026-06-13 07:51:35 | INFO | my_functions.py:1533 | 🔍 Esperando ventana que contenga alguna de: ['SNAP'] (máx 20s)
2026-06-13 07:51:43 | INFO | my_functions.py:1545 | ✅ Ventana encontrada: 'SNAP'
2026-06-13 07:51:43 | INFO | my_functions.py:1560 | ✅ Ventana seleccionada: 'SNAP'
2026-06-13 07:51:45 | INFO | my_functions.py:1592 | ✔ Verificación completa. No hubo cambios después del primer ajuste.
2026-06-13 07:51:45 | INFO | my_functions.py:1205 | [DEBUG] Resizing SNAP window...
2026-06-13 07:51:45 | INFO | my_functions.py:1526 | ⏱ Esperando 0.1 segundos antes de empezar...
2026-06-13 07:51:45 | INFO | my_functions.py:1533 | 🔍 Esperando ventana que contenga alguna de: ['SNAP'] (máx 20s)
2026-06-13 07:51:45 | INFO | my_functions.py:1545 | ✅ Ventana encontrada: 'SNAP'
2026-06-13 07:51:45 | INFO | my_functions.py:1560 | ✅ Ventana seleccionada: 'SNAP'
2026-06-13 07:51:48 | INFO | my_functions.py:1592 | ✔ Verificación completa. No hubo cambios después del primer ajuste.
2026-06-13 07:51:48 | INFO | my_functions.py:247 | [DEBUG] Buscando en paralelo: ['small_submit.PNG', 'small_submit_hover.png', 'submit_hover_2.png', 'small_submit_hover_2.png'] | timeout=90s | confidence=0.8
2026-06-13 07:53:22 | INFO | my_functions.py:281 | [DEBUG] Click skipped, ninguna de las imágenes se encontró en el intento.
2026-06-13 07:53:26 | INFO | my_functions.py:247 | [DEBUG] Buscando en paralelo: ['small_submit.PNG', 'small_submit_hover.png', 'submit_hover_2.png', 'small_submit_hover_2.png'] | timeout=20s | confidence=0.8
2026-06-13 07:53:48 | INFO | my_functions.py:281 | [DEBUG] Click skipped, ninguna de las imágenes se encontró en el intento.
2026-06-13 07:53:49 | INFO | my_functions.py:1526 | ⏱ Esperando 0.1 segundos antes de empezar...
2026-06-13 07:53:49 | INFO | my_functions.py:1533 | 🔍 Esperando ventana que contenga alguna de: ['SNAP'] (máx 20s)
2026-06-13 07:53:49 | INFO | my_functions.py:1545 | ✅ Ventana encontrada: 'SNAP'
2026-06-13 07:53:49 | INFO | my_functions.py:1560 | ✅ Ventana seleccionada: 'SNAP'
2026-06-13 07:53:52 | INFO | my_functions.py:1592 | ✔ Verificación completa. No hubo cambios después del primer ajuste.
2026-06-13 07:53:52 | INFO | my_functions.py:169 | Searching please_sign.png (timeout=0s)
2026-06-13 07:53:53 | INFO | my_functions.py:213 | 
⛔ Not found: please_sign.png after 0.01s region=(0, 0, 765, 1038) confidence=0.8
2026-06-13 07:53:53 | INFO | my_functions.py:247 | [DEBUG] Buscando en paralelo: ['sign_in_with_google2.PNG'] | timeout=20s | confidence=0.8
2026-06-13 07:54:13 | INFO | my_functions.py:281 | [DEBUG] Click skipped, ninguna de las imágenes se encontró en el intento.
2026-06-13 07:54:14 | INFO | my_functions.py:169 | Searching pagina_cargada.png (timeout=60s)
2026-06-13 07:55:16 | INFO | my_functions.py:213 | 
⛔ Not found: pagina_cargada.png after 60.45s region=(0, 0, 765, 1038) confidence=0.8
2026-06-13 07:55:16 | INFO | my_functions.py:169 | Searching marvelsnap_web.png (timeout=30s)
2026-06-13 07:55:47 | INFO | my_functions.py:213 | 
⛔ Not found: marvelsnap_web.png after 30.45s region=(0, 0, 765, 1038) confidence=0.7
2026-06-13 07:55:47 | INFO | my_functions.py:169 | Searching shop_unselected.PNG (timeout=0s)
2026-06-13 07:55:48 | INFO | my_functions.py:199 | 
✅ Found: shop_unselected.PNG pos=(88, 961) time=0.77s confidence=0.8
2026-06-13 07:55:56 | INFO | my_functions.py:169 | Searching shop_unselected.PNG (timeout=0s)
2026-06-13 07:55:56 | INFO | my_functions.py:199 | 
✅ Found: shop_unselected.PNG pos=(88, 961) time=0.73s confidence=0.8
2026-06-13 07:55:56 | INFO | my_functions.py:714 | Ya esta listo
2026-06-13 07:56:01 | INFO | my_functions.py:533 | AVAILABLE: 5
2026-06-13 07:56:01 | INFO | my_functions.py:555 | Misiones completadas: 0
2026-06-13 07:56:01 | INFO | my_functions.py:169 | Searching play.PNG (timeout=0s)
2026-06-13 07:56:01 | INFO | my_functions.py:199 | 
✅ Found: play.PNG pos=(384, 824) time=0.58s confidence=0.8
2026-06-13 07:56:01 | INFO | my_functions.py:1421 | [INFO] Click realizado donde se equipa el deck a jugar
2026-06-13 07:56:05 | INFO | my_functions.py:247 | [DEBUG] Buscando en paralelo: ['deck_666666.png'] | timeout=3s | confidence=0.8
2026-06-13 07:56:07 | INFO | my_functions.py:134 | Haciendo click en la posición (384, 546)
2026-06-13 07:56:07 | INFO | my_functions.py:269 | 🖱️ Click OK (En paralelo): deck_666666.png at (384, 546) delay=1s
2026-06-13 07:56:09 | INFO | my_functions.py:247 | [DEBUG] Buscando en paralelo: ['equip.png'] | timeout=3s | confidence=0.95
2026-06-13 07:56:10 | INFO | my_functions.py:134 | Haciendo click en la posición (548, 983)
2026-06-13 07:56:11 | INFO | my_functions.py:269 | 🖱️ Click OK (En paralelo): equip.png at (548, 983) delay=1s
2026-06-13 07:56:12 | INFO | each_eight_hours.py:134 | Deck selected: 6turns
2026-06-13 07:56:12 | INFO | my_functions.py:247 | [DEBUG] Buscando en paralelo: ['maybe_later.PNG'] | timeout=2s | confidence=0.8
2026-06-13 07:56:14 | INFO | my_functions.py:281 | [DEBUG] Click skipped, ninguna de las imágenes se encontró en el intento.
2026-06-13 07:56:15 | INFO | my_functions.py:247 | [DEBUG] Buscando en paralelo: ['maybe_later2.PNG'] | timeout=0.01s | confidence=0.8
2026-06-13 07:56:16 | INFO | my_functions.py:281 | [DEBUG] Click skipped, ninguna de las imágenes se encontró en el intento.
2026-06-13 07:56:17 | INFO | each_eight_hours.py:148 | Starting game loop 1
2026-06-13 07:56:17 | INFO | my_functions.py:247 | [DEBUG] Buscando en paralelo: ['play.PNG'] | timeout=20s | confidence=0.8
2026-06-13 07:56:20 | INFO | my_functions.py:134 | Haciendo click en la posición (384, 824)
2026-06-13 07:56:21 | INFO | my_functions.py:269 | 🖱️ Click OK (En paralelo): play.PNG at (384, 824) delay=3s
2026-06-13 07:56:39 | INFO | my_functions.py:199 | 
✅ Found: end_turn.PNG pos=(681, 945) time=0.64s confidence=0.8
2026-06-13 07:56:39 | INFO | my_functions.py:247 | [DEBUG] Buscando en paralelo: ['snap.PNG'] | timeout=0s | confidence=0.8
2026-06-13 07:56:41 | INFO | my_functions.py:134 | Haciendo click en la posición (386, 123)
2026-06-13 07:56:41 | INFO | my_functions.py:269 | 🖱️ Click OK (En paralelo): snap.PNG at (386, 123) delay=1s
2026-06-13 07:56:48 | INFO | my_functions.py:247 | [DEBUG] Buscando en paralelo: ['end_turn.PNG'] | timeout=0s | confidence=0.8
2026-06-13 07:56:49 | INFO | my_functions.py:134 | Haciendo click en la posición (682, 946)
2026-06-13 07:56:49 | INFO | my_functions.py:269 | 🖱️ Click OK (En paralelo): end_turn.PNG at (682, 946) delay=1s
2026-06-13 07:56:51 | INFO | each_eight_hours.py:165 | End turn executed
2026-06-13 07:57:10 | INFO | my_functions.py:199 | 
✅ Found: end_turn.PNG pos=(681, 945) time=0.63s confidence=0.8
2026-06-13 07:57:10 | INFO | my_functions.py:247 | [DEBUG] Buscando en paralelo: ['snap.PNG'] | timeout=0s | confidence=0.8
2026-06-13 07:57:10 | INFO | my_functions.py:281 | [DEBUG] Click skipped, ninguna de las imágenes se encontró en el intento.
2026-06-13 07:57:16 | INFO | my_functions.py:247 | [DEBUG] Buscando en paralelo: ['end_turn.PNG'] | timeout=0s | confidence=0.8
2026-06-13 07:57:18 | INFO | my_functions.py:134 | Haciendo click en la posición (682, 945)
2026-06-13 07:57:18 | INFO | my_functions.py:269 | 🖱️ Click OK (En paralelo): end_turn.PNG at (682, 945) delay=1s
2026-06-13 07:57:19 | INFO | each_eight_hours.py:165 | End turn executed
2026-06-13 07:57:35 | INFO | my_functions.py:199 | 
✅ Found: end_turn.PNG pos=(681, 945) time=0.66s confidence=0.8
2026-06-13 07:57:35 | INFO | my_functions.py:247 | [DEBUG] Buscando en paralelo: ['snap.PNG'] | timeout=0s | confidence=0.8
2026-06-13 07:57:36 | INFO | my_functions.py:281 | [DEBUG] Click skipped, ninguna de las imágenes se encontró en el intento.
2026-06-13 07:57:42 | INFO | my_functions.py:247 | [DEBUG] Buscando en paralelo: ['end_turn.PNG'] | timeout=0s | confidence=0.8
2026-06-13 07:57:44 | INFO | my_functions.py:134 | Haciendo click en la posición (682, 945)
2026-06-13 07:57:44 | INFO | my_functions.py:269 | 🖱️ Click OK (En paralelo): end_turn.PNG at (682, 945) delay=1s
2026-06-13 07:57:45 | INFO | each_eight_hours.py:165 | End turn executed
2026-06-13 07:58:04 | INFO | my_functions.py:199 | 
✅ Found: end_turn.PNG pos=(681, 945) time=0.64s confidence=0.8
2026-06-13 07:58:04 | INFO | my_functions.py:247 | [DEBUG] Buscando en paralelo: ['snap.PNG'] | timeout=0s | confidence=0.8
2026-06-13 07:58:05 | INFO | my_functions.py:281 | [DEBUG] Click skipped, ninguna de las imágenes se encontró en el intento.
2026-06-13 07:58:11 | INFO | my_functions.py:247 | [DEBUG] Buscando en paralelo: ['end_turn.PNG'] | timeout=0s | confidence=0.8
2026-06-13 07:58:13 | INFO | my_functions.py:134 | Haciendo click en la posición (682, 945)
2026-06-13 07:58:13 | INFO | my_functions.py:269 | 🖱️ Click OK (En paralelo): end_turn.PNG at (682, 945) delay=1s
2026-06-13 07:58:14 | INFO | each_eight_hours.py:165 | End turn executed
2026-06-13 07:58:37 | INFO | my_functions.py:199 | 
✅ Found: end_turn.PNG pos=(681, 945) time=0.67s confidence=0.8
2026-06-13 07:58:37 | INFO | my_functions.py:247 | [DEBUG] Buscando en paralelo: ['snap.PNG'] | timeout=0s | confidence=0.8
2026-06-13 07:58:38 | INFO | my_functions.py:281 | [DEBUG] Click skipped, ninguna de las imágenes se encontró en el intento.
2026-06-13 07:58:44 | INFO | my_functions.py:247 | [DEBUG] Buscando en paralelo: ['end_turn.PNG'] | timeout=0s | confidence=0.8
2026-06-13 07:58:46 | INFO | my_functions.py:134 | Haciendo click en la posición (682, 945)
2026-06-13 07:58:46 | INFO | my_functions.py:269 | 🖱️ Click OK (En paralelo): end_turn.PNG at (682, 945) delay=1s
2026-06-13 07:58:47 | INFO | each_eight_hours.py:165 | End turn executed
2026-06-13 07:59:14 | INFO | my_functions.py:199 | 
✅ Found: end_turn.PNG pos=(681, 945) time=0.67s confidence=0.8
2026-06-13 07:59:14 | INFO | my_functions.py:247 | [DEBUG] Buscando en paralelo: ['snap.PNG'] | timeout=0s | confidence=0.8
2026-06-13 07:59:15 | INFO | my_functions.py:281 | [DEBUG] Click skipped, ninguna de las imágenes se encontró en el intento.
2026-06-13 07:59:21 | INFO | my_functions.py:247 | [DEBUG] Buscando en paralelo: ['end_turn.PNG'] | timeout=0s | confidence=0.8
2026-06-13 07:59:22 | INFO | my_functions.py:134 | Haciendo click en la posición (681, 945)
2026-06-13 07:59:23 | INFO | my_functions.py:269 | 🖱️ Click OK (En paralelo): end_turn.PNG at (681, 945) delay=1s
2026-06-13 07:59:24 | INFO | each_eight_hours.py:165 | End turn executed
2026-06-13 07:59:47 | INFO | my_functions.py:199 | 
✅ Found: collect_rewards.PNG pos=(679, 957) time=0.82s confidence=0.8
2026-06-13 07:59:47 | INFO | each_eight_hours.py:204 | Rewards detected, exiting match
2026-06-13 07:59:47 | INFO | my_functions.py:247 | [DEBUG] Buscando en paralelo: ['collect_rewards.PNG'] | timeout=20s | confidence=0.8
2026-06-13 07:59:48 | INFO | my_functions.py:134 | Haciendo click en la posición (679, 957)
2026-06-13 07:59:49 | INFO | my_functions.py:269 | 🖱️ Click OK (En paralelo): collect_rewards.PNG at (679, 957) delay=1s
2026-06-13 07:59:50 | INFO | my_functions.py:247 | [DEBUG] Buscando en paralelo: ['next.PNG'] | timeout=20s | confidence=0.8
2026-06-13 07:59:54 | INFO | my_functions.py:134 | Haciendo click en la posición (677, 973)
2026-06-13 07:59:55 | INFO | my_functions.py:269 | 🖱️ Click OK (En paralelo): next.PNG at (677, 973) delay=1s
2026-06-13 07:59:58 | INFO | my_functions.py:533 | AVAILABLE: 5
2026-06-13 07:59:58 | INFO | each_eight_hours.py:271 | Submissions after match: 5
2026-06-13 07:59:58 | INFO | my_functions.py:555 | Misiones completadas: 1
2026-06-13 07:59:58 | INFO | each_eight_hours.py:279 | Submission condition met, breaking loop
2026-06-13 07:59:58 | INFO | my_functions.py:247 | [DEBUG] Buscando en paralelo: ['missionsNotify2.png'] | timeout=20s | confidence=0.8
2026-06-13 08:00:01 | INFO | my_functions.py:134 | Haciendo click en la posición (538, 124)
2026-06-13 08:00:02 | INFO | my_functions.py:269 | 🖱️ Click OK (En paralelo): missionsNotify2.png at (538, 124) delay=3s
2026-06-13 08:00:03 | INFO | my_functions.py:1451 | [INFO] Iniciando click_missions_blue2
2026-06-13 08:00:03 | INFO | my_functions.py:134 | Haciendo click en la posición (150, 132)
2026-06-13 08:00:04 | INFO | my_functions.py:1454 | [ACTION] Click hecho en icono de calendario que me dirige a las misiones ordinarias
2026-06-13 08:00:04 | INFO | my_functions.py:169 | Searching bonus_challenge.png (timeout=0s)
2026-06-13 08:00:04 | INFO | my_functions.py:213 | 
⛔ Not found: bonus_challenge.png after 0.0s region=(0, 0, 765, 1038) confidence=0.8
2026-06-13 08:00:06 | INFO | my_functions.py:134 | Haciendo click en la posición (362, 493)
2026-06-13 08:00:08 | INFO | my_functions.py:1467 | [ACTION] Click 1/1 en misión azul
2026-06-13 08:00:08 | INFO | my_functions.py:169 | Searching flechita_mission.PNG (timeout=0s)
2026-06-13 08:00:09 | INFO | my_functions.py:213 | 
⛔ Not found: flechita_mission.PNG after 0.0s region=(0, 0, 765, 1038) confidence=0.8
2026-06-13 08:00:09 | INFO | my_functions.py:247 | [DEBUG] Buscando en paralelo: ['weekly3.PNG'] | timeout=0s | confidence=0.8
2026-06-13 08:00:10 | INFO | my_functions.py:134 | Haciendo click en la posición (485, 266)
2026-06-13 08:00:10 | INFO | my_functions.py:269 | 🖱️ Click OK (En paralelo): weekly3.PNG at (485, 266) delay=0.1s
2026-06-13 08:00:11 | INFO | my_functions.py:247 | [DEBUG] Buscando en paralelo: ['claim!.PNG'] | timeout=0s | confidence=0.8
2026-06-13 08:00:12 | INFO | my_functions.py:134 | Haciendo click en la posición (381, 924)
2026-06-13 08:00:12 | INFO | my_functions.py:269 | 🖱️ Click OK (En paralelo): claim!.PNG at (381, 924) delay=0.2s
2026-06-13 08:00:13 | INFO | my_functions.py:247 | [DEBUG] Buscando en paralelo: ['claim_hover.PNG'] | timeout=0s | confidence=0.8
2026-06-13 08:00:14 | INFO | my_functions.py:134 | Haciendo click en la posición (383, 921)
2026-06-13 08:00:15 | INFO | my_functions.py:269 | 🖱️ Click OK (En paralelo): claim_hover.PNG at (383, 921) delay=0.2s
2026-06-13 08:00:16 | INFO | my_functions.py:247 | [DEBUG] Buscando en paralelo: ['claim!.PNG'] | timeout=0s | confidence=0.8
2026-06-13 08:00:17 | INFO | my_functions.py:281 | [DEBUG] Click skipped, ninguna de las imágenes se encontró en el intento.
2026-06-13 08:00:18 | INFO | my_functions.py:247 | [DEBUG] Buscando en paralelo: ['claim_hover.PNG'] | timeout=0s | confidence=0.8
2026-06-13 08:00:19 | INFO | my_functions.py:134 | Haciendo click en la posición (383, 921)
2026-06-13 08:00:19 | INFO | my_functions.py:269 | 🖱️ Click OK (En paralelo): claim_hover.PNG at (383, 921) delay=0.2s
2026-06-13 08:00:20 | INFO | my_functions.py:247 | [DEBUG] Buscando en paralelo: ['weekly3.PNG'] | timeout=0s | confidence=0.8
2026-06-13 08:00:21 | INFO | my_functions.py:281 | [DEBUG] Click skipped, ninguna de las imágenes se encontró en el intento.
2026-06-13 08:00:22 | INFO | my_functions.py:247 | [DEBUG] Buscando en paralelo: ['weekly3.PNG'] | timeout=0s | confidence=0.8
2026-06-13 08:00:23 | INFO | my_functions.py:281 | [DEBUG] Click skipped, ninguna de las imágenes se encontró en el intento.
2026-06-13 08:00:24 | INFO | my_functions.py:134 | Haciendo click en la posición (557, 64)
2026-06-13 08:00:25 | INFO | my_functions.py:247 | [DEBUG] Buscando en paralelo: ['cards_shop.PNG'] | timeout=20s | confidence=0.8
2026-06-13 08:00:27 | INFO | my_functions.py:134 | Haciendo click en la posición (568, 121)
2026-06-13 08:00:28 | INFO | my_functions.py:269 | 🖱️ Click OK (En paralelo): cards_shop.PNG at (568, 121) delay=1s
2026-06-13 08:00:29 | INFO | my_functions.py:247 | [DEBUG] Buscando en paralelo: ['token_icon.PNG'] | timeout=20s | confidence=0.8
2026-06-13 08:00:31 | INFO | my_functions.py:134 | Haciendo click en la posición (571, 171)
2026-06-13 08:00:31 | INFO | my_functions.py:269 | 🖱️ Click OK (En paralelo): token_icon.PNG at (571, 171) delay=1s
2026-06-13 08:00:34 | INFO | my_functions.py:247 | [DEBUG] Buscando en paralelo: ['claim!_token_3.PNG'] | timeout=4s | confidence=0.8
2026-06-13 08:00:39 | INFO | my_functions.py:281 | [DEBUG] Click skipped, ninguna de las imágenes se encontró en el intento.
2026-06-13 08:00:40 | INFO | my_functions.py:247 | [DEBUG] Buscando en paralelo: ['cards_shop.PNG'] | timeout=20s | confidence=0.8
2026-06-13 08:00:42 | INFO | my_functions.py:134 | Haciendo click en la posición (568, 122)
2026-06-13 08:00:42 | INFO | my_functions.py:269 | 🖱️ Click OK (En paralelo): cards_shop.PNG at (568, 122) delay=1s
2026-06-13 08:00:43 | INFO | my_functions.py:247 | [DEBUG] Buscando en paralelo: ['offers.PNG'] | timeout=20s | confidence=0.8
2026-06-13 08:00:45 | INFO | my_functions.py:134 | Haciendo click en la posición (197, 121)
2026-06-13 08:00:45 | INFO | my_functions.py:269 | 🖱️ Click OK (En paralelo): offers.PNG at (197, 121) delay=1s
2026-06-13 08:00:46 | INFO | my_functions.py:1335 | [INFO] Iniciando mejora de cartas
2026-06-13 08:00:46 | INFO | my_functions.py:247 | [DEBUG] Buscando en paralelo: ['upgrade_cards_icon.PNG'] | timeout=20s | confidence=0.8
2026-06-13 08:00:48 | INFO | my_functions.py:134 | Haciendo click en la posición (322, 170)
2026-06-13 08:00:48 | INFO | my_functions.py:269 | 🖱️ Click OK (En paralelo): upgrade_cards_icon.PNG at (322, 170) delay=1s
2026-06-13 08:00:49 | INFO | my_functions.py:1339 | [INFO] Abriendo icono de upgrade_cards
2026-06-13 08:00:50 | INFO | my_functions.py:1346 | [STEP] Mejorando carta 1
2026-06-13 08:00:51 | INFO | my_functions.py:1350 | [ACTION] Click en carta 1
2026-06-13 08:00:52 | INFO | my_functions.py:1355 | [ACTION] Click en botón upgrade
2026-06-13 08:00:59 | INFO | my_functions.py:169 | Searching aw_snap.png (timeout=3s)
2026-06-13 08:00:59 | INFO | my_functions.py:199 | 
✅ Found: aw_snap.png pos=(381, 502) time=0.49s confidence=0.8
2026-06-13 08:00:59 | WARNING | my_functions.py:1363 | [ALERT] Se detectó Aw Snap. Reiniciando desde la primera carta...
2026-06-13 08:00:59 | INFO | my_functions.py:247 | [DEBUG] Buscando en paralelo: ['x.png'] | timeout=20s | confidence=0.8
2026-06-13 08:01:01 | INFO | my_functions.py:134 | Haciendo click en la posición (380, 966)
2026-06-13 08:01:01 | INFO | my_functions.py:269 | 🖱️ Click OK (En paralelo): x.png at (380, 966) delay=1s
2026-06-13 08:01:02 | INFO | my_functions.py:247 | [DEBUG] Buscando en paralelo: ['shop_unselected.PNG'] | timeout=20s | confidence=0.8
2026-06-13 08:01:04 | INFO | my_functions.py:134 | Haciendo click en la posición (88, 960)
2026-06-13 08:01:04 | INFO | my_functions.py:269 | 🖱️ Click OK (En paralelo): shop_unselected.PNG at (88, 960) delay=1s
2026-06-13 08:01:05 | INFO | my_functions.py:247 | [DEBUG] Buscando en paralelo: ['cards_shop.PNG'] | timeout=20s | confidence=0.8
2026-06-13 08:01:07 | INFO | my_functions.py:134 | Haciendo click en la posición (568, 121)
2026-06-13 08:01:07 | INFO | my_functions.py:269 | 🖱️ Click OK (En paralelo): cards_shop.PNG at (568, 121) delay=1s
2026-06-13 08:01:08 | INFO | my_functions.py:247 | [DEBUG] Buscando en paralelo: ['offers.PNG'] | timeout=20s | confidence=0.8
2026-06-13 08:01:10 | INFO | my_functions.py:134 | Haciendo click en la posición (197, 121)
2026-06-13 08:01:11 | INFO | my_functions.py:269 | 🖱️ Click OK (En paralelo): offers.PNG at (197, 121) delay=1s
2026-06-13 08:01:12 | INFO | my_functions.py:247 | [DEBUG] Buscando en paralelo: ['upgrade_cards_icon.PNG', 'upgrade_cards_icon_selected.png'] | timeout=20s | confidence=0.8
2026-06-13 08:01:13 | INFO | my_functions.py:134 | Haciendo click en la posición (322, 170)
2026-06-13 08:01:14 | INFO | my_functions.py:269 | 🖱️ Click OK (En paralelo): upgrade_cards_icon.PNG at (322, 170) delay=1s
2026-06-13 08:01:16 | INFO | my_functions.py:1346 | [STEP] Mejorando carta 1
2026-06-13 08:01:16 | INFO | my_functions.py:1350 | [ACTION] Click en carta 1
2026-06-13 08:01:17 | INFO | my_functions.py:1355 | [ACTION] Click en botón upgrade
2026-06-13 08:01:24 | INFO | my_functions.py:169 | Searching aw_snap.png (timeout=3s)
2026-06-13 08:01:28 | INFO | my_functions.py:213 | 
⛔ Not found: aw_snap.png after 3.42s region=(0, 0, 765, 1038) confidence=0.8
2026-06-13 08:01:28 | INFO | my_functions.py:247 | [DEBUG] Buscando en paralelo: ['you_need_more_credits!.png'] | timeout=3s | confidence=0.8
2026-06-13 08:01:31 | INFO | my_functions.py:281 | [DEBUG] Click skipped, ninguna de las imágenes se encontró en el intento.
2026-06-13 08:01:38 | INFO | my_functions.py:1388 | [ACTION] Click para continuar a stage de nivel de coleccion
2026-06-13 08:01:43 | INFO | my_functions.py:142 | Presionando ESC (1/1)
2026-06-13 08:01:43 | INFO | my_functions.py:1396 | [ACTION] Saliendo de stage nivel de coleccion con ESC
2026-06-13 08:01:44 | INFO | my_functions.py:247 | [DEBUG] Buscando en paralelo: ['upgrade_cards_icon_selected.PNG'] | timeout=0s | confidence=0.8
2026-06-13 08:01:46 | INFO | my_functions.py:134 | Haciendo click en la posición (320, 173)
2026-06-13 08:01:46 | INFO | my_functions.py:269 | 🖱️ Click OK (En paralelo): upgrade_cards_icon_selected.PNG at (320, 173) delay=1s
2026-06-13 08:01:48 | INFO | my_functions.py:1408 | [INFO] Reabriendo icono de upgrade_cards
2026-06-13 08:01:49 | INFO | my_functions.py:1346 | [STEP] Mejorando carta 2
2026-06-13 08:01:49 | INFO | my_functions.py:1350 | [ACTION] Click en carta 2
2026-06-13 08:01:50 | INFO | my_functions.py:1355 | [ACTION] Click en botón upgrade
2026-06-13 08:01:57 | INFO | my_functions.py:169 | Searching aw_snap.png (timeout=3s)
2026-06-13 08:02:01 | INFO | my_functions.py:213 | 
⛔ Not found: aw_snap.png after 3.48s region=(0, 0, 765, 1038) confidence=0.8
2026-06-13 08:02:01 | INFO | my_functions.py:247 | [DEBUG] Buscando en paralelo: ['you_need_more_credits!.png'] | timeout=3s | confidence=0.8
2026-06-13 08:02:04 | INFO | my_functions.py:281 | [DEBUG] Click skipped, ninguna de las imágenes se encontró en el intento.
2026-06-13 08:02:10 | INFO | my_functions.py:1388 | [ACTION] Click para continuar a stage de nivel de coleccion
2026-06-13 08:02:15 | INFO | my_functions.py:142 | Presionando ESC (1/1)
2026-06-13 08:02:16 | INFO | my_functions.py:1396 | [ACTION] Saliendo de stage nivel de coleccion con ESC
2026-06-13 08:02:17 | INFO | my_functions.py:247 | [DEBUG] Buscando en paralelo: ['upgrade_cards_icon_selected.PNG'] | timeout=0s | confidence=0.8
2026-06-13 08:02:19 | INFO | my_functions.py:134 | Haciendo click en la posición (320, 173)
2026-06-13 08:02:19 | INFO | my_functions.py:269 | 🖱️ Click OK (En paralelo): upgrade_cards_icon_selected.PNG at (320, 173) delay=1s
2026-06-13 08:02:20 | INFO | my_functions.py:1408 | [INFO] Reabriendo icono de upgrade_cards
2026-06-13 08:02:21 | INFO | my_functions.py:1346 | [STEP] Mejorando carta 3
2026-06-13 08:02:21 | INFO | my_functions.py:1350 | [ACTION] Click en carta 3
2026-06-13 08:02:22 | INFO | my_functions.py:1355 | [ACTION] Click en botón upgrade
2026-06-13 08:02:29 | INFO | my_functions.py:169 | Searching aw_snap.png (timeout=3s)
2026-06-13 08:02:33 | INFO | my_functions.py:213 | 
⛔ Not found: aw_snap.png after 3.47s region=(0, 0, 765, 1038) confidence=0.8
2026-06-13 08:02:33 | INFO | my_functions.py:247 | [DEBUG] Buscando en paralelo: ['you_need_more_credits!.png'] | timeout=3s | confidence=0.8
2026-06-13 08:02:37 | INFO | my_functions.py:281 | [DEBUG] Click skipped, ninguna de las imágenes se encontró en el intento.
2026-06-13 08:02:43 | INFO | my_functions.py:1388 | [ACTION] Click para continuar a stage de nivel de coleccion
2026-06-13 08:02:48 | INFO | my_functions.py:142 | Presionando ESC (1/1)
2026-06-13 08:02:48 | INFO | my_functions.py:1396 | [ACTION] Saliendo de stage nivel de coleccion con ESC
2026-06-13 08:02:49 | INFO | my_functions.py:1414 | [INFO] Mejora de cartas completada ✅
2026-06-13 08:02:49 | INFO | my_functions.py:142 | Presionando ESC (1/1)
2026-06-13 08:02:50 | INFO | my_functions.py:247 | [DEBUG] Buscando en paralelo: ['white_x.png'] | timeout=2s | confidence=0.8
2026-06-13 08:02:53 | INFO | my_functions.py:281 | [DEBUG] Click skipped, ninguna de las imágenes se encontró en el intento.
2026-06-13 08:02:54 | INFO | my_functions.py:247 | [DEBUG] Buscando en paralelo: ['nut.png'] | timeout=20s | confidence=0.8
2026-06-13 08:02:56 | INFO | my_functions.py:134 | Haciendo click en la posición (184, 78)
2026-06-13 08:02:56 | INFO | my_functions.py:269 | 🖱️ Click OK (En paralelo): nut.png at (184, 78) delay=1s
2026-06-13 08:02:57 | INFO | my_functions.py:247 | [DEBUG] Buscando en paralelo: ['graphics_quality.png'] | timeout=3s | confidence=0.8
2026-06-13 08:02:58 | INFO | my_functions.py:134 | Haciendo click en la posición (304, 644)
2026-06-13 08:02:59 | INFO | my_functions.py:269 | 🖱️ Click OK (En paralelo): graphics_quality.png at (304, 644) delay=1s
2026-06-13 08:03:01 | INFO | my_functions.py:247 | [DEBUG] Buscando en paralelo: ['sign_out.png'] | timeout=20s | confidence=0.8
2026-06-13 08:03:02 | INFO | my_functions.py:134 | Haciendo click en la posición (380, 796)
2026-06-13 08:03:03 | INFO | my_functions.py:269 | 🖱️ Click OK (En paralelo): sign_out.png at (380, 796) delay=1s
2026-06-13 08:03:05 | INFO | my_functions.py:247 | [DEBUG] Buscando en paralelo: ['sign_out_grande.png'] | timeout=20s | confidence=0.8
2026-06-13 08:03:06 | INFO | my_functions.py:134 | Haciendo click en la posición (359, 437)
2026-06-13 08:03:06 | INFO | my_functions.py:269 | 🖱️ Click OK (En paralelo): sign_out_grande.png at (359, 437) delay=1s
2026-06-13 08:03:07 | INFO | my_functions.py:247 | [DEBUG] Buscando en paralelo: ['sign_out2.png'] | timeout=20s | confidence=0.8
2026-06-13 08:03:09 | INFO | my_functions.py:134 | Haciendo click en la posición (383, 634)
2026-06-13 08:03:09 | INFO | my_functions.py:269 | 🖱️ Click OK (En paralelo): sign_out2.png at (383, 634) delay=1s
2026-06-13 08:03:10 | INFO | my_functions.py:1526 | ⏱ Esperando 0.1 segundos antes de empezar...
2026-06-13 08:03:11 | INFO | my_functions.py:1533 | 🔍 Esperando ventana que contenga alguna de: SNAP (máx 20s)
2026-06-13 08:03:11 | INFO | my_functions.py:1545 | ✅ Ventana encontrada: 'SNAP'
2026-06-13 08:03:11 | INFO | my_functions.py:1560 | ✅ Ventana seleccionada: 'SNAP'
2026-06-13 08:03:13 | INFO | my_functions.py:1583 | 🔁 Reajuste #1...
2026-06-13 08:03:15 | INFO | my_functions.py:1590 | ✔ Verificación completa. Se hicieron 1 reajustes.
2026-06-13 08:03:19 | INFO | each_eight_hours.py:113 | Processing account: reeps_vm
2026-06-13 08:03:19 | INFO | my_functions.py:1526 | ⏱ Esperando 0.1 segundos antes de empezar...
2026-06-13 08:03:19 | INFO | my_functions.py:1533 | 🔍 Esperando ventana que contenga alguna de: ['SNAP'] (máx 20s)
2026-06-13 08:03:22 | INFO | my_functions.py:1545 | ✅ Ventana encontrada: 'SNAP'
2026-06-13 08:03:22 | INFO | my_functions.py:1560 | ✅ Ventana seleccionada: 'SNAP'
2026-06-13 08:03:25 | INFO | my_functions.py:1592 | ✔ Verificación completa. No hubo cambios después del primer ajuste.
2026-06-13 08:03:25 | INFO | my_functions.py:1205 | [DEBUG] Resizing SNAP window...
2026-06-13 08:03:25 | INFO | my_functions.py:1526 | ⏱ Esperando 0.1 segundos antes de empezar...
2026-06-13 08:03:25 | INFO | my_functions.py:1533 | 🔍 Esperando ventana que contenga alguna de: ['SNAP'] (máx 20s)
2026-06-13 08:03:25 | INFO | my_functions.py:1545 | ✅ Ventana encontrada: 'SNAP'
2026-06-13 08:03:25 | INFO | my_functions.py:1560 | ✅ Ventana seleccionada: 'SNAP'
2026-06-13 08:03:28 | INFO | my_functions.py:1592 | ✔ Verificación completa. No hubo cambios después del primer ajuste.
2026-06-13 08:03:28 | INFO | my_functions.py:247 | [DEBUG] Buscando en paralelo: ['small_submit.PNG', 'small_submit_hover.png', 'submit_hover_2.png', 'small_submit_hover_2.png'] | timeout=90s | confidence=0.8
2026-06-13 08:03:34 | INFO | my_functions.py:134 | Haciendo click en la posición (383, 646)
2026-06-13 08:03:34 | INFO | my_functions.py:269 | 🖱️ Click OK (En paralelo): small_submit_hover_2.png at (383, 646) delay=0.2s
2026-06-13 08:03:37 | INFO | my_functions.py:247 | [DEBUG] Buscando en paralelo: ['small_submit.PNG', 'small_submit_hover.png', 'submit_hover_2.png', 'small_submit_hover_2.png'] | timeout=20s | confidence=0.8
2026-06-13 08:03:39 | INFO | my_functions.py:134 | Haciendo click en la posición (380, 721)
2026-06-13 08:03:39 | INFO | my_functions.py:269 | 🖱️ Click OK (En paralelo): small_submit.PNG at (380, 721) delay=0.2s
2026-06-13 08:03:40 | INFO | my_functions.py:1526 | ⏱ Esperando 0.1 segundos antes de empezar...
2026-06-13 08:03:40 | INFO | my_functions.py:1533 | 🔍 Esperando ventana que contenga alguna de: ['SNAP'] (máx 20s)
2026-06-13 08:03:40 | INFO | my_functions.py:1545 | ✅ Ventana encontrada: 'SNAP'
2026-06-13 08:03:40 | INFO | my_functions.py:1560 | ✅ Ventana seleccionada: 'SNAP'
2026-06-13 08:03:42 | INFO | my_functions.py:1583 | 🔁 Reajuste #1...
2026-06-13 08:03:43 | INFO | my_functions.py:1590 | ✔ Verificación completa. Se hicieron 1 reajustes.
2026-06-13 08:03:43 | INFO | my_functions.py:169 | Searching please_sign.png (timeout=0s)
2026-06-13 08:03:44 | INFO | my_functions.py:199 | 
✅ Found: please_sign.png pos=(383, 438) time=0.49s confidence=0.8
2026-06-13 08:03:44 | INFO | my_functions.py:247 | [DEBUG] Buscando en paralelo: ['ok_btn.png'] | timeout=20s | confidence=0.8
2026-06-13 08:03:46 | INFO | my_functions.py:134 | Haciendo click en la posición (382, 634)
2026-06-13 08:03:46 | INFO | my_functions.py:269 | 🖱️ Click OK (En paralelo): ok_btn.png at (382, 634) delay=1s
2026-06-13 08:03:47 | INFO | my_functions.py:247 | [DEBUG] Buscando en paralelo: ['small_submit.PNG', 'small_submit_hover.png', 'submit_hover_2.png', 'small_submit_hover_2.png'] | timeout=30s | confidence=0.8
2026-06-13 08:03:50 | INFO | my_functions.py:134 | Haciendo click en la posición (383, 643)
2026-06-13 08:03:50 | INFO | my_functions.py:269 | 🖱️ Click OK (En paralelo): small_submit_hover_2.png at (383, 643) delay=0.2s
2026-06-13 08:03:51 | INFO | my_functions.py:247 | [DEBUG] Buscando en paralelo: ['small_submit.PNG', 'small_submit_hover.png', 'submit_hover_2.png', 'small_submit_hover_2.png'] | timeout=20s | confidence=0.8
2026-06-13 08:03:52 | INFO | my_functions.py:134 | Haciendo click en la posición (380, 721)
2026-06-13 08:03:53 | INFO | my_functions.py:269 | 🖱️ Click OK (En paralelo): small_submit.PNG at (380, 721) delay=0.2s
2026-06-13 08:03:54 | INFO | my_functions.py:247 | [DEBUG] Buscando en paralelo: ['sign_in_with_google2.PNG'] | timeout=20s | confidence=0.8
2026-06-13 08:03:55 | INFO | my_functions.py:134 | Haciendo click en la posición (406, 957)
2026-06-13 08:03:55 | INFO | my_functions.py:269 | 🖱️ Click OK (En paralelo): sign_in_with_google2.PNG at (406, 957) delay=1s
2026-06-13 08:03:57 | INFO | my_functions.py:169 | Searching pagina_cargada.png (timeout=60s)
2026-06-13 08:04:04 | INFO | my_functions.py:199 | 
✅ Found: pagina_cargada.png pos=(70, 24) time=7.43s confidence=0.8
2026-06-13 08:04:04 | INFO | my_functions.py:247 | [DEBUG] Buscando en paralelo: ['reeps_vm.png'] | timeout=0s | confidence=0.8
2026-06-13 08:04:08 | INFO | my_functions.py:134 | Haciendo click en la posición (1126, 534)
2026-06-13 08:04:08 | INFO | my_functions.py:269 | 🖱️ Click OK (En paralelo): reeps_vm.png at (1126, 534) delay=3s
2026-06-13 08:04:09 | INFO | my_functions.py:169 | Searching marvelsnap_web.png (timeout=30s)
2026-06-13 08:04:15 | INFO | my_functions.py:199 | 
✅ Found: marvelsnap_web.png pos=(258, 80) time=5.48s confidence=0.7
2026-06-13 08:04:15 | INFO | my_functions.py:169 | Searching shop_unselected.PNG (timeout=0s)
2026-06-13 08:04:16 | INFO | my_functions.py:213 | 
⛔ Not found: shop_unselected.PNG after 0.0s region=(0, 0, 765, 1038) confidence=0.8
2026-06-13 08:04:16 | INFO | my_functions.py:247 | [DEBUG] Buscando en paralelo: ['super_premium.PNG'] | timeout=0s | confidence=0.8
2026-06-13 08:04:16 | INFO | my_functions.py:281 | [DEBUG] Click skipped, ninguna de las imágenes se encontró en el intento.
2026-06-13 08:04:17 | INFO | my_functions.py:247 | [DEBUG] Buscando en paralelo: ['maybe_later.PNG'] | timeout=0s | confidence=0.8
2026-06-13 08:04:18 | INFO | my_functions.py:281 | [DEBUG] Click skipped, ninguna de las imágenes se encontró en el intento.
2026-06-13 08:04:19 | INFO | my_functions.py:247 | [DEBUG] Buscando en paralelo: ['maybe_later2.PNG'] | timeout=0s | confidence=0.8
2026-06-13 08:04:20 | INFO | my_functions.py:281 | [DEBUG] Click skipped, ninguna de las imágenes se encontró en el intento.
2026-06-13 08:04:21 | INFO | my_functions.py:169 | Searching go_to_shop.PNG (timeout=0s)
2026-06-13 08:04:22 | INFO | my_functions.py:213 | 
⛔ Not found: go_to_shop.PNG after 0.0s region=(0, 0, 765, 1038) confidence=0.8
2026-06-13 08:04:22 | INFO | my_functions.py:247 | [DEBUG] Buscando en paralelo: ['14_days_of_winterverse.PNG'] | timeout=0s | confidence=0.8
2026-06-13 08:04:22 | INFO | my_functions.py:281 | [DEBUG] Click skipped, ninguna de las imágenes se encontró en el intento.
2026-06-13 08:04:23 | INFO | my_functions.py:169 | Searching welcome_back_calendar.PNG (timeout=0s)
2026-06-13 08:04:24 | INFO | my_functions.py:213 | 
⛔ Not found: welcome_back_calendar.PNG after 0.46s region=(0, 0, 765, 1038) confidence=0.8
2026-06-13 08:04:24 | INFO | my_functions.py:247 | [DEBUG] Buscando en paralelo: ['start_the_countdown.PNG'] | timeout=0s | confidence=0.8
2026-06-13 08:04:25 | INFO | my_functions.py:281 | [DEBUG] Click skipped, ninguna de las imágenes se encontró en el intento.
2026-06-13 08:04:26 | INFO | my_functions.py:247 | [DEBUG] Buscando en paralelo: ['event_has_ended_sanctum.PNG'] | timeout=0s | confidence=0.8
2026-06-13 08:04:26 | INFO | my_functions.py:281 | [DEBUG] Click skipped, ninguna de las imágenes se encontró en el intento.
2026-06-13 08:04:27 | INFO | my_functions.py:247 | [DEBUG] Buscando en paralelo: ['event_has_ended_teamclash.PNG'] | timeout=0s | confidence=0.8
2026-06-13 08:04:28 | INFO | my_functions.py:281 | [DEBUG] Click skipped, ninguna de las imágenes se encontró en el intento.
2026-06-13 08:04:29 | INFO | my_functions.py:247 | [DEBUG] Buscando en paralelo: ['image_part_of_event_grand_arena_finished.PNG'] | timeout=0s | confidence=0.8
2026-06-13 08:04:30 | INFO | my_functions.py:281 | [DEBUG] Click skipped, ninguna de las imágenes se encontró en el intento.
2026-06-13 08:04:31 | INFO | my_functions.py:169 | Searching 28_day_event_login_rewards.PNG (timeout=0s)
2026-06-13 08:04:31 | INFO | my_functions.py:213 | 
⛔ Not found: 28_day_event_login_rewards.PNG after 0.0s region=(0, 0, 765, 1038) confidence=0.8
2026-06-13 08:04:31 | INFO | my_functions.py:169 | Searching 7_day_event_login.PNG (timeout=0s)
2026-06-13 08:04:32 | INFO | my_functions.py:213 | 
⛔ Not found: 7_day_event_login.PNG after 0.0s region=(0, 0, 765, 1038) confidence=0.8
2026-06-13 08:04:32 | INFO | my_functions.py:169 | Searching 14_days_event.PNG (timeout=0s)
2026-06-13 08:04:32 | INFO | my_functions.py:213 | 
⛔ Not found: 14_days_event.PNG after 0.0s region=(0, 0, 765, 1038) confidence=0.8
2026-06-13 08:04:32 | INFO | my_functions.py:247 | [DEBUG] Buscando en paralelo: ['lets_go.PNG'] | timeout=0s | confidence=0.8
2026-06-13 08:04:33 | INFO | my_functions.py:281 | [DEBUG] Click skipped, ninguna de las imágenes se encontró en el intento.
2026-06-13 08:04:35 | INFO | my_functions.py:169 | Searching shop_unselected.PNG (timeout=0s)
2026-06-13 08:04:35 | INFO | my_functions.py:213 | 
⛔ Not found: shop_unselected.PNG after 0.0s region=(0, 0, 765, 1038) confidence=0.8
2026-06-13 08:04:35 | INFO | my_functions.py:247 | [DEBUG] Buscando en paralelo: ['super_premium.PNG'] | timeout=0s | confidence=0.8
2026-06-13 08:04:37 | INFO | my_functions.py:134 | Haciendo click en la posición (480, 777)
2026-06-13 08:04:37 | INFO | my_functions.py:269 | 🖱️ Click OK (En paralelo): super_premium.PNG at (480, 777) delay=1s
2026-06-13 08:04:38 | INFO | my_functions.py:142 | Presionando ESC (1/1)
2026-06-13 08:04:47 | INFO | my_functions.py:169 | Searching shop_unselected.PNG (timeout=0s)
2026-06-13 08:04:47 | INFO | my_functions.py:199 | 
✅ Found: shop_unselected.PNG pos=(88, 961) time=0.7s confidence=0.8
2026-06-13 08:04:47 | INFO | my_functions.py:714 | Ya esta listo
2026-06-13 08:04:52 | INFO | my_functions.py:533 | AVAILABLE: 6
2026-06-13 08:04:52 | INFO | my_functions.py:555 | Misiones completadas: 0
2026-06-13 08:04:52 | INFO | my_functions.py:169 | Searching play.PNG (timeout=0s)
2026-06-13 08:04:52 | INFO | my_functions.py:199 | 
✅ Found: play.PNG pos=(384, 825) time=0.59s confidence=0.8
2026-06-13 08:04:53 | INFO | my_functions.py:1421 | [INFO] Click realizado donde se equipa el deck a jugar
2026-06-13 08:04:57 | INFO | my_functions.py:247 | [DEBUG] Buscando en paralelo: ['deck_666666.png'] | timeout=3s | confidence=0.8
2026-06-13 08:04:58 | INFO | my_functions.py:134 | Haciendo click en la posición (235, 547)
2026-06-13 08:04:59 | INFO | my_functions.py:269 | 🖱️ Click OK (En paralelo): deck_666666.png at (235, 547) delay=1s
2026-06-13 08:05:00 | INFO | my_functions.py:247 | [DEBUG] Buscando en paralelo: ['equip.png'] | timeout=3s | confidence=0.95
2026-06-13 08:05:03 | INFO | my_functions.py:281 | [DEBUG] Click skipped, ninguna de las imágenes se encontró en el intento.
2026-06-13 08:05:04 | INFO | my_functions.py:142 | Presionando ESC (1/1)
2026-06-13 08:05:05 | INFO | each_eight_hours.py:134 | Deck selected: 6turns
2026-06-13 08:05:05 | INFO | my_functions.py:247 | [DEBUG] Buscando en paralelo: ['maybe_later.PNG'] | timeout=2s | confidence=0.8
2026-06-13 08:05:07 | INFO | my_functions.py:281 | [DEBUG] Click skipped, ninguna de las imágenes se encontró en el intento.
2026-06-13 08:05:08 | INFO | my_functions.py:247 | [DEBUG] Buscando en paralelo: ['maybe_later2.PNG'] | timeout=0.01s | confidence=0.8
2026-06-13 08:05:09 | INFO | my_functions.py:281 | [DEBUG] Click skipped, ninguna de las imágenes se encontró en el intento.
2026-06-13 08:05:10 | INFO | each_eight_hours.py:148 | Starting game loop 1
2026-06-13 08:05:10 | INFO | my_functions.py:247 | [DEBUG] Buscando en paralelo: ['play.PNG'] | timeout=20s | confidence=0.8
2026-06-13 08:05:14 | INFO | my_functions.py:134 | Haciendo click en la posición (384, 824)
2026-06-13 08:05:14 | INFO | my_functions.py:269 | 🖱️ Click OK (En paralelo): play.PNG at (384, 824) delay=3s
2026-06-13 08:05:36 | INFO | my_functions.py:199 | 
✅ Found: end_turn.PNG pos=(681, 945) time=0.63s confidence=0.8
2026-06-13 08:05:36 | INFO | my_functions.py:247 | [DEBUG] Buscando en paralelo: ['snap.PNG'] | timeout=0s | confidence=0.8
2026-06-13 08:05:38 | INFO | my_functions.py:134 | Haciendo click en la posición (386, 123)
2026-06-13 08:05:38 | INFO | my_functions.py:269 | 🖱️ Click OK (En paralelo): snap.PNG at (386, 123) delay=1s
2026-06-13 08:05:45 | INFO | my_functions.py:247 | [DEBUG] Buscando en paralelo: ['end_turn.PNG'] | timeout=0s | confidence=0.8
2026-06-13 08:05:46 | INFO | my_functions.py:134 | Haciendo click en la posición (682, 946)
2026-06-13 08:05:47 | INFO | my_functions.py:269 | 🖱️ Click OK (En paralelo): end_turn.PNG at (682, 946) delay=1s
2026-06-13 08:05:48 | INFO | each_eight_hours.py:165 | End turn executed
2026-06-13 08:06:03 | INFO | my_functions.py:199 | 
✅ Found: end_turn.PNG pos=(681, 945) time=0.64s confidence=0.8
2026-06-13 08:06:03 | INFO | my_functions.py:247 | [DEBUG] Buscando en paralelo: ['snap.PNG'] | timeout=0s | confidence=0.8
2026-06-13 08:06:04 | INFO | my_functions.py:281 | [DEBUG] Click skipped, ninguna de las imágenes se encontró en el intento.
2026-06-13 08:06:10 | INFO | my_functions.py:247 | [DEBUG] Buscando en paralelo: ['end_turn.PNG'] | timeout=0s | confidence=0.8
2026-06-13 08:06:12 | INFO | my_functions.py:134 | Haciendo click en la posición (682, 945)
2026-06-13 08:06:12 | INFO | my_functions.py:269 | 🖱️ Click OK (En paralelo): end_turn.PNG at (682, 945) delay=1s
2026-06-13 08:06:13 | INFO | each_eight_hours.py:165 | End turn executed
2026-06-13 08:06:23 | INFO | my_functions.py:199 | 
✅ Found: end_turn.PNG pos=(681, 945) time=0.66s confidence=0.8
2026-06-13 08:06:23 | INFO | my_functions.py:247 | [DEBUG] Buscando en paralelo: ['snap.PNG'] | timeout=0s | confidence=0.8
2026-06-13 08:06:24 | INFO | my_functions.py:281 | [DEBUG] Click skipped, ninguna de las imágenes se encontró en el intento.
2026-06-13 08:06:30 | INFO | my_functions.py:247 | [DEBUG] Buscando en paralelo: ['end_turn.PNG'] | timeout=0s | confidence=0.8
2026-06-13 08:06:32 | INFO | my_functions.py:134 | Haciendo click en la posición (682, 945)
2026-06-13 08:06:32 | INFO | my_functions.py:269 | 🖱️ Click OK (En paralelo): end_turn.PNG at (682, 945) delay=1s
2026-06-13 08:06:33 | INFO | each_eight_hours.py:165 | End turn executed
2026-06-13 08:06:56 | INFO | my_functions.py:199 | 
✅ Found: end_turn.PNG pos=(681, 945) time=0.65s confidence=0.8
2026-06-13 08:06:56 | INFO | my_functions.py:247 | [DEBUG] Buscando en paralelo: ['snap.PNG'] | timeout=0s | confidence=0.8
2026-06-13 08:06:57 | INFO | my_functions.py:281 | [DEBUG] Click skipped, ninguna de las imágenes se encontró en el intento.
2026-06-13 08:07:03 | INFO | my_functions.py:247 | [DEBUG] Buscando en paralelo: ['end_turn.PNG'] | timeout=0s | confidence=0.8
2026-06-13 08:07:04 | INFO | my_functions.py:134 | Haciendo click en la posición (682, 945)
2026-06-13 08:07:05 | INFO | my_functions.py:269 | 🖱️ Click OK (En paralelo): end_turn.PNG at (682, 945) delay=1s
2026-06-13 08:07:06 | INFO | each_eight_hours.py:165 | End turn executed
2026-06-13 08:07:22 | INFO | my_functions.py:199 | 
✅ Found: end_turn.PNG pos=(681, 945) time=0.67s confidence=0.8
2026-06-13 08:07:22 | INFO | my_functions.py:247 | [DEBUG] Buscando en paralelo: ['snap.PNG'] | timeout=0s | confidence=0.8
2026-06-13 08:07:23 | INFO | my_functions.py:281 | [DEBUG] Click skipped, ninguna de las imágenes se encontró en el intento.
2026-06-13 08:07:29 | INFO | my_functions.py:247 | [DEBUG] Buscando en paralelo: ['end_turn.PNG'] | timeout=0s | confidence=0.8
2026-06-13 08:07:31 | INFO | my_functions.py:134 | Haciendo click en la posición (682, 945)
2026-06-13 08:07:31 | INFO | my_functions.py:269 | 🖱️ Click OK (En paralelo): end_turn.PNG at (682, 945) delay=1s
2026-06-13 08:07:32 | INFO | each_eight_hours.py:165 | End turn executed
2026-06-13 08:07:52 | INFO | my_functions.py:199 | 
✅ Found: end_turn.PNG pos=(681, 945) time=0.69s confidence=0.8
2026-06-13 08:07:52 | INFO | my_functions.py:247 | [DEBUG] Buscando en paralelo: ['snap.PNG'] | timeout=0s | confidence=0.8
2026-06-13 08:07:53 | INFO | my_functions.py:281 | [DEBUG] Click skipped, ninguna de las imágenes se encontró en el intento.
2026-06-13 08:07:59 | INFO | my_functions.py:247 | [DEBUG] Buscando en paralelo: ['end_turn.PNG'] | timeout=0s | confidence=0.8
2026-06-13 08:08:00 | INFO | my_functions.py:134 | Haciendo click en la posición (682, 945)
2026-06-13 08:08:01 | INFO | my_functions.py:269 | 🖱️ Click OK (En paralelo): end_turn.PNG at (682, 945) delay=1s
2026-06-13 08:08:02 | INFO | each_eight_hours.py:165 | End turn executed
2026-06-13 08:08:24 | INFO | my_functions.py:199 | 
✅ Found: collect_rewards.PNG pos=(679, 957) time=0.82s confidence=0.8
2026-06-13 08:08:24 | INFO | each_eight_hours.py:204 | Rewards detected, exiting match
2026-06-13 08:08:24 | INFO | my_functions.py:247 | [DEBUG] Buscando en paralelo: ['collect_rewards.PNG'] | timeout=20s | confidence=0.8
2026-06-13 08:08:26 | INFO | my_functions.py:134 | Haciendo click en la posición (679, 957)
2026-06-13 08:08:26 | INFO | my_functions.py:269 | 🖱️ Click OK (En paralelo): collect_rewards.PNG at (679, 957) delay=1s
2026-06-13 08:08:27 | INFO | my_functions.py:247 | [DEBUG] Buscando en paralelo: ['next.PNG'] | timeout=20s | confidence=0.8
2026-06-13 08:08:31 | INFO | my_functions.py:134 | Haciendo click en la posición (677, 973)
2026-06-13 08:08:31 | INFO | my_functions.py:269 | 🖱️ Click OK (En paralelo): next.PNG at (677, 973) delay=1s
2026-06-13 08:08:34 | INFO | my_functions.py:533 | AVAILABLE: 6
2026-06-13 08:08:34 | INFO | each_eight_hours.py:271 | Submissions after match: 6
2026-06-13 08:08:34 | INFO | my_functions.py:555 | Misiones completadas: 0
2026-06-13 08:08:34 | INFO | each_eight_hours.py:148 | Starting game loop 2
2026-06-13 08:08:34 | INFO | my_functions.py:247 | [DEBUG] Buscando en paralelo: ['play.PNG'] | timeout=20s | confidence=0.8
2026-06-13 08:08:38 | INFO | my_functions.py:134 | Haciendo click en la posición (384, 824)
2026-06-13 08:08:38 | INFO | my_functions.py:269 | 🖱️ Click OK (En paralelo): play.PNG at (384, 824) delay=3s
2026-06-13 08:08:57 | INFO | my_functions.py:199 | 
✅ Found: end_turn.PNG pos=(681, 945) time=0.64s confidence=0.8
2026-06-13 08:08:57 | INFO | my_functions.py:247 | [DEBUG] Buscando en paralelo: ['snap.PNG'] | timeout=0s | confidence=0.8
2026-06-13 08:08:59 | INFO | my_functions.py:134 | Haciendo click en la posición (386, 123)
2026-06-13 08:08:59 | INFO | my_functions.py:269 | 🖱️ Click OK (En paralelo): snap.PNG at (386, 123) delay=1s
2026-06-13 08:09:05 | INFO | my_functions.py:247 | [DEBUG] Buscando en paralelo: ['end_turn.PNG'] | timeout=0s | confidence=0.8
2026-06-13 08:09:07 | INFO | my_functions.py:134 | Haciendo click en la posición (682, 946)
2026-06-13 08:09:07 | INFO | my_functions.py:269 | 🖱️ Click OK (En paralelo): end_turn.PNG at (682, 946) delay=1s
2026-06-13 08:09:08 | INFO | each_eight_hours.py:165 | End turn executed
2026-06-13 08:09:24 | INFO | my_functions.py:199 | 
✅ Found: end_turn.PNG pos=(682, 945) time=0.63s confidence=0.8
2026-06-13 08:09:24 | INFO | my_functions.py:247 | [DEBUG] Buscando en paralelo: ['snap.PNG'] | timeout=0s | confidence=0.8
2026-06-13 08:09:24 | INFO | my_functions.py:281 | [DEBUG] Click skipped, ninguna de las imágenes se encontró en el intento.
2026-06-13 08:09:31 | INFO | my_functions.py:247 | [DEBUG] Buscando en paralelo: ['end_turn.PNG'] | timeout=0s | confidence=0.8
2026-06-13 08:09:32 | INFO | my_functions.py:134 | Haciendo click en la posición (682, 945)
2026-06-13 08:09:32 | INFO | my_functions.py:269 | 🖱️ Click OK (En paralelo): end_turn.PNG at (682, 945) delay=1s
2026-06-13 08:09:34 | INFO | each_eight_hours.py:165 | End turn executed
2026-06-13 08:09:49 | INFO | my_functions.py:199 | 
✅ Found: end_turn.PNG pos=(681, 945) time=0.64s confidence=0.8
2026-06-13 08:09:49 | INFO | my_functions.py:247 | [DEBUG] Buscando en paralelo: ['snap.PNG'] | timeout=0s | confidence=0.8
2026-06-13 08:09:50 | INFO | my_functions.py:281 | [DEBUG] Click skipped, ninguna de las imágenes se encontró en el intento.
2026-06-13 08:09:56 | INFO | my_functions.py:247 | [DEBUG] Buscando en paralelo: ['end_turn.PNG'] | timeout=0s | confidence=0.8
2026-06-13 08:09:57 | INFO | my_functions.py:134 | Haciendo click en la posición (682, 945)
2026-06-13 08:09:58 | INFO | my_functions.py:269 | 🖱️ Click OK (En paralelo): end_turn.PNG at (682, 945) delay=1s
2026-06-13 08:09:59 | INFO | each_eight_hours.py:165 | End turn executed
2026-06-13 08:10:17 | INFO | my_functions.py:199 | 
✅ Found: end_turn.PNG pos=(681, 945) time=0.61s confidence=0.8
2026-06-13 08:10:17 | INFO | my_functions.py:247 | [DEBUG] Buscando en paralelo: ['snap.PNG'] | timeout=0s | confidence=0.8
2026-06-13 08:10:18 | INFO | my_functions.py:281 | [DEBUG] Click skipped, ninguna de las imágenes se encontró en el intento.
2026-06-13 08:10:24 | INFO | my_functions.py:247 | [DEBUG] Buscando en paralelo: ['end_turn.PNG'] | timeout=0s | confidence=0.8
2026-06-13 08:10:26 | INFO | my_functions.py:134 | Haciendo click en la posición (682, 945)
2026-06-13 08:10:26 | INFO | my_functions.py:269 | 🖱️ Click OK (En paralelo): end_turn.PNG at (682, 945) delay=1s
2026-06-13 08:10:27 | INFO | each_eight_hours.py:165 | End turn executed
2026-06-13 08:10:36 | INFO | my_functions.py:199 | 
✅ Found: end_turn.PNG pos=(681, 945) time=0.63s confidence=0.8
2026-06-13 08:10:36 | INFO | my_functions.py:247 | [DEBUG] Buscando en paralelo: ['snap.PNG'] | timeout=0s | confidence=0.8
2026-06-13 08:10:37 | INFO | my_functions.py:281 | [DEBUG] Click skipped, ninguna de las imágenes se encontró en el intento.
2026-06-13 08:10:44 | INFO | my_functions.py:247 | [DEBUG] Buscando en paralelo: ['end_turn.PNG'] | timeout=0s | confidence=0.8
2026-06-13 08:10:45 | INFO | my_functions.py:134 | Haciendo click en la posición (682, 945)
2026-06-13 08:10:45 | INFO | my_functions.py:269 | 🖱️ Click OK (En paralelo): end_turn.PNG at (682, 945) delay=1s
2026-06-13 08:10:47 | INFO | each_eight_hours.py:165 | End turn executed
2026-06-13 08:11:09 | INFO | my_functions.py:199 | 
✅ Found: end_turn.PNG pos=(681, 945) time=0.63s confidence=0.8
2026-06-13 08:11:09 | INFO | my_functions.py:247 | [DEBUG] Buscando en paralelo: ['snap.PNG'] | timeout=0s | confidence=0.8
2026-06-13 08:11:09 | INFO | my_functions.py:281 | [DEBUG] Click skipped, ninguna de las imágenes se encontró en el intento.
2026-06-13 08:11:15 | INFO | my_functions.py:247 | [DEBUG] Buscando en paralelo: ['end_turn.PNG'] | timeout=0s | confidence=0.8
2026-06-13 08:11:17 | INFO | my_functions.py:134 | Haciendo click en la posición (682, 945)
2026-06-13 08:11:17 | INFO | my_functions.py:269 | 🖱️ Click OK (En paralelo): end_turn.PNG at (682, 945) delay=1s
2026-06-13 08:11:18 | INFO | each_eight_hours.py:165 | End turn executed
2026-06-13 08:11:40 | INFO | my_functions.py:199 | 
✅ Found: collect_rewards.PNG pos=(679, 957) time=0.74s confidence=0.8
2026-06-13 08:11:40 | INFO | each_eight_hours.py:204 | Rewards detected, exiting match
2026-06-13 08:11:40 | INFO | my_functions.py:247 | [DEBUG] Buscando en paralelo: ['collect_rewards.PNG'] | timeout=20s | confidence=0.8
2026-06-13 08:11:42 | INFO | my_functions.py:134 | Haciendo click en la posición (679, 957)
2026-06-13 08:11:42 | INFO | my_functions.py:269 | 🖱️ Click OK (En paralelo): collect_rewards.PNG at (679, 957) delay=1s
2026-06-13 08:11:43 | INFO | my_functions.py:247 | [DEBUG] Buscando en paralelo: ['next.PNG'] | timeout=20s | confidence=0.8
2026-06-13 08:11:47 | INFO | my_functions.py:134 | Haciendo click en la posición (677, 973)
2026-06-13 08:11:47 | INFO | my_functions.py:269 | 🖱️ Click OK (En paralelo): next.PNG at (677, 973) delay=1s
2026-06-13 08:11:50 | INFO | my_functions.py:533 | AVAILABLE: 6
2026-06-13 08:11:50 | INFO | each_eight_hours.py:271 | Submissions after match: 6
2026-06-13 08:11:50 | INFO | my_functions.py:555 | Misiones completadas: 0
2026-06-13 08:11:50 | INFO | each_eight_hours.py:148 | Starting game loop 3
2026-06-13 08:11:50 | INFO | my_functions.py:247 | [DEBUG] Buscando en paralelo: ['play.PNG'] | timeout=20s | confidence=0.8
2026-06-13 08:11:54 | INFO | my_functions.py:134 | Haciendo click en la posición (384, 824)
2026-06-13 08:11:54 | INFO | my_functions.py:269 | 🖱️ Click OK (En paralelo): play.PNG at (384, 824) delay=3s
2026-06-13 08:12:06 | INFO | my_functions.py:199 | 
✅ Found: end_turn.PNG pos=(682, 945) time=0.76s confidence=0.8
2026-06-13 08:12:06 | INFO | my_functions.py:247 | [DEBUG] Buscando en paralelo: ['snap.PNG'] | timeout=0s | confidence=0.8
2026-06-13 08:12:08 | INFO | my_functions.py:134 | Haciendo click en la posición (386, 122)
2026-06-13 08:12:08 | INFO | my_functions.py:269 | 🖱️ Click OK (En paralelo): snap.PNG at (386, 122) delay=1s
2026-06-13 08:12:14 | INFO | my_functions.py:247 | [DEBUG] Buscando en paralelo: ['end_turn.PNG'] | timeout=0s | confidence=0.8
2026-06-13 08:12:15 | INFO | my_functions.py:281 | [DEBUG] Click skipped, ninguna de las imágenes se encontró en el intento.
2026-06-13 08:12:19 | INFO | my_functions.py:199 | 
✅ Found: end_turn.PNG pos=(682, 946) time=0.63s confidence=0.8
2026-06-13 08:12:19 | INFO | my_functions.py:247 | [DEBUG] Buscando en paralelo: ['snap.PNG'] | timeout=0s | confidence=0.8
2026-06-13 08:12:21 | INFO | my_functions.py:134 | Haciendo click en la posición (386, 124)
2026-06-13 08:12:21 | INFO | my_functions.py:269 | 🖱️ Click OK (En paralelo): snap.PNG at (386, 124) delay=1s
2026-06-13 08:12:27 | INFO | my_functions.py:247 | [DEBUG] Buscando en paralelo: ['end_turn.PNG'] | timeout=0s | confidence=0.8
2026-06-13 08:12:29 | INFO | my_functions.py:134 | Haciendo click en la posición (681, 945)
2026-06-13 08:12:29 | INFO | my_functions.py:269 | 🖱️ Click OK (En paralelo): end_turn.PNG at (681, 945) delay=1s
2026-06-13 08:12:30 | INFO | each_eight_hours.py:165 | End turn executed
2026-06-13 08:12:40 | INFO | my_functions.py:199 | 
✅ Found: end_turn.PNG pos=(681, 945) time=0.62s confidence=0.8
2026-06-13 08:12:40 | INFO | my_functions.py:247 | [DEBUG] Buscando en paralelo: ['snap.PNG'] | timeout=0s | confidence=0.8
2026-06-13 08:12:40 | INFO | my_functions.py:281 | [DEBUG] Click skipped, ninguna de las imágenes se encontró en el intento.
2026-06-13 08:12:46 | INFO | my_functions.py:247 | [DEBUG] Buscando en paralelo: ['end_turn.PNG'] | timeout=0s | confidence=0.8
2026-06-13 08:12:48 | INFO | my_functions.py:134 | Haciendo click en la posición (682, 945)
2026-06-13 08:12:48 | INFO | my_functions.py:269 | 🖱️ Click OK (En paralelo): end_turn.PNG at (682, 945) delay=1s
2026-06-13 08:12:49 | INFO | each_eight_hours.py:165 | End turn executed
2026-06-13 08:13:14 | INFO | my_functions.py:199 | 
✅ Found: end_turn.PNG pos=(681, 945) time=0.65s confidence=0.8
2026-06-13 08:13:14 | INFO | my_functions.py:247 | [DEBUG] Buscando en paralelo: ['snap.PNG'] | timeout=0s | confidence=0.8
2026-06-13 08:13:15 | INFO | my_functions.py:281 | [DEBUG] Click skipped, ninguna de las imágenes se encontró en el intento.
2026-06-13 08:13:21 | INFO | my_functions.py:247 | [DEBUG] Buscando en paralelo: ['end_turn.PNG'] | timeout=0s | confidence=0.8
2026-06-13 08:13:23 | INFO | my_functions.py:134 | Haciendo click en la posición (682, 945)
2026-06-13 08:13:23 | INFO | my_functions.py:269 | 🖱️ Click OK (En paralelo): end_turn.PNG at (682, 945) delay=1s
2026-06-13 08:13:24 | INFO | each_eight_hours.py:165 | End turn executed
2026-06-13 08:13:34 | INFO | my_functions.py:199 | 
✅ Found: end_turn.PNG pos=(681, 945) time=0.67s confidence=0.8
2026-06-13 08:13:34 | INFO | my_functions.py:247 | [DEBUG] Buscando en paralelo: ['snap.PNG'] | timeout=0s | confidence=0.8
2026-06-13 08:13:35 | INFO | my_functions.py:281 | [DEBUG] Click skipped, ninguna de las imágenes se encontró en el intento.
2026-06-13 08:13:41 | INFO | my_functions.py:247 | [DEBUG] Buscando en paralelo: ['end_turn.PNG'] | timeout=0s | confidence=0.8
2026-06-13 08:13:43 | INFO | my_functions.py:134 | Haciendo click en la posición (682, 945)
2026-06-13 08:13:43 | INFO | my_functions.py:269 | 🖱️ Click OK (En paralelo): end_turn.PNG at (682, 945) delay=1s
2026-06-13 08:13:44 | INFO | each_eight_hours.py:165 | End turn executed
2026-06-13 08:14:00 | INFO | my_functions.py:199 | 
✅ Found: end_turn.PNG pos=(681, 945) time=0.66s confidence=0.8
2026-06-13 08:14:00 | INFO | my_functions.py:247 | [DEBUG] Buscando en paralelo: ['snap.PNG'] | timeout=0s | confidence=0.8
2026-06-13 08:14:01 | INFO | my_functions.py:281 | [DEBUG] Click skipped, ninguna de las imágenes se encontró en el intento.
2026-06-13 08:14:07 | INFO | my_functions.py:247 | [DEBUG] Buscando en paralelo: ['end_turn.PNG'] | timeout=0s | confidence=0.8
2026-06-13 08:14:09 | INFO | my_functions.py:134 | Haciendo click en la posición (682, 945)
2026-06-13 08:14:09 | INFO | my_functions.py:269 | 🖱️ Click OK (En paralelo): end_turn.PNG at (682, 945) delay=1s
2026-06-13 08:14:10 | INFO | each_eight_hours.py:165 | End turn executed
2026-06-13 08:14:29 | INFO | my_functions.py:199 | 
✅ Found: end_turn.PNG pos=(681, 945) time=0.67s confidence=0.8
2026-06-13 08:14:29 | INFO | my_functions.py:247 | [DEBUG] Buscando en paralelo: ['snap.PNG'] | timeout=0s | confidence=0.8
2026-06-13 08:14:30 | INFO | my_functions.py:281 | [DEBUG] Click skipped, ninguna de las imágenes se encontró en el intento.
2026-06-13 08:14:36 | INFO | my_functions.py:247 | [DEBUG] Buscando en paralelo: ['end_turn.PNG'] | timeout=0s | confidence=0.8
2026-06-13 08:14:38 | INFO | my_functions.py:134 | Haciendo click en la posición (682, 945)
2026-06-13 08:14:38 | INFO | my_functions.py:269 | 🖱️ Click OK (En paralelo): end_turn.PNG at (682, 945) delay=1s
2026-06-13 08:14:39 | INFO | each_eight_hours.py:165 | End turn executed
2026-06-13 08:15:14 | INFO | my_functions.py:199 | 
✅ Found: collect_rewards.PNG pos=(679, 957) time=0.8s confidence=0.8
2026-06-13 08:15:14 | INFO | each_eight_hours.py:204 | Rewards detected, exiting match
2026-06-13 08:15:14 | INFO | my_functions.py:247 | [DEBUG] Buscando en paralelo: ['collect_rewards.PNG'] | timeout=20s | confidence=0.8
2026-06-13 08:15:16 | INFO | my_functions.py:134 | Haciendo click en la posición (679, 957)
2026-06-13 08:15:16 | INFO | my_functions.py:269 | 🖱️ Click OK (En paralelo): collect_rewards.PNG at (679, 957) delay=1s
2026-06-13 08:15:17 | INFO | my_functions.py:247 | [DEBUG] Buscando en paralelo: ['next.PNG'] | timeout=20s | confidence=0.8
2026-06-13 08:15:23 | INFO | my_functions.py:134 | Haciendo click en la posición (677, 973)
2026-06-13 08:15:23 | INFO | my_functions.py:269 | 🖱️ Click OK (En paralelo): next.PNG at (677, 973) delay=1s
2026-06-13 08:15:26 | INFO | my_functions.py:533 | AVAILABLE: 6
2026-06-13 08:15:26 | INFO | each_eight_hours.py:271 | Submissions after match: 6
2026-06-13 08:15:26 | INFO | my_functions.py:555 | Misiones completadas: 1
2026-06-13 08:15:26 | INFO | each_eight_hours.py:148 | Starting game loop 4
2026-06-13 08:15:26 | INFO | my_functions.py:247 | [DEBUG] Buscando en paralelo: ['play.PNG'] | timeout=20s | confidence=0.8
2026-06-13 08:15:29 | INFO | my_functions.py:134 | Haciendo click en la posición (384, 824)
2026-06-13 08:15:30 | INFO | my_functions.py:269 | 🖱️ Click OK (En paralelo): play.PNG at (384, 824) delay=3s
2026-06-13 08:15:55 | INFO | my_functions.py:199 | 
✅ Found: end_turn.PNG pos=(681, 945) time=0.65s confidence=0.8
2026-06-13 08:15:55 | INFO | my_functions.py:247 | [DEBUG] Buscando en paralelo: ['snap.PNG'] | timeout=0s | confidence=0.8
2026-06-13 08:15:57 | INFO | my_functions.py:134 | Haciendo click en la posición (386, 123)
2026-06-13 08:15:57 | INFO | my_functions.py:269 | 🖱️ Click OK (En paralelo): snap.PNG at (386, 123) delay=1s
2026-06-13 08:16:03 | INFO | my_functions.py:247 | [DEBUG] Buscando en paralelo: ['end_turn.PNG'] | timeout=0s | confidence=0.8
2026-06-13 08:16:04 | INFO | my_functions.py:281 | [DEBUG] Click skipped, ninguna de las imágenes se encontró en el intento.
2026-06-13 08:16:07 | INFO | my_functions.py:199 | 
✅ Found: flechas.png pos=(42, 912) time=0.83s confidence=0.8
2026-06-13 08:16:09 | INFO | my_functions.py:142 | Presionando ESC (1/1)
2026-06-13 08:16:09 | INFO | my_functions.py:247 | [DEBUG] Buscando en paralelo: ['end_turn.PNG'] | timeout=0s | confidence=0.8
2026-06-13 08:16:11 | INFO | my_functions.py:134 | Haciendo click en la posición (682, 945)
2026-06-13 08:16:11 | INFO | my_functions.py:269 | 🖱️ Click OK (En paralelo): end_turn.PNG at (682, 945) delay=1s
2026-06-13 08:16:12 | WARNING | each_eight_hours.py:202 | Arrow overlay handled
2026-06-13 08:16:27 | INFO | my_functions.py:199 | 
✅ Found: end_turn.PNG pos=(681, 945) time=0.66s confidence=0.8
2026-06-13 08:16:27 | INFO | my_functions.py:247 | [DEBUG] Buscando en paralelo: ['snap.PNG'] | timeout=0s | confidence=0.8
2026-06-13 08:16:28 | INFO | my_functions.py:281 | [DEBUG] Click skipped, ninguna de las imágenes se encontró en el intento.
2026-06-13 08:16:34 | INFO | my_functions.py:247 | [DEBUG] Buscando en paralelo: ['end_turn.PNG'] | timeout=0s | confidence=0.8
2026-06-13 08:16:35 | INFO | my_functions.py:134 | Haciendo click en la posición (682, 945)
2026-06-13 08:16:36 | INFO | my_functions.py:269 | 🖱️ Click OK (En paralelo): end_turn.PNG at (682, 945) delay=1s
2026-06-13 08:16:37 | INFO | each_eight_hours.py:165 | End turn executed
2026-06-13 08:16:53 | INFO | my_functions.py:199 | 
✅ Found: end_turn.PNG pos=(681, 945) time=0.66s confidence=0.8
2026-06-13 08:16:53 | INFO | my_functions.py:247 | [DEBUG] Buscando en paralelo: ['snap.PNG'] | timeout=0s | confidence=0.8
2026-06-13 08:16:54 | INFO | my_functions.py:281 | [DEBUG] Click skipped, ninguna de las imágenes se encontró en el intento.
2026-06-13 08:17:00 | INFO | my_functions.py:247 | [DEBUG] Buscando en paralelo: ['end_turn.PNG'] | timeout=0s | confidence=0.8
2026-06-13 08:17:02 | INFO | my_functions.py:134 | Haciendo click en la posición (682, 945)
2026-06-13 08:17:02 | INFO | my_functions.py:269 | 🖱️ Click OK (En paralelo): end_turn.PNG at (682, 945) delay=1s
2026-06-13 08:17:03 | INFO | each_eight_hours.py:165 | End turn executed
2026-06-13 08:17:13 | INFO | my_functions.py:199 | 
✅ Found: end_turn.PNG pos=(681, 945) time=0.68s confidence=0.8
2026-06-13 08:17:13 | INFO | my_functions.py:247 | [DEBUG] Buscando en paralelo: ['snap.PNG'] | timeout=0s | confidence=0.8
2026-06-13 08:17:14 | INFO | my_functions.py:281 | [DEBUG] Click skipped, ninguna de las imágenes se encontró en el intento.
2026-06-13 08:17:20 | INFO | my_functions.py:247 | [DEBUG] Buscando en paralelo: ['end_turn.PNG'] | timeout=0s | confidence=0.8
2026-06-13 08:17:22 | INFO | my_functions.py:134 | Haciendo click en la posición (682, 945)
2026-06-13 08:17:22 | INFO | my_functions.py:269 | 🖱️ Click OK (En paralelo): end_turn.PNG at (682, 945) delay=1s
2026-06-13 08:17:23 | INFO | each_eight_hours.py:165 | End turn executed
2026-06-13 08:17:33 | INFO | my_functions.py:199 | 
✅ Found: end_turn.PNG pos=(681, 945) time=0.67s confidence=0.8
2026-06-13 08:17:33 | INFO | my_functions.py:247 | [DEBUG] Buscando en paralelo: ['snap.PNG'] | timeout=0s | confidence=0.8
2026-06-13 08:17:34 | INFO | my_functions.py:281 | [DEBUG] Click skipped, ninguna de las imágenes se encontró en el intento.
2026-06-13 08:17:40 | INFO | my_functions.py:247 | [DEBUG] Buscando en paralelo: ['end_turn.PNG'] | timeout=0s | confidence=0.8
2026-06-13 08:17:41 | INFO | my_functions.py:134 | Haciendo click en la posición (682, 945)
2026-06-13 08:17:42 | INFO | my_functions.py:269 | 🖱️ Click OK (En paralelo): end_turn.PNG at (682, 945) delay=1s
2026-06-13 08:17:43 | INFO | each_eight_hours.py:165 | End turn executed
2026-06-13 08:18:06 | INFO | my_functions.py:199 | 
✅ Found: end_turn.PNG pos=(681, 945) time=0.7s confidence=0.8
2026-06-13 08:18:06 | INFO | my_functions.py:247 | [DEBUG] Buscando en paralelo: ['snap.PNG'] | timeout=0s | confidence=0.8
2026-06-13 08:18:07 | INFO | my_functions.py:281 | [DEBUG] Click skipped, ninguna de las imágenes se encontró en el intento.
2026-06-13 08:18:14 | INFO | my_functions.py:247 | [DEBUG] Buscando en paralelo: ['end_turn.PNG'] | timeout=0s | confidence=0.8
2026-06-13 08:18:16 | INFO | my_functions.py:134 | Haciendo click en la posición (682, 945)
2026-06-13 08:18:16 | INFO | my_functions.py:269 | 🖱️ Click OK (En paralelo): end_turn.PNG at (682, 945) delay=1s
2026-06-13 08:18:17 | INFO | each_eight_hours.py:165 | End turn executed
2026-06-13 08:18:39 | INFO | my_functions.py:199 | 
✅ Found: collect_rewards.PNG pos=(679, 963) time=0.95s confidence=0.8
2026-06-13 08:18:39 | INFO | each_eight_hours.py:204 | Rewards detected, exiting match
2026-06-13 08:18:39 | INFO | my_functions.py:247 | [DEBUG] Buscando en paralelo: ['collect_rewards.PNG'] | timeout=20s | confidence=0.8
2026-06-13 08:18:41 | INFO | my_functions.py:134 | Haciendo click en la posición (679, 957)
2026-06-13 08:18:41 | INFO | my_functions.py:269 | 🖱️ Click OK (En paralelo): collect_rewards.PNG at (679, 957) delay=1s
2026-06-13 08:18:43 | INFO | my_functions.py:247 | [DEBUG] Buscando en paralelo: ['next.PNG'] | timeout=20s | confidence=0.8
2026-06-13 08:18:46 | INFO | my_functions.py:134 | Haciendo click en la posición (677, 973)
2026-06-13 08:18:47 | INFO | my_functions.py:269 | 🖱️ Click OK (En paralelo): next.PNG at (677, 973) delay=1s
2026-06-13 08:18:50 | INFO | my_functions.py:533 | AVAILABLE: 6
2026-06-13 08:18:50 | INFO | each_eight_hours.py:271 | Submissions after match: 6
2026-06-13 08:18:50 | INFO | my_functions.py:555 | Misiones completadas: 1
2026-06-13 08:18:50 | INFO | each_eight_hours.py:148 | Starting game loop 5
2026-06-13 08:18:50 | INFO | my_functions.py:247 | [DEBUG] Buscando en paralelo: ['play.PNG'] | timeout=20s | confidence=0.8
2026-06-13 08:18:53 | INFO | my_functions.py:134 | Haciendo click en la posición (384, 824)
2026-06-13 08:18:54 | INFO | my_functions.py:269 | 🖱️ Click OK (En paralelo): play.PNG at (384, 824) delay=3s
2026-06-13 08:19:20 | INFO | my_functions.py:199 | 
✅ Found: end_turn.PNG pos=(682, 945) time=0.71s confidence=0.8
2026-06-13 08:19:20 | INFO | my_functions.py:247 | [DEBUG] Buscando en paralelo: ['snap.PNG'] | timeout=0s | confidence=0.8
2026-06-13 08:19:22 | INFO | my_functions.py:134 | Haciendo click en la posición (386, 123)
2026-06-13 08:19:22 | INFO | my_functions.py:269 | 🖱️ Click OK (En paralelo): snap.PNG at (386, 123) delay=1s
2026-06-13 08:19:28 | INFO | my_functions.py:247 | [DEBUG] Buscando en paralelo: ['end_turn.PNG'] | timeout=0s | confidence=0.8
2026-06-13 08:19:29 | INFO | my_functions.py:281 | [DEBUG] Click skipped, ninguna de las imágenes se encontró en el intento.
2026-06-13 08:19:33 | INFO | my_functions.py:199 | 
✅ Found: end_turn.PNG pos=(682, 946) time=0.64s confidence=0.8
2026-06-13 08:19:33 | INFO | my_functions.py:247 | [DEBUG] Buscando en paralelo: ['snap.PNG'] | timeout=0s | confidence=0.8
2026-06-13 08:19:35 | INFO | my_functions.py:134 | Haciendo click en la posición (386, 123)
2026-06-13 08:19:35 | INFO | my_functions.py:269 | 🖱️ Click OK (En paralelo): snap.PNG at (386, 123) delay=1s
2026-06-13 08:19:42 | INFO | my_functions.py:247 | [DEBUG] Buscando en paralelo: ['end_turn.PNG'] | timeout=0s | confidence=0.8
2026-06-13 08:19:43 | INFO | my_functions.py:134 | Haciendo click en la posición (682, 945)
2026-06-13 08:19:44 | INFO | my_functions.py:269 | 🖱️ Click OK (En paralelo): end_turn.PNG at (682, 945) delay=1s
2026-06-13 08:19:45 | INFO | each_eight_hours.py:165 | End turn executed
2026-06-13 08:19:57 | INFO | my_functions.py:199 | 
✅ Found: end_turn.PNG pos=(681, 945) time=0.65s confidence=0.8
2026-06-13 08:19:57 | INFO | my_functions.py:247 | [DEBUG] Buscando en paralelo: ['snap.PNG'] | timeout=0s | confidence=0.8
2026-06-13 08:19:58 | INFO | my_functions.py:281 | [DEBUG] Click skipped, ninguna de las imágenes se encontró en el intento.
2026-06-13 08:20:04 | INFO | my_functions.py:247 | [DEBUG] Buscando en paralelo: ['end_turn.PNG'] | timeout=0s | confidence=0.8
2026-06-13 08:20:06 | INFO | my_functions.py:134 | Haciendo click en la posición (682, 945)
2026-06-13 08:20:06 | INFO | my_functions.py:269 | 🖱️ Click OK (En paralelo): end_turn.PNG at (682, 945) delay=1s
2026-06-13 08:20:07 | INFO | each_eight_hours.py:165 | End turn executed
2026-06-13 08:20:17 | INFO | my_functions.py:199 | 
✅ Found: end_turn.PNG pos=(681, 945) time=0.66s confidence=0.8
2026-06-13 08:20:17 | INFO | my_functions.py:247 | [DEBUG] Buscando en paralelo: ['snap.PNG'] | timeout=0s | confidence=0.8
2026-06-13 08:20:18 | INFO | my_functions.py:281 | [DEBUG] Click skipped, ninguna de las imágenes se encontró en el intento.
2026-06-13 08:20:24 | INFO | my_functions.py:247 | [DEBUG] Buscando en paralelo: ['end_turn.PNG'] | timeout=0s | confidence=0.8
2026-06-13 08:20:26 | INFO | my_functions.py:134 | Haciendo click en la posición (682, 945)
2026-06-13 08:20:26 | INFO | my_functions.py:269 | 🖱️ Click OK (En paralelo): end_turn.PNG at (682, 945) delay=1s
2026-06-13 08:20:27 | INFO | each_eight_hours.py:165 | End turn executed
2026-06-13 08:20:40 | INFO | my_functions.py:199 | 
✅ Found: end_turn.PNG pos=(681, 945) time=0.7s confidence=0.8
2026-06-13 08:20:40 | INFO | my_functions.py:247 | [DEBUG] Buscando en paralelo: ['snap.PNG'] | timeout=0s | confidence=0.8
2026-06-13 08:20:41 | INFO | my_functions.py:281 | [DEBUG] Click skipped, ninguna de las imágenes se encontró en el intento.
2026-06-13 08:20:47 | INFO | my_functions.py:247 | [DEBUG] Buscando en paralelo: ['end_turn.PNG'] | timeout=0s | confidence=0.8
2026-06-13 08:20:49 | INFO | my_functions.py:134 | Haciendo click en la posición (682, 945)
2026-06-13 08:20:49 | INFO | my_functions.py:269 | 🖱️ Click OK (En paralelo): end_turn.PNG at (682, 945) delay=1s
2026-06-13 08:20:50 | INFO | each_eight_hours.py:165 | End turn executed
2026-06-13 08:21:03 | INFO | my_functions.py:199 | 
✅ Found: end_turn.PNG pos=(681, 945) time=0.64s confidence=0.8
2026-06-13 08:21:03 | INFO | my_functions.py:247 | [DEBUG] Buscando en paralelo: ['snap.PNG'] | timeout=0s | confidence=0.8
2026-06-13 08:21:04 | INFO | my_functions.py:281 | [DEBUG] Click skipped, ninguna de las imágenes se encontró en el intento.
2026-06-13 08:21:11 | INFO | my_functions.py:247 | [DEBUG] Buscando en paralelo: ['end_turn.PNG'] | timeout=0s | confidence=0.8
2026-06-13 08:21:12 | INFO | my_functions.py:134 | Haciendo click en la posición (682, 945)
2026-06-13 08:21:12 | INFO | my_functions.py:269 | 🖱️ Click OK (En paralelo): end_turn.PNG at (682, 945) delay=1s
2026-06-13 08:21:14 | INFO | each_eight_hours.py:165 | End turn executed
2026-06-13 08:21:39 | INFO | my_functions.py:199 | 
✅ Found: end_turn.PNG pos=(681, 945) time=0.65s confidence=0.8
2026-06-13 08:21:39 | INFO | my_functions.py:247 | [DEBUG] Buscando en paralelo: ['snap.PNG'] | timeout=0s | confidence=0.8
2026-06-13 08:21:40 | INFO | my_functions.py:281 | [DEBUG] Click skipped, ninguna de las imágenes se encontró en el intento.
2026-06-13 08:21:46 | INFO | my_functions.py:247 | [DEBUG] Buscando en paralelo: ['end_turn.PNG'] | timeout=0s | confidence=0.8
2026-06-13 08:21:47 | INFO | my_functions.py:281 | [DEBUG] Click skipped, ninguna de las imágenes se encontró en el intento.
2026-06-13 08:21:50 | INFO | my_functions.py:199 | 
✅ Found: flechas.png pos=(42, 912) time=0.84s confidence=0.8
2026-06-13 08:21:52 | INFO | my_functions.py:142 | Presionando ESC (1/1)
2026-06-13 08:21:52 | INFO | my_functions.py:247 | [DEBUG] Buscando en paralelo: ['end_turn.PNG'] | timeout=0s | confidence=0.8
2026-06-13 08:21:54 | INFO | my_functions.py:134 | Haciendo click en la posición (682, 945)
2026-06-13 08:21:54 | INFO | my_functions.py:269 | 🖱️ Click OK (En paralelo): end_turn.PNG at (682, 945) delay=1s
2026-06-13 08:21:55 | WARNING | each_eight_hours.py:202 | Arrow overlay handled
