2026-07-22 08:43:43 | INFO | my_functions.py:56 | ⏳ Esperando WebSocket de OBS...
2026-07-22 08:43:49 | INFO | baseclient.py:33 | Connecting with parameters: host='localhost' port=4455 password='' subs=0 timeout=None
2026-07-22 08:43:49 | INFO | reqs.py:23 | Successfully identified ReqClient with the server using RPC version:1
2026-07-22 08:43:49 | INFO | my_functions.py:62 | ✅ Conectado al OBS WebSocket
2026-07-22 08:43:49 | ERROR | reqs.py:59 | OBSSDKRequestError: Request GetRecordStatus returned code 207. With message: OBS is not ready to perform the request.
Traceback (most recent call last):
  File "C:\Users\Farm\AppData\Local\Programs\Python\Python311\Lib\site-packages\obsws_python\reqs.py", line 53, in send
    raise OBSSDKRequestError(
obsws_python.error.OBSSDKRequestError: Request GetRecordStatus returned code 207. With message: OBS is not ready to perform the request.
2026-07-22 08:43:50 | INFO | my_functions.py:87 | 🎬 Grabación iniciada
2026-07-22 08:43:51 | INFO | each_eight_hours copy.py:118 | snap.exe terminated if it was running
2026-07-22 08:43:51 | INFO | my_functions.py:1545 | ⏱ Esperando 0.1 segundos antes de empezar...
2026-07-22 08:43:51 | INFO | my_functions.py:1552 | 🔍 Esperando ventana que contenga alguna de: ['py', 'eight_hours'] (máx 20s)
2026-07-22 08:43:51 | INFO | my_functions.py:1564 | ✅ Ventana encontrada: 'each_eight_hours copy - Acceso directo'
2026-07-22 08:43:51 | INFO | my_functions.py:1579 | ✅ Ventana seleccionada: 'each_eight_hours copy - Acceso directo'
2026-07-22 08:43:53 | INFO | my_functions.py:1602 | 🔁 Reajuste #1...
2026-07-22 08:43:53 | INFO | my_functions.py:1609 | ✔ Verificación completa. Se hicieron 1 reajustes.
2026-07-22 08:43:53 | INFO | each_eight_hours copy.py:123 | Processing account: robert
2026-07-22 08:43:53 | INFO | my_functions.py:1545 | ⏱ Esperando 0.1 segundos antes de empezar...
2026-07-22 08:43:53 | INFO | my_functions.py:1552 | 🔍 Esperando ventana que contenga alguna de: ['SNAP'] (máx 20s)
2026-07-22 08:44:00 | INFO | my_functions.py:1564 | ✅ Ventana encontrada: 'SNAP'
2026-07-22 08:44:00 | INFO | my_functions.py:1579 | ✅ Ventana seleccionada: 'SNAP'
2026-07-22 08:44:02 | INFO | my_functions.py:1611 | ✔ Verificación completa. No hubo cambios después del primer ajuste.
2026-07-22 08:44:02 | INFO | my_functions.py:1206 | [DEBUG] Resizing SNAP window...
2026-07-22 08:44:02 | INFO | my_functions.py:1545 | ⏱ Esperando 0.1 segundos antes de empezar...
2026-07-22 08:44:02 | INFO | my_functions.py:1552 | 🔍 Esperando ventana que contenga alguna de: ['SNAP'] (máx 20s)
2026-07-22 08:44:02 | INFO | my_functions.py:1564 | ✅ Ventana encontrada: 'SNAP'
2026-07-22 08:44:02 | INFO | my_functions.py:1579 | ✅ Ventana seleccionada: 'SNAP'
2026-07-22 08:44:09 | INFO | my_functions.py:1611 | ✔ Verificación completa. No hubo cambios después del primer ajuste.
2026-07-22 08:44:09 | INFO | my_functions.py:247 | [DEBUG] Buscando en paralelo: ['small_submit.PNG', 'small_submit_hover.png', 'submit_hover_2.png', 'small_submit_hover_2.png'] | timeout=90s | confidence=0.8
2026-07-22 08:45:40 | INFO | my_functions.py:281 | [DEBUG] Click skipped, ninguna de las imágenes se encontró en el intento.
2026-07-22 08:45:41 | INFO | my_functions.py:169 | Searching shop_unselected.PNG (timeout=0s)
2026-07-22 08:45:42 | INFO | my_functions.py:213 | 
⛔ Not found: shop_unselected.PNG after 0.0s region=(0, 0, 765, 1038) confidence=0.8
2026-07-22 08:45:42 | INFO | my_functions.py:247 | [DEBUG] Buscando en paralelo: ['super_premium.PNG'] | timeout=0s | confidence=0.8
2026-07-22 08:45:43 | INFO | my_functions.py:281 | [DEBUG] Click skipped, ninguna de las imágenes se encontró en el intento.
2026-07-22 08:45:44 | INFO | my_functions.py:247 | [DEBUG] Buscando en paralelo: ['maybe_later.PNG'] | timeout=0s | confidence=0.8
2026-07-22 08:45:45 | INFO | my_functions.py:281 | [DEBUG] Click skipped, ninguna de las imágenes se encontró en el intento.
2026-07-22 08:45:46 | INFO | my_functions.py:247 | [DEBUG] Buscando en paralelo: ['maybe_later2.PNG'] | timeout=0s | confidence=0.8
2026-07-22 08:45:47 | INFO | my_functions.py:281 | [DEBUG] Click skipped, ninguna de las imágenes se encontró en el intento.
2026-07-22 08:45:48 | INFO | my_functions.py:169 | Searching go_to_shop.PNG (timeout=0s)
2026-07-22 08:45:49 | INFO | my_functions.py:199 | 
✅ Found: go_to_shop.PNG pos=(275, 827) time=1.73s confidence=0.8
2026-07-22 08:45:52 | INFO | my_functions.py:247 | [DEBUG] Buscando en paralelo: ['white_x.png'] | timeout=20s | confidence=0.8
2026-07-22 08:45:54 | INFO | my_functions.py:134 | Haciendo click en la posición (597, 113)
2026-07-22 08:45:54 | INFO | my_functions.py:269 | 🖱️ Click OK (En paralelo): white_x.png at (597, 113) delay=1s
2026-07-22 08:46:03 | INFO | my_functions.py:169 | Searching shop_unselected.PNG (timeout=0s)
2026-07-22 08:46:04 | INFO | my_functions.py:199 | 
✅ Found: shop_unselected.PNG pos=(88, 961) time=0.72s confidence=0.8
2026-07-22 08:46:04 | INFO | my_functions.py:714 | Ya esta listo
2026-07-22 08:46:04 | INFO | my_functions.py:247 | [DEBUG] Buscando en paralelo: ['nut.png'] | timeout=20s | confidence=0.8
2026-07-22 08:46:06 | INFO | my_functions.py:134 | Haciendo click en la posición (184, 78)
2026-07-22 08:46:06 | INFO | my_functions.py:269 | 🖱️ Click OK (En paralelo): nut.png at (184, 78) delay=1s
2026-07-22 08:46:07 | INFO | my_functions.py:247 | [DEBUG] Buscando en paralelo: ['graphics_quality.png'] | timeout=3s | confidence=0.8
2026-07-22 08:46:09 | INFO | my_functions.py:134 | Haciendo click en la posición (304, 644)
2026-07-22 08:46:09 | INFO | my_functions.py:269 | 🖱️ Click OK (En paralelo): graphics_quality.png at (304, 644) delay=1s
2026-07-22 08:46:11 | INFO | my_functions.py:247 | [DEBUG] Buscando en paralelo: ['sign_out.png'] | timeout=20s | confidence=0.8
2026-07-22 08:46:13 | INFO | my_functions.py:134 | Haciendo click en la posición (380, 796)
2026-07-22 08:46:13 | INFO | my_functions.py:269 | 🖱️ Click OK (En paralelo): sign_out.png at (380, 796) delay=1s
2026-07-22 08:46:15 | INFO | my_functions.py:247 | [DEBUG] Buscando en paralelo: ['sign_out_grande.png'] | timeout=20s | confidence=0.8
2026-07-22 08:46:16 | INFO | my_functions.py:134 | Haciendo click en la posición (359, 437)
2026-07-22 08:46:17 | INFO | my_functions.py:269 | 🖱️ Click OK (En paralelo): sign_out_grande.png at (359, 437) delay=1s
2026-07-22 08:46:18 | INFO | my_functions.py:247 | [DEBUG] Buscando en paralelo: ['sign_out2.png'] | timeout=20s | confidence=0.8
2026-07-22 08:46:19 | INFO | my_functions.py:134 | Haciendo click en la posición (383, 634)
2026-07-22 08:46:20 | INFO | my_functions.py:269 | 🖱️ Click OK (En paralelo): sign_out2.png at (383, 634) delay=1s
2026-07-22 08:46:21 | INFO | my_functions.py:1545 | ⏱ Esperando 0.1 segundos antes de empezar...
2026-07-22 08:46:21 | INFO | my_functions.py:1552 | 🔍 Esperando ventana que contenga alguna de: SNAP (máx 20s)
2026-07-22 08:46:21 | INFO | my_functions.py:1564 | ✅ Ventana encontrada: 'SNAP'
2026-07-22 08:46:21 | INFO | my_functions.py:1579 | ✅ Ventana seleccionada: 'SNAP'
2026-07-22 08:46:23 | INFO | my_functions.py:1602 | 🔁 Reajuste #1...
2026-07-22 08:46:25 | INFO | my_functions.py:1609 | ✔ Verificación completa. Se hicieron 1 reajustes.
2026-07-22 08:46:29 | INFO | my_functions.py:1206 | [DEBUG] Resizing SNAP window...
2026-07-22 08:46:29 | INFO | my_functions.py:1545 | ⏱ Esperando 0.1 segundos antes de empezar...
2026-07-22 08:46:29 | INFO | my_functions.py:1552 | 🔍 Esperando ventana que contenga alguna de: ['SNAP'] (máx 20s)
2026-07-22 08:46:32 | INFO | my_functions.py:1564 | ✅ Ventana encontrada: 'SNAP'
2026-07-22 08:46:32 | INFO | my_functions.py:1579 | ✅ Ventana seleccionada: 'SNAP'
2026-07-22 08:46:39 | INFO | my_functions.py:1611 | ✔ Verificación completa. No hubo cambios después del primer ajuste.
2026-07-22 08:46:39 | INFO | my_functions.py:247 | [DEBUG] Buscando en paralelo: ['small_submit.PNG', 'small_submit_hover.png', 'submit_hover_2.png', 'small_submit_hover_2.png'] | timeout=90s | confidence=0.8
2026-07-22 08:46:47 | INFO | my_functions.py:134 | Haciendo click en la posición (380, 642)
2026-07-22 08:46:48 | INFO | my_functions.py:269 | 🖱️ Click OK (En paralelo): small_submit.PNG at (380, 642) delay=0.2s
2026-07-22 08:46:51 | INFO | my_functions.py:247 | [DEBUG] Buscando en paralelo: ['small_submit.PNG', 'small_submit_hover.png', 'submit_hover_2.png', 'small_submit_hover_2.png'] | timeout=20s | confidence=0.8
2026-07-22 08:46:52 | INFO | my_functions.py:134 | Haciendo click en la posición (380, 721)
2026-07-22 08:46:53 | INFO | my_functions.py:269 | 🖱️ Click OK (En paralelo): small_submit.PNG at (380, 721) delay=0.2s
2026-07-22 08:46:54 | INFO | my_functions.py:1545 | ⏱ Esperando 0.1 segundos antes de empezar...
2026-07-22 08:46:54 | INFO | my_functions.py:1552 | 🔍 Esperando ventana que contenga alguna de: ['SNAP'] (máx 20s)
2026-07-22 08:46:54 | INFO | my_functions.py:1564 | ✅ Ventana encontrada: 'SNAP'
2026-07-22 08:46:54 | INFO | my_functions.py:1579 | ✅ Ventana seleccionada: 'SNAP'
2026-07-22 08:46:56 | INFO | my_functions.py:1602 | 🔁 Reajuste #1...
2026-07-22 08:46:57 | INFO | my_functions.py:1609 | ✔ Verificación completa. Se hicieron 1 reajustes.
2026-07-22 08:46:57 | INFO | my_functions.py:169 | Searching please_sign.png (timeout=0s)
2026-07-22 08:46:57 | INFO | my_functions.py:199 | 
✅ Found: please_sign.png pos=(383, 438) time=0.49s confidence=0.8
2026-07-22 08:46:57 | INFO | my_functions.py:247 | [DEBUG] Buscando en paralelo: ['ok_btn.png'] | timeout=20s | confidence=0.8
2026-07-22 08:46:59 | INFO | my_functions.py:134 | Haciendo click en la posición (382, 634)
2026-07-22 08:46:59 | INFO | my_functions.py:269 | 🖱️ Click OK (En paralelo): ok_btn.png at (382, 634) delay=1s
2026-07-22 08:47:00 | INFO | my_functions.py:247 | [DEBUG] Buscando en paralelo: ['small_submit.PNG', 'small_submit_hover.png', 'submit_hover_2.png', 'small_submit_hover_2.png'] | timeout=30s | confidence=0.8
2026-07-22 08:47:03 | INFO | my_functions.py:134 | Haciendo click en la posición (383, 643)
2026-07-22 08:47:04 | INFO | my_functions.py:269 | 🖱️ Click OK (En paralelo): small_submit_hover_2.png at (383, 643) delay=0.2s
2026-07-22 08:47:05 | INFO | my_functions.py:247 | [DEBUG] Buscando en paralelo: ['small_submit.PNG', 'small_submit_hover.png', 'submit_hover_2.png', 'small_submit_hover_2.png'] | timeout=20s | confidence=0.8
2026-07-22 08:47:06 | INFO | my_functions.py:134 | Haciendo click en la posición (380, 721)
2026-07-22 08:47:06 | INFO | my_functions.py:269 | 🖱️ Click OK (En paralelo): small_submit.PNG at (380, 721) delay=0.2s
2026-07-22 08:47:07 | INFO | my_functions.py:247 | [DEBUG] Buscando en paralelo: ['sign_in_with_google2.PNG'] | timeout=20s | confidence=0.8
2026-07-22 08:47:09 | INFO | my_functions.py:134 | Haciendo click en la posición (406, 957)
2026-07-22 08:47:09 | INFO | my_functions.py:269 | 🖱️ Click OK (En paralelo): sign_in_with_google2.PNG at (406, 957) delay=1s
2026-07-22 08:47:10 | INFO | my_functions.py:169 | Searching pagina_cargada.png (timeout=60s)
2026-07-22 08:47:17 | INFO | my_functions.py:199 | 
✅ Found: pagina_cargada.png pos=(70, 24) time=6.94s confidence=0.8
2026-07-22 08:47:19 | INFO | my_functions.py:247 | [DEBUG] Buscando en paralelo: ['robert.png'] | timeout=0s | confidence=0.8
2026-07-22 08:47:23 | INFO | my_functions.py:134 | Haciendo click en la posición (1152, 794)
2026-07-22 08:47:24 | INFO | my_functions.py:269 | 🖱️ Click OK (En paralelo): robert.png at (1152, 794) delay=3s
2026-07-22 08:47:25 | INFO | my_functions.py:169 | Searching marvelsnap_web.png (timeout=30s)
2026-07-22 08:47:29 | INFO | my_functions.py:199 | 
✅ Found: marvelsnap_web.png pos=(258, 80) time=4.62s confidence=0.7
2026-07-22 08:47:30 | INFO | my_functions.py:169 | Searching shop_unselected.PNG (timeout=0s)
2026-07-22 08:47:31 | INFO | my_functions.py:213 | 
⛔ Not found: shop_unselected.PNG after 0.82s region=(0, 0, 765, 1038) confidence=0.8
2026-07-22 08:47:31 | INFO | my_functions.py:247 | [DEBUG] Buscando en paralelo: ['super_premium.PNG'] | timeout=0s | confidence=0.8
2026-07-22 08:47:32 | INFO | my_functions.py:281 | [DEBUG] Click skipped, ninguna de las imágenes se encontró en el intento.
2026-07-22 08:47:33 | INFO | my_functions.py:247 | [DEBUG] Buscando en paralelo: ['maybe_later.PNG'] | timeout=0s | confidence=0.8
2026-07-22 08:47:34 | INFO | my_functions.py:281 | [DEBUG] Click skipped, ninguna de las imágenes se encontró en el intento.
2026-07-22 08:47:35 | INFO | my_functions.py:247 | [DEBUG] Buscando en paralelo: ['maybe_later2.PNG'] | timeout=0s | confidence=0.8
2026-07-22 08:47:35 | INFO | my_functions.py:281 | [DEBUG] Click skipped, ninguna de las imágenes se encontró en el intento.
2026-07-22 08:47:37 | INFO | my_functions.py:169 | Searching go_to_shop.PNG (timeout=0s)
2026-07-22 08:47:37 | INFO | my_functions.py:213 | 
⛔ Not found: go_to_shop.PNG after 0.0s region=(0, 0, 765, 1038) confidence=0.8
2026-07-22 08:47:37 | INFO | my_functions.py:247 | [DEBUG] Buscando en paralelo: ['14_days_of_winterverse.PNG'] | timeout=0s | confidence=0.8
2026-07-22 08:47:38 | INFO | my_functions.py:281 | [DEBUG] Click skipped, ninguna de las imágenes se encontró en el intento.
2026-07-22 08:47:39 | INFO | my_functions.py:169 | Searching welcome_back_calendar.PNG (timeout=0s)
2026-07-22 08:47:39 | INFO | my_functions.py:213 | 
⛔ Not found: welcome_back_calendar.PNG after 0.0s region=(0, 0, 765, 1038) confidence=0.8
2026-07-22 08:47:39 | INFO | my_functions.py:247 | [DEBUG] Buscando en paralelo: ['start_the_countdown.PNG'] | timeout=0s | confidence=0.8
2026-07-22 08:47:40 | INFO | my_functions.py:281 | [DEBUG] Click skipped, ninguna de las imágenes se encontró en el intento.
2026-07-22 08:47:41 | INFO | my_functions.py:247 | [DEBUG] Buscando en paralelo: ['event_has_ended_sanctum.PNG'] | timeout=0s | confidence=0.8
2026-07-22 08:47:42 | INFO | my_functions.py:281 | [DEBUG] Click skipped, ninguna de las imágenes se encontró en el intento.
2026-07-22 08:47:43 | INFO | my_functions.py:247 | [DEBUG] Buscando en paralelo: ['event_has_ended_teamclash.PNG'] | timeout=0s | confidence=0.8
2026-07-22 08:47:44 | INFO | my_functions.py:281 | [DEBUG] Click skipped, ninguna de las imágenes se encontró en el intento.
2026-07-22 08:47:45 | INFO | my_functions.py:247 | [DEBUG] Buscando en paralelo: ['image_part_of_event_grand_arena_finished.PNG'] | timeout=0s | confidence=0.8
2026-07-22 08:47:45 | INFO | my_functions.py:281 | [DEBUG] Click skipped, ninguna de las imágenes se encontró en el intento.
2026-07-22 08:47:46 | INFO | my_functions.py:169 | Searching 28_day_event_login_rewards.PNG (timeout=0s)
2026-07-22 08:47:47 | INFO | my_functions.py:213 | 
⛔ Not found: 28_day_event_login_rewards.PNG after 0.0s region=(0, 0, 765, 1038) confidence=0.8
2026-07-22 08:47:47 | INFO | my_functions.py:169 | Searching 7_day_event_login.PNG (timeout=0s)
2026-07-22 08:47:48 | INFO | my_functions.py:213 | 
⛔ Not found: 7_day_event_login.PNG after 0.0s region=(0, 0, 765, 1038) confidence=0.8
2026-07-22 08:47:48 | INFO | my_functions.py:169 | Searching 14_days_event.PNG (timeout=0s)
2026-07-22 08:47:48 | INFO | my_functions.py:213 | 
⛔ Not found: 14_days_event.PNG after 0.0s region=(0, 0, 765, 1038) confidence=0.8
2026-07-22 08:47:48 | INFO | my_functions.py:247 | [DEBUG] Buscando en paralelo: ['lets_go.PNG'] | timeout=0s | confidence=0.8
2026-07-22 08:47:49 | INFO | my_functions.py:281 | [DEBUG] Click skipped, ninguna de las imágenes se encontró en el intento.
2026-07-22 08:47:51 | INFO | my_functions.py:169 | Searching shop_unselected.PNG (timeout=0s)
2026-07-22 08:47:51 | INFO | my_functions.py:213 | 
⛔ Not found: shop_unselected.PNG after 0.0s region=(0, 0, 765, 1038) confidence=0.8
2026-07-22 08:47:51 | INFO | my_functions.py:247 | [DEBUG] Buscando en paralelo: ['super_premium.PNG'] | timeout=0s | confidence=0.8
2026-07-22 08:47:52 | INFO | my_functions.py:281 | [DEBUG] Click skipped, ninguna de las imágenes se encontró en el intento.
2026-07-22 08:47:53 | INFO | my_functions.py:247 | [DEBUG] Buscando en paralelo: ['maybe_later.PNG'] | timeout=0s | confidence=0.8
2026-07-22 08:47:54 | INFO | my_functions.py:281 | [DEBUG] Click skipped, ninguna de las imágenes se encontró en el intento.
2026-07-22 08:47:55 | INFO | my_functions.py:247 | [DEBUG] Buscando en paralelo: ['maybe_later2.PNG'] | timeout=0s | confidence=0.8
2026-07-22 08:47:56 | INFO | my_functions.py:281 | [DEBUG] Click skipped, ninguna de las imágenes se encontró en el intento.
2026-07-22 08:47:57 | INFO | my_functions.py:169 | Searching go_to_shop.PNG (timeout=0s)
2026-07-22 08:47:57 | INFO | my_functions.py:199 | 
✅ Found: go_to_shop.PNG pos=(275, 827) time=0.5s confidence=0.8
2026-07-22 08:47:59 | INFO | my_functions.py:247 | [DEBUG] Buscando en paralelo: ['white_x.png'] | timeout=20s | confidence=0.8
2026-07-22 08:48:01 | INFO | my_functions.py:134 | Haciendo click en la posición (597, 113)
2026-07-22 08:48:01 | INFO | my_functions.py:269 | 🖱️ Click OK (En paralelo): white_x.png at (597, 113) delay=1s
2026-07-22 08:48:10 | INFO | my_functions.py:169 | Searching shop_unselected.PNG (timeout=0s)
2026-07-22 08:48:11 | INFO | my_functions.py:199 | 
✅ Found: shop_unselected.PNG pos=(88, 961) time=0.78s confidence=0.8
2026-07-22 08:48:11 | INFO | my_functions.py:714 | Ya esta listo
2026-07-22 08:48:18 | ERROR | each_eight_hours copy.py:314 | Unhandled exception occurred
Traceback (most recent call last):
  File "Z:\SHARED FILES VM\MS\each_eight_hours copy.py", line 138, in <module>
    submissions = count_available_submissions()
                  ^^^^^^^^^^^^^^^^^^^^^^^^^^^^^
  File "Z:\SHARED FILES VM\MS\my_functions.py", line 526, in count_available_submissions
    with open(file_path, 'r', encoding='utf-8-sig') as f:
         ^^^^^^^^^^^^^^^^^^^^^^^^^^^^^^^^^^^^^^^^^^
FileNotFoundError: [Errno 2] No such file or directory: 'C:\\Users\\Farm\\AppData\\LocalLow\\Second Dinner\\SNAP\\Standalone\\States\\nvprod\\MissionState.json'
