2026-06-05 05:47:24 | INFO | each_eight_hours.py:39 | LOG FILE PATH: \\vmware-host\Shared Folders\SHARED FILES VM\MS\logs\each_eight_hours_2026-06-05_05-47-24.log
2026-06-05 05:47:24 | INFO | each_eight_hours.py:40 | Logger initialized
2026-06-05 05:47:24 | INFO | each_eight_hours.py:67 | Script initialized
2026-06-05 05:47:26 | INFO | each_eight_hours.py:128 | snap.exe terminated if it was running
2026-06-05 05:47:26 | INFO | my_functions.py:57 | ⏳ Esperando WebSocket de OBS...
2026-06-05 05:47:37 | INFO | baseclient.py:33 | Connecting with parameters: host='localhost' port=4455 password='' subs=0 timeout=None
2026-06-05 05:47:37 | INFO | reqs.py:23 | Successfully identified ReqClient with the server using RPC version:1
2026-06-05 05:47:37 | INFO | my_functions.py:63 | ✅ Conectado al OBS WebSocket
2026-06-05 05:47:37 | INFO | my_functions.py:88 | 🎬 Grabación iniciada
2026-06-05 05:47:37 | INFO | my_functions.py:1294 | ⏱ Esperando 0.1 segundos antes de empezar...
2026-06-05 05:47:37 | INFO | my_functions.py:1301 | 🔍 Esperando ventana que contenga alguna de: ['py', 'eight_hours'] (máx 20s)
2026-06-05 05:47:37 | INFO | my_functions.py:1313 | ✅ Ventana encontrada: 'each_eight_hours  - Acceso directo'
2026-06-05 05:47:37 | INFO | my_functions.py:1328 | ✅ Ventana seleccionada: 'each_eight_hours  - Acceso directo'
2026-06-05 05:47:39 | INFO | my_functions.py:1351 | 🔁 Reajuste #1...
2026-06-05 05:47:39 | INFO | my_functions.py:1358 | ✔ Verificación completa. Se hicieron 1 reajustes.
2026-06-05 05:48:09 | INFO | my_functions.py:2124 | Starting Steam window scan
2026-06-05 05:48:09 | INFO | my_functions.py:2127 | Found window: 
2026-06-05 05:48:09 | INFO | my_functions.py:2127 | Found window: each_eight_hours  - Acceso directo
2026-06-05 05:48:09 | INFO | my_functions.py:2127 | Found window: 
2026-06-05 05:48:09 | INFO | my_functions.py:2127 | Found window: 
2026-06-05 05:48:09 | INFO | my_functions.py:2127 | Found window: 
2026-06-05 05:48:09 | INFO | my_functions.py:2127 | Found window: 
2026-06-05 05:48:09 | INFO | my_functions.py:2127 | Found window: RivaTunerStatisticsServer
2026-06-05 05:48:09 | INFO | my_functions.py:2127 | Found window: Program Manager
2026-06-05 05:48:09 | INFO | each_eight_hours.py:139 | Processing account: jeremy
2026-06-05 05:48:10 | INFO | each_eight_hours.py:142 | Game relaunched for account
2026-06-05 05:48:10 | INFO | my_functions.py:1294 | ⏱ Esperando 0.1 segundos antes de empezar...
2026-06-05 05:48:10 | INFO | my_functions.py:1301 | 🔍 Esperando ventana que contenga alguna de: ['SNAP'] (máx 20s)
2026-06-05 05:48:15 | INFO | my_functions.py:1313 | ✅ Ventana encontrada: 'SNAP'
2026-06-05 05:48:15 | INFO | my_functions.py:1328 | ✅ Ventana seleccionada: 'SNAP'
2026-06-05 05:48:17 | INFO | my_functions.py:1360 | ✔ Verificación completa. No hubo cambios después del primer ajuste.
2026-06-05 05:48:17 | INFO | my_functions.py:997 | [DEBUG] Resizing SNAP window...
2026-06-05 05:48:17 | INFO | my_functions.py:1294 | ⏱ Esperando 0.1 segundos antes de empezar...
2026-06-05 05:48:17 | INFO | my_functions.py:1301 | 🔍 Esperando ventana que contenga alguna de: ['SNAP'] (máx 20s)
2026-06-05 05:48:17 | INFO | my_functions.py:1313 | ✅ Ventana encontrada: 'SNAP'
2026-06-05 05:48:17 | INFO | my_functions.py:1328 | ✅ Ventana seleccionada: 'SNAP'
2026-06-05 05:48:20 | INFO | my_functions.py:1360 | ✔ Verificación completa. No hubo cambios después del primer ajuste.
2026-06-05 05:48:20 | INFO | my_functions.py:248 | [DEBUG] Buscando en paralelo: ['small_submit.PNG', 'small_submit_hover.png', 'submit_hover_2.png', 'small_submit_hover_2.png'] | timeout=90s | confidence=0.8
2026-06-05 05:48:40 | ERROR | each_eight_hours.py:60 | Uncaught exception
Traceback (most recent call last):
  File "Z:\SHARED FILES VM\MS\each_eight_hours.py", line 149, in <module>
    login(account)
  File "Z:\SHARED FILES VM\MS\my_functions.py", line 1004, in login
    click_any_MS_img([r'images/small_submit.PNG',r'images/small_submit_hover.png', r'images/submit_hover_2.png', r'images/small_submit_hover_2.png'], region=None, delay_click=.2, timeout=90)
  File "Z:\SHARED FILES VM\MS\my_functions.py", line 290, in click_any_MS_img
    time.sleep(0.1)
KeyboardInterrupt
