2026-05-29 06:36:47 | INFO | each_eight_hours.py:39 | LOG FILE PATH: \\vmware-host\Shared Folders\SHARED FILES VM\MS\logs\each_eight_hours_2026-05-29_06-36-47.log
2026-05-29 06:36:47 | INFO | each_eight_hours.py:40 | Logger initialized
2026-05-29 06:36:47 | INFO | each_eight_hours.py:67 | Script initialized
2026-05-29 06:36:49 | INFO | each_eight_hours.py:128 | snap.exe terminated if it was running
2026-05-29 06:36:49 | INFO | my_functions.py:57 | ⏳ Esperando WebSocket de OBS...
2026-05-29 06:36:56 | INFO | baseclient.py:33 | Connecting with parameters: host='localhost' port=4455 password='' subs=0 timeout=None
2026-05-29 06:36:56 | INFO | reqs.py:23 | Successfully identified ReqClient with the server using RPC version:1
2026-05-29 06:36:56 | INFO | my_functions.py:63 | ✅ Conectado al OBS WebSocket
2026-05-29 06:36:56 | ERROR | reqs.py:59 | OBSSDKRequestError: Request GetRecordStatus returned code 207. With message: OBS is not ready to perform the request.
Traceback (most recent call last):
  File "C:\Users\Farm\AppData\Local\Programs\Python\Python311\Lib\site-packages\obsws_python\reqs.py", line 53, in send
    raise OBSSDKRequestError(
obsws_python.error.OBSSDKRequestError: Request GetRecordStatus returned code 207. With message: OBS is not ready to perform the request.
2026-05-29 06:36:57 | INFO | my_functions.py:88 | 🎬 Grabación iniciada
2026-05-29 06:36:57 | INFO | my_functions.py:1261 | ⏱ Esperando 0.1 segundos antes de empezar...
2026-05-29 06:36:57 | INFO | my_functions.py:1268 | 🔍 Esperando ventana que contenga alguna de: ['py', 'eight_hours'] (máx 20s)
2026-05-29 06:36:57 | INFO | my_functions.py:1280 | ✅ Ventana encontrada: 'each_eight_hours  - Acceso directo'
2026-05-29 06:36:57 | INFO | my_functions.py:1295 | ✅ Ventana seleccionada: 'each_eight_hours  - Acceso directo'
2026-05-29 06:36:59 | INFO | my_functions.py:1318 | 🔁 Reajuste #1...
2026-05-29 06:36:59 | INFO | my_functions.py:1325 | ✔ Verificación completa. Se hicieron 1 reajustes.
2026-05-29 06:37:29 | INFO | my_functions.py:2091 | Starting Steam window scan
2026-05-29 06:37:29 | INFO | my_functions.py:2094 | Found window: 
2026-05-29 06:37:29 | INFO | my_functions.py:2094 | Found window: each_eight_hours  - Acceso directo
2026-05-29 06:37:29 | INFO | my_functions.py:2094 | Found window: 
2026-05-29 06:37:29 | INFO | my_functions.py:2094 | Found window: 
2026-05-29 06:37:29 | INFO | my_functions.py:2094 | Found window: 
2026-05-29 06:37:29 | INFO | my_functions.py:2094 | Found window: 
2026-05-29 06:37:29 | INFO | my_functions.py:2094 | Found window: RivaTunerStatisticsServer
2026-05-29 06:37:29 | INFO | my_functions.py:2094 | Found window: Program Manager
2026-05-29 06:37:29 | INFO | each_eight_hours.py:139 | Processing account: jeremy
2026-05-29 06:37:29 | INFO | each_eight_hours.py:142 | Game relaunched for account
2026-05-29 06:37:29 | INFO | my_functions.py:1261 | ⏱ Esperando 0.1 segundos antes de empezar...
2026-05-29 06:37:30 | INFO | my_functions.py:1268 | 🔍 Esperando ventana que contenga alguna de: ['SNAP'] (máx 20s)
2026-05-29 06:37:34 | INFO | my_functions.py:1280 | ✅ Ventana encontrada: 'SNAP'
2026-05-29 06:37:34 | INFO | my_functions.py:1295 | ✅ Ventana seleccionada: 'SNAP'
2026-05-29 06:37:36 | INFO | my_functions.py:1327 | ✔ Verificación completa. No hubo cambios después del primer ajuste.
2026-05-29 06:37:36 | INFO | my_functions.py:966 | [DEBUG] Resizing SNAP window...
2026-05-29 06:37:36 | INFO | my_functions.py:1261 | ⏱ Esperando 0.1 segundos antes de empezar...
2026-05-29 06:37:36 | INFO | my_functions.py:1268 | 🔍 Esperando ventana que contenga alguna de: ['SNAP'] (máx 20s)
2026-05-29 06:37:36 | INFO | my_functions.py:1280 | ✅ Ventana encontrada: 'SNAP'
2026-05-29 06:37:36 | INFO | my_functions.py:1295 | ✅ Ventana seleccionada: 'SNAP'
2026-05-29 06:37:39 | INFO | my_functions.py:1327 | ✔ Verificación completa. No hubo cambios después del primer ajuste.
2026-05-29 06:37:39 | INFO | my_functions.py:224 | [DEBUG] Buscando en paralelo: ['images/small_submit.PNG', 'images/small_submit_hover.png', 'images/submit_hover_2.png', 'images/small_submit_hover_2.png'] | timeout=90s | confidence=0.8
2026-05-29 06:39:09 | INFO | my_functions.py:257 | [DEBUG] Click skipped, ninguna de las imágenes se encontró en el intento.
2026-05-29 06:39:10 | INFO | my_functions.py:224 | [DEBUG] Buscando en paralelo: ['images/small_submit.PNG', 'images/small_submit_hover.png', 'images/submit_hover_2.png', 'images/small_submit_hover_2.png'] | timeout=20s | confidence=0.8
2026-05-29 06:39:31 | INFO | my_functions.py:257 | [DEBUG] Click skipped, ninguna de las imágenes se encontró en el intento.
2026-05-29 06:39:32 | INFO | my_functions.py:1261 | ⏱ Esperando 0.1 segundos antes de empezar...
2026-05-29 06:39:32 | INFO | my_functions.py:1268 | 🔍 Esperando ventana que contenga alguna de: ['SNAP'] (máx 20s)
2026-05-29 06:39:32 | INFO | my_functions.py:1280 | ✅ Ventana encontrada: 'SNAP'
2026-05-29 06:39:32 | INFO | my_functions.py:1295 | ✅ Ventana seleccionada: 'SNAP'
2026-05-29 06:39:35 | INFO | my_functions.py:1327 | ✔ Verificación completa. No hubo cambios después del primer ajuste.
2026-05-29 06:39:35 | INFO | my_functions.py:172 | Searching images/please_sign.png (timeout=0s)
2026-05-29 06:39:35 | INFO | my_functions.py:181 | [ERROR] Exception while searching images/please_sign.png -> Failed to read images/images/please_sign.png because file is missing, has improper permissions, or is an unsupported or invalid format
2026-05-29 06:39:35 | INFO | my_functions.py:172 | Searching images/stages/main_stage/sign_in_with_google2.PNG (timeout=90s)
2026-05-29 06:39:35 | INFO | my_functions.py:181 | [ERROR] Exception while searching images/stages/main_stage/sign_in_with_google2.PNG -> Failed to read images/images/stages/main_stage/sign_in_with_google2.PNG because file is missing, has improper permissions, or is an unsupported or invalid format
2026-05-29 06:39:35 | INFO | my_functions.py:224 | [DEBUG] Buscando en paralelo: ['images/stages/main_stage/sign_in_with_google2.PNG'] | timeout=20s | confidence=0.8
2026-05-29 06:39:55 | INFO | my_functions.py:257 | [DEBUG] Click skipped, ninguna de las imágenes se encontró en el intento.
2026-05-29 06:39:56 | INFO | my_functions.py:224 | [DEBUG] Buscando en paralelo: ['images/accounts/relogin_accounts/gmail_accounts/vm/jeremy.png'] | timeout=30s | confidence=0.8
2026-05-29 06:40:27 | INFO | my_functions.py:257 | [DEBUG] Click skipped, ninguna de las imágenes se encontró en el intento.
2026-05-29 06:40:28 | INFO | my_functions.py:224 | [DEBUG] Buscando en paralelo: ['images/accounts/relogin_accounts/gmail_accounts/vm/jeremy.png'] | timeout=0s | confidence=0.8
2026-05-29 06:40:28 | INFO | my_functions.py:257 | [DEBUG] Click skipped, ninguna de las imágenes se encontró en el intento.
2026-05-29 06:40:30 | INFO | my_functions.py:224 | [DEBUG] Buscando en paralelo: ['images/accounts/relogin_accounts/gmail_accounts/vm/jeremy.png'] | timeout=0s | confidence=0.8
2026-05-29 06:40:30 | INFO | my_functions.py:257 | [DEBUG] Click skipped, ninguna de las imágenes se encontró en el intento.
2026-05-29 06:40:32 | INFO | my_functions.py:224 | [DEBUG] Buscando en paralelo: ['images/accounts/relogin_accounts/gmail_accounts/vm/jeremy.png'] | timeout=0s | confidence=0.8
2026-05-29 06:40:32 | INFO | my_functions.py:257 | [DEBUG] Click skipped, ninguna de las imágenes se encontró en el intento.
2026-05-29 06:40:33 | INFO | my_functions.py:172 | Searching images/marvelsnap_web.png (timeout=30s)
2026-05-29 06:40:33 | INFO | my_functions.py:181 | [ERROR] Exception while searching images/marvelsnap_web.png -> Failed to read images/images/marvelsnap_web.png because file is missing, has improper permissions, or is an unsupported or invalid format
2026-05-29 06:40:33 | INFO | my_functions.py:172 | Searching images/unselected/shop_unselected.PNG (timeout=0s)
2026-05-29 06:40:33 | INFO | my_functions.py:181 | [ERROR] Exception while searching images/unselected/shop_unselected.PNG -> Failed to read images/images/unselected/shop_unselected.PNG because file is missing, has improper permissions, or is an unsupported or invalid format
2026-05-29 06:40:33 | INFO | my_functions.py:224 | [DEBUG] Buscando en paralelo: ['images/super_premium.PNG'] | timeout=0s | confidence=0.8
2026-05-29 06:40:34 | INFO | my_functions.py:257 | [DEBUG] Click skipped, ninguna de las imágenes se encontró en el intento.
2026-05-29 06:40:35 | INFO | my_functions.py:224 | [DEBUG] Buscando en paralelo: ['images/start_screen/maybe_later.PNG'] | timeout=0s | confidence=0.8
2026-05-29 06:40:35 | INFO | my_functions.py:257 | [DEBUG] Click skipped, ninguna de las imágenes se encontró en el intento.
2026-05-29 06:40:36 | INFO | my_functions.py:224 | [DEBUG] Buscando en paralelo: ['images/start_screen/maybe_later2.PNG'] | timeout=0s | confidence=0.8
2026-05-29 06:40:36 | INFO | my_functions.py:257 | [DEBUG] Click skipped, ninguna de las imágenes se encontró en el intento.
2026-05-29 06:40:37 | INFO | my_functions.py:172 | Searching images/start_screen/go_to_shop.PNG (timeout=0s)
2026-05-29 06:40:37 | INFO | my_functions.py:181 | [ERROR] Exception while searching images/start_screen/go_to_shop.PNG -> Failed to read images/images/start_screen/go_to_shop.PNG because file is missing, has improper permissions, or is an unsupported or invalid format
2026-05-29 06:40:37 | INFO | my_functions.py:224 | [DEBUG] Buscando en paralelo: ['images/start_screen/14_days_of_winterverse.PNG'] | timeout=0s | confidence=0.8
2026-05-29 06:40:37 | INFO | my_functions.py:257 | [DEBUG] Click skipped, ninguna de las imágenes se encontró en el intento.
2026-05-29 06:40:38 | INFO | my_functions.py:172 | Searching images/start_screen/welcome_back_calendar.PNG (timeout=0s)
2026-05-29 06:40:38 | INFO | my_functions.py:181 | [ERROR] Exception while searching images/start_screen/welcome_back_calendar.PNG -> Failed to read images/images/start_screen/welcome_back_calendar.PNG because file is missing, has improper permissions, or is an unsupported or invalid format
2026-05-29 06:40:38 | INFO | my_functions.py:224 | [DEBUG] Buscando en paralelo: ['images/start_screen/start_the_countdown.PNG'] | timeout=0s | confidence=0.8
2026-05-29 06:40:38 | INFO | my_functions.py:257 | [DEBUG] Click skipped, ninguna de las imágenes se encontró en el intento.
2026-05-29 06:40:40 | INFO | my_functions.py:224 | [DEBUG] Buscando en paralelo: ['images/start_screen/event_has_ended_sanctum.PNG'] | timeout=0s | confidence=0.8
2026-05-29 06:40:40 | INFO | my_functions.py:257 | [DEBUG] Click skipped, ninguna de las imágenes se encontró en el intento.
2026-05-29 06:40:41 | INFO | my_functions.py:224 | [DEBUG] Buscando en paralelo: ['images/start_screen/image_part_of_event_grand_arena_finished.PNG'] | timeout=0s | confidence=0.8
2026-05-29 06:40:41 | INFO | my_functions.py:257 | [DEBUG] Click skipped, ninguna de las imágenes se encontró en el intento.
2026-05-29 06:40:42 | INFO | my_functions.py:172 | Searching images/start_screen/28_day_event_login_rewards.PNG (timeout=0s)
2026-05-29 06:40:42 | INFO | my_functions.py:181 | [ERROR] Exception while searching images/start_screen/28_day_event_login_rewards.PNG -> Failed to read images/images/start_screen/28_day_event_login_rewards.PNG because file is missing, has improper permissions, or is an unsupported or invalid format
2026-05-29 06:40:42 | INFO | my_functions.py:172 | Searching images/7_day_event_login.PNG (timeout=0s)
2026-05-29 06:40:42 | INFO | my_functions.py:181 | [ERROR] Exception while searching images/7_day_event_login.PNG -> Failed to read images/images/7_day_event_login.PNG because file is missing, has improper permissions, or is an unsupported or invalid format
2026-05-29 06:40:42 | INFO | my_functions.py:172 | Searching images/14_days_event.PNG (timeout=0s)
2026-05-29 06:40:42 | INFO | my_functions.py:181 | [ERROR] Exception while searching images/14_days_event.PNG -> Failed to read images/images/14_days_event.PNG because file is missing, has improper permissions, or is an unsupported or invalid format
2026-05-29 06:40:42 | INFO | my_functions.py:224 | [DEBUG] Buscando en paralelo: ['images/lets_go.PNG'] | timeout=0s | confidence=0.8
2026-05-29 06:40:42 | INFO | my_functions.py:257 | [DEBUG] Click skipped, ninguna de las imágenes se encontró en el intento.
2026-05-29 06:40:44 | INFO | my_functions.py:172 | Searching images/unselected/shop_unselected.PNG (timeout=0s)
2026-05-29 06:40:44 | INFO | my_functions.py:181 | [ERROR] Exception while searching images/unselected/shop_unselected.PNG -> Failed to read images/images/unselected/shop_unselected.PNG because file is missing, has improper permissions, or is an unsupported or invalid format
2026-05-29 06:40:44 | INFO | my_functions.py:224 | [DEBUG] Buscando en paralelo: ['images/super_premium.PNG'] | timeout=0s | confidence=0.8
2026-05-29 06:40:44 | INFO | my_functions.py:257 | [DEBUG] Click skipped, ninguna de las imágenes se encontró en el intento.
2026-05-29 06:40:46 | INFO | my_functions.py:224 | [DEBUG] Buscando en paralelo: ['images/start_screen/maybe_later.PNG'] | timeout=0s | confidence=0.8
2026-05-29 06:40:46 | INFO | my_functions.py:257 | [DEBUG] Click skipped, ninguna de las imágenes se encontró en el intento.
2026-05-29 06:40:47 | INFO | my_functions.py:224 | [DEBUG] Buscando en paralelo: ['images/start_screen/maybe_later2.PNG'] | timeout=0s | confidence=0.8
2026-05-29 06:40:47 | INFO | my_functions.py:257 | [DEBUG] Click skipped, ninguna de las imágenes se encontró en el intento.
2026-05-29 06:40:48 | INFO | my_functions.py:172 | Searching images/start_screen/go_to_shop.PNG (timeout=0s)
2026-05-29 06:40:48 | INFO | my_functions.py:181 | [ERROR] Exception while searching images/start_screen/go_to_shop.PNG -> Failed to read images/images/start_screen/go_to_shop.PNG because file is missing, has improper permissions, or is an unsupported or invalid format
2026-05-29 06:40:48 | INFO | my_functions.py:224 | [DEBUG] Buscando en paralelo: ['images/start_screen/14_days_of_winterverse.PNG'] | timeout=0s | confidence=0.8
2026-05-29 06:40:48 | INFO | my_functions.py:257 | [DEBUG] Click skipped, ninguna de las imágenes se encontró en el intento.
2026-05-29 06:40:49 | INFO | my_functions.py:172 | Searching images/start_screen/welcome_back_calendar.PNG (timeout=0s)
2026-05-29 06:40:49 | INFO | my_functions.py:181 | [ERROR] Exception while searching images/start_screen/welcome_back_calendar.PNG -> Failed to read images/images/start_screen/welcome_back_calendar.PNG because file is missing, has improper permissions, or is an unsupported or invalid format
2026-05-29 06:40:49 | INFO | my_functions.py:224 | [DEBUG] Buscando en paralelo: ['images/start_screen/start_the_countdown.PNG'] | timeout=0s | confidence=0.8
2026-05-29 06:40:49 | INFO | my_functions.py:257 | [DEBUG] Click skipped, ninguna de las imágenes se encontró en el intento.
2026-05-29 06:40:51 | INFO | my_functions.py:224 | [DEBUG] Buscando en paralelo: ['images/start_screen/event_has_ended_sanctum.PNG'] | timeout=0s | confidence=0.8
2026-05-29 06:40:51 | INFO | my_functions.py:257 | [DEBUG] Click skipped, ninguna de las imágenes se encontró en el intento.
2026-05-29 06:40:52 | INFO | my_functions.py:224 | [DEBUG] Buscando en paralelo: ['images/start_screen/image_part_of_event_grand_arena_finished.PNG'] | timeout=0s | confidence=0.8
2026-05-29 06:40:52 | INFO | my_functions.py:257 | [DEBUG] Click skipped, ninguna de las imágenes se encontró en el intento.
2026-05-29 06:40:53 | INFO | my_functions.py:172 | Searching images/start_screen/28_day_event_login_rewards.PNG (timeout=0s)
2026-05-29 06:40:53 | INFO | my_functions.py:181 | [ERROR] Exception while searching images/start_screen/28_day_event_login_rewards.PNG -> Failed to read images/images/start_screen/28_day_event_login_rewards.PNG because file is missing, has improper permissions, or is an unsupported or invalid format
2026-05-29 06:40:53 | INFO | my_functions.py:172 | Searching images/7_day_event_login.PNG (timeout=0s)
2026-05-29 06:40:53 | INFO | my_functions.py:181 | [ERROR] Exception while searching images/7_day_event_login.PNG -> Failed to read images/images/7_day_event_login.PNG because file is missing, has improper permissions, or is an unsupported or invalid format
2026-05-29 06:40:53 | INFO | my_functions.py:172 | Searching images/14_days_event.PNG (timeout=0s)
2026-05-29 06:40:53 | INFO | my_functions.py:181 | [ERROR] Exception while searching images/14_days_event.PNG -> Failed to read images/images/14_days_event.PNG because file is missing, has improper permissions, or is an unsupported or invalid format
2026-05-29 06:40:53 | INFO | my_functions.py:224 | [DEBUG] Buscando en paralelo: ['images/lets_go.PNG'] | timeout=0s | confidence=0.8
2026-05-29 06:40:53 | INFO | my_functions.py:257 | [DEBUG] Click skipped, ninguna de las imágenes se encontró en el intento.
2026-05-29 06:40:55 | INFO | my_functions.py:172 | Searching images/unselected/shop_unselected.PNG (timeout=0s)
2026-05-29 06:40:55 | INFO | my_functions.py:181 | [ERROR] Exception while searching images/unselected/shop_unselected.PNG -> Failed to read images/images/unselected/shop_unselected.PNG because file is missing, has improper permissions, or is an unsupported or invalid format
2026-05-29 06:40:55 | INFO | my_functions.py:224 | [DEBUG] Buscando en paralelo: ['images/super_premium.PNG'] | timeout=0s | confidence=0.8
2026-05-29 06:40:56 | INFO | my_functions.py:257 | [DEBUG] Click skipped, ninguna de las imágenes se encontró en el intento.
2026-05-29 06:40:57 | INFO | my_functions.py:224 | [DEBUG] Buscando en paralelo: ['images/start_screen/maybe_later.PNG'] | timeout=0s | confidence=0.8
2026-05-29 06:40:57 | INFO | my_functions.py:257 | [DEBUG] Click skipped, ninguna de las imágenes se encontró en el intento.
2026-05-29 06:40:58 | INFO | my_functions.py:224 | [DEBUG] Buscando en paralelo: ['images/start_screen/maybe_later2.PNG'] | timeout=0s | confidence=0.8
2026-05-29 06:40:58 | INFO | my_functions.py:257 | [DEBUG] Click skipped, ninguna de las imágenes se encontró en el intento.
2026-05-29 06:40:59 | INFO | my_functions.py:172 | Searching images/start_screen/go_to_shop.PNG (timeout=0s)
2026-05-29 06:40:59 | INFO | my_functions.py:181 | [ERROR] Exception while searching images/start_screen/go_to_shop.PNG -> Failed to read images/images/start_screen/go_to_shop.PNG because file is missing, has improper permissions, or is an unsupported or invalid format
2026-05-29 06:40:59 | INFO | my_functions.py:224 | [DEBUG] Buscando en paralelo: ['images/start_screen/14_days_of_winterverse.PNG'] | timeout=0s | confidence=0.8
2026-05-29 06:40:59 | INFO | my_functions.py:257 | [DEBUG] Click skipped, ninguna de las imágenes se encontró en el intento.
2026-05-29 06:41:00 | INFO | my_functions.py:172 | Searching images/start_screen/welcome_back_calendar.PNG (timeout=0s)
2026-05-29 06:41:00 | INFO | my_functions.py:181 | [ERROR] Exception while searching images/start_screen/welcome_back_calendar.PNG -> Failed to read images/images/start_screen/welcome_back_calendar.PNG because file is missing, has improper permissions, or is an unsupported or invalid format
2026-05-29 06:41:00 | INFO | my_functions.py:224 | [DEBUG] Buscando en paralelo: ['images/start_screen/start_the_countdown.PNG'] | timeout=0s | confidence=0.8
2026-05-29 06:41:00 | INFO | my_functions.py:257 | [DEBUG] Click skipped, ninguna de las imágenes se encontró en el intento.
2026-05-29 06:41:02 | INFO | my_functions.py:224 | [DEBUG] Buscando en paralelo: ['images/start_screen/event_has_ended_sanctum.PNG'] | timeout=0s | confidence=0.8
2026-05-29 06:41:02 | INFO | my_functions.py:257 | [DEBUG] Click skipped, ninguna de las imágenes se encontró en el intento.
2026-05-29 06:41:03 | INFO | my_functions.py:224 | [DEBUG] Buscando en paralelo: ['images/start_screen/image_part_of_event_grand_arena_finished.PNG'] | timeout=0s | confidence=0.8
2026-05-29 06:41:03 | INFO | my_functions.py:257 | [DEBUG] Click skipped, ninguna de las imágenes se encontró en el intento.
2026-05-29 06:41:04 | INFO | my_functions.py:172 | Searching images/start_screen/28_day_event_login_rewards.PNG (timeout=0s)
2026-05-29 06:41:04 | INFO | my_functions.py:181 | [ERROR] Exception while searching images/start_screen/28_day_event_login_rewards.PNG -> Failed to read images/images/start_screen/28_day_event_login_rewards.PNG because file is missing, has improper permissions, or is an unsupported or invalid format
2026-05-29 06:41:04 | INFO | my_functions.py:172 | Searching images/7_day_event_login.PNG (timeout=0s)
2026-05-29 06:41:04 | INFO | my_functions.py:181 | [ERROR] Exception while searching images/7_day_event_login.PNG -> Failed to read images/images/7_day_event_login.PNG because file is missing, has improper permissions, or is an unsupported or invalid format
2026-05-29 06:41:04 | INFO | my_functions.py:172 | Searching images/14_days_event.PNG (timeout=0s)
2026-05-29 06:41:04 | INFO | my_functions.py:181 | [ERROR] Exception while searching images/14_days_event.PNG -> Failed to read images/images/14_days_event.PNG because file is missing, has improper permissions, or is an unsupported or invalid format
2026-05-29 06:41:04 | INFO | my_functions.py:224 | [DEBUG] Buscando en paralelo: ['images/lets_go.PNG'] | timeout=0s | confidence=0.8
2026-05-29 06:41:04 | INFO | my_functions.py:257 | [DEBUG] Click skipped, ninguna de las imágenes se encontró en el intento.
2026-05-29 06:41:06 | INFO | my_functions.py:172 | Searching images/unselected/shop_unselected.PNG (timeout=0s)
2026-05-29 06:41:07 | INFO | my_functions.py:181 | [ERROR] Exception while searching images/unselected/shop_unselected.PNG -> Failed to read images/images/unselected/shop_unselected.PNG because file is missing, has improper permissions, or is an unsupported or invalid format
2026-05-29 06:41:07 | INFO | my_functions.py:224 | [DEBUG] Buscando en paralelo: ['images/super_premium.PNG'] | timeout=0s | confidence=0.8
2026-05-29 06:41:07 | INFO | my_functions.py:257 | [DEBUG] Click skipped, ninguna de las imágenes se encontró en el intento.
2026-05-29 06:41:08 | INFO | my_functions.py:224 | [DEBUG] Buscando en paralelo: ['images/start_screen/maybe_later.PNG'] | timeout=0s | confidence=0.8
2026-05-29 06:41:08 | INFO | my_functions.py:257 | [DEBUG] Click skipped, ninguna de las imágenes se encontró en el intento.
2026-05-29 06:41:09 | INFO | my_functions.py:224 | [DEBUG] Buscando en paralelo: ['images/start_screen/maybe_later2.PNG'] | timeout=0s | confidence=0.8
2026-05-29 06:41:09 | INFO | my_functions.py:257 | [DEBUG] Click skipped, ninguna de las imágenes se encontró en el intento.
2026-05-29 06:41:10 | INFO | my_functions.py:172 | Searching images/start_screen/go_to_shop.PNG (timeout=0s)
2026-05-29 06:41:10 | INFO | my_functions.py:181 | [ERROR] Exception while searching images/start_screen/go_to_shop.PNG -> Failed to read images/images/start_screen/go_to_shop.PNG because file is missing, has improper permissions, or is an unsupported or invalid format
2026-05-29 06:41:10 | INFO | my_functions.py:224 | [DEBUG] Buscando en paralelo: ['images/start_screen/14_days_of_winterverse.PNG'] | timeout=0s | confidence=0.8
2026-05-29 06:41:10 | INFO | my_functions.py:257 | [DEBUG] Click skipped, ninguna de las imágenes se encontró en el intento.
2026-05-29 06:41:11 | INFO | my_functions.py:172 | Searching images/start_screen/welcome_back_calendar.PNG (timeout=0s)
2026-05-29 06:41:11 | INFO | my_functions.py:181 | [ERROR] Exception while searching images/start_screen/welcome_back_calendar.PNG -> Failed to read images/images/start_screen/welcome_back_calendar.PNG because file is missing, has improper permissions, or is an unsupported or invalid format
2026-05-29 06:41:11 | INFO | my_functions.py:224 | [DEBUG] Buscando en paralelo: ['images/start_screen/start_the_countdown.PNG'] | timeout=0s | confidence=0.8
2026-05-29 06:41:12 | INFO | my_functions.py:257 | [DEBUG] Click skipped, ninguna de las imágenes se encontró en el intento.
2026-05-29 06:41:13 | INFO | my_functions.py:224 | [DEBUG] Buscando en paralelo: ['images/start_screen/event_has_ended_sanctum.PNG'] | timeout=0s | confidence=0.8
2026-05-29 06:41:13 | INFO | my_functions.py:257 | [DEBUG] Click skipped, ninguna de las imágenes se encontró en el intento.
2026-05-29 06:41:14 | INFO | my_functions.py:224 | [DEBUG] Buscando en paralelo: ['images/start_screen/image_part_of_event_grand_arena_finished.PNG'] | timeout=0s | confidence=0.8
2026-05-29 06:41:14 | INFO | my_functions.py:257 | [DEBUG] Click skipped, ninguna de las imágenes se encontró en el intento.
2026-05-29 06:41:15 | INFO | my_functions.py:172 | Searching images/start_screen/28_day_event_login_rewards.PNG (timeout=0s)
2026-05-29 06:41:15 | INFO | my_functions.py:181 | [ERROR] Exception while searching images/start_screen/28_day_event_login_rewards.PNG -> Failed to read images/images/start_screen/28_day_event_login_rewards.PNG because file is missing, has improper permissions, or is an unsupported or invalid format
2026-05-29 06:41:15 | INFO | my_functions.py:172 | Searching images/7_day_event_login.PNG (timeout=0s)
2026-05-29 06:41:15 | INFO | my_functions.py:181 | [ERROR] Exception while searching images/7_day_event_login.PNG -> Failed to read images/images/7_day_event_login.PNG because file is missing, has improper permissions, or is an unsupported or invalid format
2026-05-29 06:41:15 | INFO | my_functions.py:172 | Searching images/14_days_event.PNG (timeout=0s)
2026-05-29 06:41:15 | INFO | my_functions.py:181 | [ERROR] Exception while searching images/14_days_event.PNG -> Failed to read images/images/14_days_event.PNG because file is missing, has improper permissions, or is an unsupported or invalid format
2026-05-29 06:41:15 | INFO | my_functions.py:224 | [DEBUG] Buscando en paralelo: ['images/lets_go.PNG'] | timeout=0s | confidence=0.8
2026-05-29 06:41:15 | INFO | my_functions.py:257 | [DEBUG] Click skipped, ninguna de las imágenes se encontró en el intento.
2026-05-29 06:41:17 | INFO | my_functions.py:172 | Searching images/unselected/shop_unselected.PNG (timeout=0s)
2026-05-29 06:41:18 | INFO | my_functions.py:181 | [ERROR] Exception while searching images/unselected/shop_unselected.PNG -> Failed to read images/images/unselected/shop_unselected.PNG because file is missing, has improper permissions, or is an unsupported or invalid format
2026-05-29 06:41:18 | INFO | my_functions.py:224 | [DEBUG] Buscando en paralelo: ['images/super_premium.PNG'] | timeout=0s | confidence=0.8
2026-05-29 06:41:18 | INFO | my_functions.py:257 | [DEBUG] Click skipped, ninguna de las imágenes se encontró en el intento.
2026-05-29 06:41:19 | INFO | my_functions.py:224 | [DEBUG] Buscando en paralelo: ['images/start_screen/maybe_later.PNG'] | timeout=0s | confidence=0.8
2026-05-29 06:41:19 | INFO | my_functions.py:257 | [DEBUG] Click skipped, ninguna de las imágenes se encontró en el intento.
2026-05-29 06:41:20 | INFO | my_functions.py:224 | [DEBUG] Buscando en paralelo: ['images/start_screen/maybe_later2.PNG'] | timeout=0s | confidence=0.8
2026-05-29 06:41:20 | INFO | my_functions.py:257 | [DEBUG] Click skipped, ninguna de las imágenes se encontró en el intento.
2026-05-29 06:41:21 | INFO | my_functions.py:172 | Searching images/start_screen/go_to_shop.PNG (timeout=0s)
2026-05-29 06:41:21 | INFO | my_functions.py:181 | [ERROR] Exception while searching images/start_screen/go_to_shop.PNG -> Failed to read images/images/start_screen/go_to_shop.PNG because file is missing, has improper permissions, or is an unsupported or invalid format
2026-05-29 06:41:21 | INFO | my_functions.py:224 | [DEBUG] Buscando en paralelo: ['images/start_screen/14_days_of_winterverse.PNG'] | timeout=0s | confidence=0.8
2026-05-29 06:41:21 | INFO | my_functions.py:257 | [DEBUG] Click skipped, ninguna de las imágenes se encontró en el intento.
2026-05-29 06:41:22 | INFO | my_functions.py:172 | Searching images/start_screen/welcome_back_calendar.PNG (timeout=0s)
2026-05-29 06:41:22 | INFO | my_functions.py:181 | [ERROR] Exception while searching images/start_screen/welcome_back_calendar.PNG -> Failed to read images/images/start_screen/welcome_back_calendar.PNG because file is missing, has improper permissions, or is an unsupported or invalid format
2026-05-29 06:41:22 | INFO | my_functions.py:224 | [DEBUG] Buscando en paralelo: ['images/start_screen/start_the_countdown.PNG'] | timeout=0s | confidence=0.8
2026-05-29 06:41:23 | INFO | my_functions.py:257 | [DEBUG] Click skipped, ninguna de las imágenes se encontró en el intento.
2026-05-29 06:41:24 | INFO | my_functions.py:224 | [DEBUG] Buscando en paralelo: ['images/start_screen/event_has_ended_sanctum.PNG'] | timeout=0s | confidence=0.8
2026-05-29 06:41:24 | INFO | my_functions.py:257 | [DEBUG] Click skipped, ninguna de las imágenes se encontró en el intento.
2026-05-29 06:41:25 | INFO | my_functions.py:224 | [DEBUG] Buscando en paralelo: ['images/start_screen/image_part_of_event_grand_arena_finished.PNG'] | timeout=0s | confidence=0.8
2026-05-29 06:41:25 | INFO | my_functions.py:257 | [DEBUG] Click skipped, ninguna de las imágenes se encontró en el intento.
2026-05-29 06:41:26 | INFO | my_functions.py:172 | Searching images/start_screen/28_day_event_login_rewards.PNG (timeout=0s)
2026-05-29 06:41:26 | INFO | my_functions.py:181 | [ERROR] Exception while searching images/start_screen/28_day_event_login_rewards.PNG -> Failed to read images/images/start_screen/28_day_event_login_rewards.PNG because file is missing, has improper permissions, or is an unsupported or invalid format
2026-05-29 06:41:26 | INFO | my_functions.py:172 | Searching images/7_day_event_login.PNG (timeout=0s)
2026-05-29 06:41:26 | INFO | my_functions.py:181 | [ERROR] Exception while searching images/7_day_event_login.PNG -> Failed to read images/images/7_day_event_login.PNG because file is missing, has improper permissions, or is an unsupported or invalid format
2026-05-29 06:41:26 | INFO | my_functions.py:172 | Searching images/14_days_event.PNG (timeout=0s)
2026-05-29 06:41:26 | INFO | my_functions.py:181 | [ERROR] Exception while searching images/14_days_event.PNG -> Failed to read images/images/14_days_event.PNG because file is missing, has improper permissions, or is an unsupported or invalid format
2026-05-29 06:41:26 | INFO | my_functions.py:224 | [DEBUG] Buscando en paralelo: ['images/lets_go.PNG'] | timeout=0s | confidence=0.8
2026-05-29 06:41:26 | INFO | my_functions.py:257 | [DEBUG] Click skipped, ninguna de las imágenes se encontró en el intento.
2026-05-29 06:41:28 | INFO | my_functions.py:172 | Searching images/unselected/shop_unselected.PNG (timeout=0s)
2026-05-29 06:41:29 | INFO | my_functions.py:181 | [ERROR] Exception while searching images/unselected/shop_unselected.PNG -> Failed to read images/images/unselected/shop_unselected.PNG because file is missing, has improper permissions, or is an unsupported or invalid format
2026-05-29 06:41:29 | INFO | my_functions.py:224 | [DEBUG] Buscando en paralelo: ['images/super_premium.PNG'] | timeout=0s | confidence=0.8
2026-05-29 06:41:29 | INFO | my_functions.py:257 | [DEBUG] Click skipped, ninguna de las imágenes se encontró en el intento.
2026-05-29 06:41:30 | INFO | my_functions.py:224 | [DEBUG] Buscando en paralelo: ['images/start_screen/maybe_later.PNG'] | timeout=0s | confidence=0.8
2026-05-29 06:41:30 | INFO | my_functions.py:257 | [DEBUG] Click skipped, ninguna de las imágenes se encontró en el intento.
2026-05-29 06:41:31 | INFO | my_functions.py:224 | [DEBUG] Buscando en paralelo: ['images/start_screen/maybe_later2.PNG'] | timeout=0s | confidence=0.8
2026-05-29 06:41:31 | INFO | my_functions.py:257 | [DEBUG] Click skipped, ninguna de las imágenes se encontró en el intento.
2026-05-29 06:41:32 | INFO | my_functions.py:172 | Searching images/start_screen/go_to_shop.PNG (timeout=0s)
2026-05-29 06:41:32 | INFO | my_functions.py:181 | [ERROR] Exception while searching images/start_screen/go_to_shop.PNG -> Failed to read images/images/start_screen/go_to_shop.PNG because file is missing, has improper permissions, or is an unsupported or invalid format
2026-05-29 06:41:32 | INFO | my_functions.py:224 | [DEBUG] Buscando en paralelo: ['images/start_screen/14_days_of_winterverse.PNG'] | timeout=0s | confidence=0.8
2026-05-29 06:41:32 | INFO | my_functions.py:257 | [DEBUG] Click skipped, ninguna de las imágenes se encontró en el intento.
2026-05-29 06:41:33 | INFO | my_functions.py:172 | Searching images/start_screen/welcome_back_calendar.PNG (timeout=0s)
2026-05-29 06:41:33 | INFO | my_functions.py:181 | [ERROR] Exception while searching images/start_screen/welcome_back_calendar.PNG -> Failed to read images/images/start_screen/welcome_back_calendar.PNG because file is missing, has improper permissions, or is an unsupported or invalid format
2026-05-29 06:41:33 | INFO | my_functions.py:224 | [DEBUG] Buscando en paralelo: ['images/start_screen/start_the_countdown.PNG'] | timeout=0s | confidence=0.8
2026-05-29 06:41:34 | INFO | my_functions.py:257 | [DEBUG] Click skipped, ninguna de las imágenes se encontró en el intento.
2026-05-29 06:41:35 | INFO | my_functions.py:224 | [DEBUG] Buscando en paralelo: ['images/start_screen/event_has_ended_sanctum.PNG'] | timeout=0s | confidence=0.8
2026-05-29 06:41:35 | INFO | my_functions.py:257 | [DEBUG] Click skipped, ninguna de las imágenes se encontró en el intento.
2026-05-29 06:41:36 | INFO | my_functions.py:224 | [DEBUG] Buscando en paralelo: ['images/start_screen/image_part_of_event_grand_arena_finished.PNG'] | timeout=0s | confidence=0.8
2026-05-29 06:41:36 | INFO | my_functions.py:257 | [DEBUG] Click skipped, ninguna de las imágenes se encontró en el intento.
2026-05-29 06:41:37 | INFO | my_functions.py:172 | Searching images/start_screen/28_day_event_login_rewards.PNG (timeout=0s)
2026-05-29 06:41:37 | INFO | my_functions.py:181 | [ERROR] Exception while searching images/start_screen/28_day_event_login_rewards.PNG -> Failed to read images/images/start_screen/28_day_event_login_rewards.PNG because file is missing, has improper permissions, or is an unsupported or invalid format
2026-05-29 06:41:37 | INFO | my_functions.py:172 | Searching images/7_day_event_login.PNG (timeout=0s)
2026-05-29 06:41:37 | INFO | my_functions.py:181 | [ERROR] Exception while searching images/7_day_event_login.PNG -> Failed to read images/images/7_day_event_login.PNG because file is missing, has improper permissions, or is an unsupported or invalid format
2026-05-29 06:41:37 | INFO | my_functions.py:172 | Searching images/14_days_event.PNG (timeout=0s)
2026-05-29 06:41:37 | INFO | my_functions.py:181 | [ERROR] Exception while searching images/14_days_event.PNG -> Failed to read images/images/14_days_event.PNG because file is missing, has improper permissions, or is an unsupported or invalid format
2026-05-29 06:41:37 | INFO | my_functions.py:224 | [DEBUG] Buscando en paralelo: ['images/lets_go.PNG'] | timeout=0s | confidence=0.8
2026-05-29 06:41:37 | INFO | my_functions.py:257 | [DEBUG] Click skipped, ninguna de las imágenes se encontró en el intento.
2026-05-29 06:41:39 | INFO | my_functions.py:172 | Searching images/unselected/shop_unselected.PNG (timeout=0s)
2026-05-29 06:41:40 | INFO | my_functions.py:181 | [ERROR] Exception while searching images/unselected/shop_unselected.PNG -> Failed to read images/images/unselected/shop_unselected.PNG because file is missing, has improper permissions, or is an unsupported or invalid format
2026-05-29 06:41:40 | INFO | my_functions.py:224 | [DEBUG] Buscando en paralelo: ['images/super_premium.PNG'] | timeout=0s | confidence=0.8
2026-05-29 06:41:40 | INFO | my_functions.py:257 | [DEBUG] Click skipped, ninguna de las imágenes se encontró en el intento.
2026-05-29 06:41:41 | INFO | my_functions.py:224 | [DEBUG] Buscando en paralelo: ['images/start_screen/maybe_later.PNG'] | timeout=0s | confidence=0.8
2026-05-29 06:41:41 | INFO | my_functions.py:257 | [DEBUG] Click skipped, ninguna de las imágenes se encontró en el intento.
2026-05-29 06:41:42 | INFO | my_functions.py:224 | [DEBUG] Buscando en paralelo: ['images/start_screen/maybe_later2.PNG'] | timeout=0s | confidence=0.8
2026-05-29 06:41:42 | INFO | my_functions.py:257 | [DEBUG] Click skipped, ninguna de las imágenes se encontró en el intento.
2026-05-29 06:41:43 | INFO | my_functions.py:172 | Searching images/start_screen/go_to_shop.PNG (timeout=0s)
2026-05-29 06:41:43 | INFO | my_functions.py:181 | [ERROR] Exception while searching images/start_screen/go_to_shop.PNG -> Failed to read images/images/start_screen/go_to_shop.PNG because file is missing, has improper permissions, or is an unsupported or invalid format
2026-05-29 06:41:43 | INFO | my_functions.py:224 | [DEBUG] Buscando en paralelo: ['images/start_screen/14_days_of_winterverse.PNG'] | timeout=0s | confidence=0.8
2026-05-29 06:41:43 | INFO | my_functions.py:257 | [DEBUG] Click skipped, ninguna de las imágenes se encontró en el intento.
2026-05-29 06:41:44 | INFO | my_functions.py:172 | Searching images/start_screen/welcome_back_calendar.PNG (timeout=0s)
2026-05-29 06:41:44 | INFO | my_functions.py:181 | [ERROR] Exception while searching images/start_screen/welcome_back_calendar.PNG -> Failed to read images/images/start_screen/welcome_back_calendar.PNG because file is missing, has improper permissions, or is an unsupported or invalid format
2026-05-29 06:41:44 | INFO | my_functions.py:224 | [DEBUG] Buscando en paralelo: ['images/start_screen/start_the_countdown.PNG'] | timeout=0s | confidence=0.8
2026-05-29 06:41:44 | INFO | my_functions.py:257 | [DEBUG] Click skipped, ninguna de las imágenes se encontró en el intento.
2026-05-29 06:41:46 | INFO | my_functions.py:224 | [DEBUG] Buscando en paralelo: ['images/start_screen/event_has_ended_sanctum.PNG'] | timeout=0s | confidence=0.8
2026-05-29 06:41:46 | INFO | my_functions.py:257 | [DEBUG] Click skipped, ninguna de las imágenes se encontró en el intento.
2026-05-29 06:41:47 | INFO | my_functions.py:224 | [DEBUG] Buscando en paralelo: ['images/start_screen/image_part_of_event_grand_arena_finished.PNG'] | timeout=0s | confidence=0.8
2026-05-29 06:41:47 | INFO | my_functions.py:257 | [DEBUG] Click skipped, ninguna de las imágenes se encontró en el intento.
2026-05-29 06:41:48 | INFO | my_functions.py:172 | Searching images/start_screen/28_day_event_login_rewards.PNG (timeout=0s)
2026-05-29 06:41:48 | INFO | my_functions.py:181 | [ERROR] Exception while searching images/start_screen/28_day_event_login_rewards.PNG -> Failed to read images/images/start_screen/28_day_event_login_rewards.PNG because file is missing, has improper permissions, or is an unsupported or invalid format
2026-05-29 06:41:48 | INFO | my_functions.py:172 | Searching images/7_day_event_login.PNG (timeout=0s)
2026-05-29 06:41:48 | INFO | my_functions.py:181 | [ERROR] Exception while searching images/7_day_event_login.PNG -> Failed to read images/images/7_day_event_login.PNG because file is missing, has improper permissions, or is an unsupported or invalid format
2026-05-29 06:41:48 | INFO | my_functions.py:172 | Searching images/14_days_event.PNG (timeout=0s)
2026-05-29 06:41:48 | INFO | my_functions.py:181 | [ERROR] Exception while searching images/14_days_event.PNG -> Failed to read images/images/14_days_event.PNG because file is missing, has improper permissions, or is an unsupported or invalid format
2026-05-29 06:41:48 | INFO | my_functions.py:224 | [DEBUG] Buscando en paralelo: ['images/lets_go.PNG'] | timeout=0s | confidence=0.8
2026-05-29 06:41:48 | INFO | my_functions.py:257 | [DEBUG] Click skipped, ninguna de las imágenes se encontró en el intento.
2026-05-29 06:41:50 | INFO | my_functions.py:172 | Searching images/unselected/shop_unselected.PNG (timeout=0s)
2026-05-29 06:41:51 | INFO | my_functions.py:181 | [ERROR] Exception while searching images/unselected/shop_unselected.PNG -> Failed to read images/images/unselected/shop_unselected.PNG because file is missing, has improper permissions, or is an unsupported or invalid format
2026-05-29 06:41:51 | INFO | my_functions.py:224 | [DEBUG] Buscando en paralelo: ['images/super_premium.PNG'] | timeout=0s | confidence=0.8
2026-05-29 06:41:51 | INFO | my_functions.py:257 | [DEBUG] Click skipped, ninguna de las imágenes se encontró en el intento.
2026-05-29 06:41:52 | INFO | my_functions.py:224 | [DEBUG] Buscando en paralelo: ['images/start_screen/maybe_later.PNG'] | timeout=0s | confidence=0.8
2026-05-29 06:41:52 | INFO | my_functions.py:257 | [DEBUG] Click skipped, ninguna de las imágenes se encontró en el intento.
2026-05-29 06:41:53 | INFO | my_functions.py:224 | [DEBUG] Buscando en paralelo: ['images/start_screen/maybe_later2.PNG'] | timeout=0s | confidence=0.8
2026-05-29 06:41:53 | INFO | my_functions.py:257 | [DEBUG] Click skipped, ninguna de las imágenes se encontró en el intento.
2026-05-29 06:41:54 | INFO | my_functions.py:172 | Searching images/start_screen/go_to_shop.PNG (timeout=0s)
2026-05-29 06:41:54 | INFO | my_functions.py:181 | [ERROR] Exception while searching images/start_screen/go_to_shop.PNG -> Failed to read images/images/start_screen/go_to_shop.PNG because file is missing, has improper permissions, or is an unsupported or invalid format
2026-05-29 06:41:54 | INFO | my_functions.py:224 | [DEBUG] Buscando en paralelo: ['images/start_screen/14_days_of_winterverse.PNG'] | timeout=0s | confidence=0.8
2026-05-29 06:41:54 | INFO | my_functions.py:257 | [DEBUG] Click skipped, ninguna de las imágenes se encontró en el intento.
2026-05-29 06:41:55 | INFO | my_functions.py:172 | Searching images/start_screen/welcome_back_calendar.PNG (timeout=0s)
2026-05-29 06:41:55 | INFO | my_functions.py:181 | [ERROR] Exception while searching images/start_screen/welcome_back_calendar.PNG -> Failed to read images/images/start_screen/welcome_back_calendar.PNG because file is missing, has improper permissions, or is an unsupported or invalid format
2026-05-29 06:41:55 | INFO | my_functions.py:224 | [DEBUG] Buscando en paralelo: ['images/start_screen/start_the_countdown.PNG'] | timeout=0s | confidence=0.8
2026-05-29 06:41:56 | INFO | my_functions.py:257 | [DEBUG] Click skipped, ninguna de las imágenes se encontró en el intento.
2026-05-29 06:41:57 | INFO | my_functions.py:224 | [DEBUG] Buscando en paralelo: ['images/start_screen/event_has_ended_sanctum.PNG'] | timeout=0s | confidence=0.8
2026-05-29 06:41:57 | INFO | my_functions.py:257 | [DEBUG] Click skipped, ninguna de las imágenes se encontró en el intento.
2026-05-29 06:41:58 | INFO | my_functions.py:224 | [DEBUG] Buscando en paralelo: ['images/start_screen/image_part_of_event_grand_arena_finished.PNG'] | timeout=0s | confidence=0.8
2026-05-29 06:41:58 | INFO | my_functions.py:257 | [DEBUG] Click skipped, ninguna de las imágenes se encontró en el intento.
2026-05-29 06:41:59 | INFO | my_functions.py:172 | Searching images/start_screen/28_day_event_login_rewards.PNG (timeout=0s)
2026-05-29 06:41:59 | INFO | my_functions.py:181 | [ERROR] Exception while searching images/start_screen/28_day_event_login_rewards.PNG -> Failed to read images/images/start_screen/28_day_event_login_rewards.PNG because file is missing, has improper permissions, or is an unsupported or invalid format
2026-05-29 06:41:59 | INFO | my_functions.py:172 | Searching images/7_day_event_login.PNG (timeout=0s)
2026-05-29 06:41:59 | INFO | my_functions.py:181 | [ERROR] Exception while searching images/7_day_event_login.PNG -> Failed to read images/images/7_day_event_login.PNG because file is missing, has improper permissions, or is an unsupported or invalid format
2026-05-29 06:41:59 | INFO | my_functions.py:172 | Searching images/14_days_event.PNG (timeout=0s)
2026-05-29 06:41:59 | INFO | my_functions.py:181 | [ERROR] Exception while searching images/14_days_event.PNG -> Failed to read images/images/14_days_event.PNG because file is missing, has improper permissions, or is an unsupported or invalid format
2026-05-29 06:41:59 | INFO | my_functions.py:224 | [DEBUG] Buscando en paralelo: ['images/lets_go.PNG'] | timeout=0s | confidence=0.8
2026-05-29 06:41:59 | INFO | my_functions.py:257 | [DEBUG] Click skipped, ninguna de las imágenes se encontró en el intento.
2026-05-29 06:42:01 | INFO | my_functions.py:172 | Searching images/unselected/shop_unselected.PNG (timeout=0s)
2026-05-29 06:42:01 | INFO | my_functions.py:181 | [ERROR] Exception while searching images/unselected/shop_unselected.PNG -> Failed to read images/images/unselected/shop_unselected.PNG because file is missing, has improper permissions, or is an unsupported or invalid format
2026-05-29 06:42:01 | INFO | my_functions.py:224 | [DEBUG] Buscando en paralelo: ['images/super_premium.PNG'] | timeout=0s | confidence=0.8
2026-05-29 06:42:02 | INFO | my_functions.py:257 | [DEBUG] Click skipped, ninguna de las imágenes se encontró en el intento.
2026-05-29 06:42:03 | INFO | my_functions.py:224 | [DEBUG] Buscando en paralelo: ['images/start_screen/maybe_later.PNG'] | timeout=0s | confidence=0.8
2026-05-29 06:42:03 | INFO | my_functions.py:257 | [DEBUG] Click skipped, ninguna de las imágenes se encontró en el intento.
2026-05-29 06:42:04 | INFO | my_functions.py:224 | [DEBUG] Buscando en paralelo: ['images/start_screen/maybe_later2.PNG'] | timeout=0s | confidence=0.8
2026-05-29 06:42:04 | INFO | my_functions.py:257 | [DEBUG] Click skipped, ninguna de las imágenes se encontró en el intento.
2026-05-29 06:42:05 | INFO | my_functions.py:172 | Searching images/start_screen/go_to_shop.PNG (timeout=0s)
2026-05-29 06:42:05 | INFO | my_functions.py:181 | [ERROR] Exception while searching images/start_screen/go_to_shop.PNG -> Failed to read images/images/start_screen/go_to_shop.PNG because file is missing, has improper permissions, or is an unsupported or invalid format
2026-05-29 06:42:05 | INFO | my_functions.py:224 | [DEBUG] Buscando en paralelo: ['images/start_screen/14_days_of_winterverse.PNG'] | timeout=0s | confidence=0.8
2026-05-29 06:42:05 | INFO | my_functions.py:257 | [DEBUG] Click skipped, ninguna de las imágenes se encontró en el intento.
2026-05-29 06:42:06 | INFO | my_functions.py:172 | Searching images/start_screen/welcome_back_calendar.PNG (timeout=0s)
2026-05-29 06:42:06 | INFO | my_functions.py:181 | [ERROR] Exception while searching images/start_screen/welcome_back_calendar.PNG -> Failed to read images/images/start_screen/welcome_back_calendar.PNG because file is missing, has improper permissions, or is an unsupported or invalid format
2026-05-29 06:42:06 | INFO | my_functions.py:224 | [DEBUG] Buscando en paralelo: ['images/start_screen/start_the_countdown.PNG'] | timeout=0s | confidence=0.8
2026-05-29 06:42:07 | INFO | my_functions.py:257 | [DEBUG] Click skipped, ninguna de las imágenes se encontró en el intento.
2026-05-29 06:42:08 | INFO | my_functions.py:224 | [DEBUG] Buscando en paralelo: ['images/start_screen/event_has_ended_sanctum.PNG'] | timeout=0s | confidence=0.8
2026-05-29 06:42:08 | INFO | my_functions.py:257 | [DEBUG] Click skipped, ninguna de las imágenes se encontró en el intento.
2026-05-29 06:42:09 | INFO | my_functions.py:224 | [DEBUG] Buscando en paralelo: ['images/start_screen/image_part_of_event_grand_arena_finished.PNG'] | timeout=0s | confidence=0.8
2026-05-29 06:42:09 | INFO | my_functions.py:257 | [DEBUG] Click skipped, ninguna de las imágenes se encontró en el intento.
2026-05-29 06:42:10 | INFO | my_functions.py:172 | Searching images/start_screen/28_day_event_login_rewards.PNG (timeout=0s)
2026-05-29 06:42:10 | INFO | my_functions.py:181 | [ERROR] Exception while searching images/start_screen/28_day_event_login_rewards.PNG -> Failed to read images/images/start_screen/28_day_event_login_rewards.PNG because file is missing, has improper permissions, or is an unsupported or invalid format
2026-05-29 06:42:10 | INFO | my_functions.py:172 | Searching images/7_day_event_login.PNG (timeout=0s)
2026-05-29 06:42:10 | INFO | my_functions.py:181 | [ERROR] Exception while searching images/7_day_event_login.PNG -> Failed to read images/images/7_day_event_login.PNG because file is missing, has improper permissions, or is an unsupported or invalid format
2026-05-29 06:42:10 | INFO | my_functions.py:172 | Searching images/14_days_event.PNG (timeout=0s)
2026-05-29 06:42:10 | INFO | my_functions.py:181 | [ERROR] Exception while searching images/14_days_event.PNG -> Failed to read images/images/14_days_event.PNG because file is missing, has improper permissions, or is an unsupported or invalid format
2026-05-29 06:42:10 | INFO | my_functions.py:224 | [DEBUG] Buscando en paralelo: ['images/lets_go.PNG'] | timeout=0s | confidence=0.8
2026-05-29 06:42:10 | INFO | my_functions.py:257 | [DEBUG] Click skipped, ninguna de las imágenes se encontró en el intento.
2026-05-29 06:42:15 | ERROR | each_eight_hours.py:330 | Unhandled exception occurred
Traceback (most recent call last):
  File "Z:\SHARED FILES VM\MS\each_eight_hours.py", line 152, in <module>
    submissions = count_available_submissions()
                  ^^^^^^^^^^^^^^^^^^^^^^^^^^^^^
  File "Z:\SHARED FILES VM\MS\my_functions.py", line 298, in count_available_submissions
    with open(file_path, 'r', encoding='utf-8-sig') as f:
         ^^^^^^^^^^^^^^^^^^^^^^^^^^^^^^^^^^^^^^^^^^
FileNotFoundError: [Errno 2] No such file or directory: 'C:\\Users\\Farm\\AppData\\LocalLow\\Second Dinner\\SNAP\\Standalone\\States\\nvprod\\MissionState.json'
