2026-06-05 09:17:32 | INFO | each_eight_hours.py:39 | LOG FILE PATH: \\vmware-host\Shared Folders\SHARED FILES VM\MS\logs\each_eight_hours_2026-06-05_09-17-32.log
2026-06-05 09:17:32 | INFO | each_eight_hours.py:40 | Logger initialized
2026-06-05 09:17:32 | INFO | each_eight_hours.py:67 | Script initialized
2026-06-05 09:17:34 | INFO | each_eight_hours.py:128 | snap.exe terminated if it was running
2026-06-05 09:17:34 | INFO | my_functions.py:57 | ⏳ Esperando WebSocket de OBS...
2026-06-05 09:17:34 | INFO | baseclient.py:33 | Connecting with parameters: host='localhost' port=4455 password='' subs=0 timeout=None
2026-06-05 09:17:35 | INFO | reqs.py:23 | Successfully identified ReqClient with the server using RPC version:1
2026-06-05 09:17:35 | INFO | my_functions.py:63 | ✅ Conectado al OBS WebSocket
2026-06-05 09:17:35 | INFO | my_functions.py:79 | ⏹ Grabación ya estaba activa, deteniéndola...
2026-06-05 09:17:35 | INFO | baseclient.py:33 | Connecting with parameters: host='localhost' port=4455 password='' subs=0 timeout=None
2026-06-05 09:17:35 | INFO | reqs.py:23 | Successfully identified ReqClient with the server using RPC version:1
2026-06-05 09:17:35 | INFO | my_functions.py:94 | Record stopped.
2026-06-05 09:17:47 | INFO | my_functions.py:124 | Archivo renombrado a: C:\Users\Farm\Videos\my_functions_2026-06-05_09-17-47.mkv
2026-06-05 09:17:50 | INFO | my_functions.py:84 | 🎬 Nueva grabación iniciada
2026-06-05 09:17:50 | INFO | my_functions.py:1312 | ⏱ Esperando 0.1 segundos antes de empezar...
2026-06-05 09:17:50 | INFO | my_functions.py:1319 | 🔍 Esperando ventana que contenga alguna de: ['py', 'eight_hours'] (máx 20s)
2026-06-05 09:17:50 | INFO | my_functions.py:1331 | ✅ Ventana encontrada: 'each_eight_hours  - Acceso directo'
2026-06-05 09:17:50 | INFO | my_functions.py:1346 | ✅ Ventana seleccionada: 'each_eight_hours  - Acceso directo'
2026-06-05 09:17:52 | INFO | my_functions.py:1369 | 🔁 Reajuste #1...
2026-06-05 09:17:52 | INFO | my_functions.py:1376 | ✔ Verificación completa. Se hicieron 1 reajustes.
2026-06-05 09:18:22 | INFO | my_functions.py:2142 | Starting Steam window scan
2026-06-05 09:18:22 | INFO | my_functions.py:2145 | Found window: 
2026-06-05 09:18:22 | INFO | my_functions.py:2145 | Found window: each_eight_hours  - Acceso directo
2026-06-05 09:18:22 | INFO | my_functions.py:2145 | Found window: 
2026-06-05 09:18:22 | INFO | my_functions.py:2145 | Found window: 
2026-06-05 09:18:22 | INFO | my_functions.py:2145 | Found window: 
2026-06-05 09:18:22 | INFO | my_functions.py:2145 | Found window: 
2026-06-05 09:18:22 | INFO | my_functions.py:2145 | Found window: Program Manager
2026-06-05 09:18:22 | INFO | each_eight_hours.py:139 | Processing account: jeremy
2026-06-05 09:18:22 | INFO | each_eight_hours.py:142 | Game relaunched for account
2026-06-05 09:18:22 | INFO | my_functions.py:1312 | ⏱ Esperando 0.1 segundos antes de empezar...
2026-06-05 09:18:22 | INFO | my_functions.py:1319 | 🔍 Esperando ventana que contenga alguna de: ['SNAP'] (máx 20s)
2026-06-05 09:18:25 | INFO | my_functions.py:1331 | ✅ Ventana encontrada: 'SNAP'
2026-06-05 09:18:25 | INFO | my_functions.py:1346 | ✅ Ventana seleccionada: 'SNAP'
2026-06-05 09:18:27 | INFO | my_functions.py:1378 | ✔ Verificación completa. No hubo cambios después del primer ajuste.
2026-06-05 09:18:27 | INFO | my_functions.py:1015 | [DEBUG] Resizing SNAP window...
2026-06-05 09:18:27 | INFO | my_functions.py:1312 | ⏱ Esperando 0.1 segundos antes de empezar...
2026-06-05 09:18:27 | INFO | my_functions.py:1319 | 🔍 Esperando ventana que contenga alguna de: ['SNAP'] (máx 20s)
2026-06-05 09:18:27 | INFO | my_functions.py:1331 | ✅ Ventana encontrada: 'SNAP'
2026-06-05 09:18:27 | INFO | my_functions.py:1346 | ✅ Ventana seleccionada: 'SNAP'
2026-06-05 09:18:30 | INFO | my_functions.py:1378 | ✔ Verificación completa. No hubo cambios después del primer ajuste.
2026-06-05 09:18:30 | INFO | my_functions.py:248 | [DEBUG] Buscando en paralelo: ['small_submit.PNG', 'small_submit_hover.png', 'submit_hover_2.png', 'small_submit_hover_2.png'] | timeout=90s | confidence=0.8
2026-06-05 09:18:44 | INFO | my_functions.py:135 | Haciendo click en la posición (381, 641)
2026-06-05 09:18:44 | INFO | my_functions.py:270 | 🖱️ Click OK (En paralelo): small_submit_hover.png at (381, 641) delay=0.2s
2026-06-05 09:18:47 | INFO | my_functions.py:248 | [DEBUG] Buscando en paralelo: ['small_submit.PNG', 'small_submit_hover.png', 'submit_hover_2.png', 'small_submit_hover_2.png'] | timeout=20s | confidence=0.8
2026-06-05 09:18:48 | INFO | my_functions.py:135 | Haciendo click en la posición (380, 721)
2026-06-05 09:18:48 | INFO | my_functions.py:270 | 🖱️ Click OK (En paralelo): small_submit.PNG at (380, 721) delay=0.2s
2026-06-05 09:18:49 | INFO | my_functions.py:1312 | ⏱ Esperando 0.1 segundos antes de empezar...
2026-06-05 09:18:49 | INFO | my_functions.py:1319 | 🔍 Esperando ventana que contenga alguna de: ['SNAP'] (máx 20s)
2026-06-05 09:18:49 | INFO | my_functions.py:1331 | ✅ Ventana encontrada: 'SNAP'
2026-06-05 09:18:49 | INFO | my_functions.py:1346 | ✅ Ventana seleccionada: 'SNAP'
2026-06-05 09:18:52 | INFO | my_functions.py:1378 | ✔ Verificación completa. No hubo cambios después del primer ajuste.
2026-06-05 09:18:52 | INFO | my_functions.py:170 | Searching please_sign.png (timeout=0s)
2026-06-05 09:18:52 | INFO | my_functions.py:214 | 
⛔ Not found: please_sign.png after 0.0s region=(0, 0, 765, 1038) confidence=0.8
2026-06-05 09:18:52 | INFO | my_functions.py:170 | Searching sign_in_with_google2.PNG (timeout=90s)
2026-06-05 09:18:52 | INFO | my_functions.py:200 | 
✅ Found: sign_in_with_google2.PNG pos=(406, 957) time=0.19s confidence=0.8
2026-06-05 09:18:52 | INFO | my_functions.py:248 | [DEBUG] Buscando en paralelo: ['sign_in_with_google2.PNG'] | timeout=20s | confidence=0.8
2026-06-05 09:18:54 | INFO | my_functions.py:135 | Haciendo click en la posición (406, 957)
2026-06-05 09:18:54 | INFO | my_functions.py:270 | 🖱️ Click OK (En paralelo): sign_in_with_google2.PNG at (406, 957) delay=1s
2026-06-05 09:18:55 | INFO | my_functions.py:248 | [DEBUG] Buscando en paralelo: ['jeremy.png'] | timeout=30s | confidence=0.8
2026-06-05 09:19:25 | INFO | my_functions.py:282 | [DEBUG] Click skipped, ninguna de las imágenes se encontró en el intento.
2026-06-05 09:19:27 | INFO | my_functions.py:248 | [DEBUG] Buscando en paralelo: ['jeremy.png'] | timeout=0s | confidence=0.8
2026-06-05 09:19:30 | INFO | my_functions.py:135 | Haciendo click en la posición (1143, 645)
2026-06-05 09:19:30 | INFO | my_functions.py:270 | 🖱️ Click OK (En paralelo): jeremy.png at (1143, 645) delay=3s
2026-06-05 09:19:33 | INFO | my_functions.py:170 | Searching marvelsnap_web.png (timeout=30s)
2026-06-05 09:19:39 | INFO | my_functions.py:200 | 
✅ Found: marvelsnap_web.png pos=(258, 80) time=6.87s confidence=0.7
2026-06-05 09:19:40 | INFO | my_functions.py:170 | Searching shop_unselected.PNG (timeout=0s)
2026-06-05 09:19:40 | INFO | my_functions.py:214 | 
⛔ Not found: shop_unselected.PNG after 0.0s region=(0, 0, 765, 1038) confidence=0.8
2026-06-05 09:19:40 | INFO | my_functions.py:248 | [DEBUG] Buscando en paralelo: ['super_premium.PNG'] | timeout=0s | confidence=0.8
2026-06-05 09:19:40 | INFO | my_functions.py:282 | [DEBUG] Click skipped, ninguna de las imágenes se encontró en el intento.
2026-06-05 09:19:41 | INFO | my_functions.py:248 | [DEBUG] Buscando en paralelo: ['maybe_later.PNG'] | timeout=0s | confidence=0.8
2026-06-05 09:19:41 | INFO | my_functions.py:282 | [DEBUG] Click skipped, ninguna de las imágenes se encontró en el intento.
2026-06-05 09:19:43 | INFO | my_functions.py:248 | [DEBUG] Buscando en paralelo: ['maybe_later2.PNG'] | timeout=0s | confidence=0.8
2026-06-05 09:19:43 | INFO | my_functions.py:282 | [DEBUG] Click skipped, ninguna de las imágenes se encontró en el intento.
2026-06-05 09:19:44 | INFO | my_functions.py:170 | Searching go_to_shop.PNG (timeout=0s)
2026-06-05 09:19:44 | INFO | my_functions.py:214 | 
⛔ Not found: go_to_shop.PNG after 0.0s region=(0, 0, 765, 1038) confidence=0.8
2026-06-05 09:19:44 | INFO | my_functions.py:248 | [DEBUG] Buscando en paralelo: ['14_days_of_winterverse.PNG'] | timeout=0s | confidence=0.8
2026-06-05 09:19:44 | INFO | my_functions.py:282 | [DEBUG] Click skipped, ninguna de las imágenes se encontró en el intento.
2026-06-05 09:19:45 | INFO | my_functions.py:170 | Searching welcome_back_calendar.PNG (timeout=0s)
2026-06-05 09:19:45 | INFO | my_functions.py:214 | 
⛔ Not found: welcome_back_calendar.PNG after 0.0s region=(0, 0, 765, 1038) confidence=0.8
2026-06-05 09:19:45 | INFO | my_functions.py:248 | [DEBUG] Buscando en paralelo: ['start_the_countdown.PNG'] | timeout=0s | confidence=0.8
2026-06-05 09:19:46 | INFO | my_functions.py:282 | [DEBUG] Click skipped, ninguna de las imágenes se encontró en el intento.
2026-06-05 09:19:47 | INFO | my_functions.py:248 | [DEBUG] Buscando en paralelo: ['event_has_ended_sanctum.PNG'] | timeout=0s | confidence=0.8
2026-06-05 09:19:47 | INFO | my_functions.py:282 | [DEBUG] Click skipped, ninguna de las imágenes se encontró en el intento.
2026-06-05 09:19:48 | INFO | my_functions.py:248 | [DEBUG] Buscando en paralelo: ['event_has_ended_teamclash.PNG'] | timeout=0s | confidence=0.8
2026-06-05 09:19:48 | INFO | my_functions.py:282 | [DEBUG] Click skipped, ninguna de las imágenes se encontró en el intento.
2026-06-05 09:19:49 | INFO | my_functions.py:248 | [DEBUG] Buscando en paralelo: ['image_part_of_event_grand_arena_finished.PNG'] | timeout=0s | confidence=0.8
2026-06-05 09:19:49 | INFO | my_functions.py:282 | [DEBUG] Click skipped, ninguna de las imágenes se encontró en el intento.
2026-06-05 09:19:51 | INFO | my_functions.py:170 | Searching 28_day_event_login_rewards.PNG (timeout=0s)
2026-06-05 09:19:51 | ERROR | each_eight_hours.py:60 | Uncaught exception
Traceback (most recent call last):
  File "Z:\SHARED FILES VM\MS\each_eight_hours.py", line 150, in <module>
    search_initial_imgs()
  File "Z:\SHARED FILES VM\MS\my_functions.py", line 736, in search_initial_imgs
    elif search_MS_img(r'images/start_screen/28_day_event_login_rewards.PNG', timeout=0):
         ^^^^^^^^^^^^^^^^^^^^^^^^^^^^^^^^^^^^^^^^^^^^^^^^^^^^^^^^^^^^^^^^^^^^^^^^^^^^^^^
  File "Z:\SHARED FILES VM\MS\my_functions.py", line 179, in search_MS_img
    position = pg.locateCenterOnScreen(
               ^^^^^^^^^^^^^^^^^^^^^^^^
  File "C:\Users\Farm\AppData\Local\Programs\Python\Python311\Lib\site-packages\pyautogui\__init__.py", line 175, in wrapper
    return wrappedFunction(*args, **kwargs)
           ^^^^^^^^^^^^^^^^^^^^^^^^^^^^^^^^
  File "C:\Users\Farm\AppData\Local\Programs\Python\Python311\Lib\site-packages\pyautogui\__init__.py", line 207, in locateCenterOnScreen
    return pyscreeze.locateCenterOnScreen(*args, **kwargs)
           ^^^^^^^^^^^^^^^^^^^^^^^^^^^^^^^^^^^^^^^^^^^^^^^
  File "C:\Users\Farm\AppData\Local\Programs\Python\Python311\Lib\site-packages\pyscreeze\__init__.py", line 413, in locateCenterOnScreen
    coords = locateOnScreen(image, **kwargs)
             ^^^^^^^^^^^^^^^^^^^^^^^^^^^^^^^
  File "C:\Users\Farm\AppData\Local\Programs\Python\Python311\Lib\site-packages\pyscreeze\__init__.py", line 372, in locateOnScreen
    screenshotIm = screenshot(region=None) # the locateAll() function must handle cropping to return accurate coordinates, so don't pass a region here.
                   ^^^^^^^^^^^^^^^^^^^^^^^
  File "C:\Users\Farm\AppData\Local\Programs\Python\Python311\Lib\site-packages\pyscreeze\__init__.py", line 145, in wrapper
    return wrappedFunction(*args, **kwargs)
           ^^^^^^^^^^^^^^^^^^^^^^^^^^^^^^^^
  File "C:\Users\Farm\AppData\Local\Programs\Python\Python311\Lib\site-packages\pyscreeze\__init__.py", line 457, in _screenshot_win32
    im = ImageGrab.grab()
         ^^^^^^^^^^^^^^^^
  File "C:\Users\Farm\AppData\Local\Programs\Python\Python311\Lib\site-packages\PIL\ImageGrab.py", line 66, in grab
    im = Image.frombytes(
         ^^^^^^^^^^^^^^^^
  File "C:\Users\Farm\AppData\Local\Programs\Python\Python311\Lib\site-packages\PIL\Image.py", line 3162, in frombytes
    im.frombytes(data, decoder_name, decoder_args)
  File "C:\Users\Farm\AppData\Local\Programs\Python\Python311\Lib\site-packages\PIL\Image.py", line 875, in frombytes
    s = d.decode(data)
        ^^^^^^^^^^^^^^
KeyboardInterrupt
