2026-05-18 08:45:32 | INFO | each_eight_hours.py:39 | LOG FILE PATH: \\vmware-host\Shared Folders\SHARED FILES VM\MS\logs\each_eight_hours_2026-05-18_08-45-32.log
2026-05-18 08:45:32 | INFO | each_eight_hours.py:40 | Logger initialized
2026-05-18 08:45:32 | INFO | each_eight_hours.py:67 | Script initialized
2026-05-18 08:45:34 | INFO | each_eight_hours.py:128 | snap.exe terminated if it was running
2026-05-18 08:45:34 | INFO | my_functions.py:57 | ⏳ Esperando WebSocket de OBS...
2026-05-18 08:45:34 | INFO | baseclient.py:33 | Connecting with parameters: host='localhost' port=4455 password='' subs=0 timeout=None
2026-05-18 08:45:34 | INFO | reqs.py:23 | Successfully identified ReqClient with the server using RPC version:1
2026-05-18 08:45:34 | INFO | my_functions.py:63 | ✅ Conectado al OBS WebSocket
2026-05-18 08:45:34 | INFO | my_functions.py:88 | 🎬 Grabación iniciada
2026-05-18 08:45:34 | INFO | my_functions.py:1276 | ⏱ Esperando 0.1 segundos antes de empezar...
2026-05-18 08:45:34 | INFO | my_functions.py:1283 | 🔍 Esperando ventana que contenga alguna de: ['py', 'eight_hours'] (máx 20s)
2026-05-18 08:45:34 | INFO | my_functions.py:1295 | ✅ Ventana encontrada: 'each_eight_hours  - Acceso directo'
2026-05-18 08:45:34 | INFO | my_functions.py:1310 | ✅ Ventana seleccionada: 'each_eight_hours  - Acceso directo'
2026-05-18 08:45:36 | INFO | my_functions.py:1333 | 🔁 Reajuste #1...
2026-05-18 08:45:36 | INFO | my_functions.py:1340 | ✔ Verificación completa. Se hicieron 1 reajustes.
2026-05-18 08:46:06 | INFO | my_functions.py:2106 | Starting Steam window scan
2026-05-18 08:46:06 | INFO | my_functions.py:2109 | Found window: 
2026-05-18 08:46:06 | INFO | my_functions.py:2109 | Found window: each_eight_hours  - Acceso directo
2026-05-18 08:46:06 | INFO | my_functions.py:2109 | Found window: 
2026-05-18 08:46:06 | INFO | my_functions.py:2109 | Found window: 
2026-05-18 08:46:06 | INFO | my_functions.py:2109 | Found window: 
2026-05-18 08:46:06 | INFO | my_functions.py:2109 | Found window: 
2026-05-18 08:46:06 | INFO | my_functions.py:2109 | Found window: Program Manager
2026-05-18 08:46:06 | INFO | each_eight_hours.py:139 | Processing account: reeps_vm
2026-05-18 08:46:07 | INFO | each_eight_hours.py:142 | Game relaunched for account
2026-05-18 08:46:07 | INFO | my_functions.py:1276 | ⏱ Esperando 0.1 segundos antes de empezar...
2026-05-18 08:46:07 | INFO | my_functions.py:1283 | 🔍 Esperando ventana que contenga alguna de: ['SNAP'] (máx 20s)
2026-05-18 08:46:12 | INFO | my_functions.py:1295 | ✅ Ventana encontrada: 'SNAP'
2026-05-18 08:46:12 | INFO | my_functions.py:1310 | ✅ Ventana seleccionada: 'SNAP'
2026-05-18 08:46:14 | INFO | my_functions.py:1342 | ✔ Verificación completa. No hubo cambios después del primer ajuste.
2026-05-18 08:46:14 | INFO | my_functions.py:982 | [DEBUG] Resizing SNAP window...
2026-05-18 08:46:14 | INFO | my_functions.py:1276 | ⏱ Esperando 0.1 segundos antes de empezar...
2026-05-18 08:46:14 | INFO | my_functions.py:1283 | 🔍 Esperando ventana que contenga alguna de: ['SNAP'] (máx 20s)
2026-05-18 08:46:14 | INFO | my_functions.py:1295 | ✅ Ventana encontrada: 'SNAP'
2026-05-18 08:46:14 | INFO | my_functions.py:1310 | ✅ Ventana seleccionada: 'SNAP'
2026-05-18 08:46:17 | INFO | my_functions.py:1342 | ✔ Verificación completa. No hubo cambios después del primer ajuste.
2026-05-18 08:46:17 | INFO | my_functions.py:245 | [DEBUG] Buscando en paralelo: ['submit.PNG'] | timeout=90s | confidence=0.8
2026-05-18 08:46:25 | INFO | my_functions.py:135 | Haciendo click en la posición (385, 779)
2026-05-18 08:46:26 | INFO | my_functions.py:266 | 🖱️ Click OK (En paralelo): submit.PNG at (385, 779) delay=0.2s
2026-05-18 08:46:26 | INFO | my_functions.py:1276 | ⏱ Esperando 0.1 segundos antes de empezar...
2026-05-18 08:46:26 | INFO | my_functions.py:1283 | 🔍 Esperando ventana que contenga alguna de: ['SNAP'] (máx 20s)
2026-05-18 08:46:26 | INFO | my_functions.py:1295 | ✅ Ventana encontrada: 'SNAP'
2026-05-18 08:46:26 | INFO | my_functions.py:1310 | ✅ Ventana seleccionada: 'SNAP'
2026-05-18 08:46:28 | INFO | my_functions.py:1333 | 🔁 Reajuste #1...
2026-05-18 08:46:29 | INFO | my_functions.py:1340 | ✔ Verificación completa. Se hicieron 1 reajustes.
2026-05-18 08:46:29 | INFO | my_functions.py:170 | Searching please_sign.png (timeout=0s)
2026-05-18 08:46:29 | INFO | my_functions.py:200 | 
✅ Found: please_sign.png pos=(383, 438) time=0.24s confidence=0.8
2026-05-18 08:46:29 | INFO | my_functions.py:245 | [DEBUG] Buscando en paralelo: ['ok_btn.png'] | timeout=20s | confidence=0.8
2026-05-18 08:46:30 | INFO | my_functions.py:135 | Haciendo click en la posición (382, 634)
2026-05-18 08:46:30 | INFO | my_functions.py:266 | 🖱️ Click OK (En paralelo): ok_btn.png at (382, 634) delay=1s
2026-05-18 08:46:30 | INFO | my_functions.py:245 | [DEBUG] Buscando en paralelo: ['submit.PNG'] | timeout=90s | confidence=0.8
2026-05-18 08:46:32 | INFO | my_functions.py:135 | Haciendo click en la posición (386, 786)
2026-05-18 08:46:32 | INFO | my_functions.py:266 | 🖱️ Click OK (En paralelo): submit.PNG at (386, 786) delay=0.2s
2026-05-18 08:46:32 | INFO | my_functions.py:170 | Searching sign_in_with_google2.PNG (timeout=90s)
2026-05-18 08:46:33 | INFO | my_functions.py:200 | 
✅ Found: sign_in_with_google2.PNG pos=(406, 958) time=0.95s confidence=0.8
2026-05-18 08:46:33 | INFO | my_functions.py:245 | [DEBUG] Buscando en paralelo: ['sign_in_with_google2.PNG'] | timeout=20s | confidence=0.8
2026-05-18 08:46:34 | INFO | my_functions.py:135 | Haciendo click en la posición (406, 957)
2026-05-18 08:46:35 | INFO | my_functions.py:266 | 🖱️ Click OK (En paralelo): sign_in_with_google2.PNG at (406, 957) delay=1s
2026-05-18 08:46:35 | INFO | my_functions.py:245 | [DEBUG] Buscando en paralelo: ['reeps_vm.png'] | timeout=30s | confidence=0.8
2026-05-18 08:46:46 | INFO | my_functions.py:135 | Haciendo click en la posición (1126, 534)
2026-05-18 08:46:46 | INFO | my_functions.py:266 | 🖱️ Click OK (En paralelo): reeps_vm.png at (1126, 534) delay=3s
2026-05-18 08:46:46 | INFO | my_functions.py:170 | Searching marvelsnap_web.png (timeout=30s)
2026-05-18 08:46:54 | INFO | my_functions.py:200 | 
✅ Found: marvelsnap_web.png pos=(258, 80) time=7.6s confidence=0.7
2026-05-18 08:46:54 | INFO | my_functions.py:170 | Searching shop_unselected.PNG (timeout=0s)
2026-05-18 08:46:54 | INFO | my_functions.py:214 | 
⛔ Not found: shop_unselected.PNG after 0.0s region=(0, 0, 765, 1038) confidence=0.8
2026-05-18 08:46:54 | INFO | my_functions.py:245 | [DEBUG] Buscando en paralelo: ['super_premium.PNG'] | timeout=0s | confidence=0.8
2026-05-18 08:46:55 | INFO | my_functions.py:275 | [DEBUG] Click skipped, ninguna de las imágenes se encontró tras 0.23s
2026-05-18 08:46:55 | INFO | my_functions.py:245 | [DEBUG] Buscando en paralelo: ['maybe_later.PNG'] | timeout=0s | confidence=0.8
2026-05-18 08:46:55 | INFO | my_functions.py:275 | [DEBUG] Click skipped, ninguna de las imágenes se encontró tras 0.25s
2026-05-18 08:46:55 | INFO | my_functions.py:245 | [DEBUG] Buscando en paralelo: ['maybe_later2.PNG'] | timeout=0s | confidence=0.8
2026-05-18 08:46:55 | INFO | my_functions.py:275 | [DEBUG] Click skipped, ninguna de las imágenes se encontró tras 0.25s
2026-05-18 08:46:55 | INFO | my_functions.py:170 | Searching go_to_shop.PNG (timeout=0s)
2026-05-18 08:46:55 | INFO | my_functions.py:214 | 
⛔ Not found: go_to_shop.PNG after 0.0s region=(0, 0, 765, 1038) confidence=0.8
2026-05-18 08:46:55 | INFO | my_functions.py:245 | [DEBUG] Buscando en paralelo: ['14_days_of_winterverse.PNG'] | timeout=0s | confidence=0.8
2026-05-18 08:46:56 | INFO | my_functions.py:275 | [DEBUG] Click skipped, ninguna de las imágenes se encontró tras 0.22s
2026-05-18 08:46:56 | INFO | my_functions.py:170 | Searching welcome_back_calendar.PNG (timeout=0s)
2026-05-18 08:46:56 | INFO | my_functions.py:214 | 
⛔ Not found: welcome_back_calendar.PNG after 0.0s region=(0, 0, 765, 1038) confidence=0.8
2026-05-18 08:46:56 | INFO | my_functions.py:245 | [DEBUG] Buscando en paralelo: ['start_the_countdown.PNG'] | timeout=0s | confidence=0.8
2026-05-18 08:46:56 | INFO | my_functions.py:275 | [DEBUG] Click skipped, ninguna de las imágenes se encontró tras 0.21s
2026-05-18 08:46:56 | INFO | my_functions.py:245 | [DEBUG] Buscando en paralelo: ['event_has_ended_sanctum.PNG'] | timeout=0s | confidence=0.8
2026-05-18 08:46:56 | INFO | my_functions.py:275 | [DEBUG] Click skipped, ninguna de las imágenes se encontró tras 0.23s
2026-05-18 08:46:56 | INFO | my_functions.py:245 | [DEBUG] Buscando en paralelo: ['image_part_of_event_grand_arena_finished.PNG'] | timeout=0s | confidence=0.8
2026-05-18 08:46:56 | INFO | my_functions.py:275 | [DEBUG] Click skipped, ninguna de las imágenes se encontró tras 0.22s
2026-05-18 08:46:56 | INFO | my_functions.py:170 | Searching 28_day_event_login_rewards.PNG (timeout=0s)
2026-05-18 08:46:57 | INFO | my_functions.py:214 | 
⛔ Not found: 28_day_event_login_rewards.PNG after 0.0s region=(0, 0, 765, 1038) confidence=0.8
2026-05-18 08:46:57 | INFO | my_functions.py:170 | Searching 7_day_event_login.PNG (timeout=0s)
2026-05-18 08:46:57 | INFO | my_functions.py:214 | 
⛔ Not found: 7_day_event_login.PNG after 0.0s region=(0, 0, 765, 1038) confidence=0.8
2026-05-18 08:46:57 | INFO | my_functions.py:170 | Searching 14_days_event.PNG (timeout=0s)
2026-05-18 08:46:57 | INFO | my_functions.py:214 | 
⛔ Not found: 14_days_event.PNG after 0.0s region=(0, 0, 765, 1038) confidence=0.8
2026-05-18 08:46:57 | INFO | my_functions.py:245 | [DEBUG] Buscando en paralelo: ['lets_go.PNG'] | timeout=0s | confidence=0.8
2026-05-18 08:46:57 | INFO | my_functions.py:275 | [DEBUG] Click skipped, ninguna de las imágenes se encontró tras 0.22s
2026-05-18 08:46:58 | INFO | my_functions.py:170 | Searching shop_unselected.PNG (timeout=0s)
2026-05-18 08:46:58 | INFO | my_functions.py:214 | 
⛔ Not found: shop_unselected.PNG after 0.0s region=(0, 0, 765, 1038) confidence=0.8
2026-05-18 08:46:58 | INFO | my_functions.py:245 | [DEBUG] Buscando en paralelo: ['super_premium.PNG'] | timeout=0s | confidence=0.8
2026-05-18 08:46:59 | INFO | my_functions.py:275 | [DEBUG] Click skipped, ninguna de las imágenes se encontró tras 0.24s
2026-05-18 08:46:59 | INFO | my_functions.py:245 | [DEBUG] Buscando en paralelo: ['maybe_later.PNG'] | timeout=0s | confidence=0.8
2026-05-18 08:46:59 | INFO | my_functions.py:275 | [DEBUG] Click skipped, ninguna de las imágenes se encontró tras 0.25s
2026-05-18 08:46:59 | INFO | my_functions.py:245 | [DEBUG] Buscando en paralelo: ['maybe_later2.PNG'] | timeout=0s | confidence=0.8
2026-05-18 08:46:59 | INFO | my_functions.py:275 | [DEBUG] Click skipped, ninguna de las imágenes se encontró tras 0.28s
2026-05-18 08:46:59 | INFO | my_functions.py:170 | Searching go_to_shop.PNG (timeout=0s)
2026-05-18 08:46:59 | INFO | my_functions.py:214 | 
⛔ Not found: go_to_shop.PNG after 0.01s region=(0, 0, 765, 1038) confidence=0.8
2026-05-18 08:46:59 | INFO | my_functions.py:245 | [DEBUG] Buscando en paralelo: ['14_days_of_winterverse.PNG'] | timeout=0s | confidence=0.8
2026-05-18 08:47:00 | INFO | my_functions.py:275 | [DEBUG] Click skipped, ninguna de las imágenes se encontró tras 0.22s
2026-05-18 08:47:00 | INFO | my_functions.py:170 | Searching welcome_back_calendar.PNG (timeout=0s)
2026-05-18 08:47:00 | INFO | my_functions.py:214 | 
⛔ Not found: welcome_back_calendar.PNG after 0.0s region=(0, 0, 765, 1038) confidence=0.8
2026-05-18 08:47:00 | INFO | my_functions.py:245 | [DEBUG] Buscando en paralelo: ['start_the_countdown.PNG'] | timeout=0s | confidence=0.8
2026-05-18 08:47:00 | INFO | my_functions.py:275 | [DEBUG] Click skipped, ninguna de las imágenes se encontró tras 0.2s
2026-05-18 08:47:00 | INFO | my_functions.py:245 | [DEBUG] Buscando en paralelo: ['event_has_ended_sanctum.PNG'] | timeout=0s | confidence=0.8
2026-05-18 08:47:00 | INFO | my_functions.py:275 | [DEBUG] Click skipped, ninguna de las imágenes se encontró tras 0.2s
2026-05-18 08:47:00 | INFO | my_functions.py:245 | [DEBUG] Buscando en paralelo: ['image_part_of_event_grand_arena_finished.PNG'] | timeout=0s | confidence=0.8
2026-05-18 08:47:00 | INFO | my_functions.py:275 | [DEBUG] Click skipped, ninguna de las imágenes se encontró tras 0.18s
2026-05-18 08:47:00 | INFO | my_functions.py:170 | Searching 28_day_event_login_rewards.PNG (timeout=0s)
2026-05-18 08:47:01 | INFO | my_functions.py:214 | 
⛔ Not found: 28_day_event_login_rewards.PNG after 0.0s region=(0, 0, 765, 1038) confidence=0.8
2026-05-18 08:47:01 | INFO | my_functions.py:170 | Searching 7_day_event_login.PNG (timeout=0s)
2026-05-18 08:47:01 | INFO | my_functions.py:214 | 
⛔ Not found: 7_day_event_login.PNG after 0.0s region=(0, 0, 765, 1038) confidence=0.8
2026-05-18 08:47:01 | INFO | my_functions.py:170 | Searching 14_days_event.PNG (timeout=0s)
2026-05-18 08:47:01 | INFO | my_functions.py:214 | 
⛔ Not found: 14_days_event.PNG after 0.0s region=(0, 0, 765, 1038) confidence=0.8
2026-05-18 08:47:01 | INFO | my_functions.py:245 | [DEBUG] Buscando en paralelo: ['lets_go.PNG'] | timeout=0s | confidence=0.8
2026-05-18 08:47:01 | INFO | my_functions.py:275 | [DEBUG] Click skipped, ninguna de las imágenes se encontró tras 0.22s
2026-05-18 08:47:02 | INFO | my_functions.py:170 | Searching shop_unselected.PNG (timeout=0s)
2026-05-18 08:47:03 | INFO | my_functions.py:214 | 
⛔ Not found: shop_unselected.PNG after 0.0s region=(0, 0, 765, 1038) confidence=0.8
2026-05-18 08:47:03 | INFO | my_functions.py:245 | [DEBUG] Buscando en paralelo: ['super_premium.PNG'] | timeout=0s | confidence=0.8
2026-05-18 08:47:03 | INFO | my_functions.py:275 | [DEBUG] Click skipped, ninguna de las imágenes se encontró tras 0.22s
2026-05-18 08:47:03 | INFO | my_functions.py:245 | [DEBUG] Buscando en paralelo: ['maybe_later.PNG'] | timeout=0s | confidence=0.8
2026-05-18 08:47:03 | INFO | my_functions.py:275 | [DEBUG] Click skipped, ninguna de las imágenes se encontró tras 0.25s
2026-05-18 08:47:03 | INFO | my_functions.py:245 | [DEBUG] Buscando en paralelo: ['maybe_later2.PNG'] | timeout=0s | confidence=0.8
2026-05-18 08:47:03 | INFO | my_functions.py:275 | [DEBUG] Click skipped, ninguna de las imágenes se encontró tras 0.25s
2026-05-18 08:47:03 | INFO | my_functions.py:170 | Searching go_to_shop.PNG (timeout=0s)
2026-05-18 08:47:04 | INFO | my_functions.py:214 | 
⛔ Not found: go_to_shop.PNG after 0.0s region=(0, 0, 765, 1038) confidence=0.8
2026-05-18 08:47:04 | INFO | my_functions.py:245 | [DEBUG] Buscando en paralelo: ['14_days_of_winterverse.PNG'] | timeout=0s | confidence=0.8
2026-05-18 08:47:04 | INFO | my_functions.py:275 | [DEBUG] Click skipped, ninguna de las imágenes se encontró tras 0.24s
2026-05-18 08:47:04 | INFO | my_functions.py:170 | Searching welcome_back_calendar.PNG (timeout=0s)
2026-05-18 08:47:04 | INFO | my_functions.py:214 | 
⛔ Not found: welcome_back_calendar.PNG after 0.0s region=(0, 0, 765, 1038) confidence=0.8
2026-05-18 08:47:04 | INFO | my_functions.py:245 | [DEBUG] Buscando en paralelo: ['start_the_countdown.PNG'] | timeout=0s | confidence=0.8
2026-05-18 08:47:04 | INFO | my_functions.py:275 | [DEBUG] Click skipped, ninguna de las imágenes se encontró tras 0.22s
2026-05-18 08:47:04 | INFO | my_functions.py:245 | [DEBUG] Buscando en paralelo: ['event_has_ended_sanctum.PNG'] | timeout=0s | confidence=0.8
2026-05-18 08:47:05 | INFO | my_functions.py:275 | [DEBUG] Click skipped, ninguna de las imágenes se encontró tras 0.4s
2026-05-18 08:47:05 | INFO | my_functions.py:245 | [DEBUG] Buscando en paralelo: ['image_part_of_event_grand_arena_finished.PNG'] | timeout=0s | confidence=0.8
2026-05-18 08:47:05 | INFO | my_functions.py:275 | [DEBUG] Click skipped, ninguna de las imágenes se encontró tras 0.51s
2026-05-18 08:47:05 | INFO | my_functions.py:170 | Searching 28_day_event_login_rewards.PNG (timeout=0s)
2026-05-18 08:47:06 | INFO | my_functions.py:214 | 
⛔ Not found: 28_day_event_login_rewards.PNG after 0.0s region=(0, 0, 765, 1038) confidence=0.8
2026-05-18 08:47:06 | INFO | my_functions.py:170 | Searching 7_day_event_login.PNG (timeout=0s)
2026-05-18 08:47:06 | INFO | my_functions.py:214 | 
⛔ Not found: 7_day_event_login.PNG after 0.0s region=(0, 0, 765, 1038) confidence=0.8
2026-05-18 08:47:06 | INFO | my_functions.py:170 | Searching 14_days_event.PNG (timeout=0s)
2026-05-18 08:47:06 | INFO | my_functions.py:214 | 
⛔ Not found: 14_days_event.PNG after 0.02s region=(0, 0, 765, 1038) confidence=0.8
2026-05-18 08:47:06 | INFO | my_functions.py:245 | [DEBUG] Buscando en paralelo: ['lets_go.PNG'] | timeout=0s | confidence=0.8
2026-05-18 08:47:06 | INFO | my_functions.py:275 | [DEBUG] Click skipped, ninguna de las imágenes se encontró tras 0.3s
2026-05-18 08:47:07 | INFO | my_functions.py:170 | Searching shop_unselected.PNG (timeout=0s)
2026-05-18 08:47:08 | INFO | my_functions.py:200 | 
✅ Found: shop_unselected.PNG pos=(88, 961) time=0.29s confidence=0.8
2026-05-18 08:47:16 | INFO | my_functions.py:170 | Searching shop_unselected.PNG (timeout=0s)
2026-05-18 08:47:16 | INFO | my_functions.py:214 | 
⛔ Not found: shop_unselected.PNG after 0.0s region=(0, 0, 765, 1038) confidence=0.8
2026-05-18 08:47:17 | INFO | my_functions.py:170 | Searching shop_unselected.PNG (timeout=0s)
2026-05-18 08:47:17 | INFO | my_functions.py:214 | 
⛔ Not found: shop_unselected.PNG after 0.0s region=(0, 0, 765, 1038) confidence=0.8
2026-05-18 08:47:17 | INFO | my_functions.py:245 | [DEBUG] Buscando en paralelo: ['super_premium.PNG'] | timeout=0s | confidence=0.8
2026-05-18 08:47:17 | INFO | my_functions.py:275 | [DEBUG] Click skipped, ninguna de las imágenes se encontró tras 0.19s
2026-05-18 08:47:17 | INFO | my_functions.py:245 | [DEBUG] Buscando en paralelo: ['maybe_later.PNG'] | timeout=0s | confidence=0.8
2026-05-18 08:47:18 | INFO | my_functions.py:275 | [DEBUG] Click skipped, ninguna de las imágenes se encontró tras 0.23s
2026-05-18 08:47:18 | INFO | my_functions.py:245 | [DEBUG] Buscando en paralelo: ['maybe_later2.PNG'] | timeout=0s | confidence=0.8
2026-05-18 08:47:18 | INFO | my_functions.py:275 | [DEBUG] Click skipped, ninguna de las imágenes se encontró tras 0.22s
2026-05-18 08:47:18 | INFO | my_functions.py:170 | Searching go_to_shop.PNG (timeout=0s)
2026-05-18 08:47:18 | INFO | my_functions.py:200 | 
✅ Found: go_to_shop.PNG pos=(275, 827) time=0.27s confidence=0.8
2026-05-18 08:47:20 | INFO | my_functions.py:245 | [DEBUG] Buscando en paralelo: ['white_x.png'] | timeout=20s | confidence=0.8
2026-05-18 08:47:21 | INFO | my_functions.py:135 | Haciendo click en la posición (597, 113)
2026-05-18 08:47:22 | INFO | my_functions.py:266 | 🖱️ Click OK (En paralelo): white_x.png at (597, 113) delay=1s
2026-05-18 08:47:30 | INFO | my_functions.py:170 | Searching shop_unselected.PNG (timeout=0s)
2026-05-18 08:47:30 | INFO | my_functions.py:214 | 
⛔ Not found: shop_unselected.PNG after 0.0s region=(0, 0, 765, 1038) confidence=0.8
2026-05-18 08:47:31 | INFO | my_functions.py:170 | Searching shop_unselected.PNG (timeout=0s)
2026-05-18 08:47:31 | INFO | my_functions.py:214 | 
⛔ Not found: shop_unselected.PNG after 0.0s region=(0, 0, 765, 1038) confidence=0.8
2026-05-18 08:47:31 | INFO | my_functions.py:245 | [DEBUG] Buscando en paralelo: ['super_premium.PNG'] | timeout=0s | confidence=0.8
2026-05-18 08:47:33 | INFO | my_functions.py:135 | Haciendo click en la posición (480, 777)
2026-05-18 08:47:33 | INFO | my_functions.py:266 | 🖱️ Click OK (En paralelo): super_premium.PNG at (480, 777) delay=1s
2026-05-18 08:47:33 | INFO | my_functions.py:143 | Presionando ESC (1/1)
2026-05-18 08:47:42 | INFO | my_functions.py:170 | Searching shop_unselected.PNG (timeout=0s)
2026-05-18 08:47:42 | INFO | my_functions.py:200 | 
✅ Found: shop_unselected.PNG pos=(88, 961) time=0.2s confidence=0.8
2026-05-18 08:47:42 | INFO | my_functions.py:509 | Ya esta listo
2026-05-18 08:47:44 | INFO | my_functions.py:321 | AVAILABLE: 6
2026-05-18 08:47:44 | INFO | my_functions.py:343 | Misiones completadas: 0
2026-05-18 08:47:44 | INFO | my_functions.py:170 | Searching play.PNG (timeout=0s)
2026-05-18 08:47:45 | INFO | my_functions.py:200 | 
✅ Found: play.PNG pos=(384, 825) time=0.36s confidence=0.8
2026-05-18 08:47:45 | INFO | my_functions.py:1171 | [INFO] Click realizado donde se equipa el deck a jugar
2026-05-18 08:47:49 | INFO | my_functions.py:245 | [DEBUG] Buscando en paralelo: ['deck_666666.png'] | timeout=3s | confidence=0.8
2026-05-18 08:47:50 | INFO | my_functions.py:135 | Haciendo click en la posición (235, 547)
2026-05-18 08:47:50 | INFO | my_functions.py:266 | 🖱️ Click OK (En paralelo): deck_666666.png at (235, 547) delay=1s
2026-05-18 08:47:50 | INFO | my_functions.py:245 | [DEBUG] Buscando en paralelo: ['equip.png'] | timeout=3s | confidence=0.95
2026-05-18 08:47:54 | INFO | my_functions.py:275 | [DEBUG] Click skipped, ninguna de las imágenes se encontró tras 3.16s
2026-05-18 08:47:54 | INFO | my_functions.py:143 | Presionando ESC (1/1)
2026-05-18 08:47:54 | INFO | each_eight_hours.py:184 | Deck selected: 6turns
2026-05-18 08:47:54 | INFO | my_functions.py:245 | [DEBUG] Buscando en paralelo: ['maybe_later.PNG'] | timeout=2s | confidence=0.8
2026-05-18 08:47:56 | INFO | my_functions.py:275 | [DEBUG] Click skipped, ninguna de las imágenes se encontró tras 2.14s
2026-05-18 08:47:56 | INFO | my_functions.py:245 | [DEBUG] Buscando en paralelo: ['maybe_later2.PNG'] | timeout=0.01s | confidence=0.8
2026-05-18 08:47:57 | INFO | my_functions.py:275 | [DEBUG] Click skipped, ninguna de las imágenes se encontró tras 0.26s
2026-05-18 08:47:57 | INFO | each_eight_hours.py:237 | Starting game loop 1
2026-05-18 08:47:57 | INFO | my_functions.py:245 | [DEBUG] Buscando en paralelo: ['play.PNG'] | timeout=20s | confidence=0.8
2026-05-18 08:48:00 | INFO | my_functions.py:135 | Haciendo click en la posición (384, 824)
2026-05-18 08:48:00 | INFO | my_functions.py:266 | 🖱️ Click OK (En paralelo): play.PNG at (384, 824) delay=3s
2026-05-18 08:48:26 | INFO | my_functions.py:200 | 
✅ Found: end_turn.PNG pos=(681, 945) time=0.25s confidence=0.8
2026-05-18 08:48:26 | INFO | my_functions.py:245 | [DEBUG] Buscando en paralelo: ['snap.PNG'] | timeout=0s | confidence=0.8
2026-05-18 08:48:26 | ERROR | each_eight_hours.py:379 | Unhandled exception occurred
Traceback (most recent call last):
  File "Z:\SHARED FILES VM\MS\each_eight_hours.py", line 244, in <module>
    click_any_MS_img(
  File "Z:\SHARED FILES VM\MS\my_functions.py", line 252, in click_any_MS_img
    position = search_MS_img(
               ^^^^^^^^^^^^^^
TypeError: my_functions.search_MS_img() got multiple values for keyword argument 'quick_check'
