2026-06-28 05:38:08 | INFO | each_eight_hours.py:36 | LOG FILE PATH: \\vmware-host\Shared Folders\SHARED FILES VM\MS\logs\each_eight_hours_2026-06-28_05-38-08.log
2026-06-28 05:38:08 | INFO | each_eight_hours.py:37 | Logger initialized
2026-06-28 05:38:08 | INFO | each_eight_hours.py:64 | Script initialized
2026-06-28 05:38:36 | INFO | each_eight_hours.py:105 | snap.exe terminated if it was running
2026-06-28 05:38:37 | INFO | my_functions.py:56 | ⏳ Esperando WebSocket de OBS...
2026-06-28 05:38:44 | INFO | baseclient.py:33 | Connecting with parameters: host='localhost' port=4455 password='' subs=0 timeout=None
2026-06-28 05:38:44 | INFO | reqs.py:23 | Successfully identified ReqClient with the server using RPC version:1
2026-06-28 05:38:44 | INFO | my_functions.py:62 | ✅ Conectado al OBS WebSocket
2026-06-28 05:38:44 | ERROR | reqs.py:59 | OBSSDKRequestError: Request GetRecordStatus returned code 207. With message: OBS is not ready to perform the request.
Traceback (most recent call last):
  File "C:\Users\Farm\AppData\Local\Programs\Python\Python311\Lib\site-packages\obsws_python\reqs.py", line 53, in send
    raise OBSSDKRequestError(
obsws_python.error.OBSSDKRequestError: Request GetRecordStatus returned code 207. With message: OBS is not ready to perform the request.
2026-06-28 05:38:45 | INFO | my_functions.py:87 | 🎬 Grabación iniciada
2026-06-28 05:38:45 | INFO | my_functions.py:1547 | ⏱ Esperando 0.1 segundos antes de empezar...
2026-06-28 05:38:45 | INFO | my_functions.py:1554 | 🔍 Esperando ventana que contenga alguna de: ['py', 'eight_hours'] (máx 20s)
2026-06-28 05:38:45 | INFO | my_functions.py:1566 | ✅ Ventana encontrada: 'each_eight_hours  - Acceso directo'
2026-06-28 05:38:45 | INFO | my_functions.py:1581 | ✅ Ventana seleccionada: 'each_eight_hours  - Acceso directo'
2026-06-28 05:38:47 | INFO | my_functions.py:1604 | 🔁 Reajuste #1...
2026-06-28 05:38:48 | INFO | my_functions.py:1611 | ✔ Verificación completa. Se hicieron 1 reajustes.
2026-06-28 05:38:48 | INFO | each_eight_hours.py:113 | Processing account: john
2026-06-28 05:38:48 | INFO | my_functions.py:1547 | ⏱ Esperando 0.1 segundos antes de empezar...
2026-06-28 05:38:48 | INFO | my_functions.py:1554 | 🔍 Esperando ventana que contenga alguna de: ['SNAP'] (máx 20s)
2026-06-28 05:38:55 | INFO | my_functions.py:1566 | ✅ Ventana encontrada: 'SNAP'
2026-06-28 05:38:55 | INFO | my_functions.py:1581 | ✅ Ventana seleccionada: 'SNAP'
2026-06-28 05:38:57 | INFO | my_functions.py:1613 | ✔ Verificación completa. No hubo cambios después del primer ajuste.
2026-06-28 05:38:57 | INFO | my_functions.py:1206 | [DEBUG] Resizing SNAP window...
2026-06-28 05:38:57 | INFO | my_functions.py:1547 | ⏱ Esperando 0.1 segundos antes de empezar...
2026-06-28 05:38:57 | INFO | my_functions.py:1554 | 🔍 Esperando ventana que contenga alguna de: ['SNAP'] (máx 20s)
2026-06-28 05:38:57 | INFO | my_functions.py:1566 | ✅ Ventana encontrada: 'SNAP'
2026-06-28 05:38:57 | INFO | my_functions.py:1581 | ✅ Ventana seleccionada: 'SNAP'
2026-06-28 05:39:00 | INFO | my_functions.py:1613 | ✔ Verificación completa. No hubo cambios después del primer ajuste.
2026-06-28 05:39:00 | INFO | my_functions.py:247 | [DEBUG] Buscando en paralelo: ['small_submit.PNG', 'small_submit_hover.png', 'submit_hover_2.png', 'small_submit_hover_2.png'] | timeout=90s | confidence=0.8
2026-06-28 05:40:33 | INFO | my_functions.py:281 | [DEBUG] Click skipped, ninguna de las imágenes se encontró en el intento.
2026-06-28 05:40:35 | INFO | my_functions.py:169 | Searching shop_unselected.PNG (timeout=0s)
2026-06-28 05:40:35 | INFO | my_functions.py:213 | 
⛔ Not found: shop_unselected.PNG after 0.0s region=(0, 0, 765, 1038) confidence=0.8
2026-06-28 05:40:35 | INFO | my_functions.py:247 | [DEBUG] Buscando en paralelo: ['super_premium.PNG'] | timeout=0s | confidence=0.8
2026-06-28 05:40:37 | INFO | my_functions.py:134 | Haciendo click en la posición (480, 777)
2026-06-28 05:40:37 | INFO | my_functions.py:269 | 🖱️ Click OK (En paralelo): super_premium.PNG at (480, 777) delay=1s
2026-06-28 05:40:38 | INFO | my_functions.py:142 | Presionando ESC (1/1)
2026-06-28 05:40:47 | INFO | my_functions.py:169 | Searching shop_unselected.PNG (timeout=0s)
2026-06-28 05:40:48 | INFO | my_functions.py:199 | 
✅ Found: shop_unselected.PNG pos=(88, 961) time=0.78s confidence=0.8
2026-06-28 05:40:48 | INFO | my_functions.py:714 | Ya esta listo
2026-06-28 05:40:48 | INFO | my_functions.py:247 | [DEBUG] Buscando en paralelo: ['nut.png'] | timeout=20s | confidence=0.8
2026-06-28 05:40:50 | INFO | my_functions.py:134 | Haciendo click en la posición (184, 78)
2026-06-28 05:40:50 | INFO | my_functions.py:269 | 🖱️ Click OK (En paralelo): nut.png at (184, 78) delay=1s
2026-06-28 05:40:51 | INFO | my_functions.py:247 | [DEBUG] Buscando en paralelo: ['graphics_quality.png'] | timeout=3s | confidence=0.8
2026-06-28 05:40:52 | INFO | my_functions.py:134 | Haciendo click en la posición (304, 644)
2026-06-28 05:40:53 | INFO | my_functions.py:269 | 🖱️ Click OK (En paralelo): graphics_quality.png at (304, 644) delay=1s
2026-06-28 05:40:55 | INFO | my_functions.py:247 | [DEBUG] Buscando en paralelo: ['sign_out.png'] | timeout=20s | confidence=0.8
2026-06-28 05:40:57 | INFO | my_functions.py:134 | Haciendo click en la posición (380, 796)
2026-06-28 05:40:57 | INFO | my_functions.py:269 | 🖱️ Click OK (En paralelo): sign_out.png at (380, 796) delay=1s
2026-06-28 05:40:59 | INFO | my_functions.py:247 | [DEBUG] Buscando en paralelo: ['sign_out_grande.png'] | timeout=20s | confidence=0.8
2026-06-28 05:41:00 | INFO | my_functions.py:134 | Haciendo click en la posición (359, 437)
2026-06-28 05:41:01 | INFO | my_functions.py:269 | 🖱️ Click OK (En paralelo): sign_out_grande.png at (359, 437) delay=1s
2026-06-28 05:41:02 | INFO | my_functions.py:247 | [DEBUG] Buscando en paralelo: ['sign_out2.png'] | timeout=20s | confidence=0.8
2026-06-28 05:41:03 | INFO | my_functions.py:134 | Haciendo click en la posición (383, 634)
2026-06-28 05:41:04 | INFO | my_functions.py:269 | 🖱️ Click OK (En paralelo): sign_out2.png at (383, 634) delay=1s
2026-06-28 05:41:05 | INFO | my_functions.py:1547 | ⏱ Esperando 0.1 segundos antes de empezar...
2026-06-28 05:41:05 | INFO | my_functions.py:1554 | 🔍 Esperando ventana que contenga alguna de: SNAP (máx 20s)
2026-06-28 05:41:05 | INFO | my_functions.py:1566 | ✅ Ventana encontrada: 'SNAP'
2026-06-28 05:41:05 | INFO | my_functions.py:1581 | ✅ Ventana seleccionada: 'SNAP'
2026-06-28 05:41:07 | INFO | my_functions.py:1604 | 🔁 Reajuste #1...
2026-06-28 05:41:09 | INFO | my_functions.py:1611 | ✔ Verificación completa. Se hicieron 1 reajustes.
2026-06-28 05:41:13 | INFO | my_functions.py:1206 | [DEBUG] Resizing SNAP window...
2026-06-28 05:41:13 | INFO | my_functions.py:1547 | ⏱ Esperando 0.1 segundos antes de empezar...
2026-06-28 05:41:14 | INFO | my_functions.py:1554 | 🔍 Esperando ventana que contenga alguna de: ['SNAP'] (máx 20s)
2026-06-28 05:41:17 | INFO | my_functions.py:1566 | ✅ Ventana encontrada: 'SNAP'
2026-06-28 05:41:17 | INFO | my_functions.py:1581 | ✅ Ventana seleccionada: 'SNAP'
2026-06-28 05:41:20 | INFO | my_functions.py:1613 | ✔ Verificación completa. No hubo cambios después del primer ajuste.
2026-06-28 05:41:20 | INFO | my_functions.py:247 | [DEBUG] Buscando en paralelo: ['small_submit.PNG', 'small_submit_hover.png', 'submit_hover_2.png', 'small_submit_hover_2.png'] | timeout=90s | confidence=0.8
2026-06-28 05:41:35 | INFO | my_functions.py:134 | Haciendo click en la posición (380, 642)
2026-06-28 05:41:36 | INFO | my_functions.py:269 | 🖱️ Click OK (En paralelo): small_submit.PNG at (380, 642) delay=0.2s
2026-06-28 05:41:39 | INFO | my_functions.py:247 | [DEBUG] Buscando en paralelo: ['small_submit.PNG', 'small_submit_hover.png', 'submit_hover_2.png', 'small_submit_hover_2.png'] | timeout=20s | confidence=0.8
2026-06-28 05:41:40 | INFO | my_functions.py:134 | Haciendo click en la posición (380, 721)
2026-06-28 05:41:41 | INFO | my_functions.py:269 | 🖱️ Click OK (En paralelo): small_submit.PNG at (380, 721) delay=0.2s
2026-06-28 05:41:42 | INFO | my_functions.py:1547 | ⏱ Esperando 0.1 segundos antes de empezar...
2026-06-28 05:41:42 | INFO | my_functions.py:1554 | 🔍 Esperando ventana que contenga alguna de: ['SNAP'] (máx 20s)
2026-06-28 05:41:42 | INFO | my_functions.py:1566 | ✅ Ventana encontrada: 'SNAP'
2026-06-28 05:41:42 | INFO | my_functions.py:1581 | ✅ Ventana seleccionada: 'SNAP'
2026-06-28 05:41:45 | INFO | my_functions.py:1613 | ✔ Verificación completa. No hubo cambios después del primer ajuste.
2026-06-28 05:41:45 | INFO | my_functions.py:169 | Searching please_sign.png (timeout=0s)
2026-06-28 05:41:45 | INFO | my_functions.py:213 | 
⛔ Not found: please_sign.png after 0.0s region=(0, 0, 765, 1038) confidence=0.8
2026-06-28 05:41:45 | INFO | my_functions.py:247 | [DEBUG] Buscando en paralelo: ['sign_in_with_google2.PNG'] | timeout=20s | confidence=0.8
2026-06-28 05:41:47 | INFO | my_functions.py:134 | Haciendo click en la posición (406, 957)
2026-06-28 05:41:47 | INFO | my_functions.py:269 | 🖱️ Click OK (En paralelo): sign_in_with_google2.PNG at (406, 957) delay=1s
2026-06-28 05:41:48 | INFO | my_functions.py:169 | Searching pagina_cargada.png (timeout=60s)
2026-06-28 05:41:56 | INFO | my_functions.py:199 | 
✅ Found: pagina_cargada.png pos=(70, 24) time=7.73s confidence=0.8
2026-06-28 05:41:56 | INFO | my_functions.py:247 | [DEBUG] Buscando en paralelo: ['john.png'] | timeout=0s | confidence=0.8
2026-06-28 05:42:00 | INFO | my_functions.py:134 | Haciendo click en la posición (1143, 619)
2026-06-28 05:42:00 | INFO | my_functions.py:269 | 🖱️ Click OK (En paralelo): john.png at (1143, 619) delay=3s
2026-06-28 05:42:01 | INFO | my_functions.py:169 | Searching marvelsnap_web.png (timeout=30s)
2026-06-28 05:42:07 | INFO | my_functions.py:199 | 
✅ Found: marvelsnap_web.png pos=(258, 80) time=5.46s confidence=0.7
2026-06-28 05:42:09 | INFO | my_functions.py:247 | [DEBUG] Buscando en paralelo: ['small_submit.PNG', 'small_submit_hover.png', 'submit_hover_2.png', 'small_submit_hover_2.png'] | timeout=20s | confidence=0.8
2026-06-28 05:42:34 | INFO | my_functions.py:281 | [DEBUG] Click skipped, ninguna de las imágenes se encontró en el intento.
2026-06-28 05:42:35 | INFO | my_functions.py:1547 | ⏱ Esperando 0.1 segundos antes de empezar...
2026-06-28 05:42:35 | INFO | my_functions.py:1554 | 🔍 Esperando ventana que contenga alguna de: ['SNAP'] (máx 20s)
2026-06-28 05:42:35 | INFO | my_functions.py:1566 | ✅ Ventana encontrada: 'SNAP'
2026-06-28 05:42:35 | INFO | my_functions.py:1581 | ✅ Ventana seleccionada: 'SNAP'
2026-06-28 05:42:38 | INFO | my_functions.py:1613 | ✔ Verificación completa. No hubo cambios después del primer ajuste.
2026-06-28 05:42:38 | INFO | my_functions.py:169 | Searching please_sign.png (timeout=0s)
2026-06-28 05:42:39 | INFO | my_functions.py:213 | 
⛔ Not found: please_sign.png after 0.0s region=(0, 0, 765, 1038) confidence=0.8
2026-06-28 05:42:39 | INFO | my_functions.py:247 | [DEBUG] Buscando en paralelo: ['sign_in_with_google2.PNG'] | timeout=20s | confidence=0.8
2026-06-28 05:43:00 | INFO | my_functions.py:281 | [DEBUG] Click skipped, ninguna de las imágenes se encontró en el intento.
2026-06-28 05:43:01 | INFO | my_functions.py:169 | Searching pagina_cargada.png (timeout=60s)
2026-06-28 05:44:02 | INFO | my_functions.py:213 | 
⛔ Not found: pagina_cargada.png after 60.56s region=(0, 0, 765, 1038) confidence=0.8
2026-06-28 05:44:02 | INFO | my_functions.py:169 | Searching marvelsnap_web.png (timeout=30s)
2026-06-28 05:44:34 | INFO | my_functions.py:213 | 
⛔ Not found: marvelsnap_web.png after 30.57s region=(0, 0, 765, 1038) confidence=0.7
2026-06-28 05:44:34 | INFO | my_functions.py:169 | Searching shop_unselected.PNG (timeout=0s)
2026-06-28 05:44:34 | INFO | my_functions.py:199 | 
✅ Found: shop_unselected.PNG pos=(89, 961) time=0.89s confidence=0.8
2026-06-28 05:44:42 | INFO | my_functions.py:169 | Searching shop_unselected.PNG (timeout=0s)
2026-06-28 05:44:43 | INFO | my_functions.py:199 | 
✅ Found: shop_unselected.PNG pos=(89, 961) time=0.81s confidence=0.8
2026-06-28 05:44:43 | INFO | my_functions.py:714 | Ya esta listo
2026-06-28 05:44:48 | INFO | my_functions.py:533 | AVAILABLE: 3
2026-06-28 05:44:48 | INFO | my_functions.py:247 | [DEBUG] Buscando en paralelo: ['nut.png'] | timeout=20s | confidence=0.8
2026-06-28 05:44:50 | INFO | my_functions.py:134 | Haciendo click en la posición (184, 78)
2026-06-28 05:44:50 | INFO | my_functions.py:269 | 🖱️ Click OK (En paralelo): nut.png at (184, 78) delay=1s
2026-06-28 05:44:51 | INFO | my_functions.py:247 | [DEBUG] Buscando en paralelo: ['graphics_quality.png'] | timeout=3s | confidence=0.8
2026-06-28 05:44:53 | INFO | my_functions.py:134 | Haciendo click en la posición (304, 644)
2026-06-28 05:44:53 | INFO | my_functions.py:269 | 🖱️ Click OK (En paralelo): graphics_quality.png at (304, 644) delay=1s
2026-06-28 05:44:55 | INFO | my_functions.py:247 | [DEBUG] Buscando en paralelo: ['sign_out.png'] | timeout=20s | confidence=0.8
2026-06-28 05:44:57 | INFO | my_functions.py:134 | Haciendo click en la posición (380, 796)
2026-06-28 05:44:57 | INFO | my_functions.py:269 | 🖱️ Click OK (En paralelo): sign_out.png at (380, 796) delay=1s
2026-06-28 05:45:00 | INFO | my_functions.py:247 | [DEBUG] Buscando en paralelo: ['sign_out_grande.png'] | timeout=20s | confidence=0.8
2026-06-28 05:45:01 | INFO | my_functions.py:134 | Haciendo click en la posición (359, 437)
2026-06-28 05:45:01 | INFO | my_functions.py:269 | 🖱️ Click OK (En paralelo): sign_out_grande.png at (359, 437) delay=1s
2026-06-28 05:45:02 | INFO | my_functions.py:247 | [DEBUG] Buscando en paralelo: ['sign_out2.png'] | timeout=20s | confidence=0.8
2026-06-28 05:45:04 | INFO | my_functions.py:134 | Haciendo click en la posición (383, 634)
2026-06-28 05:45:04 | INFO | my_functions.py:269 | 🖱️ Click OK (En paralelo): sign_out2.png at (383, 634) delay=1s
2026-06-28 05:45:05 | INFO | my_functions.py:1547 | ⏱ Esperando 0.1 segundos antes de empezar...
2026-06-28 05:45:05 | INFO | my_functions.py:1554 | 🔍 Esperando ventana que contenga alguna de: SNAP (máx 20s)
2026-06-28 05:45:05 | INFO | my_functions.py:1566 | ✅ Ventana encontrada: 'SNAP'
2026-06-28 05:45:05 | INFO | my_functions.py:1581 | ✅ Ventana seleccionada: 'SNAP'
2026-06-28 05:45:07 | INFO | my_functions.py:1604 | 🔁 Reajuste #1...
2026-06-28 05:45:10 | INFO | my_functions.py:1611 | ✔ Verificación completa. Se hicieron 1 reajustes.
2026-06-28 05:45:14 | INFO | each_eight_hours.py:113 | Processing account: robert
2026-06-28 05:45:14 | INFO | my_functions.py:1547 | ⏱ Esperando 0.1 segundos antes de empezar...
2026-06-28 05:45:14 | INFO | my_functions.py:1554 | 🔍 Esperando ventana que contenga alguna de: ['SNAP'] (máx 20s)
2026-06-28 05:45:17 | INFO | my_functions.py:1566 | ✅ Ventana encontrada: 'SNAP'
2026-06-28 05:45:17 | INFO | my_functions.py:1581 | ✅ Ventana seleccionada: 'SNAP'
2026-06-28 05:45:19 | INFO | my_functions.py:1613 | ✔ Verificación completa. No hubo cambios después del primer ajuste.
2026-06-28 05:45:19 | INFO | my_functions.py:1206 | [DEBUG] Resizing SNAP window...
2026-06-28 05:45:19 | INFO | my_functions.py:1547 | ⏱ Esperando 0.1 segundos antes de empezar...
2026-06-28 05:45:19 | INFO | my_functions.py:1554 | 🔍 Esperando ventana que contenga alguna de: ['SNAP'] (máx 20s)
2026-06-28 05:45:19 | INFO | my_functions.py:1566 | ✅ Ventana encontrada: 'SNAP'
2026-06-28 05:45:19 | INFO | my_functions.py:1581 | ✅ Ventana seleccionada: 'SNAP'
2026-06-28 05:45:22 | INFO | my_functions.py:1613 | ✔ Verificación completa. No hubo cambios después del primer ajuste.
2026-06-28 05:45:22 | INFO | my_functions.py:247 | [DEBUG] Buscando en paralelo: ['small_submit.PNG', 'small_submit_hover.png', 'submit_hover_2.png', 'small_submit_hover_2.png'] | timeout=90s | confidence=0.8
2026-06-28 05:46:22 | INFO | my_functions.py:134 | Haciendo click en la posición (380, 642)
2026-06-28 05:46:22 | INFO | my_functions.py:269 | 🖱️ Click OK (En paralelo): small_submit.PNG at (380, 642) delay=0.2s
2026-06-28 05:46:25 | INFO | my_functions.py:247 | [DEBUG] Buscando en paralelo: ['small_submit.PNG', 'small_submit_hover.png', 'submit_hover_2.png', 'small_submit_hover_2.png'] | timeout=20s | confidence=0.8
2026-06-28 05:46:27 | INFO | my_functions.py:134 | Haciendo click en la posición (380, 721)
2026-06-28 05:46:27 | INFO | my_functions.py:269 | 🖱️ Click OK (En paralelo): small_submit.PNG at (380, 721) delay=0.2s
2026-06-28 05:46:28 | INFO | my_functions.py:1547 | ⏱ Esperando 0.1 segundos antes de empezar...
2026-06-28 05:46:28 | INFO | my_functions.py:1554 | 🔍 Esperando ventana que contenga alguna de: ['SNAP'] (máx 20s)
2026-06-28 05:46:28 | INFO | my_functions.py:1566 | ✅ Ventana encontrada: 'SNAP'
2026-06-28 05:46:28 | INFO | my_functions.py:1581 | ✅ Ventana seleccionada: 'SNAP'
2026-06-28 05:46:30 | INFO | my_functions.py:1604 | 🔁 Reajuste #1...
2026-06-28 05:46:31 | INFO | my_functions.py:1611 | ✔ Verificación completa. Se hicieron 1 reajustes.
2026-06-28 05:46:31 | INFO | my_functions.py:169 | Searching please_sign.png (timeout=0s)
2026-06-28 05:46:32 | INFO | my_functions.py:199 | 
✅ Found: please_sign.png pos=(383, 438) time=0.52s confidence=0.8
2026-06-28 05:46:32 | INFO | my_functions.py:247 | [DEBUG] Buscando en paralelo: ['ok_btn.png'] | timeout=20s | confidence=0.8
2026-06-28 05:46:34 | INFO | my_functions.py:134 | Haciendo click en la posición (382, 634)
2026-06-28 05:46:34 | INFO | my_functions.py:269 | 🖱️ Click OK (En paralelo): ok_btn.png at (382, 634) delay=1s
2026-06-28 05:46:35 | INFO | my_functions.py:247 | [DEBUG] Buscando en paralelo: ['small_submit.PNG', 'small_submit_hover.png', 'submit_hover_2.png', 'small_submit_hover_2.png'] | timeout=30s | confidence=0.8
2026-06-28 05:46:38 | INFO | my_functions.py:134 | Haciendo click en la posición (383, 643)
2026-06-28 05:46:38 | INFO | my_functions.py:269 | 🖱️ Click OK (En paralelo): small_submit_hover_2.png at (383, 643) delay=0.2s
2026-06-28 05:46:39 | INFO | my_functions.py:247 | [DEBUG] Buscando en paralelo: ['small_submit.PNG', 'small_submit_hover.png', 'submit_hover_2.png', 'small_submit_hover_2.png'] | timeout=20s | confidence=0.8
2026-06-28 05:46:41 | INFO | my_functions.py:134 | Haciendo click en la posición (380, 721)
2026-06-28 05:46:41 | INFO | my_functions.py:269 | 🖱️ Click OK (En paralelo): small_submit.PNG at (380, 721) delay=0.2s
2026-06-28 05:46:42 | INFO | my_functions.py:247 | [DEBUG] Buscando en paralelo: ['sign_in_with_google2.PNG'] | timeout=20s | confidence=0.8
2026-06-28 05:46:44 | INFO | my_functions.py:134 | Haciendo click en la posición (406, 957)
2026-06-28 05:46:44 | INFO | my_functions.py:269 | 🖱️ Click OK (En paralelo): sign_in_with_google2.PNG at (406, 957) delay=1s
2026-06-28 05:46:45 | INFO | my_functions.py:169 | Searching pagina_cargada.png (timeout=60s)
2026-06-28 05:46:54 | INFO | my_functions.py:199 | 
✅ Found: pagina_cargada.png pos=(70, 24) time=8.45s confidence=0.8
2026-06-28 05:46:54 | INFO | my_functions.py:247 | [DEBUG] Buscando en paralelo: ['robert.png'] | timeout=0s | confidence=0.8
2026-06-28 05:46:58 | INFO | my_functions.py:134 | Haciendo click en la posición (1152, 794)
2026-06-28 05:46:58 | INFO | my_functions.py:269 | 🖱️ Click OK (En paralelo): robert.png at (1152, 794) delay=3s
2026-06-28 05:46:59 | INFO | my_functions.py:169 | Searching marvelsnap_web.png (timeout=30s)
2026-06-28 05:47:06 | INFO | my_functions.py:199 | 
✅ Found: marvelsnap_web.png pos=(258, 80) time=6.56s confidence=0.7
2026-06-28 05:47:06 | INFO | my_functions.py:169 | Searching shop_unselected.PNG (timeout=0s)
2026-06-28 05:47:07 | INFO | my_functions.py:213 | 
⛔ Not found: shop_unselected.PNG after 0.0s region=(0, 0, 765, 1038) confidence=0.8
2026-06-28 05:47:07 | INFO | my_functions.py:247 | [DEBUG] Buscando en paralelo: ['super_premium.PNG'] | timeout=0s | confidence=0.8
2026-06-28 05:47:07 | INFO | my_functions.py:281 | [DEBUG] Click skipped, ninguna de las imágenes se encontró en el intento.
2026-06-28 05:47:09 | INFO | my_functions.py:247 | [DEBUG] Buscando en paralelo: ['maybe_later.PNG'] | timeout=0s | confidence=0.8
2026-06-28 05:47:09 | INFO | my_functions.py:281 | [DEBUG] Click skipped, ninguna de las imágenes se encontró en el intento.
2026-06-28 05:47:10 | INFO | my_functions.py:247 | [DEBUG] Buscando en paralelo: ['maybe_later2.PNG'] | timeout=0s | confidence=0.8
2026-06-28 05:47:11 | INFO | my_functions.py:281 | [DEBUG] Click skipped, ninguna de las imágenes se encontró en el intento.
2026-06-28 05:47:12 | INFO | my_functions.py:169 | Searching go_to_shop.PNG (timeout=0s)
2026-06-28 05:47:13 | INFO | my_functions.py:213 | 
⛔ Not found: go_to_shop.PNG after 0.0s region=(0, 0, 765, 1038) confidence=0.8
2026-06-28 05:47:13 | INFO | my_functions.py:247 | [DEBUG] Buscando en paralelo: ['14_days_of_winterverse.PNG'] | timeout=0s | confidence=0.8
2026-06-28 05:47:14 | INFO | my_functions.py:281 | [DEBUG] Click skipped, ninguna de las imágenes se encontró en el intento.
2026-06-28 05:47:15 | INFO | my_functions.py:169 | Searching welcome_back_calendar.PNG (timeout=0s)
2026-06-28 05:47:16 | INFO | my_functions.py:213 | 
⛔ Not found: welcome_back_calendar.PNG after 0.0s region=(0, 0, 765, 1038) confidence=0.8
2026-06-28 05:47:16 | INFO | my_functions.py:247 | [DEBUG] Buscando en paralelo: ['start_the_countdown.PNG'] | timeout=0s | confidence=0.8
2026-06-28 05:47:17 | INFO | my_functions.py:281 | [DEBUG] Click skipped, ninguna de las imágenes se encontró en el intento.
2026-06-28 05:47:19 | INFO | my_functions.py:247 | [DEBUG] Buscando en paralelo: ['event_has_ended_sanctum.PNG'] | timeout=0s | confidence=0.8
2026-06-28 05:47:19 | INFO | my_functions.py:281 | [DEBUG] Click skipped, ninguna de las imágenes se encontró en el intento.
2026-06-28 05:47:20 | INFO | my_functions.py:247 | [DEBUG] Buscando en paralelo: ['event_has_ended_teamclash.PNG'] | timeout=0s | confidence=0.8
2026-06-28 05:47:22 | INFO | my_functions.py:281 | [DEBUG] Click skipped, ninguna de las imágenes se encontró en el intento.
2026-06-28 05:47:23 | INFO | my_functions.py:247 | [DEBUG] Buscando en paralelo: ['image_part_of_event_grand_arena_finished.PNG'] | timeout=0s | confidence=0.8
2026-06-28 05:47:23 | INFO | my_functions.py:281 | [DEBUG] Click skipped, ninguna de las imágenes se encontró en el intento.
2026-06-28 05:47:24 | INFO | my_functions.py:169 | Searching 28_day_event_login_rewards.PNG (timeout=0s)
2026-06-28 05:47:25 | INFO | my_functions.py:213 | 
⛔ Not found: 28_day_event_login_rewards.PNG after 0.0s region=(0, 0, 765, 1038) confidence=0.8
2026-06-28 05:47:25 | INFO | my_functions.py:169 | Searching 7_day_event_login.PNG (timeout=0s)
2026-06-28 05:47:26 | INFO | my_functions.py:213 | 
⛔ Not found: 7_day_event_login.PNG after 0.0s region=(0, 0, 765, 1038) confidence=0.8
2026-06-28 05:47:26 | INFO | my_functions.py:169 | Searching 14_days_event.PNG (timeout=0s)
2026-06-28 05:47:26 | INFO | my_functions.py:213 | 
⛔ Not found: 14_days_event.PNG after 0.01s region=(0, 0, 765, 1038) confidence=0.8
2026-06-28 05:47:26 | INFO | my_functions.py:247 | [DEBUG] Buscando en paralelo: ['lets_go.PNG'] | timeout=0s | confidence=0.8
2026-06-28 05:47:27 | INFO | my_functions.py:281 | [DEBUG] Click skipped, ninguna de las imágenes se encontró en el intento.
2026-06-28 05:47:29 | INFO | my_functions.py:169 | Searching shop_unselected.PNG (timeout=0s)
2026-06-28 05:47:30 | INFO | my_functions.py:213 | 
⛔ Not found: shop_unselected.PNG after 0.0s region=(0, 0, 765, 1038) confidence=0.8
2026-06-28 05:47:30 | INFO | my_functions.py:247 | [DEBUG] Buscando en paralelo: ['super_premium.PNG'] | timeout=0s | confidence=0.8
2026-06-28 05:47:31 | INFO | my_functions.py:134 | Haciendo click en la posición (480, 777)
2026-06-28 05:47:32 | INFO | my_functions.py:269 | 🖱️ Click OK (En paralelo): super_premium.PNG at (480, 777) delay=1s
2026-06-28 05:47:33 | INFO | my_functions.py:142 | Presionando ESC (1/1)
2026-06-28 05:47:41 | INFO | my_functions.py:169 | Searching shop_unselected.PNG (timeout=0s)
2026-06-28 05:47:42 | INFO | my_functions.py:199 | 
✅ Found: shop_unselected.PNG pos=(88, 961) time=0.85s confidence=0.8
2026-06-28 05:47:42 | INFO | my_functions.py:714 | Ya esta listo
2026-06-28 05:47:46 | INFO | my_functions.py:533 | AVAILABLE: 3
2026-06-28 05:47:46 | INFO | my_functions.py:247 | [DEBUG] Buscando en paralelo: ['nut.png'] | timeout=20s | confidence=0.8
2026-06-28 05:47:48 | INFO | my_functions.py:134 | Haciendo click en la posición (184, 78)
2026-06-28 05:47:49 | INFO | my_functions.py:269 | 🖱️ Click OK (En paralelo): nut.png at (184, 78) delay=1s
2026-06-28 05:47:50 | INFO | my_functions.py:247 | [DEBUG] Buscando en paralelo: ['graphics_quality.png'] | timeout=3s | confidence=0.8
2026-06-28 05:47:51 | INFO | my_functions.py:134 | Haciendo click en la posición (304, 644)
2026-06-28 05:47:52 | INFO | my_functions.py:269 | 🖱️ Click OK (En paralelo): graphics_quality.png at (304, 644) delay=1s
2026-06-28 05:47:54 | INFO | my_functions.py:247 | [DEBUG] Buscando en paralelo: ['sign_out.png'] | timeout=20s | confidence=0.8
2026-06-28 05:47:56 | INFO | my_functions.py:134 | Haciendo click en la posición (380, 796)
2026-06-28 05:47:56 | INFO | my_functions.py:269 | 🖱️ Click OK (En paralelo): sign_out.png at (380, 796) delay=1s
2026-06-28 05:47:58 | INFO | my_functions.py:247 | [DEBUG] Buscando en paralelo: ['sign_out_grande.png'] | timeout=20s | confidence=0.8
2026-06-28 05:47:59 | INFO | my_functions.py:134 | Haciendo click en la posición (359, 437)
2026-06-28 05:48:00 | INFO | my_functions.py:269 | 🖱️ Click OK (En paralelo): sign_out_grande.png at (359, 437) delay=1s
2026-06-28 05:48:01 | INFO | my_functions.py:247 | [DEBUG] Buscando en paralelo: ['sign_out2.png'] | timeout=20s | confidence=0.8
2026-06-28 05:48:03 | INFO | my_functions.py:134 | Haciendo click en la posición (383, 634)
2026-06-28 05:48:03 | INFO | my_functions.py:269 | 🖱️ Click OK (En paralelo): sign_out2.png at (383, 634) delay=1s
2026-06-28 05:48:04 | INFO | my_functions.py:1547 | ⏱ Esperando 0.1 segundos antes de empezar...
2026-06-28 05:48:04 | INFO | my_functions.py:1554 | 🔍 Esperando ventana que contenga alguna de: SNAP (máx 20s)
2026-06-28 05:48:04 | INFO | my_functions.py:1566 | ✅ Ventana encontrada: 'SNAP'
2026-06-28 05:48:04 | INFO | my_functions.py:1581 | ✅ Ventana seleccionada: 'SNAP'
2026-06-28 05:48:06 | INFO | my_functions.py:1604 | 🔁 Reajuste #1...
2026-06-28 05:48:08 | INFO | my_functions.py:1611 | ✔ Verificación completa. Se hicieron 1 reajustes.
2026-06-28 05:48:12 | INFO | each_eight_hours.py:113 | Processing account: michael
2026-06-28 05:48:12 | INFO | my_functions.py:1547 | ⏱ Esperando 0.1 segundos antes de empezar...
2026-06-28 05:48:12 | INFO | my_functions.py:1554 | 🔍 Esperando ventana que contenga alguna de: ['SNAP'] (máx 20s)
2026-06-28 05:48:15 | INFO | my_functions.py:1566 | ✅ Ventana encontrada: 'SNAP'
2026-06-28 05:48:15 | INFO | my_functions.py:1581 | ✅ Ventana seleccionada: 'SNAP'
2026-06-28 05:48:17 | INFO | my_functions.py:1613 | ✔ Verificación completa. No hubo cambios después del primer ajuste.
2026-06-28 05:48:17 | INFO | my_functions.py:1206 | [DEBUG] Resizing SNAP window...
2026-06-28 05:48:17 | INFO | my_functions.py:1547 | ⏱ Esperando 0.1 segundos antes de empezar...
2026-06-28 05:48:17 | INFO | my_functions.py:1554 | 🔍 Esperando ventana que contenga alguna de: ['SNAP'] (máx 20s)
2026-06-28 05:48:17 | INFO | my_functions.py:1566 | ✅ Ventana encontrada: 'SNAP'
2026-06-28 05:48:17 | INFO | my_functions.py:1581 | ✅ Ventana seleccionada: 'SNAP'
2026-06-28 05:48:20 | INFO | my_functions.py:1613 | ✔ Verificación completa. No hubo cambios después del primer ajuste.
2026-06-28 05:48:20 | INFO | my_functions.py:247 | [DEBUG] Buscando en paralelo: ['small_submit.PNG', 'small_submit_hover.png', 'submit_hover_2.png', 'small_submit_hover_2.png'] | timeout=90s | confidence=0.8
2026-06-28 05:48:29 | INFO | my_functions.py:134 | Haciendo click en la posición (380, 642)
2026-06-28 05:48:29 | INFO | my_functions.py:269 | 🖱️ Click OK (En paralelo): small_submit.PNG at (380, 642) delay=0.2s
2026-06-28 05:48:32 | INFO | my_functions.py:247 | [DEBUG] Buscando en paralelo: ['small_submit.PNG', 'small_submit_hover.png', 'submit_hover_2.png', 'small_submit_hover_2.png'] | timeout=20s | confidence=0.8
2026-06-28 05:48:34 | INFO | my_functions.py:134 | Haciendo click en la posición (380, 721)
2026-06-28 05:48:34 | INFO | my_functions.py:269 | 🖱️ Click OK (En paralelo): small_submit.PNG at (380, 721) delay=0.2s
2026-06-28 05:48:35 | INFO | my_functions.py:1547 | ⏱ Esperando 0.1 segundos antes de empezar...
2026-06-28 05:48:35 | INFO | my_functions.py:1554 | 🔍 Esperando ventana que contenga alguna de: ['SNAP'] (máx 20s)
2026-06-28 05:48:35 | INFO | my_functions.py:1566 | ✅ Ventana encontrada: 'SNAP'
2026-06-28 05:48:35 | INFO | my_functions.py:1581 | ✅ Ventana seleccionada: 'SNAP'
2026-06-28 05:48:37 | INFO | my_functions.py:1604 | 🔁 Reajuste #1...
2026-06-28 05:48:38 | INFO | my_functions.py:1611 | ✔ Verificación completa. Se hicieron 1 reajustes.
2026-06-28 05:48:38 | INFO | my_functions.py:169 | Searching please_sign.png (timeout=0s)
2026-06-28 05:48:39 | INFO | my_functions.py:199 | 
✅ Found: please_sign.png pos=(383, 438) time=0.49s confidence=0.8
2026-06-28 05:48:39 | INFO | my_functions.py:247 | [DEBUG] Buscando en paralelo: ['ok_btn.png'] | timeout=20s | confidence=0.8
2026-06-28 05:48:41 | INFO | my_functions.py:134 | Haciendo click en la posición (382, 634)
2026-06-28 05:48:41 | INFO | my_functions.py:269 | 🖱️ Click OK (En paralelo): ok_btn.png at (382, 634) delay=1s
2026-06-28 05:48:42 | INFO | my_functions.py:247 | [DEBUG] Buscando en paralelo: ['small_submit.PNG', 'small_submit_hover.png', 'submit_hover_2.png', 'small_submit_hover_2.png'] | timeout=30s | confidence=0.8
2026-06-28 05:48:45 | INFO | my_functions.py:134 | Haciendo click en la posición (383, 643)
2026-06-28 05:48:46 | INFO | my_functions.py:269 | 🖱️ Click OK (En paralelo): small_submit_hover_2.png at (383, 643) delay=0.2s
2026-06-28 05:48:47 | INFO | my_functions.py:247 | [DEBUG] Buscando en paralelo: ['small_submit.PNG', 'small_submit_hover.png', 'submit_hover_2.png', 'small_submit_hover_2.png'] | timeout=20s | confidence=0.8
2026-06-28 05:48:49 | INFO | my_functions.py:134 | Haciendo click en la posición (380, 721)
2026-06-28 05:48:49 | INFO | my_functions.py:269 | 🖱️ Click OK (En paralelo): small_submit.PNG at (380, 721) delay=0.2s
2026-06-28 05:48:50 | INFO | my_functions.py:247 | [DEBUG] Buscando en paralelo: ['sign_in_with_google2.PNG'] | timeout=20s | confidence=0.8
2026-06-28 05:48:51 | INFO | my_functions.py:134 | Haciendo click en la posición (406, 957)
2026-06-28 05:48:52 | INFO | my_functions.py:269 | 🖱️ Click OK (En paralelo): sign_in_with_google2.PNG at (406, 957) delay=1s
2026-06-28 05:48:53 | INFO | my_functions.py:169 | Searching pagina_cargada.png (timeout=60s)
2026-06-28 05:49:01 | INFO | my_functions.py:199 | 
✅ Found: pagina_cargada.png pos=(70, 24) time=8.1s confidence=0.8
2026-06-28 05:49:01 | INFO | my_functions.py:247 | [DEBUG] Buscando en paralelo: ['michael.png'] | timeout=0s | confidence=0.8
2026-06-28 05:49:05 | INFO | my_functions.py:134 | Haciendo click en la posición (1156, 878)
2026-06-28 05:49:05 | INFO | my_functions.py:269 | 🖱️ Click OK (En paralelo): michael.png at (1156, 878) delay=3s
2026-06-28 05:49:06 | INFO | my_functions.py:169 | Searching marvelsnap_web.png (timeout=30s)
2026-06-28 05:49:11 | INFO | my_functions.py:199 | 
✅ Found: marvelsnap_web.png pos=(258, 80) time=4.42s confidence=0.7
2026-06-28 05:49:11 | INFO | my_functions.py:169 | Searching shop_unselected.PNG (timeout=0s)
2026-06-28 05:49:12 | INFO | my_functions.py:213 | 
⛔ Not found: shop_unselected.PNG after 0.0s region=(0, 0, 765, 1038) confidence=0.8
2026-06-28 05:49:12 | INFO | my_functions.py:247 | [DEBUG] Buscando en paralelo: ['super_premium.PNG'] | timeout=0s | confidence=0.8
2026-06-28 05:49:12 | INFO | my_functions.py:281 | [DEBUG] Click skipped, ninguna de las imágenes se encontró en el intento.
2026-06-28 05:49:13 | INFO | my_functions.py:247 | [DEBUG] Buscando en paralelo: ['maybe_later.PNG'] | timeout=0s | confidence=0.8
2026-06-28 05:49:14 | INFO | my_functions.py:281 | [DEBUG] Click skipped, ninguna de las imágenes se encontró en el intento.
2026-06-28 05:49:15 | INFO | my_functions.py:247 | [DEBUG] Buscando en paralelo: ['maybe_later2.PNG'] | timeout=0s | confidence=0.8
2026-06-28 05:49:16 | INFO | my_functions.py:281 | [DEBUG] Click skipped, ninguna de las imágenes se encontró en el intento.
2026-06-28 05:49:17 | INFO | my_functions.py:169 | Searching go_to_shop.PNG (timeout=0s)
2026-06-28 05:49:17 | INFO | my_functions.py:213 | 
⛔ Not found: go_to_shop.PNG after 0.0s region=(0, 0, 765, 1038) confidence=0.8
2026-06-28 05:49:17 | INFO | my_functions.py:247 | [DEBUG] Buscando en paralelo: ['14_days_of_winterverse.PNG'] | timeout=0s | confidence=0.8
2026-06-28 05:49:18 | INFO | my_functions.py:281 | [DEBUG] Click skipped, ninguna de las imágenes se encontró en el intento.
2026-06-28 05:49:19 | INFO | my_functions.py:169 | Searching welcome_back_calendar.PNG (timeout=0s)
2026-06-28 05:49:20 | INFO | my_functions.py:213 | 
⛔ Not found: welcome_back_calendar.PNG after 0.0s region=(0, 0, 765, 1038) confidence=0.8
2026-06-28 05:49:20 | INFO | my_functions.py:247 | [DEBUG] Buscando en paralelo: ['start_the_countdown.PNG'] | timeout=0s | confidence=0.8
2026-06-28 05:49:20 | INFO | my_functions.py:281 | [DEBUG] Click skipped, ninguna de las imágenes se encontró en el intento.
2026-06-28 05:49:21 | INFO | my_functions.py:247 | [DEBUG] Buscando en paralelo: ['event_has_ended_sanctum.PNG'] | timeout=0s | confidence=0.8
2026-06-28 05:49:22 | INFO | my_functions.py:281 | [DEBUG] Click skipped, ninguna de las imágenes se encontró en el intento.
2026-06-28 05:49:23 | INFO | my_functions.py:247 | [DEBUG] Buscando en paralelo: ['event_has_ended_teamclash.PNG'] | timeout=0s | confidence=0.8
2026-06-28 05:49:24 | INFO | my_functions.py:281 | [DEBUG] Click skipped, ninguna de las imágenes se encontró en el intento.
2026-06-28 05:49:25 | INFO | my_functions.py:247 | [DEBUG] Buscando en paralelo: ['image_part_of_event_grand_arena_finished.PNG'] | timeout=0s | confidence=0.8
2026-06-28 05:49:25 | INFO | my_functions.py:281 | [DEBUG] Click skipped, ninguna de las imágenes se encontró en el intento.
2026-06-28 05:49:27 | INFO | my_functions.py:169 | Searching 28_day_event_login_rewards.PNG (timeout=0s)
2026-06-28 05:49:27 | INFO | my_functions.py:213 | 
⛔ Not found: 28_day_event_login_rewards.PNG after 0.0s region=(0, 0, 765, 1038) confidence=0.8
2026-06-28 05:49:27 | INFO | my_functions.py:169 | Searching 7_day_event_login.PNG (timeout=0s)
2026-06-28 05:49:27 | INFO | my_functions.py:213 | 
⛔ Not found: 7_day_event_login.PNG after 0.0s region=(0, 0, 765, 1038) confidence=0.8
2026-06-28 05:49:27 | INFO | my_functions.py:169 | Searching 14_days_event.PNG (timeout=0s)
2026-06-28 05:49:28 | INFO | my_functions.py:213 | 
⛔ Not found: 14_days_event.PNG after 0.0s region=(0, 0, 765, 1038) confidence=0.8
2026-06-28 05:49:28 | INFO | my_functions.py:247 | [DEBUG] Buscando en paralelo: ['lets_go.PNG'] | timeout=0s | confidence=0.8
2026-06-28 05:49:28 | INFO | my_functions.py:281 | [DEBUG] Click skipped, ninguna de las imágenes se encontró en el intento.
2026-06-28 05:49:31 | INFO | my_functions.py:169 | Searching shop_unselected.PNG (timeout=0s)
2026-06-28 05:49:31 | INFO | my_functions.py:213 | 
⛔ Not found: shop_unselected.PNG after 0.0s region=(0, 0, 765, 1038) confidence=0.8
2026-06-28 05:49:31 | INFO | my_functions.py:247 | [DEBUG] Buscando en paralelo: ['super_premium.PNG'] | timeout=0s | confidence=0.8
2026-06-28 05:49:33 | INFO | my_functions.py:134 | Haciendo click en la posición (480, 777)
2026-06-28 05:49:33 | INFO | my_functions.py:269 | 🖱️ Click OK (En paralelo): super_premium.PNG at (480, 777) delay=1s
2026-06-28 05:49:34 | INFO | my_functions.py:142 | Presionando ESC (1/1)
2026-06-28 05:49:43 | INFO | my_functions.py:169 | Searching shop_unselected.PNG (timeout=0s)
2026-06-28 05:49:43 | INFO | my_functions.py:199 | 
✅ Found: shop_unselected.PNG pos=(89, 961) time=0.7s confidence=0.8
2026-06-28 05:49:43 | INFO | my_functions.py:714 | Ya esta listo
2026-06-28 05:49:48 | INFO | my_functions.py:533 | AVAILABLE: 4
2026-06-28 05:49:48 | INFO | my_functions.py:247 | [DEBUG] Buscando en paralelo: ['nut.png'] | timeout=20s | confidence=0.8
2026-06-28 05:49:49 | INFO | my_functions.py:134 | Haciendo click en la posición (184, 78)
2026-06-28 05:49:50 | INFO | my_functions.py:269 | 🖱️ Click OK (En paralelo): nut.png at (184, 78) delay=1s
2026-06-28 05:49:51 | INFO | my_functions.py:247 | [DEBUG] Buscando en paralelo: ['graphics_quality.png'] | timeout=3s | confidence=0.8
2026-06-28 05:49:52 | INFO | my_functions.py:134 | Haciendo click en la posición (304, 644)
2026-06-28 05:49:52 | INFO | my_functions.py:269 | 🖱️ Click OK (En paralelo): graphics_quality.png at (304, 644) delay=1s
2026-06-28 05:49:55 | INFO | my_functions.py:247 | [DEBUG] Buscando en paralelo: ['sign_out.png'] | timeout=20s | confidence=0.8
2026-06-28 05:49:56 | INFO | my_functions.py:134 | Haciendo click en la posición (380, 796)
2026-06-28 05:49:56 | INFO | my_functions.py:269 | 🖱️ Click OK (En paralelo): sign_out.png at (380, 796) delay=1s
2026-06-28 05:49:58 | INFO | my_functions.py:247 | [DEBUG] Buscando en paralelo: ['sign_out_grande.png'] | timeout=20s | confidence=0.8
2026-06-28 05:50:00 | INFO | my_functions.py:134 | Haciendo click en la posición (359, 437)
2026-06-28 05:50:00 | INFO | my_functions.py:269 | 🖱️ Click OK (En paralelo): sign_out_grande.png at (359, 437) delay=1s
2026-06-28 05:50:01 | INFO | my_functions.py:247 | [DEBUG] Buscando en paralelo: ['sign_out2.png'] | timeout=20s | confidence=0.8
2026-06-28 05:50:03 | INFO | my_functions.py:134 | Haciendo click en la posición (383, 634)
2026-06-28 05:50:03 | INFO | my_functions.py:269 | 🖱️ Click OK (En paralelo): sign_out2.png at (383, 634) delay=1s
2026-06-28 05:50:04 | INFO | my_functions.py:1547 | ⏱ Esperando 0.1 segundos antes de empezar...
2026-06-28 05:50:04 | INFO | my_functions.py:1554 | 🔍 Esperando ventana que contenga alguna de: SNAP (máx 20s)
2026-06-28 05:50:04 | INFO | my_functions.py:1566 | ✅ Ventana encontrada: 'SNAP'
2026-06-28 05:50:04 | INFO | my_functions.py:1581 | ✅ Ventana seleccionada: 'SNAP'
2026-06-28 05:50:06 | INFO | my_functions.py:1604 | 🔁 Reajuste #1...
2026-06-28 05:50:08 | INFO | my_functions.py:1611 | ✔ Verificación completa. Se hicieron 1 reajustes.
2026-06-28 05:50:12 | INFO | each_eight_hours.py:113 | Processing account: william
2026-06-28 05:50:13 | INFO | my_functions.py:1547 | ⏱ Esperando 0.1 segundos antes de empezar...
2026-06-28 05:50:13 | INFO | my_functions.py:1554 | 🔍 Esperando ventana que contenga alguna de: ['SNAP'] (máx 20s)
2026-06-28 05:50:15 | INFO | my_functions.py:1566 | ✅ Ventana encontrada: 'SNAP'
2026-06-28 05:50:15 | INFO | my_functions.py:1581 | ✅ Ventana seleccionada: 'SNAP'
2026-06-28 05:50:18 | INFO | my_functions.py:1613 | ✔ Verificación completa. No hubo cambios después del primer ajuste.
2026-06-28 05:50:18 | INFO | my_functions.py:1206 | [DEBUG] Resizing SNAP window...
2026-06-28 05:50:18 | INFO | my_functions.py:1547 | ⏱ Esperando 0.1 segundos antes de empezar...
2026-06-28 05:50:18 | INFO | my_functions.py:1554 | 🔍 Esperando ventana que contenga alguna de: ['SNAP'] (máx 20s)
2026-06-28 05:50:18 | INFO | my_functions.py:1566 | ✅ Ventana encontrada: 'SNAP'
2026-06-28 05:50:18 | INFO | my_functions.py:1581 | ✅ Ventana seleccionada: 'SNAP'
2026-06-28 05:50:21 | INFO | my_functions.py:1613 | ✔ Verificación completa. No hubo cambios después del primer ajuste.
2026-06-28 05:50:21 | INFO | my_functions.py:247 | [DEBUG] Buscando en paralelo: ['small_submit.PNG', 'small_submit_hover.png', 'submit_hover_2.png', 'small_submit_hover_2.png'] | timeout=90s | confidence=0.8
2026-06-28 05:50:30 | INFO | my_functions.py:134 | Haciendo click en la posición (380, 642)
2026-06-28 05:50:30 | INFO | my_functions.py:269 | 🖱️ Click OK (En paralelo): small_submit.PNG at (380, 642) delay=0.2s
2026-06-28 05:50:34 | INFO | my_functions.py:247 | [DEBUG] Buscando en paralelo: ['small_submit.PNG', 'small_submit_hover.png', 'submit_hover_2.png', 'small_submit_hover_2.png'] | timeout=20s | confidence=0.8
2026-06-28 05:50:36 | INFO | my_functions.py:134 | Haciendo click en la posición (380, 721)
2026-06-28 05:50:36 | INFO | my_functions.py:269 | 🖱️ Click OK (En paralelo): small_submit.PNG at (380, 721) delay=0.2s
2026-06-28 05:50:37 | INFO | my_functions.py:1547 | ⏱ Esperando 0.1 segundos antes de empezar...
2026-06-28 05:50:37 | INFO | my_functions.py:1554 | 🔍 Esperando ventana que contenga alguna de: ['SNAP'] (máx 20s)
2026-06-28 05:50:37 | INFO | my_functions.py:1566 | ✅ Ventana encontrada: 'SNAP'
2026-06-28 05:50:37 | INFO | my_functions.py:1581 | ✅ Ventana seleccionada: 'SNAP'
2026-06-28 05:50:39 | INFO | my_functions.py:1604 | 🔁 Reajuste #1...
2026-06-28 05:50:40 | INFO | my_functions.py:1611 | ✔ Verificación completa. Se hicieron 1 reajustes.
2026-06-28 05:50:40 | INFO | my_functions.py:169 | Searching please_sign.png (timeout=0s)
2026-06-28 05:50:41 | INFO | my_functions.py:199 | 
✅ Found: please_sign.png pos=(383, 438) time=1.12s confidence=0.8
2026-06-28 05:50:41 | INFO | my_functions.py:247 | [DEBUG] Buscando en paralelo: ['ok_btn.png'] | timeout=20s | confidence=0.8
2026-06-28 05:50:43 | INFO | my_functions.py:134 | Haciendo click en la posición (382, 634)
2026-06-28 05:50:44 | INFO | my_functions.py:269 | 🖱️ Click OK (En paralelo): ok_btn.png at (382, 634) delay=1s
2026-06-28 05:50:45 | INFO | my_functions.py:247 | [DEBUG] Buscando en paralelo: ['small_submit.PNG', 'small_submit_hover.png', 'submit_hover_2.png', 'small_submit_hover_2.png'] | timeout=30s | confidence=0.8
2026-06-28 05:50:48 | INFO | my_functions.py:134 | Haciendo click en la posición (383, 643)
2026-06-28 05:50:48 | INFO | my_functions.py:269 | 🖱️ Click OK (En paralelo): small_submit_hover_2.png at (383, 643) delay=0.2s
2026-06-28 05:50:49 | INFO | my_functions.py:247 | [DEBUG] Buscando en paralelo: ['small_submit.PNG', 'small_submit_hover.png', 'submit_hover_2.png', 'small_submit_hover_2.png'] | timeout=20s | confidence=0.8
2026-06-28 05:50:51 | INFO | my_functions.py:134 | Haciendo click en la posición (380, 721)
2026-06-28 05:50:51 | INFO | my_functions.py:269 | 🖱️ Click OK (En paralelo): small_submit.PNG at (380, 721) delay=0.2s
2026-06-28 05:50:52 | INFO | my_functions.py:247 | [DEBUG] Buscando en paralelo: ['sign_in_with_google2.PNG'] | timeout=20s | confidence=0.8
2026-06-28 05:50:54 | INFO | my_functions.py:134 | Haciendo click en la posición (406, 957)
2026-06-28 05:50:54 | INFO | my_functions.py:269 | 🖱️ Click OK (En paralelo): sign_in_with_google2.PNG at (406, 957) delay=1s
2026-06-28 05:50:55 | INFO | my_functions.py:169 | Searching pagina_cargada.png (timeout=60s)
2026-06-28 05:51:05 | INFO | my_functions.py:199 | 
✅ Found: pagina_cargada.png pos=(70, 24) time=9.23s confidence=0.8
2026-06-28 05:51:05 | INFO | my_functions.py:247 | [DEBUG] Buscando en paralelo: ['william.png'] | timeout=0s | confidence=0.8
2026-06-28 05:51:06 | INFO | my_functions.py:281 | [DEBUG] Click skipped, ninguna de las imágenes se encontró en el intento.
2026-06-28 05:51:08 | INFO | my_functions.py:247 | [DEBUG] Buscando en paralelo: ['william.png'] | timeout=0s | confidence=0.8
2026-06-28 05:51:12 | INFO | my_functions.py:134 | Haciendo click en la posición (1150, 469)
2026-06-28 05:51:12 | INFO | my_functions.py:269 | 🖱️ Click OK (En paralelo): william.png at (1150, 469) delay=3s
2026-06-28 05:51:14 | INFO | my_functions.py:169 | Searching marvelsnap_web.png (timeout=30s)
2026-06-28 05:51:18 | INFO | my_functions.py:199 | 
✅ Found: marvelsnap_web.png pos=(258, 80) time=3.69s confidence=0.7
2026-06-28 05:51:18 | INFO | my_functions.py:169 | Searching shop_unselected.PNG (timeout=0s)
2026-06-28 05:51:19 | INFO | my_functions.py:213 | 
⛔ Not found: shop_unselected.PNG after 0.0s region=(0, 0, 765, 1038) confidence=0.8
2026-06-28 05:51:19 | INFO | my_functions.py:247 | [DEBUG] Buscando en paralelo: ['super_premium.PNG'] | timeout=0s | confidence=0.8
2026-06-28 05:51:19 | INFO | my_functions.py:281 | [DEBUG] Click skipped, ninguna de las imágenes se encontró en el intento.
2026-06-28 05:51:20 | INFO | my_functions.py:247 | [DEBUG] Buscando en paralelo: ['maybe_later.PNG'] | timeout=0s | confidence=0.8
2026-06-28 05:51:21 | INFO | my_functions.py:281 | [DEBUG] Click skipped, ninguna de las imágenes se encontró en el intento.
2026-06-28 05:51:22 | INFO | my_functions.py:247 | [DEBUG] Buscando en paralelo: ['maybe_later2.PNG'] | timeout=0s | confidence=0.8
2026-06-28 05:51:23 | INFO | my_functions.py:281 | [DEBUG] Click skipped, ninguna de las imágenes se encontró en el intento.
2026-06-28 05:51:24 | INFO | my_functions.py:169 | Searching go_to_shop.PNG (timeout=0s)
2026-06-28 05:51:24 | INFO | my_functions.py:213 | 
⛔ Not found: go_to_shop.PNG after 0.0s region=(0, 0, 765, 1038) confidence=0.8
2026-06-28 05:51:24 | INFO | my_functions.py:247 | [DEBUG] Buscando en paralelo: ['14_days_of_winterverse.PNG'] | timeout=0s | confidence=0.8
2026-06-28 05:51:25 | INFO | my_functions.py:281 | [DEBUG] Click skipped, ninguna de las imágenes se encontró en el intento.
2026-06-28 05:51:26 | INFO | my_functions.py:169 | Searching welcome_back_calendar.PNG (timeout=0s)
2026-06-28 05:51:26 | INFO | my_functions.py:213 | 
⛔ Not found: welcome_back_calendar.PNG after 0.0s region=(0, 0, 765, 1038) confidence=0.8
2026-06-28 05:51:26 | INFO | my_functions.py:247 | [DEBUG] Buscando en paralelo: ['start_the_countdown.PNG'] | timeout=0s | confidence=0.8
2026-06-28 05:51:27 | INFO | my_functions.py:281 | [DEBUG] Click skipped, ninguna de las imágenes se encontró en el intento.
2026-06-28 05:51:28 | INFO | my_functions.py:247 | [DEBUG] Buscando en paralelo: ['event_has_ended_sanctum.PNG'] | timeout=0s | confidence=0.8
2026-06-28 05:51:30 | INFO | my_functions.py:281 | [DEBUG] Click skipped, ninguna de las imágenes se encontró en el intento.
2026-06-28 05:51:31 | INFO | my_functions.py:247 | [DEBUG] Buscando en paralelo: ['event_has_ended_teamclash.PNG'] | timeout=0s | confidence=0.8
2026-06-28 05:51:32 | INFO | my_functions.py:281 | [DEBUG] Click skipped, ninguna de las imágenes se encontró en el intento.
2026-06-28 05:51:33 | INFO | my_functions.py:247 | [DEBUG] Buscando en paralelo: ['image_part_of_event_grand_arena_finished.PNG'] | timeout=0s | confidence=0.8
2026-06-28 05:51:33 | INFO | my_functions.py:281 | [DEBUG] Click skipped, ninguna de las imágenes se encontró en el intento.
2026-06-28 05:51:34 | INFO | my_functions.py:169 | Searching 28_day_event_login_rewards.PNG (timeout=0s)
2026-06-28 05:51:35 | INFO | my_functions.py:213 | 
⛔ Not found: 28_day_event_login_rewards.PNG after 0.0s region=(0, 0, 765, 1038) confidence=0.8
2026-06-28 05:51:35 | INFO | my_functions.py:169 | Searching 7_day_event_login.PNG (timeout=0s)
2026-06-28 05:51:35 | INFO | my_functions.py:213 | 
⛔ Not found: 7_day_event_login.PNG after 0.0s region=(0, 0, 765, 1038) confidence=0.8
2026-06-28 05:51:35 | INFO | my_functions.py:169 | Searching 14_days_event.PNG (timeout=0s)
2026-06-28 05:51:36 | INFO | my_functions.py:213 | 
⛔ Not found: 14_days_event.PNG after 0.0s region=(0, 0, 765, 1038) confidence=0.8
2026-06-28 05:51:36 | INFO | my_functions.py:247 | [DEBUG] Buscando en paralelo: ['lets_go.PNG'] | timeout=0s | confidence=0.8
2026-06-28 05:51:37 | INFO | my_functions.py:281 | [DEBUG] Click skipped, ninguna de las imágenes se encontró en el intento.
2026-06-28 05:51:39 | INFO | my_functions.py:169 | Searching shop_unselected.PNG (timeout=0s)
2026-06-28 05:51:40 | INFO | my_functions.py:213 | 
⛔ Not found: shop_unselected.PNG after 0.0s region=(0, 0, 765, 1038) confidence=0.8
2026-06-28 05:51:40 | INFO | my_functions.py:247 | [DEBUG] Buscando en paralelo: ['super_premium.PNG'] | timeout=0s | confidence=0.8
2026-06-28 05:51:42 | INFO | my_functions.py:134 | Haciendo click en la posición (480, 777)
2026-06-28 05:51:42 | INFO | my_functions.py:269 | 🖱️ Click OK (En paralelo): super_premium.PNG at (480, 777) delay=1s
2026-06-28 05:51:44 | INFO | my_functions.py:142 | Presionando ESC (1/1)
2026-06-28 05:51:52 | INFO | my_functions.py:169 | Searching shop_unselected.PNG (timeout=0s)
2026-06-28 05:51:53 | INFO | my_functions.py:199 | 
✅ Found: shop_unselected.PNG pos=(88, 961) time=0.81s confidence=0.8
2026-06-28 05:51:53 | INFO | my_functions.py:714 | Ya esta listo
2026-06-28 05:51:57 | INFO | my_functions.py:533 | AVAILABLE: 4
2026-06-28 05:51:57 | INFO | my_functions.py:247 | [DEBUG] Buscando en paralelo: ['nut.png'] | timeout=20s | confidence=0.8
2026-06-28 05:51:59 | INFO | my_functions.py:134 | Haciendo click en la posición (184, 78)
2026-06-28 05:51:59 | INFO | my_functions.py:269 | 🖱️ Click OK (En paralelo): nut.png at (184, 78) delay=1s
2026-06-28 05:52:01 | INFO | my_functions.py:247 | [DEBUG] Buscando en paralelo: ['graphics_quality.png'] | timeout=3s | confidence=0.8
2026-06-28 05:52:02 | INFO | my_functions.py:134 | Haciendo click en la posición (304, 644)
2026-06-28 05:52:02 | INFO | my_functions.py:269 | 🖱️ Click OK (En paralelo): graphics_quality.png at (304, 644) delay=1s
2026-06-28 05:52:04 | INFO | my_functions.py:247 | [DEBUG] Buscando en paralelo: ['sign_out.png'] | timeout=20s | confidence=0.8
2026-06-28 05:52:06 | INFO | my_functions.py:134 | Haciendo click en la posición (380, 796)
2026-06-28 05:52:06 | INFO | my_functions.py:269 | 🖱️ Click OK (En paralelo): sign_out.png at (380, 796) delay=1s
2026-06-28 05:52:08 | INFO | my_functions.py:247 | [DEBUG] Buscando en paralelo: ['sign_out_grande.png'] | timeout=20s | confidence=0.8
2026-06-28 05:52:10 | INFO | my_functions.py:134 | Haciendo click en la posición (359, 437)
2026-06-28 05:52:10 | INFO | my_functions.py:269 | 🖱️ Click OK (En paralelo): sign_out_grande.png at (359, 437) delay=1s
2026-06-28 05:52:11 | INFO | my_functions.py:247 | [DEBUG] Buscando en paralelo: ['sign_out2.png'] | timeout=20s | confidence=0.8
2026-06-28 05:52:13 | INFO | my_functions.py:134 | Haciendo click en la posición (383, 634)
2026-06-28 05:52:13 | INFO | my_functions.py:269 | 🖱️ Click OK (En paralelo): sign_out2.png at (383, 634) delay=1s
2026-06-28 05:52:14 | INFO | my_functions.py:1547 | ⏱ Esperando 0.1 segundos antes de empezar...
2026-06-28 05:52:14 | INFO | my_functions.py:1554 | 🔍 Esperando ventana que contenga alguna de: SNAP (máx 20s)
2026-06-28 05:52:14 | INFO | my_functions.py:1566 | ✅ Ventana encontrada: 'SNAP'
2026-06-28 05:52:14 | INFO | my_functions.py:1581 | ✅ Ventana seleccionada: 'SNAP'
2026-06-28 05:52:16 | INFO | my_functions.py:1604 | 🔁 Reajuste #1...
2026-06-28 05:52:18 | INFO | my_functions.py:1611 | ✔ Verificación completa. Se hicieron 1 reajustes.
2026-06-28 05:52:22 | INFO | each_eight_hours.py:113 | Processing account: reeps_vm
2026-06-28 05:52:23 | INFO | my_functions.py:1547 | ⏱ Esperando 0.1 segundos antes de empezar...
2026-06-28 05:52:23 | INFO | my_functions.py:1554 | 🔍 Esperando ventana que contenga alguna de: ['SNAP'] (máx 20s)
2026-06-28 05:52:25 | INFO | my_functions.py:1566 | ✅ Ventana encontrada: 'SNAP'
2026-06-28 05:52:25 | INFO | my_functions.py:1581 | ✅ Ventana seleccionada: 'SNAP'
2026-06-28 05:52:27 | INFO | my_functions.py:1613 | ✔ Verificación completa. No hubo cambios después del primer ajuste.
2026-06-28 05:52:27 | INFO | my_functions.py:1206 | [DEBUG] Resizing SNAP window...
2026-06-28 05:52:27 | INFO | my_functions.py:1547 | ⏱ Esperando 0.1 segundos antes de empezar...
2026-06-28 05:52:28 | INFO | my_functions.py:1554 | 🔍 Esperando ventana que contenga alguna de: ['SNAP'] (máx 20s)
2026-06-28 05:52:28 | INFO | my_functions.py:1566 | ✅ Ventana encontrada: 'SNAP'
2026-06-28 05:52:28 | INFO | my_functions.py:1581 | ✅ Ventana seleccionada: 'SNAP'
2026-06-28 05:52:31 | INFO | my_functions.py:1613 | ✔ Verificación completa. No hubo cambios después del primer ajuste.
2026-06-28 05:52:31 | INFO | my_functions.py:247 | [DEBUG] Buscando en paralelo: ['small_submit.PNG', 'small_submit_hover.png', 'submit_hover_2.png', 'small_submit_hover_2.png'] | timeout=90s | confidence=0.8
2026-06-28 05:52:38 | INFO | my_functions.py:134 | Haciendo click en la posición (380, 642)
2026-06-28 05:52:38 | INFO | my_functions.py:269 | 🖱️ Click OK (En paralelo): small_submit.PNG at (380, 642) delay=0.2s
2026-06-28 05:52:41 | INFO | my_functions.py:247 | [DEBUG] Buscando en paralelo: ['small_submit.PNG', 'small_submit_hover.png', 'submit_hover_2.png', 'small_submit_hover_2.png'] | timeout=20s | confidence=0.8
2026-06-28 05:52:43 | INFO | my_functions.py:134 | Haciendo click en la posición (380, 721)
2026-06-28 05:52:43 | INFO | my_functions.py:269 | 🖱️ Click OK (En paralelo): small_submit.PNG at (380, 721) delay=0.2s
2026-06-28 05:52:44 | INFO | my_functions.py:1547 | ⏱ Esperando 0.1 segundos antes de empezar...
2026-06-28 05:52:44 | INFO | my_functions.py:1554 | 🔍 Esperando ventana que contenga alguna de: ['SNAP'] (máx 20s)
2026-06-28 05:52:44 | INFO | my_functions.py:1566 | ✅ Ventana encontrada: 'SNAP'
2026-06-28 05:52:44 | INFO | my_functions.py:1581 | ✅ Ventana seleccionada: 'SNAP'
2026-06-28 05:52:46 | INFO | my_functions.py:1604 | 🔁 Reajuste #1...
2026-06-28 05:52:47 | INFO | my_functions.py:1611 | ✔ Verificación completa. Se hicieron 1 reajustes.
2026-06-28 05:52:47 | INFO | my_functions.py:169 | Searching please_sign.png (timeout=0s)
2026-06-28 05:52:48 | INFO | my_functions.py:199 | 
✅ Found: please_sign.png pos=(383, 438) time=0.48s confidence=0.8
2026-06-28 05:52:48 | INFO | my_functions.py:247 | [DEBUG] Buscando en paralelo: ['ok_btn.png'] | timeout=20s | confidence=0.8
2026-06-28 05:52:49 | INFO | my_functions.py:134 | Haciendo click en la posición (382, 634)
2026-06-28 05:52:50 | INFO | my_functions.py:269 | 🖱️ Click OK (En paralelo): ok_btn.png at (382, 634) delay=1s
2026-06-28 05:52:51 | INFO | my_functions.py:247 | [DEBUG] Buscando en paralelo: ['small_submit.PNG', 'small_submit_hover.png', 'submit_hover_2.png', 'small_submit_hover_2.png'] | timeout=30s | confidence=0.8
2026-06-28 05:52:54 | INFO | my_functions.py:134 | Haciendo click en la posición (383, 643)
2026-06-28 05:52:54 | INFO | my_functions.py:269 | 🖱️ Click OK (En paralelo): small_submit_hover_2.png at (383, 643) delay=0.2s
2026-06-28 05:52:55 | INFO | my_functions.py:247 | [DEBUG] Buscando en paralelo: ['small_submit.PNG', 'small_submit_hover.png', 'submit_hover_2.png', 'small_submit_hover_2.png'] | timeout=20s | confidence=0.8
2026-06-28 05:52:57 | INFO | my_functions.py:134 | Haciendo click en la posición (380, 721)
2026-06-28 05:52:57 | INFO | my_functions.py:269 | 🖱️ Click OK (En paralelo): small_submit.PNG at (380, 721) delay=0.2s
2026-06-28 05:52:58 | INFO | my_functions.py:247 | [DEBUG] Buscando en paralelo: ['sign_in_with_google2.PNG'] | timeout=20s | confidence=0.8
2026-06-28 05:52:59 | INFO | my_functions.py:134 | Haciendo click en la posición (406, 957)
2026-06-28 05:53:00 | INFO | my_functions.py:269 | 🖱️ Click OK (En paralelo): sign_in_with_google2.PNG at (406, 957) delay=1s
2026-06-28 05:53:01 | INFO | my_functions.py:169 | Searching pagina_cargada.png (timeout=60s)
2026-06-28 05:53:07 | INFO | my_functions.py:199 | 
✅ Found: pagina_cargada.png pos=(70, 24) time=6.2s confidence=0.8
2026-06-28 05:53:07 | INFO | my_functions.py:247 | [DEBUG] Buscando en paralelo: ['reeps_vm.png'] | timeout=0s | confidence=0.8
2026-06-28 05:53:11 | INFO | my_functions.py:134 | Haciendo click en la posición (1126, 534)
2026-06-28 05:53:11 | INFO | my_functions.py:269 | 🖱️ Click OK (En paralelo): reeps_vm.png at (1126, 534) delay=3s
2026-06-28 05:53:12 | INFO | my_functions.py:169 | Searching marvelsnap_web.png (timeout=30s)
2026-06-28 05:53:16 | INFO | my_functions.py:199 | 
✅ Found: marvelsnap_web.png pos=(258, 80) time=4.16s confidence=0.7
2026-06-28 05:53:17 | INFO | my_functions.py:169 | Searching shop_unselected.PNG (timeout=0s)
2026-06-28 05:53:17 | INFO | my_functions.py:213 | 
⛔ Not found: shop_unselected.PNG after 0.0s region=(0, 0, 765, 1038) confidence=0.8
2026-06-28 05:53:17 | INFO | my_functions.py:247 | [DEBUG] Buscando en paralelo: ['super_premium.PNG'] | timeout=0s | confidence=0.8
2026-06-28 05:53:18 | INFO | my_functions.py:281 | [DEBUG] Click skipped, ninguna de las imágenes se encontró en el intento.
2026-06-28 05:53:19 | INFO | my_functions.py:247 | [DEBUG] Buscando en paralelo: ['maybe_later.PNG'] | timeout=0s | confidence=0.8
2026-06-28 05:53:20 | INFO | my_functions.py:281 | [DEBUG] Click skipped, ninguna de las imágenes se encontró en el intento.
2026-06-28 05:53:21 | INFO | my_functions.py:247 | [DEBUG] Buscando en paralelo: ['maybe_later2.PNG'] | timeout=0s | confidence=0.8
2026-06-28 05:53:21 | INFO | my_functions.py:281 | [DEBUG] Click skipped, ninguna de las imágenes se encontró en el intento.
2026-06-28 05:53:22 | INFO | my_functions.py:169 | Searching go_to_shop.PNG (timeout=0s)
2026-06-28 05:53:23 | INFO | my_functions.py:213 | 
⛔ Not found: go_to_shop.PNG after 0.0s region=(0, 0, 765, 1038) confidence=0.8
2026-06-28 05:53:23 | INFO | my_functions.py:247 | [DEBUG] Buscando en paralelo: ['14_days_of_winterverse.PNG'] | timeout=0s | confidence=0.8
2026-06-28 05:53:24 | INFO | my_functions.py:281 | [DEBUG] Click skipped, ninguna de las imágenes se encontró en el intento.
2026-06-28 05:53:25 | INFO | my_functions.py:169 | Searching welcome_back_calendar.PNG (timeout=0s)
2026-06-28 05:53:25 | INFO | my_functions.py:213 | 
⛔ Not found: welcome_back_calendar.PNG after 0.0s region=(0, 0, 765, 1038) confidence=0.8
2026-06-28 05:53:25 | INFO | my_functions.py:247 | [DEBUG] Buscando en paralelo: ['start_the_countdown.PNG'] | timeout=0s | confidence=0.8
2026-06-28 05:53:26 | INFO | my_functions.py:281 | [DEBUG] Click skipped, ninguna de las imágenes se encontró en el intento.
2026-06-28 05:53:27 | INFO | my_functions.py:247 | [DEBUG] Buscando en paralelo: ['event_has_ended_sanctum.PNG'] | timeout=0s | confidence=0.8
2026-06-28 05:53:27 | INFO | my_functions.py:281 | [DEBUG] Click skipped, ninguna de las imágenes se encontró en el intento.
2026-06-28 05:53:28 | INFO | my_functions.py:247 | [DEBUG] Buscando en paralelo: ['event_has_ended_teamclash.PNG'] | timeout=0s | confidence=0.8
2026-06-28 05:53:29 | INFO | my_functions.py:281 | [DEBUG] Click skipped, ninguna de las imágenes se encontró en el intento.
2026-06-28 05:53:30 | INFO | my_functions.py:247 | [DEBUG] Buscando en paralelo: ['image_part_of_event_grand_arena_finished.PNG'] | timeout=0s | confidence=0.8
2026-06-28 05:53:31 | INFO | my_functions.py:281 | [DEBUG] Click skipped, ninguna de las imágenes se encontró en el intento.
2026-06-28 05:53:32 | INFO | my_functions.py:169 | Searching 28_day_event_login_rewards.PNG (timeout=0s)
2026-06-28 05:53:33 | INFO | my_functions.py:213 | 
⛔ Not found: 28_day_event_login_rewards.PNG after 0.0s region=(0, 0, 765, 1038) confidence=0.8
2026-06-28 05:53:33 | INFO | my_functions.py:169 | Searching 7_day_event_login.PNG (timeout=0s)
2026-06-28 05:53:33 | INFO | my_functions.py:213 | 
⛔ Not found: 7_day_event_login.PNG after 0.0s region=(0, 0, 765, 1038) confidence=0.8
2026-06-28 05:53:33 | INFO | my_functions.py:169 | Searching 14_days_event.PNG (timeout=0s)
2026-06-28 05:53:34 | INFO | my_functions.py:213 | 
⛔ Not found: 14_days_event.PNG after 0.0s region=(0, 0, 765, 1038) confidence=0.8
2026-06-28 05:53:34 | INFO | my_functions.py:247 | [DEBUG] Buscando en paralelo: ['lets_go.PNG'] | timeout=0s | confidence=0.8
2026-06-28 05:53:34 | INFO | my_functions.py:281 | [DEBUG] Click skipped, ninguna de las imágenes se encontró en el intento.
2026-06-28 05:53:36 | INFO | my_functions.py:169 | Searching shop_unselected.PNG (timeout=0s)
2026-06-28 05:53:37 | INFO | my_functions.py:213 | 
⛔ Not found: shop_unselected.PNG after 0.0s region=(0, 0, 765, 1038) confidence=0.8
2026-06-28 05:53:37 | INFO | my_functions.py:247 | [DEBUG] Buscando en paralelo: ['super_premium.PNG'] | timeout=0s | confidence=0.8
2026-06-28 05:53:38 | INFO | my_functions.py:134 | Haciendo click en la posición (480, 777)
2026-06-28 05:53:39 | INFO | my_functions.py:269 | 🖱️ Click OK (En paralelo): super_premium.PNG at (480, 777) delay=1s
2026-06-28 05:53:40 | INFO | my_functions.py:142 | Presionando ESC (1/1)
2026-06-28 05:53:48 | INFO | my_functions.py:169 | Searching shop_unselected.PNG (timeout=0s)
2026-06-28 05:53:49 | INFO | my_functions.py:199 | 
✅ Found: shop_unselected.PNG pos=(88, 961) time=0.75s confidence=0.8
2026-06-28 05:53:49 | INFO | my_functions.py:714 | Ya esta listo
2026-06-28 05:53:53 | INFO | my_functions.py:533 | AVAILABLE: 4
2026-06-28 05:53:53 | INFO | my_functions.py:247 | [DEBUG] Buscando en paralelo: ['nut.png'] | timeout=20s | confidence=0.8
2026-06-28 05:53:55 | INFO | my_functions.py:134 | Haciendo click en la posición (184, 78)
2026-06-28 05:53:55 | INFO | my_functions.py:269 | 🖱️ Click OK (En paralelo): nut.png at (184, 78) delay=1s
2026-06-28 05:53:56 | INFO | my_functions.py:247 | [DEBUG] Buscando en paralelo: ['graphics_quality.png'] | timeout=3s | confidence=0.8
2026-06-28 05:53:58 | INFO | my_functions.py:134 | Haciendo click en la posición (304, 644)
2026-06-28 05:53:58 | INFO | my_functions.py:269 | 🖱️ Click OK (En paralelo): graphics_quality.png at (304, 644) delay=1s
2026-06-28 05:54:00 | INFO | my_functions.py:247 | [DEBUG] Buscando en paralelo: ['sign_out.png'] | timeout=20s | confidence=0.8
2026-06-28 05:54:02 | INFO | my_functions.py:134 | Haciendo click en la posición (380, 796)
2026-06-28 05:54:02 | INFO | my_functions.py:269 | 🖱️ Click OK (En paralelo): sign_out.png at (380, 796) delay=1s
2026-06-28 05:54:04 | INFO | my_functions.py:247 | [DEBUG] Buscando en paralelo: ['sign_out_grande.png'] | timeout=20s | confidence=0.8
2026-06-28 05:54:06 | INFO | my_functions.py:134 | Haciendo click en la posición (359, 437)
2026-06-28 05:54:06 | INFO | my_functions.py:269 | 🖱️ Click OK (En paralelo): sign_out_grande.png at (359, 437) delay=1s
2026-06-28 05:54:07 | INFO | my_functions.py:247 | [DEBUG] Buscando en paralelo: ['sign_out2.png'] | timeout=20s | confidence=0.8
2026-06-28 05:54:09 | INFO | my_functions.py:134 | Haciendo click en la posición (383, 634)
2026-06-28 05:54:09 | INFO | my_functions.py:269 | 🖱️ Click OK (En paralelo): sign_out2.png at (383, 634) delay=1s
2026-06-28 05:54:10 | INFO | my_functions.py:1547 | ⏱ Esperando 0.1 segundos antes de empezar...
2026-06-28 05:54:10 | INFO | my_functions.py:1554 | 🔍 Esperando ventana que contenga alguna de: SNAP (máx 20s)
2026-06-28 05:54:10 | INFO | my_functions.py:1566 | ✅ Ventana encontrada: 'SNAP'
2026-06-28 05:54:10 | INFO | my_functions.py:1581 | ✅ Ventana seleccionada: 'SNAP'
2026-06-28 05:54:12 | INFO | my_functions.py:1604 | 🔁 Reajuste #1...
2026-06-28 05:54:14 | INFO | my_functions.py:1611 | ✔ Verificación completa. Se hicieron 1 reajustes.
2026-06-28 05:54:18 | INFO | each_eight_hours.py:113 | Processing account: overture_vm
2026-06-28 05:54:18 | INFO | my_functions.py:1547 | ⏱ Esperando 0.1 segundos antes de empezar...
2026-06-28 05:54:19 | INFO | my_functions.py:1554 | 🔍 Esperando ventana que contenga alguna de: ['SNAP'] (máx 20s)
2026-06-28 05:54:21 | INFO | my_functions.py:1566 | ✅ Ventana encontrada: 'SNAP'
2026-06-28 05:54:21 | INFO | my_functions.py:1581 | ✅ Ventana seleccionada: 'SNAP'
2026-06-28 05:54:23 | INFO | my_functions.py:1613 | ✔ Verificación completa. No hubo cambios después del primer ajuste.
2026-06-28 05:54:23 | INFO | my_functions.py:1206 | [DEBUG] Resizing SNAP window...
2026-06-28 05:54:23 | INFO | my_functions.py:1547 | ⏱ Esperando 0.1 segundos antes de empezar...
2026-06-28 05:54:23 | INFO | my_functions.py:1554 | 🔍 Esperando ventana que contenga alguna de: ['SNAP'] (máx 20s)
2026-06-28 05:54:23 | INFO | my_functions.py:1566 | ✅ Ventana encontrada: 'SNAP'
2026-06-28 05:54:23 | INFO | my_functions.py:1581 | ✅ Ventana seleccionada: 'SNAP'
2026-06-28 05:54:26 | INFO | my_functions.py:1613 | ✔ Verificación completa. No hubo cambios después del primer ajuste.
2026-06-28 05:54:26 | INFO | my_functions.py:247 | [DEBUG] Buscando en paralelo: ['small_submit.PNG', 'small_submit_hover.png', 'submit_hover_2.png', 'small_submit_hover_2.png'] | timeout=90s | confidence=0.8
2026-06-28 05:54:34 | INFO | my_functions.py:134 | Haciendo click en la posición (380, 642)
2026-06-28 05:54:34 | INFO | my_functions.py:269 | 🖱️ Click OK (En paralelo): small_submit.PNG at (380, 642) delay=0.2s
2026-06-28 05:54:37 | INFO | my_functions.py:247 | [DEBUG] Buscando en paralelo: ['small_submit.PNG', 'small_submit_hover.png', 'submit_hover_2.png', 'small_submit_hover_2.png'] | timeout=20s | confidence=0.8
2026-06-28 05:54:38 | INFO | my_functions.py:134 | Haciendo click en la posición (380, 721)
2026-06-28 05:54:39 | INFO | my_functions.py:269 | 🖱️ Click OK (En paralelo): small_submit.PNG at (380, 721) delay=0.2s
2026-06-28 05:54:40 | INFO | my_functions.py:1547 | ⏱ Esperando 0.1 segundos antes de empezar...
2026-06-28 05:54:40 | INFO | my_functions.py:1554 | 🔍 Esperando ventana que contenga alguna de: ['SNAP'] (máx 20s)
2026-06-28 05:54:40 | INFO | my_functions.py:1566 | ✅ Ventana encontrada: 'SNAP'
2026-06-28 05:54:40 | INFO | my_functions.py:1581 | ✅ Ventana seleccionada: 'SNAP'
2026-06-28 05:54:42 | INFO | my_functions.py:1604 | 🔁 Reajuste #1...
2026-06-28 05:54:43 | INFO | my_functions.py:1611 | ✔ Verificación completa. Se hicieron 1 reajustes.
2026-06-28 05:54:43 | INFO | my_functions.py:169 | Searching please_sign.png (timeout=0s)
2026-06-28 05:54:43 | INFO | my_functions.py:199 | 
✅ Found: please_sign.png pos=(383, 438) time=0.46s confidence=0.8
2026-06-28 05:54:43 | INFO | my_functions.py:247 | [DEBUG] Buscando en paralelo: ['ok_btn.png'] | timeout=20s | confidence=0.8
2026-06-28 05:54:45 | INFO | my_functions.py:134 | Haciendo click en la posición (382, 634)
2026-06-28 05:54:45 | INFO | my_functions.py:269 | 🖱️ Click OK (En paralelo): ok_btn.png at (382, 634) delay=1s
2026-06-28 05:54:47 | INFO | my_functions.py:247 | [DEBUG] Buscando en paralelo: ['small_submit.PNG', 'small_submit_hover.png', 'submit_hover_2.png', 'small_submit_hover_2.png'] | timeout=30s | confidence=0.8
2026-06-28 05:54:50 | INFO | my_functions.py:134 | Haciendo click en la posición (383, 643)
2026-06-28 05:54:50 | INFO | my_functions.py:269 | 🖱️ Click OK (En paralelo): small_submit_hover_2.png at (383, 643) delay=0.2s
2026-06-28 05:54:51 | INFO | my_functions.py:247 | [DEBUG] Buscando en paralelo: ['small_submit.PNG', 'small_submit_hover.png', 'submit_hover_2.png', 'small_submit_hover_2.png'] | timeout=20s | confidence=0.8
2026-06-28 05:54:52 | INFO | my_functions.py:134 | Haciendo click en la posición (380, 721)
2026-06-28 05:54:52 | INFO | my_functions.py:269 | 🖱️ Click OK (En paralelo): small_submit.PNG at (380, 721) delay=0.2s
2026-06-28 05:54:54 | INFO | my_functions.py:247 | [DEBUG] Buscando en paralelo: ['sign_in_with_google2.PNG'] | timeout=20s | confidence=0.8
2026-06-28 05:54:55 | INFO | my_functions.py:134 | Haciendo click en la posición (406, 957)
2026-06-28 05:54:55 | INFO | my_functions.py:269 | 🖱️ Click OK (En paralelo): sign_in_with_google2.PNG at (406, 957) delay=1s
2026-06-28 05:54:56 | INFO | my_functions.py:169 | Searching pagina_cargada.png (timeout=60s)
2026-06-28 05:55:04 | INFO | my_functions.py:199 | 
✅ Found: pagina_cargada.png pos=(70, 24) time=7.34s confidence=0.8
2026-06-28 05:55:04 | INFO | my_functions.py:247 | [DEBUG] Buscando en paralelo: ['overture_vm.png'] | timeout=0s | confidence=0.8
2026-06-28 05:55:08 | INFO | my_functions.py:134 | Haciendo click en la posición (1126, 447)
2026-06-28 05:55:08 | INFO | my_functions.py:269 | 🖱️ Click OK (En paralelo): overture_vm.png at (1126, 447) delay=3s
2026-06-28 05:55:09 | INFO | my_functions.py:169 | Searching marvelsnap_web.png (timeout=30s)
2026-06-28 05:55:13 | INFO | my_functions.py:199 | 
✅ Found: marvelsnap_web.png pos=(258, 80) time=4.42s confidence=0.7
2026-06-28 05:55:14 | INFO | my_functions.py:169 | Searching shop_unselected.PNG (timeout=0s)
2026-06-28 05:55:14 | INFO | my_functions.py:213 | 
⛔ Not found: shop_unselected.PNG after 0.0s region=(0, 0, 765, 1038) confidence=0.8
2026-06-28 05:55:14 | INFO | my_functions.py:247 | [DEBUG] Buscando en paralelo: ['super_premium.PNG'] | timeout=0s | confidence=0.8
2026-06-28 05:55:15 | INFO | my_functions.py:281 | [DEBUG] Click skipped, ninguna de las imágenes se encontró en el intento.
2026-06-28 05:55:16 | INFO | my_functions.py:247 | [DEBUG] Buscando en paralelo: ['maybe_later.PNG'] | timeout=0s | confidence=0.8
2026-06-28 05:55:16 | INFO | my_functions.py:281 | [DEBUG] Click skipped, ninguna de las imágenes se encontró en el intento.
2026-06-28 05:55:18 | INFO | my_functions.py:247 | [DEBUG] Buscando en paralelo: ['maybe_later2.PNG'] | timeout=0s | confidence=0.8
2026-06-28 05:55:18 | INFO | my_functions.py:281 | [DEBUG] Click skipped, ninguna de las imágenes se encontró en el intento.
2026-06-28 05:55:19 | INFO | my_functions.py:169 | Searching go_to_shop.PNG (timeout=0s)
2026-06-28 05:55:20 | INFO | my_functions.py:213 | 
⛔ Not found: go_to_shop.PNG after 0.0s region=(0, 0, 765, 1038) confidence=0.8
2026-06-28 05:55:20 | INFO | my_functions.py:247 | [DEBUG] Buscando en paralelo: ['14_days_of_winterverse.PNG'] | timeout=0s | confidence=0.8
2026-06-28 05:55:20 | INFO | my_functions.py:281 | [DEBUG] Click skipped, ninguna de las imágenes se encontró en el intento.
2026-06-28 05:55:21 | INFO | my_functions.py:169 | Searching welcome_back_calendar.PNG (timeout=0s)
2026-06-28 05:55:22 | INFO | my_functions.py:213 | 
⛔ Not found: welcome_back_calendar.PNG after 0.0s region=(0, 0, 765, 1038) confidence=0.8
2026-06-28 05:55:22 | INFO | my_functions.py:247 | [DEBUG] Buscando en paralelo: ['start_the_countdown.PNG'] | timeout=0s | confidence=0.8
2026-06-28 05:55:22 | INFO | my_functions.py:281 | [DEBUG] Click skipped, ninguna de las imágenes se encontró en el intento.
2026-06-28 05:55:24 | INFO | my_functions.py:247 | [DEBUG] Buscando en paralelo: ['event_has_ended_sanctum.PNG'] | timeout=0s | confidence=0.8
2026-06-28 05:55:24 | INFO | my_functions.py:281 | [DEBUG] Click skipped, ninguna de las imágenes se encontró en el intento.
2026-06-28 05:55:25 | INFO | my_functions.py:247 | [DEBUG] Buscando en paralelo: ['event_has_ended_teamclash.PNG'] | timeout=0s | confidence=0.8
2026-06-28 05:55:26 | INFO | my_functions.py:281 | [DEBUG] Click skipped, ninguna de las imágenes se encontró en el intento.
2026-06-28 05:55:27 | INFO | my_functions.py:247 | [DEBUG] Buscando en paralelo: ['image_part_of_event_grand_arena_finished.PNG'] | timeout=0s | confidence=0.8
2026-06-28 05:55:28 | INFO | my_functions.py:281 | [DEBUG] Click skipped, ninguna de las imágenes se encontró en el intento.
2026-06-28 05:55:29 | INFO | my_functions.py:169 | Searching 28_day_event_login_rewards.PNG (timeout=0s)
2026-06-28 05:55:29 | INFO | my_functions.py:213 | 
⛔ Not found: 28_day_event_login_rewards.PNG after 0.0s region=(0, 0, 765, 1038) confidence=0.8
2026-06-28 05:55:29 | INFO | my_functions.py:169 | Searching 7_day_event_login.PNG (timeout=0s)
2026-06-28 05:55:30 | INFO | my_functions.py:213 | 
⛔ Not found: 7_day_event_login.PNG after 0.0s region=(0, 0, 765, 1038) confidence=0.8
2026-06-28 05:55:30 | INFO | my_functions.py:169 | Searching 14_days_event.PNG (timeout=0s)
2026-06-28 05:55:30 | INFO | my_functions.py:213 | 
⛔ Not found: 14_days_event.PNG after 0.0s region=(0, 0, 765, 1038) confidence=0.8
2026-06-28 05:55:30 | INFO | my_functions.py:247 | [DEBUG] Buscando en paralelo: ['lets_go.PNG'] | timeout=0s | confidence=0.8
2026-06-28 05:55:30 | INFO | my_functions.py:281 | [DEBUG] Click skipped, ninguna de las imágenes se encontró en el intento.
2026-06-28 05:55:33 | INFO | my_functions.py:169 | Searching shop_unselected.PNG (timeout=0s)
2026-06-28 05:55:33 | INFO | my_functions.py:199 | 
✅ Found: shop_unselected.PNG pos=(88, 961) time=0.72s confidence=0.8
2026-06-28 05:55:41 | INFO | my_functions.py:169 | Searching shop_unselected.PNG (timeout=0s)
2026-06-28 05:55:42 | INFO | my_functions.py:199 | 
✅ Found: shop_unselected.PNG pos=(88, 961) time=0.7s confidence=0.8
2026-06-28 05:55:42 | INFO | my_functions.py:714 | Ya esta listo
2026-06-28 05:55:46 | INFO | my_functions.py:533 | AVAILABLE: 3
2026-06-28 05:55:46 | INFO | my_functions.py:247 | [DEBUG] Buscando en paralelo: ['nut.png'] | timeout=20s | confidence=0.8
2026-06-28 05:55:48 | INFO | my_functions.py:134 | Haciendo click en la posición (184, 78)
2026-06-28 05:55:48 | INFO | my_functions.py:269 | 🖱️ Click OK (En paralelo): nut.png at (184, 78) delay=1s
2026-06-28 05:55:49 | INFO | my_functions.py:247 | [DEBUG] Buscando en paralelo: ['graphics_quality.png'] | timeout=3s | confidence=0.8
2026-06-28 05:55:51 | INFO | my_functions.py:134 | Haciendo click en la posición (304, 644)
2026-06-28 05:55:51 | INFO | my_functions.py:269 | 🖱️ Click OK (En paralelo): graphics_quality.png at (304, 644) delay=1s
2026-06-28 05:55:53 | INFO | my_functions.py:247 | [DEBUG] Buscando en paralelo: ['sign_out.png'] | timeout=20s | confidence=0.8
2026-06-28 05:55:55 | INFO | my_functions.py:134 | Haciendo click en la posición (380, 796)
2026-06-28 05:55:55 | INFO | my_functions.py:269 | 🖱️ Click OK (En paralelo): sign_out.png at (380, 796) delay=1s
2026-06-28 05:55:57 | INFO | my_functions.py:247 | [DEBUG] Buscando en paralelo: ['sign_out_grande.png'] | timeout=20s | confidence=0.8
2026-06-28 05:55:59 | INFO | my_functions.py:134 | Haciendo click en la posición (359, 437)
2026-06-28 05:55:59 | INFO | my_functions.py:269 | 🖱️ Click OK (En paralelo): sign_out_grande.png at (359, 437) delay=1s
2026-06-28 05:56:00 | INFO | my_functions.py:247 | [DEBUG] Buscando en paralelo: ['sign_out2.png'] | timeout=20s | confidence=0.8
2026-06-28 05:56:02 | INFO | my_functions.py:134 | Haciendo click en la posición (383, 634)
2026-06-28 05:56:02 | INFO | my_functions.py:269 | 🖱️ Click OK (En paralelo): sign_out2.png at (383, 634) delay=1s
2026-06-28 05:56:03 | INFO | my_functions.py:1547 | ⏱ Esperando 0.1 segundos antes de empezar...
2026-06-28 05:56:03 | INFO | my_functions.py:1554 | 🔍 Esperando ventana que contenga alguna de: SNAP (máx 20s)
2026-06-28 05:56:03 | INFO | my_functions.py:1566 | ✅ Ventana encontrada: 'SNAP'
2026-06-28 05:56:03 | INFO | my_functions.py:1581 | ✅ Ventana seleccionada: 'SNAP'
2026-06-28 05:56:05 | INFO | my_functions.py:1604 | 🔁 Reajuste #1...
2026-06-28 05:56:07 | INFO | my_functions.py:1611 | ✔ Verificación completa. Se hicieron 1 reajustes.
2026-06-28 05:56:11 | INFO | each_eight_hours.py:113 | Processing account: bender_vm
2026-06-28 05:56:11 | INFO | my_functions.py:1547 | ⏱ Esperando 0.1 segundos antes de empezar...
2026-06-28 05:56:11 | INFO | my_functions.py:1554 | 🔍 Esperando ventana que contenga alguna de: ['SNAP'] (máx 20s)
2026-06-28 05:56:15 | INFO | my_functions.py:1566 | ✅ Ventana encontrada: 'SNAP'
2026-06-28 05:56:15 | INFO | my_functions.py:1581 | ✅ Ventana seleccionada: 'SNAP'
2026-06-28 05:56:17 | INFO | my_functions.py:1613 | ✔ Verificación completa. No hubo cambios después del primer ajuste.
2026-06-28 05:56:17 | INFO | my_functions.py:1206 | [DEBUG] Resizing SNAP window...
2026-06-28 05:56:17 | INFO | my_functions.py:1547 | ⏱ Esperando 0.1 segundos antes de empezar...
2026-06-28 05:56:17 | INFO | my_functions.py:1554 | 🔍 Esperando ventana que contenga alguna de: ['SNAP'] (máx 20s)
2026-06-28 05:56:17 | INFO | my_functions.py:1566 | ✅ Ventana encontrada: 'SNAP'
2026-06-28 05:56:17 | INFO | my_functions.py:1581 | ✅ Ventana seleccionada: 'SNAP'
2026-06-28 05:56:20 | INFO | my_functions.py:1613 | ✔ Verificación completa. No hubo cambios después del primer ajuste.
2026-06-28 05:56:20 | INFO | my_functions.py:247 | [DEBUG] Buscando en paralelo: ['small_submit.PNG', 'small_submit_hover.png', 'submit_hover_2.png', 'small_submit_hover_2.png'] | timeout=90s | confidence=0.8
2026-06-28 05:56:28 | INFO | my_functions.py:134 | Haciendo click en la posición (380, 642)
2026-06-28 05:56:28 | INFO | my_functions.py:269 | 🖱️ Click OK (En paralelo): small_submit.PNG at (380, 642) delay=0.2s
2026-06-28 05:56:31 | INFO | my_functions.py:247 | [DEBUG] Buscando en paralelo: ['small_submit.PNG', 'small_submit_hover.png', 'submit_hover_2.png', 'small_submit_hover_2.png'] | timeout=20s | confidence=0.8
2026-06-28 05:56:32 | INFO | my_functions.py:134 | Haciendo click en la posición (380, 721)
2026-06-28 05:56:33 | INFO | my_functions.py:269 | 🖱️ Click OK (En paralelo): small_submit.PNG at (380, 721) delay=0.2s
2026-06-28 05:56:34 | INFO | my_functions.py:1547 | ⏱ Esperando 0.1 segundos antes de empezar...
2026-06-28 05:56:34 | INFO | my_functions.py:1554 | 🔍 Esperando ventana que contenga alguna de: ['SNAP'] (máx 20s)
2026-06-28 05:56:34 | INFO | my_functions.py:1566 | ✅ Ventana encontrada: 'SNAP'
2026-06-28 05:56:34 | INFO | my_functions.py:1581 | ✅ Ventana seleccionada: 'SNAP'
2026-06-28 05:56:36 | INFO | my_functions.py:1604 | 🔁 Reajuste #1...
2026-06-28 05:56:37 | INFO | my_functions.py:1611 | ✔ Verificación completa. Se hicieron 1 reajustes.
2026-06-28 05:56:37 | INFO | my_functions.py:169 | Searching please_sign.png (timeout=0s)
2026-06-28 05:56:37 | INFO | my_functions.py:199 | 
✅ Found: please_sign.png pos=(383, 438) time=0.45s confidence=0.8
2026-06-28 05:56:37 | INFO | my_functions.py:247 | [DEBUG] Buscando en paralelo: ['ok_btn.png'] | timeout=20s | confidence=0.8
2026-06-28 05:56:39 | INFO | my_functions.py:134 | Haciendo click en la posición (382, 634)
2026-06-28 05:56:39 | INFO | my_functions.py:269 | 🖱️ Click OK (En paralelo): ok_btn.png at (382, 634) delay=1s
2026-06-28 05:56:40 | INFO | my_functions.py:247 | [DEBUG] Buscando en paralelo: ['small_submit.PNG', 'small_submit_hover.png', 'submit_hover_2.png', 'small_submit_hover_2.png'] | timeout=30s | confidence=0.8
2026-06-28 05:56:43 | INFO | my_functions.py:134 | Haciendo click en la posición (383, 643)
2026-06-28 05:56:43 | INFO | my_functions.py:269 | 🖱️ Click OK (En paralelo): small_submit_hover_2.png at (383, 643) delay=0.2s
2026-06-28 05:56:44 | INFO | my_functions.py:247 | [DEBUG] Buscando en paralelo: ['small_submit.PNG', 'small_submit_hover.png', 'submit_hover_2.png', 'small_submit_hover_2.png'] | timeout=20s | confidence=0.8
2026-06-28 05:56:46 | INFO | my_functions.py:134 | Haciendo click en la posición (380, 721)
2026-06-28 05:56:46 | INFO | my_functions.py:269 | 🖱️ Click OK (En paralelo): small_submit.PNG at (380, 721) delay=0.2s
2026-06-28 05:56:47 | INFO | my_functions.py:247 | [DEBUG] Buscando en paralelo: ['sign_in_with_google2.PNG'] | timeout=20s | confidence=0.8
2026-06-28 05:56:49 | INFO | my_functions.py:134 | Haciendo click en la posición (406, 957)
2026-06-28 05:56:49 | INFO | my_functions.py:269 | 🖱️ Click OK (En paralelo): sign_in_with_google2.PNG at (406, 957) delay=1s
2026-06-28 05:56:50 | INFO | my_functions.py:169 | Searching pagina_cargada.png (timeout=60s)
2026-06-28 05:56:55 | INFO | my_functions.py:199 | 
✅ Found: pagina_cargada.png pos=(70, 24) time=5.39s confidence=0.8
2026-06-28 05:56:55 | INFO | my_functions.py:247 | [DEBUG] Buscando en paralelo: ['bender_vm.png'] | timeout=0s | confidence=0.8
2026-06-28 05:56:59 | INFO | my_functions.py:134 | Haciendo click en la posición (1125, 358)
2026-06-28 05:57:00 | INFO | my_functions.py:269 | 🖱️ Click OK (En paralelo): bender_vm.png at (1125, 358) delay=3s
2026-06-28 05:57:01 | INFO | my_functions.py:169 | Searching marvelsnap_web.png (timeout=30s)
2026-06-28 05:57:06 | INFO | my_functions.py:199 | 
✅ Found: marvelsnap_web.png pos=(258, 80) time=4.94s confidence=0.7
2026-06-28 05:57:06 | INFO | my_functions.py:169 | Searching shop_unselected.PNG (timeout=0s)
2026-06-28 05:57:07 | INFO | my_functions.py:213 | 
⛔ Not found: shop_unselected.PNG after 0.0s region=(0, 0, 765, 1038) confidence=0.8
2026-06-28 05:57:07 | INFO | my_functions.py:247 | [DEBUG] Buscando en paralelo: ['super_premium.PNG'] | timeout=0s | confidence=0.8
2026-06-28 05:57:07 | INFO | my_functions.py:281 | [DEBUG] Click skipped, ninguna de las imágenes se encontró en el intento.
2026-06-28 05:57:08 | INFO | my_functions.py:247 | [DEBUG] Buscando en paralelo: ['maybe_later.PNG'] | timeout=0s | confidence=0.8
2026-06-28 05:57:09 | INFO | my_functions.py:281 | [DEBUG] Click skipped, ninguna de las imágenes se encontró en el intento.
2026-06-28 05:57:10 | INFO | my_functions.py:247 | [DEBUG] Buscando en paralelo: ['maybe_later2.PNG'] | timeout=0s | confidence=0.8
2026-06-28 05:57:11 | INFO | my_functions.py:281 | [DEBUG] Click skipped, ninguna de las imágenes se encontró en el intento.
2026-06-28 05:57:12 | INFO | my_functions.py:169 | Searching go_to_shop.PNG (timeout=0s)
2026-06-28 05:57:12 | INFO | my_functions.py:213 | 
⛔ Not found: go_to_shop.PNG after 0.0s region=(0, 0, 765, 1038) confidence=0.8
2026-06-28 05:57:12 | INFO | my_functions.py:247 | [DEBUG] Buscando en paralelo: ['14_days_of_winterverse.PNG'] | timeout=0s | confidence=0.8
2026-06-28 05:57:13 | INFO | my_functions.py:281 | [DEBUG] Click skipped, ninguna de las imágenes se encontró en el intento.
2026-06-28 05:57:14 | INFO | my_functions.py:169 | Searching welcome_back_calendar.PNG (timeout=0s)
2026-06-28 05:57:14 | INFO | my_functions.py:213 | 
⛔ Not found: welcome_back_calendar.PNG after 0.0s region=(0, 0, 765, 1038) confidence=0.8
2026-06-28 05:57:14 | INFO | my_functions.py:247 | [DEBUG] Buscando en paralelo: ['start_the_countdown.PNG'] | timeout=0s | confidence=0.8
2026-06-28 05:57:15 | INFO | my_functions.py:281 | [DEBUG] Click skipped, ninguna de las imágenes se encontró en el intento.
2026-06-28 05:57:16 | INFO | my_functions.py:247 | [DEBUG] Buscando en paralelo: ['event_has_ended_sanctum.PNG'] | timeout=0s | confidence=0.8
2026-06-28 05:57:17 | INFO | my_functions.py:281 | [DEBUG] Click skipped, ninguna de las imágenes se encontró en el intento.
2026-06-28 05:57:18 | INFO | my_functions.py:247 | [DEBUG] Buscando en paralelo: ['event_has_ended_teamclash.PNG'] | timeout=0s | confidence=0.8
2026-06-28 05:57:18 | INFO | my_functions.py:281 | [DEBUG] Click skipped, ninguna de las imágenes se encontró en el intento.
2026-06-28 05:57:20 | INFO | my_functions.py:247 | [DEBUG] Buscando en paralelo: ['image_part_of_event_grand_arena_finished.PNG'] | timeout=0s | confidence=0.8
2026-06-28 05:57:20 | INFO | my_functions.py:281 | [DEBUG] Click skipped, ninguna de las imágenes se encontró en el intento.
2026-06-28 05:57:21 | INFO | my_functions.py:169 | Searching 28_day_event_login_rewards.PNG (timeout=0s)
2026-06-28 05:57:22 | INFO | my_functions.py:213 | 
⛔ Not found: 28_day_event_login_rewards.PNG after 0.0s region=(0, 0, 765, 1038) confidence=0.8
2026-06-28 05:57:22 | INFO | my_functions.py:169 | Searching 7_day_event_login.PNG (timeout=0s)
2026-06-28 05:57:22 | INFO | my_functions.py:213 | 
⛔ Not found: 7_day_event_login.PNG after 0.0s region=(0, 0, 765, 1038) confidence=0.8
2026-06-28 05:57:22 | INFO | my_functions.py:169 | Searching 14_days_event.PNG (timeout=0s)
2026-06-28 05:57:23 | INFO | my_functions.py:213 | 
⛔ Not found: 14_days_event.PNG after 0.0s region=(0, 0, 765, 1038) confidence=0.8
2026-06-28 05:57:23 | INFO | my_functions.py:247 | [DEBUG] Buscando en paralelo: ['lets_go.PNG'] | timeout=0s | confidence=0.8
2026-06-28 05:57:23 | INFO | my_functions.py:281 | [DEBUG] Click skipped, ninguna de las imágenes se encontró en el intento.
2026-06-28 05:57:25 | INFO | my_functions.py:169 | Searching shop_unselected.PNG (timeout=0s)
2026-06-28 05:57:26 | INFO | my_functions.py:213 | 
⛔ Not found: shop_unselected.PNG after 0.0s region=(0, 0, 765, 1038) confidence=0.8
2026-06-28 05:57:26 | INFO | my_functions.py:247 | [DEBUG] Buscando en paralelo: ['super_premium.PNG'] | timeout=0s | confidence=0.8
2026-06-28 05:57:26 | INFO | my_functions.py:281 | [DEBUG] Click skipped, ninguna de las imágenes se encontró en el intento.
2026-06-28 05:57:28 | INFO | my_functions.py:247 | [DEBUG] Buscando en paralelo: ['maybe_later.PNG'] | timeout=0s | confidence=0.8
2026-06-28 05:57:28 | INFO | my_functions.py:281 | [DEBUG] Click skipped, ninguna de las imágenes se encontró en el intento.
2026-06-28 05:57:29 | INFO | my_functions.py:247 | [DEBUG] Buscando en paralelo: ['maybe_later2.PNG'] | timeout=0s | confidence=0.8
2026-06-28 05:57:30 | INFO | my_functions.py:281 | [DEBUG] Click skipped, ninguna de las imágenes se encontró en el intento.
2026-06-28 05:57:31 | INFO | my_functions.py:169 | Searching go_to_shop.PNG (timeout=0s)
2026-06-28 05:57:32 | INFO | my_functions.py:199 | 
✅ Found: go_to_shop.PNG pos=(275, 827) time=0.48s confidence=0.8
2026-06-28 05:57:34 | INFO | my_functions.py:247 | [DEBUG] Buscando en paralelo: ['white_x.png'] | timeout=20s | confidence=0.8
2026-06-28 05:57:35 | INFO | my_functions.py:134 | Haciendo click en la posición (597, 113)
2026-06-28 05:57:36 | INFO | my_functions.py:269 | 🖱️ Click OK (En paralelo): white_x.png at (597, 113) delay=1s
2026-06-28 05:57:45 | INFO | my_functions.py:169 | Searching shop_unselected.PNG (timeout=0s)
2026-06-28 05:57:46 | INFO | my_functions.py:213 | 
⛔ Not found: shop_unselected.PNG after 0.71s region=(0, 0, 765, 1038) confidence=0.8
2026-06-28 05:57:47 | INFO | my_functions.py:169 | Searching shop_unselected.PNG (timeout=0s)
2026-06-28 05:57:48 | INFO | my_functions.py:213 | 
⛔ Not found: shop_unselected.PNG after 0.0s region=(0, 0, 765, 1038) confidence=0.8
2026-06-28 05:57:48 | INFO | my_functions.py:247 | [DEBUG] Buscando en paralelo: ['super_premium.PNG'] | timeout=0s | confidence=0.8
2026-06-28 05:57:49 | INFO | my_functions.py:134 | Haciendo click en la posición (480, 777)
2026-06-28 05:57:50 | INFO | my_functions.py:269 | 🖱️ Click OK (En paralelo): super_premium.PNG at (480, 777) delay=1s
2026-06-28 05:57:51 | INFO | my_functions.py:142 | Presionando ESC (1/1)
2026-06-28 05:57:59 | INFO | my_functions.py:169 | Searching shop_unselected.PNG (timeout=0s)
2026-06-28 05:58:00 | INFO | my_functions.py:199 | 
✅ Found: shop_unselected.PNG pos=(88, 961) time=0.71s confidence=0.8
2026-06-28 05:58:00 | INFO | my_functions.py:714 | Ya esta listo
2026-06-28 05:58:04 | INFO | my_functions.py:533 | AVAILABLE: 5
2026-06-28 05:58:04 | INFO | my_functions.py:555 | Misiones completadas: 2
2026-06-28 05:58:04 | INFO | my_functions.py:247 | [DEBUG] Buscando en paralelo: ['missionsNotify2.png'] | timeout=20s | confidence=0.8
2026-06-28 05:58:08 | INFO | my_functions.py:134 | Haciendo click en la posición (538, 124)
2026-06-28 05:58:08 | INFO | my_functions.py:269 | 🖱️ Click OK (En paralelo): missionsNotify2.png at (538, 124) delay=3s
2026-06-28 05:58:09 | INFO | my_functions.py:1472 | [INFO] Iniciando click_missions_blue2
2026-06-28 05:58:09 | INFO | my_functions.py:134 | Haciendo click en la posición (150, 132)
2026-06-28 05:58:11 | INFO | my_functions.py:1475 | [ACTION] Click hecho en icono de calendario que me dirige a las misiones ordinarias
2026-06-28 05:58:11 | INFO | my_functions.py:169 | Searching bonus_challenge.png (timeout=0s)
2026-06-28 05:58:11 | INFO | my_functions.py:213 | 
⛔ Not found: bonus_challenge.png after 0.0s region=(0, 0, 765, 1038) confidence=0.8
2026-06-28 05:58:13 | INFO | my_functions.py:134 | Haciendo click en la posición (362, 493)
2026-06-28 05:58:14 | INFO | my_functions.py:1488 | [ACTION] Click 1/2 en misión azul
2026-06-28 05:58:15 | INFO | my_functions.py:134 | Haciendo click en la posición (362, 493)
2026-06-28 05:58:16 | INFO | my_functions.py:1488 | [ACTION] Click 2/2 en misión azul
2026-06-28 05:58:16 | INFO | my_functions.py:169 | Searching flechita_mission.PNG (timeout=0s)
2026-06-28 05:58:17 | INFO | my_functions.py:213 | 
⛔ Not found: flechita_mission.PNG after 0.0s region=(0, 0, 765, 1038) confidence=0.8
2026-06-28 05:58:17 | INFO | my_functions.py:247 | [DEBUG] Buscando en paralelo: ['weekly3.PNG'] | timeout=0s | confidence=0.8
2026-06-28 05:58:18 | INFO | my_functions.py:134 | Haciendo click en la posición (485, 266)
2026-06-28 05:58:18 | INFO | my_functions.py:269 | 🖱️ Click OK (En paralelo): weekly3.PNG at (485, 266) delay=0.1s
2026-06-28 05:58:20 | INFO | my_functions.py:247 | [DEBUG] Buscando en paralelo: ['claim!.PNG'] | timeout=0s | confidence=0.8
2026-06-28 05:58:20 | INFO | my_functions.py:134 | Haciendo click en la posición (381, 924)
2026-06-28 05:58:21 | INFO | my_functions.py:269 | 🖱️ Click OK (En paralelo): claim!.PNG at (381, 924) delay=0.2s
2026-06-28 05:58:22 | INFO | my_functions.py:247 | [DEBUG] Buscando en paralelo: ['claim_hover.PNG'] | timeout=0s | confidence=0.8
2026-06-28 05:58:23 | INFO | my_functions.py:134 | Haciendo click en la posición (383, 921)
2026-06-28 05:58:23 | INFO | my_functions.py:269 | 🖱️ Click OK (En paralelo): claim_hover.PNG at (383, 921) delay=0.2s
2026-06-28 05:58:24 | INFO | my_functions.py:247 | [DEBUG] Buscando en paralelo: ['claim!.PNG'] | timeout=0s | confidence=0.8
2026-06-28 05:58:25 | INFO | my_functions.py:281 | [DEBUG] Click skipped, ninguna de las imágenes se encontró en el intento.
2026-06-28 05:58:26 | INFO | my_functions.py:247 | [DEBUG] Buscando en paralelo: ['claim_hover.PNG'] | timeout=0s | confidence=0.8
2026-06-28 05:58:27 | INFO | my_functions.py:134 | Haciendo click en la posición (383, 921)
2026-06-28 05:58:27 | INFO | my_functions.py:269 | 🖱️ Click OK (En paralelo): claim_hover.PNG at (383, 921) delay=0.2s
2026-06-28 05:58:28 | INFO | my_functions.py:247 | [DEBUG] Buscando en paralelo: ['weekly3.PNG'] | timeout=0s | confidence=0.8
2026-06-28 05:58:29 | INFO | my_functions.py:281 | [DEBUG] Click skipped, ninguna de las imágenes se encontró en el intento.
2026-06-28 05:58:30 | INFO | my_functions.py:247 | [DEBUG] Buscando en paralelo: ['weekly3.PNG'] | timeout=0s | confidence=0.8
2026-06-28 05:58:31 | INFO | my_functions.py:281 | [DEBUG] Click skipped, ninguna de las imágenes se encontró en el intento.
2026-06-28 05:58:32 | INFO | my_functions.py:134 | Haciendo click en la posición (557, 64)
2026-06-28 05:58:33 | INFO | my_functions.py:247 | [DEBUG] Buscando en paralelo: ['cards_shop.PNG'] | timeout=20s | confidence=0.8
2026-06-28 05:58:36 | INFO | my_functions.py:134 | Haciendo click en la posición (568, 121)
2026-06-28 05:58:36 | INFO | my_functions.py:269 | 🖱️ Click OK (En paralelo): cards_shop.PNG at (568, 121) delay=1s
2026-06-28 05:58:37 | INFO | my_functions.py:247 | [DEBUG] Buscando en paralelo: ['token_icon.PNG'] | timeout=20s | confidence=0.8
2026-06-28 05:58:40 | INFO | my_functions.py:134 | Haciendo click en la posición (680, 171)
2026-06-28 05:58:40 | INFO | my_functions.py:269 | 🖱️ Click OK (En paralelo): token_icon.PNG at (680, 171) delay=1s
2026-06-28 05:58:44 | INFO | my_functions.py:247 | [DEBUG] Buscando en paralelo: ['claim!_token_3.PNG'] | timeout=4s | confidence=0.8
2026-06-28 05:58:48 | INFO | my_functions.py:281 | [DEBUG] Click skipped, ninguna de las imágenes se encontró en el intento.
2026-06-28 05:58:49 | INFO | my_functions.py:247 | [DEBUG] Buscando en paralelo: ['cards_shop.PNG'] | timeout=20s | confidence=0.8
2026-06-28 05:58:51 | INFO | my_functions.py:134 | Haciendo click en la posición (568, 122)
2026-06-28 05:58:51 | INFO | my_functions.py:269 | 🖱️ Click OK (En paralelo): cards_shop.PNG at (568, 122) delay=1s
2026-06-28 05:58:52 | INFO | my_functions.py:247 | [DEBUG] Buscando en paralelo: ['offers.PNG'] | timeout=20s | confidence=0.8
2026-06-28 05:58:54 | INFO | my_functions.py:134 | Haciendo click en la posición (197, 121)
2026-06-28 05:58:55 | INFO | my_functions.py:269 | 🖱️ Click OK (En paralelo): offers.PNG at (197, 121) delay=1s
2026-06-28 05:58:56 | INFO | my_functions.py:1356 | [INFO] Iniciando mejora de cartas
2026-06-28 05:58:56 | INFO | my_functions.py:247 | [DEBUG] Buscando en paralelo: ['upgrade_cards_icon.PNG'] | timeout=20s | confidence=0.8
2026-06-28 05:58:58 | INFO | my_functions.py:134 | Haciendo click en la posición (322, 170)
2026-06-28 05:58:58 | INFO | my_functions.py:269 | 🖱️ Click OK (En paralelo): upgrade_cards_icon.PNG at (322, 170) delay=1s
2026-06-28 05:58:59 | INFO | my_functions.py:1360 | [INFO] Abriendo icono de upgrade_cards
2026-06-28 05:59:00 | INFO | my_functions.py:1367 | [STEP] Mejorando carta 1
2026-06-28 05:59:00 | INFO | my_functions.py:1371 | [ACTION] Click en carta 1
2026-06-28 05:59:01 | INFO | my_functions.py:1376 | [ACTION] Click en botón upgrade
2026-06-28 05:59:08 | INFO | my_functions.py:169 | Searching aw_snap.png (timeout=3s)
2026-06-28 05:59:14 | INFO | my_functions.py:213 | 
⛔ Not found: aw_snap.png after 4.63s region=(0, 0, 765, 1038) confidence=0.8
2026-06-28 05:59:14 | INFO | my_functions.py:247 | [DEBUG] Buscando en paralelo: ['you_need_more_credits!.png'] | timeout=3s | confidence=0.8
2026-06-28 05:59:18 | INFO | my_functions.py:281 | [DEBUG] Click skipped, ninguna de las imágenes se encontró en el intento.
2026-06-28 05:59:25 | INFO | my_functions.py:1409 | [ACTION] Click para continuar a stage de nivel de coleccion
2026-06-28 05:59:30 | INFO | my_functions.py:142 | Presionando ESC (1/1)
2026-06-28 05:59:30 | INFO | my_functions.py:1417 | [ACTION] Saliendo de stage nivel de coleccion con ESC
2026-06-28 05:59:31 | INFO | my_functions.py:247 | [DEBUG] Buscando en paralelo: ['upgrade_cards_icon_selected.PNG'] | timeout=0s | confidence=0.8
2026-06-28 05:59:32 | INFO | my_functions.py:281 | [DEBUG] Click skipped, ninguna de las imágenes se encontró en el intento.
2026-06-28 05:59:33 | INFO | my_functions.py:247 | [DEBUG] Buscando en paralelo: ['upgrade_cards_icon.PNG'] | timeout=0s | confidence=0.8
2026-06-28 05:59:35 | INFO | my_functions.py:134 | Haciendo click en la posición (322, 170)
2026-06-28 05:59:35 | INFO | my_functions.py:269 | 🖱️ Click OK (En paralelo): upgrade_cards_icon.PNG at (322, 170) delay=1s
2026-06-28 05:59:36 | INFO | my_functions.py:1429 | [INFO] Reabriendo icono de upgrade_cards
2026-06-28 05:59:37 | INFO | my_functions.py:1367 | [STEP] Mejorando carta 2
2026-06-28 05:59:37 | INFO | my_functions.py:1371 | [ACTION] Click en carta 2
2026-06-28 05:59:39 | INFO | my_functions.py:1376 | [ACTION] Click en botón upgrade
2026-06-28 05:59:46 | INFO | my_functions.py:169 | Searching aw_snap.png (timeout=3s)
2026-06-28 05:59:50 | INFO | my_functions.py:213 | 
⛔ Not found: aw_snap.png after 3.46s region=(0, 0, 765, 1038) confidence=0.8
2026-06-28 05:59:50 | INFO | my_functions.py:247 | [DEBUG] Buscando en paralelo: ['you_need_more_credits!.png'] | timeout=3s | confidence=0.8
2026-06-28 05:59:53 | INFO | my_functions.py:281 | [DEBUG] Click skipped, ninguna de las imágenes se encontró en el intento.
