2026-06-26 05:15:45 | INFO | each_eight_hours.py:36 | LOG FILE PATH: \\vmware-host\Shared Folders\SHARED FILES VM\MS\logs\each_eight_hours_2026-06-26_05-15-45.log
2026-06-26 05:15:45 | INFO | each_eight_hours.py:37 | Logger initialized
2026-06-26 05:15:45 | INFO | each_eight_hours.py:64 | Script initialized
2026-06-26 05:16:06 | INFO | each_eight_hours.py:105 | snap.exe terminated if it was running
2026-06-26 05:16:06 | INFO | my_functions.py:56 | ⏳ Esperando WebSocket de OBS...
2026-06-26 05:16:13 | INFO | baseclient.py:33 | Connecting with parameters: host='localhost' port=4455 password='' subs=0 timeout=None
2026-06-26 05:16:13 | INFO | reqs.py:23 | Successfully identified ReqClient with the server using RPC version:1
2026-06-26 05:16:13 | INFO | my_functions.py:62 | ✅ Conectado al OBS WebSocket
2026-06-26 05:16:13 | ERROR | reqs.py:59 | OBSSDKRequestError: Request GetRecordStatus returned code 207. With message: OBS is not ready to perform the request.
Traceback (most recent call last):
  File "C:\Users\Farm\AppData\Local\Programs\Python\Python311\Lib\site-packages\obsws_python\reqs.py", line 53, in send
    raise OBSSDKRequestError(
obsws_python.error.OBSSDKRequestError: Request GetRecordStatus returned code 207. With message: OBS is not ready to perform the request.
2026-06-26 05:16:14 | INFO | my_functions.py:87 | 🎬 Grabación iniciada
2026-06-26 05:16:14 | INFO | my_functions.py:1547 | ⏱ Esperando 0.1 segundos antes de empezar...
2026-06-26 05:16:15 | INFO | my_functions.py:1554 | 🔍 Esperando ventana que contenga alguna de: ['py', 'eight_hours'] (máx 20s)
2026-06-26 05:16:15 | INFO | my_functions.py:1566 | ✅ Ventana encontrada: 'each_eight_hours  - Acceso directo'
2026-06-26 05:16:15 | INFO | my_functions.py:1581 | ✅ Ventana seleccionada: 'each_eight_hours  - Acceso directo'
2026-06-26 05:16:17 | INFO | my_functions.py:1604 | 🔁 Reajuste #1...
2026-06-26 05:16:17 | INFO | my_functions.py:1611 | ✔ Verificación completa. Se hicieron 1 reajustes.
2026-06-26 05:16:17 | INFO | each_eight_hours.py:113 | Processing account: jeremy
2026-06-26 05:16:17 | INFO | my_functions.py:1547 | ⏱ Esperando 0.1 segundos antes de empezar...
2026-06-26 05:16:17 | INFO | my_functions.py:1554 | 🔍 Esperando ventana que contenga alguna de: ['SNAP'] (máx 20s)
2026-06-26 05:16:22 | INFO | my_functions.py:1566 | ✅ Ventana encontrada: 'SNAP'
2026-06-26 05:16:22 | INFO | my_functions.py:1581 | ✅ Ventana seleccionada: 'SNAP'
2026-06-26 05:16:24 | INFO | my_functions.py:1613 | ✔ Verificación completa. No hubo cambios después del primer ajuste.
2026-06-26 05:16:24 | INFO | my_functions.py:1206 | [DEBUG] Resizing SNAP window...
2026-06-26 05:16:24 | INFO | my_functions.py:1547 | ⏱ Esperando 0.1 segundos antes de empezar...
2026-06-26 05:16:24 | INFO | my_functions.py:1554 | 🔍 Esperando ventana que contenga alguna de: ['SNAP'] (máx 20s)
2026-06-26 05:16:24 | INFO | my_functions.py:1566 | ✅ Ventana encontrada: 'SNAP'
2026-06-26 05:16:24 | INFO | my_functions.py:1581 | ✅ Ventana seleccionada: 'SNAP'
2026-06-26 05:16:27 | INFO | my_functions.py:1613 | ✔ Verificación completa. No hubo cambios después del primer ajuste.
2026-06-26 05:16:27 | INFO | my_functions.py:247 | [DEBUG] Buscando en paralelo: ['small_submit.PNG', 'small_submit_hover.png', 'submit_hover_2.png', 'small_submit_hover_2.png'] | timeout=90s | confidence=0.8
2026-06-26 05:18:00 | INFO | my_functions.py:281 | [DEBUG] Click skipped, ninguna de las imágenes se encontró en el intento.
2026-06-26 05:18:01 | INFO | my_functions.py:169 | Searching shop_unselected.PNG (timeout=0s)
2026-06-26 05:18:01 | INFO | my_functions.py:199 | 
✅ Found: shop_unselected.PNG pos=(88, 961) time=0.76s confidence=0.8
2026-06-26 05:18:09 | INFO | my_functions.py:169 | Searching shop_unselected.PNG (timeout=0s)
2026-06-26 05:18:10 | INFO | my_functions.py:199 | 
✅ Found: shop_unselected.PNG pos=(88, 961) time=0.73s confidence=0.8
2026-06-26 05:18:10 | INFO | my_functions.py:714 | Ya esta listo
2026-06-26 05:18:10 | INFO | my_functions.py:247 | [DEBUG] Buscando en paralelo: ['nut.png'] | timeout=20s | confidence=0.8
2026-06-26 05:18:12 | INFO | my_functions.py:134 | Haciendo click en la posición (184, 78)
2026-06-26 05:18:12 | INFO | my_functions.py:269 | 🖱️ Click OK (En paralelo): nut.png at (184, 78) delay=1s
2026-06-26 05:18:13 | INFO | my_functions.py:247 | [DEBUG] Buscando en paralelo: ['graphics_quality.png'] | timeout=3s | confidence=0.8
2026-06-26 05:18:15 | INFO | my_functions.py:134 | Haciendo click en la posición (304, 644)
2026-06-26 05:18:15 | INFO | my_functions.py:269 | 🖱️ Click OK (En paralelo): graphics_quality.png at (304, 644) delay=1s
2026-06-26 05:18:17 | INFO | my_functions.py:247 | [DEBUG] Buscando en paralelo: ['sign_out.png'] | timeout=20s | confidence=0.8
2026-06-26 05:18:19 | INFO | my_functions.py:134 | Haciendo click en la posición (380, 796)
2026-06-26 05:18:19 | INFO | my_functions.py:269 | 🖱️ Click OK (En paralelo): sign_out.png at (380, 796) delay=1s
2026-06-26 05:18:22 | INFO | my_functions.py:247 | [DEBUG] Buscando en paralelo: ['sign_out_grande.png'] | timeout=20s | confidence=0.8
2026-06-26 05:18:23 | INFO | my_functions.py:134 | Haciendo click en la posición (359, 437)
2026-06-26 05:18:23 | INFO | my_functions.py:269 | 🖱️ Click OK (En paralelo): sign_out_grande.png at (359, 437) delay=1s
2026-06-26 05:18:24 | INFO | my_functions.py:247 | [DEBUG] Buscando en paralelo: ['sign_out2.png'] | timeout=20s | confidence=0.8
2026-06-26 05:18:26 | INFO | my_functions.py:134 | Haciendo click en la posición (383, 634)
2026-06-26 05:18:26 | INFO | my_functions.py:269 | 🖱️ Click OK (En paralelo): sign_out2.png at (383, 634) delay=1s
2026-06-26 05:18:27 | INFO | my_functions.py:1547 | ⏱ Esperando 0.1 segundos antes de empezar...
2026-06-26 05:18:27 | INFO | my_functions.py:1554 | 🔍 Esperando ventana que contenga alguna de: SNAP (máx 20s)
2026-06-26 05:18:27 | INFO | my_functions.py:1566 | ✅ Ventana encontrada: 'SNAP'
2026-06-26 05:18:27 | INFO | my_functions.py:1581 | ✅ Ventana seleccionada: 'SNAP'
2026-06-26 05:18:29 | INFO | my_functions.py:1604 | 🔁 Reajuste #1...
2026-06-26 05:18:32 | INFO | my_functions.py:1611 | ✔ Verificación completa. Se hicieron 1 reajustes.
2026-06-26 05:18:36 | INFO | my_functions.py:1206 | [DEBUG] Resizing SNAP window...
2026-06-26 05:18:36 | INFO | my_functions.py:1547 | ⏱ Esperando 0.1 segundos antes de empezar...
2026-06-26 05:18:36 | INFO | my_functions.py:1554 | 🔍 Esperando ventana que contenga alguna de: ['SNAP'] (máx 20s)
2026-06-26 05:18:38 | INFO | my_functions.py:1566 | ✅ Ventana encontrada: 'SNAP'
2026-06-26 05:18:38 | INFO | my_functions.py:1581 | ✅ Ventana seleccionada: 'SNAP'
2026-06-26 05:18:41 | INFO | my_functions.py:1613 | ✔ Verificación completa. No hubo cambios después del primer ajuste.
2026-06-26 05:18:41 | INFO | my_functions.py:247 | [DEBUG] Buscando en paralelo: ['small_submit.PNG', 'small_submit_hover.png', 'submit_hover_2.png', 'small_submit_hover_2.png'] | timeout=90s | confidence=0.8
2026-06-26 05:18:54 | INFO | my_functions.py:134 | Haciendo click en la posición (380, 642)
2026-06-26 05:18:54 | INFO | my_functions.py:269 | 🖱️ Click OK (En paralelo): small_submit.PNG at (380, 642) delay=0.2s
2026-06-26 05:18:57 | INFO | my_functions.py:247 | [DEBUG] Buscando en paralelo: ['small_submit.PNG', 'small_submit_hover.png', 'submit_hover_2.png', 'small_submit_hover_2.png'] | timeout=20s | confidence=0.8
2026-06-26 05:18:59 | INFO | my_functions.py:134 | Haciendo click en la posición (380, 721)
2026-06-26 05:18:59 | INFO | my_functions.py:269 | 🖱️ Click OK (En paralelo): small_submit.PNG at (380, 721) delay=0.2s
2026-06-26 05:19:00 | INFO | my_functions.py:1547 | ⏱ Esperando 0.1 segundos antes de empezar...
2026-06-26 05:19:00 | INFO | my_functions.py:1554 | 🔍 Esperando ventana que contenga alguna de: ['SNAP'] (máx 20s)
2026-06-26 05:19:00 | INFO | my_functions.py:1566 | ✅ Ventana encontrada: 'SNAP'
2026-06-26 05:19:00 | INFO | my_functions.py:1581 | ✅ Ventana seleccionada: 'SNAP'
2026-06-26 05:19:03 | INFO | my_functions.py:1613 | ✔ Verificación completa. No hubo cambios después del primer ajuste.
2026-06-26 05:19:03 | INFO | my_functions.py:169 | Searching please_sign.png (timeout=0s)
2026-06-26 05:19:04 | INFO | my_functions.py:213 | 
⛔ Not found: please_sign.png after 0.0s region=(0, 0, 765, 1038) confidence=0.8
2026-06-26 05:19:04 | INFO | my_functions.py:247 | [DEBUG] Buscando en paralelo: ['sign_in_with_google2.PNG'] | timeout=20s | confidence=0.8
2026-06-26 05:19:05 | INFO | my_functions.py:134 | Haciendo click en la posición (406, 957)
2026-06-26 05:19:05 | INFO | my_functions.py:269 | 🖱️ Click OK (En paralelo): sign_in_with_google2.PNG at (406, 957) delay=1s
2026-06-26 05:19:07 | INFO | my_functions.py:169 | Searching pagina_cargada.png (timeout=60s)
2026-06-26 05:19:33 | INFO | my_functions.py:199 | 
✅ Found: pagina_cargada.png pos=(70, 24) time=26.34s confidence=0.8
2026-06-26 05:19:33 | INFO | my_functions.py:247 | [DEBUG] Buscando en paralelo: ['jeremy.png'] | timeout=0s | confidence=0.8
2026-06-26 05:19:34 | INFO | my_functions.py:281 | [DEBUG] Click skipped, ninguna de las imágenes se encontró en el intento.
2026-06-26 05:19:36 | INFO | my_functions.py:247 | [DEBUG] Buscando en paralelo: ['jeremy.png'] | timeout=0s | confidence=0.8
2026-06-26 05:19:40 | INFO | my_functions.py:134 | Haciendo click en la posición (1143, 645)
2026-06-26 05:19:40 | INFO | my_functions.py:269 | 🖱️ Click OK (En paralelo): jeremy.png at (1143, 645) delay=3s
2026-06-26 05:19:42 | INFO | my_functions.py:169 | Searching marvelsnap_web.png (timeout=30s)
2026-06-26 05:19:55 | INFO | my_functions.py:199 | 
✅ Found: marvelsnap_web.png pos=(258, 80) time=13.26s confidence=0.7
2026-06-26 05:19:58 | INFO | my_functions.py:247 | [DEBUG] Buscando en paralelo: ['small_submit.PNG', 'small_submit_hover.png', 'submit_hover_2.png', 'small_submit_hover_2.png'] | timeout=20s | confidence=0.8
2026-06-26 05:20:21 | INFO | my_functions.py:281 | [DEBUG] Click skipped, ninguna de las imágenes se encontró en el intento.
2026-06-26 05:20:22 | INFO | my_functions.py:1547 | ⏱ Esperando 0.1 segundos antes de empezar...
2026-06-26 05:20:22 | INFO | my_functions.py:1554 | 🔍 Esperando ventana que contenga alguna de: ['SNAP'] (máx 20s)
2026-06-26 05:20:22 | INFO | my_functions.py:1566 | ✅ Ventana encontrada: 'SNAP'
2026-06-26 05:20:22 | INFO | my_functions.py:1581 | ✅ Ventana seleccionada: 'SNAP'
2026-06-26 05:20:25 | INFO | my_functions.py:1613 | ✔ Verificación completa. No hubo cambios después del primer ajuste.
2026-06-26 05:20:25 | INFO | my_functions.py:169 | Searching please_sign.png (timeout=0s)
2026-06-26 05:20:25 | INFO | my_functions.py:213 | 
⛔ Not found: please_sign.png after 0.0s region=(0, 0, 765, 1038) confidence=0.8
2026-06-26 05:20:25 | INFO | my_functions.py:247 | [DEBUG] Buscando en paralelo: ['sign_in_with_google2.PNG'] | timeout=20s | confidence=0.8
2026-06-26 05:20:45 | INFO | my_functions.py:281 | [DEBUG] Click skipped, ninguna de las imágenes se encontró en el intento.
2026-06-26 05:20:47 | INFO | my_functions.py:169 | Searching pagina_cargada.png (timeout=60s)
2026-06-26 05:21:48 | INFO | my_functions.py:213 | 
⛔ Not found: pagina_cargada.png after 60.68s region=(0, 0, 765, 1038) confidence=0.8
2026-06-26 05:21:48 | INFO | my_functions.py:169 | Searching marvelsnap_web.png (timeout=30s)
2026-06-26 05:22:19 | INFO | my_functions.py:213 | 
⛔ Not found: marvelsnap_web.png after 30.3s region=(0, 0, 765, 1038) confidence=0.7
2026-06-26 05:22:19 | INFO | my_functions.py:169 | Searching shop_unselected.PNG (timeout=0s)
2026-06-26 05:22:20 | INFO | my_functions.py:213 | 
⛔ Not found: shop_unselected.PNG after 0.0s region=(0, 0, 765, 1038) confidence=0.8
2026-06-26 05:22:20 | INFO | my_functions.py:247 | [DEBUG] Buscando en paralelo: ['super_premium.PNG'] | timeout=0s | confidence=0.8
2026-06-26 05:22:20 | INFO | my_functions.py:281 | [DEBUG] Click skipped, ninguna de las imágenes se encontró en el intento.
2026-06-26 05:22:21 | INFO | my_functions.py:247 | [DEBUG] Buscando en paralelo: ['maybe_later.PNG'] | timeout=0s | confidence=0.8
2026-06-26 05:22:22 | INFO | my_functions.py:281 | [DEBUG] Click skipped, ninguna de las imágenes se encontró en el intento.
2026-06-26 05:22:23 | INFO | my_functions.py:247 | [DEBUG] Buscando en paralelo: ['maybe_later2.PNG'] | timeout=0s | confidence=0.8
2026-06-26 05:22:24 | INFO | my_functions.py:281 | [DEBUG] Click skipped, ninguna de las imágenes se encontró en el intento.
2026-06-26 05:22:25 | INFO | my_functions.py:169 | Searching go_to_shop.PNG (timeout=0s)
2026-06-26 05:22:26 | INFO | my_functions.py:199 | 
✅ Found: go_to_shop.PNG pos=(275, 827) time=0.49s confidence=0.8
2026-06-26 05:22:28 | INFO | my_functions.py:247 | [DEBUG] Buscando en paralelo: ['white_x.png'] | timeout=20s | confidence=0.8
2026-06-26 05:22:29 | INFO | my_functions.py:134 | Haciendo click en la posición (597, 113)
2026-06-26 05:22:30 | INFO | my_functions.py:269 | 🖱️ Click OK (En paralelo): white_x.png at (597, 113) delay=1s
2026-06-26 05:22:39 | INFO | my_functions.py:169 | Searching shop_unselected.PNG (timeout=0s)
2026-06-26 05:22:39 | INFO | my_functions.py:213 | 
⛔ Not found: shop_unselected.PNG after 0.0s region=(0, 0, 765, 1038) confidence=0.8
2026-06-26 05:22:40 | INFO | my_functions.py:169 | Searching shop_unselected.PNG (timeout=0s)
2026-06-26 05:22:41 | INFO | my_functions.py:213 | 
⛔ Not found: shop_unselected.PNG after 0.0s region=(0, 0, 765, 1038) confidence=0.8
2026-06-26 05:22:41 | INFO | my_functions.py:247 | [DEBUG] Buscando en paralelo: ['super_premium.PNG'] | timeout=0s | confidence=0.8
2026-06-26 05:22:42 | INFO | my_functions.py:281 | [DEBUG] Click skipped, ninguna de las imágenes se encontró en el intento.
2026-06-26 05:22:43 | INFO | my_functions.py:247 | [DEBUG] Buscando en paralelo: ['maybe_later.PNG'] | timeout=0s | confidence=0.8
2026-06-26 05:22:43 | INFO | my_functions.py:281 | [DEBUG] Click skipped, ninguna de las imágenes se encontró en el intento.
2026-06-26 05:22:44 | INFO | my_functions.py:247 | [DEBUG] Buscando en paralelo: ['maybe_later2.PNG'] | timeout=0s | confidence=0.8
2026-06-26 05:22:45 | INFO | my_functions.py:281 | [DEBUG] Click skipped, ninguna de las imágenes se encontró en el intento.
2026-06-26 05:22:46 | INFO | my_functions.py:169 | Searching go_to_shop.PNG (timeout=0s)
2026-06-26 05:22:47 | INFO | my_functions.py:199 | 
✅ Found: go_to_shop.PNG pos=(275, 827) time=0.45s confidence=0.8
2026-06-26 05:22:49 | INFO | my_functions.py:247 | [DEBUG] Buscando en paralelo: ['white_x.png'] | timeout=20s | confidence=0.8
2026-06-26 05:22:51 | INFO | my_functions.py:134 | Haciendo click en la posición (597, 113)
2026-06-26 05:22:51 | INFO | my_functions.py:269 | 🖱️ Click OK (En paralelo): white_x.png at (597, 113) delay=1s
2026-06-26 05:23:00 | INFO | my_functions.py:169 | Searching shop_unselected.PNG (timeout=0s)
2026-06-26 05:23:01 | INFO | my_functions.py:213 | 
⛔ Not found: shop_unselected.PNG after 0.0s region=(0, 0, 765, 1038) confidence=0.8
2026-06-26 05:23:02 | INFO | my_functions.py:169 | Searching shop_unselected.PNG (timeout=0s)
2026-06-26 05:23:03 | INFO | my_functions.py:213 | 
⛔ Not found: shop_unselected.PNG after 0.72s region=(0, 0, 765, 1038) confidence=0.8
2026-06-26 05:23:03 | INFO | my_functions.py:247 | [DEBUG] Buscando en paralelo: ['super_premium.PNG'] | timeout=0s | confidence=0.8
2026-06-26 05:23:03 | INFO | my_functions.py:281 | [DEBUG] Click skipped, ninguna de las imágenes se encontró en el intento.
2026-06-26 05:23:05 | INFO | my_functions.py:247 | [DEBUG] Buscando en paralelo: ['maybe_later.PNG'] | timeout=0s | confidence=0.8
2026-06-26 05:23:05 | INFO | my_functions.py:281 | [DEBUG] Click skipped, ninguna de las imágenes se encontró en el intento.
2026-06-26 05:23:06 | INFO | my_functions.py:247 | [DEBUG] Buscando en paralelo: ['maybe_later2.PNG'] | timeout=0s | confidence=0.8
2026-06-26 05:23:07 | INFO | my_functions.py:281 | [DEBUG] Click skipped, ninguna de las imágenes se encontró en el intento.
2026-06-26 05:23:08 | INFO | my_functions.py:169 | Searching go_to_shop.PNG (timeout=0s)
2026-06-26 05:23:09 | INFO | my_functions.py:199 | 
✅ Found: go_to_shop.PNG pos=(275, 827) time=0.47s confidence=0.8
2026-06-26 05:23:11 | INFO | my_functions.py:247 | [DEBUG] Buscando en paralelo: ['white_x.png'] | timeout=20s | confidence=0.8
2026-06-26 05:23:12 | INFO | my_functions.py:134 | Haciendo click en la posición (597, 113)
2026-06-26 05:23:13 | INFO | my_functions.py:269 | 🖱️ Click OK (En paralelo): white_x.png at (597, 113) delay=1s
2026-06-26 05:23:22 | INFO | my_functions.py:169 | Searching shop_unselected.PNG (timeout=0s)
2026-06-26 05:23:22 | INFO | my_functions.py:213 | 
⛔ Not found: shop_unselected.PNG after 0.0s region=(0, 0, 765, 1038) confidence=0.8
2026-06-26 05:23:23 | INFO | my_functions.py:169 | Searching shop_unselected.PNG (timeout=0s)
2026-06-26 05:23:24 | INFO | my_functions.py:213 | 
⛔ Not found: shop_unselected.PNG after 0.0s region=(0, 0, 765, 1038) confidence=0.8
2026-06-26 05:23:24 | INFO | my_functions.py:247 | [DEBUG] Buscando en paralelo: ['super_premium.PNG'] | timeout=0s | confidence=0.8
2026-06-26 05:23:25 | INFO | my_functions.py:281 | [DEBUG] Click skipped, ninguna de las imágenes se encontró en el intento.
2026-06-26 05:23:26 | INFO | my_functions.py:247 | [DEBUG] Buscando en paralelo: ['maybe_later.PNG'] | timeout=0s | confidence=0.8
2026-06-26 05:23:26 | INFO | my_functions.py:281 | [DEBUG] Click skipped, ninguna de las imágenes se encontró en el intento.
2026-06-26 05:23:28 | INFO | my_functions.py:247 | [DEBUG] Buscando en paralelo: ['maybe_later2.PNG'] | timeout=0s | confidence=0.8
2026-06-26 05:23:28 | INFO | my_functions.py:281 | [DEBUG] Click skipped, ninguna de las imágenes se encontró en el intento.
2026-06-26 05:23:29 | INFO | my_functions.py:169 | Searching go_to_shop.PNG (timeout=0s)
2026-06-26 05:23:30 | INFO | my_functions.py:199 | 
✅ Found: go_to_shop.PNG pos=(275, 827) time=0.56s confidence=0.8
2026-06-26 05:23:32 | INFO | my_functions.py:247 | [DEBUG] Buscando en paralelo: ['white_x.png'] | timeout=20s | confidence=0.8
2026-06-26 05:23:34 | INFO | my_functions.py:134 | Haciendo click en la posición (597, 113)
2026-06-26 05:23:34 | INFO | my_functions.py:269 | 🖱️ Click OK (En paralelo): white_x.png at (597, 113) delay=1s
2026-06-26 05:23:43 | INFO | my_functions.py:169 | Searching shop_unselected.PNG (timeout=0s)
2026-06-26 05:23:44 | INFO | my_functions.py:213 | 
⛔ Not found: shop_unselected.PNG after 0.0s region=(0, 0, 765, 1038) confidence=0.8
2026-06-26 05:23:45 | INFO | my_functions.py:169 | Searching shop_unselected.PNG (timeout=0s)
2026-06-26 05:23:46 | INFO | my_functions.py:213 | 
⛔ Not found: shop_unselected.PNG after 0.0s region=(0, 0, 765, 1038) confidence=0.8
2026-06-26 05:23:46 | INFO | my_functions.py:247 | [DEBUG] Buscando en paralelo: ['super_premium.PNG'] | timeout=0s | confidence=0.8
2026-06-26 05:23:46 | INFO | my_functions.py:281 | [DEBUG] Click skipped, ninguna de las imágenes se encontró en el intento.
2026-06-26 05:23:47 | INFO | my_functions.py:247 | [DEBUG] Buscando en paralelo: ['maybe_later.PNG'] | timeout=0s | confidence=0.8
2026-06-26 05:23:48 | INFO | my_functions.py:281 | [DEBUG] Click skipped, ninguna de las imágenes se encontró en el intento.
2026-06-26 05:23:49 | INFO | my_functions.py:247 | [DEBUG] Buscando en paralelo: ['maybe_later2.PNG'] | timeout=0s | confidence=0.8
2026-06-26 05:23:50 | INFO | my_functions.py:281 | [DEBUG] Click skipped, ninguna de las imágenes se encontró en el intento.
2026-06-26 05:23:51 | INFO | my_functions.py:169 | Searching go_to_shop.PNG (timeout=0s)
2026-06-26 05:23:52 | INFO | my_functions.py:199 | 
✅ Found: go_to_shop.PNG pos=(275, 827) time=0.52s confidence=0.8
2026-06-26 05:23:54 | INFO | my_functions.py:247 | [DEBUG] Buscando en paralelo: ['white_x.png'] | timeout=20s | confidence=0.8
2026-06-26 05:23:55 | INFO | my_functions.py:134 | Haciendo click en la posición (597, 113)
2026-06-26 05:23:56 | INFO | my_functions.py:269 | 🖱️ Click OK (En paralelo): white_x.png at (597, 113) delay=1s
2026-06-26 05:24:05 | INFO | my_functions.py:169 | Searching shop_unselected.PNG (timeout=0s)
2026-06-26 05:24:06 | INFO | my_functions.py:213 | 
⛔ Not found: shop_unselected.PNG after 0.82s region=(0, 0, 765, 1038) confidence=0.8
2026-06-26 05:24:15 | INFO | my_functions.py:533 | AVAILABLE: 3
2026-06-26 05:24:15 | INFO | my_functions.py:247 | [DEBUG] Buscando en paralelo: ['nut.png'] | timeout=20s | confidence=0.8
2026-06-26 05:24:36 | INFO | my_functions.py:281 | [DEBUG] Click skipped, ninguna de las imágenes se encontró en el intento.
2026-06-26 05:24:37 | INFO | my_functions.py:247 | [DEBUG] Buscando en paralelo: ['graphics_quality.png'] | timeout=3s | confidence=0.8
2026-06-26 05:24:40 | INFO | my_functions.py:281 | [DEBUG] Click skipped, ninguna de las imágenes se encontró en el intento.
2026-06-26 05:24:42 | INFO | my_functions.py:247 | [DEBUG] Buscando en paralelo: ['sign_out.png'] | timeout=20s | confidence=0.8
2026-06-26 05:25:03 | INFO | my_functions.py:281 | [DEBUG] Click skipped, ninguna de las imágenes se encontró en el intento.
2026-06-26 05:25:05 | INFO | my_functions.py:247 | [DEBUG] Buscando en paralelo: ['sign_out_grande.png'] | timeout=20s | confidence=0.8
2026-06-26 05:25:25 | INFO | my_functions.py:281 | [DEBUG] Click skipped, ninguna de las imágenes se encontró en el intento.
2026-06-26 05:25:26 | INFO | my_functions.py:247 | [DEBUG] Buscando en paralelo: ['sign_out2.png'] | timeout=20s | confidence=0.8
2026-06-26 05:25:46 | INFO | my_functions.py:281 | [DEBUG] Click skipped, ninguna de las imágenes se encontró en el intento.
2026-06-26 05:25:47 | INFO | my_functions.py:1547 | ⏱ Esperando 0.1 segundos antes de empezar...
2026-06-26 05:25:47 | INFO | my_functions.py:1554 | 🔍 Esperando ventana que contenga alguna de: SNAP (máx 20s)
2026-06-26 05:25:47 | INFO | my_functions.py:1566 | ✅ Ventana encontrada: 'SNAP'
2026-06-26 05:25:47 | INFO | my_functions.py:1581 | ✅ Ventana seleccionada: 'SNAP'
2026-06-26 05:25:51 | INFO | my_functions.py:1613 | ✔ Verificación completa. No hubo cambios después del primer ajuste.
2026-06-26 05:25:56 | INFO | each_eight_hours.py:113 | Processing account: john
2026-06-26 05:25:56 | INFO | my_functions.py:1547 | ⏱ Esperando 0.1 segundos antes de empezar...
2026-06-26 05:25:56 | INFO | my_functions.py:1554 | 🔍 Esperando ventana que contenga alguna de: ['SNAP'] (máx 20s)
2026-06-26 05:25:58 | INFO | my_functions.py:1566 | ✅ Ventana encontrada: 'SNAP'
2026-06-26 05:25:58 | INFO | my_functions.py:1581 | ✅ Ventana seleccionada: 'SNAP'
2026-06-26 05:26:01 | INFO | my_functions.py:1613 | ✔ Verificación completa. No hubo cambios después del primer ajuste.
2026-06-26 05:26:01 | INFO | my_functions.py:1206 | [DEBUG] Resizing SNAP window...
2026-06-26 05:26:01 | INFO | my_functions.py:1547 | ⏱ Esperando 0.1 segundos antes de empezar...
2026-06-26 05:26:01 | INFO | my_functions.py:1554 | 🔍 Esperando ventana que contenga alguna de: ['SNAP'] (máx 20s)
2026-06-26 05:26:01 | INFO | my_functions.py:1566 | ✅ Ventana encontrada: 'SNAP'
2026-06-26 05:26:01 | INFO | my_functions.py:1581 | ✅ Ventana seleccionada: 'SNAP'
2026-06-26 05:26:04 | INFO | my_functions.py:1613 | ✔ Verificación completa. No hubo cambios después del primer ajuste.
2026-06-26 05:26:04 | INFO | my_functions.py:247 | [DEBUG] Buscando en paralelo: ['small_submit.PNG', 'small_submit_hover.png', 'submit_hover_2.png', 'small_submit_hover_2.png'] | timeout=90s | confidence=0.8
2026-06-26 05:27:35 | INFO | my_functions.py:281 | [DEBUG] Click skipped, ninguna de las imágenes se encontró en el intento.
2026-06-26 05:27:36 | INFO | my_functions.py:169 | Searching shop_unselected.PNG (timeout=0s)
2026-06-26 05:27:36 | INFO | my_functions.py:199 | 
✅ Found: shop_unselected.PNG pos=(88, 961) time=0.71s confidence=0.8
2026-06-26 05:27:44 | INFO | my_functions.py:169 | Searching shop_unselected.PNG (timeout=0s)
2026-06-26 05:27:45 | INFO | my_functions.py:199 | 
✅ Found: shop_unselected.PNG pos=(88, 961) time=0.73s confidence=0.8
2026-06-26 05:27:45 | INFO | my_functions.py:714 | Ya esta listo
2026-06-26 05:27:45 | INFO | my_functions.py:247 | [DEBUG] Buscando en paralelo: ['nut.png'] | timeout=20s | confidence=0.8
2026-06-26 05:27:47 | INFO | my_functions.py:134 | Haciendo click en la posición (184, 78)
2026-06-26 05:27:47 | INFO | my_functions.py:269 | 🖱️ Click OK (En paralelo): nut.png at (184, 78) delay=1s
2026-06-26 05:27:48 | INFO | my_functions.py:247 | [DEBUG] Buscando en paralelo: ['graphics_quality.png'] | timeout=3s | confidence=0.8
2026-06-26 05:27:50 | INFO | my_functions.py:134 | Haciendo click en la posición (304, 644)
2026-06-26 05:27:50 | INFO | my_functions.py:269 | 🖱️ Click OK (En paralelo): graphics_quality.png at (304, 644) delay=1s
2026-06-26 05:27:52 | INFO | my_functions.py:247 | [DEBUG] Buscando en paralelo: ['sign_out.png'] | timeout=20s | confidence=0.8
2026-06-26 05:27:54 | INFO | my_functions.py:134 | Haciendo click en la posición (380, 796)
2026-06-26 05:27:54 | INFO | my_functions.py:269 | 🖱️ Click OK (En paralelo): sign_out.png at (380, 796) delay=1s
2026-06-26 05:27:56 | INFO | my_functions.py:247 | [DEBUG] Buscando en paralelo: ['sign_out_grande.png'] | timeout=20s | confidence=0.8
2026-06-26 05:27:58 | INFO | my_functions.py:134 | Haciendo click en la posición (359, 437)
2026-06-26 05:27:58 | INFO | my_functions.py:269 | 🖱️ Click OK (En paralelo): sign_out_grande.png at (359, 437) delay=1s
2026-06-26 05:27:59 | INFO | my_functions.py:247 | [DEBUG] Buscando en paralelo: ['sign_out2.png'] | timeout=20s | confidence=0.8
2026-06-26 05:28:00 | INFO | my_functions.py:134 | Haciendo click en la posición (383, 634)
2026-06-26 05:28:01 | INFO | my_functions.py:269 | 🖱️ Click OK (En paralelo): sign_out2.png at (383, 634) delay=1s
2026-06-26 05:28:02 | INFO | my_functions.py:1547 | ⏱ Esperando 0.1 segundos antes de empezar...
2026-06-26 05:28:02 | INFO | my_functions.py:1554 | 🔍 Esperando ventana que contenga alguna de: SNAP (máx 20s)
2026-06-26 05:28:02 | INFO | my_functions.py:1566 | ✅ Ventana encontrada: 'SNAP'
2026-06-26 05:28:02 | INFO | my_functions.py:1581 | ✅ Ventana seleccionada: 'SNAP'
2026-06-26 05:28:04 | INFO | my_functions.py:1604 | 🔁 Reajuste #1...
2026-06-26 05:28:06 | INFO | my_functions.py:1611 | ✔ Verificación completa. Se hicieron 1 reajustes.
2026-06-26 05:28:10 | INFO | my_functions.py:1206 | [DEBUG] Resizing SNAP window...
2026-06-26 05:28:10 | INFO | my_functions.py:1547 | ⏱ Esperando 0.1 segundos antes de empezar...
2026-06-26 05:28:10 | INFO | my_functions.py:1554 | 🔍 Esperando ventana que contenga alguna de: ['SNAP'] (máx 20s)
2026-06-26 05:28:13 | INFO | my_functions.py:1566 | ✅ Ventana encontrada: 'SNAP'
2026-06-26 05:28:13 | INFO | my_functions.py:1581 | ✅ Ventana seleccionada: 'SNAP'
2026-06-26 05:28:16 | INFO | my_functions.py:1613 | ✔ Verificación completa. No hubo cambios después del primer ajuste.
2026-06-26 05:28:16 | INFO | my_functions.py:247 | [DEBUG] Buscando en paralelo: ['small_submit.PNG', 'small_submit_hover.png', 'submit_hover_2.png', 'small_submit_hover_2.png'] | timeout=90s | confidence=0.8
2026-06-26 05:28:28 | INFO | my_functions.py:134 | Haciendo click en la posición (380, 642)
2026-06-26 05:28:29 | INFO | my_functions.py:269 | 🖱️ Click OK (En paralelo): small_submit.PNG at (380, 642) delay=0.2s
2026-06-26 05:28:32 | INFO | my_functions.py:247 | [DEBUG] Buscando en paralelo: ['small_submit.PNG', 'small_submit_hover.png', 'submit_hover_2.png', 'small_submit_hover_2.png'] | timeout=20s | confidence=0.8
2026-06-26 05:28:33 | INFO | my_functions.py:134 | Haciendo click en la posición (380, 721)
2026-06-26 05:28:33 | INFO | my_functions.py:269 | 🖱️ Click OK (En paralelo): small_submit.PNG at (380, 721) delay=0.2s
2026-06-26 05:28:35 | INFO | my_functions.py:1547 | ⏱ Esperando 0.1 segundos antes de empezar...
2026-06-26 05:28:35 | INFO | my_functions.py:1554 | 🔍 Esperando ventana que contenga alguna de: ['SNAP'] (máx 20s)
2026-06-26 05:28:35 | INFO | my_functions.py:1566 | ✅ Ventana encontrada: 'SNAP'
2026-06-26 05:28:35 | INFO | my_functions.py:1581 | ✅ Ventana seleccionada: 'SNAP'
2026-06-26 05:28:37 | INFO | my_functions.py:1604 | 🔁 Reajuste #1...
2026-06-26 05:28:38 | INFO | my_functions.py:1611 | ✔ Verificación completa. Se hicieron 1 reajustes.
2026-06-26 05:28:38 | INFO | my_functions.py:169 | Searching please_sign.png (timeout=0s)
2026-06-26 05:28:38 | INFO | my_functions.py:199 | 
✅ Found: please_sign.png pos=(383, 438) time=0.46s confidence=0.8
2026-06-26 05:28:38 | INFO | my_functions.py:247 | [DEBUG] Buscando en paralelo: ['ok_btn.png'] | timeout=20s | confidence=0.8
2026-06-26 05:28:40 | INFO | my_functions.py:134 | Haciendo click en la posición (382, 634)
2026-06-26 05:28:40 | INFO | my_functions.py:269 | 🖱️ Click OK (En paralelo): ok_btn.png at (382, 634) delay=1s
2026-06-26 05:28:41 | INFO | my_functions.py:247 | [DEBUG] Buscando en paralelo: ['small_submit.PNG', 'small_submit_hover.png', 'submit_hover_2.png', 'small_submit_hover_2.png'] | timeout=30s | confidence=0.8
2026-06-26 05:28:44 | INFO | my_functions.py:134 | Haciendo click en la posición (383, 643)
2026-06-26 05:28:44 | INFO | my_functions.py:269 | 🖱️ Click OK (En paralelo): small_submit_hover_2.png at (383, 643) delay=0.2s
2026-06-26 05:28:45 | INFO | my_functions.py:247 | [DEBUG] Buscando en paralelo: ['small_submit.PNG', 'small_submit_hover.png', 'submit_hover_2.png', 'small_submit_hover_2.png'] | timeout=20s | confidence=0.8
2026-06-26 05:28:47 | INFO | my_functions.py:134 | Haciendo click en la posición (380, 721)
2026-06-26 05:28:47 | INFO | my_functions.py:269 | 🖱️ Click OK (En paralelo): small_submit.PNG at (380, 721) delay=0.2s
2026-06-26 05:28:48 | INFO | my_functions.py:247 | [DEBUG] Buscando en paralelo: ['sign_in_with_google2.PNG'] | timeout=20s | confidence=0.8
2026-06-26 05:28:50 | INFO | my_functions.py:134 | Haciendo click en la posición (406, 957)
2026-06-26 05:28:50 | INFO | my_functions.py:269 | 🖱️ Click OK (En paralelo): sign_in_with_google2.PNG at (406, 957) delay=1s
2026-06-26 05:28:51 | INFO | my_functions.py:169 | Searching pagina_cargada.png (timeout=60s)
2026-06-26 05:29:04 | INFO | my_functions.py:199 | 
✅ Found: pagina_cargada.png pos=(70, 24) time=13.39s confidence=0.8
2026-06-26 05:29:04 | INFO | my_functions.py:247 | [DEBUG] Buscando en paralelo: ['john.png'] | timeout=0s | confidence=0.8
2026-06-26 05:29:08 | INFO | my_functions.py:134 | Haciendo click en la posición (1143, 619)
2026-06-26 05:29:08 | INFO | my_functions.py:269 | 🖱️ Click OK (En paralelo): john.png at (1143, 619) delay=3s
2026-06-26 05:29:09 | INFO | my_functions.py:169 | Searching marvelsnap_web.png (timeout=30s)
2026-06-26 05:29:41 | INFO | my_functions.py:213 | 
⛔ Not found: marvelsnap_web.png after 30.58s region=(0, 0, 765, 1038) confidence=0.7
2026-06-26 05:29:43 | INFO | my_functions.py:247 | [DEBUG] Buscando en paralelo: ['small_submit.PNG', 'small_submit_hover.png', 'submit_hover_2.png', 'small_submit_hover_2.png'] | timeout=20s | confidence=0.8
2026-06-26 05:30:04 | INFO | my_functions.py:281 | [DEBUG] Click skipped, ninguna de las imágenes se encontró en el intento.
2026-06-26 05:30:05 | INFO | my_functions.py:1547 | ⏱ Esperando 0.1 segundos antes de empezar...
2026-06-26 05:30:05 | INFO | my_functions.py:1554 | 🔍 Esperando ventana que contenga alguna de: ['SNAP'] (máx 20s)
2026-06-26 05:30:05 | INFO | my_functions.py:1566 | ✅ Ventana encontrada: 'global-cf.nvprod.snapgametech.com - Google Chrome'
2026-06-26 05:30:05 | INFO | my_functions.py:1581 | ✅ Ventana seleccionada: 'global-cf.nvprod.snapgametech.com - Google Chrome'
2026-06-26 05:30:07 | INFO | my_functions.py:1596 | ↗ Ventana minimizada o maximizada. Restaurando...
2026-06-26 05:30:07 | INFO | my_functions.py:1604 | 🔁 Reajuste #1...
2026-06-26 05:30:08 | INFO | my_functions.py:1611 | ✔ Verificación completa. Se hicieron 1 reajustes.
2026-06-26 05:30:08 | INFO | my_functions.py:169 | Searching please_sign.png (timeout=0s)
2026-06-26 05:30:08 | INFO | my_functions.py:213 | 
⛔ Not found: please_sign.png after 0.01s region=(0, 0, 765, 1038) confidence=0.8
2026-06-26 05:30:08 | INFO | my_functions.py:247 | [DEBUG] Buscando en paralelo: ['sign_in_with_google2.PNG'] | timeout=20s | confidence=0.8
2026-06-26 05:30:29 | INFO | my_functions.py:281 | [DEBUG] Click skipped, ninguna de las imágenes se encontró en el intento.
2026-06-26 05:30:30 | INFO | my_functions.py:169 | Searching pagina_cargada.png (timeout=60s)
2026-06-26 05:31:31 | INFO | my_functions.py:213 | 
⛔ Not found: pagina_cargada.png after 60.71s region=(0, 0, 765, 1038) confidence=0.8
2026-06-26 05:31:31 | INFO | my_functions.py:169 | Searching marvelsnap_web.png (timeout=30s)
2026-06-26 05:32:02 | INFO | my_functions.py:213 | 
⛔ Not found: marvelsnap_web.png after 30.05s region=(0, 0, 765, 1038) confidence=0.7
2026-06-26 05:32:02 | INFO | my_functions.py:169 | Searching shop_unselected.PNG (timeout=0s)
2026-06-26 05:32:02 | INFO | my_functions.py:213 | 
⛔ Not found: shop_unselected.PNG after 0.0s region=(0, 0, 765, 1038) confidence=0.8
2026-06-26 05:32:02 | INFO | my_functions.py:247 | [DEBUG] Buscando en paralelo: ['super_premium.PNG'] | timeout=0s | confidence=0.8
2026-06-26 05:32:03 | INFO | my_functions.py:281 | [DEBUG] Click skipped, ninguna de las imágenes se encontró en el intento.
2026-06-26 05:32:04 | INFO | my_functions.py:247 | [DEBUG] Buscando en paralelo: ['maybe_later.PNG'] | timeout=0s | confidence=0.8
2026-06-26 05:32:05 | INFO | my_functions.py:281 | [DEBUG] Click skipped, ninguna de las imágenes se encontró en el intento.
2026-06-26 05:32:06 | INFO | my_functions.py:247 | [DEBUG] Buscando en paralelo: ['maybe_later2.PNG'] | timeout=0s | confidence=0.8
2026-06-26 05:32:06 | INFO | my_functions.py:281 | [DEBUG] Click skipped, ninguna de las imágenes se encontró en el intento.
2026-06-26 05:32:07 | INFO | my_functions.py:169 | Searching go_to_shop.PNG (timeout=0s)
2026-06-26 05:32:08 | INFO | my_functions.py:213 | 
⛔ Not found: go_to_shop.PNG after 0.42s region=(0, 0, 765, 1038) confidence=0.8
2026-06-26 05:32:08 | INFO | my_functions.py:247 | [DEBUG] Buscando en paralelo: ['14_days_of_winterverse.PNG'] | timeout=0s | confidence=0.8
2026-06-26 05:32:09 | INFO | my_functions.py:281 | [DEBUG] Click skipped, ninguna de las imágenes se encontró en el intento.
2026-06-26 05:32:10 | INFO | my_functions.py:169 | Searching welcome_back_calendar.PNG (timeout=0s)
2026-06-26 05:32:10 | INFO | my_functions.py:213 | 
⛔ Not found: welcome_back_calendar.PNG after 0.0s region=(0, 0, 765, 1038) confidence=0.8
2026-06-26 05:32:10 | INFO | my_functions.py:247 | [DEBUG] Buscando en paralelo: ['start_the_countdown.PNG'] | timeout=0s | confidence=0.8
2026-06-26 05:32:11 | INFO | my_functions.py:281 | [DEBUG] Click skipped, ninguna de las imágenes se encontró en el intento.
2026-06-26 05:32:12 | INFO | my_functions.py:247 | [DEBUG] Buscando en paralelo: ['event_has_ended_sanctum.PNG'] | timeout=0s | confidence=0.8
2026-06-26 05:32:12 | INFO | my_functions.py:281 | [DEBUG] Click skipped, ninguna de las imágenes se encontró en el intento.
2026-06-26 05:32:13 | INFO | my_functions.py:247 | [DEBUG] Buscando en paralelo: ['event_has_ended_teamclash.PNG'] | timeout=0s | confidence=0.8
2026-06-26 05:32:14 | INFO | my_functions.py:281 | [DEBUG] Click skipped, ninguna de las imágenes se encontró en el intento.
2026-06-26 05:32:15 | INFO | my_functions.py:247 | [DEBUG] Buscando en paralelo: ['image_part_of_event_grand_arena_finished.PNG'] | timeout=0s | confidence=0.8
2026-06-26 05:32:16 | INFO | my_functions.py:281 | [DEBUG] Click skipped, ninguna de las imágenes se encontró en el intento.
2026-06-26 05:32:17 | INFO | my_functions.py:169 | Searching 28_day_event_login_rewards.PNG (timeout=0s)
2026-06-26 05:32:17 | INFO | my_functions.py:213 | 
⛔ Not found: 28_day_event_login_rewards.PNG after 0.0s region=(0, 0, 765, 1038) confidence=0.8
2026-06-26 05:32:17 | INFO | my_functions.py:169 | Searching 7_day_event_login.PNG (timeout=0s)
2026-06-26 05:32:18 | INFO | my_functions.py:213 | 
⛔ Not found: 7_day_event_login.PNG after 0.0s region=(0, 0, 765, 1038) confidence=0.8
2026-06-26 05:32:18 | INFO | my_functions.py:169 | Searching 14_days_event.PNG (timeout=0s)
2026-06-26 05:32:18 | INFO | my_functions.py:213 | 
⛔ Not found: 14_days_event.PNG after 0.0s region=(0, 0, 765, 1038) confidence=0.8
2026-06-26 05:32:18 | INFO | my_functions.py:247 | [DEBUG] Buscando en paralelo: ['lets_go.PNG'] | timeout=0s | confidence=0.8
2026-06-26 05:32:18 | INFO | my_functions.py:281 | [DEBUG] Click skipped, ninguna de las imágenes se encontró en el intento.
2026-06-26 05:32:21 | INFO | my_functions.py:169 | Searching shop_unselected.PNG (timeout=0s)
2026-06-26 05:32:21 | INFO | my_functions.py:213 | 
⛔ Not found: shop_unselected.PNG after 0.0s region=(0, 0, 765, 1038) confidence=0.8
2026-06-26 05:32:21 | INFO | my_functions.py:247 | [DEBUG] Buscando en paralelo: ['super_premium.PNG'] | timeout=0s | confidence=0.8
2026-06-26 05:32:22 | INFO | my_functions.py:281 | [DEBUG] Click skipped, ninguna de las imágenes se encontró en el intento.
2026-06-26 05:32:23 | INFO | my_functions.py:247 | [DEBUG] Buscando en paralelo: ['maybe_later.PNG'] | timeout=0s | confidence=0.8
2026-06-26 05:32:23 | INFO | my_functions.py:281 | [DEBUG] Click skipped, ninguna de las imágenes se encontró en el intento.
2026-06-26 05:32:25 | INFO | my_functions.py:247 | [DEBUG] Buscando en paralelo: ['maybe_later2.PNG'] | timeout=0s | confidence=0.8
2026-06-26 05:32:25 | INFO | my_functions.py:281 | [DEBUG] Click skipped, ninguna de las imágenes se encontró en el intento.
2026-06-26 05:32:26 | INFO | my_functions.py:169 | Searching go_to_shop.PNG (timeout=0s)
2026-06-26 05:32:27 | INFO | my_functions.py:213 | 
⛔ Not found: go_to_shop.PNG after 0.0s region=(0, 0, 765, 1038) confidence=0.8
2026-06-26 05:32:27 | INFO | my_functions.py:247 | [DEBUG] Buscando en paralelo: ['14_days_of_winterverse.PNG'] | timeout=0s | confidence=0.8
2026-06-26 05:32:27 | INFO | my_functions.py:281 | [DEBUG] Click skipped, ninguna de las imágenes se encontró en el intento.
2026-06-26 05:32:28 | INFO | my_functions.py:169 | Searching welcome_back_calendar.PNG (timeout=0s)
2026-06-26 05:32:29 | INFO | my_functions.py:213 | 
⛔ Not found: welcome_back_calendar.PNG after 0.0s region=(0, 0, 765, 1038) confidence=0.8
2026-06-26 05:32:29 | INFO | my_functions.py:247 | [DEBUG] Buscando en paralelo: ['start_the_countdown.PNG'] | timeout=0s | confidence=0.8
2026-06-26 05:32:29 | INFO | my_functions.py:281 | [DEBUG] Click skipped, ninguna de las imágenes se encontró en el intento.
2026-06-26 05:32:30 | INFO | my_functions.py:247 | [DEBUG] Buscando en paralelo: ['event_has_ended_sanctum.PNG'] | timeout=0s | confidence=0.8
2026-06-26 05:32:31 | INFO | my_functions.py:281 | [DEBUG] Click skipped, ninguna de las imágenes se encontró en el intento.
2026-06-26 05:32:32 | INFO | my_functions.py:247 | [DEBUG] Buscando en paralelo: ['event_has_ended_teamclash.PNG'] | timeout=0s | confidence=0.8
2026-06-26 05:32:32 | INFO | my_functions.py:281 | [DEBUG] Click skipped, ninguna de las imágenes se encontró en el intento.
2026-06-26 05:32:34 | INFO | my_functions.py:247 | [DEBUG] Buscando en paralelo: ['image_part_of_event_grand_arena_finished.PNG'] | timeout=0s | confidence=0.8
2026-06-26 05:32:34 | INFO | my_functions.py:281 | [DEBUG] Click skipped, ninguna de las imágenes se encontró en el intento.
2026-06-26 05:32:35 | INFO | my_functions.py:169 | Searching 28_day_event_login_rewards.PNG (timeout=0s)
2026-06-26 05:32:35 | INFO | my_functions.py:213 | 
⛔ Not found: 28_day_event_login_rewards.PNG after 0.0s region=(0, 0, 765, 1038) confidence=0.8
2026-06-26 05:32:35 | INFO | my_functions.py:169 | Searching 7_day_event_login.PNG (timeout=0s)
2026-06-26 05:32:36 | INFO | my_functions.py:213 | 
⛔ Not found: 7_day_event_login.PNG after 0.0s region=(0, 0, 765, 1038) confidence=0.8
2026-06-26 05:32:36 | INFO | my_functions.py:169 | Searching 14_days_event.PNG (timeout=0s)
2026-06-26 05:32:36 | INFO | my_functions.py:213 | 
⛔ Not found: 14_days_event.PNG after 0.0s region=(0, 0, 765, 1038) confidence=0.8
2026-06-26 05:32:36 | INFO | my_functions.py:247 | [DEBUG] Buscando en paralelo: ['lets_go.PNG'] | timeout=0s | confidence=0.8
2026-06-26 05:32:37 | INFO | my_functions.py:281 | [DEBUG] Click skipped, ninguna de las imágenes se encontró en el intento.
2026-06-26 05:32:39 | INFO | my_functions.py:169 | Searching shop_unselected.PNG (timeout=0s)
2026-06-26 05:32:40 | INFO | my_functions.py:213 | 
⛔ Not found: shop_unselected.PNG after 0.0s region=(0, 0, 765, 1038) confidence=0.8
2026-06-26 05:32:40 | INFO | my_functions.py:247 | [DEBUG] Buscando en paralelo: ['super_premium.PNG'] | timeout=0s | confidence=0.8
2026-06-26 05:32:40 | INFO | my_functions.py:281 | [DEBUG] Click skipped, ninguna de las imágenes se encontró en el intento.
2026-06-26 05:32:41 | INFO | my_functions.py:247 | [DEBUG] Buscando en paralelo: ['maybe_later.PNG'] | timeout=0s | confidence=0.8
2026-06-26 05:32:42 | INFO | my_functions.py:281 | [DEBUG] Click skipped, ninguna de las imágenes se encontró en el intento.
2026-06-26 05:32:43 | INFO | my_functions.py:247 | [DEBUG] Buscando en paralelo: ['maybe_later2.PNG'] | timeout=0s | confidence=0.8
2026-06-26 05:32:43 | INFO | my_functions.py:281 | [DEBUG] Click skipped, ninguna de las imágenes se encontró en el intento.
2026-06-26 05:32:45 | INFO | my_functions.py:169 | Searching go_to_shop.PNG (timeout=0s)
2026-06-26 05:32:45 | INFO | my_functions.py:213 | 
⛔ Not found: go_to_shop.PNG after 0.42s region=(0, 0, 765, 1038) confidence=0.8
2026-06-26 05:32:45 | INFO | my_functions.py:247 | [DEBUG] Buscando en paralelo: ['14_days_of_winterverse.PNG'] | timeout=0s | confidence=0.8
2026-06-26 05:32:46 | INFO | my_functions.py:281 | [DEBUG] Click skipped, ninguna de las imágenes se encontró en el intento.
2026-06-26 05:32:47 | INFO | my_functions.py:169 | Searching welcome_back_calendar.PNG (timeout=0s)
2026-06-26 05:32:47 | INFO | my_functions.py:213 | 
⛔ Not found: welcome_back_calendar.PNG after 0.0s region=(0, 0, 765, 1038) confidence=0.8
2026-06-26 05:32:47 | INFO | my_functions.py:247 | [DEBUG] Buscando en paralelo: ['start_the_countdown.PNG'] | timeout=0s | confidence=0.8
2026-06-26 05:32:48 | INFO | my_functions.py:281 | [DEBUG] Click skipped, ninguna de las imágenes se encontró en el intento.
2026-06-26 05:32:49 | INFO | my_functions.py:247 | [DEBUG] Buscando en paralelo: ['event_has_ended_sanctum.PNG'] | timeout=0s | confidence=0.8
2026-06-26 05:32:49 | INFO | my_functions.py:281 | [DEBUG] Click skipped, ninguna de las imágenes se encontró en el intento.
2026-06-26 05:32:50 | INFO | my_functions.py:247 | [DEBUG] Buscando en paralelo: ['event_has_ended_teamclash.PNG'] | timeout=0s | confidence=0.8
2026-06-26 05:32:51 | INFO | my_functions.py:281 | [DEBUG] Click skipped, ninguna de las imágenes se encontró en el intento.
2026-06-26 05:32:52 | INFO | my_functions.py:247 | [DEBUG] Buscando en paralelo: ['image_part_of_event_grand_arena_finished.PNG'] | timeout=0s | confidence=0.8
2026-06-26 05:32:53 | INFO | my_functions.py:281 | [DEBUG] Click skipped, ninguna de las imágenes se encontró en el intento.
2026-06-26 05:32:54 | INFO | my_functions.py:169 | Searching 28_day_event_login_rewards.PNG (timeout=0s)
2026-06-26 05:32:54 | INFO | my_functions.py:213 | 
⛔ Not found: 28_day_event_login_rewards.PNG after 0.0s region=(0, 0, 765, 1038) confidence=0.8
2026-06-26 05:32:54 | INFO | my_functions.py:169 | Searching 7_day_event_login.PNG (timeout=0s)
2026-06-26 05:32:55 | INFO | my_functions.py:213 | 
⛔ Not found: 7_day_event_login.PNG after 0.0s region=(0, 0, 765, 1038) confidence=0.8
2026-06-26 05:32:55 | INFO | my_functions.py:169 | Searching 14_days_event.PNG (timeout=0s)
2026-06-26 05:32:55 | INFO | my_functions.py:213 | 
⛔ Not found: 14_days_event.PNG after 0.0s region=(0, 0, 765, 1038) confidence=0.8
2026-06-26 05:32:55 | INFO | my_functions.py:247 | [DEBUG] Buscando en paralelo: ['lets_go.PNG'] | timeout=0s | confidence=0.8
2026-06-26 05:32:55 | INFO | my_functions.py:281 | [DEBUG] Click skipped, ninguna de las imágenes se encontró en el intento.
2026-06-26 05:32:58 | INFO | my_functions.py:169 | Searching shop_unselected.PNG (timeout=0s)
2026-06-26 05:32:58 | INFO | my_functions.py:213 | 
⛔ Not found: shop_unselected.PNG after 0.0s region=(0, 0, 765, 1038) confidence=0.8
2026-06-26 05:32:58 | INFO | my_functions.py:247 | [DEBUG] Buscando en paralelo: ['super_premium.PNG'] | timeout=0s | confidence=0.8
2026-06-26 05:32:59 | INFO | my_functions.py:281 | [DEBUG] Click skipped, ninguna de las imágenes se encontró en el intento.
2026-06-26 05:33:00 | INFO | my_functions.py:247 | [DEBUG] Buscando en paralelo: ['maybe_later.PNG'] | timeout=0s | confidence=0.8
2026-06-26 05:33:00 | INFO | my_functions.py:281 | [DEBUG] Click skipped, ninguna de las imágenes se encontró en el intento.
2026-06-26 05:33:01 | INFO | my_functions.py:247 | [DEBUG] Buscando en paralelo: ['maybe_later2.PNG'] | timeout=0s | confidence=0.8
2026-06-26 05:33:02 | INFO | my_functions.py:281 | [DEBUG] Click skipped, ninguna de las imágenes se encontró en el intento.
2026-06-26 05:33:03 | INFO | my_functions.py:169 | Searching go_to_shop.PNG (timeout=0s)
2026-06-26 05:33:04 | INFO | my_functions.py:213 | 
⛔ Not found: go_to_shop.PNG after 0.0s region=(0, 0, 765, 1038) confidence=0.8
2026-06-26 05:33:04 | INFO | my_functions.py:247 | [DEBUG] Buscando en paralelo: ['14_days_of_winterverse.PNG'] | timeout=0s | confidence=0.8
2026-06-26 05:33:04 | INFO | my_functions.py:281 | [DEBUG] Click skipped, ninguna de las imágenes se encontró en el intento.
2026-06-26 05:33:05 | INFO | my_functions.py:169 | Searching welcome_back_calendar.PNG (timeout=0s)
2026-06-26 05:33:06 | INFO | my_functions.py:213 | 
⛔ Not found: welcome_back_calendar.PNG after 0.0s region=(0, 0, 765, 1038) confidence=0.8
2026-06-26 05:33:06 | INFO | my_functions.py:247 | [DEBUG] Buscando en paralelo: ['start_the_countdown.PNG'] | timeout=0s | confidence=0.8
2026-06-26 05:33:06 | INFO | my_functions.py:281 | [DEBUG] Click skipped, ninguna de las imágenes se encontró en el intento.
2026-06-26 05:33:07 | INFO | my_functions.py:247 | [DEBUG] Buscando en paralelo: ['event_has_ended_sanctum.PNG'] | timeout=0s | confidence=0.8
2026-06-26 05:33:08 | INFO | my_functions.py:281 | [DEBUG] Click skipped, ninguna de las imágenes se encontró en el intento.
2026-06-26 05:33:09 | INFO | my_functions.py:247 | [DEBUG] Buscando en paralelo: ['event_has_ended_teamclash.PNG'] | timeout=0s | confidence=0.8
2026-06-26 05:33:09 | INFO | my_functions.py:281 | [DEBUG] Click skipped, ninguna de las imágenes se encontró en el intento.
2026-06-26 05:33:11 | INFO | my_functions.py:247 | [DEBUG] Buscando en paralelo: ['image_part_of_event_grand_arena_finished.PNG'] | timeout=0s | confidence=0.8
2026-06-26 05:33:11 | INFO | my_functions.py:281 | [DEBUG] Click skipped, ninguna de las imágenes se encontró en el intento.
2026-06-26 05:33:12 | INFO | my_functions.py:169 | Searching 28_day_event_login_rewards.PNG (timeout=0s)
2026-06-26 05:33:13 | INFO | my_functions.py:213 | 
⛔ Not found: 28_day_event_login_rewards.PNG after 0.0s region=(0, 0, 765, 1038) confidence=0.8
2026-06-26 05:33:13 | INFO | my_functions.py:169 | Searching 7_day_event_login.PNG (timeout=0s)
2026-06-26 05:33:13 | INFO | my_functions.py:213 | 
⛔ Not found: 7_day_event_login.PNG after 0.0s region=(0, 0, 765, 1038) confidence=0.8
2026-06-26 05:33:13 | INFO | my_functions.py:169 | Searching 14_days_event.PNG (timeout=0s)
2026-06-26 05:33:13 | INFO | my_functions.py:213 | 
⛔ Not found: 14_days_event.PNG after 0.0s region=(0, 0, 765, 1038) confidence=0.8
2026-06-26 05:33:13 | INFO | my_functions.py:247 | [DEBUG] Buscando en paralelo: ['lets_go.PNG'] | timeout=0s | confidence=0.8
2026-06-26 05:33:14 | INFO | my_functions.py:281 | [DEBUG] Click skipped, ninguna de las imágenes se encontró en el intento.
2026-06-26 05:33:16 | INFO | my_functions.py:169 | Searching shop_unselected.PNG (timeout=0s)
2026-06-26 05:33:17 | INFO | my_functions.py:213 | 
⛔ Not found: shop_unselected.PNG after 0.0s region=(0, 0, 765, 1038) confidence=0.8
2026-06-26 05:33:17 | INFO | my_functions.py:247 | [DEBUG] Buscando en paralelo: ['super_premium.PNG'] | timeout=0s | confidence=0.8
2026-06-26 05:33:17 | INFO | my_functions.py:281 | [DEBUG] Click skipped, ninguna de las imágenes se encontró en el intento.
2026-06-26 05:33:18 | INFO | my_functions.py:247 | [DEBUG] Buscando en paralelo: ['maybe_later.PNG'] | timeout=0s | confidence=0.8
2026-06-26 05:33:19 | INFO | my_functions.py:281 | [DEBUG] Click skipped, ninguna de las imágenes se encontró en el intento.
2026-06-26 05:33:20 | INFO | my_functions.py:247 | [DEBUG] Buscando en paralelo: ['maybe_later2.PNG'] | timeout=0s | confidence=0.8
2026-06-26 05:33:20 | INFO | my_functions.py:281 | [DEBUG] Click skipped, ninguna de las imágenes se encontró en el intento.
2026-06-26 05:33:22 | INFO | my_functions.py:169 | Searching go_to_shop.PNG (timeout=0s)
2026-06-26 05:33:22 | INFO | my_functions.py:213 | 
⛔ Not found: go_to_shop.PNG after 0.0s region=(0, 0, 765, 1038) confidence=0.8
2026-06-26 05:33:22 | INFO | my_functions.py:247 | [DEBUG] Buscando en paralelo: ['14_days_of_winterverse.PNG'] | timeout=0s | confidence=0.8
2026-06-26 05:33:22 | INFO | my_functions.py:281 | [DEBUG] Click skipped, ninguna de las imágenes se encontró en el intento.
2026-06-26 05:33:24 | INFO | my_functions.py:169 | Searching welcome_back_calendar.PNG (timeout=0s)
2026-06-26 05:33:24 | INFO | my_functions.py:213 | 
⛔ Not found: welcome_back_calendar.PNG after 0.0s region=(0, 0, 765, 1038) confidence=0.8
2026-06-26 05:33:24 | INFO | my_functions.py:247 | [DEBUG] Buscando en paralelo: ['start_the_countdown.PNG'] | timeout=0s | confidence=0.8
2026-06-26 05:33:24 | INFO | my_functions.py:281 | [DEBUG] Click skipped, ninguna de las imágenes se encontró en el intento.
2026-06-26 05:33:26 | INFO | my_functions.py:247 | [DEBUG] Buscando en paralelo: ['event_has_ended_sanctum.PNG'] | timeout=0s | confidence=0.8
2026-06-26 05:33:26 | INFO | my_functions.py:281 | [DEBUG] Click skipped, ninguna de las imágenes se encontró en el intento.
2026-06-26 05:33:27 | INFO | my_functions.py:247 | [DEBUG] Buscando en paralelo: ['event_has_ended_teamclash.PNG'] | timeout=0s | confidence=0.8
2026-06-26 05:33:28 | INFO | my_functions.py:281 | [DEBUG] Click skipped, ninguna de las imágenes se encontró en el intento.
2026-06-26 05:33:29 | INFO | my_functions.py:247 | [DEBUG] Buscando en paralelo: ['image_part_of_event_grand_arena_finished.PNG'] | timeout=0s | confidence=0.8
2026-06-26 05:33:29 | INFO | my_functions.py:281 | [DEBUG] Click skipped, ninguna de las imágenes se encontró en el intento.
2026-06-26 05:33:30 | INFO | my_functions.py:169 | Searching 28_day_event_login_rewards.PNG (timeout=0s)
2026-06-26 05:33:31 | INFO | my_functions.py:213 | 
⛔ Not found: 28_day_event_login_rewards.PNG after 0.0s region=(0, 0, 765, 1038) confidence=0.8
2026-06-26 05:33:31 | INFO | my_functions.py:169 | Searching 7_day_event_login.PNG (timeout=0s)
2026-06-26 05:33:31 | INFO | my_functions.py:213 | 
⛔ Not found: 7_day_event_login.PNG after 0.0s region=(0, 0, 765, 1038) confidence=0.8
2026-06-26 05:33:31 | INFO | my_functions.py:169 | Searching 14_days_event.PNG (timeout=0s)
2026-06-26 05:33:32 | INFO | my_functions.py:213 | 
⛔ Not found: 14_days_event.PNG after 0.0s region=(0, 0, 765, 1038) confidence=0.8
2026-06-26 05:33:32 | INFO | my_functions.py:247 | [DEBUG] Buscando en paralelo: ['lets_go.PNG'] | timeout=0s | confidence=0.8
2026-06-26 05:33:32 | INFO | my_functions.py:281 | [DEBUG] Click skipped, ninguna de las imágenes se encontró en el intento.
2026-06-26 05:33:38 | ERROR | each_eight_hours.py:292 | Unhandled exception occurred
Traceback (most recent call last):
  File "Z:\SHARED FILES VM\MS\each_eight_hours.py", line 120, in <module>
    submissions = count_available_submissions()
                  ^^^^^^^^^^^^^^^^^^^^^^^^^^^^^
  File "Z:\SHARED FILES VM\MS\my_functions.py", line 526, in count_available_submissions
    with open(file_path, 'r', encoding='utf-8-sig') as f:
         ^^^^^^^^^^^^^^^^^^^^^^^^^^^^^^^^^^^^^^^^^^
FileNotFoundError: [Errno 2] No such file or directory: 'C:\\Users\\Farm\\AppData\\LocalLow\\Second Dinner\\SNAP\\Standalone\\States\\nvprod\\MissionState.json'
