2026-06-06 05:17:07 | INFO | each_eight_hours.py:36 | LOG FILE PATH: \\vmware-host\Shared Folders\SHARED FILES VM\MS\logs\each_eight_hours_2026-06-06_05-17-07.log
2026-06-06 05:17:07 | INFO | each_eight_hours.py:37 | Logger initialized
2026-06-06 05:17:07 | INFO | each_eight_hours.py:64 | Script initialized
2026-06-06 05:17:08 | INFO | each_eight_hours.py:105 | snap.exe terminated if it was running
2026-06-06 05:17:09 | INFO | my_functions.py:57 | ⏳ Esperando WebSocket de OBS...
2026-06-06 05:17:09 | INFO | baseclient.py:33 | Connecting with parameters: host='localhost' port=4455 password='' subs=0 timeout=None
2026-06-06 05:17:09 | INFO | reqs.py:23 | Successfully identified ReqClient with the server using RPC version:1
2026-06-06 05:17:09 | INFO | my_functions.py:63 | ✅ Conectado al OBS WebSocket
2026-06-06 05:17:09 | INFO | my_functions.py:79 | ⏹ Grabación ya estaba activa, deteniéndola...
2026-06-06 05:17:09 | INFO | baseclient.py:33 | Connecting with parameters: host='localhost' port=4455 password='' subs=0 timeout=None
2026-06-06 05:17:09 | INFO | reqs.py:23 | Successfully identified ReqClient with the server using RPC version:1
2026-06-06 05:17:09 | INFO | my_functions.py:94 | Record stopped.
2026-06-06 05:17:21 | INFO | my_functions.py:124 | Archivo renombrado a: C:\Users\Farm\Videos\my_functions_2026-06-06_05-17-21.mkv
2026-06-06 05:17:24 | INFO | my_functions.py:84 | 🎬 Nueva grabación iniciada
2026-06-06 05:17:24 | INFO | my_functions.py:1298 | ⏱ Esperando 0.1 segundos antes de empezar...
2026-06-06 05:17:24 | INFO | my_functions.py:1305 | 🔍 Esperando ventana que contenga alguna de: ['py', 'eight_hours'] (máx 20s)
2026-06-06 05:17:24 | INFO | my_functions.py:1317 | ✅ Ventana encontrada: 'each_eight_hours  - Acceso directo'
2026-06-06 05:17:24 | INFO | my_functions.py:1332 | ✅ Ventana seleccionada: 'each_eight_hours  - Acceso directo'
2026-06-06 05:17:26 | INFO | my_functions.py:1355 | 🔁 Reajuste #1...
2026-06-06 05:17:26 | INFO | my_functions.py:1362 | ✔ Verificación completa. Se hicieron 1 reajustes.
2026-06-06 05:17:26 | INFO | each_eight_hours.py:113 | Processing account: jeremy
2026-06-06 05:17:26 | INFO | my_functions.py:1298 | ⏱ Esperando 0.1 segundos antes de empezar...
2026-06-06 05:17:27 | INFO | my_functions.py:1305 | 🔍 Esperando ventana que contenga alguna de: ['SNAP'] (máx 20s)
2026-06-06 05:17:29 | INFO | my_functions.py:1317 | ✅ Ventana encontrada: 'SNAP'
2026-06-06 05:17:29 | INFO | my_functions.py:1332 | ✅ Ventana seleccionada: 'SNAP'
2026-06-06 05:17:31 | INFO | my_functions.py:1355 | 🔁 Reajuste #1...
2026-06-06 05:17:33 | INFO | my_functions.py:1362 | ✔ Verificación completa. Se hicieron 1 reajustes.
2026-06-06 05:17:33 | INFO | my_functions.py:1002 | [DEBUG] Resizing SNAP window...
2026-06-06 05:17:33 | INFO | my_functions.py:1298 | ⏱ Esperando 0.1 segundos antes de empezar...
2026-06-06 05:17:33 | INFO | my_functions.py:1305 | 🔍 Esperando ventana que contenga alguna de: ['SNAP'] (máx 20s)
2026-06-06 05:17:33 | INFO | my_functions.py:1317 | ✅ Ventana encontrada: 'SNAP'
2026-06-06 05:17:33 | INFO | my_functions.py:1332 | ✅ Ventana seleccionada: 'SNAP'
2026-06-06 05:17:36 | INFO | my_functions.py:1364 | ✔ Verificación completa. No hubo cambios después del primer ajuste.
2026-06-06 05:17:36 | INFO | my_functions.py:248 | [DEBUG] Buscando en paralelo: ['small_submit.PNG', 'small_submit_hover.png', 'submit_hover_2.png', 'small_submit_hover_2.png'] | timeout=90s | confidence=0.8
2026-06-06 05:17:38 | INFO | my_functions.py:135 | Haciendo click en la posición (380, 644)
2026-06-06 05:17:38 | INFO | my_functions.py:270 | 🖱️ Click OK (En paralelo): small_submit.PNG at (380, 644) delay=0.2s
2026-06-06 05:17:41 | INFO | my_functions.py:248 | [DEBUG] Buscando en paralelo: ['small_submit.PNG', 'small_submit_hover.png', 'submit_hover_2.png', 'small_submit_hover_2.png'] | timeout=20s | confidence=0.8
2026-06-06 05:17:42 | INFO | my_functions.py:135 | Haciendo click en la posición (380, 721)
2026-06-06 05:17:42 | INFO | my_functions.py:270 | 🖱️ Click OK (En paralelo): small_submit.PNG at (380, 721) delay=0.2s
2026-06-06 05:17:43 | INFO | my_functions.py:1298 | ⏱ Esperando 0.1 segundos antes de empezar...
2026-06-06 05:17:43 | INFO | my_functions.py:1305 | 🔍 Esperando ventana que contenga alguna de: ['SNAP'] (máx 20s)
2026-06-06 05:17:43 | INFO | my_functions.py:1317 | ✅ Ventana encontrada: 'SNAP'
2026-06-06 05:17:43 | INFO | my_functions.py:1332 | ✅ Ventana seleccionada: 'SNAP'
2026-06-06 05:17:46 | INFO | my_functions.py:1364 | ✔ Verificación completa. No hubo cambios después del primer ajuste.
2026-06-06 05:17:46 | INFO | my_functions.py:170 | Searching please_sign.png (timeout=0s)
2026-06-06 05:17:47 | INFO | my_functions.py:214 | 
⛔ Not found: please_sign.png after 0.01s region=(0, 0, 765, 1038) confidence=0.8
2026-06-06 05:17:47 | INFO | my_functions.py:170 | Searching sign_in_with_google2.PNG (timeout=90s)
2026-06-06 05:17:47 | INFO | my_functions.py:200 | 
✅ Found: sign_in_with_google2.PNG pos=(406, 957) time=0.16s confidence=0.8
2026-06-06 05:17:47 | INFO | my_functions.py:248 | [DEBUG] Buscando en paralelo: ['sign_in_with_google2.PNG'] | timeout=20s | confidence=0.8
2026-06-06 05:17:48 | INFO | my_functions.py:135 | Haciendo click en la posición (406, 957)
2026-06-06 05:17:48 | INFO | my_functions.py:270 | 🖱️ Click OK (En paralelo): sign_in_with_google2.PNG at (406, 957) delay=1s
2026-06-06 05:17:49 | INFO | my_functions.py:248 | [DEBUG] Buscando en paralelo: ['jeremy.png'] | timeout=90s | confidence=0.8
2026-06-06 05:19:19 | INFO | my_functions.py:282 | [DEBUG] Click skipped, ninguna de las imágenes se encontró en el intento.
2026-06-06 05:19:21 | INFO | my_functions.py:248 | [DEBUG] Buscando en paralelo: ['jeremy.png'] | timeout=0s | confidence=0.8
2026-06-06 05:19:24 | INFO | my_functions.py:135 | Haciendo click en la posición (1143, 645)
2026-06-06 05:19:25 | INFO | my_functions.py:270 | 🖱️ Click OK (En paralelo): jeremy.png at (1143, 645) delay=3s
2026-06-06 05:19:27 | INFO | my_functions.py:170 | Searching marvelsnap_web.png (timeout=30s)
2026-06-06 05:19:30 | INFO | my_functions.py:200 | 
✅ Found: marvelsnap_web.png pos=(258, 80) time=3.52s confidence=0.7
2026-06-06 05:19:31 | INFO | my_functions.py:170 | Searching shop_unselected.PNG (timeout=0s)
2026-06-06 05:19:31 | INFO | my_functions.py:214 | 
⛔ Not found: shop_unselected.PNG after 0.0s region=(0, 0, 765, 1038) confidence=0.8
2026-06-06 05:19:31 | INFO | my_functions.py:248 | [DEBUG] Buscando en paralelo: ['super_premium.PNG'] | timeout=0s | confidence=0.8
2026-06-06 05:19:31 | INFO | my_functions.py:282 | [DEBUG] Click skipped, ninguna de las imágenes se encontró en el intento.
2026-06-06 05:19:32 | INFO | my_functions.py:248 | [DEBUG] Buscando en paralelo: ['maybe_later.PNG'] | timeout=0s | confidence=0.8
2026-06-06 05:19:32 | INFO | my_functions.py:282 | [DEBUG] Click skipped, ninguna de las imágenes se encontró en el intento.
2026-06-06 05:19:33 | INFO | my_functions.py:248 | [DEBUG] Buscando en paralelo: ['maybe_later2.PNG'] | timeout=0s | confidence=0.8
2026-06-06 05:19:34 | INFO | my_functions.py:282 | [DEBUG] Click skipped, ninguna de las imágenes se encontró en el intento.
2026-06-06 05:19:35 | INFO | my_functions.py:170 | Searching go_to_shop.PNG (timeout=0s)
2026-06-06 05:19:35 | INFO | my_functions.py:214 | 
⛔ Not found: go_to_shop.PNG after 0.0s region=(0, 0, 765, 1038) confidence=0.8
2026-06-06 05:19:35 | INFO | my_functions.py:248 | [DEBUG] Buscando en paralelo: ['14_days_of_winterverse.PNG'] | timeout=0s | confidence=0.8
2026-06-06 05:19:35 | INFO | my_functions.py:282 | [DEBUG] Click skipped, ninguna de las imágenes se encontró en el intento.
2026-06-06 05:19:36 | INFO | my_functions.py:170 | Searching welcome_back_calendar.PNG (timeout=0s)
2026-06-06 05:19:37 | INFO | my_functions.py:214 | 
⛔ Not found: welcome_back_calendar.PNG after 0.14s region=(0, 0, 765, 1038) confidence=0.8
2026-06-06 05:19:37 | INFO | my_functions.py:248 | [DEBUG] Buscando en paralelo: ['start_the_countdown.PNG'] | timeout=0s | confidence=0.8
2026-06-06 05:19:37 | INFO | my_functions.py:282 | [DEBUG] Click skipped, ninguna de las imágenes se encontró en el intento.
2026-06-06 05:19:38 | INFO | my_functions.py:248 | [DEBUG] Buscando en paralelo: ['event_has_ended_sanctum.PNG'] | timeout=0s | confidence=0.8
2026-06-06 05:19:38 | INFO | my_functions.py:282 | [DEBUG] Click skipped, ninguna de las imágenes se encontró en el intento.
2026-06-06 05:19:39 | INFO | my_functions.py:248 | [DEBUG] Buscando en paralelo: ['event_has_ended_teamclash.PNG'] | timeout=0s | confidence=0.8
2026-06-06 05:19:39 | INFO | my_functions.py:282 | [DEBUG] Click skipped, ninguna de las imágenes se encontró en el intento.
2026-06-06 05:19:40 | INFO | my_functions.py:248 | [DEBUG] Buscando en paralelo: ['image_part_of_event_grand_arena_finished.PNG'] | timeout=0s | confidence=0.8
2026-06-06 05:19:41 | INFO | my_functions.py:282 | [DEBUG] Click skipped, ninguna de las imágenes se encontró en el intento.
2026-06-06 05:19:42 | INFO | my_functions.py:170 | Searching 28_day_event_login_rewards.PNG (timeout=0s)
2026-06-06 05:19:42 | INFO | my_functions.py:214 | 
⛔ Not found: 28_day_event_login_rewards.PNG after 0.0s region=(0, 0, 765, 1038) confidence=0.8
2026-06-06 05:19:42 | INFO | my_functions.py:170 | Searching 7_day_event_login.PNG (timeout=0s)
2026-06-06 05:19:42 | INFO | my_functions.py:214 | 
⛔ Not found: 7_day_event_login.PNG after 0.0s region=(0, 0, 765, 1038) confidence=0.8
2026-06-06 05:19:42 | INFO | my_functions.py:170 | Searching 14_days_event.PNG (timeout=0s)
2026-06-06 05:19:42 | INFO | my_functions.py:214 | 
⛔ Not found: 14_days_event.PNG after 0.0s region=(0, 0, 765, 1038) confidence=0.8
2026-06-06 05:19:42 | INFO | my_functions.py:248 | [DEBUG] Buscando en paralelo: ['lets_go.PNG'] | timeout=0s | confidence=0.8
2026-06-06 05:19:43 | INFO | my_functions.py:282 | [DEBUG] Click skipped, ninguna de las imágenes se encontró en el intento.
2026-06-06 05:19:45 | INFO | my_functions.py:170 | Searching shop_unselected.PNG (timeout=0s)
2026-06-06 05:19:45 | INFO | my_functions.py:200 | 
✅ Found: shop_unselected.PNG pos=(88, 961) time=0.21s confidence=0.8
2026-06-06 05:19:53 | INFO | my_functions.py:170 | Searching shop_unselected.PNG (timeout=0s)
2026-06-06 05:19:53 | INFO | my_functions.py:200 | 
✅ Found: shop_unselected.PNG pos=(88, 961) time=0.17s confidence=0.8
2026-06-06 05:19:53 | INFO | my_functions.py:511 | Ya esta listo
2026-06-06 05:19:55 | INFO | my_functions.py:330 | AVAILABLE: 4
2026-06-06 05:19:55 | INFO | my_functions.py:248 | [DEBUG] Buscando en paralelo: ['nut.png'] | timeout=20s | confidence=0.8
2026-06-06 05:19:56 | INFO | my_functions.py:135 | Haciendo click en la posición (184, 78)
2026-06-06 05:19:57 | INFO | my_functions.py:270 | 🖱️ Click OK (En paralelo): nut.png at (184, 78) delay=1s
2026-06-06 05:19:58 | INFO | my_functions.py:248 | [DEBUG] Buscando en paralelo: ['graphics_quality.png'] | timeout=3s | confidence=0.8
2026-06-06 05:19:59 | INFO | my_functions.py:135 | Haciendo click en la posición (304, 644)
2026-06-06 05:19:59 | INFO | my_functions.py:270 | 🖱️ Click OK (En paralelo): graphics_quality.png at (304, 644) delay=1s
2026-06-06 05:20:01 | INFO | my_functions.py:248 | [DEBUG] Buscando en paralelo: ['sign_out.png'] | timeout=20s | confidence=0.8
2026-06-06 05:20:02 | INFO | my_functions.py:135 | Haciendo click en la posición (380, 796)
2026-06-06 05:20:03 | INFO | my_functions.py:270 | 🖱️ Click OK (En paralelo): sign_out.png at (380, 796) delay=1s
2026-06-06 05:20:05 | INFO | my_functions.py:248 | [DEBUG] Buscando en paralelo: ['sign_out_grande.png'] | timeout=20s | confidence=0.8
2026-06-06 05:20:06 | INFO | my_functions.py:135 | Haciendo click en la posición (359, 437)
2026-06-06 05:20:06 | INFO | my_functions.py:270 | 🖱️ Click OK (En paralelo): sign_out_grande.png at (359, 437) delay=1s
2026-06-06 05:20:07 | INFO | my_functions.py:248 | [DEBUG] Buscando en paralelo: ['sign_out2.png'] | timeout=20s | confidence=0.8
2026-06-06 05:20:09 | INFO | my_functions.py:135 | Haciendo click en la posición (383, 634)
2026-06-06 05:20:09 | INFO | my_functions.py:270 | 🖱️ Click OK (En paralelo): sign_out2.png at (383, 634) delay=1s
2026-06-06 05:20:10 | INFO | my_functions.py:1298 | ⏱ Esperando 0.1 segundos antes de empezar...
2026-06-06 05:20:10 | INFO | my_functions.py:1305 | 🔍 Esperando ventana que contenga alguna de: SNAP (máx 20s)
2026-06-06 05:20:10 | INFO | my_functions.py:1317 | ✅ Ventana encontrada: 'SNAP'
2026-06-06 05:20:10 | INFO | my_functions.py:1332 | ✅ Ventana seleccionada: 'SNAP'
2026-06-06 05:20:12 | INFO | my_functions.py:1355 | 🔁 Reajuste #1...
2026-06-06 05:20:14 | INFO | my_functions.py:1362 | ✔ Verificación completa. Se hicieron 1 reajustes.
2026-06-06 05:20:18 | INFO | each_eight_hours.py:113 | Processing account: reeps_vm
2026-06-06 05:20:18 | INFO | my_functions.py:1298 | ⏱ Esperando 0.1 segundos antes de empezar...
2026-06-06 05:20:18 | INFO | my_functions.py:1305 | 🔍 Esperando ventana que contenga alguna de: ['SNAP'] (máx 20s)
2026-06-06 05:20:21 | INFO | my_functions.py:1317 | ✅ Ventana encontrada: 'SNAP'
2026-06-06 05:20:21 | INFO | my_functions.py:1332 | ✅ Ventana seleccionada: 'SNAP'
2026-06-06 05:20:23 | INFO | my_functions.py:1364 | ✔ Verificación completa. No hubo cambios después del primer ajuste.
2026-06-06 05:20:23 | INFO | my_functions.py:1002 | [DEBUG] Resizing SNAP window...
2026-06-06 05:20:23 | INFO | my_functions.py:1298 | ⏱ Esperando 0.1 segundos antes de empezar...
2026-06-06 05:20:23 | INFO | my_functions.py:1305 | 🔍 Esperando ventana que contenga alguna de: ['SNAP'] (máx 20s)
2026-06-06 05:20:23 | INFO | my_functions.py:1317 | ✅ Ventana encontrada: 'SNAP'
2026-06-06 05:20:23 | INFO | my_functions.py:1332 | ✅ Ventana seleccionada: 'SNAP'
2026-06-06 05:20:26 | INFO | my_functions.py:1364 | ✔ Verificación completa. No hubo cambios después del primer ajuste.
2026-06-06 05:20:26 | INFO | my_functions.py:248 | [DEBUG] Buscando en paralelo: ['small_submit.PNG', 'small_submit_hover.png', 'submit_hover_2.png', 'small_submit_hover_2.png'] | timeout=90s | confidence=0.8
2026-06-06 05:20:30 | INFO | my_functions.py:135 | Haciendo click en la posición (380, 642)
2026-06-06 05:20:31 | INFO | my_functions.py:270 | 🖱️ Click OK (En paralelo): small_submit.PNG at (380, 642) delay=0.2s
2026-06-06 05:20:34 | INFO | my_functions.py:248 | [DEBUG] Buscando en paralelo: ['small_submit.PNG', 'small_submit_hover.png', 'submit_hover_2.png', 'small_submit_hover_2.png'] | timeout=20s | confidence=0.8
2026-06-06 05:20:34 | INFO | my_functions.py:135 | Haciendo click en la posición (380, 721)
2026-06-06 05:20:35 | INFO | my_functions.py:270 | 🖱️ Click OK (En paralelo): small_submit.PNG at (380, 721) delay=0.2s
2026-06-06 05:20:36 | INFO | my_functions.py:1298 | ⏱ Esperando 0.1 segundos antes de empezar...
2026-06-06 05:20:36 | INFO | my_functions.py:1305 | 🔍 Esperando ventana que contenga alguna de: ['SNAP'] (máx 20s)
2026-06-06 05:20:36 | INFO | my_functions.py:1317 | ✅ Ventana encontrada: 'SNAP'
2026-06-06 05:20:36 | INFO | my_functions.py:1332 | ✅ Ventana seleccionada: 'SNAP'
2026-06-06 05:20:38 | INFO | my_functions.py:1355 | 🔁 Reajuste #1...
2026-06-06 05:20:39 | INFO | my_functions.py:1362 | ✔ Verificación completa. Se hicieron 1 reajustes.
2026-06-06 05:20:39 | INFO | my_functions.py:170 | Searching please_sign.png (timeout=0s)
2026-06-06 05:20:39 | INFO | my_functions.py:200 | 
✅ Found: please_sign.png pos=(383, 438) time=0.2s confidence=0.8
2026-06-06 05:20:39 | INFO | my_functions.py:248 | [DEBUG] Buscando en paralelo: ['ok_btn.png'] | timeout=20s | confidence=0.8
2026-06-06 05:20:40 | INFO | my_functions.py:135 | Haciendo click en la posición (382, 634)
2026-06-06 05:20:40 | INFO | my_functions.py:270 | 🖱️ Click OK (En paralelo): ok_btn.png at (382, 634) delay=1s
2026-06-06 05:20:42 | INFO | my_functions.py:248 | [DEBUG] Buscando en paralelo: ['small_submit.PNG', 'small_submit_hover.png', 'submit_hover_2.png', 'small_submit_hover_2.png'] | timeout=90s | confidence=0.8
2026-06-06 05:20:43 | INFO | my_functions.py:135 | Haciendo click en la posición (383, 643)
2026-06-06 05:20:43 | INFO | my_functions.py:270 | 🖱️ Click OK (En paralelo): small_submit_hover_2.png at (383, 643) delay=0.2s
2026-06-06 05:20:44 | INFO | my_functions.py:248 | [DEBUG] Buscando en paralelo: ['small_submit.PNG', 'small_submit_hover.png', 'submit_hover_2.png', 'small_submit_hover_2.png'] | timeout=20s | confidence=0.8
2026-06-06 05:20:45 | INFO | my_functions.py:135 | Haciendo click en la posición (380, 721)
2026-06-06 05:20:45 | INFO | my_functions.py:270 | 🖱️ Click OK (En paralelo): small_submit.PNG at (380, 721) delay=0.2s
2026-06-06 05:20:46 | INFO | my_functions.py:170 | Searching sign_in_with_google2.PNG (timeout=90s)
2026-06-06 05:20:46 | INFO | my_functions.py:200 | 
✅ Found: sign_in_with_google2.PNG pos=(406, 957) time=0.17s confidence=0.8
2026-06-06 05:20:46 | INFO | my_functions.py:248 | [DEBUG] Buscando en paralelo: ['sign_in_with_google2.PNG'] | timeout=20s | confidence=0.8
2026-06-06 05:20:47 | INFO | my_functions.py:135 | Haciendo click en la posición (406, 957)
2026-06-06 05:20:48 | INFO | my_functions.py:270 | 🖱️ Click OK (En paralelo): sign_in_with_google2.PNG at (406, 957) delay=1s
2026-06-06 05:20:49 | INFO | my_functions.py:248 | [DEBUG] Buscando en paralelo: ['reeps_vm.png'] | timeout=90s | confidence=0.8
2026-06-06 05:20:56 | INFO | my_functions.py:135 | Haciendo click en la posición (1126, 534)
2026-06-06 05:20:56 | INFO | my_functions.py:270 | 🖱️ Click OK (En paralelo): reeps_vm.png at (1126, 534) delay=3s
2026-06-06 05:20:57 | INFO | my_functions.py:170 | Searching marvelsnap_web.png (timeout=30s)
2026-06-06 05:21:01 | INFO | my_functions.py:200 | 
✅ Found: marvelsnap_web.png pos=(258, 80) time=3.51s confidence=0.7
2026-06-06 05:21:01 | INFO | my_functions.py:170 | Searching shop_unselected.PNG (timeout=0s)
2026-06-06 05:21:01 | INFO | my_functions.py:214 | 
⛔ Not found: shop_unselected.PNG after 0.0s region=(0, 0, 765, 1038) confidence=0.8
2026-06-06 05:21:01 | INFO | my_functions.py:248 | [DEBUG] Buscando en paralelo: ['super_premium.PNG'] | timeout=0s | confidence=0.8
2026-06-06 05:21:01 | INFO | my_functions.py:282 | [DEBUG] Click skipped, ninguna de las imágenes se encontró en el intento.
2026-06-06 05:21:02 | INFO | my_functions.py:248 | [DEBUG] Buscando en paralelo: ['maybe_later.PNG'] | timeout=0s | confidence=0.8
2026-06-06 05:21:02 | INFO | my_functions.py:282 | [DEBUG] Click skipped, ninguna de las imágenes se encontró en el intento.
2026-06-06 05:21:04 | INFO | my_functions.py:248 | [DEBUG] Buscando en paralelo: ['maybe_later2.PNG'] | timeout=0s | confidence=0.8
2026-06-06 05:21:04 | INFO | my_functions.py:282 | [DEBUG] Click skipped, ninguna de las imágenes se encontró en el intento.
2026-06-06 05:21:05 | INFO | my_functions.py:170 | Searching go_to_shop.PNG (timeout=0s)
2026-06-06 05:21:05 | INFO | my_functions.py:214 | 
⛔ Not found: go_to_shop.PNG after 0.0s region=(0, 0, 765, 1038) confidence=0.8
2026-06-06 05:21:05 | INFO | my_functions.py:248 | [DEBUG] Buscando en paralelo: ['14_days_of_winterverse.PNG'] | timeout=0s | confidence=0.8
2026-06-06 05:21:05 | INFO | my_functions.py:282 | [DEBUG] Click skipped, ninguna de las imágenes se encontró en el intento.
2026-06-06 05:21:06 | INFO | my_functions.py:170 | Searching welcome_back_calendar.PNG (timeout=0s)
2026-06-06 05:21:07 | INFO | my_functions.py:214 | 
⛔ Not found: welcome_back_calendar.PNG after 0.0s region=(0, 0, 765, 1038) confidence=0.8
2026-06-06 05:21:07 | INFO | my_functions.py:248 | [DEBUG] Buscando en paralelo: ['start_the_countdown.PNG'] | timeout=0s | confidence=0.8
2026-06-06 05:21:07 | INFO | my_functions.py:282 | [DEBUG] Click skipped, ninguna de las imágenes se encontró en el intento.
2026-06-06 05:21:08 | INFO | my_functions.py:248 | [DEBUG] Buscando en paralelo: ['event_has_ended_sanctum.PNG'] | timeout=0s | confidence=0.8
2026-06-06 05:21:08 | INFO | my_functions.py:282 | [DEBUG] Click skipped, ninguna de las imágenes se encontró en el intento.
2026-06-06 05:21:09 | INFO | my_functions.py:248 | [DEBUG] Buscando en paralelo: ['event_has_ended_teamclash.PNG'] | timeout=0s | confidence=0.8
2026-06-06 05:21:09 | INFO | my_functions.py:282 | [DEBUG] Click skipped, ninguna de las imágenes se encontró en el intento.
2026-06-06 05:21:10 | INFO | my_functions.py:248 | [DEBUG] Buscando en paralelo: ['image_part_of_event_grand_arena_finished.PNG'] | timeout=0s | confidence=0.8
2026-06-06 05:21:11 | INFO | my_functions.py:282 | [DEBUG] Click skipped, ninguna de las imágenes se encontró en el intento.
2026-06-06 05:21:12 | INFO | my_functions.py:170 | Searching 28_day_event_login_rewards.PNG (timeout=0s)
2026-06-06 05:21:12 | INFO | my_functions.py:214 | 
⛔ Not found: 28_day_event_login_rewards.PNG after 0.0s region=(0, 0, 765, 1038) confidence=0.8
2026-06-06 05:21:12 | INFO | my_functions.py:170 | Searching 7_day_event_login.PNG (timeout=0s)
2026-06-06 05:21:12 | INFO | my_functions.py:214 | 
⛔ Not found: 7_day_event_login.PNG after 0.0s region=(0, 0, 765, 1038) confidence=0.8
2026-06-06 05:21:12 | INFO | my_functions.py:170 | Searching 14_days_event.PNG (timeout=0s)
2026-06-06 05:21:12 | INFO | my_functions.py:214 | 
⛔ Not found: 14_days_event.PNG after 0.0s region=(0, 0, 765, 1038) confidence=0.8
2026-06-06 05:21:12 | INFO | my_functions.py:248 | [DEBUG] Buscando en paralelo: ['lets_go.PNG'] | timeout=0s | confidence=0.8
2026-06-06 05:21:13 | INFO | my_functions.py:282 | [DEBUG] Click skipped, ninguna de las imágenes se encontró en el intento.
2026-06-06 05:21:15 | INFO | my_functions.py:170 | Searching shop_unselected.PNG (timeout=0s)
2026-06-06 05:21:15 | INFO | my_functions.py:214 | 
⛔ Not found: shop_unselected.PNG after 0.0s region=(0, 0, 765, 1038) confidence=0.8
2026-06-06 05:21:15 | INFO | my_functions.py:248 | [DEBUG] Buscando en paralelo: ['super_premium.PNG'] | timeout=0s | confidence=0.8
2026-06-06 05:21:15 | INFO | my_functions.py:282 | [DEBUG] Click skipped, ninguna de las imágenes se encontró en el intento.
2026-06-06 05:21:16 | INFO | my_functions.py:248 | [DEBUG] Buscando en paralelo: ['maybe_later.PNG'] | timeout=0s | confidence=0.8
2026-06-06 05:21:16 | INFO | my_functions.py:282 | [DEBUG] Click skipped, ninguna de las imágenes se encontró en el intento.
2026-06-06 05:21:17 | INFO | my_functions.py:248 | [DEBUG] Buscando en paralelo: ['maybe_later2.PNG'] | timeout=0s | confidence=0.8
2026-06-06 05:21:18 | INFO | my_functions.py:282 | [DEBUG] Click skipped, ninguna de las imágenes se encontró en el intento.
2026-06-06 05:21:19 | INFO | my_functions.py:170 | Searching go_to_shop.PNG (timeout=0s)
2026-06-06 05:21:19 | INFO | my_functions.py:200 | 
✅ Found: go_to_shop.PNG pos=(275, 827) time=0.19s confidence=0.8
2026-06-06 05:21:21 | INFO | my_functions.py:248 | [DEBUG] Buscando en paralelo: ['white_x.png'] | timeout=20s | confidence=0.8
2026-06-06 05:21:22 | INFO | my_functions.py:135 | Haciendo click en la posición (597, 113)
2026-06-06 05:21:22 | INFO | my_functions.py:270 | 🖱️ Click OK (En paralelo): white_x.png at (597, 113) delay=1s
2026-06-06 05:21:31 | INFO | my_functions.py:170 | Searching shop_unselected.PNG (timeout=0s)
2026-06-06 05:21:32 | INFO | my_functions.py:214 | 
⛔ Not found: shop_unselected.PNG after 0.0s region=(0, 0, 765, 1038) confidence=0.8
2026-06-06 05:21:33 | INFO | my_functions.py:170 | Searching shop_unselected.PNG (timeout=0s)
2026-06-06 05:21:33 | INFO | my_functions.py:214 | 
⛔ Not found: shop_unselected.PNG after 0.0s region=(0, 0, 765, 1038) confidence=0.8
2026-06-06 05:21:33 | INFO | my_functions.py:248 | [DEBUG] Buscando en paralelo: ['super_premium.PNG'] | timeout=0s | confidence=0.8
2026-06-06 05:21:34 | INFO | my_functions.py:135 | Haciendo click en la posición (480, 777)
2026-06-06 05:21:34 | INFO | my_functions.py:270 | 🖱️ Click OK (En paralelo): super_premium.PNG at (480, 777) delay=1s
2026-06-06 05:21:35 | INFO | my_functions.py:143 | Presionando ESC (1/1)
2026-06-06 05:21:44 | INFO | my_functions.py:170 | Searching shop_unselected.PNG (timeout=0s)
2026-06-06 05:21:44 | INFO | my_functions.py:200 | 
✅ Found: shop_unselected.PNG pos=(88, 961) time=0.18s confidence=0.8
2026-06-06 05:21:44 | INFO | my_functions.py:511 | Ya esta listo
2026-06-06 05:21:46 | INFO | my_functions.py:330 | AVAILABLE: 2
2026-06-06 05:21:46 | INFO | my_functions.py:248 | [DEBUG] Buscando en paralelo: ['nut.png'] | timeout=20s | confidence=0.8
2026-06-06 05:21:47 | INFO | my_functions.py:135 | Haciendo click en la posición (184, 78)
2026-06-06 05:21:48 | INFO | my_functions.py:270 | 🖱️ Click OK (En paralelo): nut.png at (184, 78) delay=1s
2026-06-06 05:21:49 | INFO | my_functions.py:248 | [DEBUG] Buscando en paralelo: ['graphics_quality.png'] | timeout=3s | confidence=0.8
2026-06-06 05:21:50 | INFO | my_functions.py:135 | Haciendo click en la posición (304, 644)
2026-06-06 05:21:50 | INFO | my_functions.py:270 | 🖱️ Click OK (En paralelo): graphics_quality.png at (304, 644) delay=1s
2026-06-06 05:21:52 | INFO | my_functions.py:248 | [DEBUG] Buscando en paralelo: ['sign_out.png'] | timeout=20s | confidence=0.8
2026-06-06 05:21:53 | INFO | my_functions.py:135 | Haciendo click en la posición (380, 796)
2026-06-06 05:21:54 | INFO | my_functions.py:270 | 🖱️ Click OK (En paralelo): sign_out.png at (380, 796) delay=1s
2026-06-06 05:21:56 | INFO | my_functions.py:248 | [DEBUG] Buscando en paralelo: ['sign_out_grande.png'] | timeout=20s | confidence=0.8
2026-06-06 05:21:57 | INFO | my_functions.py:135 | Haciendo click en la posición (359, 437)
2026-06-06 05:21:57 | INFO | my_functions.py:270 | 🖱️ Click OK (En paralelo): sign_out_grande.png at (359, 437) delay=1s
2026-06-06 05:21:58 | INFO | my_functions.py:248 | [DEBUG] Buscando en paralelo: ['sign_out2.png'] | timeout=20s | confidence=0.8
2026-06-06 05:21:59 | INFO | my_functions.py:135 | Haciendo click en la posición (383, 634)
2026-06-06 05:22:00 | INFO | my_functions.py:270 | 🖱️ Click OK (En paralelo): sign_out2.png at (383, 634) delay=1s
2026-06-06 05:22:01 | INFO | my_functions.py:1298 | ⏱ Esperando 0.1 segundos antes de empezar...
2026-06-06 05:22:01 | INFO | my_functions.py:1305 | 🔍 Esperando ventana que contenga alguna de: SNAP (máx 20s)
2026-06-06 05:22:01 | INFO | my_functions.py:1317 | ✅ Ventana encontrada: 'SNAP'
2026-06-06 05:22:01 | INFO | my_functions.py:1332 | ✅ Ventana seleccionada: 'SNAP'
2026-06-06 05:22:03 | INFO | my_functions.py:1355 | 🔁 Reajuste #1...
2026-06-06 05:22:05 | INFO | my_functions.py:1362 | ✔ Verificación completa. Se hicieron 1 reajustes.
2026-06-06 05:22:09 | INFO | each_eight_hours.py:113 | Processing account: overture_vm
2026-06-06 05:22:09 | INFO | my_functions.py:1298 | ⏱ Esperando 0.1 segundos antes de empezar...
2026-06-06 05:22:09 | INFO | my_functions.py:1305 | 🔍 Esperando ventana que contenga alguna de: ['SNAP'] (máx 20s)
2026-06-06 05:22:11 | INFO | my_functions.py:1317 | ✅ Ventana encontrada: 'SNAP'
2026-06-06 05:22:11 | INFO | my_functions.py:1332 | ✅ Ventana seleccionada: 'SNAP'
2026-06-06 05:22:14 | INFO | my_functions.py:1364 | ✔ Verificación completa. No hubo cambios después del primer ajuste.
2026-06-06 05:22:14 | INFO | my_functions.py:1002 | [DEBUG] Resizing SNAP window...
2026-06-06 05:22:14 | INFO | my_functions.py:1298 | ⏱ Esperando 0.1 segundos antes de empezar...
2026-06-06 05:22:14 | INFO | my_functions.py:1305 | 🔍 Esperando ventana que contenga alguna de: ['SNAP'] (máx 20s)
2026-06-06 05:22:14 | INFO | my_functions.py:1317 | ✅ Ventana encontrada: 'SNAP'
2026-06-06 05:22:14 | INFO | my_functions.py:1332 | ✅ Ventana seleccionada: 'SNAP'
2026-06-06 05:22:17 | INFO | my_functions.py:1364 | ✔ Verificación completa. No hubo cambios después del primer ajuste.
2026-06-06 05:22:17 | INFO | my_functions.py:248 | [DEBUG] Buscando en paralelo: ['small_submit.PNG', 'small_submit_hover.png', 'submit_hover_2.png', 'small_submit_hover_2.png'] | timeout=90s | confidence=0.8
2026-06-06 05:22:20 | INFO | my_functions.py:135 | Haciendo click en la posición (380, 642)
2026-06-06 05:22:20 | INFO | my_functions.py:270 | 🖱️ Click OK (En paralelo): small_submit.PNG at (380, 642) delay=0.2s
2026-06-06 05:22:23 | INFO | my_functions.py:248 | [DEBUG] Buscando en paralelo: ['small_submit.PNG', 'small_submit_hover.png', 'submit_hover_2.png', 'small_submit_hover_2.png'] | timeout=20s | confidence=0.8
2026-06-06 05:22:24 | INFO | my_functions.py:135 | Haciendo click en la posición (380, 721)
2026-06-06 05:22:24 | INFO | my_functions.py:270 | 🖱️ Click OK (En paralelo): small_submit.PNG at (380, 721) delay=0.2s
2026-06-06 05:22:25 | INFO | my_functions.py:1298 | ⏱ Esperando 0.1 segundos antes de empezar...
2026-06-06 05:22:25 | INFO | my_functions.py:1305 | 🔍 Esperando ventana que contenga alguna de: ['SNAP'] (máx 20s)
2026-06-06 05:22:25 | INFO | my_functions.py:1317 | ✅ Ventana encontrada: 'SNAP'
2026-06-06 05:22:25 | INFO | my_functions.py:1332 | ✅ Ventana seleccionada: 'SNAP'
2026-06-06 05:22:27 | INFO | my_functions.py:1355 | 🔁 Reajuste #1...
2026-06-06 05:22:28 | INFO | my_functions.py:1362 | ✔ Verificación completa. Se hicieron 1 reajustes.
2026-06-06 05:22:28 | INFO | my_functions.py:170 | Searching please_sign.png (timeout=0s)
2026-06-06 05:22:29 | INFO | my_functions.py:200 | 
✅ Found: please_sign.png pos=(383, 438) time=0.19s confidence=0.8
2026-06-06 05:22:29 | INFO | my_functions.py:248 | [DEBUG] Buscando en paralelo: ['ok_btn.png'] | timeout=20s | confidence=0.8
2026-06-06 05:22:30 | INFO | my_functions.py:135 | Haciendo click en la posición (382, 634)
2026-06-06 05:22:30 | INFO | my_functions.py:270 | 🖱️ Click OK (En paralelo): ok_btn.png at (382, 634) delay=1s
2026-06-06 05:22:31 | INFO | my_functions.py:248 | [DEBUG] Buscando en paralelo: ['small_submit.PNG', 'small_submit_hover.png', 'submit_hover_2.png', 'small_submit_hover_2.png'] | timeout=90s | confidence=0.8
2026-06-06 05:22:32 | INFO | my_functions.py:135 | Haciendo click en la posición (383, 643)
2026-06-06 05:22:33 | INFO | my_functions.py:270 | 🖱️ Click OK (En paralelo): small_submit_hover_2.png at (383, 643) delay=0.2s
2026-06-06 05:22:34 | INFO | my_functions.py:248 | [DEBUG] Buscando en paralelo: ['small_submit.PNG', 'small_submit_hover.png', 'submit_hover_2.png', 'small_submit_hover_2.png'] | timeout=20s | confidence=0.8
2026-06-06 05:22:34 | INFO | my_functions.py:135 | Haciendo click en la posición (380, 721)
2026-06-06 05:22:34 | INFO | my_functions.py:270 | 🖱️ Click OK (En paralelo): small_submit.PNG at (380, 721) delay=0.2s
2026-06-06 05:22:36 | INFO | my_functions.py:170 | Searching sign_in_with_google2.PNG (timeout=90s)
2026-06-06 05:22:36 | INFO | my_functions.py:200 | 
✅ Found: sign_in_with_google2.PNG pos=(406, 957) time=0.17s confidence=0.8
2026-06-06 05:22:36 | INFO | my_functions.py:248 | [DEBUG] Buscando en paralelo: ['sign_in_with_google2.PNG'] | timeout=20s | confidence=0.8
2026-06-06 05:22:37 | INFO | my_functions.py:135 | Haciendo click en la posición (406, 957)
2026-06-06 05:22:37 | INFO | my_functions.py:270 | 🖱️ Click OK (En paralelo): sign_in_with_google2.PNG at (406, 957) delay=1s
2026-06-06 05:22:38 | INFO | my_functions.py:248 | [DEBUG] Buscando en paralelo: ['overture_vm.png'] | timeout=90s | confidence=0.8
2026-06-06 05:22:45 | INFO | my_functions.py:135 | Haciendo click en la posición (1126, 447)
2026-06-06 05:22:45 | INFO | my_functions.py:270 | 🖱️ Click OK (En paralelo): overture_vm.png at (1126, 447) delay=3s
2026-06-06 05:22:46 | INFO | my_functions.py:170 | Searching marvelsnap_web.png (timeout=30s)
2026-06-06 05:22:50 | INFO | my_functions.py:200 | 
✅ Found: marvelsnap_web.png pos=(258, 80) time=3.89s confidence=0.7
2026-06-06 05:22:51 | INFO | my_functions.py:170 | Searching shop_unselected.PNG (timeout=0s)
2026-06-06 05:22:51 | INFO | my_functions.py:214 | 
⛔ Not found: shop_unselected.PNG after 0.0s region=(0, 0, 765, 1038) confidence=0.8
2026-06-06 05:22:51 | INFO | my_functions.py:248 | [DEBUG] Buscando en paralelo: ['super_premium.PNG'] | timeout=0s | confidence=0.8
2026-06-06 05:22:51 | INFO | my_functions.py:282 | [DEBUG] Click skipped, ninguna de las imágenes se encontró en el intento.
2026-06-06 05:22:52 | INFO | my_functions.py:248 | [DEBUG] Buscando en paralelo: ['maybe_later.PNG'] | timeout=0s | confidence=0.8
2026-06-06 05:22:52 | INFO | my_functions.py:282 | [DEBUG] Click skipped, ninguna de las imágenes se encontró en el intento.
2026-06-06 05:22:53 | INFO | my_functions.py:248 | [DEBUG] Buscando en paralelo: ['maybe_later2.PNG'] | timeout=0s | confidence=0.8
2026-06-06 05:22:54 | INFO | my_functions.py:282 | [DEBUG] Click skipped, ninguna de las imágenes se encontró en el intento.
2026-06-06 05:22:55 | INFO | my_functions.py:170 | Searching go_to_shop.PNG (timeout=0s)
2026-06-06 05:22:55 | INFO | my_functions.py:214 | 
⛔ Not found: go_to_shop.PNG after 0.0s region=(0, 0, 765, 1038) confidence=0.8
2026-06-06 05:22:55 | INFO | my_functions.py:248 | [DEBUG] Buscando en paralelo: ['14_days_of_winterverse.PNG'] | timeout=0s | confidence=0.8
2026-06-06 05:22:55 | INFO | my_functions.py:282 | [DEBUG] Click skipped, ninguna de las imágenes se encontró en el intento.
2026-06-06 05:22:56 | INFO | my_functions.py:170 | Searching welcome_back_calendar.PNG (timeout=0s)
2026-06-06 05:22:56 | INFO | my_functions.py:214 | 
⛔ Not found: welcome_back_calendar.PNG after 0.0s region=(0, 0, 765, 1038) confidence=0.8
2026-06-06 05:22:56 | INFO | my_functions.py:248 | [DEBUG] Buscando en paralelo: ['start_the_countdown.PNG'] | timeout=0s | confidence=0.8
2026-06-06 05:22:57 | INFO | my_functions.py:282 | [DEBUG] Click skipped, ninguna de las imágenes se encontró en el intento.
2026-06-06 05:22:58 | INFO | my_functions.py:248 | [DEBUG] Buscando en paralelo: ['event_has_ended_sanctum.PNG'] | timeout=0s | confidence=0.8
2026-06-06 05:22:58 | INFO | my_functions.py:282 | [DEBUG] Click skipped, ninguna de las imágenes se encontró en el intento.
2026-06-06 05:22:59 | INFO | my_functions.py:248 | [DEBUG] Buscando en paralelo: ['event_has_ended_teamclash.PNG'] | timeout=0s | confidence=0.8
2026-06-06 05:22:59 | INFO | my_functions.py:282 | [DEBUG] Click skipped, ninguna de las imágenes se encontró en el intento.
2026-06-06 05:23:00 | INFO | my_functions.py:248 | [DEBUG] Buscando en paralelo: ['image_part_of_event_grand_arena_finished.PNG'] | timeout=0s | confidence=0.8
2026-06-06 05:23:00 | INFO | my_functions.py:282 | [DEBUG] Click skipped, ninguna de las imágenes se encontró en el intento.
2026-06-06 05:23:02 | INFO | my_functions.py:170 | Searching 28_day_event_login_rewards.PNG (timeout=0s)
2026-06-06 05:23:02 | INFO | my_functions.py:214 | 
⛔ Not found: 28_day_event_login_rewards.PNG after 0.17s region=(0, 0, 765, 1038) confidence=0.8
2026-06-06 05:23:02 | INFO | my_functions.py:170 | Searching 7_day_event_login.PNG (timeout=0s)
2026-06-06 05:23:02 | INFO | my_functions.py:214 | 
⛔ Not found: 7_day_event_login.PNG after 0.0s region=(0, 0, 765, 1038) confidence=0.8
2026-06-06 05:23:02 | INFO | my_functions.py:170 | Searching 14_days_event.PNG (timeout=0s)
2026-06-06 05:23:02 | INFO | my_functions.py:214 | 
⛔ Not found: 14_days_event.PNG after 0.0s region=(0, 0, 765, 1038) confidence=0.8
2026-06-06 05:23:02 | INFO | my_functions.py:248 | [DEBUG] Buscando en paralelo: ['lets_go.PNG'] | timeout=0s | confidence=0.8
2026-06-06 05:23:02 | INFO | my_functions.py:282 | [DEBUG] Click skipped, ninguna de las imágenes se encontró en el intento.
2026-06-06 05:23:05 | INFO | my_functions.py:170 | Searching shop_unselected.PNG (timeout=0s)
2026-06-06 05:23:05 | INFO | my_functions.py:214 | 
⛔ Not found: shop_unselected.PNG after 0.0s region=(0, 0, 765, 1038) confidence=0.8
2026-06-06 05:23:05 | INFO | my_functions.py:248 | [DEBUG] Buscando en paralelo: ['super_premium.PNG'] | timeout=0s | confidence=0.8
2026-06-06 05:23:05 | INFO | my_functions.py:282 | [DEBUG] Click skipped, ninguna de las imágenes se encontró en el intento.
2026-06-06 05:23:06 | INFO | my_functions.py:248 | [DEBUG] Buscando en paralelo: ['maybe_later.PNG'] | timeout=0s | confidence=0.8
2026-06-06 05:23:06 | INFO | my_functions.py:282 | [DEBUG] Click skipped, ninguna de las imágenes se encontró en el intento.
2026-06-06 05:23:07 | INFO | my_functions.py:248 | [DEBUG] Buscando en paralelo: ['maybe_later2.PNG'] | timeout=0s | confidence=0.8
2026-06-06 05:23:08 | INFO | my_functions.py:282 | [DEBUG] Click skipped, ninguna de las imágenes se encontró en el intento.
2026-06-06 05:23:09 | INFO | my_functions.py:170 | Searching go_to_shop.PNG (timeout=0s)
2026-06-06 05:23:09 | INFO | my_functions.py:200 | 
✅ Found: go_to_shop.PNG pos=(275, 827) time=0.24s confidence=0.8
2026-06-06 05:23:11 | INFO | my_functions.py:248 | [DEBUG] Buscando en paralelo: ['white_x.png'] | timeout=20s | confidence=0.8
2026-06-06 05:23:12 | INFO | my_functions.py:135 | Haciendo click en la posición (597, 113)
2026-06-06 05:23:12 | INFO | my_functions.py:270 | 🖱️ Click OK (En paralelo): white_x.png at (597, 113) delay=1s
2026-06-06 05:23:21 | INFO | my_functions.py:170 | Searching shop_unselected.PNG (timeout=0s)
2026-06-06 05:23:22 | INFO | my_functions.py:214 | 
⛔ Not found: shop_unselected.PNG after 0.0s region=(0, 0, 765, 1038) confidence=0.8
2026-06-06 05:23:23 | INFO | my_functions.py:170 | Searching shop_unselected.PNG (timeout=0s)
2026-06-06 05:23:23 | INFO | my_functions.py:214 | 
⛔ Not found: shop_unselected.PNG after 0.19s region=(0, 0, 765, 1038) confidence=0.8
2026-06-06 05:23:23 | INFO | my_functions.py:248 | [DEBUG] Buscando en paralelo: ['super_premium.PNG'] | timeout=0s | confidence=0.8
2026-06-06 05:23:24 | INFO | my_functions.py:135 | Haciendo click en la posición (480, 777)
2026-06-06 05:23:24 | INFO | my_functions.py:270 | 🖱️ Click OK (En paralelo): super_premium.PNG at (480, 777) delay=1s
2026-06-06 05:23:26 | INFO | my_functions.py:143 | Presionando ESC (1/1)
2026-06-06 05:23:34 | INFO | my_functions.py:170 | Searching shop_unselected.PNG (timeout=0s)
2026-06-06 05:23:34 | INFO | my_functions.py:200 | 
✅ Found: shop_unselected.PNG pos=(88, 961) time=0.25s confidence=0.8
2026-06-06 05:23:34 | INFO | my_functions.py:511 | Ya esta listo
2026-06-06 05:23:37 | INFO | my_functions.py:330 | AVAILABLE: 3
2026-06-06 05:23:37 | INFO | my_functions.py:248 | [DEBUG] Buscando en paralelo: ['nut.png'] | timeout=20s | confidence=0.8
2026-06-06 05:23:38 | INFO | my_functions.py:135 | Haciendo click en la posición (184, 78)
2026-06-06 05:23:38 | INFO | my_functions.py:270 | 🖱️ Click OK (En paralelo): nut.png at (184, 78) delay=1s
2026-06-06 05:23:39 | INFO | my_functions.py:248 | [DEBUG] Buscando en paralelo: ['graphics_quality.png'] | timeout=3s | confidence=0.8
2026-06-06 05:23:40 | INFO | my_functions.py:135 | Haciendo click en la posición (304, 644)
2026-06-06 05:23:40 | INFO | my_functions.py:270 | 🖱️ Click OK (En paralelo): graphics_quality.png at (304, 644) delay=1s
2026-06-06 05:23:43 | INFO | my_functions.py:248 | [DEBUG] Buscando en paralelo: ['sign_out.png'] | timeout=20s | confidence=0.8
2026-06-06 05:23:44 | INFO | my_functions.py:135 | Haciendo click en la posición (380, 796)
2026-06-06 05:23:44 | INFO | my_functions.py:270 | 🖱️ Click OK (En paralelo): sign_out.png at (380, 796) delay=1s
2026-06-06 05:23:46 | INFO | my_functions.py:248 | [DEBUG] Buscando en paralelo: ['sign_out_grande.png'] | timeout=20s | confidence=0.8
2026-06-06 05:23:47 | INFO | my_functions.py:135 | Haciendo click en la posición (359, 437)
2026-06-06 05:23:48 | INFO | my_functions.py:270 | 🖱️ Click OK (En paralelo): sign_out_grande.png at (359, 437) delay=1s
2026-06-06 05:23:49 | INFO | my_functions.py:248 | [DEBUG] Buscando en paralelo: ['sign_out2.png'] | timeout=20s | confidence=0.8
2026-06-06 05:23:50 | INFO | my_functions.py:135 | Haciendo click en la posición (383, 634)
2026-06-06 05:23:50 | INFO | my_functions.py:270 | 🖱️ Click OK (En paralelo): sign_out2.png at (383, 634) delay=1s
2026-06-06 05:23:51 | INFO | my_functions.py:1298 | ⏱ Esperando 0.1 segundos antes de empezar...
2026-06-06 05:23:51 | INFO | my_functions.py:1305 | 🔍 Esperando ventana que contenga alguna de: SNAP (máx 20s)
2026-06-06 05:23:51 | INFO | my_functions.py:1317 | ✅ Ventana encontrada: 'SNAP'
2026-06-06 05:23:51 | INFO | my_functions.py:1332 | ✅ Ventana seleccionada: 'SNAP'
2026-06-06 05:23:53 | INFO | my_functions.py:1355 | 🔁 Reajuste #1...
2026-06-06 05:23:55 | INFO | my_functions.py:1362 | ✔ Verificación completa. Se hicieron 1 reajustes.
2026-06-06 05:24:00 | INFO | each_eight_hours.py:113 | Processing account: bender_vm
2026-06-06 05:24:00 | INFO | my_functions.py:1298 | ⏱ Esperando 0.1 segundos antes de empezar...
2026-06-06 05:24:00 | INFO | my_functions.py:1305 | 🔍 Esperando ventana que contenga alguna de: ['SNAP'] (máx 20s)
2026-06-06 05:24:02 | INFO | my_functions.py:1317 | ✅ Ventana encontrada: 'SNAP'
2026-06-06 05:24:02 | INFO | my_functions.py:1332 | ✅ Ventana seleccionada: 'SNAP'
2026-06-06 05:24:04 | INFO | my_functions.py:1364 | ✔ Verificación completa. No hubo cambios después del primer ajuste.
2026-06-06 05:24:04 | INFO | my_functions.py:1002 | [DEBUG] Resizing SNAP window...
2026-06-06 05:24:04 | INFO | my_functions.py:1298 | ⏱ Esperando 0.1 segundos antes de empezar...
2026-06-06 05:24:04 | INFO | my_functions.py:1305 | 🔍 Esperando ventana que contenga alguna de: ['SNAP'] (máx 20s)
2026-06-06 05:24:04 | INFO | my_functions.py:1317 | ✅ Ventana encontrada: 'SNAP'
2026-06-06 05:24:04 | INFO | my_functions.py:1332 | ✅ Ventana seleccionada: 'SNAP'
2026-06-06 05:24:07 | INFO | my_functions.py:1364 | ✔ Verificación completa. No hubo cambios después del primer ajuste.
2026-06-06 05:24:07 | INFO | my_functions.py:248 | [DEBUG] Buscando en paralelo: ['small_submit.PNG', 'small_submit_hover.png', 'submit_hover_2.png', 'small_submit_hover_2.png'] | timeout=90s | confidence=0.8
2026-06-06 05:24:12 | INFO | my_functions.py:135 | Haciendo click en la posición (380, 642)
2026-06-06 05:24:12 | INFO | my_functions.py:270 | 🖱️ Click OK (En paralelo): small_submit.PNG at (380, 642) delay=0.2s
2026-06-06 05:24:16 | INFO | my_functions.py:248 | [DEBUG] Buscando en paralelo: ['small_submit.PNG', 'small_submit_hover.png', 'submit_hover_2.png', 'small_submit_hover_2.png'] | timeout=20s | confidence=0.8
2026-06-06 05:24:16 | INFO | my_functions.py:135 | Haciendo click en la posición (380, 721)
2026-06-06 05:24:16 | INFO | my_functions.py:270 | 🖱️ Click OK (En paralelo): small_submit.PNG at (380, 721) delay=0.2s
2026-06-06 05:24:17 | INFO | my_functions.py:1298 | ⏱ Esperando 0.1 segundos antes de empezar...
2026-06-06 05:24:17 | INFO | my_functions.py:1305 | 🔍 Esperando ventana que contenga alguna de: ['SNAP'] (máx 20s)
2026-06-06 05:24:17 | INFO | my_functions.py:1317 | ✅ Ventana encontrada: 'SNAP'
2026-06-06 05:24:17 | INFO | my_functions.py:1332 | ✅ Ventana seleccionada: 'SNAP'
2026-06-06 05:24:19 | INFO | my_functions.py:1355 | 🔁 Reajuste #1...
2026-06-06 05:24:21 | INFO | my_functions.py:1362 | ✔ Verificación completa. Se hicieron 1 reajustes.
2026-06-06 05:24:21 | INFO | my_functions.py:170 | Searching please_sign.png (timeout=0s)
2026-06-06 05:24:21 | INFO | my_functions.py:200 | 
✅ Found: please_sign.png pos=(383, 438) time=0.17s confidence=0.8
2026-06-06 05:24:21 | INFO | my_functions.py:248 | [DEBUG] Buscando en paralelo: ['ok_btn.png'] | timeout=20s | confidence=0.8
2026-06-06 05:24:22 | INFO | my_functions.py:135 | Haciendo click en la posición (382, 634)
2026-06-06 05:24:22 | INFO | my_functions.py:270 | 🖱️ Click OK (En paralelo): ok_btn.png at (382, 634) delay=1s
2026-06-06 05:24:23 | INFO | my_functions.py:248 | [DEBUG] Buscando en paralelo: ['small_submit.PNG', 'small_submit_hover.png', 'submit_hover_2.png', 'small_submit_hover_2.png'] | timeout=90s | confidence=0.8
2026-06-06 05:24:25 | INFO | my_functions.py:135 | Haciendo click en la posición (383, 643)
2026-06-06 05:24:25 | INFO | my_functions.py:270 | 🖱️ Click OK (En paralelo): small_submit_hover_2.png at (383, 643) delay=0.2s
2026-06-06 05:24:26 | INFO | my_functions.py:248 | [DEBUG] Buscando en paralelo: ['small_submit.PNG', 'small_submit_hover.png', 'submit_hover_2.png', 'small_submit_hover_2.png'] | timeout=20s | confidence=0.8
2026-06-06 05:24:26 | INFO | my_functions.py:135 | Haciendo click en la posición (380, 721)
2026-06-06 05:24:27 | INFO | my_functions.py:270 | 🖱️ Click OK (En paralelo): small_submit.PNG at (380, 721) delay=0.2s
2026-06-06 05:24:28 | INFO | my_functions.py:170 | Searching sign_in_with_google2.PNG (timeout=90s)
2026-06-06 05:24:28 | INFO | my_functions.py:200 | 
✅ Found: sign_in_with_google2.PNG pos=(406, 957) time=0.16s confidence=0.8
2026-06-06 05:24:28 | INFO | my_functions.py:248 | [DEBUG] Buscando en paralelo: ['sign_in_with_google2.PNG'] | timeout=20s | confidence=0.8
2026-06-06 05:24:29 | INFO | my_functions.py:135 | Haciendo click en la posición (406, 957)
2026-06-06 05:24:29 | INFO | my_functions.py:270 | 🖱️ Click OK (En paralelo): sign_in_with_google2.PNG at (406, 957) delay=1s
2026-06-06 05:24:30 | INFO | my_functions.py:248 | [DEBUG] Buscando en paralelo: ['bender_vm.png'] | timeout=90s | confidence=0.8
2026-06-06 05:24:37 | INFO | my_functions.py:135 | Haciendo click en la posición (1125, 358)
2026-06-06 05:24:37 | INFO | my_functions.py:270 | 🖱️ Click OK (En paralelo): bender_vm.png at (1125, 358) delay=3s
2026-06-06 05:24:38 | INFO | my_functions.py:170 | Searching marvelsnap_web.png (timeout=30s)
2026-06-06 05:24:44 | INFO | my_functions.py:200 | 
✅ Found: marvelsnap_web.png pos=(258, 80) time=5.98s confidence=0.7
2026-06-06 05:24:45 | INFO | my_functions.py:170 | Searching shop_unselected.PNG (timeout=0s)
2026-06-06 05:24:45 | INFO | my_functions.py:214 | 
⛔ Not found: shop_unselected.PNG after 0.0s region=(0, 0, 765, 1038) confidence=0.8
2026-06-06 05:24:45 | INFO | my_functions.py:248 | [DEBUG] Buscando en paralelo: ['super_premium.PNG'] | timeout=0s | confidence=0.8
2026-06-06 05:24:45 | INFO | my_functions.py:282 | [DEBUG] Click skipped, ninguna de las imágenes se encontró en el intento.
2026-06-06 05:24:46 | INFO | my_functions.py:248 | [DEBUG] Buscando en paralelo: ['maybe_later.PNG'] | timeout=0s | confidence=0.8
2026-06-06 05:24:46 | INFO | my_functions.py:282 | [DEBUG] Click skipped, ninguna de las imágenes se encontró en el intento.
2026-06-06 05:24:48 | INFO | my_functions.py:248 | [DEBUG] Buscando en paralelo: ['maybe_later2.PNG'] | timeout=0s | confidence=0.8
2026-06-06 05:24:48 | INFO | my_functions.py:282 | [DEBUG] Click skipped, ninguna de las imágenes se encontró en el intento.
2026-06-06 05:24:49 | INFO | my_functions.py:170 | Searching go_to_shop.PNG (timeout=0s)
2026-06-06 05:24:49 | INFO | my_functions.py:214 | 
⛔ Not found: go_to_shop.PNG after 0.0s region=(0, 0, 765, 1038) confidence=0.8
2026-06-06 05:24:49 | INFO | my_functions.py:248 | [DEBUG] Buscando en paralelo: ['14_days_of_winterverse.PNG'] | timeout=0s | confidence=0.8
2026-06-06 05:24:49 | INFO | my_functions.py:282 | [DEBUG] Click skipped, ninguna de las imágenes se encontró en el intento.
2026-06-06 05:24:51 | INFO | my_functions.py:170 | Searching welcome_back_calendar.PNG (timeout=0s)
2026-06-06 05:24:51 | INFO | my_functions.py:214 | 
⛔ Not found: welcome_back_calendar.PNG after 0.0s region=(0, 0, 765, 1038) confidence=0.8
2026-06-06 05:24:51 | INFO | my_functions.py:248 | [DEBUG] Buscando en paralelo: ['start_the_countdown.PNG'] | timeout=0s | confidence=0.8
2026-06-06 05:24:51 | INFO | my_functions.py:282 | [DEBUG] Click skipped, ninguna de las imágenes se encontró en el intento.
2026-06-06 05:24:52 | INFO | my_functions.py:248 | [DEBUG] Buscando en paralelo: ['event_has_ended_sanctum.PNG'] | timeout=0s | confidence=0.8
2026-06-06 05:24:52 | INFO | my_functions.py:282 | [DEBUG] Click skipped, ninguna de las imágenes se encontró en el intento.
2026-06-06 05:24:53 | INFO | my_functions.py:248 | [DEBUG] Buscando en paralelo: ['event_has_ended_teamclash.PNG'] | timeout=0s | confidence=0.8
2026-06-06 05:24:54 | INFO | my_functions.py:282 | [DEBUG] Click skipped, ninguna de las imágenes se encontró en el intento.
2026-06-06 05:24:55 | INFO | my_functions.py:248 | [DEBUG] Buscando en paralelo: ['image_part_of_event_grand_arena_finished.PNG'] | timeout=0s | confidence=0.8
2026-06-06 05:24:55 | INFO | my_functions.py:282 | [DEBUG] Click skipped, ninguna de las imágenes se encontró en el intento.
2026-06-06 05:24:56 | INFO | my_functions.py:170 | Searching 28_day_event_login_rewards.PNG (timeout=0s)
2026-06-06 05:24:56 | INFO | my_functions.py:214 | 
⛔ Not found: 28_day_event_login_rewards.PNG after 0.0s region=(0, 0, 765, 1038) confidence=0.8
2026-06-06 05:24:56 | INFO | my_functions.py:170 | Searching 7_day_event_login.PNG (timeout=0s)
2026-06-06 05:24:56 | INFO | my_functions.py:214 | 
⛔ Not found: 7_day_event_login.PNG after 0.0s region=(0, 0, 765, 1038) confidence=0.8
2026-06-06 05:24:56 | INFO | my_functions.py:170 | Searching 14_days_event.PNG (timeout=0s)
2026-06-06 05:24:57 | INFO | my_functions.py:214 | 
⛔ Not found: 14_days_event.PNG after 0.0s region=(0, 0, 765, 1038) confidence=0.8
2026-06-06 05:24:57 | INFO | my_functions.py:248 | [DEBUG] Buscando en paralelo: ['lets_go.PNG'] | timeout=0s | confidence=0.8
2026-06-06 05:24:57 | INFO | my_functions.py:282 | [DEBUG] Click skipped, ninguna de las imágenes se encontró en el intento.
2026-06-06 05:24:59 | INFO | my_functions.py:170 | Searching shop_unselected.PNG (timeout=0s)
2026-06-06 05:24:59 | INFO | my_functions.py:214 | 
⛔ Not found: shop_unselected.PNG after 0.0s region=(0, 0, 765, 1038) confidence=0.8
2026-06-06 05:24:59 | INFO | my_functions.py:248 | [DEBUG] Buscando en paralelo: ['super_premium.PNG'] | timeout=0s | confidence=0.8
2026-06-06 05:25:01 | INFO | my_functions.py:135 | Haciendo click en la posición (480, 777)
2026-06-06 05:25:01 | INFO | my_functions.py:270 | 🖱️ Click OK (En paralelo): super_premium.PNG at (480, 777) delay=1s
2026-06-06 05:25:02 | INFO | my_functions.py:143 | Presionando ESC (1/1)
2026-06-06 05:25:10 | INFO | my_functions.py:170 | Searching shop_unselected.PNG (timeout=0s)
2026-06-06 05:25:11 | INFO | my_functions.py:200 | 
✅ Found: shop_unselected.PNG pos=(88, 961) time=0.18s confidence=0.8
2026-06-06 05:25:11 | INFO | my_functions.py:511 | Ya esta listo
2026-06-06 05:25:13 | INFO | my_functions.py:330 | AVAILABLE: 5
2026-06-06 05:25:13 | INFO | my_functions.py:352 | Misiones completadas: 0
2026-06-06 05:25:13 | INFO | my_functions.py:170 | Searching play.PNG (timeout=0s)
2026-06-06 05:25:13 | INFO | my_functions.py:200 | 
✅ Found: play.PNG pos=(384, 826) time=0.24s confidence=0.8
2026-06-06 05:25:13 | INFO | my_functions.py:1193 | [INFO] Click realizado donde se equipa el deck a jugar
2026-06-06 05:25:17 | INFO | my_functions.py:248 | [DEBUG] Buscando en paralelo: ['deck_666666.png'] | timeout=3s | confidence=0.8
2026-06-06 05:25:18 | INFO | my_functions.py:135 | Haciendo click en la posición (235, 546)
2026-06-06 05:25:19 | INFO | my_functions.py:270 | 🖱️ Click OK (En paralelo): deck_666666.png at (235, 546) delay=1s
2026-06-06 05:25:20 | INFO | my_functions.py:248 | [DEBUG] Buscando en paralelo: ['equip.png'] | timeout=3s | confidence=0.95
2026-06-06 05:25:21 | INFO | my_functions.py:135 | Haciendo click en la posición (548, 983)
2026-06-06 05:25:21 | INFO | my_functions.py:270 | 🖱️ Click OK (En paralelo): equip.png at (548, 983) delay=1s
2026-06-06 05:25:22 | INFO | each_eight_hours.py:133 | Deck selected: 6turns
2026-06-06 05:25:22 | INFO | my_functions.py:248 | [DEBUG] Buscando en paralelo: ['maybe_later.PNG'] | timeout=2s | confidence=0.8
2026-06-06 05:25:24 | INFO | my_functions.py:282 | [DEBUG] Click skipped, ninguna de las imágenes se encontró en el intento.
2026-06-06 05:25:26 | INFO | my_functions.py:248 | [DEBUG] Buscando en paralelo: ['maybe_later2.PNG'] | timeout=0.01s | confidence=0.8
2026-06-06 05:25:26 | INFO | my_functions.py:282 | [DEBUG] Click skipped, ninguna de las imágenes se encontró en el intento.
2026-06-06 05:25:27 | INFO | each_eight_hours.py:147 | Starting game loop 1
2026-06-06 05:25:27 | INFO | my_functions.py:248 | [DEBUG] Buscando en paralelo: ['play.PNG'] | timeout=20s | confidence=0.8
2026-06-06 05:25:30 | INFO | my_functions.py:135 | Haciendo click en la posición (384, 824)
2026-06-06 05:25:30 | INFO | my_functions.py:270 | 🖱️ Click OK (En paralelo): play.PNG at (384, 824) delay=3s
2026-06-06 05:25:50 | INFO | my_functions.py:200 | 
✅ Found: end_turn.PNG pos=(681, 945) time=0.21s confidence=0.8
2026-06-06 05:25:50 | INFO | my_functions.py:248 | [DEBUG] Buscando en paralelo: ['snap.PNG'] | timeout=0s | confidence=0.8
2026-06-06 05:25:51 | INFO | my_functions.py:135 | Haciendo click en la posición (386, 122)
2026-06-06 05:25:51 | INFO | my_functions.py:270 | 🖱️ Click OK (En paralelo): snap.PNG at (386, 122) delay=1s
2026-06-06 05:25:57 | INFO | my_functions.py:135 | Haciendo click en la posición (681, 945)
2026-06-06 05:25:59 | INFO | each_eight_hours.py:163 | End turn executed
2026-06-06 05:26:11 | INFO | my_functions.py:200 | 
✅ Found: end_turn.PNG pos=(681, 945) time=0.19s confidence=0.8
2026-06-06 05:26:11 | INFO | my_functions.py:248 | [DEBUG] Buscando en paralelo: ['snap.PNG'] | timeout=0s | confidence=0.8
2026-06-06 05:26:11 | INFO | my_functions.py:282 | [DEBUG] Click skipped, ninguna de las imágenes se encontró en el intento.
2026-06-06 05:26:17 | INFO | my_functions.py:135 | Haciendo click en la posición (681, 945)
2026-06-06 05:26:18 | INFO | each_eight_hours.py:163 | End turn executed
2026-06-06 05:26:28 | INFO | my_functions.py:200 | 
✅ Found: end_turn.PNG pos=(681, 945) time=0.18s confidence=0.8
2026-06-06 05:26:28 | INFO | my_functions.py:248 | [DEBUG] Buscando en paralelo: ['snap.PNG'] | timeout=0s | confidence=0.8
2026-06-06 05:26:28 | INFO | my_functions.py:282 | [DEBUG] Click skipped, ninguna de las imágenes se encontró en el intento.
2026-06-06 05:26:35 | INFO | my_functions.py:135 | Haciendo click en la posición (681, 945)
2026-06-06 05:26:36 | INFO | each_eight_hours.py:163 | End turn executed
2026-06-06 05:26:50 | INFO | my_functions.py:200 | 
✅ Found: end_turn.PNG pos=(681, 945) time=0.19s confidence=0.8
2026-06-06 05:26:50 | INFO | my_functions.py:248 | [DEBUG] Buscando en paralelo: ['snap.PNG'] | timeout=0s | confidence=0.8
2026-06-06 05:26:50 | INFO | my_functions.py:282 | [DEBUG] Click skipped, ninguna de las imágenes se encontró en el intento.
2026-06-06 05:26:57 | INFO | my_functions.py:135 | Haciendo click en la posición (681, 945)
2026-06-06 05:26:58 | INFO | each_eight_hours.py:163 | End turn executed
2026-06-06 05:27:14 | INFO | my_functions.py:200 | 
✅ Found: end_turn.PNG pos=(681, 945) time=0.18s confidence=0.8
2026-06-06 05:27:14 | INFO | my_functions.py:248 | [DEBUG] Buscando en paralelo: ['snap.PNG'] | timeout=0s | confidence=0.8
2026-06-06 05:27:15 | INFO | my_functions.py:282 | [DEBUG] Click skipped, ninguna de las imágenes se encontró en el intento.
2026-06-06 05:27:21 | INFO | my_functions.py:135 | Haciendo click en la posición (681, 945)
2026-06-06 05:27:22 | INFO | each_eight_hours.py:163 | End turn executed
2026-06-06 05:27:45 | INFO | my_functions.py:200 | 
✅ Found: end_turn.PNG pos=(681, 945) time=0.19s confidence=0.8
2026-06-06 05:27:45 | INFO | my_functions.py:248 | [DEBUG] Buscando en paralelo: ['snap.PNG'] | timeout=0s | confidence=0.8
2026-06-06 05:27:45 | INFO | my_functions.py:282 | [DEBUG] Click skipped, ninguna de las imágenes se encontró en el intento.
2026-06-06 05:27:51 | INFO | my_functions.py:135 | Haciendo click en la posición (681, 945)
2026-06-06 05:27:53 | INFO | each_eight_hours.py:163 | End turn executed
2026-06-06 05:28:17 | INFO | my_functions.py:200 | 
✅ Found: end_turn.PNG pos=(681, 945) time=0.21s confidence=0.8
2026-06-06 05:28:17 | INFO | my_functions.py:248 | [DEBUG] Buscando en paralelo: ['snap.PNG'] | timeout=0s | confidence=0.8
2026-06-06 05:28:17 | INFO | my_functions.py:282 | [DEBUG] Click skipped, ninguna de las imágenes se encontró en el intento.
2026-06-06 05:28:23 | INFO | my_functions.py:135 | Haciendo click en la posición (681, 945)
2026-06-06 05:28:25 | INFO | each_eight_hours.py:163 | End turn executed
2026-06-06 05:28:50 | INFO | my_functions.py:200 | 
✅ Found: collect_rewards.PNG pos=(680, 957) time=0.22s confidence=0.8
2026-06-06 05:28:50 | INFO | each_eight_hours.py:202 | Rewards detected, exiting match
2026-06-06 05:28:50 | INFO | my_functions.py:248 | [DEBUG] Buscando en paralelo: ['collect_rewards.PNG'] | timeout=20s | confidence=0.8
2026-06-06 05:28:51 | INFO | my_functions.py:135 | Haciendo click en la posición (679, 957)
2026-06-06 05:28:52 | INFO | my_functions.py:270 | 🖱️ Click OK (En paralelo): collect_rewards.PNG at (679, 957) delay=1s
2026-06-06 05:28:53 | INFO | my_functions.py:248 | [DEBUG] Buscando en paralelo: ['next.PNG'] | timeout=20s | confidence=0.8
2026-06-06 05:28:56 | INFO | my_functions.py:135 | Haciendo click en la posición (677, 973)
2026-06-06 05:28:56 | INFO | my_functions.py:270 | 🖱️ Click OK (En paralelo): next.PNG at (677, 973) delay=1s
2026-06-06 05:28:59 | INFO | my_functions.py:330 | AVAILABLE: 5
2026-06-06 05:28:59 | INFO | each_eight_hours.py:269 | Submissions after match: 5
2026-06-06 05:28:59 | INFO | my_functions.py:352 | Misiones completadas: 2
2026-06-06 05:28:59 | INFO | each_eight_hours.py:277 | Submission condition met, breaking loop
2026-06-06 05:28:59 | INFO | my_functions.py:248 | [DEBUG] Buscando en paralelo: ['missionsNotify2.png'] | timeout=20s | confidence=0.8
2026-06-06 05:29:03 | INFO | my_functions.py:135 | Haciendo click en la posición (538, 124)
2026-06-06 05:29:03 | INFO | my_functions.py:270 | 🖱️ Click OK (En paralelo): missionsNotify2.png at (538, 124) delay=3s
2026-06-06 05:29:04 | INFO | my_functions.py:1223 | [INFO] Iniciando click_missions_blue2
2026-06-06 05:29:04 | INFO | my_functions.py:135 | Haciendo click en la posición (150, 132)
2026-06-06 05:29:05 | INFO | my_functions.py:1226 | [ACTION] Click hecho en icono de calendario que me dirige a las misiones ordinarias
2026-06-06 05:29:05 | INFO | my_functions.py:170 | Searching bonus_challenge.png (timeout=0s)
2026-06-06 05:29:05 | INFO | my_functions.py:214 | 
⛔ Not found: bonus_challenge.png after 0.0s region=(0, 0, 765, 1038) confidence=0.8
2026-06-06 05:29:07 | INFO | my_functions.py:135 | Haciendo click en la posición (362, 493)
2026-06-06 05:29:09 | INFO | my_functions.py:1239 | [ACTION] Click 1/2 en misión azul
2026-06-06 05:29:09 | INFO | my_functions.py:135 | Haciendo click en la posición (362, 493)
2026-06-06 05:29:10 | INFO | my_functions.py:1239 | [ACTION] Click 2/2 en misión azul
2026-06-06 05:29:11 | INFO | my_functions.py:170 | Searching flechita_mission.PNG (timeout=0s)
2026-06-06 05:29:11 | INFO | my_functions.py:214 | 
⛔ Not found: flechita_mission.PNG after 0.0s region=(0, 0, 765, 1038) confidence=0.8
2026-06-06 05:29:11 | INFO | my_functions.py:248 | [DEBUG] Buscando en paralelo: ['weekly3.PNG'] | timeout=0s | confidence=0.8
2026-06-06 05:29:11 | INFO | my_functions.py:282 | [DEBUG] Click skipped, ninguna de las imágenes se encontró en el intento.
2026-06-06 05:29:12 | INFO | my_functions.py:248 | [DEBUG] Buscando en paralelo: ['weekly3.PNG'] | timeout=0s | confidence=0.8
2026-06-06 05:29:12 | INFO | my_functions.py:282 | [DEBUG] Click skipped, ninguna de las imágenes se encontró en el intento.
2026-06-06 05:29:14 | INFO | my_functions.py:135 | Haciendo click en la posición (557, 64)
2026-06-06 05:29:15 | INFO | my_functions.py:248 | [DEBUG] Buscando en paralelo: ['cards_shop.PNG'] | timeout=20s | confidence=0.8
2026-06-06 05:29:16 | INFO | my_functions.py:135 | Haciendo click en la posición (568, 121)
2026-06-06 05:29:16 | INFO | my_functions.py:270 | 🖱️ Click OK (En paralelo): cards_shop.PNG at (568, 121) delay=1s
2026-06-06 05:29:18 | INFO | my_functions.py:248 | [DEBUG] Buscando en paralelo: ['token_icon.PNG'] | timeout=20s | confidence=0.8
2026-06-06 05:29:19 | INFO | my_functions.py:135 | Haciendo click en la posición (680, 171)
2026-06-06 05:29:20 | INFO | my_functions.py:270 | 🖱️ Click OK (En paralelo): token_icon.PNG at (680, 171) delay=1s
2026-06-06 05:29:23 | INFO | my_functions.py:248 | [DEBUG] Buscando en paralelo: ['claim!_token_3.PNG'] | timeout=4s | confidence=0.8
2026-06-06 05:29:27 | INFO | my_functions.py:282 | [DEBUG] Click skipped, ninguna de las imágenes se encontró en el intento.
2026-06-06 05:29:28 | INFO | my_functions.py:248 | [DEBUG] Buscando en paralelo: ['cards_shop.PNG'] | timeout=20s | confidence=0.8
2026-06-06 05:29:29 | INFO | my_functions.py:135 | Haciendo click en la posición (568, 122)
2026-06-06 05:29:30 | INFO | my_functions.py:270 | 🖱️ Click OK (En paralelo): cards_shop.PNG at (568, 122) delay=1s
2026-06-06 05:29:31 | INFO | my_functions.py:248 | [DEBUG] Buscando en paralelo: ['offers.PNG'] | timeout=20s | confidence=0.8
2026-06-06 05:29:32 | INFO | my_functions.py:135 | Haciendo click en la posición (197, 121)
2026-06-06 05:29:32 | INFO | my_functions.py:270 | 🖱️ Click OK (En paralelo): offers.PNG at (197, 121) delay=1s
2026-06-06 05:29:33 | INFO | my_functions.py:1124 | [INFO] Iniciando mejora de cartas
2026-06-06 05:29:33 | INFO | my_functions.py:248 | [DEBUG] Buscando en paralelo: ['upgrade_cards_icon.PNG'] | timeout=20s | confidence=0.8
2026-06-06 05:29:34 | INFO | my_functions.py:135 | Haciendo click en la posición (322, 170)
2026-06-06 05:29:35 | INFO | my_functions.py:270 | 🖱️ Click OK (En paralelo): upgrade_cards_icon.PNG at (322, 170) delay=1s
2026-06-06 05:29:36 | INFO | my_functions.py:1128 | [INFO] Abriendo icono de upgrade_cards
2026-06-06 05:29:37 | INFO | my_functions.py:1134 | [STEP] Mejorando carta 1
2026-06-06 05:29:37 | INFO | my_functions.py:1138 | [ACTION] Click en carta 1
2026-06-06 05:29:38 | INFO | my_functions.py:1143 | [ACTION] Click en botón upgrade
2026-06-06 05:29:45 | INFO | my_functions.py:248 | [DEBUG] Buscando en paralelo: ['you_need_more_credits!.png'] | timeout=3s | confidence=0.8
2026-06-06 05:29:48 | INFO | my_functions.py:282 | [DEBUG] Click skipped, ninguna de las imágenes se encontró en el intento.
2026-06-06 05:29:54 | INFO | my_functions.py:1158 | [ACTION] Click para continuar a stage de nivel de coleccion
2026-06-06 05:29:59 | INFO | my_functions.py:143 | Presionando ESC (1/1)
2026-06-06 05:30:00 | INFO | my_functions.py:1163 | [ACTION] Saliendo de stage nivel de coleccion con ESC
2026-06-06 05:30:01 | INFO | my_functions.py:248 | [DEBUG] Buscando en paralelo: ['upgrade_cards_icon_selected.PNG'] | timeout=0s | confidence=0.8
2026-06-06 05:30:01 | INFO | my_functions.py:282 | [DEBUG] Click skipped, ninguna de las imágenes se encontró en el intento.
2026-06-06 05:30:02 | INFO | my_functions.py:248 | [DEBUG] Buscando en paralelo: ['upgrade_cards_icon.PNG'] | timeout=0s | confidence=0.8
2026-06-06 05:30:03 | INFO | my_functions.py:282 | [DEBUG] Click skipped, ninguna de las imágenes se encontró en el intento.
2026-06-06 05:30:04 | INFO | my_functions.py:248 | [DEBUG] Buscando en paralelo: ['upgrade_cards_icon_selected.PNG'] | timeout=0s | confidence=0.8
2026-06-06 05:30:04 | INFO | my_functions.py:282 | [DEBUG] Click skipped, ninguna de las imágenes se encontró en el intento.
2026-06-06 05:30:05 | INFO | my_functions.py:248 | [DEBUG] Buscando en paralelo: ['upgrade_cards_icon.PNG'] | timeout=0s | confidence=0.8
2026-06-06 05:30:05 | INFO | my_functions.py:282 | [DEBUG] Click skipped, ninguna de las imágenes se encontró en el intento.
2026-06-06 05:30:06 | INFO | my_functions.py:1183 | [INFO] Reabriendo icono de upgrade_cards
2026-06-06 05:30:07 | INFO | my_functions.py:1134 | [STEP] Mejorando carta 2
2026-06-06 05:30:07 | INFO | my_functions.py:1138 | [ACTION] Click en carta 2
2026-06-06 05:30:08 | INFO | my_functions.py:1143 | [ACTION] Click en botón upgrade
2026-06-06 05:30:16 | INFO | my_functions.py:248 | [DEBUG] Buscando en paralelo: ['you_need_more_credits!.png'] | timeout=3s | confidence=0.8
2026-06-06 05:30:19 | INFO | my_functions.py:282 | [DEBUG] Click skipped, ninguna de las imágenes se encontró en el intento.
2026-06-06 05:30:25 | INFO | my_functions.py:1158 | [ACTION] Click para continuar a stage de nivel de coleccion
2026-06-06 05:30:30 | INFO | my_functions.py:143 | Presionando ESC (1/1)
2026-06-06 05:30:31 | INFO | my_functions.py:1163 | [ACTION] Saliendo de stage nivel de coleccion con ESC
2026-06-06 05:30:32 | INFO | my_functions.py:248 | [DEBUG] Buscando en paralelo: ['upgrade_cards_icon_selected.PNG'] | timeout=0s | confidence=0.8
2026-06-06 05:30:32 | INFO | my_functions.py:282 | [DEBUG] Click skipped, ninguna de las imágenes se encontró en el intento.
2026-06-06 05:30:33 | INFO | my_functions.py:248 | [DEBUG] Buscando en paralelo: ['upgrade_cards_icon.PNG'] | timeout=0s | confidence=0.8
2026-06-06 05:30:33 | INFO | my_functions.py:282 | [DEBUG] Click skipped, ninguna de las imágenes se encontró en el intento.
2026-06-06 05:30:34 | INFO | my_functions.py:248 | [DEBUG] Buscando en paralelo: ['upgrade_cards_icon_selected.PNG'] | timeout=0s | confidence=0.8
2026-06-06 05:30:34 | INFO | my_functions.py:282 | [DEBUG] Click skipped, ninguna de las imágenes se encontró en el intento.
2026-06-06 05:30:35 | INFO | my_functions.py:248 | [DEBUG] Buscando en paralelo: ['upgrade_cards_icon.PNG'] | timeout=0s | confidence=0.8
2026-06-06 05:30:35 | INFO | my_functions.py:282 | [DEBUG] Click skipped, ninguna de las imágenes se encontró en el intento.
2026-06-06 05:30:37 | INFO | my_functions.py:1183 | [INFO] Reabriendo icono de upgrade_cards
2026-06-06 05:30:38 | INFO | my_functions.py:1134 | [STEP] Mejorando carta 3
2026-06-06 05:30:38 | INFO | my_functions.py:1138 | [ACTION] Click en carta 3
2026-06-06 05:30:39 | INFO | my_functions.py:1143 | [ACTION] Click en botón upgrade
2026-06-06 05:30:46 | INFO | my_functions.py:248 | [DEBUG] Buscando en paralelo: ['you_need_more_credits!.png'] | timeout=3s | confidence=0.8
2026-06-06 05:30:49 | INFO | my_functions.py:282 | [DEBUG] Click skipped, ninguna de las imágenes se encontró en el intento.
2026-06-06 05:30:55 | INFO | my_functions.py:1158 | [ACTION] Click para continuar a stage de nivel de coleccion
2026-06-06 05:31:00 | INFO | my_functions.py:143 | Presionando ESC (1/1)
2026-06-06 05:31:01 | INFO | my_functions.py:1163 | [ACTION] Saliendo de stage nivel de coleccion con ESC
2026-06-06 05:31:02 | INFO | my_functions.py:1186 | [INFO] Mejora de cartas completada ✅
2026-06-06 05:31:02 | INFO | my_functions.py:143 | Presionando ESC (1/1)
2026-06-06 05:31:03 | INFO | my_functions.py:248 | [DEBUG] Buscando en paralelo: ['white_x.png'] | timeout=2s | confidence=0.8
2026-06-06 05:31:05 | INFO | my_functions.py:282 | [DEBUG] Click skipped, ninguna de las imágenes se encontró en el intento.
2026-06-06 05:31:06 | INFO | my_functions.py:248 | [DEBUG] Buscando en paralelo: ['nut.png'] | timeout=20s | confidence=0.8
2026-06-06 05:31:20 | ERROR | each_eight_hours.py:57 | Uncaught exception
Traceback (most recent call last):
  File "Z:\SHARED FILES VM\MS\each_eight_hours.py", line 281, in <module>
    after_finish_all_games()
    ^^^^^^^^
  File "Z:\SHARED FILES VM\MS\my_functions.py", line 1097, in logout
  File "Z:\SHARED FILES VM\MS\my_functions.py", line 256, in click_any_MS_img
    position = search_MS_img(
               ^^^^^^^^^^^^^^
  File "Z:\SHARED FILES VM\MS\my_functions.py", line 179, in search_MS_img
    position = pg.locateCenterOnScreen(
               ^^^^^^^^^^^^^^^^^^^^^^^^
  File "C:\Users\Farm\AppData\Local\Programs\Python\Python311\Lib\site-packages\pyautogui\__init__.py", line 175, in wrapper
    return wrappedFunction(*args, **kwargs)
           ^^^^^^^^^^^^^^^^^^^^^^^^^^^^^^^^
  File "C:\Users\Farm\AppData\Local\Programs\Python\Python311\Lib\site-packages\pyautogui\__init__.py", line 207, in locateCenterOnScreen
    return pyscreeze.locateCenterOnScreen(*args, **kwargs)
           ^^^^^^^^^^^^^^^^^^^^^^^^^^^^^^^^^^^^^^^^^^^^^^^
  File "C:\Users\Farm\AppData\Local\Programs\Python\Python311\Lib\site-packages\pyscreeze\__init__.py", line 413, in locateCenterOnScreen
    coords = locateOnScreen(image, **kwargs)
             ^^^^^^^^^^^^^^^^^^^^^^^^^^^^^^^
  File "C:\Users\Farm\AppData\Local\Programs\Python\Python311\Lib\site-packages\pyscreeze\__init__.py", line 373, in locateOnScreen
    retVal = locate(image, screenshotIm, **kwargs)
             ^^^^^^^^^^^^^^^^^^^^^^^^^^^^^^^^^^^^^
  File "C:\Users\Farm\AppData\Local\Programs\Python\Python311\Lib\site-packages\pyscreeze\__init__.py", line 353, in locate
    points = tuple(locateAll(needleImage, haystackImage, **kwargs))
             ^^^^^^^^^^^^^^^^^^^^^^^^^^^^^^^^^^^^^^^^^^^^^^^^^^^^^^
  File "C:\Users\Farm\AppData\Local\Programs\Python\Python311\Lib\site-packages\pyscreeze\__init__.py", line 207, in _locateAll_opencv
    needleImage = _load_cv2(needleImage, grayscale)
                  ^^^^^^^^^^^^^^^^^^^^^^^^^^^^^^^^^
  File "C:\Users\Farm\AppData\Local\Programs\Python\Python311\Lib\site-packages\pyscreeze\__init__.py", line 168, in _load_cv2
    img_cv = cv2.imread(img, LOAD_COLOR)
             ^^^^^^^^^^^^^^^^^^^^^^^^^^^
KeyboardInterrupt
