2026-06-06 04:55:33 | INFO | each_eight_hours.py:39 | LOG FILE PATH: \\vmware-host\Shared Folders\SHARED FILES VM\MS\logs\each_eight_hours_2026-06-06_04-55-33.log
2026-06-06 04:55:33 | INFO | each_eight_hours.py:40 | Logger initialized
2026-06-06 04:55:33 | INFO | each_eight_hours.py:67 | Script initialized
2026-06-06 04:55:35 | INFO | each_eight_hours.py:129 | snap.exe terminated if it was running
2026-06-06 04:55:35 | INFO | my_functions.py:57 | ⏳ Esperando WebSocket de OBS...
2026-06-06 04:55:35 | INFO | baseclient.py:33 | Connecting with parameters: host='localhost' port=4455 password='' subs=0 timeout=None
2026-06-06 04:55:35 | INFO | reqs.py:23 | Successfully identified ReqClient with the server using RPC version:1
2026-06-06 04:55:35 | INFO | my_functions.py:63 | ✅ Conectado al OBS WebSocket
2026-06-06 04:55:35 | INFO | my_functions.py:79 | ⏹ Grabación ya estaba activa, deteniéndola...
2026-06-06 04:55:35 | INFO | baseclient.py:33 | Connecting with parameters: host='localhost' port=4455 password='' subs=0 timeout=None
2026-06-06 04:55:35 | INFO | reqs.py:23 | Successfully identified ReqClient with the server using RPC version:1
2026-06-06 04:55:35 | INFO | my_functions.py:94 | Record stopped.
2026-06-06 04:55:47 | INFO | my_functions.py:124 | Archivo renombrado a: C:\Users\Farm\Videos\my_functions_2026-06-06_04-55-47.mkv
2026-06-06 04:55:50 | INFO | my_functions.py:84 | 🎬 Nueva grabación iniciada
2026-06-06 04:55:50 | INFO | my_functions.py:1299 | ⏱ Esperando 0.1 segundos antes de empezar...
2026-06-06 04:55:50 | INFO | my_functions.py:1306 | 🔍 Esperando ventana que contenga alguna de: ['py', 'eight_hours'] (máx 20s)
2026-06-06 04:55:50 | INFO | my_functions.py:1318 | ✅ Ventana encontrada: 'each_eight_hours  - Acceso directo'
2026-06-06 04:55:50 | INFO | my_functions.py:1333 | ✅ Ventana seleccionada: 'each_eight_hours  - Acceso directo'
2026-06-06 04:55:52 | INFO | my_functions.py:1356 | 🔁 Reajuste #1...
2026-06-06 04:55:53 | INFO | my_functions.py:1363 | ✔ Verificación completa. Se hicieron 1 reajustes.
2026-06-06 04:56:23 | INFO | my_functions.py:2135 | Starting Steam window scan
2026-06-06 04:56:23 | INFO | my_functions.py:2138 | Found window: 
2026-06-06 04:56:23 | INFO | my_functions.py:2138 | Found window: each_eight_hours  - Acceso directo
2026-06-06 04:56:23 | INFO | my_functions.py:2138 | Found window: Microsoft Text Input Application
2026-06-06 04:56:23 | INFO | my_functions.py:2138 | Found window: 
2026-06-06 04:56:23 | INFO | my_functions.py:2138 | Found window: 
2026-06-06 04:56:23 | INFO | my_functions.py:2138 | Found window: 
2026-06-06 04:56:23 | INFO | my_functions.py:2138 | Found window: 
2026-06-06 04:56:23 | INFO | my_functions.py:2138 | Found window: Program Manager
2026-06-06 04:56:23 | INFO | each_eight_hours.py:140 | Processing account: jeremy
2026-06-06 04:56:23 | INFO | each_eight_hours.py:143 | Game relaunched for account
2026-06-06 04:56:23 | INFO | my_functions.py:1299 | ⏱ Esperando 0.1 segundos antes de empezar...
2026-06-06 04:56:23 | INFO | my_functions.py:1306 | 🔍 Esperando ventana que contenga alguna de: ['SNAP'] (máx 20s)
2026-06-06 04:56:25 | INFO | my_functions.py:1318 | ✅ Ventana encontrada: 'SNAP'
2026-06-06 04:56:25 | INFO | my_functions.py:1333 | ✅ Ventana seleccionada: 'SNAP'
2026-06-06 04:56:27 | INFO | my_functions.py:1356 | 🔁 Reajuste #1...
2026-06-06 04:56:29 | INFO | my_functions.py:1363 | ✔ Verificación completa. Se hicieron 1 reajustes.
2026-06-06 04:56:29 | INFO | my_functions.py:1002 | [DEBUG] Resizing SNAP window...
2026-06-06 04:56:29 | INFO | my_functions.py:1299 | ⏱ Esperando 0.1 segundos antes de empezar...
2026-06-06 04:56:29 | INFO | my_functions.py:1306 | 🔍 Esperando ventana que contenga alguna de: ['SNAP'] (máx 20s)
2026-06-06 04:56:29 | INFO | my_functions.py:1318 | ✅ Ventana encontrada: 'SNAP'
2026-06-06 04:56:29 | INFO | my_functions.py:1333 | ✅ Ventana seleccionada: 'SNAP'
2026-06-06 04:56:32 | INFO | my_functions.py:1365 | ✔ Verificación completa. No hubo cambios después del primer ajuste.
2026-06-06 04:56:32 | INFO | my_functions.py:248 | [DEBUG] Buscando en paralelo: ['small_submit.PNG', 'small_submit_hover.png', 'submit_hover_2.png', 'small_submit_hover_2.png'] | timeout=90s | confidence=0.8
2026-06-06 04:56:35 | INFO | my_functions.py:135 | Haciendo click en la posición (380, 642)
2026-06-06 04:56:36 | INFO | my_functions.py:270 | 🖱️ Click OK (En paralelo): small_submit.PNG at (380, 642) delay=0.2s
2026-06-06 04:56:39 | INFO | my_functions.py:248 | [DEBUG] Buscando en paralelo: ['small_submit.PNG', 'small_submit_hover.png', 'submit_hover_2.png', 'small_submit_hover_2.png'] | timeout=20s | confidence=0.8
2026-06-06 04:56:39 | INFO | my_functions.py:135 | Haciendo click en la posición (380, 721)
2026-06-06 04:56:40 | INFO | my_functions.py:270 | 🖱️ Click OK (En paralelo): small_submit.PNG at (380, 721) delay=0.2s
2026-06-06 04:56:41 | INFO | my_functions.py:1299 | ⏱ Esperando 0.1 segundos antes de empezar...
2026-06-06 04:56:41 | INFO | my_functions.py:1306 | 🔍 Esperando ventana que contenga alguna de: ['SNAP'] (máx 20s)
2026-06-06 04:56:41 | INFO | my_functions.py:1318 | ✅ Ventana encontrada: 'SNAP'
2026-06-06 04:56:41 | INFO | my_functions.py:1333 | ✅ Ventana seleccionada: 'SNAP'
2026-06-06 04:56:44 | INFO | my_functions.py:1365 | ✔ Verificación completa. No hubo cambios después del primer ajuste.
2026-06-06 04:56:44 | INFO | my_functions.py:170 | Searching please_sign.png (timeout=0s)
2026-06-06 04:56:44 | INFO | my_functions.py:214 | 
⛔ Not found: please_sign.png after 0.0s region=(0, 0, 765, 1038) confidence=0.8
2026-06-06 04:56:44 | INFO | my_functions.py:170 | Searching sign_in_with_google2.PNG (timeout=90s)
2026-06-06 04:56:44 | INFO | my_functions.py:200 | 
✅ Found: sign_in_with_google2.PNG pos=(406, 957) time=0.17s confidence=0.8
2026-06-06 04:56:44 | INFO | my_functions.py:248 | [DEBUG] Buscando en paralelo: ['sign_in_with_google2.PNG'] | timeout=20s | confidence=0.8
2026-06-06 04:56:45 | INFO | my_functions.py:135 | Haciendo click en la posición (406, 957)
2026-06-06 04:56:45 | INFO | my_functions.py:270 | 🖱️ Click OK (En paralelo): sign_in_with_google2.PNG at (406, 957) delay=1s
2026-06-06 04:56:47 | INFO | my_functions.py:248 | [DEBUG] Buscando en paralelo: ['jeremy.png'] | timeout=90s | confidence=0.8
2026-06-06 04:58:17 | INFO | my_functions.py:282 | [DEBUG] Click skipped, ninguna de las imágenes se encontró en el intento.
2026-06-06 04:58:19 | INFO | my_functions.py:248 | [DEBUG] Buscando en paralelo: ['jeremy.png'] | timeout=0s | confidence=0.8
2026-06-06 04:58:22 | INFO | my_functions.py:135 | Haciendo click en la posición (1143, 645)
2026-06-06 04:58:22 | INFO | my_functions.py:270 | 🖱️ Click OK (En paralelo): jeremy.png at (1143, 645) delay=3s
2026-06-06 04:58:24 | INFO | my_functions.py:170 | Searching marvelsnap_web.png (timeout=30s)
2026-06-06 04:58:27 | INFO | my_functions.py:200 | 
✅ Found: marvelsnap_web.png pos=(258, 80) time=3.28s confidence=0.7
2026-06-06 04:58:28 | INFO | my_functions.py:170 | Searching shop_unselected.PNG (timeout=0s)
2026-06-06 04:58:28 | INFO | my_functions.py:214 | 
⛔ Not found: shop_unselected.PNG after 0.0s region=(0, 0, 765, 1038) confidence=0.8
2026-06-06 04:58:28 | INFO | my_functions.py:248 | [DEBUG] Buscando en paralelo: ['super_premium.PNG'] | timeout=0s | confidence=0.8
2026-06-06 04:58:28 | INFO | my_functions.py:282 | [DEBUG] Click skipped, ninguna de las imágenes se encontró en el intento.
2026-06-06 04:58:29 | INFO | my_functions.py:248 | [DEBUG] Buscando en paralelo: ['maybe_later.PNG'] | timeout=0s | confidence=0.8
2026-06-06 04:58:30 | INFO | my_functions.py:282 | [DEBUG] Click skipped, ninguna de las imágenes se encontró en el intento.
2026-06-06 04:58:31 | INFO | my_functions.py:248 | [DEBUG] Buscando en paralelo: ['maybe_later2.PNG'] | timeout=0s | confidence=0.8
2026-06-06 04:58:31 | INFO | my_functions.py:282 | [DEBUG] Click skipped, ninguna de las imágenes se encontró en el intento.
2026-06-06 04:58:32 | INFO | my_functions.py:170 | Searching go_to_shop.PNG (timeout=0s)
2026-06-06 04:58:32 | INFO | my_functions.py:214 | 
⛔ Not found: go_to_shop.PNG after 0.0s region=(0, 0, 765, 1038) confidence=0.8
2026-06-06 04:58:32 | INFO | my_functions.py:248 | [DEBUG] Buscando en paralelo: ['14_days_of_winterverse.PNG'] | timeout=0s | confidence=0.8
2026-06-06 04:58:33 | INFO | my_functions.py:282 | [DEBUG] Click skipped, ninguna de las imágenes se encontró en el intento.
2026-06-06 04:58:34 | INFO | my_functions.py:170 | Searching welcome_back_calendar.PNG (timeout=0s)
2026-06-06 04:58:34 | INFO | my_functions.py:214 | 
⛔ Not found: welcome_back_calendar.PNG after 0.0s region=(0, 0, 765, 1038) confidence=0.8
2026-06-06 04:58:34 | INFO | my_functions.py:248 | [DEBUG] Buscando en paralelo: ['start_the_countdown.PNG'] | timeout=0s | confidence=0.8
2026-06-06 04:58:34 | INFO | my_functions.py:282 | [DEBUG] Click skipped, ninguna de las imágenes se encontró en el intento.
2026-06-06 04:58:35 | INFO | my_functions.py:248 | [DEBUG] Buscando en paralelo: ['event_has_ended_sanctum.PNG'] | timeout=0s | confidence=0.8
2026-06-06 04:58:35 | INFO | my_functions.py:282 | [DEBUG] Click skipped, ninguna de las imágenes se encontró en el intento.
2026-06-06 04:58:36 | INFO | my_functions.py:248 | [DEBUG] Buscando en paralelo: ['event_has_ended_teamclash.PNG'] | timeout=0s | confidence=0.8
2026-06-06 04:58:37 | INFO | my_functions.py:282 | [DEBUG] Click skipped, ninguna de las imágenes se encontró en el intento.
2026-06-06 04:58:38 | INFO | my_functions.py:248 | [DEBUG] Buscando en paralelo: ['image_part_of_event_grand_arena_finished.PNG'] | timeout=0s | confidence=0.8
2026-06-06 04:58:38 | INFO | my_functions.py:282 | [DEBUG] Click skipped, ninguna de las imágenes se encontró en el intento.
2026-06-06 04:58:39 | INFO | my_functions.py:170 | Searching 28_day_event_login_rewards.PNG (timeout=0s)
2026-06-06 04:58:39 | INFO | my_functions.py:214 | 
⛔ Not found: 28_day_event_login_rewards.PNG after 0.0s region=(0, 0, 765, 1038) confidence=0.8
2026-06-06 04:58:39 | INFO | my_functions.py:170 | Searching 7_day_event_login.PNG (timeout=0s)
2026-06-06 04:58:39 | INFO | my_functions.py:214 | 
⛔ Not found: 7_day_event_login.PNG after 0.0s region=(0, 0, 765, 1038) confidence=0.8
2026-06-06 04:58:39 | INFO | my_functions.py:170 | Searching 14_days_event.PNG (timeout=0s)
2026-06-06 04:58:40 | INFO | my_functions.py:214 | 
⛔ Not found: 14_days_event.PNG after 0.0s region=(0, 0, 765, 1038) confidence=0.8
2026-06-06 04:58:40 | INFO | my_functions.py:248 | [DEBUG] Buscando en paralelo: ['lets_go.PNG'] | timeout=0s | confidence=0.8
2026-06-06 04:58:40 | INFO | my_functions.py:282 | [DEBUG] Click skipped, ninguna de las imágenes se encontró en el intento.
2026-06-06 04:58:42 | INFO | my_functions.py:170 | Searching shop_unselected.PNG (timeout=0s)
2026-06-06 04:58:42 | INFO | my_functions.py:200 | 
✅ Found: shop_unselected.PNG pos=(88, 961) time=0.18s confidence=0.8
2026-06-06 04:58:50 | INFO | my_functions.py:170 | Searching shop_unselected.PNG (timeout=0s)
2026-06-06 04:58:50 | INFO | my_functions.py:200 | 
✅ Found: shop_unselected.PNG pos=(88, 961) time=0.19s confidence=0.8
2026-06-06 04:58:50 | INFO | my_functions.py:511 | Ya esta listo
2026-06-06 04:58:53 | INFO | my_functions.py:330 | AVAILABLE: 4
2026-06-06 04:58:53 | INFO | each_eight_hours.py:169 | Entering shop to claim credits
2026-06-06 04:58:53 | INFO | my_functions.py:248 | [DEBUG] Buscando en paralelo: ['shop_unselected.PNG'] | timeout=20s | confidence=0.8
2026-06-06 04:58:54 | INFO | my_functions.py:135 | Haciendo click en la posición (89, 961)
2026-06-06 04:58:54 | INFO | my_functions.py:270 | 🖱️ Click OK (En paralelo): shop_unselected.PNG at (89, 961) delay=1s
2026-06-06 04:58:55 | INFO | my_functions.py:248 | [DEBUG] Buscando en paralelo: ['offers.PNG', 'offers_selected.PNG'] | timeout=20s | confidence=0.8
2026-06-06 04:58:56 | INFO | my_functions.py:135 | Haciendo click en la posición (197, 122)
2026-06-06 04:58:56 | INFO | my_functions.py:270 | 🖱️ Click OK (En paralelo): offers.PNG at (197, 122) delay=1s
2026-06-06 04:58:58 | INFO | my_functions.py:248 | [DEBUG] Buscando en paralelo: ['credits_selected.png', 'credits.PNG'] | timeout=3s | confidence=0.8
2026-06-06 04:59:00 | INFO | my_functions.py:135 | Haciendo click en la posición (173, 64)
2026-06-06 04:59:00 | INFO | my_functions.py:270 | 🖱️ Click OK (En paralelo): credits.PNG at (173, 64) delay=1s
2026-06-06 04:59:03 | INFO | my_functions.py:248 | [DEBUG] Buscando en paralelo: ['claim_25_credits.png'] | timeout=3s | confidence=0.8
2026-06-06 04:59:04 | INFO | my_functions.py:135 | Haciendo click en la posición (236, 328)
2026-06-06 04:59:04 | INFO | my_functions.py:270 | 🖱️ Click OK (En paralelo): claim_25_credits.png at (236, 328) delay=1s
2026-06-06 04:59:05 | INFO | my_functions.py:170 | Searching aw_snap.png (timeout=3s)
2026-06-06 04:59:09 | INFO | my_functions.py:214 | 
⛔ Not found: aw_snap.png after 3.03s region=(0, 0, 765, 1038) confidence=0.8
2026-06-06 04:59:09 | INFO | my_functions.py:143 | Presionando ESC (1/1)
2026-06-06 04:59:09 | INFO | my_functions.py:248 | [DEBUG] Buscando en paralelo: ['white_x.png'] | timeout=2s | confidence=0.8
2026-06-06 04:59:11 | INFO | my_functions.py:282 | [DEBUG] Click skipped, ninguna de las imágenes se encontró en el intento.
2026-06-06 04:59:12 | INFO | my_functions.py:248 | [DEBUG] Buscando en paralelo: ['nut.png'] | timeout=20s | confidence=0.8
2026-06-06 04:59:14 | INFO | my_functions.py:135 | Haciendo click en la posición (184, 78)
2026-06-06 04:59:14 | INFO | my_functions.py:270 | 🖱️ Click OK (En paralelo): nut.png at (184, 78) delay=1s
2026-06-06 04:59:15 | INFO | my_functions.py:248 | [DEBUG] Buscando en paralelo: ['graphics_quality.png'] | timeout=3s | confidence=0.8
2026-06-06 04:59:16 | INFO | my_functions.py:135 | Haciendo click en la posición (304, 644)
2026-06-06 04:59:16 | INFO | my_functions.py:270 | 🖱️ Click OK (En paralelo): graphics_quality.png at (304, 644) delay=1s
2026-06-06 04:59:18 | INFO | my_functions.py:248 | [DEBUG] Buscando en paralelo: ['sign_out.png'] | timeout=20s | confidence=0.8
2026-06-06 04:59:20 | INFO | my_functions.py:135 | Haciendo click en la posición (380, 796)
2026-06-06 04:59:20 | INFO | my_functions.py:270 | 🖱️ Click OK (En paralelo): sign_out.png at (380, 796) delay=1s
2026-06-06 04:59:22 | INFO | my_functions.py:248 | [DEBUG] Buscando en paralelo: ['sign_out_grande.png'] | timeout=20s | confidence=0.8
2026-06-06 04:59:23 | INFO | my_functions.py:135 | Haciendo click en la posición (359, 437)
2026-06-06 04:59:23 | INFO | my_functions.py:270 | 🖱️ Click OK (En paralelo): sign_out_grande.png at (359, 437) delay=1s
2026-06-06 04:59:25 | INFO | my_functions.py:248 | [DEBUG] Buscando en paralelo: ['sign_out2.png'] | timeout=20s | confidence=0.8
2026-06-06 04:59:26 | INFO | my_functions.py:135 | Haciendo click en la posición (383, 634)
2026-06-06 04:59:26 | INFO | my_functions.py:270 | 🖱️ Click OK (En paralelo): sign_out2.png at (383, 634) delay=1s
2026-06-06 04:59:27 | INFO | my_functions.py:1299 | ⏱ Esperando 0.1 segundos antes de empezar...
2026-06-06 04:59:27 | INFO | my_functions.py:1306 | 🔍 Esperando ventana que contenga alguna de: SNAP (máx 20s)
2026-06-06 04:59:27 | INFO | my_functions.py:1318 | ✅ Ventana encontrada: 'SNAP'
2026-06-06 04:59:27 | INFO | my_functions.py:1333 | ✅ Ventana seleccionada: 'SNAP'
2026-06-06 04:59:29 | INFO | my_functions.py:1356 | 🔁 Reajuste #1...
2026-06-06 04:59:31 | INFO | my_functions.py:1363 | ✔ Verificación completa. Se hicieron 1 reajustes.
2026-06-06 04:59:35 | INFO | each_eight_hours.py:177 | Logged out due to insufficient submissions
2026-06-06 04:59:39 | INFO | each_eight_hours.py:140 | Processing account: reeps_vm
2026-06-06 04:59:40 | INFO | each_eight_hours.py:143 | Game relaunched for account
2026-06-06 04:59:40 | INFO | my_functions.py:1299 | ⏱ Esperando 0.1 segundos antes de empezar...
2026-06-06 04:59:40 | INFO | my_functions.py:1306 | 🔍 Esperando ventana que contenga alguna de: ['SNAP'] (máx 20s)
2026-06-06 04:59:42 | INFO | my_functions.py:1318 | ✅ Ventana encontrada: 'SNAP'
2026-06-06 04:59:42 | INFO | my_functions.py:1333 | ✅ Ventana seleccionada: 'SNAP'
2026-06-06 04:59:44 | INFO | my_functions.py:1365 | ✔ Verificación completa. No hubo cambios después del primer ajuste.
2026-06-06 04:59:44 | INFO | my_functions.py:1002 | [DEBUG] Resizing SNAP window...
2026-06-06 04:59:44 | INFO | my_functions.py:1299 | ⏱ Esperando 0.1 segundos antes de empezar...
2026-06-06 04:59:44 | INFO | my_functions.py:1306 | 🔍 Esperando ventana que contenga alguna de: ['SNAP'] (máx 20s)
2026-06-06 04:59:44 | INFO | my_functions.py:1318 | ✅ Ventana encontrada: 'SNAP'
2026-06-06 04:59:44 | INFO | my_functions.py:1333 | ✅ Ventana seleccionada: 'SNAP'
2026-06-06 04:59:47 | INFO | my_functions.py:1365 | ✔ Verificación completa. No hubo cambios después del primer ajuste.
2026-06-06 04:59:47 | INFO | my_functions.py:248 | [DEBUG] Buscando en paralelo: ['small_submit.PNG', 'small_submit_hover.png', 'submit_hover_2.png', 'small_submit_hover_2.png'] | timeout=90s | confidence=0.8
2026-06-06 04:59:50 | INFO | my_functions.py:135 | Haciendo click en la posición (383, 646)
2026-06-06 04:59:51 | INFO | my_functions.py:270 | 🖱️ Click OK (En paralelo): small_submit_hover_2.png at (383, 646) delay=0.2s
2026-06-06 04:59:54 | INFO | my_functions.py:248 | [DEBUG] Buscando en paralelo: ['small_submit.PNG', 'small_submit_hover.png', 'submit_hover_2.png', 'small_submit_hover_2.png'] | timeout=20s | confidence=0.8
2026-06-06 04:59:54 | INFO | my_functions.py:135 | Haciendo click en la posición (380, 721)
2026-06-06 04:59:54 | INFO | my_functions.py:270 | 🖱️ Click OK (En paralelo): small_submit.PNG at (380, 721) delay=0.2s
2026-06-06 04:59:56 | INFO | my_functions.py:1299 | ⏱ Esperando 0.1 segundos antes de empezar...
2026-06-06 04:59:56 | INFO | my_functions.py:1306 | 🔍 Esperando ventana que contenga alguna de: ['SNAP'] (máx 20s)
2026-06-06 04:59:56 | INFO | my_functions.py:1318 | ✅ Ventana encontrada: 'SNAP'
2026-06-06 04:59:56 | INFO | my_functions.py:1333 | ✅ Ventana seleccionada: 'SNAP'
2026-06-06 04:59:58 | INFO | my_functions.py:1356 | 🔁 Reajuste #1...
2026-06-06 04:59:59 | INFO | my_functions.py:1363 | ✔ Verificación completa. Se hicieron 1 reajustes.
2026-06-06 04:59:59 | INFO | my_functions.py:170 | Searching please_sign.png (timeout=0s)
2026-06-06 04:59:59 | INFO | my_functions.py:200 | 
✅ Found: please_sign.png pos=(383, 438) time=0.18s confidence=0.8
2026-06-06 04:59:59 | INFO | my_functions.py:248 | [DEBUG] Buscando en paralelo: ['ok_btn.png'] | timeout=20s | confidence=0.8
2026-06-06 05:00:00 | INFO | my_functions.py:135 | Haciendo click en la posición (382, 634)
2026-06-06 05:00:00 | INFO | my_functions.py:270 | 🖱️ Click OK (En paralelo): ok_btn.png at (382, 634) delay=1s
2026-06-06 05:00:01 | INFO | my_functions.py:248 | [DEBUG] Buscando en paralelo: ['small_submit.PNG', 'small_submit_hover.png', 'submit_hover_2.png', 'small_submit_hover_2.png'] | timeout=90s | confidence=0.8
2026-06-06 05:00:03 | INFO | my_functions.py:135 | Haciendo click en la posición (383, 643)
2026-06-06 05:00:03 | INFO | my_functions.py:270 | 🖱️ Click OK (En paralelo): small_submit_hover_2.png at (383, 643) delay=0.2s
2026-06-06 05:00:04 | INFO | my_functions.py:248 | [DEBUG] Buscando en paralelo: ['small_submit.PNG', 'small_submit_hover.png', 'submit_hover_2.png', 'small_submit_hover_2.png'] | timeout=20s | confidence=0.8
2026-06-06 05:00:05 | INFO | my_functions.py:135 | Haciendo click en la posición (380, 721)
2026-06-06 05:00:05 | INFO | my_functions.py:270 | 🖱️ Click OK (En paralelo): small_submit.PNG at (380, 721) delay=0.2s
2026-06-06 05:00:06 | INFO | my_functions.py:170 | Searching sign_in_with_google2.PNG (timeout=90s)
2026-06-06 05:00:06 | INFO | my_functions.py:200 | 
✅ Found: sign_in_with_google2.PNG pos=(406, 957) time=0.16s confidence=0.8
2026-06-06 05:00:06 | INFO | my_functions.py:248 | [DEBUG] Buscando en paralelo: ['sign_in_with_google2.PNG'] | timeout=20s | confidence=0.8
2026-06-06 05:00:07 | INFO | my_functions.py:135 | Haciendo click en la posición (406, 957)
2026-06-06 05:00:07 | INFO | my_functions.py:270 | 🖱️ Click OK (En paralelo): sign_in_with_google2.PNG at (406, 957) delay=1s
2026-06-06 05:00:09 | INFO | my_functions.py:248 | [DEBUG] Buscando en paralelo: ['reeps_vm.png'] | timeout=90s | confidence=0.8
2026-06-06 05:00:17 | INFO | my_functions.py:135 | Haciendo click en la posición (1126, 534)
2026-06-06 05:00:17 | INFO | my_functions.py:270 | 🖱️ Click OK (En paralelo): reeps_vm.png at (1126, 534) delay=3s
2026-06-06 05:00:18 | INFO | my_functions.py:170 | Searching marvelsnap_web.png (timeout=30s)
2026-06-06 05:00:22 | INFO | my_functions.py:200 | 
✅ Found: marvelsnap_web.png pos=(258, 80) time=3.81s confidence=0.7
2026-06-06 05:00:23 | INFO | my_functions.py:170 | Searching shop_unselected.PNG (timeout=0s)
2026-06-06 05:00:23 | INFO | my_functions.py:214 | 
⛔ Not found: shop_unselected.PNG after 0.0s region=(0, 0, 765, 1038) confidence=0.8
2026-06-06 05:00:23 | INFO | my_functions.py:248 | [DEBUG] Buscando en paralelo: ['super_premium.PNG'] | timeout=0s | confidence=0.8
2026-06-06 05:00:23 | INFO | my_functions.py:282 | [DEBUG] Click skipped, ninguna de las imágenes se encontró en el intento.
2026-06-06 05:00:24 | INFO | my_functions.py:248 | [DEBUG] Buscando en paralelo: ['maybe_later.PNG'] | timeout=0s | confidence=0.8
2026-06-06 05:00:24 | INFO | my_functions.py:282 | [DEBUG] Click skipped, ninguna de las imágenes se encontró en el intento.
2026-06-06 05:00:25 | INFO | my_functions.py:248 | [DEBUG] Buscando en paralelo: ['maybe_later2.PNG'] | timeout=0s | confidence=0.8
2026-06-06 05:00:26 | INFO | my_functions.py:282 | [DEBUG] Click skipped, ninguna de las imágenes se encontró en el intento.
2026-06-06 05:00:27 | INFO | my_functions.py:170 | Searching go_to_shop.PNG (timeout=0s)
2026-06-06 05:00:27 | INFO | my_functions.py:214 | 
⛔ Not found: go_to_shop.PNG after 0.0s region=(0, 0, 765, 1038) confidence=0.8
2026-06-06 05:00:27 | INFO | my_functions.py:248 | [DEBUG] Buscando en paralelo: ['14_days_of_winterverse.PNG'] | timeout=0s | confidence=0.8
2026-06-06 05:00:27 | INFO | my_functions.py:282 | [DEBUG] Click skipped, ninguna de las imágenes se encontró en el intento.
2026-06-06 05:00:28 | INFO | my_functions.py:170 | Searching welcome_back_calendar.PNG (timeout=0s)
2026-06-06 05:00:28 | INFO | my_functions.py:214 | 
⛔ Not found: welcome_back_calendar.PNG after 0.0s region=(0, 0, 765, 1038) confidence=0.8
2026-06-06 05:00:28 | INFO | my_functions.py:248 | [DEBUG] Buscando en paralelo: ['start_the_countdown.PNG'] | timeout=0s | confidence=0.8
2026-06-06 05:00:28 | INFO | my_functions.py:282 | [DEBUG] Click skipped, ninguna de las imágenes se encontró en el intento.
2026-06-06 05:00:30 | INFO | my_functions.py:248 | [DEBUG] Buscando en paralelo: ['event_has_ended_sanctum.PNG'] | timeout=0s | confidence=0.8
2026-06-06 05:00:30 | INFO | my_functions.py:282 | [DEBUG] Click skipped, ninguna de las imágenes se encontró en el intento.
2026-06-06 05:00:31 | INFO | my_functions.py:248 | [DEBUG] Buscando en paralelo: ['event_has_ended_teamclash.PNG'] | timeout=0s | confidence=0.8
2026-06-06 05:00:31 | INFO | my_functions.py:282 | [DEBUG] Click skipped, ninguna de las imágenes se encontró en el intento.
2026-06-06 05:00:32 | INFO | my_functions.py:248 | [DEBUG] Buscando en paralelo: ['image_part_of_event_grand_arena_finished.PNG'] | timeout=0s | confidence=0.8
2026-06-06 05:00:32 | INFO | my_functions.py:282 | [DEBUG] Click skipped, ninguna de las imágenes se encontró en el intento.
2026-06-06 05:00:33 | INFO | my_functions.py:170 | Searching 28_day_event_login_rewards.PNG (timeout=0s)
2026-06-06 05:00:34 | INFO | my_functions.py:214 | 
⛔ Not found: 28_day_event_login_rewards.PNG after 0.0s region=(0, 0, 765, 1038) confidence=0.8
2026-06-06 05:00:34 | INFO | my_functions.py:170 | Searching 7_day_event_login.PNG (timeout=0s)
2026-06-06 05:00:34 | INFO | my_functions.py:214 | 
⛔ Not found: 7_day_event_login.PNG after 0.0s region=(0, 0, 765, 1038) confidence=0.8
2026-06-06 05:00:34 | INFO | my_functions.py:170 | Searching 14_days_event.PNG (timeout=0s)
2026-06-06 05:00:34 | INFO | my_functions.py:214 | 
⛔ Not found: 14_days_event.PNG after 0.01s region=(0, 0, 765, 1038) confidence=0.8
2026-06-06 05:00:34 | INFO | my_functions.py:248 | [DEBUG] Buscando en paralelo: ['lets_go.PNG'] | timeout=0s | confidence=0.8
2026-06-06 05:00:34 | INFO | my_functions.py:282 | [DEBUG] Click skipped, ninguna de las imágenes se encontró en el intento.
2026-06-06 05:00:36 | INFO | my_functions.py:170 | Searching shop_unselected.PNG (timeout=0s)
2026-06-06 05:00:37 | INFO | my_functions.py:214 | 
⛔ Not found: shop_unselected.PNG after 0.0s region=(0, 0, 765, 1038) confidence=0.8
2026-06-06 05:00:37 | INFO | my_functions.py:248 | [DEBUG] Buscando en paralelo: ['super_premium.PNG'] | timeout=0s | confidence=0.8
2026-06-06 05:00:38 | INFO | my_functions.py:135 | Haciendo click en la posición (480, 777)
2026-06-06 05:00:38 | INFO | my_functions.py:270 | 🖱️ Click OK (En paralelo): super_premium.PNG at (480, 777) delay=1s
2026-06-06 05:00:39 | INFO | my_functions.py:143 | Presionando ESC (1/1)
2026-06-06 05:00:48 | INFO | my_functions.py:170 | Searching shop_unselected.PNG (timeout=0s)
2026-06-06 05:00:48 | INFO | my_functions.py:200 | 
✅ Found: shop_unselected.PNG pos=(88, 961) time=0.18s confidence=0.8
2026-06-06 05:00:48 | INFO | my_functions.py:511 | Ya esta listo
2026-06-06 05:00:50 | INFO | my_functions.py:330 | AVAILABLE: 6
2026-06-06 05:00:50 | INFO | my_functions.py:352 | Misiones completadas: 0
2026-06-06 05:00:50 | INFO | my_functions.py:170 | Searching play.PNG (timeout=0s)
2026-06-06 05:00:50 | INFO | my_functions.py:200 | 
✅ Found: play.PNG pos=(384, 825) time=0.24s confidence=0.8
2026-06-06 05:00:51 | INFO | my_functions.py:1194 | [INFO] Click realizado donde se equipa el deck a jugar
2026-06-06 05:00:55 | INFO | my_functions.py:248 | [DEBUG] Buscando en paralelo: ['deck_666666.png'] | timeout=3s | confidence=0.8
2026-06-06 05:00:56 | INFO | my_functions.py:135 | Haciendo click en la posición (235, 547)
2026-06-06 05:00:56 | INFO | my_functions.py:270 | 🖱️ Click OK (En paralelo): deck_666666.png at (235, 547) delay=1s
2026-06-06 05:00:57 | INFO | my_functions.py:248 | [DEBUG] Buscando en paralelo: ['equip.png'] | timeout=3s | confidence=0.95
2026-06-06 05:01:00 | INFO | my_functions.py:282 | [DEBUG] Click skipped, ninguna de las imágenes se encontró en el intento.
2026-06-06 05:01:01 | INFO | my_functions.py:143 | Presionando ESC (1/1)
2026-06-06 05:01:02 | INFO | each_eight_hours.py:167 | Deck selected: 6turns
2026-06-06 05:01:02 | INFO | my_functions.py:248 | [DEBUG] Buscando en paralelo: ['maybe_later.PNG'] | timeout=2s | confidence=0.8
2026-06-06 05:01:04 | INFO | my_functions.py:282 | [DEBUG] Click skipped, ninguna de las imágenes se encontró en el intento.
2026-06-06 05:01:05 | INFO | my_functions.py:248 | [DEBUG] Buscando en paralelo: ['maybe_later2.PNG'] | timeout=0.01s | confidence=0.8
2026-06-06 05:01:05 | INFO | my_functions.py:282 | [DEBUG] Click skipped, ninguna de las imágenes se encontró en el intento.
2026-06-06 05:01:06 | INFO | each_eight_hours.py:187 | Starting game loop 1
2026-06-06 05:01:06 | INFO | my_functions.py:248 | [DEBUG] Buscando en paralelo: ['play.PNG'] | timeout=20s | confidence=0.8
2026-06-06 05:01:10 | INFO | my_functions.py:135 | Haciendo click en la posición (384, 824)
2026-06-06 05:01:10 | INFO | my_functions.py:270 | 🖱️ Click OK (En paralelo): play.PNG at (384, 824) delay=3s
2026-06-06 05:01:37 | INFO | my_functions.py:200 | 
✅ Found: end_turn.PNG pos=(681, 945) time=0.19s confidence=0.8
2026-06-06 05:01:37 | INFO | my_functions.py:248 | [DEBUG] Buscando en paralelo: ['snap.PNG'] | timeout=0s | confidence=0.8
2026-06-06 05:01:38 | INFO | my_functions.py:135 | Haciendo click en la posición (386, 122)
2026-06-06 05:01:39 | INFO | my_functions.py:270 | 🖱️ Click OK (En paralelo): snap.PNG at (386, 122) delay=1s
2026-06-06 05:01:45 | INFO | my_functions.py:135 | Haciendo click en la posición (681, 945)
2026-06-06 05:01:46 | INFO | each_eight_hours.py:203 | End turn executed
2026-06-06 05:02:00 | INFO | my_functions.py:200 | 
✅ Found: end_turn.PNG pos=(681, 945) time=0.18s confidence=0.8
2026-06-06 05:02:00 | INFO | my_functions.py:248 | [DEBUG] Buscando en paralelo: ['snap.PNG'] | timeout=0s | confidence=0.8
2026-06-06 05:02:00 | INFO | my_functions.py:282 | [DEBUG] Click skipped, ninguna de las imágenes se encontró en el intento.
2026-06-06 05:02:06 | INFO | my_functions.py:135 | Haciendo click en la posición (681, 945)
2026-06-06 05:02:07 | INFO | each_eight_hours.py:203 | End turn executed
2026-06-06 05:02:18 | INFO | my_functions.py:200 | 
✅ Found: end_turn.PNG pos=(681, 945) time=0.19s confidence=0.8
2026-06-06 05:02:18 | INFO | my_functions.py:248 | [DEBUG] Buscando en paralelo: ['snap.PNG'] | timeout=0s | confidence=0.8
2026-06-06 05:02:19 | INFO | my_functions.py:282 | [DEBUG] Click skipped, ninguna de las imágenes se encontró en el intento.
2026-06-06 05:02:25 | INFO | my_functions.py:135 | Haciendo click en la posición (681, 945)
2026-06-06 05:02:26 | INFO | each_eight_hours.py:203 | End turn executed
2026-06-06 05:02:57 | INFO | my_functions.py:200 | 
✅ Found: end_turn.PNG pos=(681, 945) time=0.2s confidence=0.8
2026-06-06 05:02:57 | INFO | my_functions.py:248 | [DEBUG] Buscando en paralelo: ['snap.PNG'] | timeout=0s | confidence=0.8
2026-06-06 05:02:57 | INFO | my_functions.py:282 | [DEBUG] Click skipped, ninguna de las imágenes se encontró en el intento.
2026-06-06 05:03:03 | INFO | my_functions.py:135 | Haciendo click en la posición (681, 945)
2026-06-06 05:03:04 | INFO | each_eight_hours.py:203 | End turn executed
2026-06-06 05:03:28 | INFO | my_functions.py:200 | 
✅ Found: end_turn.PNG pos=(681, 945) time=0.21s confidence=0.8
2026-06-06 05:03:28 | INFO | my_functions.py:248 | [DEBUG] Buscando en paralelo: ['snap.PNG'] | timeout=0s | confidence=0.8
2026-06-06 05:03:29 | INFO | my_functions.py:282 | [DEBUG] Click skipped, ninguna de las imágenes se encontró en el intento.
2026-06-06 05:03:35 | INFO | my_functions.py:135 | Haciendo click en la posición (681, 945)
2026-06-06 05:03:36 | INFO | each_eight_hours.py:203 | End turn executed
2026-06-06 05:04:09 | INFO | my_functions.py:200 | 
✅ Found: end_turn.PNG pos=(681, 945) time=0.18s confidence=0.8
2026-06-06 05:04:09 | INFO | my_functions.py:248 | [DEBUG] Buscando en paralelo: ['snap.PNG'] | timeout=0s | confidence=0.8
2026-06-06 05:04:09 | INFO | my_functions.py:282 | [DEBUG] Click skipped, ninguna de las imágenes se encontró en el intento.
2026-06-06 05:04:15 | INFO | my_functions.py:135 | Haciendo click en la posición (681, 945)
2026-06-06 05:04:17 | INFO | each_eight_hours.py:203 | End turn executed
2026-06-06 05:04:45 | INFO | my_functions.py:200 | 
✅ Found: collect_rewards.PNG pos=(679, 958) time=0.23s confidence=0.8
2026-06-06 05:04:45 | INFO | each_eight_hours.py:242 | Rewards detected, exiting match
2026-06-06 05:04:45 | INFO | my_functions.py:248 | [DEBUG] Buscando en paralelo: ['collect_rewards.PNG'] | timeout=20s | confidence=0.8
2026-06-06 05:04:46 | INFO | my_functions.py:135 | Haciendo click en la posición (679, 957)
2026-06-06 05:04:46 | INFO | my_functions.py:270 | 🖱️ Click OK (En paralelo): collect_rewards.PNG at (679, 957) delay=1s
2026-06-06 05:04:47 | INFO | my_functions.py:248 | [DEBUG] Buscando en paralelo: ['next.PNG'] | timeout=20s | confidence=0.8
2026-06-06 05:04:50 | INFO | my_functions.py:135 | Haciendo click en la posición (677, 973)
2026-06-06 05:04:51 | INFO | my_functions.py:270 | 🖱️ Click OK (En paralelo): next.PNG at (677, 973) delay=1s
2026-06-06 05:04:54 | INFO | my_functions.py:330 | AVAILABLE: 6
2026-06-06 05:04:54 | INFO | each_eight_hours.py:309 | Submissions after match: 6
2026-06-06 05:04:54 | INFO | my_functions.py:352 | Misiones completadas: 0
2026-06-06 05:04:54 | INFO | each_eight_hours.py:187 | Starting game loop 2
2026-06-06 05:04:54 | INFO | my_functions.py:248 | [DEBUG] Buscando en paralelo: ['play.PNG'] | timeout=20s | confidence=0.8
2026-06-06 05:04:57 | INFO | my_functions.py:135 | Haciendo click en la posición (384, 824)
2026-06-06 05:04:57 | INFO | my_functions.py:270 | 🖱️ Click OK (En paralelo): play.PNG at (384, 824) delay=3s
2026-06-06 05:05:24 | INFO | my_functions.py:200 | 
✅ Found: end_turn.PNG pos=(681, 945) time=0.2s confidence=0.8
2026-06-06 05:05:24 | INFO | my_functions.py:248 | [DEBUG] Buscando en paralelo: ['snap.PNG'] | timeout=0s | confidence=0.8
2026-06-06 05:05:25 | INFO | my_functions.py:135 | Haciendo click en la posición (386, 123)
2026-06-06 05:05:25 | INFO | my_functions.py:270 | 🖱️ Click OK (En paralelo): snap.PNG at (386, 123) delay=1s
2026-06-06 05:05:31 | INFO | my_functions.py:135 | Haciendo click en la posición (681, 945)
2026-06-06 05:05:32 | INFO | each_eight_hours.py:203 | End turn executed
2026-06-06 05:05:42 | INFO | my_functions.py:200 | 
✅ Found: end_turn.PNG pos=(681, 945) time=0.2s confidence=0.8
2026-06-06 05:05:42 | INFO | my_functions.py:248 | [DEBUG] Buscando en paralelo: ['snap.PNG'] | timeout=0s | confidence=0.8
2026-06-06 05:05:42 | INFO | my_functions.py:282 | [DEBUG] Click skipped, ninguna de las imágenes se encontró en el intento.
2026-06-06 05:05:48 | INFO | my_functions.py:135 | Haciendo click en la posición (681, 945)
2026-06-06 05:05:49 | INFO | each_eight_hours.py:203 | End turn executed
2026-06-06 05:05:59 | INFO | my_functions.py:200 | 
✅ Found: end_turn.PNG pos=(681, 945) time=0.2s confidence=0.8
2026-06-06 05:05:59 | INFO | my_functions.py:248 | [DEBUG] Buscando en paralelo: ['snap.PNG'] | timeout=0s | confidence=0.8
2026-06-06 05:06:00 | INFO | my_functions.py:282 | [DEBUG] Click skipped, ninguna de las imágenes se encontró en el intento.
2026-06-06 05:06:06 | INFO | my_functions.py:135 | Haciendo click en la posición (681, 945)
2026-06-06 05:06:07 | INFO | each_eight_hours.py:203 | End turn executed
2026-06-06 05:06:24 | INFO | my_functions.py:200 | 
✅ Found: end_turn.PNG pos=(681, 945) time=0.2s confidence=0.8
2026-06-06 05:06:24 | INFO | my_functions.py:248 | [DEBUG] Buscando en paralelo: ['snap.PNG'] | timeout=0s | confidence=0.8
2026-06-06 05:06:24 | INFO | my_functions.py:282 | [DEBUG] Click skipped, ninguna de las imágenes se encontró en el intento.
2026-06-06 05:06:30 | INFO | my_functions.py:135 | Haciendo click en la posición (681, 945)
2026-06-06 05:06:32 | INFO | each_eight_hours.py:203 | End turn executed
2026-06-06 05:06:41 | INFO | my_functions.py:200 | 
✅ Found: end_turn.PNG pos=(681, 945) time=0.18s confidence=0.8
2026-06-06 05:06:41 | INFO | my_functions.py:248 | [DEBUG] Buscando en paralelo: ['snap.PNG'] | timeout=0s | confidence=0.8
2026-06-06 05:06:41 | INFO | my_functions.py:282 | [DEBUG] Click skipped, ninguna de las imágenes se encontró en el intento.
2026-06-06 05:06:47 | INFO | my_functions.py:135 | Haciendo click en la posición (681, 945)
2026-06-06 05:06:49 | INFO | each_eight_hours.py:203 | End turn executed
2026-06-06 05:07:09 | INFO | my_functions.py:200 | 
✅ Found: end_turn.PNG pos=(681, 945) time=0.2s confidence=0.8
2026-06-06 05:07:09 | INFO | my_functions.py:248 | [DEBUG] Buscando en paralelo: ['snap.PNG'] | timeout=0s | confidence=0.8
2026-06-06 05:07:09 | INFO | my_functions.py:282 | [DEBUG] Click skipped, ninguna de las imágenes se encontró en el intento.
2026-06-06 05:07:15 | INFO | my_functions.py:135 | Haciendo click en la posición (681, 945)
2026-06-06 05:07:16 | INFO | each_eight_hours.py:203 | End turn executed
2026-06-06 05:07:49 | INFO | my_functions.py:200 | 
✅ Found: collect_rewards.PNG pos=(679, 957) time=0.22s confidence=0.8
2026-06-06 05:07:49 | INFO | each_eight_hours.py:242 | Rewards detected, exiting match
2026-06-06 05:07:49 | INFO | my_functions.py:248 | [DEBUG] Buscando en paralelo: ['collect_rewards.PNG'] | timeout=20s | confidence=0.8
2026-06-06 05:07:51 | INFO | my_functions.py:135 | Haciendo click en la posición (679, 957)
2026-06-06 05:07:51 | INFO | my_functions.py:270 | 🖱️ Click OK (En paralelo): collect_rewards.PNG at (679, 957) delay=1s
2026-06-06 05:07:52 | INFO | my_functions.py:248 | [DEBUG] Buscando en paralelo: ['next.PNG'] | timeout=20s | confidence=0.8
2026-06-06 05:07:55 | INFO | my_functions.py:135 | Haciendo click en la posición (678, 972)
2026-06-06 05:07:55 | INFO | my_functions.py:270 | 🖱️ Click OK (En paralelo): next.PNG at (678, 972) delay=1s
2026-06-06 05:07:58 | INFO | my_functions.py:330 | AVAILABLE: 6
2026-06-06 05:07:58 | INFO | each_eight_hours.py:309 | Submissions after match: 6
2026-06-06 05:07:58 | INFO | my_functions.py:352 | Misiones completadas: 0
2026-06-06 05:07:58 | INFO | each_eight_hours.py:187 | Starting game loop 3
2026-06-06 05:07:58 | INFO | my_functions.py:248 | [DEBUG] Buscando en paralelo: ['play.PNG'] | timeout=20s | confidence=0.8
2026-06-06 05:08:02 | INFO | my_functions.py:135 | Haciendo click en la posición (384, 824)
2026-06-06 05:08:02 | INFO | my_functions.py:270 | 🖱️ Click OK (En paralelo): play.PNG at (384, 824) delay=3s
2026-06-06 05:08:29 | INFO | my_functions.py:200 | 
✅ Found: end_turn.PNG pos=(681, 945) time=0.18s confidence=0.8
2026-06-06 05:08:29 | INFO | my_functions.py:248 | [DEBUG] Buscando en paralelo: ['snap.PNG'] | timeout=0s | confidence=0.8
2026-06-06 05:08:30 | INFO | my_functions.py:135 | Haciendo click en la posición (386, 123)
2026-06-06 05:08:30 | INFO | my_functions.py:270 | 🖱️ Click OK (En paralelo): snap.PNG at (386, 123) delay=1s
2026-06-06 05:08:36 | INFO | my_functions.py:135 | Haciendo click en la posición (681, 945)
2026-06-06 05:08:37 | INFO | each_eight_hours.py:203 | End turn executed
2026-06-06 05:08:56 | INFO | my_functions.py:200 | 
✅ Found: end_turn.PNG pos=(681, 945) time=0.18s confidence=0.8
2026-06-06 05:08:56 | INFO | my_functions.py:248 | [DEBUG] Buscando en paralelo: ['snap.PNG'] | timeout=0s | confidence=0.8
2026-06-06 05:08:56 | INFO | my_functions.py:282 | [DEBUG] Click skipped, ninguna de las imágenes se encontró en el intento.
2026-06-06 05:09:03 | INFO | my_functions.py:135 | Haciendo click en la posición (681, 945)
2026-06-06 05:09:04 | INFO | each_eight_hours.py:203 | End turn executed
2026-06-06 05:09:16 | INFO | my_functions.py:200 | 
✅ Found: end_turn.PNG pos=(681, 945) time=0.27s confidence=0.8
2026-06-06 05:09:16 | INFO | my_functions.py:248 | [DEBUG] Buscando en paralelo: ['snap.PNG'] | timeout=0s | confidence=0.8
2026-06-06 05:09:16 | INFO | my_functions.py:282 | [DEBUG] Click skipped, ninguna de las imágenes se encontró en el intento.
2026-06-06 05:09:23 | INFO | my_functions.py:135 | Haciendo click en la posición (681, 945)
2026-06-06 05:09:24 | INFO | each_eight_hours.py:203 | End turn executed
2026-06-06 05:09:36 | INFO | my_functions.py:200 | 
✅ Found: end_turn.PNG pos=(681, 945) time=0.22s confidence=0.8
2026-06-06 05:09:36 | INFO | my_functions.py:248 | [DEBUG] Buscando en paralelo: ['snap.PNG'] | timeout=0s | confidence=0.8
2026-06-06 05:09:37 | INFO | my_functions.py:282 | [DEBUG] Click skipped, ninguna de las imágenes se encontró en el intento.
2026-06-06 05:09:43 | INFO | my_functions.py:135 | Haciendo click en la posición (681, 945)
2026-06-06 05:09:44 | INFO | each_eight_hours.py:203 | End turn executed
2026-06-06 05:09:47 | INFO | my_functions.py:200 | 
✅ Found: never_seen_before.png pos=(389, 200) time=0.3s confidence=0.8
2026-06-06 05:09:48 | WARNING | each_eight_hours.py:216 | Unknown popup handled
2026-06-06 05:09:49 | INFO | my_functions.py:200 | 
✅ Found: never_seen_before.png pos=(395, 141) time=0.22s confidence=0.8
2026-06-06 05:09:50 | WARNING | each_eight_hours.py:216 | Unknown popup handled
2026-06-06 05:10:02 | INFO | my_functions.py:200 | 
✅ Found: end_turn.PNG pos=(681, 945) time=0.23s confidence=0.8
2026-06-06 05:10:02 | INFO | my_functions.py:248 | [DEBUG] Buscando en paralelo: ['snap.PNG'] | timeout=0s | confidence=0.8
2026-06-06 05:10:02 | INFO | my_functions.py:282 | [DEBUG] Click skipped, ninguna de las imágenes se encontró en el intento.
2026-06-06 05:10:08 | INFO | my_functions.py:135 | Haciendo click en la posición (681, 945)
2026-06-06 05:10:09 | INFO | each_eight_hours.py:203 | End turn executed
2026-06-06 05:10:16 | INFO | my_functions.py:200 | 
✅ Found: collect_rewards.PNG pos=(679, 957) time=0.21s confidence=0.8
2026-06-06 05:10:16 | INFO | each_eight_hours.py:242 | Rewards detected, exiting match
2026-06-06 05:10:16 | INFO | my_functions.py:248 | [DEBUG] Buscando en paralelo: ['collect_rewards.PNG'] | timeout=20s | confidence=0.8
2026-06-06 05:10:18 | INFO | my_functions.py:135 | Haciendo click en la posición (679, 957)
2026-06-06 05:10:18 | INFO | my_functions.py:270 | 🖱️ Click OK (En paralelo): collect_rewards.PNG at (679, 957) delay=1s
2026-06-06 05:10:19 | INFO | my_functions.py:248 | [DEBUG] Buscando en paralelo: ['next.PNG'] | timeout=20s | confidence=0.8
2026-06-06 05:10:23 | INFO | my_functions.py:135 | Haciendo click en la posición (677, 973)
2026-06-06 05:10:23 | INFO | my_functions.py:270 | 🖱️ Click OK (En paralelo): next.PNG at (677, 973) delay=1s
2026-06-06 05:10:26 | INFO | my_functions.py:330 | AVAILABLE: 6
2026-06-06 05:10:26 | INFO | each_eight_hours.py:309 | Submissions after match: 6
2026-06-06 05:10:26 | INFO | my_functions.py:352 | Misiones completadas: 1
2026-06-06 05:10:26 | INFO | each_eight_hours.py:187 | Starting game loop 4
2026-06-06 05:10:26 | INFO | my_functions.py:248 | [DEBUG] Buscando en paralelo: ['play.PNG'] | timeout=20s | confidence=0.8
2026-06-06 05:10:30 | INFO | my_functions.py:135 | Haciendo click en la posición (384, 824)
2026-06-06 05:10:30 | INFO | my_functions.py:270 | 🖱️ Click OK (En paralelo): play.PNG at (384, 824) delay=3s
2026-06-06 05:10:45 | INFO | my_functions.py:200 | 
✅ Found: end_turn.PNG pos=(681, 945) time=0.19s confidence=0.8
2026-06-06 05:10:45 | INFO | my_functions.py:248 | [DEBUG] Buscando en paralelo: ['snap.PNG'] | timeout=0s | confidence=0.8
2026-06-06 05:10:46 | INFO | my_functions.py:135 | Haciendo click en la posición (386, 123)
2026-06-06 05:10:46 | INFO | my_functions.py:270 | 🖱️ Click OK (En paralelo): snap.PNG at (386, 123) delay=1s
2026-06-06 05:10:53 | INFO | my_functions.py:135 | Haciendo click en la posición (681, 945)
2026-06-06 05:10:54 | INFO | each_eight_hours.py:203 | End turn executed
2026-06-06 05:11:03 | INFO | my_functions.py:200 | 
✅ Found: end_turn.PNG pos=(681, 945) time=0.18s confidence=0.8
2026-06-06 05:11:03 | INFO | my_functions.py:248 | [DEBUG] Buscando en paralelo: ['snap.PNG'] | timeout=0s | confidence=0.8
2026-06-06 05:11:03 | INFO | my_functions.py:282 | [DEBUG] Click skipped, ninguna de las imágenes se encontró en el intento.
2026-06-06 05:11:09 | INFO | my_functions.py:135 | Haciendo click en la posición (681, 945)
2026-06-06 05:11:10 | INFO | each_eight_hours.py:203 | End turn executed
2026-06-06 05:11:22 | INFO | my_functions.py:200 | 
✅ Found: end_turn.PNG pos=(681, 945) time=0.18s confidence=0.8
2026-06-06 05:11:22 | INFO | my_functions.py:248 | [DEBUG] Buscando en paralelo: ['snap.PNG'] | timeout=0s | confidence=0.8
2026-06-06 05:11:23 | INFO | my_functions.py:282 | [DEBUG] Click skipped, ninguna de las imágenes se encontró en el intento.
2026-06-06 05:11:29 | INFO | my_functions.py:135 | Haciendo click en la posición (681, 945)
2026-06-06 05:11:30 | INFO | each_eight_hours.py:203 | End turn executed
2026-06-06 05:11:43 | INFO | my_functions.py:200 | 
✅ Found: end_turn.PNG pos=(681, 945) time=0.18s confidence=0.8
2026-06-06 05:11:43 | INFO | my_functions.py:248 | [DEBUG] Buscando en paralelo: ['snap.PNG'] | timeout=0s | confidence=0.8
2026-06-06 05:11:43 | INFO | my_functions.py:282 | [DEBUG] Click skipped, ninguna de las imágenes se encontró en el intento.
2026-06-06 05:11:50 | INFO | my_functions.py:135 | Haciendo click en la posición (681, 945)
2026-06-06 05:11:51 | INFO | each_eight_hours.py:203 | End turn executed
2026-06-06 05:12:17 | INFO | my_functions.py:200 | 
✅ Found: end_turn.PNG pos=(681, 945) time=0.21s confidence=0.8
2026-06-06 05:12:17 | INFO | my_functions.py:248 | [DEBUG] Buscando en paralelo: ['snap.PNG'] | timeout=0s | confidence=0.8
2026-06-06 05:12:17 | INFO | my_functions.py:282 | [DEBUG] Click skipped, ninguna de las imágenes se encontró en el intento.
2026-06-06 05:12:23 | INFO | my_functions.py:135 | Haciendo click en la posición (681, 945)
2026-06-06 05:12:25 | INFO | each_eight_hours.py:203 | End turn executed
2026-06-06 05:12:49 | INFO | my_functions.py:200 | 
✅ Found: end_turn.PNG pos=(681, 945) time=0.19s confidence=0.8
2026-06-06 05:12:49 | INFO | my_functions.py:248 | [DEBUG] Buscando en paralelo: ['snap.PNG'] | timeout=0s | confidence=0.8
2026-06-06 05:12:49 | INFO | my_functions.py:282 | [DEBUG] Click skipped, ninguna de las imágenes se encontró en el intento.
2026-06-06 05:12:55 | INFO | my_functions.py:135 | Haciendo click en la posición (681, 945)
2026-06-06 05:12:56 | INFO | each_eight_hours.py:203 | End turn executed
2026-06-06 05:13:25 | INFO | my_functions.py:200 | 
✅ Found: collect_rewards.PNG pos=(679, 957) time=0.21s confidence=0.8
2026-06-06 05:13:25 | INFO | each_eight_hours.py:242 | Rewards detected, exiting match
2026-06-06 05:13:25 | INFO | my_functions.py:248 | [DEBUG] Buscando en paralelo: ['collect_rewards.PNG'] | timeout=20s | confidence=0.8
2026-06-06 05:13:27 | INFO | my_functions.py:135 | Haciendo click en la posición (679, 957)
2026-06-06 05:13:27 | INFO | my_functions.py:270 | 🖱️ Click OK (En paralelo): collect_rewards.PNG at (679, 957) delay=1s
2026-06-06 05:13:28 | INFO | my_functions.py:248 | [DEBUG] Buscando en paralelo: ['next.PNG'] | timeout=20s | confidence=0.8
2026-06-06 05:13:32 | INFO | my_functions.py:135 | Haciendo click en la posición (677, 973)
2026-06-06 05:13:33 | INFO | my_functions.py:270 | 🖱️ Click OK (En paralelo): next.PNG at (677, 973) delay=1s
2026-06-06 05:13:36 | INFO | my_functions.py:330 | AVAILABLE: 6
2026-06-06 05:13:36 | INFO | each_eight_hours.py:309 | Submissions after match: 6
2026-06-06 05:13:36 | INFO | my_functions.py:352 | Misiones completadas: 4
2026-06-06 05:13:36 | INFO | each_eight_hours.py:313 | Submission condition met, breaking loop
2026-06-06 05:13:36 | INFO | my_functions.py:248 | [DEBUG] Buscando en paralelo: ['missionsNotify2.png'] | timeout=20s | confidence=0.8
2026-06-06 05:13:39 | INFO | my_functions.py:135 | Haciendo click en la posición (538, 124)
2026-06-06 05:13:39 | INFO | my_functions.py:270 | 🖱️ Click OK (En paralelo): missionsNotify2.png at (538, 124) delay=3s
2026-06-06 05:13:40 | INFO | my_functions.py:1224 | [INFO] Iniciando click_missions_blue2
2026-06-06 05:13:40 | INFO | my_functions.py:135 | Haciendo click en la posición (150, 132)
2026-06-06 05:13:41 | INFO | my_functions.py:1227 | [ACTION] Click hecho en icono de calendario que me dirige a las misiones ordinarias
2026-06-06 05:13:41 | INFO | my_functions.py:170 | Searching bonus_challenge.png (timeout=0s)
2026-06-06 05:13:42 | INFO | my_functions.py:214 | 
⛔ Not found: bonus_challenge.png after 0.0s region=(0, 0, 765, 1038) confidence=0.8
2026-06-06 05:13:44 | INFO | my_functions.py:135 | Haciendo click en la posición (362, 493)
2026-06-06 05:13:45 | INFO | my_functions.py:1240 | [ACTION] Click 1/4 en misión azul
2026-06-06 05:13:45 | INFO | my_functions.py:135 | Haciendo click en la posición (362, 493)
2026-06-06 05:13:47 | INFO | my_functions.py:1240 | [ACTION] Click 2/4 en misión azul
2026-06-06 05:13:47 | INFO | my_functions.py:135 | Haciendo click en la posición (362, 493)
2026-06-06 05:13:48 | INFO | my_functions.py:1240 | [ACTION] Click 3/4 en misión azul
2026-06-06 05:13:49 | INFO | my_functions.py:135 | Haciendo click en la posición (362, 493)
2026-06-06 05:13:50 | INFO | my_functions.py:1240 | [ACTION] Click 4/4 en misión azul
2026-06-06 05:13:50 | INFO | my_functions.py:170 | Searching flechita_mission.PNG (timeout=0s)
2026-06-06 05:13:51 | INFO | my_functions.py:214 | 
⛔ Not found: flechita_mission.PNG after 0.0s region=(0, 0, 765, 1038) confidence=0.8
2026-06-06 05:13:51 | INFO | my_functions.py:248 | [DEBUG] Buscando en paralelo: ['weekly3.PNG'] | timeout=0s | confidence=0.8
2026-06-06 05:13:51 | INFO | my_functions.py:135 | Haciendo click en la posición (396, 267)
2026-06-06 05:13:51 | INFO | my_functions.py:270 | 🖱️ Click OK (En paralelo): weekly3.PNG at (396, 267) delay=0.1s
2026-06-06 05:13:52 | INFO | my_functions.py:248 | [DEBUG] Buscando en paralelo: ['claim!.PNG'] | timeout=0s | confidence=0.8
2026-06-06 05:13:53 | INFO | my_functions.py:135 | Haciendo click en la posición (381, 924)
2026-06-06 05:13:53 | INFO | my_functions.py:270 | 🖱️ Click OK (En paralelo): claim!.PNG at (381, 924) delay=0.2s
2026-06-06 05:13:54 | INFO | my_functions.py:248 | [DEBUG] Buscando en paralelo: ['claim_hover.PNG'] | timeout=0s | confidence=0.8
2026-06-06 05:13:55 | INFO | my_functions.py:135 | Haciendo click en la posición (383, 921)
2026-06-06 05:13:55 | INFO | my_functions.py:270 | 🖱️ Click OK (En paralelo): claim_hover.PNG at (383, 921) delay=0.2s
2026-06-06 05:13:56 | INFO | my_functions.py:248 | [DEBUG] Buscando en paralelo: ['claim!.PNG'] | timeout=0s | confidence=0.8
2026-06-06 05:13:56 | INFO | my_functions.py:282 | [DEBUG] Click skipped, ninguna de las imágenes se encontró en el intento.
2026-06-06 05:13:57 | INFO | my_functions.py:248 | [DEBUG] Buscando en paralelo: ['claim_hover.PNG'] | timeout=0s | confidence=0.8
2026-06-06 05:13:58 | INFO | my_functions.py:135 | Haciendo click en la posición (383, 921)
2026-06-06 05:13:58 | INFO | my_functions.py:270 | 🖱️ Click OK (En paralelo): claim_hover.PNG at (383, 921) delay=0.2s
2026-06-06 05:13:59 | INFO | my_functions.py:248 | [DEBUG] Buscando en paralelo: ['weekly3.PNG'] | timeout=0s | confidence=0.8
2026-06-06 05:13:59 | INFO | my_functions.py:135 | Haciendo click en la posición (307, 266)
2026-06-06 05:13:59 | INFO | my_functions.py:270 | 🖱️ Click OK (En paralelo): weekly3.PNG at (307, 266) delay=0.1s
2026-06-06 05:14:01 | INFO | my_functions.py:248 | [DEBUG] Buscando en paralelo: ['claim!.PNG'] | timeout=0s | confidence=0.8
2026-06-06 05:14:01 | INFO | my_functions.py:135 | Haciendo click en la posición (381, 924)
2026-06-06 05:14:01 | INFO | my_functions.py:270 | 🖱️ Click OK (En paralelo): claim!.PNG at (381, 924) delay=0.2s
2026-06-06 05:14:02 | INFO | my_functions.py:248 | [DEBUG] Buscando en paralelo: ['claim_hover.PNG'] | timeout=0s | confidence=0.8
2026-06-06 05:14:03 | INFO | my_functions.py:135 | Haciendo click en la posición (383, 921)
2026-06-06 05:14:03 | INFO | my_functions.py:270 | 🖱️ Click OK (En paralelo): claim_hover.PNG at (383, 921) delay=0.2s
2026-06-06 05:14:04 | INFO | my_functions.py:248 | [DEBUG] Buscando en paralelo: ['claim!.PNG'] | timeout=0s | confidence=0.8
2026-06-06 05:14:04 | INFO | my_functions.py:282 | [DEBUG] Click skipped, ninguna de las imágenes se encontró en el intento.
2026-06-06 05:14:05 | INFO | my_functions.py:248 | [DEBUG] Buscando en paralelo: ['claim_hover.PNG'] | timeout=0s | confidence=0.8
2026-06-06 05:14:06 | INFO | my_functions.py:135 | Haciendo click en la posición (383, 921)
2026-06-06 05:14:06 | INFO | my_functions.py:270 | 🖱️ Click OK (En paralelo): claim_hover.PNG at (383, 921) delay=0.2s
2026-06-06 05:14:07 | INFO | my_functions.py:248 | [DEBUG] Buscando en paralelo: ['weekly3.PNG'] | timeout=0s | confidence=0.8
2026-06-06 05:14:07 | INFO | my_functions.py:282 | [DEBUG] Click skipped, ninguna de las imágenes se encontró en el intento.
2026-06-06 05:14:08 | INFO | my_functions.py:248 | [DEBUG] Buscando en paralelo: ['weekly3.PNG'] | timeout=0s | confidence=0.8
2026-06-06 05:14:09 | INFO | my_functions.py:282 | [DEBUG] Click skipped, ninguna de las imágenes se encontró en el intento.
2026-06-06 05:14:10 | INFO | my_functions.py:135 | Haciendo click en la posición (557, 64)
2026-06-06 05:14:11 | INFO | my_functions.py:248 | [DEBUG] Buscando en paralelo: ['cards_shop.PNG'] | timeout=20s | confidence=0.8
2026-06-06 05:14:12 | INFO | my_functions.py:135 | Haciendo click en la posición (568, 121)
2026-06-06 05:14:13 | INFO | my_functions.py:270 | 🖱️ Click OK (En paralelo): cards_shop.PNG at (568, 121) delay=1s
2026-06-06 05:14:14 | INFO | my_functions.py:248 | [DEBUG] Buscando en paralelo: ['token_icon.PNG'] | timeout=20s | confidence=0.8
2026-06-06 05:14:16 | INFO | my_functions.py:135 | Haciendo click en la posición (571, 171)
2026-06-06 05:14:16 | INFO | my_functions.py:270 | 🖱️ Click OK (En paralelo): token_icon.PNG at (571, 171) delay=1s
2026-06-06 05:14:19 | INFO | my_functions.py:248 | [DEBUG] Buscando en paralelo: ['claim!_token_3.PNG'] | timeout=4s | confidence=0.8
2026-06-06 05:14:23 | INFO | my_functions.py:282 | [DEBUG] Click skipped, ninguna de las imágenes se encontró en el intento.
2026-06-06 05:14:24 | INFO | my_functions.py:248 | [DEBUG] Buscando en paralelo: ['offers.PNG', 'offers_selected.PNG'] | timeout=20s | confidence=0.8
2026-06-06 05:14:26 | INFO | my_functions.py:135 | Haciendo click en la posición (197, 121)
2026-06-06 05:14:26 | INFO | my_functions.py:270 | 🖱️ Click OK (En paralelo): offers.PNG at (197, 121) delay=1s
2026-06-06 05:14:27 | INFO | my_functions.py:248 | [DEBUG] Buscando en paralelo: ['credits_selected.png', 'credits.PNG'] | timeout=3s | confidence=0.8
2026-06-06 05:14:28 | INFO | my_functions.py:135 | Haciendo click en la posición (173, 64)
2026-06-06 05:14:29 | INFO | my_functions.py:270 | 🖱️ Click OK (En paralelo): credits.PNG at (173, 64) delay=1s
2026-06-06 05:14:31 | INFO | my_functions.py:248 | [DEBUG] Buscando en paralelo: ['claim_25_credits.png'] | timeout=3s | confidence=0.8
2026-06-06 05:14:32 | INFO | my_functions.py:135 | Haciendo click en la posición (236, 328)
2026-06-06 05:14:32 | INFO | my_functions.py:270 | 🖱️ Click OK (En paralelo): claim_25_credits.png at (236, 328) delay=1s
2026-06-06 05:14:34 | INFO | my_functions.py:170 | Searching aw_snap.png (timeout=3s)
2026-06-06 05:14:35 | INFO | my_functions.py:200 | 
✅ Found: aw_snap.png pos=(380, 502) time=1.21s confidence=0.8
2026-06-06 05:14:35 | INFO | my_functions.py:248 | [DEBUG] Buscando en paralelo: ['x.png'] | timeout=20s | confidence=0.8
2026-06-06 05:14:36 | INFO | my_functions.py:135 | Haciendo click en la posición (380, 966)
2026-06-06 05:14:36 | INFO | my_functions.py:270 | 🖱️ Click OK (En paralelo): x.png at (380, 966) delay=1s
2026-06-06 05:14:37 | INFO | my_functions.py:248 | [DEBUG] Buscando en paralelo: ['cards_shop.PNG'] | timeout=20s | confidence=0.8
2026-06-06 05:14:57 | INFO | my_functions.py:282 | [DEBUG] Click skipped, ninguna de las imágenes se encontró en el intento.
2026-06-06 05:14:59 | INFO | my_functions.py:248 | [DEBUG] Buscando en paralelo: ['offers.PNG'] | timeout=20s | confidence=0.8
2026-06-06 05:15:19 | INFO | my_functions.py:282 | [DEBUG] Click skipped, ninguna de las imágenes se encontró en el intento.
2026-06-06 05:15:20 | INFO | my_functions.py:1124 | [INFO] Iniciando mejora de cartas
2026-06-06 05:15:20 | INFO | my_functions.py:248 | [DEBUG] Buscando en paralelo: ['upgrade_cards_icon.PNG'] | timeout=20s | confidence=0.8
2026-06-06 05:15:40 | INFO | my_functions.py:282 | [DEBUG] Click skipped, ninguna de las imágenes se encontró en el intento.
2026-06-06 05:15:41 | INFO | my_functions.py:1128 | [INFO] Abriendo icono de upgrade_cards
2026-06-06 05:15:42 | INFO | my_functions.py:1134 | [STEP] Mejorando carta 1
2026-06-06 05:15:42 | INFO | my_functions.py:1138 | [ACTION] Click en carta 1
2026-06-06 05:15:43 | INFO | my_functions.py:1143 | [ACTION] Click en botón upgrade
2026-06-06 05:15:50 | INFO | my_functions.py:248 | [DEBUG] Buscando en paralelo: ['you_need_more_credits!.png'] | timeout=3s | confidence=0.8
2026-06-06 05:15:53 | INFO | my_functions.py:282 | [DEBUG] Click skipped, ninguna de las imágenes se encontró en el intento.
2026-06-06 05:16:00 | INFO | my_functions.py:1158 | [ACTION] Click para continuar a stage de nivel de coleccion
2026-06-06 05:16:05 | INFO | my_functions.py:143 | Presionando ESC (1/1)
2026-06-06 05:16:05 | INFO | my_functions.py:1163 | [ACTION] Saliendo de stage nivel de coleccion con ESC
2026-06-06 05:16:06 | INFO | my_functions.py:248 | [DEBUG] Buscando en paralelo: ['upgrade_cards_icon_selected.PNG'] | timeout=0s | confidence=0.8
2026-06-06 05:16:06 | INFO | my_functions.py:282 | [DEBUG] Click skipped, ninguna de las imágenes se encontró en el intento.
2026-06-06 05:16:07 | INFO | my_functions.py:248 | [DEBUG] Buscando en paralelo: ['upgrade_cards_icon.PNG'] | timeout=0s | confidence=0.8
2026-06-06 05:16:08 | INFO | my_functions.py:282 | [DEBUG] Click skipped, ninguna de las imágenes se encontró en el intento.
2026-06-06 05:16:09 | INFO | my_functions.py:248 | [DEBUG] Buscando en paralelo: ['upgrade_cards_icon_selected.PNG'] | timeout=0s | confidence=0.8
2026-06-06 05:16:09 | INFO | my_functions.py:282 | [DEBUG] Click skipped, ninguna de las imágenes se encontró en el intento.
2026-06-06 05:16:10 | INFO | my_functions.py:248 | [DEBUG] Buscando en paralelo: ['upgrade_cards_icon.PNG'] | timeout=0s | confidence=0.8
2026-06-06 05:16:10 | INFO | my_functions.py:282 | [DEBUG] Click skipped, ninguna de las imágenes se encontró en el intento.
2026-06-06 05:16:11 | INFO | my_functions.py:1183 | [INFO] Reabriendo icono de upgrade_cards
2026-06-06 05:16:12 | INFO | my_functions.py:1134 | [STEP] Mejorando carta 2
2026-06-06 05:16:12 | INFO | my_functions.py:1138 | [ACTION] Click en carta 2
2026-06-06 05:16:14 | INFO | my_functions.py:1143 | [ACTION] Click en botón upgrade
2026-06-06 05:16:21 | INFO | my_functions.py:248 | [DEBUG] Buscando en paralelo: ['you_need_more_credits!.png'] | timeout=3s | confidence=0.8
2026-06-06 05:16:24 | INFO | my_functions.py:282 | [DEBUG] Click skipped, ninguna de las imágenes se encontró en el intento.
2026-06-06 05:16:30 | INFO | my_functions.py:1158 | [ACTION] Click para continuar a stage de nivel de coleccion
2026-06-06 05:16:35 | INFO | my_functions.py:143 | Presionando ESC (1/1)
2026-06-06 05:16:36 | INFO | my_functions.py:1163 | [ACTION] Saliendo de stage nivel de coleccion con ESC
2026-06-06 05:16:37 | INFO | my_functions.py:248 | [DEBUG] Buscando en paralelo: ['upgrade_cards_icon_selected.PNG'] | timeout=0s | confidence=0.8
2026-06-06 05:16:37 | INFO | my_functions.py:282 | [DEBUG] Click skipped, ninguna de las imágenes se encontró en el intento.
2026-06-06 05:16:38 | INFO | my_functions.py:248 | [DEBUG] Buscando en paralelo: ['upgrade_cards_icon.PNG'] | timeout=0s | confidence=0.8
2026-06-06 05:16:38 | INFO | my_functions.py:282 | [DEBUG] Click skipped, ninguna de las imágenes se encontró en el intento.
2026-06-06 05:16:39 | INFO | my_functions.py:248 | [DEBUG] Buscando en paralelo: ['upgrade_cards_icon_selected.PNG'] | timeout=0s | confidence=0.8
2026-06-06 05:16:39 | INFO | my_functions.py:282 | [DEBUG] Click skipped, ninguna de las imágenes se encontró en el intento.
2026-06-06 05:16:41 | INFO | my_functions.py:248 | [DEBUG] Buscando en paralelo: ['upgrade_cards_icon.PNG'] | timeout=0s | confidence=0.8
2026-06-06 05:16:41 | INFO | my_functions.py:282 | [DEBUG] Click skipped, ninguna de las imágenes se encontró en el intento.
2026-06-06 05:16:42 | INFO | my_functions.py:1183 | [INFO] Reabriendo icono de upgrade_cards
2026-06-06 05:16:43 | INFO | my_functions.py:1134 | [STEP] Mejorando carta 3
2026-06-06 05:16:43 | INFO | my_functions.py:1138 | [ACTION] Click en carta 3
2026-06-06 05:16:44 | INFO | my_functions.py:1143 | [ACTION] Click en botón upgrade
2026-06-06 05:16:45 | ERROR | each_eight_hours.py:60 | Uncaught exception
Traceback (most recent call last):
  File "Z:\SHARED FILES VM\MS\each_eight_hours.py", line 320, in <module>
  File "Z:\SHARED FILES VM\MS\my_functions.py", line 488, in after_finish_all_games
    presionar_esc() # Saliendo al menu principal
    ^^^^^^^^^^^^^^^^
  File "Z:\SHARED FILES VM\MS\my_functions.py", line 1144, in upgrade_cards
    time.sleep(7)
KeyboardInterrupt
