2026-05-24 20:46:17 | INFO | each_eight_hours.py:39 | LOG FILE PATH: \\vmware-host\Shared Folders\SHARED FILES VM\MS\logs\each_eight_hours_2026-05-24_20-46-17.log
2026-05-24 20:46:17 | INFO | each_eight_hours.py:40 | Logger initialized
2026-05-24 20:46:17 | INFO | each_eight_hours.py:67 | Script initialized
2026-05-24 20:46:19 | INFO | each_eight_hours.py:128 | snap.exe terminated if it was running
2026-05-24 20:46:19 | INFO | my_functions.py:57 | ⏳ Esperando WebSocket de OBS...
2026-05-24 20:46:25 | INFO | baseclient.py:33 | Connecting with parameters: host='localhost' port=4455 password='' subs=0 timeout=None
2026-05-24 20:46:25 | INFO | reqs.py:23 | Successfully identified ReqClient with the server using RPC version:1
2026-05-24 20:46:25 | INFO | my_functions.py:63 | ✅ Conectado al OBS WebSocket
2026-05-24 20:46:25 | ERROR | reqs.py:59 | OBSSDKRequestError: Request GetRecordStatus returned code 207. With message: OBS is not ready to perform the request.
Traceback (most recent call last):
  File "C:\Users\Farm\AppData\Local\Programs\Python\Python311\Lib\site-packages\obsws_python\reqs.py", line 53, in send
    raise OBSSDKRequestError(
obsws_python.error.OBSSDKRequestError: Request GetRecordStatus returned code 207. With message: OBS is not ready to perform the request.
2026-05-24 20:46:26 | INFO | my_functions.py:88 | 🎬 Grabación iniciada
2026-05-24 20:46:26 | INFO | my_functions.py:1286 | ⏱ Esperando 0.1 segundos antes de empezar...
2026-05-24 20:46:26 | INFO | my_functions.py:1293 | 🔍 Esperando ventana que contenga alguna de: ['py', 'eight_hours'] (máx 20s)
2026-05-24 20:46:26 | INFO | my_functions.py:1305 | ✅ Ventana encontrada: 'each_eight_hours  - Acceso directo'
2026-05-24 20:46:26 | INFO | my_functions.py:1320 | ✅ Ventana seleccionada: 'each_eight_hours  - Acceso directo'
2026-05-24 20:46:28 | INFO | my_functions.py:1343 | 🔁 Reajuste #1...
2026-05-24 20:46:29 | INFO | my_functions.py:1350 | ✔ Verificación completa. Se hicieron 1 reajustes.
2026-05-24 20:46:59 | INFO | my_functions.py:2116 | Starting Steam window scan
2026-05-24 20:46:59 | INFO | my_functions.py:2119 | Found window: 
2026-05-24 20:46:59 | INFO | my_functions.py:2119 | Found window: each_eight_hours  - Acceso directo
2026-05-24 20:46:59 | INFO | my_functions.py:2119 | Found window: 
2026-05-24 20:46:59 | INFO | my_functions.py:2119 | Found window: 
2026-05-24 20:46:59 | INFO | my_functions.py:2119 | Found window: 
2026-05-24 20:46:59 | INFO | my_functions.py:2119 | Found window: 
2026-05-24 20:46:59 | INFO | my_functions.py:2119 | Found window: Program Manager
2026-05-24 20:46:59 | INFO | each_eight_hours.py:139 | Processing account: reeps_vm
2026-05-24 20:46:59 | INFO | each_eight_hours.py:142 | Game relaunched for account
2026-05-24 20:46:59 | INFO | my_functions.py:1286 | ⏱ Esperando 0.1 segundos antes de empezar...
2026-05-24 20:46:59 | INFO | my_functions.py:1293 | 🔍 Esperando ventana que contenga alguna de: ['SNAP'] (máx 20s)
2026-05-24 20:47:02 | INFO | my_functions.py:1305 | ✅ Ventana encontrada: 'SNAP'
2026-05-24 20:47:02 | INFO | my_functions.py:1320 | ✅ Ventana seleccionada: 'SNAP'
2026-05-24 20:47:05 | INFO | my_functions.py:1352 | ✔ Verificación completa. No hubo cambios después del primer ajuste.
2026-05-24 20:47:05 | INFO | my_functions.py:991 | [DEBUG] Resizing SNAP window...
2026-05-24 20:47:05 | INFO | my_functions.py:1286 | ⏱ Esperando 0.1 segundos antes de empezar...
2026-05-24 20:47:05 | INFO | my_functions.py:1293 | 🔍 Esperando ventana que contenga alguna de: ['SNAP'] (máx 20s)
2026-05-24 20:47:05 | INFO | my_functions.py:1305 | ✅ Ventana encontrada: 'SNAP'
2026-05-24 20:47:05 | INFO | my_functions.py:1320 | ✅ Ventana seleccionada: 'SNAP'
2026-05-24 20:47:08 | INFO | my_functions.py:1352 | ✔ Verificación completa. No hubo cambios después del primer ajuste.
2026-05-24 20:47:08 | INFO | my_functions.py:248 | [DEBUG] Buscando en paralelo: ['small_submit.PNG', 'small_submit_hover.png', 'submit_hover_2.png', 'small_submit_hover_2.png'] | timeout=90s | confidence=0.8
2026-05-24 20:48:39 | INFO | my_functions.py:282 | [DEBUG] Click skipped, ninguna de las imágenes se encontró en el intento.
2026-05-24 20:48:40 | INFO | my_functions.py:248 | [DEBUG] Buscando en paralelo: ['small_submit.PNG', 'small_submit_hover.png', 'submit_hover_2.png', 'small_submit_hover_2.png'] | timeout=20s | confidence=0.8
2026-05-24 20:49:01 | INFO | my_functions.py:282 | [DEBUG] Click skipped, ninguna de las imágenes se encontró en el intento.
2026-05-24 20:49:02 | INFO | my_functions.py:1286 | ⏱ Esperando 0.1 segundos antes de empezar...
2026-05-24 20:49:02 | INFO | my_functions.py:1293 | 🔍 Esperando ventana que contenga alguna de: ['SNAP'] (máx 20s)
2026-05-24 20:49:02 | INFO | my_functions.py:1305 | ✅ Ventana encontrada: 'SNAP'
2026-05-24 20:49:02 | INFO | my_functions.py:1320 | ✅ Ventana seleccionada: 'SNAP'
2026-05-24 20:49:05 | INFO | my_functions.py:1352 | ✔ Verificación completa. No hubo cambios después del primer ajuste.
2026-05-24 20:49:05 | INFO | my_functions.py:170 | Searching please_sign.png (timeout=0s)
2026-05-24 20:49:06 | INFO | my_functions.py:214 | 
⛔ Not found: please_sign.png after 0.0s region=(0, 0, 765, 1038) confidence=0.8
2026-05-24 20:49:06 | INFO | my_functions.py:170 | Searching sign_in_with_google2.PNG (timeout=90s)
