2026-07-03 08:31:42 | INFO | each_eight_hours.py:36 | LOG FILE PATH: \\vmware-host\Shared Folders\SHARED FILES VM\MS\logs\each_eight_hours_2026-07-03_08-31-42.log
2026-07-03 08:31:42 | INFO | each_eight_hours.py:37 | Logger initialized
2026-07-03 08:31:42 | INFO | each_eight_hours.py:64 | Script initialized
2026-07-03 08:32:07 | INFO | my_functions.py:56 | ⏳ Esperando WebSocket de OBS...
2026-07-03 08:32:14 | INFO | baseclient.py:33 | Connecting with parameters: host='localhost' port=4455 password='' subs=0 timeout=None
2026-07-03 08:32:14 | INFO | reqs.py:23 | Successfully identified ReqClient with the server using RPC version:1
2026-07-03 08:32:14 | INFO | my_functions.py:62 | ✅ Conectado al OBS WebSocket
2026-07-03 08:32:14 | ERROR | reqs.py:59 | OBSSDKRequestError: Request GetRecordStatus returned code 207. With message: OBS is not ready to perform the request.
Traceback (most recent call last):
  File "C:\Users\Farm\AppData\Local\Programs\Python\Python311\Lib\site-packages\obsws_python\reqs.py", line 53, in send
    raise OBSSDKRequestError(
obsws_python.error.OBSSDKRequestError: Request GetRecordStatus returned code 207. With message: OBS is not ready to perform the request.
2026-07-03 08:32:15 | INFO | my_functions.py:87 | 🎬 Grabación iniciada
2026-07-03 08:32:15 | INFO | each_eight_hours.py:106 | snap.exe terminated if it was running
2026-07-03 08:32:15 | INFO | my_functions.py:1540 | ⏱ Esperando 0.1 segundos antes de empezar...
2026-07-03 08:32:15 | INFO | my_functions.py:1547 | 🔍 Esperando ventana que contenga alguna de: ['py', 'eight_hours'] (máx 20s)
2026-07-03 08:32:15 | INFO | my_functions.py:1559 | ✅ Ventana encontrada: 'each_eight_hours  - Acceso directo'
2026-07-03 08:32:15 | INFO | my_functions.py:1574 | ✅ Ventana seleccionada: 'each_eight_hours  - Acceso directo'
2026-07-03 08:32:17 | INFO | my_functions.py:1597 | 🔁 Reajuste #1...
2026-07-03 08:32:17 | INFO | my_functions.py:1604 | ✔ Verificación completa. Se hicieron 1 reajustes.
2026-07-03 08:32:17 | INFO | each_eight_hours.py:113 | Processing account: john
2026-07-03 08:32:18 | INFO | my_functions.py:1540 | ⏱ Esperando 0.1 segundos antes de empezar...
2026-07-03 08:32:18 | INFO | my_functions.py:1547 | 🔍 Esperando ventana que contenga alguna de: ['SNAP'] (máx 20s)
2026-07-03 08:32:24 | INFO | my_functions.py:1559 | ✅ Ventana encontrada: 'SNAP'
2026-07-03 08:32:24 | INFO | my_functions.py:1574 | ✅ Ventana seleccionada: 'SNAP'
2026-07-03 08:32:26 | INFO | my_functions.py:1606 | ✔ Verificación completa. No hubo cambios después del primer ajuste.
2026-07-03 08:32:26 | INFO | my_functions.py:1206 | [DEBUG] Resizing SNAP window...
2026-07-03 08:32:26 | INFO | my_functions.py:1540 | ⏱ Esperando 0.1 segundos antes de empezar...
2026-07-03 08:32:27 | INFO | my_functions.py:1547 | 🔍 Esperando ventana que contenga alguna de: ['SNAP'] (máx 20s)
2026-07-03 08:32:27 | INFO | my_functions.py:1559 | ✅ Ventana encontrada: 'SNAP'
2026-07-03 08:32:27 | INFO | my_functions.py:1574 | ✅ Ventana seleccionada: 'SNAP'
2026-07-03 08:32:34 | INFO | my_functions.py:1606 | ✔ Verificación completa. No hubo cambios después del primer ajuste.
2026-07-03 08:32:34 | INFO | my_functions.py:247 | [DEBUG] Buscando en paralelo: ['small_submit.PNG', 'small_submit_hover.png', 'submit_hover_2.png', 'small_submit_hover_2.png'] | timeout=90s | confidence=0.8
2026-07-03 08:32:42 | INFO | my_functions.py:134 | Haciendo click en la posición (380, 642)
2026-07-03 08:32:43 | INFO | my_functions.py:269 | 🖱️ Click OK (En paralelo): small_submit.PNG at (380, 642) delay=0.2s
2026-07-03 08:32:46 | INFO | my_functions.py:247 | [DEBUG] Buscando en paralelo: ['small_submit.PNG', 'small_submit_hover.png', 'submit_hover_2.png', 'small_submit_hover_2.png'] | timeout=20s | confidence=0.8
2026-07-03 08:32:48 | INFO | my_functions.py:134 | Haciendo click en la posición (380, 721)
2026-07-03 08:32:48 | INFO | my_functions.py:269 | 🖱️ Click OK (En paralelo): small_submit.PNG at (380, 721) delay=0.2s
2026-07-03 08:32:49 | INFO | my_functions.py:1540 | ⏱ Esperando 0.1 segundos antes de empezar...
2026-07-03 08:32:49 | INFO | my_functions.py:1547 | 🔍 Esperando ventana que contenga alguna de: ['SNAP'] (máx 20s)
2026-07-03 08:32:49 | INFO | my_functions.py:1559 | ✅ Ventana encontrada: 'SNAP'
2026-07-03 08:32:49 | INFO | my_functions.py:1574 | ✅ Ventana seleccionada: 'SNAP'
2026-07-03 08:32:51 | INFO | my_functions.py:1597 | 🔁 Reajuste #1...
2026-07-03 08:32:52 | INFO | my_functions.py:1604 | ✔ Verificación completa. Se hicieron 1 reajustes.
2026-07-03 08:32:52 | INFO | my_functions.py:169 | Searching please_sign.png (timeout=0s)
2026-07-03 08:32:52 | INFO | my_functions.py:199 | 
✅ Found: please_sign.png pos=(383, 438) time=0.51s confidence=0.8
2026-07-03 08:32:53 | INFO | my_functions.py:247 | [DEBUG] Buscando en paralelo: ['ok_btn.png'] | timeout=20s | confidence=0.8
2026-07-03 08:32:54 | INFO | my_functions.py:134 | Haciendo click en la posición (382, 634)
2026-07-03 08:32:55 | INFO | my_functions.py:269 | 🖱️ Click OK (En paralelo): ok_btn.png at (382, 634) delay=1s
2026-07-03 08:32:56 | INFO | my_functions.py:247 | [DEBUG] Buscando en paralelo: ['small_submit.PNG', 'small_submit_hover.png', 'submit_hover_2.png', 'small_submit_hover_2.png'] | timeout=30s | confidence=0.8
2026-07-03 08:32:59 | INFO | my_functions.py:134 | Haciendo click en la posición (383, 643)
2026-07-03 08:32:59 | INFO | my_functions.py:269 | 🖱️ Click OK (En paralelo): small_submit_hover_2.png at (383, 643) delay=0.2s
2026-07-03 08:33:00 | INFO | my_functions.py:247 | [DEBUG] Buscando en paralelo: ['small_submit.PNG', 'small_submit_hover.png', 'submit_hover_2.png', 'small_submit_hover_2.png'] | timeout=20s | confidence=0.8
2026-07-03 08:33:01 | INFO | my_functions.py:134 | Haciendo click en la posición (380, 721)
2026-07-03 08:33:02 | INFO | my_functions.py:269 | 🖱️ Click OK (En paralelo): small_submit.PNG at (380, 721) delay=0.2s
2026-07-03 08:33:03 | INFO | my_functions.py:247 | [DEBUG] Buscando en paralelo: ['sign_in_with_google2.PNG'] | timeout=20s | confidence=0.8
2026-07-03 08:33:04 | INFO | my_functions.py:134 | Haciendo click en la posición (406, 957)
2026-07-03 08:33:04 | INFO | my_functions.py:269 | 🖱️ Click OK (En paralelo): sign_in_with_google2.PNG at (406, 957) delay=1s
2026-07-03 08:33:06 | INFO | my_functions.py:169 | Searching pagina_cargada.png (timeout=60s)
2026-07-03 08:33:15 | INFO | my_functions.py:199 | 
✅ Found: pagina_cargada.png pos=(70, 24) time=9.49s confidence=0.8
2026-07-03 08:33:15 | INFO | my_functions.py:247 | [DEBUG] Buscando en paralelo: ['john.png'] | timeout=0s | confidence=0.8
2026-07-03 08:33:19 | INFO | my_functions.py:134 | Haciendo click en la posición (1143, 619)
2026-07-03 08:33:19 | INFO | my_functions.py:269 | 🖱️ Click OK (En paralelo): john.png at (1143, 619) delay=3s
2026-07-03 08:33:20 | INFO | my_functions.py:169 | Searching marvelsnap_web.png (timeout=30s)
2026-07-03 08:33:25 | INFO | my_functions.py:199 | 
✅ Found: marvelsnap_web.png pos=(258, 80) time=5.11s confidence=0.7
2026-07-03 08:33:26 | INFO | my_functions.py:169 | Searching shop_unselected.PNG (timeout=0s)
2026-07-03 08:33:27 | INFO | my_functions.py:213 | 
⛔ Not found: shop_unselected.PNG after 0.0s region=(0, 0, 765, 1038) confidence=0.8
2026-07-03 08:33:27 | INFO | my_functions.py:247 | [DEBUG] Buscando en paralelo: ['super_premium.PNG'] | timeout=0s | confidence=0.8
2026-07-03 08:33:27 | INFO | my_functions.py:281 | [DEBUG] Click skipped, ninguna de las imágenes se encontró en el intento.
2026-07-03 08:33:28 | INFO | my_functions.py:247 | [DEBUG] Buscando en paralelo: ['maybe_later.PNG'] | timeout=0s | confidence=0.8
2026-07-03 08:33:29 | INFO | my_functions.py:281 | [DEBUG] Click skipped, ninguna de las imágenes se encontró en el intento.
2026-07-03 08:33:30 | INFO | my_functions.py:247 | [DEBUG] Buscando en paralelo: ['maybe_later2.PNG'] | timeout=0s | confidence=0.8
2026-07-03 08:33:31 | INFO | my_functions.py:281 | [DEBUG] Click skipped, ninguna de las imágenes se encontró en el intento.
2026-07-03 08:33:32 | INFO | my_functions.py:169 | Searching go_to_shop.PNG (timeout=0s)
2026-07-03 08:33:33 | INFO | my_functions.py:213 | 
⛔ Not found: go_to_shop.PNG after 0.0s region=(0, 0, 765, 1038) confidence=0.8
2026-07-03 08:33:33 | INFO | my_functions.py:247 | [DEBUG] Buscando en paralelo: ['14_days_of_winterverse.PNG'] | timeout=0s | confidence=0.8
2026-07-03 08:33:33 | INFO | my_functions.py:281 | [DEBUG] Click skipped, ninguna de las imágenes se encontró en el intento.
2026-07-03 08:33:34 | INFO | my_functions.py:169 | Searching welcome_back_calendar.PNG (timeout=0s)
2026-07-03 08:33:35 | INFO | my_functions.py:213 | 
⛔ Not found: welcome_back_calendar.PNG after 0.01s region=(0, 0, 765, 1038) confidence=0.8
2026-07-03 08:33:35 | INFO | my_functions.py:247 | [DEBUG] Buscando en paralelo: ['start_the_countdown.PNG'] | timeout=0s | confidence=0.8
2026-07-03 08:33:36 | INFO | my_functions.py:281 | [DEBUG] Click skipped, ninguna de las imágenes se encontró en el intento.
2026-07-03 08:33:37 | INFO | my_functions.py:247 | [DEBUG] Buscando en paralelo: ['event_has_ended_sanctum.PNG'] | timeout=0s | confidence=0.8
2026-07-03 08:33:37 | INFO | my_functions.py:281 | [DEBUG] Click skipped, ninguna de las imágenes se encontró en el intento.
2026-07-03 08:33:38 | INFO | my_functions.py:247 | [DEBUG] Buscando en paralelo: ['event_has_ended_teamclash.PNG'] | timeout=0s | confidence=0.8
2026-07-03 08:33:39 | INFO | my_functions.py:281 | [DEBUG] Click skipped, ninguna de las imágenes se encontró en el intento.
2026-07-03 08:33:40 | INFO | my_functions.py:247 | [DEBUG] Buscando en paralelo: ['image_part_of_event_grand_arena_finished.PNG'] | timeout=0s | confidence=0.8
2026-07-03 08:33:41 | INFO | my_functions.py:281 | [DEBUG] Click skipped, ninguna de las imágenes se encontró en el intento.
2026-07-03 08:33:42 | INFO | my_functions.py:169 | Searching 28_day_event_login_rewards.PNG (timeout=0s)
2026-07-03 08:33:42 | INFO | my_functions.py:213 | 
⛔ Not found: 28_day_event_login_rewards.PNG after 0.0s region=(0, 0, 765, 1038) confidence=0.8
2026-07-03 08:33:42 | INFO | my_functions.py:169 | Searching 7_day_event_login.PNG (timeout=0s)
2026-07-03 08:33:43 | INFO | my_functions.py:213 | 
⛔ Not found: 7_day_event_login.PNG after 0.0s region=(0, 0, 765, 1038) confidence=0.8
2026-07-03 08:33:43 | INFO | my_functions.py:169 | Searching 14_days_event.PNG (timeout=0s)
2026-07-03 08:33:43 | INFO | my_functions.py:213 | 
⛔ Not found: 14_days_event.PNG after 0.0s region=(0, 0, 765, 1038) confidence=0.8
2026-07-03 08:33:43 | INFO | my_functions.py:247 | [DEBUG] Buscando en paralelo: ['lets_go.PNG'] | timeout=0s | confidence=0.8
2026-07-03 08:33:44 | INFO | my_functions.py:281 | [DEBUG] Click skipped, ninguna de las imágenes se encontró en el intento.
2026-07-03 08:33:46 | INFO | my_functions.py:169 | Searching shop_unselected.PNG (timeout=0s)
2026-07-03 08:33:47 | INFO | my_functions.py:213 | 
⛔ Not found: shop_unselected.PNG after 0.0s region=(0, 0, 765, 1038) confidence=0.8
2026-07-03 08:33:47 | INFO | my_functions.py:247 | [DEBUG] Buscando en paralelo: ['super_premium.PNG'] | timeout=0s | confidence=0.8
2026-07-03 08:33:48 | INFO | my_functions.py:134 | Haciendo click en la posición (480, 777)
2026-07-03 08:33:48 | INFO | my_functions.py:269 | 🖱️ Click OK (En paralelo): super_premium.PNG at (480, 777) delay=1s
2026-07-03 08:33:49 | INFO | my_functions.py:142 | Presionando ESC (1/1)
2026-07-03 08:33:58 | INFO | my_functions.py:169 | Searching shop_unselected.PNG (timeout=0s)
2026-07-03 08:33:59 | INFO | my_functions.py:199 | 
✅ Found: shop_unselected.PNG pos=(88, 961) time=0.75s confidence=0.8
2026-07-03 08:33:59 | INFO | my_functions.py:714 | Ya esta listo
2026-07-03 08:34:03 | INFO | my_functions.py:533 | AVAILABLE: 4
2026-07-03 08:34:03 | INFO | my_functions.py:247 | [DEBUG] Buscando en paralelo: ['nut.png'] | timeout=20s | confidence=0.8
2026-07-03 08:34:05 | INFO | my_functions.py:134 | Haciendo click en la posición (184, 78)
2026-07-03 08:34:05 | INFO | my_functions.py:269 | 🖱️ Click OK (En paralelo): nut.png at (184, 78) delay=1s
2026-07-03 08:34:06 | INFO | my_functions.py:247 | [DEBUG] Buscando en paralelo: ['graphics_quality.png'] | timeout=3s | confidence=0.8
2026-07-03 08:34:08 | INFO | my_functions.py:134 | Haciendo click en la posición (304, 644)
2026-07-03 08:34:08 | INFO | my_functions.py:269 | 🖱️ Click OK (En paralelo): graphics_quality.png at (304, 644) delay=1s
2026-07-03 08:34:10 | INFO | my_functions.py:247 | [DEBUG] Buscando en paralelo: ['sign_out.png'] | timeout=20s | confidence=0.8
2026-07-03 08:34:12 | INFO | my_functions.py:134 | Haciendo click en la posición (380, 796)
2026-07-03 08:34:12 | INFO | my_functions.py:269 | 🖱️ Click OK (En paralelo): sign_out.png at (380, 796) delay=1s
2026-07-03 08:34:14 | INFO | my_functions.py:247 | [DEBUG] Buscando en paralelo: ['sign_out_grande.png'] | timeout=20s | confidence=0.8
2026-07-03 08:34:16 | INFO | my_functions.py:134 | Haciendo click en la posición (359, 437)
2026-07-03 08:34:16 | INFO | my_functions.py:269 | 🖱️ Click OK (En paralelo): sign_out_grande.png at (359, 437) delay=1s
2026-07-03 08:34:17 | INFO | my_functions.py:247 | [DEBUG] Buscando en paralelo: ['sign_out2.png'] | timeout=20s | confidence=0.8
2026-07-03 08:34:19 | INFO | my_functions.py:134 | Haciendo click en la posición (383, 634)
2026-07-03 08:34:19 | INFO | my_functions.py:269 | 🖱️ Click OK (En paralelo): sign_out2.png at (383, 634) delay=1s
2026-07-03 08:34:20 | INFO | my_functions.py:1540 | ⏱ Esperando 0.1 segundos antes de empezar...
2026-07-03 08:34:20 | INFO | my_functions.py:1547 | 🔍 Esperando ventana que contenga alguna de: SNAP (máx 20s)
2026-07-03 08:34:20 | INFO | my_functions.py:1559 | ✅ Ventana encontrada: 'SNAP'
2026-07-03 08:34:20 | INFO | my_functions.py:1574 | ✅ Ventana seleccionada: 'SNAP'
2026-07-03 08:34:22 | INFO | my_functions.py:1597 | 🔁 Reajuste #1...
2026-07-03 08:34:24 | INFO | my_functions.py:1604 | ✔ Verificación completa. Se hicieron 1 reajustes.
2026-07-03 08:34:28 | INFO | each_eight_hours.py:113 | Processing account: robert
2026-07-03 08:34:28 | INFO | my_functions.py:1540 | ⏱ Esperando 0.1 segundos antes de empezar...
2026-07-03 08:34:29 | INFO | my_functions.py:1547 | 🔍 Esperando ventana que contenga alguna de: ['SNAP'] (máx 20s)
2026-07-03 08:34:31 | INFO | my_functions.py:1559 | ✅ Ventana encontrada: 'SNAP'
2026-07-03 08:34:31 | INFO | my_functions.py:1574 | ✅ Ventana seleccionada: 'SNAP'
2026-07-03 08:34:33 | INFO | my_functions.py:1606 | ✔ Verificación completa. No hubo cambios después del primer ajuste.
2026-07-03 08:34:33 | INFO | my_functions.py:1206 | [DEBUG] Resizing SNAP window...
2026-07-03 08:34:33 | INFO | my_functions.py:1540 | ⏱ Esperando 0.1 segundos antes de empezar...
2026-07-03 08:34:33 | INFO | my_functions.py:1547 | 🔍 Esperando ventana que contenga alguna de: ['SNAP'] (máx 20s)
2026-07-03 08:34:33 | INFO | my_functions.py:1559 | ✅ Ventana encontrada: 'SNAP'
2026-07-03 08:34:33 | INFO | my_functions.py:1574 | ✅ Ventana seleccionada: 'SNAP'
2026-07-03 08:34:40 | INFO | my_functions.py:1606 | ✔ Verificación completa. No hubo cambios después del primer ajuste.
2026-07-03 08:34:40 | INFO | my_functions.py:247 | [DEBUG] Buscando en paralelo: ['small_submit.PNG', 'small_submit_hover.png', 'submit_hover_2.png', 'small_submit_hover_2.png'] | timeout=90s | confidence=0.8
2026-07-03 08:34:42 | INFO | my_functions.py:134 | Haciendo click en la posición (380, 642)
2026-07-03 08:34:42 | INFO | my_functions.py:269 | 🖱️ Click OK (En paralelo): small_submit.PNG at (380, 642) delay=0.2s
2026-07-03 08:34:45 | INFO | my_functions.py:247 | [DEBUG] Buscando en paralelo: ['small_submit.PNG', 'small_submit_hover.png', 'submit_hover_2.png', 'small_submit_hover_2.png'] | timeout=20s | confidence=0.8
2026-07-03 08:34:47 | INFO | my_functions.py:134 | Haciendo click en la posición (380, 721)
2026-07-03 08:34:47 | INFO | my_functions.py:269 | 🖱️ Click OK (En paralelo): small_submit.PNG at (380, 721) delay=0.2s
2026-07-03 08:34:48 | INFO | my_functions.py:1540 | ⏱ Esperando 0.1 segundos antes de empezar...
2026-07-03 08:34:48 | INFO | my_functions.py:1547 | 🔍 Esperando ventana que contenga alguna de: ['SNAP'] (máx 20s)
2026-07-03 08:34:48 | INFO | my_functions.py:1559 | ✅ Ventana encontrada: 'SNAP'
2026-07-03 08:34:48 | INFO | my_functions.py:1574 | ✅ Ventana seleccionada: 'SNAP'
2026-07-03 08:34:50 | INFO | my_functions.py:1597 | 🔁 Reajuste #1...
2026-07-03 08:34:51 | INFO | my_functions.py:1604 | ✔ Verificación completa. Se hicieron 1 reajustes.
2026-07-03 08:34:51 | INFO | my_functions.py:169 | Searching please_sign.png (timeout=0s)
2026-07-03 08:34:52 | INFO | my_functions.py:199 | 
✅ Found: please_sign.png pos=(383, 438) time=0.45s confidence=0.8
2026-07-03 08:34:52 | INFO | my_functions.py:247 | [DEBUG] Buscando en paralelo: ['ok_btn.png'] | timeout=20s | confidence=0.8
2026-07-03 08:34:54 | INFO | my_functions.py:134 | Haciendo click en la posición (382, 634)
2026-07-03 08:34:54 | INFO | my_functions.py:269 | 🖱️ Click OK (En paralelo): ok_btn.png at (382, 634) delay=1s
2026-07-03 08:34:55 | INFO | my_functions.py:247 | [DEBUG] Buscando en paralelo: ['small_submit.PNG', 'small_submit_hover.png', 'submit_hover_2.png', 'small_submit_hover_2.png'] | timeout=30s | confidence=0.8
2026-07-03 08:34:58 | INFO | my_functions.py:134 | Haciendo click en la posición (383, 643)
2026-07-03 08:34:58 | INFO | my_functions.py:269 | 🖱️ Click OK (En paralelo): small_submit_hover_2.png at (383, 643) delay=0.2s
2026-07-03 08:34:59 | INFO | my_functions.py:247 | [DEBUG] Buscando en paralelo: ['small_submit.PNG', 'small_submit_hover.png', 'submit_hover_2.png', 'small_submit_hover_2.png'] | timeout=20s | confidence=0.8
2026-07-03 08:35:00 | INFO | my_functions.py:134 | Haciendo click en la posición (380, 721)
2026-07-03 08:35:01 | INFO | my_functions.py:269 | 🖱️ Click OK (En paralelo): small_submit.PNG at (380, 721) delay=0.2s
2026-07-03 08:35:02 | INFO | my_functions.py:247 | [DEBUG] Buscando en paralelo: ['sign_in_with_google2.PNG'] | timeout=20s | confidence=0.8
2026-07-03 08:35:03 | INFO | my_functions.py:134 | Haciendo click en la posición (406, 957)
2026-07-03 08:35:03 | INFO | my_functions.py:269 | 🖱️ Click OK (En paralelo): sign_in_with_google2.PNG at (406, 957) delay=1s
2026-07-03 08:35:05 | INFO | my_functions.py:169 | Searching pagina_cargada.png (timeout=60s)
2026-07-03 08:35:12 | INFO | my_functions.py:199 | 
✅ Found: pagina_cargada.png pos=(70, 24) time=6.97s confidence=0.8
2026-07-03 08:35:12 | INFO | my_functions.py:247 | [DEBUG] Buscando en paralelo: ['robert.png'] | timeout=0s | confidence=0.8
2026-07-03 08:35:15 | INFO | my_functions.py:134 | Haciendo click en la posición (1152, 794)
2026-07-03 08:35:16 | INFO | my_functions.py:269 | 🖱️ Click OK (En paralelo): robert.png at (1152, 794) delay=3s
2026-07-03 08:35:17 | INFO | my_functions.py:169 | Searching marvelsnap_web.png (timeout=30s)
2026-07-03 08:35:21 | INFO | my_functions.py:199 | 
✅ Found: marvelsnap_web.png pos=(258, 80) time=4.35s confidence=0.7
2026-07-03 08:35:21 | INFO | my_functions.py:169 | Searching shop_unselected.PNG (timeout=0s)
2026-07-03 08:35:22 | INFO | my_functions.py:213 | 
⛔ Not found: shop_unselected.PNG after 0.0s region=(0, 0, 765, 1038) confidence=0.8
2026-07-03 08:35:22 | INFO | my_functions.py:247 | [DEBUG] Buscando en paralelo: ['super_premium.PNG'] | timeout=0s | confidence=0.8
2026-07-03 08:35:23 | INFO | my_functions.py:281 | [DEBUG] Click skipped, ninguna de las imágenes se encontró en el intento.
2026-07-03 08:35:24 | INFO | my_functions.py:247 | [DEBUG] Buscando en paralelo: ['maybe_later.PNG'] | timeout=0s | confidence=0.8
2026-07-03 08:35:24 | INFO | my_functions.py:281 | [DEBUG] Click skipped, ninguna de las imágenes se encontró en el intento.
2026-07-03 08:35:26 | INFO | my_functions.py:247 | [DEBUG] Buscando en paralelo: ['maybe_later2.PNG'] | timeout=0s | confidence=0.8
2026-07-03 08:35:26 | INFO | my_functions.py:281 | [DEBUG] Click skipped, ninguna de las imágenes se encontró en el intento.
2026-07-03 08:35:27 | INFO | my_functions.py:169 | Searching go_to_shop.PNG (timeout=0s)
2026-07-03 08:35:28 | INFO | my_functions.py:213 | 
⛔ Not found: go_to_shop.PNG after 0.0s region=(0, 0, 765, 1038) confidence=0.8
2026-07-03 08:35:28 | INFO | my_functions.py:247 | [DEBUG] Buscando en paralelo: ['14_days_of_winterverse.PNG'] | timeout=0s | confidence=0.8
2026-07-03 08:35:28 | INFO | my_functions.py:281 | [DEBUG] Click skipped, ninguna de las imágenes se encontró en el intento.
2026-07-03 08:35:29 | INFO | my_functions.py:169 | Searching welcome_back_calendar.PNG (timeout=0s)
2026-07-03 08:35:30 | INFO | my_functions.py:213 | 
⛔ Not found: welcome_back_calendar.PNG after 0.48s region=(0, 0, 765, 1038) confidence=0.8
2026-07-03 08:35:30 | INFO | my_functions.py:247 | [DEBUG] Buscando en paralelo: ['start_the_countdown.PNG'] | timeout=0s | confidence=0.8
2026-07-03 08:35:31 | INFO | my_functions.py:281 | [DEBUG] Click skipped, ninguna de las imágenes se encontró en el intento.
2026-07-03 08:35:32 | INFO | my_functions.py:247 | [DEBUG] Buscando en paralelo: ['event_has_ended_sanctum.PNG'] | timeout=0s | confidence=0.8
2026-07-03 08:35:32 | INFO | my_functions.py:281 | [DEBUG] Click skipped, ninguna de las imágenes se encontró en el intento.
2026-07-03 08:35:34 | INFO | my_functions.py:247 | [DEBUG] Buscando en paralelo: ['event_has_ended_teamclash.PNG'] | timeout=0s | confidence=0.8
2026-07-03 08:35:34 | INFO | my_functions.py:281 | [DEBUG] Click skipped, ninguna de las imágenes se encontró en el intento.
2026-07-03 08:35:35 | INFO | my_functions.py:247 | [DEBUG] Buscando en paralelo: ['image_part_of_event_grand_arena_finished.PNG'] | timeout=0s | confidence=0.8
2026-07-03 08:35:36 | INFO | my_functions.py:281 | [DEBUG] Click skipped, ninguna de las imágenes se encontró en el intento.
2026-07-03 08:35:37 | INFO | my_functions.py:169 | Searching 28_day_event_login_rewards.PNG (timeout=0s)
2026-07-03 08:35:38 | INFO | my_functions.py:213 | 
⛔ Not found: 28_day_event_login_rewards.PNG after 0.0s region=(0, 0, 765, 1038) confidence=0.8
2026-07-03 08:35:38 | INFO | my_functions.py:169 | Searching 7_day_event_login.PNG (timeout=0s)
2026-07-03 08:35:38 | INFO | my_functions.py:213 | 
⛔ Not found: 7_day_event_login.PNG after 0.0s region=(0, 0, 765, 1038) confidence=0.8
2026-07-03 08:35:38 | INFO | my_functions.py:169 | Searching 14_days_event.PNG (timeout=0s)
2026-07-03 08:35:39 | INFO | my_functions.py:213 | 
⛔ Not found: 14_days_event.PNG after 0.0s region=(0, 0, 765, 1038) confidence=0.8
2026-07-03 08:35:39 | INFO | my_functions.py:247 | [DEBUG] Buscando en paralelo: ['lets_go.PNG'] | timeout=0s | confidence=0.8
2026-07-03 08:35:39 | INFO | my_functions.py:281 | [DEBUG] Click skipped, ninguna de las imágenes se encontró en el intento.
2026-07-03 08:35:41 | INFO | my_functions.py:169 | Searching shop_unselected.PNG (timeout=0s)
2026-07-03 08:35:42 | INFO | my_functions.py:213 | 
⛔ Not found: shop_unselected.PNG after 0.0s region=(0, 0, 765, 1038) confidence=0.8
2026-07-03 08:35:42 | INFO | my_functions.py:247 | [DEBUG] Buscando en paralelo: ['super_premium.PNG'] | timeout=0s | confidence=0.8
2026-07-03 08:35:43 | INFO | my_functions.py:134 | Haciendo click en la posición (480, 777)
2026-07-03 08:35:44 | INFO | my_functions.py:269 | 🖱️ Click OK (En paralelo): super_premium.PNG at (480, 777) delay=1s
2026-07-03 08:35:45 | INFO | my_functions.py:142 | Presionando ESC (1/1)
2026-07-03 08:35:53 | INFO | my_functions.py:169 | Searching shop_unselected.PNG (timeout=0s)
2026-07-03 08:35:54 | INFO | my_functions.py:199 | 
✅ Found: shop_unselected.PNG pos=(88, 961) time=0.75s confidence=0.8
2026-07-03 08:35:54 | INFO | my_functions.py:714 | Ya esta listo
2026-07-03 08:35:58 | INFO | my_functions.py:533 | AVAILABLE: 4
2026-07-03 08:35:58 | INFO | my_functions.py:247 | [DEBUG] Buscando en paralelo: ['nut.png'] | timeout=20s | confidence=0.8
2026-07-03 08:36:00 | INFO | my_functions.py:134 | Haciendo click en la posición (184, 78)
2026-07-03 08:36:00 | INFO | my_functions.py:269 | 🖱️ Click OK (En paralelo): nut.png at (184, 78) delay=1s
2026-07-03 08:36:02 | INFO | my_functions.py:247 | [DEBUG] Buscando en paralelo: ['graphics_quality.png'] | timeout=3s | confidence=0.8
2026-07-03 08:36:03 | INFO | my_functions.py:134 | Haciendo click en la posición (304, 644)
2026-07-03 08:36:03 | INFO | my_functions.py:269 | 🖱️ Click OK (En paralelo): graphics_quality.png at (304, 644) delay=1s
2026-07-03 08:36:05 | INFO | my_functions.py:247 | [DEBUG] Buscando en paralelo: ['sign_out.png'] | timeout=20s | confidence=0.8
2026-07-03 08:36:07 | INFO | my_functions.py:134 | Haciendo click en la posición (380, 796)
2026-07-03 08:36:07 | INFO | my_functions.py:269 | 🖱️ Click OK (En paralelo): sign_out.png at (380, 796) delay=1s
2026-07-03 08:36:09 | INFO | my_functions.py:247 | [DEBUG] Buscando en paralelo: ['sign_out_grande.png'] | timeout=20s | confidence=0.8
2026-07-03 08:36:11 | INFO | my_functions.py:134 | Haciendo click en la posición (359, 437)
2026-07-03 08:36:11 | INFO | my_functions.py:269 | 🖱️ Click OK (En paralelo): sign_out_grande.png at (359, 437) delay=1s
2026-07-03 08:36:12 | INFO | my_functions.py:247 | [DEBUG] Buscando en paralelo: ['sign_out2.png'] | timeout=20s | confidence=0.8
2026-07-03 08:36:14 | INFO | my_functions.py:134 | Haciendo click en la posición (383, 634)
2026-07-03 08:36:14 | INFO | my_functions.py:269 | 🖱️ Click OK (En paralelo): sign_out2.png at (383, 634) delay=1s
2026-07-03 08:36:15 | INFO | my_functions.py:1540 | ⏱ Esperando 0.1 segundos antes de empezar...
2026-07-03 08:36:15 | INFO | my_functions.py:1547 | 🔍 Esperando ventana que contenga alguna de: SNAP (máx 20s)
2026-07-03 08:36:15 | INFO | my_functions.py:1559 | ✅ Ventana encontrada: 'SNAP'
2026-07-03 08:36:15 | INFO | my_functions.py:1574 | ✅ Ventana seleccionada: 'SNAP'
2026-07-03 08:36:17 | INFO | my_functions.py:1597 | 🔁 Reajuste #1...
2026-07-03 08:36:19 | INFO | my_functions.py:1604 | ✔ Verificación completa. Se hicieron 1 reajustes.
2026-07-03 08:36:24 | INFO | each_eight_hours.py:113 | Processing account: michael
2026-07-03 08:36:24 | INFO | my_functions.py:1540 | ⏱ Esperando 0.1 segundos antes de empezar...
2026-07-03 08:36:24 | INFO | my_functions.py:1547 | 🔍 Esperando ventana que contenga alguna de: ['SNAP'] (máx 20s)
2026-07-03 08:36:26 | INFO | my_functions.py:1559 | ✅ Ventana encontrada: 'SNAP'
2026-07-03 08:36:26 | INFO | my_functions.py:1574 | ✅ Ventana seleccionada: 'SNAP'
2026-07-03 08:36:28 | INFO | my_functions.py:1606 | ✔ Verificación completa. No hubo cambios después del primer ajuste.
2026-07-03 08:36:28 | INFO | my_functions.py:1206 | [DEBUG] Resizing SNAP window...
2026-07-03 08:36:28 | INFO | my_functions.py:1540 | ⏱ Esperando 0.1 segundos antes de empezar...
2026-07-03 08:36:28 | INFO | my_functions.py:1547 | 🔍 Esperando ventana que contenga alguna de: ['SNAP'] (máx 20s)
2026-07-03 08:36:28 | INFO | my_functions.py:1559 | ✅ Ventana encontrada: 'SNAP'
2026-07-03 08:36:28 | INFO | my_functions.py:1574 | ✅ Ventana seleccionada: 'SNAP'
2026-07-03 08:36:35 | INFO | my_functions.py:1606 | ✔ Verificación completa. No hubo cambios después del primer ajuste.
2026-07-03 08:36:35 | INFO | my_functions.py:247 | [DEBUG] Buscando en paralelo: ['small_submit.PNG', 'small_submit_hover.png', 'submit_hover_2.png', 'small_submit_hover_2.png'] | timeout=90s | confidence=0.8
2026-07-03 08:36:37 | INFO | my_functions.py:134 | Haciendo click en la posición (380, 642)
2026-07-03 08:36:37 | INFO | my_functions.py:269 | 🖱️ Click OK (En paralelo): small_submit.PNG at (380, 642) delay=0.2s
2026-07-03 08:36:40 | INFO | my_functions.py:247 | [DEBUG] Buscando en paralelo: ['small_submit.PNG', 'small_submit_hover.png', 'submit_hover_2.png', 'small_submit_hover_2.png'] | timeout=20s | confidence=0.8
2026-07-03 08:36:42 | INFO | my_functions.py:134 | Haciendo click en la posición (380, 721)
2026-07-03 08:36:42 | INFO | my_functions.py:269 | 🖱️ Click OK (En paralelo): small_submit.PNG at (380, 721) delay=0.2s
2026-07-03 08:36:43 | INFO | my_functions.py:1540 | ⏱ Esperando 0.1 segundos antes de empezar...
2026-07-03 08:36:43 | INFO | my_functions.py:1547 | 🔍 Esperando ventana que contenga alguna de: ['SNAP'] (máx 20s)
2026-07-03 08:36:43 | INFO | my_functions.py:1559 | ✅ Ventana encontrada: 'SNAP'
2026-07-03 08:36:43 | INFO | my_functions.py:1574 | ✅ Ventana seleccionada: 'SNAP'
2026-07-03 08:36:45 | INFO | my_functions.py:1597 | 🔁 Reajuste #1...
2026-07-03 08:36:46 | INFO | my_functions.py:1604 | ✔ Verificación completa. Se hicieron 1 reajustes.
2026-07-03 08:36:46 | INFO | my_functions.py:169 | Searching please_sign.png (timeout=0s)
2026-07-03 08:36:47 | INFO | my_functions.py:199 | 
✅ Found: please_sign.png pos=(383, 438) time=0.48s confidence=0.8
2026-07-03 08:36:47 | INFO | my_functions.py:247 | [DEBUG] Buscando en paralelo: ['ok_btn.png'] | timeout=20s | confidence=0.8
2026-07-03 08:36:48 | INFO | my_functions.py:134 | Haciendo click en la posición (382, 634)
2026-07-03 08:36:48 | INFO | my_functions.py:269 | 🖱️ Click OK (En paralelo): ok_btn.png at (382, 634) delay=1s
2026-07-03 08:36:50 | INFO | my_functions.py:247 | [DEBUG] Buscando en paralelo: ['small_submit.PNG', 'small_submit_hover.png', 'submit_hover_2.png', 'small_submit_hover_2.png'] | timeout=30s | confidence=0.8
2026-07-03 08:36:52 | INFO | my_functions.py:134 | Haciendo click en la posición (383, 643)
2026-07-03 08:36:53 | INFO | my_functions.py:269 | 🖱️ Click OK (En paralelo): small_submit_hover_2.png at (383, 643) delay=0.2s
2026-07-03 08:36:54 | INFO | my_functions.py:247 | [DEBUG] Buscando en paralelo: ['small_submit.PNG', 'small_submit_hover.png', 'submit_hover_2.png', 'small_submit_hover_2.png'] | timeout=20s | confidence=0.8
2026-07-03 08:36:55 | INFO | my_functions.py:134 | Haciendo click en la posición (380, 721)
2026-07-03 08:36:56 | INFO | my_functions.py:269 | 🖱️ Click OK (En paralelo): small_submit.PNG at (380, 721) delay=0.2s
2026-07-03 08:36:57 | INFO | my_functions.py:247 | [DEBUG] Buscando en paralelo: ['sign_in_with_google2.PNG'] | timeout=20s | confidence=0.8
2026-07-03 08:36:58 | INFO | my_functions.py:134 | Haciendo click en la posición (406, 957)
2026-07-03 08:36:58 | INFO | my_functions.py:269 | 🖱️ Click OK (En paralelo): sign_in_with_google2.PNG at (406, 957) delay=1s
2026-07-03 08:36:59 | INFO | my_functions.py:169 | Searching pagina_cargada.png (timeout=60s)
2026-07-03 08:37:04 | INFO | my_functions.py:199 | 
✅ Found: pagina_cargada.png pos=(70, 24) time=4.75s confidence=0.8
2026-07-03 08:37:04 | INFO | my_functions.py:247 | [DEBUG] Buscando en paralelo: ['michael.png'] | timeout=0s | confidence=0.8
2026-07-03 08:37:08 | INFO | my_functions.py:134 | Haciendo click en la posición (1156, 878)
2026-07-03 08:37:08 | INFO | my_functions.py:269 | 🖱️ Click OK (En paralelo): michael.png at (1156, 878) delay=3s
2026-07-03 08:37:09 | INFO | my_functions.py:169 | Searching marvelsnap_web.png (timeout=30s)
2026-07-03 08:37:13 | INFO | my_functions.py:199 | 
✅ Found: marvelsnap_web.png pos=(258, 80) time=4.0s confidence=0.7
2026-07-03 08:37:14 | INFO | my_functions.py:169 | Searching shop_unselected.PNG (timeout=0s)
2026-07-03 08:37:14 | INFO | my_functions.py:213 | 
⛔ Not found: shop_unselected.PNG after 0.0s region=(0, 0, 765, 1038) confidence=0.8
2026-07-03 08:37:14 | INFO | my_functions.py:247 | [DEBUG] Buscando en paralelo: ['super_premium.PNG'] | timeout=0s | confidence=0.8
2026-07-03 08:37:15 | INFO | my_functions.py:281 | [DEBUG] Click skipped, ninguna de las imágenes se encontró en el intento.
2026-07-03 08:37:16 | INFO | my_functions.py:247 | [DEBUG] Buscando en paralelo: ['maybe_later.PNG'] | timeout=0s | confidence=0.8
2026-07-03 08:37:17 | INFO | my_functions.py:281 | [DEBUG] Click skipped, ninguna de las imágenes se encontró en el intento.
2026-07-03 08:37:18 | INFO | my_functions.py:247 | [DEBUG] Buscando en paralelo: ['maybe_later2.PNG'] | timeout=0s | confidence=0.8
2026-07-03 08:37:18 | INFO | my_functions.py:281 | [DEBUG] Click skipped, ninguna de las imágenes se encontró en el intento.
2026-07-03 08:37:19 | INFO | my_functions.py:169 | Searching go_to_shop.PNG (timeout=0s)
2026-07-03 08:37:20 | INFO | my_functions.py:213 | 
⛔ Not found: go_to_shop.PNG after 0.0s region=(0, 0, 765, 1038) confidence=0.8
2026-07-03 08:37:20 | INFO | my_functions.py:247 | [DEBUG] Buscando en paralelo: ['14_days_of_winterverse.PNG'] | timeout=0s | confidence=0.8
2026-07-03 08:37:21 | INFO | my_functions.py:281 | [DEBUG] Click skipped, ninguna de las imágenes se encontró en el intento.
2026-07-03 08:37:22 | INFO | my_functions.py:169 | Searching welcome_back_calendar.PNG (timeout=0s)
2026-07-03 08:37:22 | INFO | my_functions.py:213 | 
⛔ Not found: welcome_back_calendar.PNG after 0.0s region=(0, 0, 765, 1038) confidence=0.8
2026-07-03 08:37:22 | INFO | my_functions.py:247 | [DEBUG] Buscando en paralelo: ['start_the_countdown.PNG'] | timeout=0s | confidence=0.8
2026-07-03 08:37:23 | INFO | my_functions.py:281 | [DEBUG] Click skipped, ninguna de las imágenes se encontró en el intento.
2026-07-03 08:37:24 | INFO | my_functions.py:247 | [DEBUG] Buscando en paralelo: ['event_has_ended_sanctum.PNG'] | timeout=0s | confidence=0.8
2026-07-03 08:37:24 | INFO | my_functions.py:281 | [DEBUG] Click skipped, ninguna de las imágenes se encontró en el intento.
2026-07-03 08:37:25 | INFO | my_functions.py:247 | [DEBUG] Buscando en paralelo: ['event_has_ended_teamclash.PNG'] | timeout=0s | confidence=0.8
2026-07-03 08:37:26 | INFO | my_functions.py:281 | [DEBUG] Click skipped, ninguna de las imágenes se encontró en el intento.
2026-07-03 08:37:27 | INFO | my_functions.py:247 | [DEBUG] Buscando en paralelo: ['image_part_of_event_grand_arena_finished.PNG'] | timeout=0s | confidence=0.8
2026-07-03 08:37:28 | INFO | my_functions.py:281 | [DEBUG] Click skipped, ninguna de las imágenes se encontró en el intento.
2026-07-03 08:37:29 | INFO | my_functions.py:169 | Searching 28_day_event_login_rewards.PNG (timeout=0s)
2026-07-03 08:37:29 | INFO | my_functions.py:213 | 
⛔ Not found: 28_day_event_login_rewards.PNG after 0.0s region=(0, 0, 765, 1038) confidence=0.8
2026-07-03 08:37:29 | INFO | my_functions.py:169 | Searching 7_day_event_login.PNG (timeout=0s)
2026-07-03 08:37:30 | INFO | my_functions.py:213 | 
⛔ Not found: 7_day_event_login.PNG after 0.0s region=(0, 0, 765, 1038) confidence=0.8
2026-07-03 08:37:30 | INFO | my_functions.py:169 | Searching 14_days_event.PNG (timeout=0s)
2026-07-03 08:37:30 | INFO | my_functions.py:213 | 
⛔ Not found: 14_days_event.PNG after 0.01s region=(0, 0, 765, 1038) confidence=0.8
2026-07-03 08:37:30 | INFO | my_functions.py:247 | [DEBUG] Buscando en paralelo: ['lets_go.PNG'] | timeout=0s | confidence=0.8
2026-07-03 08:37:31 | INFO | my_functions.py:281 | [DEBUG] Click skipped, ninguna de las imágenes se encontró en el intento.
2026-07-03 08:37:33 | INFO | my_functions.py:169 | Searching shop_unselected.PNG (timeout=0s)
2026-07-03 08:37:33 | INFO | my_functions.py:213 | 
⛔ Not found: shop_unselected.PNG after 0.0s region=(0, 0, 765, 1038) confidence=0.8
2026-07-03 08:37:33 | INFO | my_functions.py:247 | [DEBUG] Buscando en paralelo: ['super_premium.PNG'] | timeout=0s | confidence=0.8
2026-07-03 08:37:35 | INFO | my_functions.py:134 | Haciendo click en la posición (480, 777)
2026-07-03 08:37:35 | INFO | my_functions.py:269 | 🖱️ Click OK (En paralelo): super_premium.PNG at (480, 777) delay=1s
2026-07-03 08:37:36 | INFO | my_functions.py:142 | Presionando ESC (1/1)
2026-07-03 08:37:45 | INFO | my_functions.py:169 | Searching shop_unselected.PNG (timeout=0s)
2026-07-03 08:37:46 | INFO | my_functions.py:199 | 
✅ Found: shop_unselected.PNG pos=(88, 961) time=0.7s confidence=0.8
2026-07-03 08:37:46 | INFO | my_functions.py:714 | Ya esta listo
2026-07-03 08:37:50 | INFO | my_functions.py:533 | AVAILABLE: 4
2026-07-03 08:37:50 | INFO | my_functions.py:247 | [DEBUG] Buscando en paralelo: ['nut.png'] | timeout=20s | confidence=0.8
2026-07-03 08:37:52 | INFO | my_functions.py:134 | Haciendo click en la posición (184, 78)
2026-07-03 08:37:52 | INFO | my_functions.py:269 | 🖱️ Click OK (En paralelo): nut.png at (184, 78) delay=1s
2026-07-03 08:37:53 | INFO | my_functions.py:247 | [DEBUG] Buscando en paralelo: ['graphics_quality.png'] | timeout=3s | confidence=0.8
2026-07-03 08:37:54 | INFO | my_functions.py:134 | Haciendo click en la posición (304, 644)
2026-07-03 08:37:55 | INFO | my_functions.py:269 | 🖱️ Click OK (En paralelo): graphics_quality.png at (304, 644) delay=1s
2026-07-03 08:37:57 | INFO | my_functions.py:247 | [DEBUG] Buscando en paralelo: ['sign_out.png'] | timeout=20s | confidence=0.8
2026-07-03 08:37:58 | INFO | my_functions.py:134 | Haciendo click en la posición (380, 796)
2026-07-03 08:37:59 | INFO | my_functions.py:269 | 🖱️ Click OK (En paralelo): sign_out.png at (380, 796) delay=1s
2026-07-03 08:38:01 | INFO | my_functions.py:247 | [DEBUG] Buscando en paralelo: ['sign_out_grande.png'] | timeout=20s | confidence=0.8
2026-07-03 08:38:02 | INFO | my_functions.py:134 | Haciendo click en la posición (359, 437)
2026-07-03 08:38:02 | INFO | my_functions.py:269 | 🖱️ Click OK (En paralelo): sign_out_grande.png at (359, 437) delay=1s
2026-07-03 08:38:03 | INFO | my_functions.py:247 | [DEBUG] Buscando en paralelo: ['sign_out2.png'] | timeout=20s | confidence=0.8
2026-07-03 08:38:05 | INFO | my_functions.py:134 | Haciendo click en la posición (383, 634)
2026-07-03 08:38:05 | INFO | my_functions.py:269 | 🖱️ Click OK (En paralelo): sign_out2.png at (383, 634) delay=1s
2026-07-03 08:38:06 | INFO | my_functions.py:1540 | ⏱ Esperando 0.1 segundos antes de empezar...
2026-07-03 08:38:06 | INFO | my_functions.py:1547 | 🔍 Esperando ventana que contenga alguna de: SNAP (máx 20s)
2026-07-03 08:38:06 | INFO | my_functions.py:1559 | ✅ Ventana encontrada: 'SNAP'
2026-07-03 08:38:06 | INFO | my_functions.py:1574 | ✅ Ventana seleccionada: 'SNAP'
2026-07-03 08:38:08 | INFO | my_functions.py:1597 | 🔁 Reajuste #1...
2026-07-03 08:38:10 | INFO | my_functions.py:1604 | ✔ Verificación completa. Se hicieron 1 reajustes.
2026-07-03 08:38:15 | INFO | each_eight_hours.py:113 | Processing account: william
2026-07-03 08:38:15 | INFO | my_functions.py:1540 | ⏱ Esperando 0.1 segundos antes de empezar...
2026-07-03 08:38:15 | INFO | my_functions.py:1547 | 🔍 Esperando ventana que contenga alguna de: ['SNAP'] (máx 20s)
2026-07-03 08:38:17 | INFO | my_functions.py:1559 | ✅ Ventana encontrada: 'SNAP'
2026-07-03 08:38:17 | INFO | my_functions.py:1574 | ✅ Ventana seleccionada: 'SNAP'
2026-07-03 08:38:19 | INFO | my_functions.py:1606 | ✔ Verificación completa. No hubo cambios después del primer ajuste.
2026-07-03 08:38:19 | INFO | my_functions.py:1206 | [DEBUG] Resizing SNAP window...
2026-07-03 08:38:19 | INFO | my_functions.py:1540 | ⏱ Esperando 0.1 segundos antes de empezar...
2026-07-03 08:38:19 | INFO | my_functions.py:1547 | 🔍 Esperando ventana que contenga alguna de: ['SNAP'] (máx 20s)
2026-07-03 08:38:19 | INFO | my_functions.py:1559 | ✅ Ventana encontrada: 'SNAP'
2026-07-03 08:38:19 | INFO | my_functions.py:1574 | ✅ Ventana seleccionada: 'SNAP'
2026-07-03 08:38:26 | INFO | my_functions.py:1606 | ✔ Verificación completa. No hubo cambios después del primer ajuste.
2026-07-03 08:38:26 | INFO | my_functions.py:247 | [DEBUG] Buscando en paralelo: ['small_submit.PNG', 'small_submit_hover.png', 'submit_hover_2.png', 'small_submit_hover_2.png'] | timeout=90s | confidence=0.8
2026-07-03 08:38:28 | INFO | my_functions.py:134 | Haciendo click en la posición (380, 642)
2026-07-03 08:38:28 | INFO | my_functions.py:269 | 🖱️ Click OK (En paralelo): small_submit.PNG at (380, 642) delay=0.2s
2026-07-03 08:38:31 | INFO | my_functions.py:247 | [DEBUG] Buscando en paralelo: ['small_submit.PNG', 'small_submit_hover.png', 'submit_hover_2.png', 'small_submit_hover_2.png'] | timeout=20s | confidence=0.8
2026-07-03 08:38:33 | INFO | my_functions.py:134 | Haciendo click en la posición (380, 721)
2026-07-03 08:38:33 | INFO | my_functions.py:269 | 🖱️ Click OK (En paralelo): small_submit.PNG at (380, 721) delay=0.2s
2026-07-03 08:38:34 | INFO | my_functions.py:1540 | ⏱ Esperando 0.1 segundos antes de empezar...
2026-07-03 08:38:34 | INFO | my_functions.py:1547 | 🔍 Esperando ventana que contenga alguna de: ['SNAP'] (máx 20s)
2026-07-03 08:38:34 | INFO | my_functions.py:1559 | ✅ Ventana encontrada: 'SNAP'
2026-07-03 08:38:34 | INFO | my_functions.py:1574 | ✅ Ventana seleccionada: 'SNAP'
2026-07-03 08:38:36 | INFO | my_functions.py:1597 | 🔁 Reajuste #1...
2026-07-03 08:38:37 | INFO | my_functions.py:1604 | ✔ Verificación completa. Se hicieron 1 reajustes.
2026-07-03 08:38:37 | INFO | my_functions.py:169 | Searching please_sign.png (timeout=0s)
2026-07-03 08:38:37 | INFO | my_functions.py:199 | 
✅ Found: please_sign.png pos=(383, 438) time=0.45s confidence=0.8
2026-07-03 08:38:37 | INFO | my_functions.py:247 | [DEBUG] Buscando en paralelo: ['ok_btn.png'] | timeout=20s | confidence=0.8
2026-07-03 08:38:39 | INFO | my_functions.py:134 | Haciendo click en la posición (382, 634)
2026-07-03 08:38:39 | INFO | my_functions.py:269 | 🖱️ Click OK (En paralelo): ok_btn.png at (382, 634) delay=1s
2026-07-03 08:38:41 | INFO | my_functions.py:247 | [DEBUG] Buscando en paralelo: ['small_submit.PNG', 'small_submit_hover.png', 'submit_hover_2.png', 'small_submit_hover_2.png'] | timeout=30s | confidence=0.8
2026-07-03 08:38:43 | INFO | my_functions.py:134 | Haciendo click en la posición (383, 643)
2026-07-03 08:38:43 | INFO | my_functions.py:269 | 🖱️ Click OK (En paralelo): small_submit_hover_2.png at (383, 643) delay=0.2s
2026-07-03 08:38:45 | INFO | my_functions.py:247 | [DEBUG] Buscando en paralelo: ['small_submit.PNG', 'small_submit_hover.png', 'submit_hover_2.png', 'small_submit_hover_2.png'] | timeout=20s | confidence=0.8
2026-07-03 08:38:46 | INFO | my_functions.py:134 | Haciendo click en la posición (380, 721)
2026-07-03 08:38:46 | INFO | my_functions.py:269 | 🖱️ Click OK (En paralelo): small_submit.PNG at (380, 721) delay=0.2s
2026-07-03 08:38:47 | INFO | my_functions.py:247 | [DEBUG] Buscando en paralelo: ['sign_in_with_google2.PNG'] | timeout=20s | confidence=0.8
2026-07-03 08:38:49 | INFO | my_functions.py:134 | Haciendo click en la posición (406, 957)
2026-07-03 08:38:49 | INFO | my_functions.py:269 | 🖱️ Click OK (En paralelo): sign_in_with_google2.PNG at (406, 957) delay=1s
2026-07-03 08:38:50 | INFO | my_functions.py:169 | Searching pagina_cargada.png (timeout=60s)
2026-07-03 08:38:55 | INFO | my_functions.py:199 | 
✅ Found: pagina_cargada.png pos=(70, 24) time=5.1s confidence=0.8
2026-07-03 08:38:55 | INFO | my_functions.py:247 | [DEBUG] Buscando en paralelo: ['william.png'] | timeout=0s | confidence=0.8
2026-07-03 08:38:56 | INFO | my_functions.py:281 | [DEBUG] Click skipped, ninguna de las imágenes se encontró en el intento.
2026-07-03 08:38:58 | INFO | my_functions.py:247 | [DEBUG] Buscando en paralelo: ['william.png'] | timeout=0s | confidence=0.8
2026-07-03 08:39:02 | INFO | my_functions.py:134 | Haciendo click en la posición (1150, 469)
2026-07-03 08:39:02 | INFO | my_functions.py:269 | 🖱️ Click OK (En paralelo): william.png at (1150, 469) delay=3s
2026-07-03 08:39:04 | INFO | my_functions.py:169 | Searching marvelsnap_web.png (timeout=30s)
2026-07-03 08:39:08 | INFO | my_functions.py:199 | 
✅ Found: marvelsnap_web.png pos=(258, 80) time=3.31s confidence=0.7
2026-07-03 08:39:08 | INFO | my_functions.py:169 | Searching shop_unselected.PNG (timeout=0s)
2026-07-03 08:39:09 | INFO | my_functions.py:213 | 
⛔ Not found: shop_unselected.PNG after 0.0s region=(0, 0, 765, 1038) confidence=0.8
2026-07-03 08:39:09 | INFO | my_functions.py:247 | [DEBUG] Buscando en paralelo: ['super_premium.PNG'] | timeout=0s | confidence=0.8
2026-07-03 08:39:09 | INFO | my_functions.py:281 | [DEBUG] Click skipped, ninguna de las imágenes se encontró en el intento.
2026-07-03 08:39:10 | INFO | my_functions.py:247 | [DEBUG] Buscando en paralelo: ['maybe_later.PNG'] | timeout=0s | confidence=0.8
2026-07-03 08:39:11 | INFO | my_functions.py:281 | [DEBUG] Click skipped, ninguna de las imágenes se encontró en el intento.
2026-07-03 08:39:12 | INFO | my_functions.py:247 | [DEBUG] Buscando en paralelo: ['maybe_later2.PNG'] | timeout=0s | confidence=0.8
2026-07-03 08:39:13 | INFO | my_functions.py:281 | [DEBUG] Click skipped, ninguna de las imágenes se encontró en el intento.
2026-07-03 08:39:14 | INFO | my_functions.py:169 | Searching go_to_shop.PNG (timeout=0s)
2026-07-03 08:39:14 | INFO | my_functions.py:213 | 
⛔ Not found: go_to_shop.PNG after 0.0s region=(0, 0, 765, 1038) confidence=0.8
2026-07-03 08:39:14 | INFO | my_functions.py:247 | [DEBUG] Buscando en paralelo: ['14_days_of_winterverse.PNG'] | timeout=0s | confidence=0.8
2026-07-03 08:39:15 | INFO | my_functions.py:281 | [DEBUG] Click skipped, ninguna de las imágenes se encontró en el intento.
2026-07-03 08:39:16 | INFO | my_functions.py:169 | Searching welcome_back_calendar.PNG (timeout=0s)
2026-07-03 08:39:17 | INFO | my_functions.py:213 | 
⛔ Not found: welcome_back_calendar.PNG after 0.0s region=(0, 0, 765, 1038) confidence=0.8
2026-07-03 08:39:17 | INFO | my_functions.py:247 | [DEBUG] Buscando en paralelo: ['start_the_countdown.PNG'] | timeout=0s | confidence=0.8
2026-07-03 08:39:17 | INFO | my_functions.py:281 | [DEBUG] Click skipped, ninguna de las imágenes se encontró en el intento.
2026-07-03 08:39:18 | INFO | my_functions.py:247 | [DEBUG] Buscando en paralelo: ['event_has_ended_sanctum.PNG'] | timeout=0s | confidence=0.8
2026-07-03 08:39:19 | INFO | my_functions.py:281 | [DEBUG] Click skipped, ninguna de las imágenes se encontró en el intento.
2026-07-03 08:39:20 | INFO | my_functions.py:247 | [DEBUG] Buscando en paralelo: ['event_has_ended_teamclash.PNG'] | timeout=0s | confidence=0.8
2026-07-03 08:39:20 | INFO | my_functions.py:281 | [DEBUG] Click skipped, ninguna de las imágenes se encontró en el intento.
2026-07-03 08:39:22 | INFO | my_functions.py:247 | [DEBUG] Buscando en paralelo: ['image_part_of_event_grand_arena_finished.PNG'] | timeout=0s | confidence=0.8
2026-07-03 08:39:22 | INFO | my_functions.py:281 | [DEBUG] Click skipped, ninguna de las imágenes se encontró en el intento.
2026-07-03 08:39:23 | INFO | my_functions.py:169 | Searching 28_day_event_login_rewards.PNG (timeout=0s)
2026-07-03 08:39:24 | INFO | my_functions.py:213 | 
⛔ Not found: 28_day_event_login_rewards.PNG after 0.0s region=(0, 0, 765, 1038) confidence=0.8
2026-07-03 08:39:24 | INFO | my_functions.py:169 | Searching 7_day_event_login.PNG (timeout=0s)
2026-07-03 08:39:24 | INFO | my_functions.py:213 | 
⛔ Not found: 7_day_event_login.PNG after 0.0s region=(0, 0, 765, 1038) confidence=0.8
2026-07-03 08:39:24 | INFO | my_functions.py:169 | Searching 14_days_event.PNG (timeout=0s)
2026-07-03 08:39:25 | INFO | my_functions.py:213 | 
⛔ Not found: 14_days_event.PNG after 0.0s region=(0, 0, 765, 1038) confidence=0.8
2026-07-03 08:39:25 | INFO | my_functions.py:247 | [DEBUG] Buscando en paralelo: ['lets_go.PNG'] | timeout=0s | confidence=0.8
2026-07-03 08:39:25 | INFO | my_functions.py:281 | [DEBUG] Click skipped, ninguna de las imágenes se encontró en el intento.
2026-07-03 08:39:27 | INFO | my_functions.py:169 | Searching shop_unselected.PNG (timeout=0s)
2026-07-03 08:39:28 | INFO | my_functions.py:213 | 
⛔ Not found: shop_unselected.PNG after 0.0s region=(0, 0, 765, 1038) confidence=0.8
2026-07-03 08:39:28 | INFO | my_functions.py:247 | [DEBUG] Buscando en paralelo: ['super_premium.PNG'] | timeout=0s | confidence=0.8
2026-07-03 08:39:28 | INFO | my_functions.py:281 | [DEBUG] Click skipped, ninguna de las imágenes se encontró en el intento.
2026-07-03 08:39:29 | INFO | my_functions.py:247 | [DEBUG] Buscando en paralelo: ['maybe_later.PNG'] | timeout=0s | confidence=0.8
2026-07-03 08:39:30 | INFO | my_functions.py:281 | [DEBUG] Click skipped, ninguna de las imágenes se encontró en el intento.
2026-07-03 08:39:31 | INFO | my_functions.py:247 | [DEBUG] Buscando en paralelo: ['maybe_later2.PNG'] | timeout=0s | confidence=0.8
2026-07-03 08:39:32 | INFO | my_functions.py:281 | [DEBUG] Click skipped, ninguna de las imágenes se encontró en el intento.
2026-07-03 08:39:33 | INFO | my_functions.py:169 | Searching go_to_shop.PNG (timeout=0s)
2026-07-03 08:39:33 | INFO | my_functions.py:199 | 
✅ Found: go_to_shop.PNG pos=(275, 827) time=0.47s confidence=0.8
2026-07-03 08:39:35 | INFO | my_functions.py:247 | [DEBUG] Buscando en paralelo: ['white_x.png'] | timeout=20s | confidence=0.8
2026-07-03 08:39:37 | INFO | my_functions.py:134 | Haciendo click en la posición (597, 113)
2026-07-03 08:39:37 | INFO | my_functions.py:269 | 🖱️ Click OK (En paralelo): white_x.png at (597, 113) delay=1s
2026-07-03 08:39:46 | INFO | my_functions.py:169 | Searching shop_unselected.PNG (timeout=0s)
2026-07-03 08:39:47 | INFO | my_functions.py:213 | 
⛔ Not found: shop_unselected.PNG after 0.0s region=(0, 0, 765, 1038) confidence=0.8
2026-07-03 08:39:48 | INFO | my_functions.py:169 | Searching shop_unselected.PNG (timeout=0s)
2026-07-03 08:39:49 | INFO | my_functions.py:213 | 
⛔ Not found: shop_unselected.PNG after 0.0s region=(0, 0, 765, 1038) confidence=0.8
2026-07-03 08:39:49 | INFO | my_functions.py:247 | [DEBUG] Buscando en paralelo: ['super_premium.PNG'] | timeout=0s | confidence=0.8
2026-07-03 08:39:50 | INFO | my_functions.py:134 | Haciendo click en la posición (480, 777)
2026-07-03 08:39:51 | INFO | my_functions.py:269 | 🖱️ Click OK (En paralelo): super_premium.PNG at (480, 777) delay=1s
2026-07-03 08:39:52 | INFO | my_functions.py:142 | Presionando ESC (1/1)
2026-07-03 08:40:00 | INFO | my_functions.py:169 | Searching shop_unselected.PNG (timeout=0s)
2026-07-03 08:40:01 | INFO | my_functions.py:199 | 
✅ Found: shop_unselected.PNG pos=(88, 961) time=0.73s confidence=0.8
2026-07-03 08:40:01 | INFO | my_functions.py:714 | Ya esta listo
2026-07-03 08:40:05 | INFO | my_functions.py:533 | AVAILABLE: 4
2026-07-03 08:40:05 | INFO | my_functions.py:247 | [DEBUG] Buscando en paralelo: ['nut.png'] | timeout=20s | confidence=0.8
2026-07-03 08:40:07 | INFO | my_functions.py:134 | Haciendo click en la posición (184, 78)
2026-07-03 08:40:07 | INFO | my_functions.py:269 | 🖱️ Click OK (En paralelo): nut.png at (184, 78) delay=1s
2026-07-03 08:40:08 | INFO | my_functions.py:247 | [DEBUG] Buscando en paralelo: ['graphics_quality.png'] | timeout=3s | confidence=0.8
2026-07-03 08:40:10 | INFO | my_functions.py:134 | Haciendo click en la posición (304, 644)
2026-07-03 08:40:10 | INFO | my_functions.py:269 | 🖱️ Click OK (En paralelo): graphics_quality.png at (304, 644) delay=1s
2026-07-03 08:40:12 | INFO | my_functions.py:247 | [DEBUG] Buscando en paralelo: ['sign_out.png'] | timeout=20s | confidence=0.8
2026-07-03 08:40:14 | INFO | my_functions.py:134 | Haciendo click en la posición (380, 796)
2026-07-03 08:40:14 | INFO | my_functions.py:269 | 🖱️ Click OK (En paralelo): sign_out.png at (380, 796) delay=1s
2026-07-03 08:40:16 | INFO | my_functions.py:247 | [DEBUG] Buscando en paralelo: ['sign_out_grande.png'] | timeout=20s | confidence=0.8
2026-07-03 08:40:18 | INFO | my_functions.py:134 | Haciendo click en la posición (359, 437)
2026-07-03 08:40:18 | INFO | my_functions.py:269 | 🖱️ Click OK (En paralelo): sign_out_grande.png at (359, 437) delay=1s
2026-07-03 08:40:19 | INFO | my_functions.py:247 | [DEBUG] Buscando en paralelo: ['sign_out2.png'] | timeout=20s | confidence=0.8
2026-07-03 08:40:21 | INFO | my_functions.py:134 | Haciendo click en la posición (383, 634)
2026-07-03 08:40:21 | INFO | my_functions.py:269 | 🖱️ Click OK (En paralelo): sign_out2.png at (383, 634) delay=1s
2026-07-03 08:40:22 | INFO | my_functions.py:1540 | ⏱ Esperando 0.1 segundos antes de empezar...
2026-07-03 08:40:22 | INFO | my_functions.py:1547 | 🔍 Esperando ventana que contenga alguna de: SNAP (máx 20s)
2026-07-03 08:40:22 | INFO | my_functions.py:1559 | ✅ Ventana encontrada: 'SNAP'
2026-07-03 08:40:22 | INFO | my_functions.py:1574 | ✅ Ventana seleccionada: 'SNAP'
2026-07-03 08:40:24 | INFO | my_functions.py:1597 | 🔁 Reajuste #1...
2026-07-03 08:40:26 | INFO | my_functions.py:1604 | ✔ Verificación completa. Se hicieron 1 reajustes.
2026-07-03 08:40:30 | INFO | each_eight_hours.py:113 | Processing account: reeps_vm
2026-07-03 08:40:30 | INFO | my_functions.py:1540 | ⏱ Esperando 0.1 segundos antes de empezar...
2026-07-03 08:40:30 | INFO | my_functions.py:1547 | 🔍 Esperando ventana que contenga alguna de: ['SNAP'] (máx 20s)
2026-07-03 08:40:32 | INFO | my_functions.py:1559 | ✅ Ventana encontrada: 'SNAP'
2026-07-03 08:40:32 | INFO | my_functions.py:1574 | ✅ Ventana seleccionada: 'SNAP'
2026-07-03 08:40:35 | INFO | my_functions.py:1606 | ✔ Verificación completa. No hubo cambios después del primer ajuste.
2026-07-03 08:40:35 | INFO | my_functions.py:1206 | [DEBUG] Resizing SNAP window...
2026-07-03 08:40:35 | INFO | my_functions.py:1540 | ⏱ Esperando 0.1 segundos antes de empezar...
2026-07-03 08:40:35 | INFO | my_functions.py:1547 | 🔍 Esperando ventana que contenga alguna de: ['SNAP'] (máx 20s)
2026-07-03 08:40:35 | INFO | my_functions.py:1559 | ✅ Ventana encontrada: 'SNAP'
2026-07-03 08:40:35 | INFO | my_functions.py:1574 | ✅ Ventana seleccionada: 'SNAP'
2026-07-03 08:40:42 | INFO | my_functions.py:1606 | ✔ Verificación completa. No hubo cambios después del primer ajuste.
2026-07-03 08:40:42 | INFO | my_functions.py:247 | [DEBUG] Buscando en paralelo: ['small_submit.PNG', 'small_submit_hover.png', 'submit_hover_2.png', 'small_submit_hover_2.png'] | timeout=90s | confidence=0.8
2026-07-03 08:40:43 | INFO | my_functions.py:134 | Haciendo click en la posición (380, 642)
2026-07-03 08:40:43 | INFO | my_functions.py:269 | 🖱️ Click OK (En paralelo): small_submit.PNG at (380, 642) delay=0.2s
2026-07-03 08:40:47 | INFO | my_functions.py:247 | [DEBUG] Buscando en paralelo: ['small_submit.PNG', 'small_submit_hover.png', 'submit_hover_2.png', 'small_submit_hover_2.png'] | timeout=20s | confidence=0.8
2026-07-03 08:40:48 | INFO | my_functions.py:134 | Haciendo click en la posición (380, 721)
2026-07-03 08:40:48 | INFO | my_functions.py:269 | 🖱️ Click OK (En paralelo): small_submit.PNG at (380, 721) delay=0.2s
2026-07-03 08:40:49 | INFO | my_functions.py:1540 | ⏱ Esperando 0.1 segundos antes de empezar...
2026-07-03 08:40:49 | INFO | my_functions.py:1547 | 🔍 Esperando ventana que contenga alguna de: ['SNAP'] (máx 20s)
2026-07-03 08:40:49 | INFO | my_functions.py:1559 | ✅ Ventana encontrada: 'SNAP'
2026-07-03 08:40:49 | INFO | my_functions.py:1574 | ✅ Ventana seleccionada: 'SNAP'
2026-07-03 08:40:51 | INFO | my_functions.py:1597 | 🔁 Reajuste #1...
2026-07-03 08:40:52 | INFO | my_functions.py:1604 | ✔ Verificación completa. Se hicieron 1 reajustes.
2026-07-03 08:40:52 | INFO | my_functions.py:169 | Searching please_sign.png (timeout=0s)
2026-07-03 08:40:53 | INFO | my_functions.py:199 | 
✅ Found: please_sign.png pos=(383, 438) time=0.44s confidence=0.8
2026-07-03 08:40:53 | INFO | my_functions.py:247 | [DEBUG] Buscando en paralelo: ['ok_btn.png'] | timeout=20s | confidence=0.8
2026-07-03 08:40:55 | INFO | my_functions.py:134 | Haciendo click en la posición (382, 634)
2026-07-03 08:40:55 | INFO | my_functions.py:269 | 🖱️ Click OK (En paralelo): ok_btn.png at (382, 634) delay=1s
2026-07-03 08:40:56 | INFO | my_functions.py:247 | [DEBUG] Buscando en paralelo: ['small_submit.PNG', 'small_submit_hover.png', 'submit_hover_2.png', 'small_submit_hover_2.png'] | timeout=30s | confidence=0.8
2026-07-03 08:40:59 | INFO | my_functions.py:134 | Haciendo click en la posición (383, 643)
2026-07-03 08:40:59 | INFO | my_functions.py:269 | 🖱️ Click OK (En paralelo): small_submit_hover_2.png at (383, 643) delay=0.2s
2026-07-03 08:41:00 | INFO | my_functions.py:247 | [DEBUG] Buscando en paralelo: ['small_submit.PNG', 'small_submit_hover.png', 'submit_hover_2.png', 'small_submit_hover_2.png'] | timeout=20s | confidence=0.8
2026-07-03 08:41:02 | INFO | my_functions.py:134 | Haciendo click en la posición (380, 721)
2026-07-03 08:41:02 | INFO | my_functions.py:269 | 🖱️ Click OK (En paralelo): small_submit.PNG at (380, 721) delay=0.2s
2026-07-03 08:41:03 | INFO | my_functions.py:247 | [DEBUG] Buscando en paralelo: ['sign_in_with_google2.PNG'] | timeout=20s | confidence=0.8
2026-07-03 08:41:04 | INFO | my_functions.py:134 | Haciendo click en la posición (406, 957)
2026-07-03 08:41:05 | INFO | my_functions.py:269 | 🖱️ Click OK (En paralelo): sign_in_with_google2.PNG at (406, 957) delay=1s
2026-07-03 08:41:06 | INFO | my_functions.py:169 | Searching pagina_cargada.png (timeout=60s)
2026-07-03 08:41:11 | INFO | my_functions.py:199 | 
✅ Found: pagina_cargada.png pos=(70, 24) time=5.42s confidence=0.8
2026-07-03 08:41:11 | INFO | my_functions.py:247 | [DEBUG] Buscando en paralelo: ['reeps_vm.png'] | timeout=0s | confidence=0.8
2026-07-03 08:41:15 | INFO | my_functions.py:134 | Haciendo click en la posición (1126, 534)
2026-07-03 08:41:15 | INFO | my_functions.py:269 | 🖱️ Click OK (En paralelo): reeps_vm.png at (1126, 534) delay=3s
2026-07-03 08:41:16 | INFO | my_functions.py:169 | Searching marvelsnap_web.png (timeout=30s)
2026-07-03 08:41:20 | INFO | my_functions.py:199 | 
✅ Found: marvelsnap_web.png pos=(258, 80) time=3.61s confidence=0.7
2026-07-03 08:41:20 | INFO | my_functions.py:169 | Searching shop_unselected.PNG (timeout=0s)
2026-07-03 08:41:21 | INFO | my_functions.py:213 | 
⛔ Not found: shop_unselected.PNG after 0.0s region=(0, 0, 765, 1038) confidence=0.8
2026-07-03 08:41:21 | INFO | my_functions.py:247 | [DEBUG] Buscando en paralelo: ['super_premium.PNG'] | timeout=0s | confidence=0.8
2026-07-03 08:41:21 | INFO | my_functions.py:281 | [DEBUG] Click skipped, ninguna de las imágenes se encontró en el intento.
2026-07-03 08:41:22 | INFO | my_functions.py:247 | [DEBUG] Buscando en paralelo: ['maybe_later.PNG'] | timeout=0s | confidence=0.8
2026-07-03 08:41:23 | INFO | my_functions.py:281 | [DEBUG] Click skipped, ninguna de las imágenes se encontró en el intento.
2026-07-03 08:41:24 | INFO | my_functions.py:247 | [DEBUG] Buscando en paralelo: ['maybe_later2.PNG'] | timeout=0s | confidence=0.8
2026-07-03 08:41:25 | INFO | my_functions.py:281 | [DEBUG] Click skipped, ninguna de las imágenes se encontró en el intento.
2026-07-03 08:41:26 | INFO | my_functions.py:169 | Searching go_to_shop.PNG (timeout=0s)
2026-07-03 08:41:26 | INFO | my_functions.py:213 | 
⛔ Not found: go_to_shop.PNG after 0.03s region=(0, 0, 765, 1038) confidence=0.8
2026-07-03 08:41:26 | INFO | my_functions.py:247 | [DEBUG] Buscando en paralelo: ['14_days_of_winterverse.PNG'] | timeout=0s | confidence=0.8
2026-07-03 08:41:27 | INFO | my_functions.py:281 | [DEBUG] Click skipped, ninguna de las imágenes se encontró en el intento.
2026-07-03 08:41:28 | INFO | my_functions.py:169 | Searching welcome_back_calendar.PNG (timeout=0s)
2026-07-03 08:41:28 | INFO | my_functions.py:213 | 
⛔ Not found: welcome_back_calendar.PNG after 0.0s region=(0, 0, 765, 1038) confidence=0.8
2026-07-03 08:41:28 | INFO | my_functions.py:247 | [DEBUG] Buscando en paralelo: ['start_the_countdown.PNG'] | timeout=0s | confidence=0.8
2026-07-03 08:41:29 | INFO | my_functions.py:281 | [DEBUG] Click skipped, ninguna de las imágenes se encontró en el intento.
2026-07-03 08:41:30 | INFO | my_functions.py:247 | [DEBUG] Buscando en paralelo: ['event_has_ended_sanctum.PNG'] | timeout=0s | confidence=0.8
2026-07-03 08:41:31 | INFO | my_functions.py:281 | [DEBUG] Click skipped, ninguna de las imágenes se encontró en el intento.
2026-07-03 08:41:32 | INFO | my_functions.py:247 | [DEBUG] Buscando en paralelo: ['event_has_ended_teamclash.PNG'] | timeout=0s | confidence=0.8
2026-07-03 08:41:32 | INFO | my_functions.py:281 | [DEBUG] Click skipped, ninguna de las imágenes se encontró en el intento.
2026-07-03 08:41:34 | INFO | my_functions.py:247 | [DEBUG] Buscando en paralelo: ['image_part_of_event_grand_arena_finished.PNG'] | timeout=0s | confidence=0.8
2026-07-03 08:41:34 | INFO | my_functions.py:281 | [DEBUG] Click skipped, ninguna de las imágenes se encontró en el intento.
2026-07-03 08:41:35 | INFO | my_functions.py:169 | Searching 28_day_event_login_rewards.PNG (timeout=0s)
2026-07-03 08:41:36 | INFO | my_functions.py:213 | 
⛔ Not found: 28_day_event_login_rewards.PNG after 0.0s region=(0, 0, 765, 1038) confidence=0.8
2026-07-03 08:41:36 | INFO | my_functions.py:169 | Searching 7_day_event_login.PNG (timeout=0s)
2026-07-03 08:41:36 | INFO | my_functions.py:213 | 
⛔ Not found: 7_day_event_login.PNG after 0.0s region=(0, 0, 765, 1038) confidence=0.8
2026-07-03 08:41:36 | INFO | my_functions.py:169 | Searching 14_days_event.PNG (timeout=0s)
2026-07-03 08:41:37 | INFO | my_functions.py:213 | 
⛔ Not found: 14_days_event.PNG after 0.0s region=(0, 0, 765, 1038) confidence=0.8
2026-07-03 08:41:37 | INFO | my_functions.py:247 | [DEBUG] Buscando en paralelo: ['lets_go.PNG'] | timeout=0s | confidence=0.8
2026-07-03 08:41:37 | INFO | my_functions.py:281 | [DEBUG] Click skipped, ninguna de las imágenes se encontró en el intento.
2026-07-03 08:41:39 | INFO | my_functions.py:169 | Searching shop_unselected.PNG (timeout=0s)
2026-07-03 08:41:41 | INFO | my_functions.py:213 | 
⛔ Not found: shop_unselected.PNG after 0.74s region=(0, 0, 765, 1038) confidence=0.8
2026-07-03 08:41:41 | INFO | my_functions.py:247 | [DEBUG] Buscando en paralelo: ['super_premium.PNG'] | timeout=0s | confidence=0.8
2026-07-03 08:41:41 | INFO | my_functions.py:281 | [DEBUG] Click skipped, ninguna de las imágenes se encontró en el intento.
2026-07-03 08:41:42 | INFO | my_functions.py:247 | [DEBUG] Buscando en paralelo: ['maybe_later.PNG'] | timeout=0s | confidence=0.8
2026-07-03 08:41:43 | INFO | my_functions.py:281 | [DEBUG] Click skipped, ninguna de las imágenes se encontró en el intento.
2026-07-03 08:41:44 | INFO | my_functions.py:247 | [DEBUG] Buscando en paralelo: ['maybe_later2.PNG'] | timeout=0s | confidence=0.8
2026-07-03 08:41:45 | INFO | my_functions.py:281 | [DEBUG] Click skipped, ninguna de las imágenes se encontró en el intento.
2026-07-03 08:41:46 | INFO | my_functions.py:169 | Searching go_to_shop.PNG (timeout=0s)
2026-07-03 08:41:46 | INFO | my_functions.py:199 | 
✅ Found: go_to_shop.PNG pos=(275, 827) time=0.48s confidence=0.8
2026-07-03 08:41:48 | INFO | my_functions.py:247 | [DEBUG] Buscando en paralelo: ['white_x.png'] | timeout=20s | confidence=0.8
2026-07-03 08:41:50 | INFO | my_functions.py:134 | Haciendo click en la posición (597, 113)
2026-07-03 08:41:50 | INFO | my_functions.py:269 | 🖱️ Click OK (En paralelo): white_x.png at (597, 113) delay=1s
2026-07-03 08:41:59 | INFO | my_functions.py:169 | Searching shop_unselected.PNG (timeout=0s)
