2026-06-24 10:08:20 | INFO | each_eight_hours.py:36 | LOG FILE PATH: \\vmware-host\Shared Folders\SHARED FILES VM\MS\logs\each_eight_hours_2026-06-24_10-08-20.log
2026-06-24 10:08:20 | INFO | each_eight_hours.py:37 | Logger initialized
2026-06-24 10:08:20 | INFO | each_eight_hours.py:64 | Script initialized
2026-06-24 10:08:54 | INFO | each_eight_hours.py:105 | snap.exe terminated if it was running
2026-06-24 10:08:54 | INFO | my_functions.py:56 | ⏳ Esperando WebSocket de OBS...
2026-06-24 10:09:00 | INFO | baseclient.py:33 | Connecting with parameters: host='localhost' port=4455 password='' subs=0 timeout=None
2026-06-24 10:09:00 | INFO | reqs.py:23 | Successfully identified ReqClient with the server using RPC version:1
2026-06-24 10:09:00 | INFO | my_functions.py:62 | ✅ Conectado al OBS WebSocket
2026-06-24 10:09:00 | ERROR | reqs.py:59 | OBSSDKRequestError: Request GetRecordStatus returned code 207. With message: OBS is not ready to perform the request.
Traceback (most recent call last):
  File "C:\Users\Farm\AppData\Local\Programs\Python\Python311\Lib\site-packages\obsws_python\reqs.py", line 53, in send
    raise OBSSDKRequestError(
obsws_python.error.OBSSDKRequestError: Request GetRecordStatus returned code 207. With message: OBS is not ready to perform the request.
2026-06-24 10:09:01 | INFO | my_functions.py:87 | 🎬 Grabación iniciada
2026-06-24 10:09:01 | INFO | my_functions.py:1547 | ⏱ Esperando 0.1 segundos antes de empezar...
2026-06-24 10:09:01 | INFO | my_functions.py:1554 | 🔍 Esperando ventana que contenga alguna de: ['py', 'eight_hours'] (máx 20s)
2026-06-24 10:09:01 | INFO | my_functions.py:1566 | ✅ Ventana encontrada: 'each_eight_hours  - Acceso directo'
2026-06-24 10:09:01 | INFO | my_functions.py:1581 | ✅ Ventana seleccionada: 'each_eight_hours  - Acceso directo'
2026-06-24 10:09:03 | INFO | my_functions.py:1604 | 🔁 Reajuste #1...
2026-06-24 10:09:03 | INFO | my_functions.py:1611 | ✔ Verificación completa. Se hicieron 1 reajustes.
2026-06-24 10:09:03 | INFO | each_eight_hours.py:113 | Processing account: jeremy
2026-06-24 10:09:04 | INFO | my_functions.py:1547 | ⏱ Esperando 0.1 segundos antes de empezar...
2026-06-24 10:09:04 | INFO | my_functions.py:1554 | 🔍 Esperando ventana que contenga alguna de: ['SNAP'] (máx 20s)
2026-06-24 10:09:09 | INFO | my_functions.py:1566 | ✅ Ventana encontrada: 'SNAP'
2026-06-24 10:09:09 | INFO | my_functions.py:1581 | ✅ Ventana seleccionada: 'SNAP'
2026-06-24 10:09:11 | INFO | my_functions.py:1613 | ✔ Verificación completa. No hubo cambios después del primer ajuste.
2026-06-24 10:09:11 | INFO | my_functions.py:1206 | [DEBUG] Resizing SNAP window...
2026-06-24 10:09:11 | INFO | my_functions.py:1547 | ⏱ Esperando 0.1 segundos antes de empezar...
2026-06-24 10:09:11 | INFO | my_functions.py:1554 | 🔍 Esperando ventana que contenga alguna de: ['SNAP'] (máx 20s)
2026-06-24 10:09:11 | INFO | my_functions.py:1566 | ✅ Ventana encontrada: 'SNAP'
2026-06-24 10:09:11 | INFO | my_functions.py:1581 | ✅ Ventana seleccionada: 'SNAP'
2026-06-24 10:09:14 | INFO | my_functions.py:1613 | ✔ Verificación completa. No hubo cambios después del primer ajuste.
2026-06-24 10:09:14 | INFO | my_functions.py:247 | [DEBUG] Buscando en paralelo: ['small_submit.PNG', 'small_submit_hover.png', 'submit_hover_2.png', 'small_submit_hover_2.png'] | timeout=90s | confidence=0.8
2026-06-24 10:09:30 | INFO | my_functions.py:134 | Haciendo click en la posición (380, 642)
2026-06-24 10:09:31 | INFO | my_functions.py:269 | 🖱️ Click OK (En paralelo): small_submit.PNG at (380, 642) delay=0.2s
2026-06-24 10:09:34 | INFO | my_functions.py:247 | [DEBUG] Buscando en paralelo: ['small_submit.PNG', 'small_submit_hover.png', 'submit_hover_2.png', 'small_submit_hover_2.png'] | timeout=20s | confidence=0.8
2026-06-24 10:09:36 | INFO | my_functions.py:134 | Haciendo click en la posición (380, 721)
2026-06-24 10:09:36 | INFO | my_functions.py:269 | 🖱️ Click OK (En paralelo): small_submit.PNG at (380, 721) delay=0.2s
2026-06-24 10:09:37 | INFO | my_functions.py:1547 | ⏱ Esperando 0.1 segundos antes de empezar...
2026-06-24 10:09:37 | INFO | my_functions.py:1554 | 🔍 Esperando ventana que contenga alguna de: ['SNAP'] (máx 20s)
2026-06-24 10:09:37 | INFO | my_functions.py:1566 | ✅ Ventana encontrada: 'SNAP'
2026-06-24 10:09:37 | INFO | my_functions.py:1581 | ✅ Ventana seleccionada: 'SNAP'
2026-06-24 10:09:39 | INFO | my_functions.py:1604 | 🔁 Reajuste #1...
2026-06-24 10:09:40 | INFO | my_functions.py:1611 | ✔ Verificación completa. Se hicieron 1 reajustes.
2026-06-24 10:09:40 | INFO | my_functions.py:169 | Searching please_sign.png (timeout=0s)
2026-06-24 10:09:41 | INFO | my_functions.py:199 | 
✅ Found: please_sign.png pos=(383, 438) time=0.63s confidence=0.8
2026-06-24 10:09:41 | INFO | my_functions.py:247 | [DEBUG] Buscando en paralelo: ['ok_btn.png'] | timeout=20s | confidence=0.8
2026-06-24 10:09:43 | INFO | my_functions.py:134 | Haciendo click en la posición (382, 634)
2026-06-24 10:09:43 | INFO | my_functions.py:269 | 🖱️ Click OK (En paralelo): ok_btn.png at (382, 634) delay=1s
2026-06-24 10:09:44 | INFO | my_functions.py:247 | [DEBUG] Buscando en paralelo: ['small_submit.PNG', 'small_submit_hover.png', 'submit_hover_2.png', 'small_submit_hover_2.png'] | timeout=30s | confidence=0.8
2026-06-24 10:09:47 | INFO | my_functions.py:134 | Haciendo click en la posición (383, 643)
2026-06-24 10:09:47 | INFO | my_functions.py:269 | 🖱️ Click OK (En paralelo): small_submit_hover_2.png at (383, 643) delay=0.2s
2026-06-24 10:09:48 | INFO | my_functions.py:247 | [DEBUG] Buscando en paralelo: ['small_submit.PNG', 'small_submit_hover.png', 'submit_hover_2.png', 'small_submit_hover_2.png'] | timeout=20s | confidence=0.8
2026-06-24 10:09:50 | INFO | my_functions.py:134 | Haciendo click en la posición (380, 721)
2026-06-24 10:09:50 | INFO | my_functions.py:269 | 🖱️ Click OK (En paralelo): small_submit.PNG at (380, 721) delay=0.2s
2026-06-24 10:09:51 | INFO | my_functions.py:247 | [DEBUG] Buscando en paralelo: ['sign_in_with_google2.PNG'] | timeout=20s | confidence=0.8
2026-06-24 10:09:53 | INFO | my_functions.py:134 | Haciendo click en la posición (406, 957)
2026-06-24 10:09:53 | INFO | my_functions.py:269 | 🖱️ Click OK (En paralelo): sign_in_with_google2.PNG at (406, 957) delay=1s
2026-06-24 10:09:54 | INFO | my_functions.py:169 | Searching pagina_cargada.png (timeout=60s)
2026-06-24 10:10:18 | INFO | my_functions.py:199 | 
✅ Found: pagina_cargada.png pos=(70, 24) time=23.49s confidence=0.8
2026-06-24 10:10:18 | INFO | my_functions.py:247 | [DEBUG] Buscando en paralelo: ['jeremy.png'] | timeout=0s | confidence=0.8
2026-06-24 10:10:19 | INFO | my_functions.py:281 | [DEBUG] Click skipped, ninguna de las imágenes se encontró en el intento.
2026-06-24 10:10:21 | INFO | my_functions.py:247 | [DEBUG] Buscando en paralelo: ['jeremy.png'] | timeout=0s | confidence=0.8
2026-06-24 10:10:25 | INFO | my_functions.py:134 | Haciendo click en la posición (1143, 645)
2026-06-24 10:10:25 | INFO | my_functions.py:269 | 🖱️ Click OK (En paralelo): jeremy.png at (1143, 645) delay=3s
2026-06-24 10:10:28 | INFO | my_functions.py:169 | Searching marvelsnap_web.png (timeout=30s)
2026-06-24 10:10:38 | INFO | my_functions.py:199 | 
✅ Found: marvelsnap_web.png pos=(258, 80) time=10.54s confidence=0.7
2026-06-24 10:10:38 | INFO | my_functions.py:169 | Searching shop_unselected.PNG (timeout=0s)
2026-06-24 10:10:39 | INFO | my_functions.py:213 | 
⛔ Not found: shop_unselected.PNG after 0.0s region=(0, 0, 765, 1038) confidence=0.8
2026-06-24 10:10:39 | INFO | my_functions.py:247 | [DEBUG] Buscando en paralelo: ['super_premium.PNG'] | timeout=0s | confidence=0.8
2026-06-24 10:10:40 | INFO | my_functions.py:281 | [DEBUG] Click skipped, ninguna de las imágenes se encontró en el intento.
2026-06-24 10:10:41 | INFO | my_functions.py:247 | [DEBUG] Buscando en paralelo: ['maybe_later.PNG'] | timeout=0s | confidence=0.8
2026-06-24 10:10:41 | INFO | my_functions.py:281 | [DEBUG] Click skipped, ninguna de las imágenes se encontró en el intento.
2026-06-24 10:10:43 | INFO | my_functions.py:247 | [DEBUG] Buscando en paralelo: ['maybe_later2.PNG'] | timeout=0s | confidence=0.8
2026-06-24 10:10:43 | INFO | my_functions.py:281 | [DEBUG] Click skipped, ninguna de las imágenes se encontró en el intento.
2026-06-24 10:10:44 | INFO | my_functions.py:169 | Searching go_to_shop.PNG (timeout=0s)
2026-06-24 10:10:45 | INFO | my_functions.py:213 | 
⛔ Not found: go_to_shop.PNG after 0.0s region=(0, 0, 765, 1038) confidence=0.8
2026-06-24 10:10:45 | INFO | my_functions.py:247 | [DEBUG] Buscando en paralelo: ['14_days_of_winterverse.PNG'] | timeout=0s | confidence=0.8
2026-06-24 10:10:45 | INFO | my_functions.py:281 | [DEBUG] Click skipped, ninguna de las imágenes se encontró en el intento.
2026-06-24 10:10:47 | INFO | my_functions.py:169 | Searching welcome_back_calendar.PNG (timeout=0s)
2026-06-24 10:10:47 | INFO | my_functions.py:213 | 
⛔ Not found: welcome_back_calendar.PNG after 0.0s region=(0, 0, 765, 1038) confidence=0.8
2026-06-24 10:10:47 | INFO | my_functions.py:247 | [DEBUG] Buscando en paralelo: ['start_the_countdown.PNG'] | timeout=0s | confidence=0.8
2026-06-24 10:10:48 | INFO | my_functions.py:281 | [DEBUG] Click skipped, ninguna de las imágenes se encontró en el intento.
2026-06-24 10:10:49 | INFO | my_functions.py:247 | [DEBUG] Buscando en paralelo: ['event_has_ended_sanctum.PNG'] | timeout=0s | confidence=0.8
2026-06-24 10:10:49 | INFO | my_functions.py:281 | [DEBUG] Click skipped, ninguna de las imágenes se encontró en el intento.
2026-06-24 10:10:51 | INFO | my_functions.py:247 | [DEBUG] Buscando en paralelo: ['event_has_ended_teamclash.PNG'] | timeout=0s | confidence=0.8
2026-06-24 10:10:51 | INFO | my_functions.py:281 | [DEBUG] Click skipped, ninguna de las imágenes se encontró en el intento.
2026-06-24 10:10:53 | INFO | my_functions.py:247 | [DEBUG] Buscando en paralelo: ['image_part_of_event_grand_arena_finished.PNG'] | timeout=0s | confidence=0.8
2026-06-24 10:10:53 | INFO | my_functions.py:281 | [DEBUG] Click skipped, ninguna de las imágenes se encontró en el intento.
2026-06-24 10:10:54 | INFO | my_functions.py:169 | Searching 28_day_event_login_rewards.PNG (timeout=0s)
2026-06-24 10:10:55 | INFO | my_functions.py:213 | 
⛔ Not found: 28_day_event_login_rewards.PNG after 0.49s region=(0, 0, 765, 1038) confidence=0.8
2026-06-24 10:10:55 | INFO | my_functions.py:169 | Searching 7_day_event_login.PNG (timeout=0s)
2026-06-24 10:10:56 | INFO | my_functions.py:213 | 
⛔ Not found: 7_day_event_login.PNG after 0.0s region=(0, 0, 765, 1038) confidence=0.8
2026-06-24 10:10:56 | INFO | my_functions.py:169 | Searching 14_days_event.PNG (timeout=0s)
2026-06-24 10:10:56 | INFO | my_functions.py:213 | 
⛔ Not found: 14_days_event.PNG after 0.01s region=(0, 0, 765, 1038) confidence=0.8
2026-06-24 10:10:56 | INFO | my_functions.py:247 | [DEBUG] Buscando en paralelo: ['lets_go.PNG'] | timeout=0s | confidence=0.8
2026-06-24 10:10:57 | INFO | my_functions.py:281 | [DEBUG] Click skipped, ninguna de las imágenes se encontró en el intento.
2026-06-24 10:10:59 | INFO | my_functions.py:169 | Searching shop_unselected.PNG (timeout=0s)
2026-06-24 10:11:00 | INFO | my_functions.py:199 | 
✅ Found: shop_unselected.PNG pos=(88, 961) time=0.74s confidence=0.8
2026-06-24 10:11:08 | INFO | my_functions.py:169 | Searching shop_unselected.PNG (timeout=0s)
2026-06-24 10:11:08 | INFO | my_functions.py:199 | 
✅ Found: shop_unselected.PNG pos=(88, 961) time=0.75s confidence=0.8
2026-06-24 10:11:08 | INFO | my_functions.py:714 | Ya esta listo
2026-06-24 10:11:13 | INFO | my_functions.py:533 | AVAILABLE: 6
2026-06-24 10:11:13 | INFO | my_functions.py:555 | Misiones completadas: 0
2026-06-24 10:11:13 | INFO | my_functions.py:169 | Searching play.PNG (timeout=0s)
2026-06-24 10:11:13 | INFO | my_functions.py:199 | 
✅ Found: play.PNG pos=(384, 824) time=0.64s confidence=0.8
2026-06-24 10:11:14 | INFO | my_functions.py:1442 | [INFO] Click realizado donde se equipa el deck a jugar
2026-06-24 10:11:18 | INFO | my_functions.py:247 | [DEBUG] Buscando en paralelo: ['deck_666666.png'] | timeout=3s | confidence=0.8
2026-06-24 10:11:19 | INFO | my_functions.py:134 | Haciendo click en la posición (384, 546)
2026-06-24 10:11:20 | INFO | my_functions.py:269 | 🖱️ Click OK (En paralelo): deck_666666.png at (384, 546) delay=1s
2026-06-24 10:11:21 | INFO | my_functions.py:247 | [DEBUG] Buscando en paralelo: ['equip.png'] | timeout=3s | confidence=0.95
2026-06-24 10:11:23 | INFO | my_functions.py:134 | Haciendo click en la posición (548, 983)
2026-06-24 10:11:23 | INFO | my_functions.py:269 | 🖱️ Click OK (En paralelo): equip.png at (548, 983) delay=1s
2026-06-24 10:11:24 | INFO | each_eight_hours.py:134 | Deck selected: 6turns
2026-06-24 10:11:24 | INFO | my_functions.py:247 | [DEBUG] Buscando en paralelo: ['maybe_later.PNG'] | timeout=2s | confidence=0.8
2026-06-24 10:11:26 | INFO | my_functions.py:281 | [DEBUG] Click skipped, ninguna de las imágenes se encontró en el intento.
2026-06-24 10:11:28 | INFO | my_functions.py:247 | [DEBUG] Buscando en paralelo: ['maybe_later2.PNG'] | timeout=0.01s | confidence=0.8
2026-06-24 10:11:28 | INFO | my_functions.py:281 | [DEBUG] Click skipped, ninguna de las imágenes se encontró en el intento.
2026-06-24 10:11:29 | INFO | each_eight_hours.py:148 | Starting game loop 1
2026-06-24 10:11:29 | INFO | my_functions.py:247 | [DEBUG] Buscando en paralelo: ['play.PNG'] | timeout=20s | confidence=0.8
2026-06-24 10:11:33 | INFO | my_functions.py:134 | Haciendo click en la posición (384, 824)
2026-06-24 10:11:33 | INFO | my_functions.py:269 | 🖱️ Click OK (En paralelo): play.PNG at (384, 824) delay=3s
2026-06-24 10:12:00 | INFO | my_functions.py:199 | 
✅ Found: end_turn.PNG pos=(681, 945) time=0.67s confidence=0.8
2026-06-24 10:12:00 | INFO | my_functions.py:247 | [DEBUG] Buscando en paralelo: ['snap.PNG'] | timeout=0s | confidence=0.8
2026-06-24 10:12:02 | INFO | my_functions.py:134 | Haciendo click en la posición (386, 122)
2026-06-24 10:12:02 | INFO | my_functions.py:269 | 🖱️ Click OK (En paralelo): snap.PNG at (386, 122) delay=1s
2026-06-24 10:12:10 | INFO | my_functions.py:247 | [DEBUG] Buscando en paralelo: ['end_turn.PNG'] | timeout=0s | confidence=0.8
2026-06-24 10:12:12 | INFO | my_functions.py:134 | Haciendo click en la posición (682, 946)
2026-06-24 10:12:12 | INFO | my_functions.py:269 | 🖱️ Click OK (En paralelo): end_turn.PNG at (682, 946) delay=1s
2026-06-24 10:12:13 | INFO | each_eight_hours.py:165 | End turn executed
2026-06-24 10:12:27 | INFO | my_functions.py:199 | 
✅ Found: end_turn.PNG pos=(682, 946) time=0.7s confidence=0.8
2026-06-24 10:12:27 | INFO | my_functions.py:247 | [DEBUG] Buscando en paralelo: ['snap.PNG'] | timeout=0s | confidence=0.8
2026-06-24 10:12:28 | INFO | my_functions.py:281 | [DEBUG] Click skipped, ninguna de las imágenes se encontró en el intento.
2026-06-24 10:12:34 | INFO | my_functions.py:247 | [DEBUG] Buscando en paralelo: ['end_turn.PNG'] | timeout=0s | confidence=0.8
2026-06-24 10:12:35 | INFO | my_functions.py:281 | [DEBUG] Click skipped, ninguna de las imágenes se encontró en el intento.
2026-06-24 10:13:09 | INFO | my_functions.py:199 | 
✅ Found: end_turn.PNG pos=(681, 945) time=0.65s confidence=0.8
2026-06-24 10:13:09 | INFO | my_functions.py:247 | [DEBUG] Buscando en paralelo: ['snap.PNG'] | timeout=0s | confidence=0.8
2026-06-24 10:13:10 | INFO | my_functions.py:281 | [DEBUG] Click skipped, ninguna de las imágenes se encontró en el intento.
2026-06-24 10:13:17 | INFO | my_functions.py:247 | [DEBUG] Buscando en paralelo: ['end_turn.PNG'] | timeout=0s | confidence=0.8
2026-06-24 10:13:18 | INFO | my_functions.py:134 | Haciendo click en la posición (682, 945)
2026-06-24 10:13:18 | INFO | my_functions.py:269 | 🖱️ Click OK (En paralelo): end_turn.PNG at (682, 945) delay=1s
2026-06-24 10:13:20 | INFO | each_eight_hours.py:165 | End turn executed
2026-06-24 10:14:03 | INFO | my_functions.py:199 | 
✅ Found: end_turn.PNG pos=(681, 945) time=0.66s confidence=0.8
2026-06-24 10:14:03 | INFO | my_functions.py:247 | [DEBUG] Buscando en paralelo: ['snap.PNG'] | timeout=0s | confidence=0.8
2026-06-24 10:14:04 | INFO | my_functions.py:281 | [DEBUG] Click skipped, ninguna de las imágenes se encontró en el intento.
2026-06-24 10:14:10 | INFO | my_functions.py:247 | [DEBUG] Buscando en paralelo: ['end_turn.PNG'] | timeout=0s | confidence=0.8
2026-06-24 10:14:12 | INFO | my_functions.py:134 | Haciendo click en la posición (682, 945)
2026-06-24 10:14:12 | INFO | my_functions.py:269 | 🖱️ Click OK (En paralelo): end_turn.PNG at (682, 945) delay=1s
2026-06-24 10:14:13 | INFO | each_eight_hours.py:165 | End turn executed
2026-06-24 10:14:33 | INFO | my_functions.py:199 | 
✅ Found: end_turn.PNG pos=(681, 945) time=0.65s confidence=0.8
2026-06-24 10:14:33 | INFO | my_functions.py:247 | [DEBUG] Buscando en paralelo: ['snap.PNG'] | timeout=0s | confidence=0.8
2026-06-24 10:14:34 | INFO | my_functions.py:281 | [DEBUG] Click skipped, ninguna de las imágenes se encontró en el intento.
2026-06-24 10:14:40 | INFO | my_functions.py:247 | [DEBUG] Buscando en paralelo: ['end_turn.PNG'] | timeout=0s | confidence=0.8
2026-06-24 10:14:42 | INFO | my_functions.py:134 | Haciendo click en la posición (682, 945)
2026-06-24 10:14:42 | INFO | my_functions.py:269 | 🖱️ Click OK (En paralelo): end_turn.PNG at (682, 945) delay=1s
2026-06-24 10:14:43 | INFO | each_eight_hours.py:165 | End turn executed
2026-06-24 10:15:44 | INFO | my_functions.py:199 | 
✅ Found: end_turn.PNG pos=(681, 945) time=0.7s confidence=0.8
2026-06-24 10:15:44 | INFO | my_functions.py:247 | [DEBUG] Buscando en paralelo: ['snap.PNG'] | timeout=0s | confidence=0.8
2026-06-24 10:15:45 | INFO | my_functions.py:281 | [DEBUG] Click skipped, ninguna de las imágenes se encontró en el intento.
2026-06-24 10:15:51 | INFO | my_functions.py:247 | [DEBUG] Buscando en paralelo: ['end_turn.PNG'] | timeout=0s | confidence=0.8
2026-06-24 10:15:53 | INFO | my_functions.py:134 | Haciendo click en la posición (682, 945)
2026-06-24 10:15:53 | INFO | my_functions.py:269 | 🖱️ Click OK (En paralelo): end_turn.PNG at (682, 945) delay=1s
2026-06-24 10:15:54 | INFO | each_eight_hours.py:165 | End turn executed
2026-06-24 10:16:30 | INFO | my_functions.py:199 | 
✅ Found: collect_rewards.PNG pos=(679, 963) time=0.79s confidence=0.8
2026-06-24 10:16:30 | INFO | each_eight_hours.py:204 | Rewards detected, exiting match
2026-06-24 10:16:30 | INFO | my_functions.py:247 | [DEBUG] Buscando en paralelo: ['collect_rewards.PNG'] | timeout=20s | confidence=0.8
2026-06-24 10:16:32 | INFO | my_functions.py:134 | Haciendo click en la posición (679, 957)
2026-06-24 10:16:32 | INFO | my_functions.py:269 | 🖱️ Click OK (En paralelo): collect_rewards.PNG at (679, 957) delay=1s
2026-06-24 10:16:33 | INFO | my_functions.py:247 | [DEBUG] Buscando en paralelo: ['next.PNG'] | timeout=20s | confidence=0.8
2026-06-24 10:16:39 | INFO | my_functions.py:134 | Haciendo click en la posición (677, 973)
2026-06-24 10:16:39 | INFO | my_functions.py:269 | 🖱️ Click OK (En paralelo): next.PNG at (677, 973) delay=1s
2026-06-24 10:16:42 | INFO | my_functions.py:533 | AVAILABLE: 6
2026-06-24 10:16:42 | INFO | each_eight_hours.py:271 | Submissions after match: 6
2026-06-24 10:16:42 | INFO | my_functions.py:555 | Misiones completadas: 2
2026-06-24 10:16:42 | INFO | each_eight_hours.py:275 | Submission condition met, breaking loop
2026-06-24 10:16:42 | INFO | my_functions.py:247 | [DEBUG] Buscando en paralelo: ['missionsNotify2.png'] | timeout=20s | confidence=0.8
2026-06-24 10:16:46 | INFO | my_functions.py:134 | Haciendo click en la posición (538, 124)
2026-06-24 10:16:46 | INFO | my_functions.py:269 | 🖱️ Click OK (En paralelo): missionsNotify2.png at (538, 124) delay=3s
2026-06-24 10:16:47 | INFO | my_functions.py:1472 | [INFO] Iniciando click_missions_blue2
2026-06-24 10:16:47 | INFO | my_functions.py:134 | Haciendo click en la posición (150, 132)
2026-06-24 10:16:49 | INFO | my_functions.py:1475 | [ACTION] Click hecho en icono de calendario que me dirige a las misiones ordinarias
2026-06-24 10:16:49 | INFO | my_functions.py:169 | Searching bonus_challenge.png (timeout=0s)
2026-06-24 10:16:49 | INFO | my_functions.py:213 | 
⛔ Not found: bonus_challenge.png after 0.0s region=(0, 0, 765, 1038) confidence=0.8
2026-06-24 10:16:51 | INFO | my_functions.py:134 | Haciendo click en la posición (362, 493)
2026-06-24 10:16:52 | INFO | my_functions.py:1488 | [ACTION] Click 1/2 en misión azul
2026-06-24 10:16:53 | INFO | my_functions.py:134 | Haciendo click en la posición (362, 493)
2026-06-24 10:16:54 | INFO | my_functions.py:1488 | [ACTION] Click 2/2 en misión azul
2026-06-24 10:16:55 | INFO | my_functions.py:169 | Searching flechita_mission.PNG (timeout=0s)
2026-06-24 10:16:55 | INFO | my_functions.py:213 | 
⛔ Not found: flechita_mission.PNG after 0.0s region=(0, 0, 765, 1038) confidence=0.8
2026-06-24 10:16:55 | INFO | my_functions.py:247 | [DEBUG] Buscando en paralelo: ['weekly3.PNG'] | timeout=0s | confidence=0.8
2026-06-24 10:16:56 | INFO | my_functions.py:134 | Haciendo click en la posición (218, 266)
2026-06-24 10:16:57 | INFO | my_functions.py:269 | 🖱️ Click OK (En paralelo): weekly3.PNG at (218, 266) delay=0.1s
2026-06-24 10:16:58 | INFO | my_functions.py:247 | [DEBUG] Buscando en paralelo: ['claim!.PNG'] | timeout=0s | confidence=0.8
2026-06-24 10:16:59 | INFO | my_functions.py:134 | Haciendo click en la posición (381, 924)
2026-06-24 10:16:59 | INFO | my_functions.py:269 | 🖱️ Click OK (En paralelo): claim!.PNG at (381, 924) delay=0.2s
2026-06-24 10:17:00 | INFO | my_functions.py:247 | [DEBUG] Buscando en paralelo: ['claim_hover.PNG'] | timeout=0s | confidence=0.8
2026-06-24 10:17:01 | INFO | my_functions.py:134 | Haciendo click en la posición (383, 921)
2026-06-24 10:17:01 | INFO | my_functions.py:269 | 🖱️ Click OK (En paralelo): claim_hover.PNG at (383, 921) delay=0.2s
2026-06-24 10:17:02 | INFO | my_functions.py:247 | [DEBUG] Buscando en paralelo: ['claim!.PNG'] | timeout=0s | confidence=0.8
2026-06-24 10:17:03 | INFO | my_functions.py:281 | [DEBUG] Click skipped, ninguna de las imágenes se encontró en el intento.
2026-06-24 10:17:04 | INFO | my_functions.py:247 | [DEBUG] Buscando en paralelo: ['claim_hover.PNG'] | timeout=0s | confidence=0.8
2026-06-24 10:17:05 | INFO | my_functions.py:134 | Haciendo click en la posición (383, 921)
2026-06-24 10:17:05 | INFO | my_functions.py:269 | 🖱️ Click OK (En paralelo): claim_hover.PNG at (383, 921) delay=0.2s
2026-06-24 10:17:06 | INFO | my_functions.py:247 | [DEBUG] Buscando en paralelo: ['weekly3.PNG'] | timeout=0s | confidence=0.8
2026-06-24 10:17:07 | INFO | my_functions.py:281 | [DEBUG] Click skipped, ninguna de las imágenes se encontró en el intento.
2026-06-24 10:17:08 | INFO | my_functions.py:247 | [DEBUG] Buscando en paralelo: ['weekly3.PNG'] | timeout=0s | confidence=0.8
2026-06-24 10:17:09 | INFO | my_functions.py:281 | [DEBUG] Click skipped, ninguna de las imágenes se encontró en el intento.
2026-06-24 10:17:10 | INFO | my_functions.py:134 | Haciendo click en la posición (557, 64)
2026-06-24 10:17:11 | INFO | my_functions.py:247 | [DEBUG] Buscando en paralelo: ['cards_shop.PNG'] | timeout=20s | confidence=0.8
2026-06-24 10:17:14 | INFO | my_functions.py:134 | Haciendo click en la posición (568, 121)
2026-06-24 10:17:14 | INFO | my_functions.py:269 | 🖱️ Click OK (En paralelo): cards_shop.PNG at (568, 121) delay=1s
2026-06-24 10:17:15 | INFO | my_functions.py:247 | [DEBUG] Buscando en paralelo: ['token_icon.PNG'] | timeout=20s | confidence=0.8
2026-06-24 10:17:17 | INFO | my_functions.py:134 | Haciendo click en la posición (661, 171)
2026-06-24 10:17:17 | INFO | my_functions.py:269 | 🖱️ Click OK (En paralelo): token_icon.PNG at (661, 171) delay=1s
2026-06-24 10:17:20 | INFO | my_functions.py:247 | [DEBUG] Buscando en paralelo: ['claim!_token_3.PNG'] | timeout=4s | confidence=0.8
2026-06-24 10:17:25 | INFO | my_functions.py:281 | [DEBUG] Click skipped, ninguna de las imágenes se encontró en el intento.
2026-06-24 10:17:26 | INFO | my_functions.py:247 | [DEBUG] Buscando en paralelo: ['cards_shop.PNG'] | timeout=20s | confidence=0.8
2026-06-24 10:17:28 | INFO | my_functions.py:134 | Haciendo click en la posición (568, 122)
2026-06-24 10:17:28 | INFO | my_functions.py:269 | 🖱️ Click OK (En paralelo): cards_shop.PNG at (568, 122) delay=1s
2026-06-24 10:17:29 | INFO | my_functions.py:247 | [DEBUG] Buscando en paralelo: ['offers.PNG'] | timeout=20s | confidence=0.8
2026-06-24 10:17:31 | INFO | my_functions.py:134 | Haciendo click en la posición (197, 121)
2026-06-24 10:17:31 | INFO | my_functions.py:269 | 🖱️ Click OK (En paralelo): offers.PNG at (197, 121) delay=1s
2026-06-24 10:17:34 | INFO | my_functions.py:1356 | [INFO] Iniciando mejora de cartas
2026-06-24 10:17:34 | INFO | my_functions.py:247 | [DEBUG] Buscando en paralelo: ['upgrade_cards_icon.PNG'] | timeout=20s | confidence=0.8
2026-06-24 10:17:36 | INFO | my_functions.py:134 | Haciendo click en la posición (322, 170)
2026-06-24 10:17:37 | INFO | my_functions.py:269 | 🖱️ Click OK (En paralelo): upgrade_cards_icon.PNG at (322, 170) delay=1s
2026-06-24 10:17:38 | INFO | my_functions.py:1360 | [INFO] Abriendo icono de upgrade_cards
2026-06-24 10:17:39 | INFO | my_functions.py:1367 | [STEP] Mejorando carta 1
2026-06-24 10:17:39 | INFO | my_functions.py:1371 | [ACTION] Click en carta 1
2026-06-24 10:17:40 | INFO | my_functions.py:1376 | [ACTION] Click en botón upgrade
2026-06-24 10:17:47 | INFO | my_functions.py:169 | Searching aw_snap.png (timeout=3s)
2026-06-24 10:17:51 | INFO | my_functions.py:213 | 
⛔ Not found: aw_snap.png after 3.06s region=(0, 0, 765, 1038) confidence=0.8
2026-06-24 10:17:51 | INFO | my_functions.py:247 | [DEBUG] Buscando en paralelo: ['you_need_more_credits!.png'] | timeout=3s | confidence=0.8
2026-06-24 10:17:54 | INFO | my_functions.py:281 | [DEBUG] Click skipped, ninguna de las imágenes se encontró en el intento.
2026-06-24 10:18:00 | INFO | my_functions.py:1409 | [ACTION] Click para continuar a stage de nivel de coleccion
2026-06-24 10:18:05 | INFO | my_functions.py:142 | Presionando ESC (1/1)
2026-06-24 10:18:05 | INFO | my_functions.py:1417 | [ACTION] Saliendo de stage nivel de coleccion con ESC
2026-06-24 10:18:06 | INFO | my_functions.py:247 | [DEBUG] Buscando en paralelo: ['upgrade_cards_icon_selected.PNG'] | timeout=0s | confidence=0.8
2026-06-24 10:18:08 | INFO | my_functions.py:134 | Haciendo click en la posición (320, 173)
2026-06-24 10:18:09 | INFO | my_functions.py:269 | 🖱️ Click OK (En paralelo): upgrade_cards_icon_selected.PNG at (320, 173) delay=1s
2026-06-24 10:18:10 | INFO | my_functions.py:1429 | [INFO] Reabriendo icono de upgrade_cards
2026-06-24 10:18:11 | INFO | my_functions.py:1367 | [STEP] Mejorando carta 2
2026-06-24 10:18:11 | INFO | my_functions.py:1371 | [ACTION] Click en carta 2
2026-06-24 10:18:12 | INFO | my_functions.py:1376 | [ACTION] Click en botón upgrade
2026-06-24 10:18:19 | INFO | my_functions.py:169 | Searching aw_snap.png (timeout=3s)
2026-06-24 10:18:23 | INFO | my_functions.py:213 | 
⛔ Not found: aw_snap.png after 3.07s region=(0, 0, 765, 1038) confidence=0.8
2026-06-24 10:18:23 | INFO | my_functions.py:247 | [DEBUG] Buscando en paralelo: ['you_need_more_credits!.png'] | timeout=3s | confidence=0.8
2026-06-24 10:18:24 | INFO | my_functions.py:134 | Haciendo click en la posición (381, 345)
2026-06-24 10:18:24 | INFO | my_functions.py:269 | 🖱️ Click OK (En paralelo): you_need_more_credits!.png at (381, 345) delay=1s
2026-06-24 10:18:26 | INFO | my_functions.py:142 | Presionando ESC (1/2)
2026-06-24 10:18:26 | INFO | my_functions.py:142 | Presionando ESC (2/2)
2026-06-24 10:18:29 | INFO | my_functions.py:1435 | [INFO] Mejora de cartas completada ✅
2026-06-24 10:18:29 | INFO | my_functions.py:142 | Presionando ESC (1/1)
2026-06-24 10:18:29 | INFO | my_functions.py:247 | [DEBUG] Buscando en paralelo: ['white_x.png'] | timeout=2s | confidence=0.8
2026-06-24 10:18:32 | INFO | my_functions.py:281 | [DEBUG] Click skipped, ninguna de las imágenes se encontró en el intento.
2026-06-24 10:18:33 | INFO | each_eight_hours.py:46 | [10:18:33.614] [DEBUG] === INICIANDO FUNCIÓN collect_cl_rewards ===
2026-06-24 10:18:33 | INFO | each_eight_hours.py:46 | [10:18:33.644] [DEBUG] Haciendo click inicial en (387, 166)...
2026-06-24 10:18:33 | ERROR | each_eight_hours.py:292 | Unhandled exception occurred
Traceback (most recent call last):
  File "Z:\SHARED FILES VM\MS\each_eight_hours.py", line 283, in <module>
    collect_cl_rewards()
  File "Z:\SHARED FILES VM\MS\my_functions.py", line 1730, in collect_cl_rewards
    click_pos(387, 166)
  File "Z:\SHARED FILES VM\MS\my_functions.py", line 133, in click_pos
    x, y = pos
    ^^^^
TypeError: cannot unpack non-iterable int object
