2026-06-18 16:55:31 | INFO | each_eight_hours.py:36 | LOG FILE PATH: \\vmware-host\Shared Folders\SHARED FILES VM\MS\logs\each_eight_hours_2026-06-18_16-55-31.log
2026-06-18 16:55:31 | INFO | each_eight_hours.py:37 | Logger initialized
2026-06-18 16:55:31 | INFO | each_eight_hours.py:64 | Script initialized
2026-06-18 16:55:52 | INFO | each_eight_hours.py:105 | snap.exe terminated if it was running
2026-06-18 16:55:52 | INFO | my_functions.py:56 | ⏳ Esperando WebSocket de OBS...
2026-06-18 16:55:52 | INFO | baseclient.py:33 | Connecting with parameters: host='localhost' port=4455 password='' subs=0 timeout=None
2026-06-18 16:55:53 | INFO | reqs.py:23 | Successfully identified ReqClient with the server using RPC version:1
2026-06-18 16:55:53 | INFO | my_functions.py:62 | ✅ Conectado al OBS WebSocket
2026-06-18 16:55:53 | INFO | my_functions.py:78 | ⏹ Grabación ya estaba activa, deteniéndola...
2026-06-18 16:55:53 | INFO | baseclient.py:33 | Connecting with parameters: host='localhost' port=4455 password='' subs=0 timeout=None
2026-06-18 16:55:53 | INFO | reqs.py:23 | Successfully identified ReqClient with the server using RPC version:1
2026-06-18 16:55:53 | INFO | my_functions.py:93 | Record stopped.
2026-06-18 16:56:05 | INFO | my_functions.py:123 | Archivo renombrado a: C:\Users\Farm\Videos\my_functions_2026-06-18_16-56-05.mkv
2026-06-18 16:56:08 | INFO | my_functions.py:83 | 🎬 Nueva grabación iniciada
2026-06-18 16:56:08 | INFO | my_functions.py:1544 | ⏱ Esperando 0.1 segundos antes de empezar...
2026-06-18 16:56:08 | INFO | my_functions.py:1551 | 🔍 Esperando ventana que contenga alguna de: ['py', 'eight_hours'] (máx 20s)
2026-06-18 16:56:08 | INFO | my_functions.py:1563 | ✅ Ventana encontrada: 'each_eight_hours  - Acceso directo'
2026-06-18 16:56:08 | INFO | my_functions.py:1578 | ✅ Ventana seleccionada: 'each_eight_hours  - Acceso directo'
2026-06-18 16:56:10 | INFO | my_functions.py:1601 | 🔁 Reajuste #1...
2026-06-18 16:56:10 | INFO | my_functions.py:1608 | ✔ Verificación completa. Se hicieron 1 reajustes.
2026-06-18 16:56:10 | INFO | each_eight_hours.py:113 | Processing account: jeremy
2026-06-18 16:56:10 | INFO | my_functions.py:1544 | ⏱ Esperando 0.1 segundos antes de empezar...
2026-06-18 16:56:10 | INFO | my_functions.py:1551 | 🔍 Esperando ventana que contenga alguna de: ['SNAP'] (máx 20s)
2026-06-18 16:56:14 | INFO | my_functions.py:1563 | ✅ Ventana encontrada: 'SNAP'
2026-06-18 16:56:14 | INFO | my_functions.py:1578 | ✅ Ventana seleccionada: 'SNAP'
2026-06-18 16:56:16 | INFO | my_functions.py:1610 | ✔ Verificación completa. No hubo cambios después del primer ajuste.
2026-06-18 16:56:16 | INFO | my_functions.py:1205 | [DEBUG] Resizing SNAP window...
2026-06-18 16:56:16 | INFO | my_functions.py:1544 | ⏱ Esperando 0.1 segundos antes de empezar...
2026-06-18 16:56:16 | INFO | my_functions.py:1551 | 🔍 Esperando ventana que contenga alguna de: ['SNAP'] (máx 20s)
2026-06-18 16:56:16 | INFO | my_functions.py:1563 | ✅ Ventana encontrada: 'SNAP'
2026-06-18 16:56:16 | INFO | my_functions.py:1578 | ✅ Ventana seleccionada: 'SNAP'
2026-06-18 16:56:19 | INFO | my_functions.py:1610 | ✔ Verificación completa. No hubo cambios después del primer ajuste.
2026-06-18 16:56:19 | INFO | my_functions.py:247 | [DEBUG] Buscando en paralelo: ['small_submit.PNG', 'small_submit_hover.png', 'submit_hover_2.png', 'small_submit_hover_2.png'] | timeout=90s | confidence=0.8
2026-06-18 16:56:31 | INFO | my_functions.py:134 | Haciendo click en la posición (380, 642)
2026-06-18 16:56:31 | INFO | my_functions.py:269 | 🖱️ Click OK (En paralelo): small_submit.PNG at (380, 642) delay=0.2s
2026-06-18 16:56:34 | INFO | my_functions.py:247 | [DEBUG] Buscando en paralelo: ['small_submit.PNG', 'small_submit_hover.png', 'submit_hover_2.png', 'small_submit_hover_2.png'] | timeout=20s | confidence=0.8
2026-06-18 16:56:36 | INFO | my_functions.py:134 | Haciendo click en la posición (380, 721)
2026-06-18 16:56:36 | INFO | my_functions.py:269 | 🖱️ Click OK (En paralelo): small_submit.PNG at (380, 721) delay=0.2s
2026-06-18 16:56:37 | INFO | my_functions.py:1544 | ⏱ Esperando 0.1 segundos antes de empezar...
2026-06-18 16:56:37 | INFO | my_functions.py:1551 | 🔍 Esperando ventana que contenga alguna de: ['SNAP'] (máx 20s)
2026-06-18 16:56:37 | INFO | my_functions.py:1563 | ✅ Ventana encontrada: 'SNAP'
2026-06-18 16:56:37 | INFO | my_functions.py:1578 | ✅ Ventana seleccionada: 'SNAP'
2026-06-18 16:56:40 | INFO | my_functions.py:1610 | ✔ Verificación completa. No hubo cambios después del primer ajuste.
2026-06-18 16:56:40 | INFO | my_functions.py:169 | Searching please_sign.png (timeout=0s)
2026-06-18 16:56:41 | INFO | my_functions.py:213 | 
⛔ Not found: please_sign.png after 0.0s region=(0, 0, 765, 1038) confidence=0.8
2026-06-18 16:56:41 | INFO | my_functions.py:247 | [DEBUG] Buscando en paralelo: ['sign_in_with_google2.PNG'] | timeout=20s | confidence=0.8
2026-06-18 16:56:42 | INFO | my_functions.py:134 | Haciendo click en la posición (406, 957)
2026-06-18 16:56:42 | INFO | my_functions.py:269 | 🖱️ Click OK (En paralelo): sign_in_with_google2.PNG at (406, 957) delay=1s
2026-06-18 16:56:44 | INFO | my_functions.py:169 | Searching pagina_cargada.png (timeout=60s)
2026-06-18 16:56:54 | INFO | my_functions.py:199 | 
✅ Found: pagina_cargada.png pos=(79, 24) time=9.96s confidence=0.8
2026-06-18 16:56:54 | INFO | my_functions.py:247 | [DEBUG] Buscando en paralelo: ['jeremy.png'] | timeout=0s | confidence=0.8
2026-06-18 16:56:56 | INFO | my_functions.py:281 | [DEBUG] Click skipped, ninguna de las imágenes se encontró en el intento.
2026-06-18 16:56:58 | INFO | my_functions.py:247 | [DEBUG] Buscando en paralelo: ['jeremy.png'] | timeout=0s | confidence=0.8
2026-06-18 16:57:02 | INFO | my_functions.py:134 | Haciendo click en la posición (1143, 645)
2026-06-18 16:57:02 | INFO | my_functions.py:269 | 🖱️ Click OK (En paralelo): jeremy.png at (1143, 645) delay=3s
2026-06-18 16:57:04 | INFO | my_functions.py:169 | Searching marvelsnap_web.png (timeout=30s)
2026-06-18 16:57:08 | INFO | my_functions.py:199 | 
✅ Found: marvelsnap_web.png pos=(258, 80) time=3.83s confidence=0.7
2026-06-18 16:57:08 | INFO | my_functions.py:169 | Searching shop_unselected.PNG (timeout=0s)
2026-06-18 16:57:09 | INFO | my_functions.py:213 | 
⛔ Not found: shop_unselected.PNG after 0.0s region=(0, 0, 765, 1038) confidence=0.8
2026-06-18 16:57:09 | INFO | my_functions.py:247 | [DEBUG] Buscando en paralelo: ['super_premium.PNG'] | timeout=0s | confidence=0.8
2026-06-18 16:57:10 | INFO | my_functions.py:281 | [DEBUG] Click skipped, ninguna de las imágenes se encontró en el intento.
2026-06-18 16:57:11 | INFO | my_functions.py:247 | [DEBUG] Buscando en paralelo: ['maybe_later.PNG'] | timeout=0s | confidence=0.8
2026-06-18 16:57:11 | INFO | my_functions.py:281 | [DEBUG] Click skipped, ninguna de las imágenes se encontró en el intento.
2026-06-18 16:57:12 | INFO | my_functions.py:247 | [DEBUG] Buscando en paralelo: ['maybe_later2.PNG'] | timeout=0s | confidence=0.8
2026-06-18 16:57:13 | INFO | my_functions.py:281 | [DEBUG] Click skipped, ninguna de las imágenes se encontró en el intento.
2026-06-18 16:57:14 | INFO | my_functions.py:169 | Searching go_to_shop.PNG (timeout=0s)
2026-06-18 16:57:15 | INFO | my_functions.py:213 | 
⛔ Not found: go_to_shop.PNG after 0.0s region=(0, 0, 765, 1038) confidence=0.8
2026-06-18 16:57:15 | INFO | my_functions.py:247 | [DEBUG] Buscando en paralelo: ['14_days_of_winterverse.PNG'] | timeout=0s | confidence=0.8
2026-06-18 16:57:15 | INFO | my_functions.py:281 | [DEBUG] Click skipped, ninguna de las imágenes se encontró en el intento.
2026-06-18 16:57:16 | INFO | my_functions.py:169 | Searching welcome_back_calendar.PNG (timeout=0s)
2026-06-18 16:57:17 | INFO | my_functions.py:213 | 
⛔ Not found: welcome_back_calendar.PNG after 0.0s region=(0, 0, 765, 1038) confidence=0.8
2026-06-18 16:57:17 | INFO | my_functions.py:247 | [DEBUG] Buscando en paralelo: ['start_the_countdown.PNG'] | timeout=0s | confidence=0.8
2026-06-18 16:57:17 | INFO | my_functions.py:281 | [DEBUG] Click skipped, ninguna de las imágenes se encontró en el intento.
2026-06-18 16:57:18 | INFO | my_functions.py:247 | [DEBUG] Buscando en paralelo: ['event_has_ended_sanctum.PNG'] | timeout=0s | confidence=0.8
2026-06-18 16:57:19 | INFO | my_functions.py:281 | [DEBUG] Click skipped, ninguna de las imágenes se encontró en el intento.
2026-06-18 16:57:20 | INFO | my_functions.py:247 | [DEBUG] Buscando en paralelo: ['event_has_ended_teamclash.PNG'] | timeout=0s | confidence=0.8
2026-06-18 16:57:21 | INFO | my_functions.py:281 | [DEBUG] Click skipped, ninguna de las imágenes se encontró en el intento.
2026-06-18 16:57:22 | INFO | my_functions.py:247 | [DEBUG] Buscando en paralelo: ['image_part_of_event_grand_arena_finished.PNG'] | timeout=0s | confidence=0.8
2026-06-18 16:57:23 | INFO | my_functions.py:281 | [DEBUG] Click skipped, ninguna de las imágenes se encontró en el intento.
2026-06-18 16:57:24 | INFO | my_functions.py:169 | Searching 28_day_event_login_rewards.PNG (timeout=0s)
2026-06-18 16:57:24 | INFO | my_functions.py:213 | 
⛔ Not found: 28_day_event_login_rewards.PNG after 0.0s region=(0, 0, 765, 1038) confidence=0.8
2026-06-18 16:57:24 | INFO | my_functions.py:169 | Searching 7_day_event_login.PNG (timeout=0s)
2026-06-18 16:57:25 | INFO | my_functions.py:213 | 
⛔ Not found: 7_day_event_login.PNG after 0.0s region=(0, 0, 765, 1038) confidence=0.8
2026-06-18 16:57:25 | INFO | my_functions.py:169 | Searching 14_days_event.PNG (timeout=0s)
2026-06-18 16:57:25 | INFO | my_functions.py:213 | 
⛔ Not found: 14_days_event.PNG after 0.0s region=(0, 0, 765, 1038) confidence=0.8
2026-06-18 16:57:25 | INFO | my_functions.py:247 | [DEBUG] Buscando en paralelo: ['lets_go.PNG'] | timeout=0s | confidence=0.8
2026-06-18 16:57:26 | INFO | my_functions.py:281 | [DEBUG] Click skipped, ninguna de las imágenes se encontró en el intento.
2026-06-18 16:57:28 | INFO | my_functions.py:169 | Searching shop_unselected.PNG (timeout=0s)
2026-06-18 16:57:29 | INFO | my_functions.py:199 | 
✅ Found: shop_unselected.PNG pos=(88, 961) time=0.75s confidence=0.8
2026-06-18 16:57:37 | INFO | my_functions.py:169 | Searching shop_unselected.PNG (timeout=0s)
2026-06-18 16:57:38 | INFO | my_functions.py:199 | 
✅ Found: shop_unselected.PNG pos=(88, 961) time=0.75s confidence=0.8
2026-06-18 16:57:38 | INFO | my_functions.py:714 | Ya esta listo
2026-06-18 16:57:42 | INFO | my_functions.py:533 | AVAILABLE: 4
2026-06-18 16:57:42 | INFO | my_functions.py:247 | [DEBUG] Buscando en paralelo: ['nut.png'] | timeout=20s | confidence=0.8
2026-06-18 16:57:44 | INFO | my_functions.py:134 | Haciendo click en la posición (184, 78)
2026-06-18 16:57:44 | INFO | my_functions.py:269 | 🖱️ Click OK (En paralelo): nut.png at (184, 78) delay=1s
2026-06-18 16:57:45 | INFO | my_functions.py:247 | [DEBUG] Buscando en paralelo: ['graphics_quality.png'] | timeout=3s | confidence=0.8
2026-06-18 16:57:47 | INFO | my_functions.py:134 | Haciendo click en la posición (304, 644)
2026-06-18 16:57:47 | INFO | my_functions.py:269 | 🖱️ Click OK (En paralelo): graphics_quality.png at (304, 644) delay=1s
2026-06-18 16:57:49 | INFO | my_functions.py:247 | [DEBUG] Buscando en paralelo: ['sign_out.png'] | timeout=20s | confidence=0.8
2026-06-18 16:57:51 | INFO | my_functions.py:134 | Haciendo click en la posición (380, 796)
2026-06-18 16:57:51 | INFO | my_functions.py:269 | 🖱️ Click OK (En paralelo): sign_out.png at (380, 796) delay=1s
2026-06-18 16:57:53 | INFO | my_functions.py:247 | [DEBUG] Buscando en paralelo: ['sign_out_grande.png'] | timeout=20s | confidence=0.8
2026-06-18 16:57:54 | INFO | my_functions.py:134 | Haciendo click en la posición (359, 437)
2026-06-18 16:57:55 | INFO | my_functions.py:269 | 🖱️ Click OK (En paralelo): sign_out_grande.png at (359, 437) delay=1s
2026-06-18 16:57:56 | INFO | my_functions.py:247 | [DEBUG] Buscando en paralelo: ['sign_out2.png'] | timeout=20s | confidence=0.8
2026-06-18 16:57:57 | INFO | my_functions.py:134 | Haciendo click en la posición (383, 634)
2026-06-18 16:57:58 | INFO | my_functions.py:269 | 🖱️ Click OK (En paralelo): sign_out2.png at (383, 634) delay=1s
2026-06-18 16:57:59 | INFO | my_functions.py:1544 | ⏱ Esperando 0.1 segundos antes de empezar...
2026-06-18 16:57:59 | INFO | my_functions.py:1551 | 🔍 Esperando ventana que contenga alguna de: SNAP (máx 20s)
2026-06-18 16:57:59 | INFO | my_functions.py:1563 | ✅ Ventana encontrada: 'SNAP'
2026-06-18 16:57:59 | INFO | my_functions.py:1578 | ✅ Ventana seleccionada: 'SNAP'
2026-06-18 16:58:01 | INFO | my_functions.py:1601 | 🔁 Reajuste #1...
2026-06-18 16:58:03 | INFO | my_functions.py:1608 | ✔ Verificación completa. Se hicieron 1 reajustes.
2026-06-18 16:58:07 | INFO | each_eight_hours.py:113 | Processing account: john
2026-06-18 16:58:07 | INFO | my_functions.py:1544 | ⏱ Esperando 0.1 segundos antes de empezar...
2026-06-18 16:58:07 | INFO | my_functions.py:1551 | 🔍 Esperando ventana que contenga alguna de: ['SNAP'] (máx 20s)
2026-06-18 16:58:09 | INFO | my_functions.py:1563 | ✅ Ventana encontrada: 'SNAP'
2026-06-18 16:58:09 | INFO | my_functions.py:1578 | ✅ Ventana seleccionada: 'SNAP'
2026-06-18 16:58:12 | INFO | my_functions.py:1610 | ✔ Verificación completa. No hubo cambios después del primer ajuste.
2026-06-18 16:58:12 | INFO | my_functions.py:1205 | [DEBUG] Resizing SNAP window...
2026-06-18 16:58:12 | INFO | my_functions.py:1544 | ⏱ Esperando 0.1 segundos antes de empezar...
2026-06-18 16:58:12 | INFO | my_functions.py:1551 | 🔍 Esperando ventana que contenga alguna de: ['SNAP'] (máx 20s)
2026-06-18 16:58:12 | INFO | my_functions.py:1563 | ✅ Ventana encontrada: 'SNAP'
2026-06-18 16:58:12 | INFO | my_functions.py:1578 | ✅ Ventana seleccionada: 'SNAP'
2026-06-18 16:58:15 | INFO | my_functions.py:1610 | ✔ Verificación completa. No hubo cambios después del primer ajuste.
2026-06-18 16:58:15 | INFO | my_functions.py:247 | [DEBUG] Buscando en paralelo: ['small_submit.PNG', 'small_submit_hover.png', 'submit_hover_2.png', 'small_submit_hover_2.png'] | timeout=90s | confidence=0.8
2026-06-18 16:58:22 | INFO | my_functions.py:134 | Haciendo click en la posición (380, 642)
2026-06-18 16:58:23 | INFO | my_functions.py:269 | 🖱️ Click OK (En paralelo): small_submit.PNG at (380, 642) delay=0.2s
2026-06-18 16:58:26 | INFO | my_functions.py:247 | [DEBUG] Buscando en paralelo: ['small_submit.PNG', 'small_submit_hover.png', 'submit_hover_2.png', 'small_submit_hover_2.png'] | timeout=20s | confidence=0.8
2026-06-18 16:58:27 | INFO | my_functions.py:134 | Haciendo click en la posición (380, 721)
2026-06-18 16:58:28 | INFO | my_functions.py:269 | 🖱️ Click OK (En paralelo): small_submit.PNG at (380, 721) delay=0.2s
2026-06-18 16:58:29 | INFO | my_functions.py:1544 | ⏱ Esperando 0.1 segundos antes de empezar...
2026-06-18 16:58:29 | INFO | my_functions.py:1551 | 🔍 Esperando ventana que contenga alguna de: ['SNAP'] (máx 20s)
2026-06-18 16:58:29 | INFO | my_functions.py:1563 | ✅ Ventana encontrada: 'SNAP'
2026-06-18 16:58:29 | INFO | my_functions.py:1578 | ✅ Ventana seleccionada: 'SNAP'
2026-06-18 16:58:31 | INFO | my_functions.py:1601 | 🔁 Reajuste #1...
2026-06-18 16:58:32 | INFO | my_functions.py:1608 | ✔ Verificación completa. Se hicieron 1 reajustes.
2026-06-18 16:58:32 | INFO | my_functions.py:169 | Searching please_sign.png (timeout=0s)
2026-06-18 16:58:32 | INFO | my_functions.py:199 | 
✅ Found: please_sign.png pos=(383, 438) time=0.46s confidence=0.8
2026-06-18 16:58:32 | INFO | my_functions.py:247 | [DEBUG] Buscando en paralelo: ['ok_btn.png'] | timeout=20s | confidence=0.8
2026-06-18 16:58:34 | INFO | my_functions.py:134 | Haciendo click en la posición (382, 634)
2026-06-18 16:58:34 | INFO | my_functions.py:269 | 🖱️ Click OK (En paralelo): ok_btn.png at (382, 634) delay=1s
2026-06-18 16:58:35 | INFO | my_functions.py:247 | [DEBUG] Buscando en paralelo: ['small_submit.PNG', 'small_submit_hover.png', 'submit_hover_2.png', 'small_submit_hover_2.png'] | timeout=30s | confidence=0.8
2026-06-18 16:58:38 | INFO | my_functions.py:134 | Haciendo click en la posición (383, 643)
2026-06-18 16:58:38 | INFO | my_functions.py:269 | 🖱️ Click OK (En paralelo): small_submit_hover_2.png at (383, 643) delay=0.2s
2026-06-18 16:58:40 | INFO | my_functions.py:247 | [DEBUG] Buscando en paralelo: ['small_submit.PNG', 'small_submit_hover.png', 'submit_hover_2.png', 'small_submit_hover_2.png'] | timeout=20s | confidence=0.8
2026-06-18 16:58:41 | INFO | my_functions.py:134 | Haciendo click en la posición (380, 721)
2026-06-18 16:58:41 | INFO | my_functions.py:269 | 🖱️ Click OK (En paralelo): small_submit.PNG at (380, 721) delay=0.2s
2026-06-18 16:58:42 | INFO | my_functions.py:247 | [DEBUG] Buscando en paralelo: ['sign_in_with_google2.PNG'] | timeout=20s | confidence=0.8
2026-06-18 16:58:44 | INFO | my_functions.py:134 | Haciendo click en la posición (406, 957)
2026-06-18 16:58:44 | INFO | my_functions.py:269 | 🖱️ Click OK (En paralelo): sign_in_with_google2.PNG at (406, 957) delay=1s
2026-06-18 16:58:45 | INFO | my_functions.py:169 | Searching pagina_cargada.png (timeout=60s)
2026-06-18 16:58:51 | INFO | my_functions.py:199 | 
✅ Found: pagina_cargada.png pos=(70, 24) time=5.67s confidence=0.8
2026-06-18 16:58:51 | INFO | my_functions.py:247 | [DEBUG] Buscando en paralelo: ['john.png'] | timeout=0s | confidence=0.8
2026-06-18 16:58:55 | INFO | my_functions.py:134 | Haciendo click en la posición (1143, 619)
2026-06-18 16:58:55 | INFO | my_functions.py:269 | 🖱️ Click OK (En paralelo): john.png at (1143, 619) delay=3s
2026-06-18 16:58:56 | INFO | my_functions.py:169 | Searching marvelsnap_web.png (timeout=30s)
2026-06-18 16:59:02 | INFO | my_functions.py:199 | 
✅ Found: marvelsnap_web.png pos=(258, 80) time=5.93s confidence=0.7
2026-06-18 16:59:03 | INFO | my_functions.py:169 | Searching shop_unselected.PNG (timeout=0s)
2026-06-18 16:59:04 | INFO | my_functions.py:213 | 
⛔ Not found: shop_unselected.PNG after 0.0s region=(0, 0, 765, 1038) confidence=0.8
2026-06-18 16:59:04 | INFO | my_functions.py:247 | [DEBUG] Buscando en paralelo: ['super_premium.PNG'] | timeout=0s | confidence=0.8
2026-06-18 16:59:04 | INFO | my_functions.py:281 | [DEBUG] Click skipped, ninguna de las imágenes se encontró en el intento.
2026-06-18 16:59:05 | INFO | my_functions.py:247 | [DEBUG] Buscando en paralelo: ['maybe_later.PNG'] | timeout=0s | confidence=0.8
2026-06-18 16:59:06 | INFO | my_functions.py:281 | [DEBUG] Click skipped, ninguna de las imágenes se encontró en el intento.
2026-06-18 16:59:07 | INFO | my_functions.py:247 | [DEBUG] Buscando en paralelo: ['maybe_later2.PNG'] | timeout=0s | confidence=0.8
2026-06-18 16:59:08 | INFO | my_functions.py:281 | [DEBUG] Click skipped, ninguna de las imágenes se encontró en el intento.
2026-06-18 16:59:09 | INFO | my_functions.py:169 | Searching go_to_shop.PNG (timeout=0s)
2026-06-18 16:59:09 | INFO | my_functions.py:213 | 
⛔ Not found: go_to_shop.PNG after 0.0s region=(0, 0, 765, 1038) confidence=0.8
2026-06-18 16:59:09 | INFO | my_functions.py:247 | [DEBUG] Buscando en paralelo: ['14_days_of_winterverse.PNG'] | timeout=0s | confidence=0.8
2026-06-18 16:59:10 | INFO | my_functions.py:281 | [DEBUG] Click skipped, ninguna de las imágenes se encontró en el intento.
2026-06-18 16:59:11 | INFO | my_functions.py:169 | Searching welcome_back_calendar.PNG (timeout=0s)
2026-06-18 16:59:12 | INFO | my_functions.py:213 | 
⛔ Not found: welcome_back_calendar.PNG after 0.0s region=(0, 0, 765, 1038) confidence=0.8
2026-06-18 16:59:12 | INFO | my_functions.py:247 | [DEBUG] Buscando en paralelo: ['start_the_countdown.PNG'] | timeout=0s | confidence=0.8
2026-06-18 16:59:12 | INFO | my_functions.py:281 | [DEBUG] Click skipped, ninguna de las imágenes se encontró en el intento.
2026-06-18 16:59:13 | INFO | my_functions.py:247 | [DEBUG] Buscando en paralelo: ['event_has_ended_sanctum.PNG'] | timeout=0s | confidence=0.8
2026-06-18 16:59:14 | INFO | my_functions.py:281 | [DEBUG] Click skipped, ninguna de las imágenes se encontró en el intento.
2026-06-18 16:59:15 | INFO | my_functions.py:247 | [DEBUG] Buscando en paralelo: ['event_has_ended_teamclash.PNG'] | timeout=0s | confidence=0.8
2026-06-18 16:59:16 | INFO | my_functions.py:281 | [DEBUG] Click skipped, ninguna de las imágenes se encontró en el intento.
2026-06-18 16:59:17 | INFO | my_functions.py:247 | [DEBUG] Buscando en paralelo: ['image_part_of_event_grand_arena_finished.PNG'] | timeout=0s | confidence=0.8
2026-06-18 16:59:17 | INFO | my_functions.py:281 | [DEBUG] Click skipped, ninguna de las imágenes se encontró en el intento.
2026-06-18 16:59:18 | INFO | my_functions.py:169 | Searching 28_day_event_login_rewards.PNG (timeout=0s)
2026-06-18 16:59:19 | INFO | my_functions.py:213 | 
⛔ Not found: 28_day_event_login_rewards.PNG after 0.0s region=(0, 0, 765, 1038) confidence=0.8
2026-06-18 16:59:19 | INFO | my_functions.py:169 | Searching 7_day_event_login.PNG (timeout=0s)
2026-06-18 16:59:19 | INFO | my_functions.py:213 | 
⛔ Not found: 7_day_event_login.PNG after 0.0s region=(0, 0, 765, 1038) confidence=0.8
2026-06-18 16:59:19 | INFO | my_functions.py:169 | Searching 14_days_event.PNG (timeout=0s)
2026-06-18 16:59:20 | INFO | my_functions.py:213 | 
⛔ Not found: 14_days_event.PNG after 0.0s region=(0, 0, 765, 1038) confidence=0.8
2026-06-18 16:59:20 | INFO | my_functions.py:247 | [DEBUG] Buscando en paralelo: ['lets_go.PNG'] | timeout=0s | confidence=0.8
2026-06-18 16:59:20 | INFO | my_functions.py:281 | [DEBUG] Click skipped, ninguna de las imágenes se encontró en el intento.
2026-06-18 16:59:22 | INFO | my_functions.py:169 | Searching shop_unselected.PNG (timeout=0s)
2026-06-18 16:59:23 | INFO | my_functions.py:199 | 
✅ Found: shop_unselected.PNG pos=(88, 961) time=0.74s confidence=0.8
2026-06-18 16:59:31 | INFO | my_functions.py:169 | Searching shop_unselected.PNG (timeout=0s)
2026-06-18 16:59:32 | INFO | my_functions.py:199 | 
✅ Found: shop_unselected.PNG pos=(88, 961) time=0.72s confidence=0.8
2026-06-18 16:59:32 | INFO | my_functions.py:714 | Ya esta listo
2026-06-18 16:59:36 | INFO | my_functions.py:533 | AVAILABLE: 4
2026-06-18 16:59:36 | INFO | my_functions.py:247 | [DEBUG] Buscando en paralelo: ['nut.png'] | timeout=20s | confidence=0.8
2026-06-18 16:59:39 | INFO | my_functions.py:134 | Haciendo click en la posición (184, 78)
2026-06-18 16:59:39 | INFO | my_functions.py:269 | 🖱️ Click OK (En paralelo): nut.png at (184, 78) delay=1s
2026-06-18 16:59:40 | INFO | my_functions.py:247 | [DEBUG] Buscando en paralelo: ['graphics_quality.png'] | timeout=3s | confidence=0.8
2026-06-18 16:59:42 | INFO | my_functions.py:134 | Haciendo click en la posición (304, 644)
2026-06-18 16:59:42 | INFO | my_functions.py:269 | 🖱️ Click OK (En paralelo): graphics_quality.png at (304, 644) delay=1s
2026-06-18 16:59:44 | INFO | my_functions.py:247 | [DEBUG] Buscando en paralelo: ['sign_out.png'] | timeout=20s | confidence=0.8
2026-06-18 16:59:46 | INFO | my_functions.py:134 | Haciendo click en la posición (380, 796)
2026-06-18 16:59:46 | INFO | my_functions.py:269 | 🖱️ Click OK (En paralelo): sign_out.png at (380, 796) delay=1s
2026-06-18 16:59:48 | INFO | my_functions.py:247 | [DEBUG] Buscando en paralelo: ['sign_out_grande.png'] | timeout=20s | confidence=0.8
2026-06-18 16:59:50 | INFO | my_functions.py:134 | Haciendo click en la posición (359, 437)
2026-06-18 16:59:50 | INFO | my_functions.py:269 | 🖱️ Click OK (En paralelo): sign_out_grande.png at (359, 437) delay=1s
2026-06-18 16:59:51 | INFO | my_functions.py:247 | [DEBUG] Buscando en paralelo: ['sign_out2.png'] | timeout=20s | confidence=0.8
2026-06-18 16:59:53 | INFO | my_functions.py:134 | Haciendo click en la posición (383, 634)
2026-06-18 16:59:53 | INFO | my_functions.py:269 | 🖱️ Click OK (En paralelo): sign_out2.png at (383, 634) delay=1s
2026-06-18 16:59:54 | INFO | my_functions.py:1544 | ⏱ Esperando 0.1 segundos antes de empezar...
2026-06-18 16:59:54 | INFO | my_functions.py:1551 | 🔍 Esperando ventana que contenga alguna de: SNAP (máx 20s)
2026-06-18 16:59:54 | INFO | my_functions.py:1563 | ✅ Ventana encontrada: 'SNAP'
2026-06-18 16:59:54 | INFO | my_functions.py:1578 | ✅ Ventana seleccionada: 'SNAP'
2026-06-18 16:59:56 | INFO | my_functions.py:1601 | 🔁 Reajuste #1...
2026-06-18 16:59:58 | INFO | my_functions.py:1608 | ✔ Verificación completa. Se hicieron 1 reajustes.
2026-06-18 17:00:02 | INFO | each_eight_hours.py:113 | Processing account: robert
2026-06-18 17:00:02 | INFO | my_functions.py:1544 | ⏱ Esperando 0.1 segundos antes de empezar...
2026-06-18 17:00:03 | INFO | my_functions.py:1551 | 🔍 Esperando ventana que contenga alguna de: ['SNAP'] (máx 20s)
2026-06-18 17:00:05 | INFO | my_functions.py:1563 | ✅ Ventana encontrada: 'SNAP'
2026-06-18 17:00:05 | INFO | my_functions.py:1578 | ✅ Ventana seleccionada: 'SNAP'
2026-06-18 17:00:07 | INFO | my_functions.py:1610 | ✔ Verificación completa. No hubo cambios después del primer ajuste.
2026-06-18 17:00:07 | INFO | my_functions.py:1205 | [DEBUG] Resizing SNAP window...
2026-06-18 17:00:07 | INFO | my_functions.py:1544 | ⏱ Esperando 0.1 segundos antes de empezar...
2026-06-18 17:00:07 | INFO | my_functions.py:1551 | 🔍 Esperando ventana que contenga alguna de: ['SNAP'] (máx 20s)
2026-06-18 17:00:07 | INFO | my_functions.py:1563 | ✅ Ventana encontrada: 'SNAP'
2026-06-18 17:00:07 | INFO | my_functions.py:1578 | ✅ Ventana seleccionada: 'SNAP'
2026-06-18 17:00:10 | INFO | my_functions.py:1610 | ✔ Verificación completa. No hubo cambios después del primer ajuste.
2026-06-18 17:00:10 | INFO | my_functions.py:247 | [DEBUG] Buscando en paralelo: ['small_submit.PNG', 'small_submit_hover.png', 'submit_hover_2.png', 'small_submit_hover_2.png'] | timeout=90s | confidence=0.8
2026-06-18 17:00:18 | INFO | my_functions.py:134 | Haciendo click en la posición (380, 642)
2026-06-18 17:00:18 | INFO | my_functions.py:269 | 🖱️ Click OK (En paralelo): small_submit.PNG at (380, 642) delay=0.2s
2026-06-18 17:00:21 | INFO | my_functions.py:247 | [DEBUG] Buscando en paralelo: ['small_submit.PNG', 'small_submit_hover.png', 'submit_hover_2.png', 'small_submit_hover_2.png'] | timeout=20s | confidence=0.8
2026-06-18 17:00:23 | INFO | my_functions.py:134 | Haciendo click en la posición (380, 721)
2026-06-18 17:00:23 | INFO | my_functions.py:269 | 🖱️ Click OK (En paralelo): small_submit.PNG at (380, 721) delay=0.2s
2026-06-18 17:00:24 | INFO | my_functions.py:1544 | ⏱ Esperando 0.1 segundos antes de empezar...
2026-06-18 17:00:24 | INFO | my_functions.py:1551 | 🔍 Esperando ventana que contenga alguna de: ['SNAP'] (máx 20s)
2026-06-18 17:00:24 | INFO | my_functions.py:1563 | ✅ Ventana encontrada: 'SNAP'
2026-06-18 17:00:24 | INFO | my_functions.py:1578 | ✅ Ventana seleccionada: 'SNAP'
2026-06-18 17:00:26 | INFO | my_functions.py:1601 | 🔁 Reajuste #1...
2026-06-18 17:00:27 | INFO | my_functions.py:1608 | ✔ Verificación completa. Se hicieron 1 reajustes.
2026-06-18 17:00:27 | INFO | my_functions.py:169 | Searching please_sign.png (timeout=0s)
2026-06-18 17:00:28 | INFO | my_functions.py:199 | 
✅ Found: please_sign.png pos=(383, 438) time=0.48s confidence=0.8
2026-06-18 17:00:28 | INFO | my_functions.py:247 | [DEBUG] Buscando en paralelo: ['ok_btn.png'] | timeout=20s | confidence=0.8
2026-06-18 17:00:29 | INFO | my_functions.py:134 | Haciendo click en la posición (382, 634)
2026-06-18 17:00:30 | INFO | my_functions.py:269 | 🖱️ Click OK (En paralelo): ok_btn.png at (382, 634) delay=1s
2026-06-18 17:00:31 | INFO | my_functions.py:247 | [DEBUG] Buscando en paralelo: ['small_submit.PNG', 'small_submit_hover.png', 'submit_hover_2.png', 'small_submit_hover_2.png'] | timeout=30s | confidence=0.8
2026-06-18 17:00:34 | INFO | my_functions.py:134 | Haciendo click en la posición (383, 643)
2026-06-18 17:00:34 | INFO | my_functions.py:269 | 🖱️ Click OK (En paralelo): small_submit_hover_2.png at (383, 643) delay=0.2s
2026-06-18 17:00:35 | INFO | my_functions.py:247 | [DEBUG] Buscando en paralelo: ['small_submit.PNG', 'small_submit_hover.png', 'submit_hover_2.png', 'small_submit_hover_2.png'] | timeout=20s | confidence=0.8
2026-06-18 17:00:37 | INFO | my_functions.py:134 | Haciendo click en la posición (380, 721)
2026-06-18 17:00:37 | INFO | my_functions.py:269 | 🖱️ Click OK (En paralelo): small_submit.PNG at (380, 721) delay=0.2s
2026-06-18 17:00:38 | INFO | my_functions.py:247 | [DEBUG] Buscando en paralelo: ['sign_in_with_google2.PNG'] | timeout=20s | confidence=0.8
2026-06-18 17:00:39 | INFO | my_functions.py:134 | Haciendo click en la posición (406, 957)
2026-06-18 17:00:40 | INFO | my_functions.py:269 | 🖱️ Click OK (En paralelo): sign_in_with_google2.PNG at (406, 957) delay=1s
2026-06-18 17:00:41 | INFO | my_functions.py:169 | Searching pagina_cargada.png (timeout=60s)
2026-06-18 17:00:50 | INFO | my_functions.py:199 | 
✅ Found: pagina_cargada.png pos=(70, 24) time=9.02s confidence=0.8
2026-06-18 17:00:50 | INFO | my_functions.py:247 | [DEBUG] Buscando en paralelo: ['robert.png'] | timeout=0s | confidence=0.8
2026-06-18 17:00:54 | INFO | my_functions.py:134 | Haciendo click en la posición (1152, 794)
2026-06-18 17:00:54 | INFO | my_functions.py:269 | 🖱️ Click OK (En paralelo): robert.png at (1152, 794) delay=3s
2026-06-18 17:00:55 | INFO | my_functions.py:169 | Searching marvelsnap_web.png (timeout=30s)
2026-06-18 17:01:00 | INFO | my_functions.py:199 | 
✅ Found: marvelsnap_web.png pos=(258, 80) time=5.23s confidence=0.7
2026-06-18 17:01:01 | INFO | my_functions.py:169 | Searching shop_unselected.PNG (timeout=0s)
2026-06-18 17:01:02 | INFO | my_functions.py:213 | 
⛔ Not found: shop_unselected.PNG after 0.0s region=(0, 0, 765, 1038) confidence=0.8
2026-06-18 17:01:02 | INFO | my_functions.py:247 | [DEBUG] Buscando en paralelo: ['super_premium.PNG'] | timeout=0s | confidence=0.8
2026-06-18 17:01:02 | INFO | my_functions.py:281 | [DEBUG] Click skipped, ninguna de las imágenes se encontró en el intento.
2026-06-18 17:01:03 | INFO | my_functions.py:247 | [DEBUG] Buscando en paralelo: ['maybe_later.PNG'] | timeout=0s | confidence=0.8
2026-06-18 17:01:04 | INFO | my_functions.py:281 | [DEBUG] Click skipped, ninguna de las imágenes se encontró en el intento.
2026-06-18 17:01:05 | INFO | my_functions.py:247 | [DEBUG] Buscando en paralelo: ['maybe_later2.PNG'] | timeout=0s | confidence=0.8
2026-06-18 17:01:06 | INFO | my_functions.py:281 | [DEBUG] Click skipped, ninguna de las imágenes se encontró en el intento.
2026-06-18 17:01:07 | INFO | my_functions.py:169 | Searching go_to_shop.PNG (timeout=0s)
2026-06-18 17:01:07 | INFO | my_functions.py:213 | 
⛔ Not found: go_to_shop.PNG after 0.0s region=(0, 0, 765, 1038) confidence=0.8
2026-06-18 17:01:07 | INFO | my_functions.py:247 | [DEBUG] Buscando en paralelo: ['14_days_of_winterverse.PNG'] | timeout=0s | confidence=0.8
2026-06-18 17:01:08 | INFO | my_functions.py:281 | [DEBUG] Click skipped, ninguna de las imágenes se encontró en el intento.
2026-06-18 17:01:09 | INFO | my_functions.py:169 | Searching welcome_back_calendar.PNG (timeout=0s)
2026-06-18 17:01:09 | INFO | my_functions.py:213 | 
⛔ Not found: welcome_back_calendar.PNG after 0.0s region=(0, 0, 765, 1038) confidence=0.8
2026-06-18 17:01:09 | INFO | my_functions.py:247 | [DEBUG] Buscando en paralelo: ['start_the_countdown.PNG'] | timeout=0s | confidence=0.8
2026-06-18 17:01:10 | INFO | my_functions.py:281 | [DEBUG] Click skipped, ninguna de las imágenes se encontró en el intento.
2026-06-18 17:01:11 | INFO | my_functions.py:247 | [DEBUG] Buscando en paralelo: ['event_has_ended_sanctum.PNG'] | timeout=0s | confidence=0.8
2026-06-18 17:01:11 | INFO | my_functions.py:281 | [DEBUG] Click skipped, ninguna de las imágenes se encontró en el intento.
2026-06-18 17:01:12 | INFO | my_functions.py:247 | [DEBUG] Buscando en paralelo: ['event_has_ended_teamclash.PNG'] | timeout=0s | confidence=0.8
2026-06-18 17:01:13 | INFO | my_functions.py:281 | [DEBUG] Click skipped, ninguna de las imágenes se encontró en el intento.
2026-06-18 17:01:14 | INFO | my_functions.py:247 | [DEBUG] Buscando en paralelo: ['image_part_of_event_grand_arena_finished.PNG'] | timeout=0s | confidence=0.8
2026-06-18 17:01:15 | INFO | my_functions.py:281 | [DEBUG] Click skipped, ninguna de las imágenes se encontró en el intento.
2026-06-18 17:01:16 | INFO | my_functions.py:169 | Searching 28_day_event_login_rewards.PNG (timeout=0s)
2026-06-18 17:01:16 | INFO | my_functions.py:213 | 
⛔ Not found: 28_day_event_login_rewards.PNG after 0.0s region=(0, 0, 765, 1038) confidence=0.8
2026-06-18 17:01:16 | INFO | my_functions.py:169 | Searching 7_day_event_login.PNG (timeout=0s)
2026-06-18 17:01:17 | INFO | my_functions.py:213 | 
⛔ Not found: 7_day_event_login.PNG after 0.01s region=(0, 0, 765, 1038) confidence=0.8
2026-06-18 17:01:17 | INFO | my_functions.py:169 | Searching 14_days_event.PNG (timeout=0s)
2026-06-18 17:01:17 | INFO | my_functions.py:213 | 
⛔ Not found: 14_days_event.PNG after 0.0s region=(0, 0, 765, 1038) confidence=0.8
2026-06-18 17:01:17 | INFO | my_functions.py:247 | [DEBUG] Buscando en paralelo: ['lets_go.PNG'] | timeout=0s | confidence=0.8
2026-06-18 17:01:18 | INFO | my_functions.py:281 | [DEBUG] Click skipped, ninguna de las imágenes se encontró en el intento.
2026-06-18 17:01:20 | INFO | my_functions.py:169 | Searching shop_unselected.PNG (timeout=0s)
2026-06-18 17:01:21 | INFO | my_functions.py:213 | 
⛔ Not found: shop_unselected.PNG after 0.0s region=(0, 0, 765, 1038) confidence=0.8
2026-06-18 17:01:21 | INFO | my_functions.py:247 | [DEBUG] Buscando en paralelo: ['super_premium.PNG'] | timeout=0s | confidence=0.8
2026-06-18 17:01:21 | INFO | my_functions.py:281 | [DEBUG] Click skipped, ninguna de las imágenes se encontró en el intento.
2026-06-18 17:01:22 | INFO | my_functions.py:247 | [DEBUG] Buscando en paralelo: ['maybe_later.PNG'] | timeout=0s | confidence=0.8
2026-06-18 17:01:23 | INFO | my_functions.py:281 | [DEBUG] Click skipped, ninguna de las imágenes se encontró en el intento.
2026-06-18 17:01:24 | INFO | my_functions.py:247 | [DEBUG] Buscando en paralelo: ['maybe_later2.PNG'] | timeout=0s | confidence=0.8
2026-06-18 17:01:25 | INFO | my_functions.py:281 | [DEBUG] Click skipped, ninguna de las imágenes se encontró en el intento.
2026-06-18 17:01:26 | INFO | my_functions.py:169 | Searching go_to_shop.PNG (timeout=0s)
2026-06-18 17:01:26 | INFO | my_functions.py:213 | 
⛔ Not found: go_to_shop.PNG after 0.0s region=(0, 0, 765, 1038) confidence=0.8
2026-06-18 17:01:26 | INFO | my_functions.py:247 | [DEBUG] Buscando en paralelo: ['14_days_of_winterverse.PNG'] | timeout=0s | confidence=0.8
2026-06-18 17:01:27 | INFO | my_functions.py:281 | [DEBUG] Click skipped, ninguna de las imágenes se encontró en el intento.
2026-06-18 17:01:28 | INFO | my_functions.py:169 | Searching welcome_back_calendar.PNG (timeout=0s)
2026-06-18 17:01:29 | INFO | my_functions.py:213 | 
⛔ Not found: welcome_back_calendar.PNG after 0.0s region=(0, 0, 765, 1038) confidence=0.8
2026-06-18 17:01:29 | INFO | my_functions.py:247 | [DEBUG] Buscando en paralelo: ['start_the_countdown.PNG'] | timeout=0s | confidence=0.8
2026-06-18 17:01:29 | INFO | my_functions.py:281 | [DEBUG] Click skipped, ninguna de las imágenes se encontró en el intento.
2026-06-18 17:01:30 | INFO | my_functions.py:247 | [DEBUG] Buscando en paralelo: ['event_has_ended_sanctum.PNG'] | timeout=0s | confidence=0.8
2026-06-18 17:01:31 | INFO | my_functions.py:281 | [DEBUG] Click skipped, ninguna de las imágenes se encontró en el intento.
2026-06-18 17:01:32 | INFO | my_functions.py:247 | [DEBUG] Buscando en paralelo: ['event_has_ended_teamclash.PNG'] | timeout=0s | confidence=0.8
2026-06-18 17:01:33 | INFO | my_functions.py:281 | [DEBUG] Click skipped, ninguna de las imágenes se encontró en el intento.
2026-06-18 17:01:34 | INFO | my_functions.py:247 | [DEBUG] Buscando en paralelo: ['image_part_of_event_grand_arena_finished.PNG'] | timeout=0s | confidence=0.8
2026-06-18 17:01:34 | INFO | my_functions.py:281 | [DEBUG] Click skipped, ninguna de las imágenes se encontró en el intento.
2026-06-18 17:01:35 | INFO | my_functions.py:169 | Searching 28_day_event_login_rewards.PNG (timeout=0s)
2026-06-18 17:01:36 | INFO | my_functions.py:213 | 
⛔ Not found: 28_day_event_login_rewards.PNG after 0.0s region=(0, 0, 765, 1038) confidence=0.8
2026-06-18 17:01:36 | INFO | my_functions.py:169 | Searching 7_day_event_login.PNG (timeout=0s)
2026-06-18 17:01:36 | INFO | my_functions.py:213 | 
⛔ Not found: 7_day_event_login.PNG after 0.0s region=(0, 0, 765, 1038) confidence=0.8
2026-06-18 17:01:36 | INFO | my_functions.py:169 | Searching 14_days_event.PNG (timeout=0s)
2026-06-18 17:01:37 | INFO | my_functions.py:213 | 
⛔ Not found: 14_days_event.PNG after 0.0s region=(0, 0, 765, 1038) confidence=0.8
2026-06-18 17:01:37 | INFO | my_functions.py:247 | [DEBUG] Buscando en paralelo: ['lets_go.PNG'] | timeout=0s | confidence=0.8
2026-06-18 17:01:37 | INFO | my_functions.py:281 | [DEBUG] Click skipped, ninguna de las imágenes se encontró en el intento.
2026-06-18 17:01:39 | INFO | my_functions.py:169 | Searching shop_unselected.PNG (timeout=0s)
2026-06-18 17:01:40 | INFO | my_functions.py:213 | 
⛔ Not found: shop_unselected.PNG after 0.0s region=(0, 0, 765, 1038) confidence=0.8
2026-06-18 17:01:40 | INFO | my_functions.py:247 | [DEBUG] Buscando en paralelo: ['super_premium.PNG'] | timeout=0s | confidence=0.8
2026-06-18 17:01:41 | INFO | my_functions.py:134 | Haciendo click en la posición (480, 777)
2026-06-18 17:01:42 | INFO | my_functions.py:269 | 🖱️ Click OK (En paralelo): super_premium.PNG at (480, 777) delay=1s
2026-06-18 17:01:43 | INFO | my_functions.py:142 | Presionando ESC (1/1)
2026-06-18 17:01:52 | INFO | my_functions.py:169 | Searching shop_unselected.PNG (timeout=0s)
2026-06-18 17:01:52 | INFO | my_functions.py:199 | 
✅ Found: shop_unselected.PNG pos=(88, 961) time=0.75s confidence=0.8
2026-06-18 17:01:52 | INFO | my_functions.py:714 | Ya esta listo
2026-06-18 17:01:56 | INFO | my_functions.py:533 | AVAILABLE: 4
2026-06-18 17:01:57 | INFO | my_functions.py:247 | [DEBUG] Buscando en paralelo: ['nut.png'] | timeout=20s | confidence=0.8
2026-06-18 17:01:58 | INFO | my_functions.py:134 | Haciendo click en la posición (184, 78)
2026-06-18 17:01:59 | INFO | my_functions.py:269 | 🖱️ Click OK (En paralelo): nut.png at (184, 78) delay=1s
2026-06-18 17:02:00 | INFO | my_functions.py:247 | [DEBUG] Buscando en paralelo: ['graphics_quality.png'] | timeout=3s | confidence=0.8
2026-06-18 17:02:01 | INFO | my_functions.py:134 | Haciendo click en la posición (304, 644)
2026-06-18 17:02:01 | INFO | my_functions.py:269 | 🖱️ Click OK (En paralelo): graphics_quality.png at (304, 644) delay=1s
2026-06-18 17:02:04 | INFO | my_functions.py:247 | [DEBUG] Buscando en paralelo: ['sign_out.png'] | timeout=20s | confidence=0.8
2026-06-18 17:02:05 | INFO | my_functions.py:134 | Haciendo click en la posición (380, 796)
2026-06-18 17:02:05 | INFO | my_functions.py:269 | 🖱️ Click OK (En paralelo): sign_out.png at (380, 796) delay=1s
2026-06-18 17:02:07 | INFO | my_functions.py:247 | [DEBUG] Buscando en paralelo: ['sign_out_grande.png'] | timeout=20s | confidence=0.8
2026-06-18 17:02:09 | INFO | my_functions.py:134 | Haciendo click en la posición (359, 437)
2026-06-18 17:02:09 | INFO | my_functions.py:269 | 🖱️ Click OK (En paralelo): sign_out_grande.png at (359, 437) delay=1s
2026-06-18 17:02:10 | INFO | my_functions.py:247 | [DEBUG] Buscando en paralelo: ['sign_out2.png'] | timeout=20s | confidence=0.8
2026-06-18 17:02:12 | INFO | my_functions.py:134 | Haciendo click en la posición (383, 634)
2026-06-18 17:02:12 | INFO | my_functions.py:269 | 🖱️ Click OK (En paralelo): sign_out2.png at (383, 634) delay=1s
2026-06-18 17:02:13 | INFO | my_functions.py:1544 | ⏱ Esperando 0.1 segundos antes de empezar...
2026-06-18 17:02:13 | INFO | my_functions.py:1551 | 🔍 Esperando ventana que contenga alguna de: SNAP (máx 20s)
2026-06-18 17:02:13 | INFO | my_functions.py:1563 | ✅ Ventana encontrada: 'SNAP'
2026-06-18 17:02:13 | INFO | my_functions.py:1578 | ✅ Ventana seleccionada: 'SNAP'
2026-06-18 17:02:15 | INFO | my_functions.py:1601 | 🔁 Reajuste #1...
2026-06-18 17:02:17 | INFO | my_functions.py:1608 | ✔ Verificación completa. Se hicieron 1 reajustes.
2026-06-18 17:02:22 | INFO | each_eight_hours.py:113 | Processing account: michael
2026-06-18 17:02:22 | INFO | my_functions.py:1544 | ⏱ Esperando 0.1 segundos antes de empezar...
2026-06-18 17:02:22 | INFO | my_functions.py:1551 | 🔍 Esperando ventana que contenga alguna de: ['SNAP'] (máx 20s)
2026-06-18 17:02:24 | INFO | my_functions.py:1563 | ✅ Ventana encontrada: 'SNAP'
2026-06-18 17:02:24 | INFO | my_functions.py:1578 | ✅ Ventana seleccionada: 'SNAP'
2026-06-18 17:02:26 | INFO | my_functions.py:1610 | ✔ Verificación completa. No hubo cambios después del primer ajuste.
2026-06-18 17:02:26 | INFO | my_functions.py:1205 | [DEBUG] Resizing SNAP window...
2026-06-18 17:02:26 | INFO | my_functions.py:1544 | ⏱ Esperando 0.1 segundos antes de empezar...
2026-06-18 17:02:26 | INFO | my_functions.py:1551 | 🔍 Esperando ventana que contenga alguna de: ['SNAP'] (máx 20s)
2026-06-18 17:02:26 | INFO | my_functions.py:1563 | ✅ Ventana encontrada: 'SNAP'
2026-06-18 17:02:26 | INFO | my_functions.py:1578 | ✅ Ventana seleccionada: 'SNAP'
2026-06-18 17:02:29 | INFO | my_functions.py:1610 | ✔ Verificación completa. No hubo cambios después del primer ajuste.
2026-06-18 17:02:29 | INFO | my_functions.py:247 | [DEBUG] Buscando en paralelo: ['small_submit.PNG', 'small_submit_hover.png', 'submit_hover_2.png', 'small_submit_hover_2.png'] | timeout=90s | confidence=0.8
2026-06-18 17:02:37 | INFO | my_functions.py:134 | Haciendo click en la posición (380, 642)
2026-06-18 17:02:37 | INFO | my_functions.py:269 | 🖱️ Click OK (En paralelo): small_submit.PNG at (380, 642) delay=0.2s
2026-06-18 17:02:40 | INFO | my_functions.py:247 | [DEBUG] Buscando en paralelo: ['small_submit.PNG', 'small_submit_hover.png', 'submit_hover_2.png', 'small_submit_hover_2.png'] | timeout=20s | confidence=0.8
2026-06-18 17:02:42 | INFO | my_functions.py:134 | Haciendo click en la posición (380, 721)
2026-06-18 17:02:42 | INFO | my_functions.py:269 | 🖱️ Click OK (En paralelo): small_submit.PNG at (380, 721) delay=0.2s
2026-06-18 17:02:43 | INFO | my_functions.py:1544 | ⏱ Esperando 0.1 segundos antes de empezar...
2026-06-18 17:02:43 | INFO | my_functions.py:1551 | 🔍 Esperando ventana que contenga alguna de: ['SNAP'] (máx 20s)
2026-06-18 17:02:43 | INFO | my_functions.py:1563 | ✅ Ventana encontrada: 'SNAP'
2026-06-18 17:02:43 | INFO | my_functions.py:1578 | ✅ Ventana seleccionada: 'SNAP'
2026-06-18 17:02:45 | INFO | my_functions.py:1601 | 🔁 Reajuste #1...
2026-06-18 17:02:46 | INFO | my_functions.py:1608 | ✔ Verificación completa. Se hicieron 1 reajustes.
2026-06-18 17:02:46 | INFO | my_functions.py:169 | Searching please_sign.png (timeout=0s)
2026-06-18 17:02:47 | INFO | my_functions.py:199 | 
✅ Found: please_sign.png pos=(383, 438) time=0.48s confidence=0.8
2026-06-18 17:02:47 | INFO | my_functions.py:247 | [DEBUG] Buscando en paralelo: ['ok_btn.png'] | timeout=20s | confidence=0.8
2026-06-18 17:02:49 | INFO | my_functions.py:134 | Haciendo click en la posición (382, 634)
2026-06-18 17:02:49 | INFO | my_functions.py:269 | 🖱️ Click OK (En paralelo): ok_btn.png at (382, 634) delay=1s
2026-06-18 17:02:50 | INFO | my_functions.py:247 | [DEBUG] Buscando en paralelo: ['small_submit.PNG', 'small_submit_hover.png', 'submit_hover_2.png', 'small_submit_hover_2.png'] | timeout=30s | confidence=0.8
2026-06-18 17:02:53 | INFO | my_functions.py:134 | Haciendo click en la posición (383, 643)
2026-06-18 17:02:53 | INFO | my_functions.py:269 | 🖱️ Click OK (En paralelo): small_submit_hover_2.png at (383, 643) delay=0.2s
2026-06-18 17:02:54 | INFO | my_functions.py:247 | [DEBUG] Buscando en paralelo: ['small_submit.PNG', 'small_submit_hover.png', 'submit_hover_2.png', 'small_submit_hover_2.png'] | timeout=20s | confidence=0.8
2026-06-18 17:02:56 | INFO | my_functions.py:134 | Haciendo click en la posición (380, 721)
2026-06-18 17:02:56 | INFO | my_functions.py:269 | 🖱️ Click OK (En paralelo): small_submit.PNG at (380, 721) delay=0.2s
2026-06-18 17:02:57 | INFO | my_functions.py:247 | [DEBUG] Buscando en paralelo: ['sign_in_with_google2.PNG'] | timeout=20s | confidence=0.8
2026-06-18 17:02:59 | INFO | my_functions.py:134 | Haciendo click en la posición (406, 957)
2026-06-18 17:02:59 | INFO | my_functions.py:269 | 🖱️ Click OK (En paralelo): sign_in_with_google2.PNG at (406, 957) delay=1s
2026-06-18 17:03:00 | INFO | my_functions.py:169 | Searching pagina_cargada.png (timeout=60s)
2026-06-18 17:03:05 | INFO | my_functions.py:199 | 
✅ Found: pagina_cargada.png pos=(70, 24) time=5.11s confidence=0.8
2026-06-18 17:03:05 | INFO | my_functions.py:247 | [DEBUG] Buscando en paralelo: ['michael.png'] | timeout=0s | confidence=0.8
2026-06-18 17:03:09 | INFO | my_functions.py:134 | Haciendo click en la posición (1156, 878)
2026-06-18 17:03:09 | INFO | my_functions.py:269 | 🖱️ Click OK (En paralelo): michael.png at (1156, 878) delay=3s
2026-06-18 17:03:11 | INFO | my_functions.py:169 | Searching marvelsnap_web.png (timeout=30s)
2026-06-18 17:03:14 | INFO | my_functions.py:199 | 
✅ Found: marvelsnap_web.png pos=(258, 80) time=3.66s confidence=0.7
2026-06-18 17:03:14 | INFO | my_functions.py:169 | Searching shop_unselected.PNG (timeout=0s)
2026-06-18 17:03:15 | INFO | my_functions.py:213 | 
⛔ Not found: shop_unselected.PNG after 0.0s region=(0, 0, 765, 1038) confidence=0.8
2026-06-18 17:03:15 | INFO | my_functions.py:247 | [DEBUG] Buscando en paralelo: ['super_premium.PNG'] | timeout=0s | confidence=0.8
2026-06-18 17:03:16 | INFO | my_functions.py:281 | [DEBUG] Click skipped, ninguna de las imágenes se encontró en el intento.
2026-06-18 17:03:17 | INFO | my_functions.py:247 | [DEBUG] Buscando en paralelo: ['maybe_later.PNG'] | timeout=0s | confidence=0.8
2026-06-18 17:03:18 | INFO | my_functions.py:281 | [DEBUG] Click skipped, ninguna de las imágenes se encontró en el intento.
2026-06-18 17:03:19 | INFO | my_functions.py:247 | [DEBUG] Buscando en paralelo: ['maybe_later2.PNG'] | timeout=0s | confidence=0.8
2026-06-18 17:03:19 | INFO | my_functions.py:281 | [DEBUG] Click skipped, ninguna de las imágenes se encontró en el intento.
2026-06-18 17:03:20 | INFO | my_functions.py:169 | Searching go_to_shop.PNG (timeout=0s)
2026-06-18 17:03:21 | INFO | my_functions.py:213 | 
⛔ Not found: go_to_shop.PNG after 0.0s region=(0, 0, 765, 1038) confidence=0.8
2026-06-18 17:03:21 | INFO | my_functions.py:247 | [DEBUG] Buscando en paralelo: ['14_days_of_winterverse.PNG'] | timeout=0s | confidence=0.8
2026-06-18 17:03:22 | INFO | my_functions.py:281 | [DEBUG] Click skipped, ninguna de las imágenes se encontró en el intento.
2026-06-18 17:03:23 | INFO | my_functions.py:169 | Searching welcome_back_calendar.PNG (timeout=0s)
2026-06-18 17:03:23 | INFO | my_functions.py:213 | 
⛔ Not found: welcome_back_calendar.PNG after 0.0s region=(0, 0, 765, 1038) confidence=0.8
2026-06-18 17:03:23 | INFO | my_functions.py:247 | [DEBUG] Buscando en paralelo: ['start_the_countdown.PNG'] | timeout=0s | confidence=0.8
2026-06-18 17:03:24 | INFO | my_functions.py:281 | [DEBUG] Click skipped, ninguna de las imágenes se encontró en el intento.
2026-06-18 17:03:25 | INFO | my_functions.py:247 | [DEBUG] Buscando en paralelo: ['event_has_ended_sanctum.PNG'] | timeout=0s | confidence=0.8
2026-06-18 17:03:25 | INFO | my_functions.py:281 | [DEBUG] Click skipped, ninguna de las imágenes se encontró en el intento.
2026-06-18 17:03:26 | INFO | my_functions.py:247 | [DEBUG] Buscando en paralelo: ['event_has_ended_teamclash.PNG'] | timeout=0s | confidence=0.8
2026-06-18 17:03:27 | INFO | my_functions.py:281 | [DEBUG] Click skipped, ninguna de las imágenes se encontró en el intento.
2026-06-18 17:03:28 | INFO | my_functions.py:247 | [DEBUG] Buscando en paralelo: ['image_part_of_event_grand_arena_finished.PNG'] | timeout=0s | confidence=0.8
2026-06-18 17:03:29 | INFO | my_functions.py:281 | [DEBUG] Click skipped, ninguna de las imágenes se encontró en el intento.
2026-06-18 17:03:30 | INFO | my_functions.py:169 | Searching 28_day_event_login_rewards.PNG (timeout=0s)
2026-06-18 17:03:30 | INFO | my_functions.py:213 | 
⛔ Not found: 28_day_event_login_rewards.PNG after 0.0s region=(0, 0, 765, 1038) confidence=0.8
2026-06-18 17:03:30 | INFO | my_functions.py:169 | Searching 7_day_event_login.PNG (timeout=0s)
2026-06-18 17:03:31 | INFO | my_functions.py:213 | 
⛔ Not found: 7_day_event_login.PNG after 0.0s region=(0, 0, 765, 1038) confidence=0.8
2026-06-18 17:03:31 | INFO | my_functions.py:169 | Searching 14_days_event.PNG (timeout=0s)
2026-06-18 17:03:31 | INFO | my_functions.py:213 | 
⛔ Not found: 14_days_event.PNG after 0.0s region=(0, 0, 765, 1038) confidence=0.8
2026-06-18 17:03:31 | INFO | my_functions.py:247 | [DEBUG] Buscando en paralelo: ['lets_go.PNG'] | timeout=0s | confidence=0.8
2026-06-18 17:03:32 | INFO | my_functions.py:281 | [DEBUG] Click skipped, ninguna de las imágenes se encontró en el intento.
2026-06-18 17:03:34 | INFO | my_functions.py:169 | Searching shop_unselected.PNG (timeout=0s)
2026-06-18 17:03:35 | INFO | my_functions.py:213 | 
⛔ Not found: shop_unselected.PNG after 0.0s region=(0, 0, 765, 1038) confidence=0.8
2026-06-18 17:03:35 | INFO | my_functions.py:247 | [DEBUG] Buscando en paralelo: ['super_premium.PNG'] | timeout=0s | confidence=0.8
2026-06-18 17:03:35 | INFO | my_functions.py:281 | [DEBUG] Click skipped, ninguna de las imágenes se encontró en el intento.
2026-06-18 17:03:36 | INFO | my_functions.py:247 | [DEBUG] Buscando en paralelo: ['maybe_later.PNG'] | timeout=0s | confidence=0.8
2026-06-18 17:03:37 | INFO | my_functions.py:281 | [DEBUG] Click skipped, ninguna de las imágenes se encontró en el intento.
2026-06-18 17:03:38 | INFO | my_functions.py:247 | [DEBUG] Buscando en paralelo: ['maybe_later2.PNG'] | timeout=0s | confidence=0.8
2026-06-18 17:03:39 | INFO | my_functions.py:281 | [DEBUG] Click skipped, ninguna de las imágenes se encontró en el intento.
2026-06-18 17:03:40 | INFO | my_functions.py:169 | Searching go_to_shop.PNG (timeout=0s)
2026-06-18 17:03:41 | INFO | my_functions.py:199 | 
✅ Found: go_to_shop.PNG pos=(275, 827) time=0.51s confidence=0.8
2026-06-18 17:03:43 | INFO | my_functions.py:247 | [DEBUG] Buscando en paralelo: ['white_x.png'] | timeout=20s | confidence=0.8
2026-06-18 17:03:44 | INFO | my_functions.py:134 | Haciendo click en la posición (597, 113)
2026-06-18 17:03:45 | INFO | my_functions.py:269 | 🖱️ Click OK (En paralelo): white_x.png at (597, 113) delay=1s
2026-06-18 17:03:54 | INFO | my_functions.py:169 | Searching shop_unselected.PNG (timeout=0s)
2026-06-18 17:03:55 | INFO | my_functions.py:213 | 
⛔ Not found: shop_unselected.PNG after 0.0s region=(0, 0, 765, 1038) confidence=0.8
2026-06-18 17:03:56 | INFO | my_functions.py:169 | Searching shop_unselected.PNG (timeout=0s)
2026-06-18 17:03:57 | INFO | my_functions.py:213 | 
⛔ Not found: shop_unselected.PNG after 0.0s region=(0, 0, 765, 1038) confidence=0.8
2026-06-18 17:03:57 | INFO | my_functions.py:247 | [DEBUG] Buscando en paralelo: ['super_premium.PNG'] | timeout=0s | confidence=0.8
2026-06-18 17:03:58 | INFO | my_functions.py:134 | Haciendo click en la posición (480, 777)
2026-06-18 17:03:59 | INFO | my_functions.py:269 | 🖱️ Click OK (En paralelo): super_premium.PNG at (480, 777) delay=1s
2026-06-18 17:04:00 | INFO | my_functions.py:142 | Presionando ESC (1/1)
2026-06-18 17:04:08 | INFO | my_functions.py:169 | Searching shop_unselected.PNG (timeout=0s)
2026-06-18 17:04:09 | INFO | my_functions.py:199 | 
✅ Found: shop_unselected.PNG pos=(88, 961) time=0.75s confidence=0.8
2026-06-18 17:04:09 | INFO | my_functions.py:714 | Ya esta listo
2026-06-18 17:04:13 | INFO | my_functions.py:533 | AVAILABLE: 5
2026-06-18 17:04:13 | INFO | my_functions.py:555 | Misiones completadas: 0
2026-06-18 17:04:13 | INFO | my_functions.py:169 | Searching play.PNG (timeout=0s)
2026-06-18 17:04:14 | INFO | my_functions.py:199 | 
✅ Found: play.PNG pos=(384, 825) time=0.64s confidence=0.8
2026-06-18 17:04:14 | INFO | my_functions.py:1439 | [INFO] Click realizado donde se equipa el deck a jugar
2026-06-18 17:04:18 | INFO | my_functions.py:247 | [DEBUG] Buscando en paralelo: ['deck_666666.png'] | timeout=3s | confidence=0.8
2026-06-18 17:04:20 | INFO | my_functions.py:134 | Haciendo click en la posición (234, 702)
2026-06-18 17:04:20 | INFO | my_functions.py:269 | 🖱️ Click OK (En paralelo): deck_666666.png at (234, 702) delay=1s
2026-06-18 17:04:21 | INFO | my_functions.py:247 | [DEBUG] Buscando en paralelo: ['equip.png'] | timeout=3s | confidence=0.95
2026-06-18 17:04:23 | INFO | my_functions.py:134 | Haciendo click en la posición (548, 983)
2026-06-18 17:04:23 | INFO | my_functions.py:269 | 🖱️ Click OK (En paralelo): equip.png at (548, 983) delay=1s
2026-06-18 17:04:24 | INFO | each_eight_hours.py:134 | Deck selected: 6turns
2026-06-18 17:04:24 | INFO | my_functions.py:247 | [DEBUG] Buscando en paralelo: ['maybe_later.PNG'] | timeout=2s | confidence=0.8
2026-06-18 17:04:27 | INFO | my_functions.py:281 | [DEBUG] Click skipped, ninguna de las imágenes se encontró en el intento.
2026-06-18 17:04:28 | INFO | my_functions.py:247 | [DEBUG] Buscando en paralelo: ['maybe_later2.PNG'] | timeout=0.01s | confidence=0.8
2026-06-18 17:04:28 | INFO | my_functions.py:281 | [DEBUG] Click skipped, ninguna de las imágenes se encontró en el intento.
2026-06-18 17:04:30 | INFO | each_eight_hours.py:148 | Starting game loop 1
2026-06-18 17:04:30 | INFO | my_functions.py:247 | [DEBUG] Buscando en paralelo: ['play.PNG'] | timeout=20s | confidence=0.8
2026-06-18 17:04:33 | INFO | my_functions.py:134 | Haciendo click en la posición (384, 824)
2026-06-18 17:04:33 | INFO | my_functions.py:269 | 🖱️ Click OK (En paralelo): play.PNG at (384, 824) delay=3s
2026-06-18 17:05:03 | INFO | my_functions.py:199 | 
✅ Found: end_turn.PNG pos=(682, 945) time=0.67s confidence=0.8
2026-06-18 17:05:03 | INFO | my_functions.py:247 | [DEBUG] Buscando en paralelo: ['snap.PNG'] | timeout=0s | confidence=0.8
2026-06-18 17:05:05 | INFO | my_functions.py:134 | Haciendo click en la posición (386, 122)
2026-06-18 17:05:05 | INFO | my_functions.py:269 | 🖱️ Click OK (En paralelo): snap.PNG at (386, 122) delay=1s
2026-06-18 17:05:11 | INFO | my_functions.py:247 | [DEBUG] Buscando en paralelo: ['end_turn.PNG'] | timeout=0s | confidence=0.8
2026-06-18 17:05:13 | INFO | my_functions.py:134 | Haciendo click en la posición (682, 946)
2026-06-18 17:05:13 | INFO | my_functions.py:269 | 🖱️ Click OK (En paralelo): end_turn.PNG at (682, 946) delay=1s
2026-06-18 17:05:14 | INFO | each_eight_hours.py:165 | End turn executed
2026-06-18 17:05:31 | INFO | my_functions.py:199 | 
✅ Found: end_turn.PNG pos=(681, 945) time=0.65s confidence=0.8
2026-06-18 17:05:31 | INFO | my_functions.py:247 | [DEBUG] Buscando en paralelo: ['snap.PNG'] | timeout=0s | confidence=0.8
2026-06-18 17:05:32 | INFO | my_functions.py:281 | [DEBUG] Click skipped, ninguna de las imágenes se encontró en el intento.
2026-06-18 17:05:38 | INFO | my_functions.py:247 | [DEBUG] Buscando en paralelo: ['end_turn.PNG'] | timeout=0s | confidence=0.8
2026-06-18 17:05:39 | INFO | my_functions.py:134 | Haciendo click en la posición (682, 946)
2026-06-18 17:05:40 | INFO | my_functions.py:269 | 🖱️ Click OK (En paralelo): end_turn.PNG at (682, 946) delay=1s
2026-06-18 17:05:41 | INFO | each_eight_hours.py:165 | End turn executed
2026-06-18 17:05:57 | INFO | my_functions.py:199 | 
✅ Found: end_turn.PNG pos=(681, 945) time=0.68s confidence=0.8
2026-06-18 17:05:57 | INFO | my_functions.py:247 | [DEBUG] Buscando en paralelo: ['snap.PNG'] | timeout=0s | confidence=0.8
2026-06-18 17:05:58 | INFO | my_functions.py:281 | [DEBUG] Click skipped, ninguna de las imágenes se encontró en el intento.
2026-06-18 17:06:04 | INFO | my_functions.py:247 | [DEBUG] Buscando en paralelo: ['end_turn.PNG'] | timeout=0s | confidence=0.8
2026-06-18 17:06:06 | INFO | my_functions.py:134 | Haciendo click en la posición (682, 945)
2026-06-18 17:06:06 | INFO | my_functions.py:269 | 🖱️ Click OK (En paralelo): end_turn.PNG at (682, 945) delay=1s
2026-06-18 17:06:07 | INFO | each_eight_hours.py:165 | End turn executed
2026-06-18 17:06:18 | INFO | my_functions.py:199 | 
✅ Found: end_turn.PNG pos=(681, 945) time=0.68s confidence=0.8
2026-06-18 17:06:18 | INFO | my_functions.py:247 | [DEBUG] Buscando en paralelo: ['snap.PNG'] | timeout=0s | confidence=0.8
2026-06-18 17:06:18 | INFO | my_functions.py:281 | [DEBUG] Click skipped, ninguna de las imágenes se encontró en el intento.
2026-06-18 17:06:25 | INFO | my_functions.py:247 | [DEBUG] Buscando en paralelo: ['end_turn.PNG'] | timeout=0s | confidence=0.8
2026-06-18 17:06:27 | INFO | my_functions.py:134 | Haciendo click en la posición (682, 945)
2026-06-18 17:06:27 | INFO | my_functions.py:269 | 🖱️ Click OK (En paralelo): end_turn.PNG at (682, 945) delay=1s
2026-06-18 17:06:28 | INFO | each_eight_hours.py:165 | End turn executed
2026-06-18 17:06:32 | INFO | my_functions.py:199 | 
✅ Found: never_seen_before.png pos=(395, 141) time=0.5s confidence=0.8
2026-06-18 17:06:32 | WARNING | each_eight_hours.py:178 | Unknown popup handled
2026-06-18 17:06:45 | INFO | my_functions.py:199 | 
✅ Found: end_turn.PNG pos=(681, 945) time=0.66s confidence=0.8
2026-06-18 17:06:45 | INFO | my_functions.py:247 | [DEBUG] Buscando en paralelo: ['snap.PNG'] | timeout=0s | confidence=0.8
2026-06-18 17:06:46 | INFO | my_functions.py:281 | [DEBUG] Click skipped, ninguna de las imágenes se encontró en el intento.
2026-06-18 17:06:52 | INFO | my_functions.py:247 | [DEBUG] Buscando en paralelo: ['end_turn.PNG'] | timeout=0s | confidence=0.8
2026-06-18 17:06:54 | INFO | my_functions.py:134 | Haciendo click en la posición (682, 945)
2026-06-18 17:06:54 | INFO | my_functions.py:269 | 🖱️ Click OK (En paralelo): end_turn.PNG at (682, 945) delay=1s
2026-06-18 17:06:55 | INFO | each_eight_hours.py:165 | End turn executed
2026-06-18 17:07:15 | INFO | my_functions.py:199 | 
✅ Found: end_turn.PNG pos=(681, 945) time=0.66s confidence=0.8
2026-06-18 17:07:15 | INFO | my_functions.py:247 | [DEBUG] Buscando en paralelo: ['snap.PNG'] | timeout=0s | confidence=0.8
2026-06-18 17:07:15 | INFO | my_functions.py:281 | [DEBUG] Click skipped, ninguna de las imágenes se encontró en el intento.
2026-06-18 17:07:22 | INFO | my_functions.py:247 | [DEBUG] Buscando en paralelo: ['end_turn.PNG'] | timeout=0s | confidence=0.8
2026-06-18 17:07:23 | INFO | my_functions.py:134 | Haciendo click en la posición (682, 945)
2026-06-18 17:07:23 | INFO | my_functions.py:269 | 🖱️ Click OK (En paralelo): end_turn.PNG at (682, 945) delay=1s
2026-06-18 17:07:25 | INFO | each_eight_hours.py:165 | End turn executed
2026-06-18 17:07:47 | INFO | my_functions.py:199 | 
✅ Found: collect_rewards.PNG pos=(679, 957) time=0.8s confidence=0.8
2026-06-18 17:07:47 | INFO | each_eight_hours.py:204 | Rewards detected, exiting match
2026-06-18 17:07:47 | INFO | my_functions.py:247 | [DEBUG] Buscando en paralelo: ['collect_rewards.PNG'] | timeout=20s | confidence=0.8
2026-06-18 17:07:49 | INFO | my_functions.py:134 | Haciendo click en la posición (679, 957)
2026-06-18 17:07:49 | INFO | my_functions.py:269 | 🖱️ Click OK (En paralelo): collect_rewards.PNG at (679, 957) delay=1s
2026-06-18 17:07:50 | INFO | my_functions.py:247 | [DEBUG] Buscando en paralelo: ['next.PNG'] | timeout=20s | confidence=0.8
2026-06-18 17:07:56 | INFO | my_functions.py:134 | Haciendo click en la posición (677, 973)
2026-06-18 17:07:56 | INFO | my_functions.py:269 | 🖱️ Click OK (En paralelo): next.PNG at (677, 973) delay=1s
2026-06-18 17:07:59 | INFO | my_functions.py:533 | AVAILABLE: 5
2026-06-18 17:07:59 | INFO | each_eight_hours.py:271 | Submissions after match: 5
2026-06-18 17:07:59 | INFO | my_functions.py:555 | Misiones completadas: 1
2026-06-18 17:07:59 | INFO | each_eight_hours.py:279 | Submission condition met, breaking loop
2026-06-18 17:07:59 | INFO | my_functions.py:247 | [DEBUG] Buscando en paralelo: ['missionsNotify2.png'] | timeout=20s | confidence=0.8
2026-06-18 17:08:03 | INFO | my_functions.py:134 | Haciendo click en la posición (538, 124)
2026-06-18 17:08:03 | INFO | my_functions.py:269 | 🖱️ Click OK (En paralelo): missionsNotify2.png at (538, 124) delay=3s
2026-06-18 17:08:04 | INFO | my_functions.py:1469 | [INFO] Iniciando click_missions_blue2
2026-06-18 17:08:04 | INFO | my_functions.py:134 | Haciendo click en la posición (150, 132)
2026-06-18 17:08:05 | INFO | my_functions.py:1472 | [ACTION] Click hecho en icono de calendario que me dirige a las misiones ordinarias
2026-06-18 17:08:05 | INFO | my_functions.py:169 | Searching bonus_challenge.png (timeout=0s)
2026-06-18 17:08:06 | INFO | my_functions.py:213 | 
⛔ Not found: bonus_challenge.png after 0.0s region=(0, 0, 765, 1038) confidence=0.8
2026-06-18 17:08:08 | INFO | my_functions.py:134 | Haciendo click en la posición (362, 493)
2026-06-18 17:08:09 | INFO | my_functions.py:1485 | [ACTION] Click 1/1 en misión azul
2026-06-18 17:08:10 | INFO | my_functions.py:169 | Searching flechita_mission.PNG (timeout=0s)
2026-06-18 17:08:10 | INFO | my_functions.py:213 | 
⛔ Not found: flechita_mission.PNG after 0.0s region=(0, 0, 765, 1038) confidence=0.8
2026-06-18 17:08:10 | INFO | my_functions.py:247 | [DEBUG] Buscando en paralelo: ['weekly3.PNG'] | timeout=0s | confidence=0.8
2026-06-18 17:08:11 | INFO | my_functions.py:281 | [DEBUG] Click skipped, ninguna de las imágenes se encontró en el intento.
2026-06-18 17:08:12 | INFO | my_functions.py:247 | [DEBUG] Buscando en paralelo: ['weekly3.PNG'] | timeout=0s | confidence=0.8
2026-06-18 17:08:13 | INFO | my_functions.py:281 | [DEBUG] Click skipped, ninguna de las imágenes se encontró en el intento.
2026-06-18 17:08:14 | INFO | my_functions.py:134 | Haciendo click en la posición (557, 64)
2026-06-18 17:08:16 | INFO | my_functions.py:247 | [DEBUG] Buscando en paralelo: ['cards_shop.PNG'] | timeout=20s | confidence=0.8
2026-06-18 17:08:18 | INFO | my_functions.py:134 | Haciendo click en la posición (568, 121)
2026-06-18 17:08:19 | INFO | my_functions.py:269 | 🖱️ Click OK (En paralelo): cards_shop.PNG at (568, 121) delay=1s
2026-06-18 17:08:20 | INFO | my_functions.py:247 | [DEBUG] Buscando en paralelo: ['token_icon.PNG'] | timeout=20s | confidence=0.8
2026-06-18 17:08:22 | INFO | my_functions.py:134 | Haciendo click en la posición (531, 171)
2026-06-18 17:08:22 | INFO | my_functions.py:269 | 🖱️ Click OK (En paralelo): token_icon.PNG at (531, 171) delay=1s
2026-06-18 17:08:25 | INFO | my_functions.py:247 | [DEBUG] Buscando en paralelo: ['claim!_token_3.PNG'] | timeout=4s | confidence=0.8
2026-06-18 17:08:27 | INFO | my_functions.py:134 | Haciendo click en la posición (231, 573)
2026-06-18 17:08:27 | INFO | my_functions.py:269 | 🖱️ Click OK (En paralelo): claim!_token_3.PNG at (231, 573) delay=1s
2026-06-18 17:08:28 | INFO | my_functions.py:247 | [DEBUG] Buscando en paralelo: ['cards_shop.PNG'] | timeout=20s | confidence=0.8
2026-06-18 17:08:30 | INFO | my_functions.py:134 | Haciendo click en la posición (568, 122)
2026-06-18 17:08:30 | INFO | my_functions.py:269 | 🖱️ Click OK (En paralelo): cards_shop.PNG at (568, 122) delay=1s
2026-06-18 17:08:31 | INFO | my_functions.py:247 | [DEBUG] Buscando en paralelo: ['offers.PNG'] | timeout=20s | confidence=0.8
2026-06-18 17:08:33 | INFO | my_functions.py:134 | Haciendo click en la posición (197, 121)
2026-06-18 17:08:33 | INFO | my_functions.py:269 | 🖱️ Click OK (En paralelo): offers.PNG at (197, 121) delay=1s
2026-06-18 17:08:34 | INFO | my_functions.py:1353 | [INFO] Iniciando mejora de cartas
2026-06-18 17:08:34 | INFO | my_functions.py:247 | [DEBUG] Buscando en paralelo: ['upgrade_cards_icon.PNG'] | timeout=20s | confidence=0.8
2026-06-18 17:08:36 | INFO | my_functions.py:134 | Haciendo click en la posición (322, 170)
2026-06-18 17:08:37 | INFO | my_functions.py:269 | 🖱️ Click OK (En paralelo): upgrade_cards_icon.PNG at (322, 170) delay=1s
2026-06-18 17:08:38 | INFO | my_functions.py:1357 | [INFO] Abriendo icono de upgrade_cards
2026-06-18 17:08:39 | INFO | my_functions.py:1364 | [STEP] Mejorando carta 1
2026-06-18 17:08:39 | INFO | my_functions.py:1368 | [ACTION] Click en carta 1
2026-06-18 17:08:40 | INFO | my_functions.py:1373 | [ACTION] Click en botón upgrade
2026-06-18 17:08:47 | INFO | my_functions.py:169 | Searching aw_snap.png (timeout=3s)
2026-06-18 17:08:51 | INFO | my_functions.py:213 | 
⛔ Not found: aw_snap.png after 3.15s region=(0, 0, 765, 1038) confidence=0.8
2026-06-18 17:08:51 | INFO | my_functions.py:247 | [DEBUG] Buscando en paralelo: ['you_need_more_credits!.png'] | timeout=3s | confidence=0.8
2026-06-18 17:08:52 | INFO | my_functions.py:134 | Haciendo click en la posición (381, 345)
2026-06-18 17:08:52 | INFO | my_functions.py:269 | 🖱️ Click OK (En paralelo): you_need_more_credits!.png at (381, 345) delay=1s
2026-06-18 17:08:53 | INFO | my_functions.py:142 | Presionando ESC (1/2)
2026-06-18 17:08:54 | INFO | my_functions.py:142 | Presionando ESC (2/2)
2026-06-18 17:08:57 | INFO | my_functions.py:1432 | [INFO] Mejora de cartas completada ✅
2026-06-18 17:08:57 | INFO | my_functions.py:142 | Presionando ESC (1/1)
2026-06-18 17:08:57 | INFO | my_functions.py:247 | [DEBUG] Buscando en paralelo: ['white_x.png'] | timeout=2s | confidence=0.8
2026-06-18 17:09:00 | INFO | my_functions.py:281 | [DEBUG] Click skipped, ninguna de las imágenes se encontró en el intento.
2026-06-18 17:09:01 | INFO | my_functions.py:247 | [DEBUG] Buscando en paralelo: ['nut.png'] | timeout=20s | confidence=0.8
2026-06-18 17:09:03 | INFO | my_functions.py:134 | Haciendo click en la posición (184, 78)
2026-06-18 17:09:03 | INFO | my_functions.py:269 | 🖱️ Click OK (En paralelo): nut.png at (184, 78) delay=1s
2026-06-18 17:09:04 | INFO | my_functions.py:247 | [DEBUG] Buscando en paralelo: ['graphics_quality.png'] | timeout=3s | confidence=0.8
2026-06-18 17:09:06 | INFO | my_functions.py:134 | Haciendo click en la posición (304, 644)
2026-06-18 17:09:06 | INFO | my_functions.py:269 | 🖱️ Click OK (En paralelo): graphics_quality.png at (304, 644) delay=1s
2026-06-18 17:09:08 | INFO | my_functions.py:247 | [DEBUG] Buscando en paralelo: ['sign_out.png'] | timeout=20s | confidence=0.8
2026-06-18 17:09:10 | INFO | my_functions.py:134 | Haciendo click en la posición (380, 796)
2026-06-18 17:09:10 | INFO | my_functions.py:269 | 🖱️ Click OK (En paralelo): sign_out.png at (380, 796) delay=1s
2026-06-18 17:09:12 | INFO | my_functions.py:247 | [DEBUG] Buscando en paralelo: ['sign_out_grande.png'] | timeout=20s | confidence=0.8
2026-06-18 17:09:13 | INFO | my_functions.py:134 | Haciendo click en la posición (359, 437)
2026-06-18 17:09:14 | INFO | my_functions.py:269 | 🖱️ Click OK (En paralelo): sign_out_grande.png at (359, 437) delay=1s
2026-06-18 17:09:15 | INFO | my_functions.py:247 | [DEBUG] Buscando en paralelo: ['sign_out2.png'] | timeout=20s | confidence=0.8
2026-06-18 17:09:16 | INFO | my_functions.py:134 | Haciendo click en la posición (383, 634)
2026-06-18 17:09:17 | INFO | my_functions.py:269 | 🖱️ Click OK (En paralelo): sign_out2.png at (383, 634) delay=1s
2026-06-18 17:09:18 | INFO | my_functions.py:1544 | ⏱ Esperando 0.1 segundos antes de empezar...
2026-06-18 17:09:18 | INFO | my_functions.py:1551 | 🔍 Esperando ventana que contenga alguna de: SNAP (máx 20s)
2026-06-18 17:09:18 | INFO | my_functions.py:1563 | ✅ Ventana encontrada: 'SNAP'
2026-06-18 17:09:18 | INFO | my_functions.py:1578 | ✅ Ventana seleccionada: 'SNAP'
2026-06-18 17:09:20 | INFO | my_functions.py:1601 | 🔁 Reajuste #1...
2026-06-18 17:09:22 | INFO | my_functions.py:1608 | ✔ Verificación completa. Se hicieron 1 reajustes.
2026-06-18 17:09:26 | INFO | each_eight_hours.py:113 | Processing account: william
2026-06-18 17:09:26 | INFO | my_functions.py:1544 | ⏱ Esperando 0.1 segundos antes de empezar...
2026-06-18 17:09:26 | INFO | my_functions.py:1551 | 🔍 Esperando ventana que contenga alguna de: ['SNAP'] (máx 20s)
2026-06-18 17:09:29 | INFO | my_functions.py:1563 | ✅ Ventana encontrada: 'SNAP'
2026-06-18 17:09:29 | INFO | my_functions.py:1578 | ✅ Ventana seleccionada: 'SNAP'
2026-06-18 17:09:31 | INFO | my_functions.py:1610 | ✔ Verificación completa. No hubo cambios después del primer ajuste.
2026-06-18 17:09:31 | INFO | my_functions.py:1205 | [DEBUG] Resizing SNAP window...
2026-06-18 17:09:31 | INFO | my_functions.py:1544 | ⏱ Esperando 0.1 segundos antes de empezar...
2026-06-18 17:09:31 | INFO | my_functions.py:1551 | 🔍 Esperando ventana que contenga alguna de: ['SNAP'] (máx 20s)
2026-06-18 17:09:31 | INFO | my_functions.py:1563 | ✅ Ventana encontrada: 'SNAP'
2026-06-18 17:09:31 | INFO | my_functions.py:1578 | ✅ Ventana seleccionada: 'SNAP'
2026-06-18 17:09:34 | INFO | my_functions.py:1610 | ✔ Verificación completa. No hubo cambios después del primer ajuste.
2026-06-18 17:09:34 | INFO | my_functions.py:247 | [DEBUG] Buscando en paralelo: ['small_submit.PNG', 'small_submit_hover.png', 'submit_hover_2.png', 'small_submit_hover_2.png'] | timeout=90s | confidence=0.8
2026-06-18 17:09:42 | INFO | my_functions.py:134 | Haciendo click en la posición (380, 642)
2026-06-18 17:09:42 | INFO | my_functions.py:269 | 🖱️ Click OK (En paralelo): small_submit.PNG at (380, 642) delay=0.2s
2026-06-18 17:09:45 | INFO | my_functions.py:247 | [DEBUG] Buscando en paralelo: ['small_submit.PNG', 'small_submit_hover.png', 'submit_hover_2.png', 'small_submit_hover_2.png'] | timeout=20s | confidence=0.8
2026-06-18 17:09:47 | INFO | my_functions.py:134 | Haciendo click en la posición (380, 721)
2026-06-18 17:09:47 | INFO | my_functions.py:269 | 🖱️ Click OK (En paralelo): small_submit.PNG at (380, 721) delay=0.2s
2026-06-18 17:09:48 | INFO | my_functions.py:1544 | ⏱ Esperando 0.1 segundos antes de empezar...
2026-06-18 17:09:48 | INFO | my_functions.py:1551 | 🔍 Esperando ventana que contenga alguna de: ['SNAP'] (máx 20s)
2026-06-18 17:09:48 | INFO | my_functions.py:1563 | ✅ Ventana encontrada: 'SNAP'
2026-06-18 17:09:48 | INFO | my_functions.py:1578 | ✅ Ventana seleccionada: 'SNAP'
2026-06-18 17:09:50 | INFO | my_functions.py:1601 | 🔁 Reajuste #1...
2026-06-18 17:09:51 | INFO | my_functions.py:1608 | ✔ Verificación completa. Se hicieron 1 reajustes.
2026-06-18 17:09:51 | INFO | my_functions.py:169 | Searching please_sign.png (timeout=0s)
2026-06-18 17:09:52 | INFO | my_functions.py:199 | 
✅ Found: please_sign.png pos=(383, 438) time=0.46s confidence=0.8
2026-06-18 17:09:52 | INFO | my_functions.py:247 | [DEBUG] Buscando en paralelo: ['ok_btn.png'] | timeout=20s | confidence=0.8
2026-06-18 17:09:53 | INFO | my_functions.py:134 | Haciendo click en la posición (382, 634)
2026-06-18 17:09:54 | INFO | my_functions.py:269 | 🖱️ Click OK (En paralelo): ok_btn.png at (382, 634) delay=1s
2026-06-18 17:09:55 | INFO | my_functions.py:247 | [DEBUG] Buscando en paralelo: ['small_submit.PNG', 'small_submit_hover.png', 'submit_hover_2.png', 'small_submit_hover_2.png'] | timeout=30s | confidence=0.8
2026-06-18 17:09:58 | INFO | my_functions.py:134 | Haciendo click en la posición (383, 643)
2026-06-18 17:09:58 | INFO | my_functions.py:269 | 🖱️ Click OK (En paralelo): small_submit_hover_2.png at (383, 643) delay=0.2s
2026-06-18 17:09:59 | INFO | my_functions.py:247 | [DEBUG] Buscando en paralelo: ['small_submit.PNG', 'small_submit_hover.png', 'submit_hover_2.png', 'small_submit_hover_2.png'] | timeout=20s | confidence=0.8
2026-06-18 17:10:00 | INFO | my_functions.py:134 | Haciendo click en la posición (380, 721)
2026-06-18 17:10:01 | INFO | my_functions.py:269 | 🖱️ Click OK (En paralelo): small_submit.PNG at (380, 721) delay=0.2s
2026-06-18 17:10:02 | INFO | my_functions.py:247 | [DEBUG] Buscando en paralelo: ['sign_in_with_google2.PNG'] | timeout=20s | confidence=0.8
2026-06-18 17:10:03 | INFO | my_functions.py:134 | Haciendo click en la posición (406, 957)
2026-06-18 17:10:03 | INFO | my_functions.py:269 | 🖱️ Click OK (En paralelo): sign_in_with_google2.PNG at (406, 957) delay=1s
2026-06-18 17:10:04 | INFO | my_functions.py:169 | Searching pagina_cargada.png (timeout=60s)
2026-06-18 17:10:11 | INFO | my_functions.py:199 | 
✅ Found: pagina_cargada.png pos=(70, 24) time=6.4s confidence=0.8
2026-06-18 17:10:11 | INFO | my_functions.py:247 | [DEBUG] Buscando en paralelo: ['william.png'] | timeout=0s | confidence=0.8
2026-06-18 17:10:15 | INFO | my_functions.py:134 | Haciendo click en la posición (1150, 961)
2026-06-18 17:10:15 | INFO | my_functions.py:269 | 🖱️ Click OK (En paralelo): william.png at (1150, 961) delay=3s
2026-06-18 17:10:16 | INFO | my_functions.py:169 | Searching marvelsnap_web.png (timeout=30s)
2026-06-18 17:10:48 | INFO | my_functions.py:213 | 
⛔ Not found: marvelsnap_web.png after 30.62s region=(0, 0, 765, 1038) confidence=0.7
2026-06-18 17:10:48 | INFO | my_functions.py:169 | Searching shop_unselected.PNG (timeout=0s)
2026-06-18 17:10:48 | INFO | my_functions.py:213 | 
⛔ Not found: shop_unselected.PNG after 0.0s region=(0, 0, 765, 1038) confidence=0.8
2026-06-18 17:10:48 | INFO | my_functions.py:247 | [DEBUG] Buscando en paralelo: ['super_premium.PNG'] | timeout=0s | confidence=0.8
2026-06-18 17:10:49 | INFO | my_functions.py:281 | [DEBUG] Click skipped, ninguna de las imágenes se encontró en el intento.
2026-06-18 17:10:50 | INFO | my_functions.py:247 | [DEBUG] Buscando en paralelo: ['maybe_later.PNG'] | timeout=0s | confidence=0.8
2026-06-18 17:10:51 | INFO | my_functions.py:281 | [DEBUG] Click skipped, ninguna de las imágenes se encontró en el intento.
2026-06-18 17:10:52 | INFO | my_functions.py:247 | [DEBUG] Buscando en paralelo: ['maybe_later2.PNG'] | timeout=0s | confidence=0.8
2026-06-18 17:10:52 | INFO | my_functions.py:281 | [DEBUG] Click skipped, ninguna de las imágenes se encontró en el intento.
2026-06-18 17:10:53 | INFO | my_functions.py:169 | Searching go_to_shop.PNG (timeout=0s)
2026-06-18 17:10:54 | INFO | my_functions.py:213 | 
⛔ Not found: go_to_shop.PNG after 0.0s region=(0, 0, 765, 1038) confidence=0.8
2026-06-18 17:10:54 | INFO | my_functions.py:247 | [DEBUG] Buscando en paralelo: ['14_days_of_winterverse.PNG'] | timeout=0s | confidence=0.8
2026-06-18 17:10:54 | INFO | my_functions.py:281 | [DEBUG] Click skipped, ninguna de las imágenes se encontró en el intento.
2026-06-18 17:10:55 | INFO | my_functions.py:169 | Searching welcome_back_calendar.PNG (timeout=0s)
2026-06-18 17:10:56 | INFO | my_functions.py:213 | 
⛔ Not found: welcome_back_calendar.PNG after 0.0s region=(0, 0, 765, 1038) confidence=0.8
2026-06-18 17:10:56 | INFO | my_functions.py:247 | [DEBUG] Buscando en paralelo: ['start_the_countdown.PNG'] | timeout=0s | confidence=0.8
2026-06-18 17:10:56 | INFO | my_functions.py:281 | [DEBUG] Click skipped, ninguna de las imágenes se encontró en el intento.
2026-06-18 17:10:57 | INFO | my_functions.py:247 | [DEBUG] Buscando en paralelo: ['event_has_ended_sanctum.PNG'] | timeout=0s | confidence=0.8
2026-06-18 17:10:58 | INFO | my_functions.py:281 | [DEBUG] Click skipped, ninguna de las imágenes se encontró en el intento.
2026-06-18 17:10:59 | INFO | my_functions.py:247 | [DEBUG] Buscando en paralelo: ['event_has_ended_teamclash.PNG'] | timeout=0s | confidence=0.8
2026-06-18 17:11:00 | INFO | my_functions.py:281 | [DEBUG] Click skipped, ninguna de las imágenes se encontró en el intento.
2026-06-18 17:11:01 | INFO | my_functions.py:247 | [DEBUG] Buscando en paralelo: ['image_part_of_event_grand_arena_finished.PNG'] | timeout=0s | confidence=0.8
2026-06-18 17:11:01 | INFO | my_functions.py:281 | [DEBUG] Click skipped, ninguna de las imágenes se encontró en el intento.
2026-06-18 17:11:02 | INFO | my_functions.py:169 | Searching 28_day_event_login_rewards.PNG (timeout=0s)
2026-06-18 17:11:03 | INFO | my_functions.py:213 | 
⛔ Not found: 28_day_event_login_rewards.PNG after 0.0s region=(0, 0, 765, 1038) confidence=0.8
2026-06-18 17:11:03 | INFO | my_functions.py:169 | Searching 7_day_event_login.PNG (timeout=0s)
2026-06-18 17:11:03 | INFO | my_functions.py:213 | 
⛔ Not found: 7_day_event_login.PNG after 0.0s region=(0, 0, 765, 1038) confidence=0.8
2026-06-18 17:11:03 | INFO | my_functions.py:169 | Searching 14_days_event.PNG (timeout=0s)
2026-06-18 17:11:04 | INFO | my_functions.py:213 | 
⛔ Not found: 14_days_event.PNG after 0.0s region=(0, 0, 765, 1038) confidence=0.8
2026-06-18 17:11:04 | INFO | my_functions.py:247 | [DEBUG] Buscando en paralelo: ['lets_go.PNG'] | timeout=0s | confidence=0.8
2026-06-18 17:11:04 | INFO | my_functions.py:281 | [DEBUG] Click skipped, ninguna de las imágenes se encontró en el intento.
2026-06-18 17:11:06 | INFO | my_functions.py:169 | Searching shop_unselected.PNG (timeout=0s)
2026-06-18 17:11:07 | INFO | my_functions.py:213 | 
⛔ Not found: shop_unselected.PNG after 0.0s region=(0, 0, 765, 1038) confidence=0.8
2026-06-18 17:11:07 | INFO | my_functions.py:247 | [DEBUG] Buscando en paralelo: ['super_premium.PNG'] | timeout=0s | confidence=0.8
2026-06-18 17:11:07 | INFO | my_functions.py:281 | [DEBUG] Click skipped, ninguna de las imágenes se encontró en el intento.
2026-06-18 17:11:09 | INFO | my_functions.py:247 | [DEBUG] Buscando en paralelo: ['maybe_later.PNG'] | timeout=0s | confidence=0.8
2026-06-18 17:11:09 | INFO | my_functions.py:281 | [DEBUG] Click skipped, ninguna de las imágenes se encontró en el intento.
2026-06-18 17:11:10 | INFO | my_functions.py:247 | [DEBUG] Buscando en paralelo: ['maybe_later2.PNG'] | timeout=0s | confidence=0.8
2026-06-18 17:11:11 | INFO | my_functions.py:281 | [DEBUG] Click skipped, ninguna de las imágenes se encontró en el intento.
2026-06-18 17:11:12 | INFO | my_functions.py:169 | Searching go_to_shop.PNG (timeout=0s)
2026-06-18 17:11:12 | INFO | my_functions.py:213 | 
⛔ Not found: go_to_shop.PNG after 0.0s region=(0, 0, 765, 1038) confidence=0.8
2026-06-18 17:11:12 | INFO | my_functions.py:247 | [DEBUG] Buscando en paralelo: ['14_days_of_winterverse.PNG'] | timeout=0s | confidence=0.8
2026-06-18 17:11:13 | INFO | my_functions.py:281 | [DEBUG] Click skipped, ninguna de las imágenes se encontró en el intento.
2026-06-18 17:11:14 | INFO | my_functions.py:169 | Searching welcome_back_calendar.PNG (timeout=0s)
2026-06-18 17:11:14 | INFO | my_functions.py:213 | 
⛔ Not found: welcome_back_calendar.PNG after 0.0s region=(0, 0, 765, 1038) confidence=0.8
2026-06-18 17:11:14 | INFO | my_functions.py:247 | [DEBUG] Buscando en paralelo: ['start_the_countdown.PNG'] | timeout=0s | confidence=0.8
2026-06-18 17:11:15 | INFO | my_functions.py:281 | [DEBUG] Click skipped, ninguna de las imágenes se encontró en el intento.
2026-06-18 17:11:16 | INFO | my_functions.py:247 | [DEBUG] Buscando en paralelo: ['event_has_ended_sanctum.PNG'] | timeout=0s | confidence=0.8
2026-06-18 17:11:16 | INFO | my_functions.py:281 | [DEBUG] Click skipped, ninguna de las imágenes se encontró en el intento.
2026-06-18 17:11:18 | INFO | my_functions.py:247 | [DEBUG] Buscando en paralelo: ['event_has_ended_teamclash.PNG'] | timeout=0s | confidence=0.8
2026-06-18 17:11:18 | INFO | my_functions.py:281 | [DEBUG] Click skipped, ninguna de las imágenes se encontró en el intento.
2026-06-18 17:11:19 | INFO | my_functions.py:247 | [DEBUG] Buscando en paralelo: ['image_part_of_event_grand_arena_finished.PNG'] | timeout=0s | confidence=0.8
2026-06-18 17:11:20 | INFO | my_functions.py:281 | [DEBUG] Click skipped, ninguna de las imágenes se encontró en el intento.
2026-06-18 17:11:21 | INFO | my_functions.py:169 | Searching 28_day_event_login_rewards.PNG (timeout=0s)
2026-06-18 17:11:22 | INFO | my_functions.py:213 | 
⛔ Not found: 28_day_event_login_rewards.PNG after 0.44s region=(0, 0, 765, 1038) confidence=0.8
2026-06-18 17:11:22 | INFO | my_functions.py:169 | Searching 7_day_event_login.PNG (timeout=0s)
2026-06-18 17:11:22 | INFO | my_functions.py:213 | 
⛔ Not found: 7_day_event_login.PNG after 0.0s region=(0, 0, 765, 1038) confidence=0.8
2026-06-18 17:11:22 | INFO | my_functions.py:169 | Searching 14_days_event.PNG (timeout=0s)
2026-06-18 17:11:23 | INFO | my_functions.py:213 | 
⛔ Not found: 14_days_event.PNG after 0.01s region=(0, 0, 765, 1038) confidence=0.8
2026-06-18 17:11:23 | INFO | my_functions.py:247 | [DEBUG] Buscando en paralelo: ['lets_go.PNG'] | timeout=0s | confidence=0.8
2026-06-18 17:11:23 | INFO | my_functions.py:281 | [DEBUG] Click skipped, ninguna de las imágenes se encontró en el intento.
2026-06-18 17:11:25 | INFO | my_functions.py:169 | Searching shop_unselected.PNG (timeout=0s)
2026-06-18 17:11:26 | INFO | my_functions.py:213 | 
⛔ Not found: shop_unselected.PNG after 0.0s region=(0, 0, 765, 1038) confidence=0.8
2026-06-18 17:11:26 | INFO | my_functions.py:247 | [DEBUG] Buscando en paralelo: ['super_premium.PNG'] | timeout=0s | confidence=0.8
2026-06-18 17:11:26 | INFO | my_functions.py:281 | [DEBUG] Click skipped, ninguna de las imágenes se encontró en el intento.
2026-06-18 17:11:28 | INFO | my_functions.py:247 | [DEBUG] Buscando en paralelo: ['maybe_later.PNG'] | timeout=0s | confidence=0.8
2026-06-18 17:11:28 | INFO | my_functions.py:281 | [DEBUG] Click skipped, ninguna de las imágenes se encontró en el intento.
2026-06-18 17:11:29 | INFO | my_functions.py:247 | [DEBUG] Buscando en paralelo: ['maybe_later2.PNG'] | timeout=0s | confidence=0.8
2026-06-18 17:11:30 | INFO | my_functions.py:281 | [DEBUG] Click skipped, ninguna de las imágenes se encontró en el intento.
2026-06-18 17:11:31 | INFO | my_functions.py:169 | Searching go_to_shop.PNG (timeout=0s)
2026-06-18 17:11:31 | INFO | my_functions.py:213 | 
⛔ Not found: go_to_shop.PNG after 0.0s region=(0, 0, 765, 1038) confidence=0.8
2026-06-18 17:11:31 | INFO | my_functions.py:247 | [DEBUG] Buscando en paralelo: ['14_days_of_winterverse.PNG'] | timeout=0s | confidence=0.8
2026-06-18 17:11:32 | INFO | my_functions.py:281 | [DEBUG] Click skipped, ninguna de las imágenes se encontró en el intento.
2026-06-18 17:11:33 | INFO | my_functions.py:169 | Searching welcome_back_calendar.PNG (timeout=0s)
2026-06-18 17:11:33 | INFO | my_functions.py:213 | 
⛔ Not found: welcome_back_calendar.PNG after 0.0s region=(0, 0, 765, 1038) confidence=0.8
2026-06-18 17:11:33 | INFO | my_functions.py:247 | [DEBUG] Buscando en paralelo: ['start_the_countdown.PNG'] | timeout=0s | confidence=0.8
2026-06-18 17:11:34 | INFO | my_functions.py:281 | [DEBUG] Click skipped, ninguna de las imágenes se encontró en el intento.
2026-06-18 17:11:35 | INFO | my_functions.py:247 | [DEBUG] Buscando en paralelo: ['event_has_ended_sanctum.PNG'] | timeout=0s | confidence=0.8
2026-06-18 17:11:35 | INFO | my_functions.py:281 | [DEBUG] Click skipped, ninguna de las imágenes se encontró en el intento.
2026-06-18 17:11:36 | INFO | my_functions.py:247 | [DEBUG] Buscando en paralelo: ['event_has_ended_teamclash.PNG'] | timeout=0s | confidence=0.8
2026-06-18 17:11:37 | INFO | my_functions.py:281 | [DEBUG] Click skipped, ninguna de las imágenes se encontró en el intento.
2026-06-18 17:11:38 | INFO | my_functions.py:247 | [DEBUG] Buscando en paralelo: ['image_part_of_event_grand_arena_finished.PNG'] | timeout=0s | confidence=0.8
2026-06-18 17:11:39 | INFO | my_functions.py:281 | [DEBUG] Click skipped, ninguna de las imágenes se encontró en el intento.
2026-06-18 17:11:40 | INFO | my_functions.py:169 | Searching 28_day_event_login_rewards.PNG (timeout=0s)
2026-06-18 17:11:40 | INFO | my_functions.py:213 | 
⛔ Not found: 28_day_event_login_rewards.PNG after 0.0s region=(0, 0, 765, 1038) confidence=0.8
2026-06-18 17:11:40 | INFO | my_functions.py:169 | Searching 7_day_event_login.PNG (timeout=0s)
2026-06-18 17:11:41 | INFO | my_functions.py:213 | 
⛔ Not found: 7_day_event_login.PNG after 0.0s region=(0, 0, 765, 1038) confidence=0.8
2026-06-18 17:11:41 | INFO | my_functions.py:169 | Searching 14_days_event.PNG (timeout=0s)
2026-06-18 17:11:41 | INFO | my_functions.py:213 | 
⛔ Not found: 14_days_event.PNG after 0.0s region=(0, 0, 765, 1038) confidence=0.8
2026-06-18 17:11:41 | INFO | my_functions.py:247 | [DEBUG] Buscando en paralelo: ['lets_go.PNG'] | timeout=0s | confidence=0.8
2026-06-18 17:11:42 | INFO | my_functions.py:281 | [DEBUG] Click skipped, ninguna de las imágenes se encontró en el intento.
2026-06-18 17:11:44 | INFO | my_functions.py:169 | Searching shop_unselected.PNG (timeout=0s)
2026-06-18 17:11:44 | INFO | my_functions.py:213 | 
⛔ Not found: shop_unselected.PNG after 0.0s region=(0, 0, 765, 1038) confidence=0.8
2026-06-18 17:11:44 | INFO | my_functions.py:247 | [DEBUG] Buscando en paralelo: ['super_premium.PNG'] | timeout=0s | confidence=0.8
2026-06-18 17:11:45 | INFO | my_functions.py:281 | [DEBUG] Click skipped, ninguna de las imágenes se encontró en el intento.
2026-06-18 17:11:46 | INFO | my_functions.py:247 | [DEBUG] Buscando en paralelo: ['maybe_later.PNG'] | timeout=0s | confidence=0.8
2026-06-18 17:11:47 | INFO | my_functions.py:281 | [DEBUG] Click skipped, ninguna de las imágenes se encontró en el intento.
2026-06-18 17:11:48 | INFO | my_functions.py:247 | [DEBUG] Buscando en paralelo: ['maybe_later2.PNG'] | timeout=0s | confidence=0.8
2026-06-18 17:11:48 | INFO | my_functions.py:281 | [DEBUG] Click skipped, ninguna de las imágenes se encontró en el intento.
2026-06-18 17:11:49 | INFO | my_functions.py:169 | Searching go_to_shop.PNG (timeout=0s)
2026-06-18 17:11:50 | INFO | my_functions.py:213 | 
⛔ Not found: go_to_shop.PNG after 0.0s region=(0, 0, 765, 1038) confidence=0.8
2026-06-18 17:11:50 | INFO | my_functions.py:247 | [DEBUG] Buscando en paralelo: ['14_days_of_winterverse.PNG'] | timeout=0s | confidence=0.8
2026-06-18 17:11:50 | INFO | my_functions.py:281 | [DEBUG] Click skipped, ninguna de las imágenes se encontró en el intento.
2026-06-18 17:11:51 | INFO | my_functions.py:169 | Searching welcome_back_calendar.PNG (timeout=0s)
2026-06-18 17:11:52 | INFO | my_functions.py:213 | 
⛔ Not found: welcome_back_calendar.PNG after 0.0s region=(0, 0, 765, 1038) confidence=0.8
2026-06-18 17:11:52 | INFO | my_functions.py:247 | [DEBUG] Buscando en paralelo: ['start_the_countdown.PNG'] | timeout=0s | confidence=0.8
2026-06-18 17:11:52 | INFO | my_functions.py:281 | [DEBUG] Click skipped, ninguna de las imágenes se encontró en el intento.
2026-06-18 17:11:53 | INFO | my_functions.py:247 | [DEBUG] Buscando en paralelo: ['event_has_ended_sanctum.PNG'] | timeout=0s | confidence=0.8
2026-06-18 17:11:54 | INFO | my_functions.py:281 | [DEBUG] Click skipped, ninguna de las imágenes se encontró en el intento.
2026-06-18 17:11:55 | INFO | my_functions.py:247 | [DEBUG] Buscando en paralelo: ['event_has_ended_teamclash.PNG'] | timeout=0s | confidence=0.8
2026-06-18 17:11:56 | INFO | my_functions.py:281 | [DEBUG] Click skipped, ninguna de las imágenes se encontró en el intento.
2026-06-18 17:11:57 | INFO | my_functions.py:247 | [DEBUG] Buscando en paralelo: ['image_part_of_event_grand_arena_finished.PNG'] | timeout=0s | confidence=0.8
2026-06-18 17:11:57 | INFO | my_functions.py:281 | [DEBUG] Click skipped, ninguna de las imágenes se encontró en el intento.
2026-06-18 17:11:58 | INFO | my_functions.py:169 | Searching 28_day_event_login_rewards.PNG (timeout=0s)
2026-06-18 17:11:59 | INFO | my_functions.py:213 | 
⛔ Not found: 28_day_event_login_rewards.PNG after 0.46s region=(0, 0, 765, 1038) confidence=0.8
2026-06-18 17:11:59 | INFO | my_functions.py:169 | Searching 7_day_event_login.PNG (timeout=0s)
2026-06-18 17:12:00 | INFO | my_functions.py:213 | 
⛔ Not found: 7_day_event_login.PNG after 0.0s region=(0, 0, 765, 1038) confidence=0.8
2026-06-18 17:12:00 | INFO | my_functions.py:169 | Searching 14_days_event.PNG (timeout=0s)
2026-06-18 17:12:00 | INFO | my_functions.py:213 | 
⛔ Not found: 14_days_event.PNG after 0.0s region=(0, 0, 765, 1038) confidence=0.8
2026-06-18 17:12:00 | INFO | my_functions.py:247 | [DEBUG] Buscando en paralelo: ['lets_go.PNG'] | timeout=0s | confidence=0.8
2026-06-18 17:12:00 | INFO | my_functions.py:281 | [DEBUG] Click skipped, ninguna de las imágenes se encontró en el intento.
2026-06-18 17:12:03 | INFO | my_functions.py:169 | Searching shop_unselected.PNG (timeout=0s)
2026-06-18 17:12:03 | INFO | my_functions.py:213 | 
⛔ Not found: shop_unselected.PNG after 0.0s region=(0, 0, 765, 1038) confidence=0.8
2026-06-18 17:12:03 | INFO | my_functions.py:247 | [DEBUG] Buscando en paralelo: ['super_premium.PNG'] | timeout=0s | confidence=0.8
2026-06-18 17:12:04 | INFO | my_functions.py:281 | [DEBUG] Click skipped, ninguna de las imágenes se encontró en el intento.
2026-06-18 17:12:05 | INFO | my_functions.py:247 | [DEBUG] Buscando en paralelo: ['maybe_later.PNG'] | timeout=0s | confidence=0.8
2026-06-18 17:12:05 | INFO | my_functions.py:281 | [DEBUG] Click skipped, ninguna de las imágenes se encontró en el intento.
2026-06-18 17:12:06 | INFO | my_functions.py:247 | [DEBUG] Buscando en paralelo: ['maybe_later2.PNG'] | timeout=0s | confidence=0.8
2026-06-18 17:12:07 | INFO | my_functions.py:281 | [DEBUG] Click skipped, ninguna de las imágenes se encontró en el intento.
2026-06-18 17:12:08 | INFO | my_functions.py:169 | Searching go_to_shop.PNG (timeout=0s)
2026-06-18 17:12:09 | INFO | my_functions.py:213 | 
⛔ Not found: go_to_shop.PNG after 0.0s region=(0, 0, 765, 1038) confidence=0.8
2026-06-18 17:12:09 | INFO | my_functions.py:247 | [DEBUG] Buscando en paralelo: ['14_days_of_winterverse.PNG'] | timeout=0s | confidence=0.8
2026-06-18 17:12:09 | INFO | my_functions.py:281 | [DEBUG] Click skipped, ninguna de las imágenes se encontró en el intento.
2026-06-18 17:12:10 | INFO | my_functions.py:169 | Searching welcome_back_calendar.PNG (timeout=0s)
2026-06-18 17:12:11 | INFO | my_functions.py:213 | 
⛔ Not found: welcome_back_calendar.PNG after 0.0s region=(0, 0, 765, 1038) confidence=0.8
2026-06-18 17:12:11 | INFO | my_functions.py:247 | [DEBUG] Buscando en paralelo: ['start_the_countdown.PNG'] | timeout=0s | confidence=0.8
2026-06-18 17:12:11 | INFO | my_functions.py:281 | [DEBUG] Click skipped, ninguna de las imágenes se encontró en el intento.
2026-06-18 17:12:12 | INFO | my_functions.py:247 | [DEBUG] Buscando en paralelo: ['event_has_ended_sanctum.PNG'] | timeout=0s | confidence=0.8
2026-06-18 17:12:13 | INFO | my_functions.py:281 | [DEBUG] Click skipped, ninguna de las imágenes se encontró en el intento.
2026-06-18 17:12:14 | INFO | my_functions.py:247 | [DEBUG] Buscando en paralelo: ['event_has_ended_teamclash.PNG'] | timeout=0s | confidence=0.8
2026-06-18 17:12:14 | INFO | my_functions.py:281 | [DEBUG] Click skipped, ninguna de las imágenes se encontró en el intento.
2026-06-18 17:12:16 | INFO | my_functions.py:247 | [DEBUG] Buscando en paralelo: ['image_part_of_event_grand_arena_finished.PNG'] | timeout=0s | confidence=0.8
2026-06-18 17:12:16 | INFO | my_functions.py:281 | [DEBUG] Click skipped, ninguna de las imágenes se encontró en el intento.
2026-06-18 17:12:17 | INFO | my_functions.py:169 | Searching 28_day_event_login_rewards.PNG (timeout=0s)
2026-06-18 17:12:17 | INFO | my_functions.py:213 | 
⛔ Not found: 28_day_event_login_rewards.PNG after 0.0s region=(0, 0, 765, 1038) confidence=0.8
2026-06-18 17:12:17 | INFO | my_functions.py:169 | Searching 7_day_event_login.PNG (timeout=0s)
2026-06-18 17:12:18 | INFO | my_functions.py:213 | 
⛔ Not found: 7_day_event_login.PNG after 0.0s region=(0, 0, 765, 1038) confidence=0.8
2026-06-18 17:12:18 | INFO | my_functions.py:169 | Searching 14_days_event.PNG (timeout=0s)
2026-06-18 17:12:18 | INFO | my_functions.py:213 | 
⛔ Not found: 14_days_event.PNG after 0.0s region=(0, 0, 765, 1038) confidence=0.8
2026-06-18 17:12:18 | INFO | my_functions.py:247 | [DEBUG] Buscando en paralelo: ['lets_go.PNG'] | timeout=0s | confidence=0.8
2026-06-18 17:12:19 | INFO | my_functions.py:281 | [DEBUG] Click skipped, ninguna de las imágenes se encontró en el intento.
2026-06-18 17:12:25 | ERROR | each_eight_hours.py:291 | Unhandled exception occurred
Traceback (most recent call last):
  File "Z:\SHARED FILES VM\MS\each_eight_hours.py", line 120, in <module>
    submissions = count_available_submissions()
                  ^^^^^^^^^^^^^^^^^^^^^^^^^^^^^
  File "Z:\SHARED FILES VM\MS\my_functions.py", line 526, in count_available_submissions
    with open(file_path, 'r', encoding='utf-8-sig') as f:
         ^^^^^^^^^^^^^^^^^^^^^^^^^^^^^^^^^^^^^^^^^^
FileNotFoundError: [Errno 2] No such file or directory: 'C:\\Users\\Farm\\AppData\\LocalLow\\Second Dinner\\SNAP\\Standalone\\States\\nvprod\\MissionState.json'
