2026-06-03 04:16:20 | INFO | each_eight_hours copy.py:40 | LOG FILE PATH: \\vmware-host\Shared Folders\SHARED FILES VM\MS\logs\each_eight_hours copy_2026-06-03_04-16-20.log
2026-06-03 04:16:20 | INFO | each_eight_hours copy.py:41 | Logger initialized
2026-06-03 04:16:20 | INFO | each_eight_hours copy.py:68 | Script initialized
2026-06-03 04:16:23 | INFO | each_eight_hours copy.py:98 | snap.exe terminated if it was running
2026-06-03 04:16:23 | INFO | my_functions.py:57 | ⏳ Esperando WebSocket de OBS...
2026-06-03 04:16:23 | INFO | baseclient.py:33 | Connecting with parameters: host='localhost' port=4455 password='' subs=0 timeout=None
2026-06-03 04:16:23 | INFO | reqs.py:23 | Successfully identified ReqClient with the server using RPC version:1
2026-06-03 04:16:23 | INFO | my_functions.py:63 | ✅ Conectado al OBS WebSocket
2026-06-03 04:16:23 | INFO | my_functions.py:79 | ⏹ Grabación ya estaba activa, deteniéndola...
2026-06-03 04:16:23 | INFO | baseclient.py:33 | Connecting with parameters: host='localhost' port=4455 password='' subs=0 timeout=None
2026-06-03 04:16:23 | INFO | reqs.py:23 | Successfully identified ReqClient with the server using RPC version:1
2026-06-03 04:16:23 | INFO | my_functions.py:94 | Record stopped.
2026-06-03 04:16:35 | INFO | my_functions.py:124 | Archivo renombrado a: C:\Users\Farm\Videos\my_functions_2026-06-03_04-16-35.mkv
2026-06-03 04:16:38 | INFO | my_functions.py:84 | 🎬 Nueva grabación iniciada
2026-06-03 04:16:38 | INFO | my_functions.py:1294 | ⏱ Esperando 0.1 segundos antes de empezar...
2026-06-03 04:16:38 | INFO | my_functions.py:1301 | 🔍 Esperando ventana que contenga alguna de: ['py', 'eight_hours'] (máx 20s)
2026-06-03 04:16:38 | INFO | my_functions.py:1313 | ✅ Ventana encontrada: 'C:\Windows\py.exe'
2026-06-03 04:16:38 | INFO | my_functions.py:1328 | ✅ Ventana seleccionada: 'C:\Windows\py.exe'
2026-06-03 04:16:40 | INFO | my_functions.py:1351 | 🔁 Reajuste #1...
2026-06-03 04:16:40 | INFO | my_functions.py:1358 | ✔ Verificación completa. Se hicieron 1 reajustes.
2026-06-03 04:17:10 | INFO | my_functions.py:2124 | Starting Steam window scan
2026-06-03 04:17:10 | INFO | my_functions.py:2127 | Found window: 
2026-06-03 04:17:10 | INFO | my_functions.py:2127 | Found window: C:\Windows\py.exe
2026-06-03 04:17:10 | INFO | my_functions.py:2127 | Found window: MS
2026-06-03 04:17:10 | INFO | my_functions.py:2127 | Found window: 
2026-06-03 04:17:10 | INFO | my_functions.py:2127 | Found window: 
2026-06-03 04:17:10 | INFO | my_functions.py:2127 | Found window: 
2026-06-03 04:17:10 | INFO | my_functions.py:2127 | Found window: 
2026-06-03 04:17:10 | INFO | my_functions.py:2127 | Found window: Program Manager
2026-06-03 04:17:10 | INFO | each_eight_hours copy.py:112 | Processing account: jeremy
2026-06-03 04:17:10 | INFO | each_eight_hours copy.py:115 | Game relaunched for account
2026-06-03 04:17:10 | INFO | my_functions.py:1294 | ⏱ Esperando 0.1 segundos antes de empezar...
2026-06-03 04:17:10 | INFO | my_functions.py:1301 | 🔍 Esperando ventana que contenga alguna de: ['SNAP'] (máx 20s)
2026-06-03 04:17:13 | INFO | my_functions.py:1313 | ✅ Ventana encontrada: 'SNAP'
2026-06-03 04:17:13 | INFO | my_functions.py:1328 | ✅ Ventana seleccionada: 'SNAP'
2026-06-03 04:17:15 | INFO | my_functions.py:1351 | 🔁 Reajuste #1...
2026-06-03 04:17:17 | INFO | my_functions.py:1358 | ✔ Verificación completa. Se hicieron 1 reajustes.
2026-06-03 04:17:17 | INFO | my_functions.py:997 | [DEBUG] Resizing SNAP window...
2026-06-03 04:17:17 | INFO | my_functions.py:1294 | ⏱ Esperando 0.1 segundos antes de empezar...
2026-06-03 04:17:17 | INFO | my_functions.py:1301 | 🔍 Esperando ventana que contenga alguna de: ['SNAP'] (máx 20s)
2026-06-03 04:17:17 | INFO | my_functions.py:1313 | ✅ Ventana encontrada: 'SNAP'
2026-06-03 04:17:17 | INFO | my_functions.py:1328 | ✅ Ventana seleccionada: 'SNAP'
2026-06-03 04:17:20 | INFO | my_functions.py:1360 | ✔ Verificación completa. No hubo cambios después del primer ajuste.
2026-06-03 04:17:20 | INFO | my_functions.py:248 | [DEBUG] Buscando en paralelo: ['small_submit.PNG', 'small_submit_hover.png', 'submit_hover_2.png', 'small_submit_hover_2.png'] | timeout=90s | confidence=0.8
2026-06-03 04:17:22 | INFO | my_functions.py:135 | Haciendo click en la posición (383, 646)
2026-06-03 04:17:22 | INFO | my_functions.py:270 | 🖱️ Click OK (En paralelo): small_submit_hover_2.png at (383, 646) delay=0.2s
2026-06-03 04:17:25 | INFO | my_functions.py:248 | [DEBUG] Buscando en paralelo: ['small_submit.PNG', 'small_submit_hover.png', 'submit_hover_2.png', 'small_submit_hover_2.png'] | timeout=20s | confidence=0.8
2026-06-03 04:17:26 | INFO | my_functions.py:135 | Haciendo click en la posición (380, 721)
2026-06-03 04:17:26 | INFO | my_functions.py:270 | 🖱️ Click OK (En paralelo): small_submit.PNG at (380, 721) delay=0.2s
2026-06-03 04:17:27 | INFO | my_functions.py:1294 | ⏱ Esperando 0.1 segundos antes de empezar...
2026-06-03 04:17:27 | INFO | my_functions.py:1301 | 🔍 Esperando ventana que contenga alguna de: ['SNAP'] (máx 20s)
2026-06-03 04:17:27 | INFO | my_functions.py:1313 | ✅ Ventana encontrada: 'SNAP'
2026-06-03 04:17:27 | INFO | my_functions.py:1328 | ✅ Ventana seleccionada: 'SNAP'
2026-06-03 04:17:29 | INFO | my_functions.py:1351 | 🔁 Reajuste #1...
2026-06-03 04:17:30 | INFO | my_functions.py:1358 | ✔ Verificación completa. Se hicieron 1 reajustes.
2026-06-03 04:17:30 | INFO | my_functions.py:170 | Searching please_sign.png (timeout=0s)
2026-06-03 04:17:30 | INFO | my_functions.py:200 | 
✅ Found: please_sign.png pos=(383, 438) time=0.18s confidence=0.8
2026-06-03 04:17:30 | INFO | my_functions.py:248 | [DEBUG] Buscando en paralelo: ['ok_btn.png'] | timeout=20s | confidence=0.8
2026-06-03 04:17:32 | INFO | my_functions.py:135 | Haciendo click en la posición (382, 634)
2026-06-03 04:17:32 | INFO | my_functions.py:270 | 🖱️ Click OK (En paralelo): ok_btn.png at (382, 634) delay=1s
2026-06-03 04:17:33 | INFO | my_functions.py:248 | [DEBUG] Buscando en paralelo: ['small_submit.PNG', 'small_submit_hover.png', 'submit_hover_2.png', 'small_submit_hover_2.png'] | timeout=90s | confidence=0.8
2026-06-03 04:17:34 | INFO | my_functions.py:135 | Haciendo click en la posición (383, 643)
2026-06-03 04:17:34 | INFO | my_functions.py:270 | 🖱️ Click OK (En paralelo): small_submit_hover_2.png at (383, 643) delay=0.2s
2026-06-03 04:17:36 | INFO | my_functions.py:248 | [DEBUG] Buscando en paralelo: ['small_submit.PNG', 'small_submit_hover.png', 'submit_hover_2.png', 'small_submit_hover_2.png'] | timeout=20s | confidence=0.8
2026-06-03 04:17:36 | INFO | my_functions.py:135 | Haciendo click en la posición (380, 721)
2026-06-03 04:17:36 | INFO | my_functions.py:270 | 🖱️ Click OK (En paralelo): small_submit.PNG at (380, 721) delay=0.2s
2026-06-03 04:17:37 | INFO | my_functions.py:170 | Searching sign_in_with_google2.PNG (timeout=90s)
2026-06-03 04:17:38 | INFO | my_functions.py:200 | 
✅ Found: sign_in_with_google2.PNG pos=(406, 957) time=0.16s confidence=0.8
2026-06-03 04:17:38 | INFO | my_functions.py:248 | [DEBUG] Buscando en paralelo: ['sign_in_with_google2.PNG'] | timeout=20s | confidence=0.8
2026-06-03 04:17:39 | INFO | my_functions.py:135 | Haciendo click en la posición (406, 957)
2026-06-03 04:17:39 | INFO | my_functions.py:270 | 🖱️ Click OK (En paralelo): sign_in_with_google2.PNG at (406, 957) delay=1s
2026-06-03 04:17:40 | INFO | my_functions.py:248 | [DEBUG] Buscando en paralelo: ['jeremy.png'] | timeout=30s | confidence=0.8
2026-06-03 04:18:10 | INFO | my_functions.py:282 | [DEBUG] Click skipped, ninguna de las imágenes se encontró en el intento.
2026-06-03 04:18:12 | INFO | my_functions.py:248 | [DEBUG] Buscando en paralelo: ['jeremy.png'] | timeout=0s | confidence=0.8
2026-06-03 04:18:15 | INFO | my_functions.py:135 | Haciendo click en la posición (1143, 645)
2026-06-03 04:18:16 | INFO | my_functions.py:270 | 🖱️ Click OK (En paralelo): jeremy.png at (1143, 645) delay=3s
2026-06-03 04:18:18 | INFO | my_functions.py:170 | Searching marvelsnap_web.png (timeout=30s)
2026-06-03 04:18:20 | INFO | my_functions.py:200 | 
✅ Found: marvelsnap_web.png pos=(258, 80) time=2.58s confidence=0.7
2026-06-03 04:18:21 | INFO | my_functions.py:170 | Searching shop_unselected.PNG (timeout=0s)
2026-06-03 04:18:21 | INFO | my_functions.py:214 | 
⛔ Not found: shop_unselected.PNG after 0.0s region=(0, 0, 765, 1038) confidence=0.8
2026-06-03 04:18:21 | INFO | my_functions.py:248 | [DEBUG] Buscando en paralelo: ['super_premium.PNG'] | timeout=0s | confidence=0.8
2026-06-03 04:18:21 | INFO | my_functions.py:282 | [DEBUG] Click skipped, ninguna de las imágenes se encontró en el intento.
2026-06-03 04:18:22 | INFO | my_functions.py:248 | [DEBUG] Buscando en paralelo: ['maybe_later.PNG'] | timeout=0s | confidence=0.8
2026-06-03 04:18:22 | INFO | my_functions.py:282 | [DEBUG] Click skipped, ninguna de las imágenes se encontró en el intento.
2026-06-03 04:18:24 | INFO | my_functions.py:248 | [DEBUG] Buscando en paralelo: ['maybe_later2.PNG'] | timeout=0s | confidence=0.8
2026-06-03 04:18:24 | INFO | my_functions.py:282 | [DEBUG] Click skipped, ninguna de las imágenes se encontró en el intento.
2026-06-03 04:18:25 | INFO | my_functions.py:170 | Searching go_to_shop.PNG (timeout=0s)
2026-06-03 04:18:25 | INFO | my_functions.py:214 | 
⛔ Not found: go_to_shop.PNG after 0.0s region=(0, 0, 765, 1038) confidence=0.8
2026-06-03 04:18:25 | INFO | my_functions.py:248 | [DEBUG] Buscando en paralelo: ['14_days_of_winterverse.PNG'] | timeout=0s | confidence=0.8
2026-06-03 04:18:25 | INFO | my_functions.py:282 | [DEBUG] Click skipped, ninguna de las imágenes se encontró en el intento.
2026-06-03 04:18:26 | INFO | my_functions.py:170 | Searching welcome_back_calendar.PNG (timeout=0s)
2026-06-03 04:18:27 | INFO | my_functions.py:214 | 
⛔ Not found: welcome_back_calendar.PNG after 0.0s region=(0, 0, 765, 1038) confidence=0.8
2026-06-03 04:18:27 | INFO | my_functions.py:248 | [DEBUG] Buscando en paralelo: ['start_the_countdown.PNG'] | timeout=0s | confidence=0.8
2026-06-03 04:18:27 | INFO | my_functions.py:282 | [DEBUG] Click skipped, ninguna de las imágenes se encontró en el intento.
2026-06-03 04:18:28 | INFO | my_functions.py:248 | [DEBUG] Buscando en paralelo: ['event_has_ended_sanctum.PNG'] | timeout=0s | confidence=0.8
2026-06-03 04:18:28 | INFO | my_functions.py:282 | [DEBUG] Click skipped, ninguna de las imágenes se encontró en el intento.
2026-06-03 04:18:29 | INFO | my_functions.py:248 | [DEBUG] Buscando en paralelo: ['image_part_of_event_grand_arena_finished.PNG'] | timeout=0s | confidence=0.8
2026-06-03 04:18:29 | INFO | my_functions.py:282 | [DEBUG] Click skipped, ninguna de las imágenes se encontró en el intento.
2026-06-03 04:18:30 | INFO | my_functions.py:170 | Searching 28_day_event_login_rewards.PNG (timeout=0s)
2026-06-03 04:18:31 | INFO | my_functions.py:214 | 
⛔ Not found: 28_day_event_login_rewards.PNG after 0.0s region=(0, 0, 765, 1038) confidence=0.8
2026-06-03 04:18:31 | INFO | my_functions.py:170 | Searching 7_day_event_login.PNG (timeout=0s)
2026-06-03 04:18:31 | INFO | my_functions.py:214 | 
⛔ Not found: 7_day_event_login.PNG after 0.0s region=(0, 0, 765, 1038) confidence=0.8
2026-06-03 04:18:31 | INFO | my_functions.py:170 | Searching 14_days_event.PNG (timeout=0s)
2026-06-03 04:18:31 | INFO | my_functions.py:214 | 
⛔ Not found: 14_days_event.PNG after 0.0s region=(0, 0, 765, 1038) confidence=0.8
2026-06-03 04:18:31 | INFO | my_functions.py:248 | [DEBUG] Buscando en paralelo: ['lets_go.PNG'] | timeout=0s | confidence=0.8
2026-06-03 04:18:31 | INFO | my_functions.py:282 | [DEBUG] Click skipped, ninguna de las imágenes se encontró en el intento.
2026-06-03 04:18:33 | INFO | my_functions.py:170 | Searching shop_unselected.PNG (timeout=0s)
2026-06-03 04:18:34 | INFO | my_functions.py:200 | 
✅ Found: shop_unselected.PNG pos=(88, 961) time=0.22s confidence=0.8
2026-06-03 04:18:42 | INFO | my_functions.py:170 | Searching shop_unselected.PNG (timeout=0s)
2026-06-03 04:18:42 | INFO | my_functions.py:214 | 
⛔ Not found: shop_unselected.PNG after 0.0s region=(0, 0, 765, 1038) confidence=0.8
2026-06-03 04:18:43 | INFO | my_functions.py:170 | Searching shop_unselected.PNG (timeout=0s)
2026-06-03 04:18:43 | INFO | my_functions.py:214 | 
⛔ Not found: shop_unselected.PNG after 0.0s region=(0, 0, 765, 1038) confidence=0.8
2026-06-03 04:18:43 | INFO | my_functions.py:248 | [DEBUG] Buscando en paralelo: ['super_premium.PNG'] | timeout=0s | confidence=0.8
2026-06-03 04:18:43 | INFO | my_functions.py:282 | [DEBUG] Click skipped, ninguna de las imágenes se encontró en el intento.
2026-06-03 04:18:44 | INFO | my_functions.py:248 | [DEBUG] Buscando en paralelo: ['maybe_later.PNG'] | timeout=0s | confidence=0.8
2026-06-03 04:18:44 | INFO | my_functions.py:282 | [DEBUG] Click skipped, ninguna de las imágenes se encontró en el intento.
2026-06-03 04:18:46 | INFO | my_functions.py:248 | [DEBUG] Buscando en paralelo: ['maybe_later2.PNG'] | timeout=0s | confidence=0.8
2026-06-03 04:18:46 | INFO | my_functions.py:282 | [DEBUG] Click skipped, ninguna de las imágenes se encontró en el intento.
2026-06-03 04:18:47 | INFO | my_functions.py:170 | Searching go_to_shop.PNG (timeout=0s)
2026-06-03 04:18:47 | INFO | my_functions.py:200 | 
✅ Found: go_to_shop.PNG pos=(275, 827) time=0.2s confidence=0.8
2026-06-03 04:18:49 | INFO | my_functions.py:248 | [DEBUG] Buscando en paralelo: ['white_x.png'] | timeout=20s | confidence=0.8
2026-06-03 04:18:50 | INFO | my_functions.py:135 | Haciendo click en la posición (597, 113)
2026-06-03 04:18:50 | INFO | my_functions.py:270 | 🖱️ Click OK (En paralelo): white_x.png at (597, 113) delay=1s
2026-06-03 04:19:00 | INFO | my_functions.py:170 | Searching shop_unselected.PNG (timeout=0s)
2026-06-03 04:19:00 | INFO | my_functions.py:200 | 
✅ Found: shop_unselected.PNG pos=(88, 961) time=0.19s confidence=0.8
2026-06-03 04:19:00 | INFO | my_functions.py:524 | Ya esta listo
2026-06-03 04:19:04 | INFO | each_eight_hours copy.py:130 | Extracting data for account: jeremy
2026-06-03 04:19:04 | INFO | each_eight_hours copy.py:144 | Account jeremy summary -> CL: 28993 | Unclaimed: 34 | Credits: 325, Gold: 950, Tokens: 775
2026-06-03 04:19:04 | INFO | my_functions.py:330 | AVAILABLE: 4
2026-06-03 04:19:04 | INFO | my_functions.py:248 | [DEBUG] Buscando en paralelo: ['white_x.png'] | timeout=2s | confidence=0.8
2026-06-03 04:19:06 | INFO | my_functions.py:282 | [DEBUG] Click skipped, ninguna de las imágenes se encontró en el intento.
2026-06-03 04:19:07 | INFO | my_functions.py:248 | [DEBUG] Buscando en paralelo: ['nut.png'] | timeout=20s | confidence=0.8
2026-06-03 04:19:09 | INFO | my_functions.py:135 | Haciendo click en la posición (184, 78)
2026-06-03 04:19:09 | INFO | my_functions.py:270 | 🖱️ Click OK (En paralelo): nut.png at (184, 78) delay=1s
2026-06-03 04:19:10 | INFO | my_functions.py:248 | [DEBUG] Buscando en paralelo: ['graphics_quality.png'] | timeout=3s | confidence=0.8
2026-06-03 04:19:11 | INFO | my_functions.py:135 | Haciendo click en la posición (304, 644)
2026-06-03 04:19:11 | INFO | my_functions.py:270 | 🖱️ Click OK (En paralelo): graphics_quality.png at (304, 644) delay=1s
2026-06-03 04:19:13 | INFO | my_functions.py:248 | [DEBUG] Buscando en paralelo: ['sign_out.png'] | timeout=20s | confidence=0.8
2026-06-03 04:19:15 | INFO | my_functions.py:135 | Haciendo click en la posición (380, 796)
2026-06-03 04:19:15 | INFO | my_functions.py:270 | 🖱️ Click OK (En paralelo): sign_out.png at (380, 796) delay=1s
2026-06-03 04:19:17 | INFO | my_functions.py:248 | [DEBUG] Buscando en paralelo: ['sign_out_grande.png'] | timeout=20s | confidence=0.8
2026-06-03 04:19:18 | INFO | my_functions.py:135 | Haciendo click en la posición (359, 437)
2026-06-03 04:19:18 | INFO | my_functions.py:270 | 🖱️ Click OK (En paralelo): sign_out_grande.png at (359, 437) delay=1s
2026-06-03 04:19:19 | INFO | my_functions.py:248 | [DEBUG] Buscando en paralelo: ['sign_out2.png'] | timeout=20s | confidence=0.8
2026-06-03 04:19:21 | INFO | my_functions.py:135 | Haciendo click en la posición (383, 634)
2026-06-03 04:19:21 | INFO | my_functions.py:270 | 🖱️ Click OK (En paralelo): sign_out2.png at (383, 634) delay=1s
2026-06-03 04:19:22 | INFO | my_functions.py:1294 | ⏱ Esperando 0.1 segundos antes de empezar...
2026-06-03 04:19:22 | INFO | my_functions.py:1301 | 🔍 Esperando ventana que contenga alguna de: SNAP (máx 20s)
2026-06-03 04:19:22 | INFO | my_functions.py:1313 | ✅ Ventana encontrada: 'SNAP'
2026-06-03 04:19:22 | INFO | my_functions.py:1328 | ✅ Ventana seleccionada: 'SNAP'
2026-06-03 04:19:24 | INFO | my_functions.py:1351 | 🔁 Reajuste #1...
2026-06-03 04:19:26 | INFO | my_functions.py:1358 | ✔ Verificación completa. Se hicieron 1 reajustes.
2026-06-03 04:19:30 | INFO | each_eight_hours copy.py:169 | Logged out due to insufficient submissions
2026-06-03 04:19:31 | INFO | each_eight_hours copy.py:172 | snap.exe closed
2026-06-03 04:19:34 | INFO | each_eight_hours copy.py:112 | Processing account: reeps_vm
2026-06-03 04:19:34 | INFO | each_eight_hours copy.py:115 | Game relaunched for account
2026-06-03 04:19:34 | INFO | my_functions.py:1294 | ⏱ Esperando 0.1 segundos antes de empezar...
2026-06-03 04:19:35 | INFO | my_functions.py:1301 | 🔍 Esperando ventana que contenga alguna de: ['SNAP'] (máx 20s)
2026-06-03 04:19:37 | INFO | my_functions.py:1313 | ✅ Ventana encontrada: 'SNAP'
2026-06-03 04:19:37 | INFO | my_functions.py:1328 | ✅ Ventana seleccionada: 'SNAP'
2026-06-03 04:19:39 | INFO | my_functions.py:1360 | ✔ Verificación completa. No hubo cambios después del primer ajuste.
2026-06-03 04:19:39 | INFO | my_functions.py:997 | [DEBUG] Resizing SNAP window...
2026-06-03 04:19:39 | INFO | my_functions.py:1294 | ⏱ Esperando 0.1 segundos antes de empezar...
2026-06-03 04:19:39 | INFO | my_functions.py:1301 | 🔍 Esperando ventana que contenga alguna de: ['SNAP'] (máx 20s)
2026-06-03 04:19:39 | INFO | my_functions.py:1313 | ✅ Ventana encontrada: 'SNAP'
2026-06-03 04:19:39 | INFO | my_functions.py:1328 | ✅ Ventana seleccionada: 'SNAP'
2026-06-03 04:19:42 | INFO | my_functions.py:1360 | ✔ Verificación completa. No hubo cambios después del primer ajuste.
2026-06-03 04:19:42 | INFO | my_functions.py:248 | [DEBUG] Buscando en paralelo: ['small_submit.PNG', 'small_submit_hover.png', 'submit_hover_2.png', 'small_submit_hover_2.png'] | timeout=90s | confidence=0.8
2026-06-03 04:19:45 | INFO | my_functions.py:135 | Haciendo click en la posición (380, 642)
2026-06-03 04:19:46 | INFO | my_functions.py:270 | 🖱️ Click OK (En paralelo): small_submit.PNG at (380, 642) delay=0.2s
2026-06-03 04:19:49 | INFO | my_functions.py:248 | [DEBUG] Buscando en paralelo: ['small_submit.PNG', 'small_submit_hover.png', 'submit_hover_2.png', 'small_submit_hover_2.png'] | timeout=20s | confidence=0.8
2026-06-03 04:19:49 | INFO | my_functions.py:135 | Haciendo click en la posición (380, 721)
2026-06-03 04:19:50 | INFO | my_functions.py:270 | 🖱️ Click OK (En paralelo): small_submit.PNG at (380, 721) delay=0.2s
2026-06-03 04:19:51 | INFO | my_functions.py:1294 | ⏱ Esperando 0.1 segundos antes de empezar...
2026-06-03 04:19:51 | INFO | my_functions.py:1301 | 🔍 Esperando ventana que contenga alguna de: ['SNAP'] (máx 20s)
2026-06-03 04:19:51 | INFO | my_functions.py:1313 | ✅ Ventana encontrada: 'SNAP'
2026-06-03 04:19:51 | INFO | my_functions.py:1328 | ✅ Ventana seleccionada: 'SNAP'
2026-06-03 04:19:53 | INFO | my_functions.py:1351 | 🔁 Reajuste #1...
2026-06-03 04:19:54 | INFO | my_functions.py:1358 | ✔ Verificación completa. Se hicieron 1 reajustes.
2026-06-03 04:19:54 | INFO | my_functions.py:170 | Searching please_sign.png (timeout=0s)
2026-06-03 04:19:54 | INFO | my_functions.py:200 | 
✅ Found: please_sign.png pos=(383, 438) time=0.19s confidence=0.8
2026-06-03 04:19:54 | INFO | my_functions.py:248 | [DEBUG] Buscando en paralelo: ['ok_btn.png'] | timeout=20s | confidence=0.8
2026-06-03 04:19:55 | INFO | my_functions.py:135 | Haciendo click en la posición (382, 634)
2026-06-03 04:19:55 | INFO | my_functions.py:270 | 🖱️ Click OK (En paralelo): ok_btn.png at (382, 634) delay=1s
2026-06-03 04:19:56 | INFO | my_functions.py:248 | [DEBUG] Buscando en paralelo: ['small_submit.PNG', 'small_submit_hover.png', 'submit_hover_2.png', 'small_submit_hover_2.png'] | timeout=90s | confidence=0.8
2026-06-03 04:19:58 | INFO | my_functions.py:135 | Haciendo click en la posición (383, 643)
2026-06-03 04:19:58 | INFO | my_functions.py:270 | 🖱️ Click OK (En paralelo): small_submit_hover_2.png at (383, 643) delay=0.2s
2026-06-03 04:19:59 | INFO | my_functions.py:248 | [DEBUG] Buscando en paralelo: ['small_submit.PNG', 'small_submit_hover.png', 'submit_hover_2.png', 'small_submit_hover_2.png'] | timeout=20s | confidence=0.8
2026-06-03 04:20:00 | INFO | my_functions.py:135 | Haciendo click en la posición (380, 721)
2026-06-03 04:20:00 | INFO | my_functions.py:270 | 🖱️ Click OK (En paralelo): small_submit.PNG at (380, 721) delay=0.2s
2026-06-03 04:20:01 | INFO | my_functions.py:170 | Searching sign_in_with_google2.PNG (timeout=90s)
2026-06-03 04:20:01 | INFO | my_functions.py:200 | 
✅ Found: sign_in_with_google2.PNG pos=(406, 957) time=0.17s confidence=0.8
2026-06-03 04:20:01 | INFO | my_functions.py:248 | [DEBUG] Buscando en paralelo: ['sign_in_with_google2.PNG'] | timeout=20s | confidence=0.8
2026-06-03 04:20:02 | INFO | my_functions.py:135 | Haciendo click en la posición (406, 957)
2026-06-03 04:20:03 | INFO | my_functions.py:270 | 🖱️ Click OK (En paralelo): sign_in_with_google2.PNG at (406, 957) delay=1s
2026-06-03 04:20:04 | INFO | my_functions.py:248 | [DEBUG] Buscando en paralelo: ['reeps_vm.png'] | timeout=30s | confidence=0.8
2026-06-03 04:20:11 | INFO | my_functions.py:135 | Haciendo click en la posición (1126, 534)
2026-06-03 04:20:12 | INFO | my_functions.py:270 | 🖱️ Click OK (En paralelo): reeps_vm.png at (1126, 534) delay=3s
2026-06-03 04:20:13 | INFO | my_functions.py:170 | Searching marvelsnap_web.png (timeout=30s)
2026-06-03 04:20:20 | INFO | my_functions.py:200 | 
✅ Found: marvelsnap_web.png pos=(258, 80) time=7.69s confidence=0.7
2026-06-03 04:20:21 | INFO | my_functions.py:170 | Searching shop_unselected.PNG (timeout=0s)
2026-06-03 04:20:23 | INFO | my_functions.py:214 | 
⛔ Not found: shop_unselected.PNG after 1.01s region=(0, 0, 765, 1038) confidence=0.8
2026-06-03 04:20:23 | INFO | my_functions.py:248 | [DEBUG] Buscando en paralelo: ['super_premium.PNG'] | timeout=0s | confidence=0.8
2026-06-03 04:20:23 | INFO | my_functions.py:282 | [DEBUG] Click skipped, ninguna de las imágenes se encontró en el intento.
2026-06-03 04:20:24 | INFO | my_functions.py:248 | [DEBUG] Buscando en paralelo: ['maybe_later.PNG'] | timeout=0s | confidence=0.8
2026-06-03 04:20:24 | INFO | my_functions.py:282 | [DEBUG] Click skipped, ninguna de las imágenes se encontró en el intento.
2026-06-03 04:20:26 | INFO | my_functions.py:248 | [DEBUG] Buscando en paralelo: ['maybe_later2.PNG'] | timeout=0s | confidence=0.8
2026-06-03 04:20:26 | INFO | my_functions.py:282 | [DEBUG] Click skipped, ninguna de las imágenes se encontró en el intento.
2026-06-03 04:20:27 | INFO | my_functions.py:170 | Searching go_to_shop.PNG (timeout=0s)
2026-06-03 04:20:27 | INFO | my_functions.py:214 | 
⛔ Not found: go_to_shop.PNG after 0.0s region=(0, 0, 765, 1038) confidence=0.8
2026-06-03 04:20:27 | INFO | my_functions.py:248 | [DEBUG] Buscando en paralelo: ['14_days_of_winterverse.PNG'] | timeout=0s | confidence=0.8
2026-06-03 04:20:27 | INFO | my_functions.py:282 | [DEBUG] Click skipped, ninguna de las imágenes se encontró en el intento.
2026-06-03 04:20:28 | INFO | my_functions.py:170 | Searching welcome_back_calendar.PNG (timeout=0s)
2026-06-03 04:20:29 | INFO | my_functions.py:214 | 
⛔ Not found: welcome_back_calendar.PNG after 0.0s region=(0, 0, 765, 1038) confidence=0.8
2026-06-03 04:20:29 | INFO | my_functions.py:248 | [DEBUG] Buscando en paralelo: ['start_the_countdown.PNG'] | timeout=0s | confidence=0.8
2026-06-03 04:20:29 | INFO | my_functions.py:282 | [DEBUG] Click skipped, ninguna de las imágenes se encontró en el intento.
2026-06-03 04:20:30 | INFO | my_functions.py:248 | [DEBUG] Buscando en paralelo: ['event_has_ended_sanctum.PNG'] | timeout=0s | confidence=0.8
2026-06-03 04:20:31 | INFO | my_functions.py:282 | [DEBUG] Click skipped, ninguna de las imágenes se encontró en el intento.
2026-06-03 04:20:32 | INFO | my_functions.py:248 | [DEBUG] Buscando en paralelo: ['image_part_of_event_grand_arena_finished.PNG'] | timeout=0s | confidence=0.8
2026-06-03 04:20:32 | INFO | my_functions.py:282 | [DEBUG] Click skipped, ninguna de las imágenes se encontró en el intento.
2026-06-03 04:20:33 | INFO | my_functions.py:170 | Searching 28_day_event_login_rewards.PNG (timeout=0s)
2026-06-03 04:20:33 | INFO | my_functions.py:214 | 
⛔ Not found: 28_day_event_login_rewards.PNG after 0.0s region=(0, 0, 765, 1038) confidence=0.8
2026-06-03 04:20:33 | INFO | my_functions.py:170 | Searching 7_day_event_login.PNG (timeout=0s)
2026-06-03 04:20:33 | INFO | my_functions.py:214 | 
⛔ Not found: 7_day_event_login.PNG after 0.0s region=(0, 0, 765, 1038) confidence=0.8
2026-06-03 04:20:33 | INFO | my_functions.py:170 | Searching 14_days_event.PNG (timeout=0s)
2026-06-03 04:20:34 | INFO | my_functions.py:214 | 
⛔ Not found: 14_days_event.PNG after 0.0s region=(0, 0, 765, 1038) confidence=0.8
2026-06-03 04:20:34 | INFO | my_functions.py:248 | [DEBUG] Buscando en paralelo: ['lets_go.PNG'] | timeout=0s | confidence=0.8
2026-06-03 04:20:34 | INFO | my_functions.py:282 | [DEBUG] Click skipped, ninguna de las imágenes se encontró en el intento.
2026-06-03 04:20:36 | INFO | my_functions.py:170 | Searching shop_unselected.PNG (timeout=0s)
2026-06-03 04:20:36 | INFO | my_functions.py:214 | 
⛔ Not found: shop_unselected.PNG after 0.0s region=(0, 0, 765, 1038) confidence=0.8
2026-06-03 04:20:36 | INFO | my_functions.py:248 | [DEBUG] Buscando en paralelo: ['super_premium.PNG'] | timeout=0s | confidence=0.8
2026-06-03 04:20:37 | INFO | my_functions.py:135 | Haciendo click en la posición (480, 777)
2026-06-03 04:20:38 | INFO | my_functions.py:270 | 🖱️ Click OK (En paralelo): super_premium.PNG at (480, 777) delay=1s
2026-06-03 04:20:39 | INFO | my_functions.py:143 | Presionando ESC (1/1)
2026-06-03 04:20:47 | INFO | my_functions.py:170 | Searching shop_unselected.PNG (timeout=0s)
2026-06-03 04:20:48 | INFO | my_functions.py:200 | 
✅ Found: shop_unselected.PNG pos=(88, 961) time=0.21s confidence=0.8
2026-06-03 04:20:48 | INFO | my_functions.py:524 | Ya esta listo
2026-06-03 04:20:52 | INFO | each_eight_hours copy.py:130 | Extracting data for account: reeps_vm
2026-06-03 04:20:52 | INFO | each_eight_hours copy.py:144 | Account reeps_vm summary -> CL: 2883 | Unclaimed: 175 | Credits: 825, Gold: 4280, Tokens: 10650
2026-06-03 04:20:52 | INFO | my_functions.py:330 | AVAILABLE: 5
2026-06-03 04:20:52 | INFO | my_functions.py:352 | Misiones completadas: 0
2026-06-03 04:20:52 | INFO | my_functions.py:170 | Searching play.PNG (timeout=0s)
2026-06-03 04:20:52 | INFO | my_functions.py:200 | 
✅ Found: play.PNG pos=(384, 825) time=0.22s confidence=0.8
2026-06-03 04:20:52 | INFO | my_functions.py:1189 | [INFO] Click realizado donde se equipa el deck a jugar
2026-06-03 04:20:56 | INFO | my_functions.py:248 | [DEBUG] Buscando en paralelo: ['deck_666666.png'] | timeout=3s | confidence=0.8
2026-06-03 04:20:57 | INFO | my_functions.py:135 | Haciendo click en la posición (235, 547)
2026-06-03 04:20:58 | INFO | my_functions.py:270 | 🖱️ Click OK (En paralelo): deck_666666.png at (235, 547) delay=1s
2026-06-03 04:20:59 | INFO | my_functions.py:248 | [DEBUG] Buscando en paralelo: ['equip.png'] | timeout=3s | confidence=0.95
2026-06-03 04:21:02 | INFO | my_functions.py:282 | [DEBUG] Click skipped, ninguna de las imágenes se encontró en el intento.
2026-06-03 04:21:03 | INFO | my_functions.py:143 | Presionando ESC (1/1)
2026-06-03 04:21:03 | INFO | each_eight_hours copy.py:165 | Deck selected: 6turns
2026-06-03 04:21:03 | INFO | my_functions.py:248 | [DEBUG] Buscando en paralelo: ['maybe_later.PNG'] | timeout=2s | confidence=0.8
2026-06-03 04:21:06 | INFO | my_functions.py:282 | [DEBUG] Click skipped, ninguna de las imágenes se encontró en el intento.
2026-06-03 04:21:07 | INFO | my_functions.py:248 | [DEBUG] Buscando en paralelo: ['maybe_later2.PNG'] | timeout=0.01s | confidence=0.8
2026-06-03 04:21:07 | INFO | my_functions.py:282 | [DEBUG] Click skipped, ninguna de las imágenes se encontró en el intento.
2026-06-03 04:21:08 | INFO | each_eight_hours copy.py:180 | Starting game loop 1
2026-06-03 04:21:08 | INFO | my_functions.py:248 | [DEBUG] Buscando en paralelo: ['play.PNG'] | timeout=20s | confidence=0.8
2026-06-03 04:21:11 | INFO | my_functions.py:135 | Haciendo click en la posición (384, 824)
2026-06-03 04:21:11 | INFO | my_functions.py:270 | 🖱️ Click OK (En paralelo): play.PNG at (384, 824) delay=3s
2026-06-03 04:21:31 | INFO | my_functions.py:200 | 
✅ Found: end_turn.PNG pos=(681, 945) time=0.19s confidence=0.8
2026-06-03 04:21:31 | INFO | my_functions.py:248 | [DEBUG] Buscando en paralelo: ['snap.PNG'] | timeout=0s | confidence=0.8
2026-06-03 04:21:32 | INFO | my_functions.py:135 | Haciendo click en la posición (386, 122)
2026-06-03 04:21:33 | INFO | my_functions.py:270 | 🖱️ Click OK (En paralelo): snap.PNG at (386, 122) delay=1s
2026-06-03 04:21:39 | INFO | my_functions.py:135 | Haciendo click en la posición (681, 945)
2026-06-03 04:21:40 | INFO | each_eight_hours copy.py:196 | End turn executed
2026-06-03 04:21:56 | INFO | my_functions.py:200 | 
✅ Found: end_turn.PNG pos=(682, 945) time=0.2s confidence=0.8
2026-06-03 04:21:56 | INFO | my_functions.py:248 | [DEBUG] Buscando en paralelo: ['snap.PNG'] | timeout=0s | confidence=0.8
2026-06-03 04:21:56 | INFO | my_functions.py:282 | [DEBUG] Click skipped, ninguna de las imágenes se encontró en el intento.
2026-06-03 04:22:03 | INFO | my_functions.py:135 | Haciendo click en la posición (682, 945)
2026-06-03 04:22:04 | INFO | each_eight_hours copy.py:196 | End turn executed
2026-06-03 04:22:16 | INFO | my_functions.py:200 | 
✅ Found: end_turn.PNG pos=(681, 945) time=0.19s confidence=0.8
2026-06-03 04:22:16 | INFO | my_functions.py:248 | [DEBUG] Buscando en paralelo: ['snap.PNG'] | timeout=0s | confidence=0.8
2026-06-03 04:22:16 | INFO | my_functions.py:282 | [DEBUG] Click skipped, ninguna de las imágenes se encontró en el intento.
2026-06-03 04:22:22 | INFO | my_functions.py:135 | Haciendo click en la posición (681, 945)
2026-06-03 04:22:24 | INFO | each_eight_hours copy.py:196 | End turn executed
2026-06-03 04:22:56 | INFO | my_functions.py:200 | 
✅ Found: end_turn.PNG pos=(681, 945) time=0.2s confidence=0.8
2026-06-03 04:22:56 | INFO | my_functions.py:248 | [DEBUG] Buscando en paralelo: ['snap.PNG'] | timeout=0s | confidence=0.8
2026-06-03 04:22:56 | INFO | my_functions.py:282 | [DEBUG] Click skipped, ninguna de las imágenes se encontró en el intento.
2026-06-03 04:23:02 | INFO | my_functions.py:135 | Haciendo click en la posición (681, 945)
2026-06-03 04:23:03 | INFO | each_eight_hours copy.py:196 | End turn executed
2026-06-03 04:23:22 | INFO | my_functions.py:200 | 
✅ Found: end_turn.PNG pos=(681, 945) time=0.18s confidence=0.8
2026-06-03 04:23:22 | INFO | my_functions.py:248 | [DEBUG] Buscando en paralelo: ['snap.PNG'] | timeout=0s | confidence=0.8
2026-06-03 04:23:22 | INFO | my_functions.py:282 | [DEBUG] Click skipped, ninguna de las imágenes se encontró en el intento.
2026-06-03 04:23:28 | INFO | my_functions.py:135 | Haciendo click en la posición (681, 945)
2026-06-03 04:23:30 | INFO | each_eight_hours copy.py:196 | End turn executed
2026-06-03 04:23:45 | INFO | my_functions.py:200 | 
✅ Found: end_turn.PNG pos=(681, 945) time=0.18s confidence=0.8
2026-06-03 04:23:45 | INFO | my_functions.py:248 | [DEBUG] Buscando en paralelo: ['snap.PNG'] | timeout=0s | confidence=0.8
2026-06-03 04:23:45 | INFO | my_functions.py:282 | [DEBUG] Click skipped, ninguna de las imágenes se encontró en el intento.
2026-06-03 04:23:51 | INFO | my_functions.py:135 | Haciendo click en la posición (681, 945)
2026-06-03 04:23:52 | INFO | each_eight_hours copy.py:196 | End turn executed
2026-06-03 04:24:29 | INFO | my_functions.py:200 | 
✅ Found: collect_rewards.PNG pos=(679, 963) time=0.22s confidence=0.8
2026-06-03 04:24:29 | INFO | each_eight_hours copy.py:235 | Rewards detected, exiting match
2026-06-03 04:24:29 | INFO | my_functions.py:248 | [DEBUG] Buscando en paralelo: ['collect_rewards.PNG'] | timeout=20s | confidence=0.8
2026-06-03 04:24:30 | INFO | my_functions.py:135 | Haciendo click en la posición (679, 958)
2026-06-03 04:24:30 | INFO | my_functions.py:270 | 🖱️ Click OK (En paralelo): collect_rewards.PNG at (679, 958) delay=1s
2026-06-03 04:24:31 | INFO | my_functions.py:248 | [DEBUG] Buscando en paralelo: ['next.PNG'] | timeout=20s | confidence=0.8
2026-06-03 04:24:34 | INFO | my_functions.py:135 | Haciendo click en la posición (677, 973)
2026-06-03 04:24:34 | INFO | my_functions.py:270 | 🖱️ Click OK (En paralelo): next.PNG at (677, 973) delay=1s
2026-06-03 04:24:38 | INFO | my_functions.py:330 | AVAILABLE: 5
2026-06-03 04:24:38 | INFO | each_eight_hours copy.py:302 | Submissions after match: 5
2026-06-03 04:24:38 | INFO | my_functions.py:352 | Misiones completadas: 1
2026-06-03 04:24:38 | INFO | each_eight_hours copy.py:310 | Submission condition met, breaking loop
2026-06-03 04:24:38 | INFO | my_functions.py:248 | [DEBUG] Buscando en paralelo: ['missionsNotify2.png'] | timeout=20s | confidence=0.8
2026-06-03 04:24:41 | INFO | my_functions.py:135 | Haciendo click en la posición (538, 124)
2026-06-03 04:24:41 | INFO | my_functions.py:270 | 🖱️ Click OK (En paralelo): missionsNotify2.png at (538, 124) delay=3s
2026-06-03 04:24:42 | INFO | my_functions.py:1219 | [INFO] Iniciando click_missions_blue2
2026-06-03 04:24:42 | INFO | my_functions.py:135 | Haciendo click en la posición (150, 132)
2026-06-03 04:24:43 | INFO | my_functions.py:1222 | [ACTION] Click hecho en icono de calendario que me dirige a las misiones ordinarias
2026-06-03 04:24:43 | INFO | my_functions.py:170 | Searching bonus_challenge.png (timeout=0s)
2026-06-03 04:24:44 | INFO | my_functions.py:214 | 
⛔ Not found: bonus_challenge.png after 0.0s region=(0, 0, 765, 1038) confidence=0.8
2026-06-03 04:24:46 | INFO | my_functions.py:135 | Haciendo click en la posición (362, 493)
2026-06-03 04:24:47 | INFO | my_functions.py:1235 | [ACTION] Click 1/1 en misión azul
2026-06-03 04:24:47 | INFO | my_functions.py:170 | Searching flechita_mission.PNG (timeout=0s)
2026-06-03 04:24:47 | INFO | my_functions.py:214 | 
⛔ Not found: flechita_mission.PNG after 0.0s region=(0, 0, 765, 1038) confidence=0.8
2026-06-03 04:24:47 | INFO | my_functions.py:248 | [DEBUG] Buscando en paralelo: ['weekly3.PNG'] | timeout=0s | confidence=0.8
2026-06-03 04:24:48 | INFO | my_functions.py:282 | [DEBUG] Click skipped, ninguna de las imágenes se encontró en el intento.
2026-06-03 04:24:49 | INFO | my_functions.py:248 | [DEBUG] Buscando en paralelo: ['weekly3.PNG'] | timeout=0s | confidence=0.8
2026-06-03 04:24:49 | INFO | my_functions.py:282 | [DEBUG] Click skipped, ninguna de las imágenes se encontró en el intento.
2026-06-03 04:24:50 | INFO | my_functions.py:135 | Haciendo click en la posición (557, 64)
2026-06-03 04:24:51 | INFO | my_functions.py:248 | [DEBUG] Buscando en paralelo: ['cards_shop.PNG'] | timeout=20s | confidence=0.8
2026-06-03 04:24:53 | INFO | my_functions.py:135 | Haciendo click en la posición (568, 121)
2026-06-03 04:24:53 | INFO | my_functions.py:270 | 🖱️ Click OK (En paralelo): cards_shop.PNG at (568, 121) delay=1s
2026-06-03 04:24:54 | INFO | my_functions.py:248 | [DEBUG] Buscando en paralelo: ['token_icon.PNG'] | timeout=20s | confidence=0.8
2026-06-03 04:24:56 | INFO | my_functions.py:135 | Haciendo click en la posición (531, 171)
2026-06-03 04:24:56 | INFO | my_functions.py:270 | 🖱️ Click OK (En paralelo): token_icon.PNG at (531, 171) delay=1s
2026-06-03 04:24:59 | INFO | my_functions.py:248 | [DEBUG] Buscando en paralelo: ['claim!_token_3.PNG'] | timeout=4s | confidence=0.8
2026-06-03 04:25:03 | INFO | my_functions.py:282 | [DEBUG] Click skipped, ninguna de las imágenes se encontró en el intento.
2026-06-03 04:25:04 | INFO | my_functions.py:248 | [DEBUG] Buscando en paralelo: ['cards_shop.PNG'] | timeout=20s | confidence=0.8
2026-06-03 04:25:05 | INFO | my_functions.py:135 | Haciendo click en la posición (568, 122)
2026-06-03 04:25:06 | INFO | my_functions.py:270 | 🖱️ Click OK (En paralelo): cards_shop.PNG at (568, 122) delay=1s
2026-06-03 04:25:07 | INFO | my_functions.py:248 | [DEBUG] Buscando en paralelo: ['offers.PNG'] | timeout=20s | confidence=0.8
2026-06-03 04:25:08 | INFO | my_functions.py:135 | Haciendo click en la posición (197, 121)
2026-06-03 04:25:08 | INFO | my_functions.py:270 | 🖱️ Click OK (En paralelo): offers.PNG at (197, 121) delay=1s
2026-06-03 04:25:09 | INFO | my_functions.py:1119 | [INFO] Iniciando mejora de cartas
2026-06-03 04:25:09 | INFO | my_functions.py:248 | [DEBUG] Buscando en paralelo: ['upgrade_cards_icon.PNG'] | timeout=20s | confidence=0.8
2026-06-03 04:25:10 | INFO | my_functions.py:135 | Haciendo click en la posición (322, 170)
2026-06-03 04:25:11 | INFO | my_functions.py:270 | 🖱️ Click OK (En paralelo): upgrade_cards_icon.PNG at (322, 170) delay=1s
2026-06-03 04:25:12 | INFO | my_functions.py:1123 | [INFO] Abriendo icono de upgrade_cards
2026-06-03 04:25:13 | INFO | my_functions.py:1129 | [STEP] Mejorando carta 1
2026-06-03 04:25:13 | INFO | my_functions.py:1133 | [ACTION] Click en carta 1
2026-06-03 04:25:14 | INFO | my_functions.py:1138 | [ACTION] Click en botón upgrade
2026-06-03 04:25:21 | INFO | my_functions.py:248 | [DEBUG] Buscando en paralelo: ['you_need_more_credits!.png'] | timeout=3s | confidence=0.8
2026-06-03 04:25:24 | INFO | my_functions.py:282 | [DEBUG] Click skipped, ninguna de las imágenes se encontró en el intento.
2026-06-03 04:25:31 | INFO | my_functions.py:1153 | [ACTION] Click para continuar a stage de nivel de coleccion
2026-06-03 04:25:36 | INFO | my_functions.py:143 | Presionando ESC (1/1)
2026-06-03 04:25:36 | INFO | my_functions.py:1158 | [ACTION] Saliendo de stage nivel de coleccion con ESC
2026-06-03 04:25:37 | INFO | my_functions.py:248 | [DEBUG] Buscando en paralelo: ['upgrade_cards_icon_selected.PNG'] | timeout=0s | confidence=0.8
2026-06-03 04:25:37 | INFO | my_functions.py:282 | [DEBUG] Click skipped, ninguna de las imágenes se encontró en el intento.
2026-06-03 04:25:38 | INFO | my_functions.py:248 | [DEBUG] Buscando en paralelo: ['upgrade_cards_icon.PNG'] | timeout=0s | confidence=0.8
2026-06-03 04:25:39 | INFO | my_functions.py:282 | [DEBUG] Click skipped, ninguna de las imágenes se encontró en el intento.
2026-06-03 04:25:40 | INFO | my_functions.py:248 | [DEBUG] Buscando en paralelo: ['upgrade_cards_icon_selected.PNG'] | timeout=0s | confidence=0.8
2026-06-03 04:25:40 | INFO | my_functions.py:282 | [DEBUG] Click skipped, ninguna de las imágenes se encontró en el intento.
2026-06-03 04:25:41 | INFO | my_functions.py:248 | [DEBUG] Buscando en paralelo: ['upgrade_cards_icon.PNG'] | timeout=0s | confidence=0.8
2026-06-03 04:25:41 | INFO | my_functions.py:282 | [DEBUG] Click skipped, ninguna de las imágenes se encontró en el intento.
2026-06-03 04:25:42 | INFO | my_functions.py:1178 | [INFO] Reabriendo icono de upgrade_cards
2026-06-03 04:25:43 | INFO | my_functions.py:1129 | [STEP] Mejorando carta 2
2026-06-03 04:25:43 | INFO | my_functions.py:1133 | [ACTION] Click en carta 2
2026-06-03 04:25:45 | INFO | my_functions.py:1138 | [ACTION] Click en botón upgrade
2026-06-03 04:25:52 | INFO | my_functions.py:248 | [DEBUG] Buscando en paralelo: ['you_need_more_credits!.png'] | timeout=3s | confidence=0.8
2026-06-03 04:25:55 | INFO | my_functions.py:282 | [DEBUG] Click skipped, ninguna de las imágenes se encontró en el intento.
2026-06-03 04:26:01 | INFO | my_functions.py:1153 | [ACTION] Click para continuar a stage de nivel de coleccion
2026-06-03 04:26:06 | INFO | my_functions.py:143 | Presionando ESC (1/1)
2026-06-03 04:26:07 | INFO | my_functions.py:1158 | [ACTION] Saliendo de stage nivel de coleccion con ESC
2026-06-03 04:26:08 | INFO | my_functions.py:248 | [DEBUG] Buscando en paralelo: ['upgrade_cards_icon_selected.PNG'] | timeout=0s | confidence=0.8
2026-06-03 04:26:08 | INFO | my_functions.py:282 | [DEBUG] Click skipped, ninguna de las imágenes se encontró en el intento.
2026-06-03 04:26:09 | INFO | my_functions.py:248 | [DEBUG] Buscando en paralelo: ['upgrade_cards_icon.PNG'] | timeout=0s | confidence=0.8
2026-06-03 04:26:09 | INFO | my_functions.py:282 | [DEBUG] Click skipped, ninguna de las imágenes se encontró en el intento.
2026-06-03 04:26:10 | INFO | my_functions.py:248 | [DEBUG] Buscando en paralelo: ['upgrade_cards_icon_selected.PNG'] | timeout=0s | confidence=0.8
2026-06-03 04:26:10 | INFO | my_functions.py:282 | [DEBUG] Click skipped, ninguna de las imágenes se encontró en el intento.
2026-06-03 04:26:12 | INFO | my_functions.py:248 | [DEBUG] Buscando en paralelo: ['upgrade_cards_icon.PNG'] | timeout=0s | confidence=0.8
2026-06-03 04:26:12 | INFO | my_functions.py:282 | [DEBUG] Click skipped, ninguna de las imágenes se encontró en el intento.
2026-06-03 04:26:13 | INFO | my_functions.py:1178 | [INFO] Reabriendo icono de upgrade_cards
2026-06-03 04:26:14 | INFO | my_functions.py:1129 | [STEP] Mejorando carta 3
2026-06-03 04:26:14 | INFO | my_functions.py:1133 | [ACTION] Click en carta 3
2026-06-03 04:26:15 | INFO | my_functions.py:1138 | [ACTION] Click en botón upgrade
2026-06-03 04:26:22 | INFO | my_functions.py:248 | [DEBUG] Buscando en paralelo: ['you_need_more_credits!.png'] | timeout=3s | confidence=0.8
2026-06-03 04:26:25 | INFO | my_functions.py:282 | [DEBUG] Click skipped, ninguna de las imágenes se encontró en el intento.
2026-06-03 04:26:31 | INFO | my_functions.py:1153 | [ACTION] Click para continuar a stage de nivel de coleccion
2026-06-03 04:26:36 | INFO | my_functions.py:143 | Presionando ESC (1/1)
2026-06-03 04:26:37 | INFO | my_functions.py:1158 | [ACTION] Saliendo de stage nivel de coleccion con ESC
2026-06-03 04:26:38 | INFO | my_functions.py:1181 | [INFO] Mejora de cartas completada ✅
2026-06-03 04:26:38 | INFO | my_functions.py:143 | Presionando ESC (1/1)
2026-06-03 04:26:39 | INFO | my_functions.py:248 | [DEBUG] Buscando en paralelo: ['white_x.png'] | timeout=2s | confidence=0.8
2026-06-03 04:26:41 | INFO | my_functions.py:282 | [DEBUG] Click skipped, ninguna de las imágenes se encontró en el intento.
2026-06-03 04:26:42 | INFO | my_functions.py:248 | [DEBUG] Buscando en paralelo: ['nut.png'] | timeout=20s | confidence=0.8
2026-06-03 04:27:02 | INFO | my_functions.py:282 | [DEBUG] Click skipped, ninguna de las imágenes se encontró en el intento.
2026-06-03 04:27:03 | INFO | my_functions.py:248 | [DEBUG] Buscando en paralelo: ['graphics_quality.png'] | timeout=3s | confidence=0.8
2026-06-03 04:27:06 | INFO | my_functions.py:282 | [DEBUG] Click skipped, ninguna de las imágenes se encontró en el intento.
2026-06-03 04:27:08 | INFO | my_functions.py:248 | [DEBUG] Buscando en paralelo: ['sign_out.png'] | timeout=20s | confidence=0.8
2026-06-03 04:27:29 | INFO | my_functions.py:282 | [DEBUG] Click skipped, ninguna de las imágenes se encontró en el intento.
2026-06-03 04:27:31 | INFO | my_functions.py:248 | [DEBUG] Buscando en paralelo: ['sign_out_grande.png'] | timeout=20s | confidence=0.8
2026-06-03 04:27:51 | INFO | my_functions.py:282 | [DEBUG] Click skipped, ninguna de las imágenes se encontró en el intento.
2026-06-03 04:27:52 | INFO | my_functions.py:248 | [DEBUG] Buscando en paralelo: ['sign_out2.png'] | timeout=20s | confidence=0.8
2026-06-03 04:28:12 | INFO | my_functions.py:282 | [DEBUG] Click skipped, ninguna de las imágenes se encontró en el intento.
2026-06-03 04:28:13 | INFO | my_functions.py:1294 | ⏱ Esperando 0.1 segundos antes de empezar...
2026-06-03 04:28:13 | INFO | my_functions.py:1301 | 🔍 Esperando ventana que contenga alguna de: SNAP (máx 20s)
2026-06-03 04:28:13 | INFO | my_functions.py:1313 | ✅ Ventana encontrada: 'SNAP'
2026-06-03 04:28:13 | INFO | my_functions.py:1328 | ✅ Ventana seleccionada: 'SNAP'
2026-06-03 04:28:17 | INFO | my_functions.py:1360 | ✔ Verificación completa. No hubo cambios después del primer ajuste.
2026-06-03 04:28:21 | INFO | each_eight_hours copy.py:112 | Processing account: overture_vm
2026-06-03 04:28:21 | INFO | each_eight_hours copy.py:115 | Game relaunched for account
2026-06-03 04:28:21 | INFO | my_functions.py:1294 | ⏱ Esperando 0.1 segundos antes de empezar...
2026-06-03 04:28:21 | INFO | my_functions.py:1301 | 🔍 Esperando ventana que contenga alguna de: ['SNAP'] (máx 20s)
2026-06-03 04:28:24 | INFO | my_functions.py:1313 | ✅ Ventana encontrada: 'SNAP'
2026-06-03 04:28:24 | INFO | my_functions.py:1328 | ✅ Ventana seleccionada: 'SNAP'
2026-06-03 04:28:26 | INFO | my_functions.py:1360 | ✔ Verificación completa. No hubo cambios después del primer ajuste.
2026-06-03 04:28:26 | INFO | my_functions.py:997 | [DEBUG] Resizing SNAP window...
2026-06-03 04:28:26 | INFO | my_functions.py:1294 | ⏱ Esperando 0.1 segundos antes de empezar...
2026-06-03 04:28:26 | INFO | my_functions.py:1301 | 🔍 Esperando ventana que contenga alguna de: ['SNAP'] (máx 20s)
2026-06-03 04:28:26 | INFO | my_functions.py:1313 | ✅ Ventana encontrada: 'SNAP'
2026-06-03 04:28:26 | INFO | my_functions.py:1328 | ✅ Ventana seleccionada: 'SNAP'
2026-06-03 04:28:29 | INFO | my_functions.py:1360 | ✔ Verificación completa. No hubo cambios después del primer ajuste.
2026-06-03 04:28:29 | INFO | my_functions.py:248 | [DEBUG] Buscando en paralelo: ['small_submit.PNG', 'small_submit_hover.png', 'submit_hover_2.png', 'small_submit_hover_2.png'] | timeout=90s | confidence=0.8
2026-06-03 04:30:00 | INFO | my_functions.py:282 | [DEBUG] Click skipped, ninguna de las imágenes se encontró en el intento.
2026-06-03 04:30:03 | INFO | my_functions.py:248 | [DEBUG] Buscando en paralelo: ['small_submit.PNG', 'small_submit_hover.png', 'submit_hover_2.png', 'small_submit_hover_2.png'] | timeout=20s | confidence=0.8
2026-06-03 04:30:23 | INFO | my_functions.py:282 | [DEBUG] Click skipped, ninguna de las imágenes se encontró en el intento.
2026-06-03 04:30:24 | INFO | my_functions.py:1294 | ⏱ Esperando 0.1 segundos antes de empezar...
2026-06-03 04:30:24 | INFO | my_functions.py:1301 | 🔍 Esperando ventana que contenga alguna de: ['SNAP'] (máx 20s)
2026-06-03 04:30:24 | INFO | my_functions.py:1313 | ✅ Ventana encontrada: 'SNAP'
2026-06-03 04:30:24 | INFO | my_functions.py:1328 | ✅ Ventana seleccionada: 'SNAP'
2026-06-03 04:30:27 | INFO | my_functions.py:1360 | ✔ Verificación completa. No hubo cambios después del primer ajuste.
2026-06-03 04:30:27 | INFO | my_functions.py:170 | Searching please_sign.png (timeout=0s)
2026-06-03 04:30:28 | INFO | my_functions.py:214 | 
⛔ Not found: please_sign.png after 0.0s region=(0, 0, 765, 1038) confidence=0.8
2026-06-03 04:30:28 | INFO | my_functions.py:170 | Searching sign_in_with_google2.PNG (timeout=90s)
2026-06-03 04:31:58 | INFO | my_functions.py:214 | 
⛔ Not found: sign_in_with_google2.PNG after 90.08s region=(0, 0, 765, 1038) confidence=0.8
2026-06-03 04:31:58 | INFO | my_functions.py:248 | [DEBUG] Buscando en paralelo: ['sign_in_with_google2.PNG'] | timeout=20s | confidence=0.8
2026-06-03 04:32:18 | INFO | my_functions.py:282 | [DEBUG] Click skipped, ninguna de las imágenes se encontró en el intento.
2026-06-03 04:32:19 | INFO | my_functions.py:248 | [DEBUG] Buscando en paralelo: ['overture_vm.png'] | timeout=30s | confidence=0.8
