2026-05-17 22:12:56 | INFO | each_eight_hours.py:39 | LOG FILE PATH: \\vmware-host\Shared Folders\SHARED FILES VM\MS\logs\each_eight_hours_2026-05-17_22-12-56.log
2026-05-17 22:12:56 | INFO | each_eight_hours.py:40 | Logger initialized
2026-05-17 22:12:56 | INFO | each_eight_hours.py:67 | Script initialized
2026-05-17 22:12:58 | INFO | each_eight_hours.py:128 | snap.exe terminated if it was running
2026-05-17 22:12:58 | INFO | my_functions.py:57 | ⏳ Esperando WebSocket de OBS...
2026-05-17 22:13:05 | INFO | baseclient.py:33 | Connecting with parameters: host='localhost' port=4455 password='' subs=0 timeout=None
2026-05-17 22:13:05 | INFO | reqs.py:23 | Successfully identified ReqClient with the server using RPC version:1
2026-05-17 22:13:05 | INFO | my_functions.py:63 | ✅ Conectado al OBS WebSocket
2026-05-17 22:13:05 | ERROR | reqs.py:59 | OBSSDKRequestError: Request GetRecordStatus returned code 207. With message: OBS is not ready to perform the request.
Traceback (most recent call last):
  File "C:\Users\Farm\AppData\Local\Programs\Python\Python311\Lib\site-packages\obsws_python\reqs.py", line 53, in send
    raise OBSSDKRequestError(
obsws_python.error.OBSSDKRequestError: Request GetRecordStatus returned code 207. With message: OBS is not ready to perform the request.
2026-05-17 22:13:07 | INFO | my_functions.py:88 | 🎬 Grabación iniciada
2026-05-17 22:13:07 | INFO | my_functions.py:1264 | ⏱ Esperando 0.1 segundos antes de empezar...
2026-05-17 22:13:07 | INFO | my_functions.py:1271 | 🔍 Esperando ventana que contenga alguna de: ['py', 'eight_hours'] (máx 20s)
2026-05-17 22:13:07 | INFO | my_functions.py:1283 | ✅ Ventana encontrada: 'each_eight_hours  - Acceso directo'
2026-05-17 22:13:07 | INFO | my_functions.py:1298 | ✅ Ventana seleccionada: 'each_eight_hours  - Acceso directo'
2026-05-17 22:13:09 | INFO | my_functions.py:1321 | 🔁 Reajuste #1...
2026-05-17 22:13:09 | INFO | my_functions.py:1328 | ✔ Verificación completa. Se hicieron 1 reajustes.
2026-05-17 22:13:39 | INFO | my_functions.py:2094 | Starting Steam window scan
2026-05-17 22:13:39 | INFO | my_functions.py:2097 | Found window: 
2026-05-17 22:13:39 | INFO | my_functions.py:2097 | Found window: each_eight_hours  - Acceso directo
2026-05-17 22:13:39 | INFO | my_functions.py:2097 | Found window: 
2026-05-17 22:13:39 | INFO | my_functions.py:2097 | Found window: 
2026-05-17 22:13:39 | INFO | my_functions.py:2097 | Found window: 
2026-05-17 22:13:39 | INFO | my_functions.py:2097 | Found window: 
2026-05-17 22:13:39 | INFO | my_functions.py:2097 | Found window: RivaTunerStatisticsServer
2026-05-17 22:13:39 | INFO | my_functions.py:2097 | Found window: Program Manager
2026-05-17 22:13:39 | INFO | each_eight_hours.py:139 | Processing account: reeps_vm
2026-05-17 22:13:39 | INFO | each_eight_hours.py:142 | Game relaunched for account
2026-05-17 22:13:39 | INFO | my_functions.py:1264 | ⏱ Esperando 0.1 segundos antes de empezar...
2026-05-17 22:13:39 | INFO | my_functions.py:1271 | 🔍 Esperando ventana que contenga alguna de: ['SNAP'] (máx 20s)
2026-05-17 22:13:43 | INFO | my_functions.py:1283 | ✅ Ventana encontrada: 'SNAP'
2026-05-17 22:13:43 | INFO | my_functions.py:1298 | ✅ Ventana seleccionada: 'SNAP'
2026-05-17 22:13:46 | INFO | my_functions.py:1330 | ✔ Verificación completa. No hubo cambios después del primer ajuste.
2026-05-17 22:13:46 | INFO | my_functions.py:970 | [DEBUG] Resizing SNAP window...
2026-05-17 22:13:46 | INFO | my_functions.py:1264 | ⏱ Esperando 0.1 segundos antes de empezar...
2026-05-17 22:13:46 | INFO | my_functions.py:1271 | 🔍 Esperando ventana que contenga alguna de: ['SNAP'] (máx 20s)
2026-05-17 22:13:46 | INFO | my_functions.py:1283 | ✅ Ventana encontrada: 'SNAP'
2026-05-17 22:13:46 | INFO | my_functions.py:1298 | ✅ Ventana seleccionada: 'SNAP'
2026-05-17 22:13:49 | INFO | my_functions.py:1330 | ✔ Verificación completa. No hubo cambios después del primer ajuste.
2026-05-17 22:13:49 | INFO | my_functions.py:236 | [DEBUG] wait_for_image_and_click -> submit.PNG timeout=90s delay_click=0.2s confidence=0.8
2026-05-17 22:13:49 | INFO | my_functions.py:170 | Searching submit.PNG (timeout=90s)
2026-05-17 22:13:54 | INFO | my_functions.py:200 | 
✅ Found: submit.PNG pos=(385, 779) time=5.17s confidence=0.8
2026-05-17 22:13:54 | INFO | my_functions.py:135 | Haciendo click en la posición (385, 779)
2026-05-17 22:13:54 | INFO | my_functions.py:256 | 🖱️ Click OK: submit.PNG at (385, 779) delay=0.2s
2026-05-17 22:13:54 | INFO | my_functions.py:1264 | ⏱ Esperando 0.1 segundos antes de empezar...
2026-05-17 22:13:54 | INFO | my_functions.py:1271 | 🔍 Esperando ventana que contenga alguna de: ['SNAP'] (máx 20s)
2026-05-17 22:13:54 | INFO | my_functions.py:1283 | ✅ Ventana encontrada: 'SNAP'
2026-05-17 22:13:54 | INFO | my_functions.py:1298 | ✅ Ventana seleccionada: 'SNAP'
2026-05-17 22:13:58 | INFO | my_functions.py:1330 | ✔ Verificación completa. No hubo cambios después del primer ajuste.
2026-05-17 22:13:58 | INFO | my_functions.py:170 | Searching please_sign.png (timeout=0s)
2026-05-17 22:13:58 | INFO | my_functions.py:214 | 
⛔ Not found: please_sign.png after 0.0s region=(0, 0, 765, 1038) confidence=0.8
2026-05-17 22:13:58 | INFO | my_functions.py:170 | Searching sign_in_with_google2.PNG (timeout=90s)
2026-05-17 22:13:58 | INFO | my_functions.py:200 | 
✅ Found: sign_in_with_google2.PNG pos=(406, 957) time=0.18s confidence=0.8
2026-05-17 22:13:58 | INFO | my_functions.py:236 | [DEBUG] wait_for_image_and_click -> sign_in_with_google2.PNG timeout=20s delay_click=1s confidence=0.8
2026-05-17 22:13:58 | INFO | my_functions.py:170 | Searching sign_in_with_google2.PNG (timeout=20s)
2026-05-17 22:13:58 | INFO | my_functions.py:200 | 
✅ Found: sign_in_with_google2.PNG pos=(406, 957) time=0.16s confidence=0.8
2026-05-17 22:13:59 | INFO | my_functions.py:135 | Haciendo click en la posición (406, 957)
2026-05-17 22:13:59 | INFO | my_functions.py:256 | 🖱️ Click OK: sign_in_with_google2.PNG at (406, 957) delay=1s
2026-05-17 22:13:59 | INFO | my_functions.py:236 | [DEBUG] wait_for_image_and_click -> reeps_vm.png timeout=30s delay_click=3s confidence=0.8
2026-05-17 22:13:59 | INFO | my_functions.py:170 | Searching reeps_vm.png (timeout=30s)
2026-05-17 22:14:09 | INFO | my_functions.py:200 | 
✅ Found: reeps_vm.png pos=(1126, 534) time=9.29s confidence=0.8
2026-05-17 22:14:12 | INFO | my_functions.py:135 | Haciendo click en la posición (1126, 534)
2026-05-17 22:14:12 | INFO | my_functions.py:256 | 🖱️ Click OK: reeps_vm.png at (1126, 534) delay=3s
2026-05-17 22:14:12 | INFO | my_functions.py:170 | Searching marvelsnap_web.png (timeout=30s)
2026-05-17 22:14:19 | INFO | my_functions.py:200 | 
✅ Found: marvelsnap_web.png pos=(258, 80) time=7.62s confidence=0.7
2026-05-17 22:14:20 | INFO | my_functions.py:170 | Searching shop_unselected.PNG (timeout=0s)
2026-05-17 22:14:20 | INFO | my_functions.py:214 | 
⛔ Not found: shop_unselected.PNG after 0.0s region=(0, 0, 765, 1038) confidence=0.8
2026-05-17 22:14:20 | INFO | my_functions.py:236 | [DEBUG] wait_for_image_and_click -> super_premium.PNG timeout=0s delay_click=1s confidence=0.8
2026-05-17 22:14:20 | INFO | my_functions.py:170 | Searching super_premium.PNG (timeout=0s)
2026-05-17 22:14:20 | INFO | my_functions.py:214 | 
⛔ Not found: super_premium.PNG after 0.0s region=(0, 0, 765, 1038) confidence=0.8
2026-05-17 22:14:20 | INFO | my_functions.py:263 | [DEBUG] Click skipped, image not found: super_premium.PNG
2026-05-17 22:14:20 | INFO | my_functions.py:236 | [DEBUG] wait_for_image_and_click -> maybe_later.PNG timeout=0s delay_click=1s confidence=0.8
2026-05-17 22:14:20 | INFO | my_functions.py:170 | Searching maybe_later.PNG (timeout=0s)
2026-05-17 22:14:20 | INFO | my_functions.py:214 | 
⛔ Not found: maybe_later.PNG after 0.0s region=(0, 0, 765, 1038) confidence=0.8
2026-05-17 22:14:20 | INFO | my_functions.py:263 | [DEBUG] Click skipped, image not found: maybe_later.PNG
2026-05-17 22:14:20 | INFO | my_functions.py:236 | [DEBUG] wait_for_image_and_click -> maybe_later2.PNG timeout=0s delay_click=1s confidence=0.8
2026-05-17 22:14:20 | INFO | my_functions.py:170 | Searching maybe_later2.PNG (timeout=0s)
2026-05-17 22:14:20 | INFO | my_functions.py:214 | 
⛔ Not found: maybe_later2.PNG after 0.0s region=(0, 0, 765, 1038) confidence=0.8
2026-05-17 22:14:20 | INFO | my_functions.py:263 | [DEBUG] Click skipped, image not found: maybe_later2.PNG
2026-05-17 22:14:20 | INFO | my_functions.py:170 | Searching go_to_shop.PNG (timeout=0s)
2026-05-17 22:14:21 | INFO | my_functions.py:214 | 
⛔ Not found: go_to_shop.PNG after 0.01s region=(0, 0, 765, 1038) confidence=0.8
2026-05-17 22:14:21 | INFO | my_functions.py:236 | [DEBUG] wait_for_image_and_click -> 14_days_of_winterverse.PNG timeout=0s delay_click=1s confidence=0.8
2026-05-17 22:14:21 | INFO | my_functions.py:170 | Searching 14_days_of_winterverse.PNG (timeout=0s)
2026-05-17 22:14:21 | INFO | my_functions.py:214 | 
⛔ Not found: 14_days_of_winterverse.PNG after 0.0s region=(0, 0, 765, 1038) confidence=0.8
2026-05-17 22:14:21 | INFO | my_functions.py:263 | [DEBUG] Click skipped, image not found: 14_days_of_winterverse.PNG
2026-05-17 22:14:21 | INFO | my_functions.py:170 | Searching welcome_back_calendar.PNG (timeout=0s)
2026-05-17 22:14:21 | INFO | my_functions.py:214 | 
⛔ Not found: welcome_back_calendar.PNG after 0.0s region=(0, 0, 765, 1038) confidence=0.8
2026-05-17 22:14:21 | INFO | my_functions.py:236 | [DEBUG] wait_for_image_and_click -> start_the_countdown.PNG timeout=0s delay_click=1s confidence=0.8
2026-05-17 22:14:21 | INFO | my_functions.py:170 | Searching start_the_countdown.PNG (timeout=0s)
2026-05-17 22:14:21 | INFO | my_functions.py:214 | 
⛔ Not found: start_the_countdown.PNG after 0.0s region=(0, 0, 765, 1038) confidence=0.8
2026-05-17 22:14:21 | INFO | my_functions.py:263 | [DEBUG] Click skipped, image not found: start_the_countdown.PNG
2026-05-17 22:14:21 | INFO | my_functions.py:236 | [DEBUG] wait_for_image_and_click -> event_has_ended_sanctum.PNG timeout=0s delay_click=1s confidence=0.8
2026-05-17 22:14:21 | INFO | my_functions.py:170 | Searching event_has_ended_sanctum.PNG (timeout=0s)
2026-05-17 22:14:21 | INFO | my_functions.py:214 | 
⛔ Not found: event_has_ended_sanctum.PNG after 0.0s region=(0, 0, 765, 1038) confidence=0.8
2026-05-17 22:14:21 | INFO | my_functions.py:263 | [DEBUG] Click skipped, image not found: event_has_ended_sanctum.PNG
2026-05-17 22:14:21 | INFO | my_functions.py:236 | [DEBUG] wait_for_image_and_click -> image_part_of_event_grand_arena_finished.PNG timeout=0s delay_click=1s confidence=0.8
2026-05-17 22:14:21 | INFO | my_functions.py:170 | Searching image_part_of_event_grand_arena_finished.PNG (timeout=0s)
2026-05-17 22:14:22 | INFO | my_functions.py:214 | 
⛔ Not found: image_part_of_event_grand_arena_finished.PNG after 0.0s region=(0, 0, 765, 1038) confidence=0.8
2026-05-17 22:14:22 | INFO | my_functions.py:263 | [DEBUG] Click skipped, image not found: image_part_of_event_grand_arena_finished.PNG
2026-05-17 22:14:22 | INFO | my_functions.py:170 | Searching 28_day_event_login_rewards.PNG (timeout=0s)
2026-05-17 22:14:22 | INFO | my_functions.py:214 | 
⛔ Not found: 28_day_event_login_rewards.PNG after 0.01s region=(0, 0, 765, 1038) confidence=0.8
2026-05-17 22:14:22 | INFO | my_functions.py:170 | Searching 7_day_event_login.PNG (timeout=0s)
2026-05-17 22:14:22 | INFO | my_functions.py:214 | 
⛔ Not found: 7_day_event_login.PNG after 0.0s region=(0, 0, 765, 1038) confidence=0.8
2026-05-17 22:14:22 | INFO | my_functions.py:170 | Searching 14_days_event.PNG (timeout=0s)
2026-05-17 22:14:22 | INFO | my_functions.py:214 | 
⛔ Not found: 14_days_event.PNG after 0.0s region=(0, 0, 765, 1038) confidence=0.8
2026-05-17 22:14:22 | INFO | my_functions.py:236 | [DEBUG] wait_for_image_and_click -> lets_go.PNG timeout=0s delay_click=1s confidence=0.8
2026-05-17 22:14:22 | INFO | my_functions.py:170 | Searching lets_go.PNG (timeout=0s)
2026-05-17 22:14:22 | INFO | my_functions.py:214 | 
⛔ Not found: lets_go.PNG after 0.0s region=(0, 0, 765, 1038) confidence=0.8
2026-05-17 22:14:22 | INFO | my_functions.py:263 | [DEBUG] Click skipped, image not found: lets_go.PNG
2026-05-17 22:14:23 | INFO | my_functions.py:170 | Searching shop_unselected.PNG (timeout=0s)
2026-05-17 22:14:23 | INFO | my_functions.py:214 | 
⛔ Not found: shop_unselected.PNG after 0.0s region=(0, 0, 765, 1038) confidence=0.8
2026-05-17 22:14:23 | INFO | my_functions.py:236 | [DEBUG] wait_for_image_and_click -> super_premium.PNG timeout=0s delay_click=1s confidence=0.8
2026-05-17 22:14:23 | INFO | my_functions.py:170 | Searching super_premium.PNG (timeout=0s)
2026-05-17 22:14:24 | INFO | my_functions.py:214 | 
⛔ Not found: super_premium.PNG after 0.0s region=(0, 0, 765, 1038) confidence=0.8
2026-05-17 22:14:24 | INFO | my_functions.py:263 | [DEBUG] Click skipped, image not found: super_premium.PNG
2026-05-17 22:14:24 | INFO | my_functions.py:236 | [DEBUG] wait_for_image_and_click -> maybe_later.PNG timeout=0s delay_click=1s confidence=0.8
2026-05-17 22:14:24 | INFO | my_functions.py:170 | Searching maybe_later.PNG (timeout=0s)
2026-05-17 22:14:24 | INFO | my_functions.py:214 | 
⛔ Not found: maybe_later.PNG after 0.01s region=(0, 0, 765, 1038) confidence=0.8
2026-05-17 22:14:24 | INFO | my_functions.py:263 | [DEBUG] Click skipped, image not found: maybe_later.PNG
2026-05-17 22:14:24 | INFO | my_functions.py:236 | [DEBUG] wait_for_image_and_click -> maybe_later2.PNG timeout=0s delay_click=1s confidence=0.8
2026-05-17 22:14:24 | INFO | my_functions.py:170 | Searching maybe_later2.PNG (timeout=0s)
2026-05-17 22:14:24 | INFO | my_functions.py:214 | 
⛔ Not found: maybe_later2.PNG after 0.01s region=(0, 0, 765, 1038) confidence=0.8
2026-05-17 22:14:24 | INFO | my_functions.py:263 | [DEBUG] Click skipped, image not found: maybe_later2.PNG
2026-05-17 22:14:24 | INFO | my_functions.py:170 | Searching go_to_shop.PNG (timeout=0s)
2026-05-17 22:14:24 | INFO | my_functions.py:214 | 
⛔ Not found: go_to_shop.PNG after 0.0s region=(0, 0, 765, 1038) confidence=0.8
2026-05-17 22:14:24 | INFO | my_functions.py:236 | [DEBUG] wait_for_image_and_click -> 14_days_of_winterverse.PNG timeout=0s delay_click=1s confidence=0.8
2026-05-17 22:14:24 | INFO | my_functions.py:170 | Searching 14_days_of_winterverse.PNG (timeout=0s)
2026-05-17 22:14:24 | INFO | my_functions.py:214 | 
⛔ Not found: 14_days_of_winterverse.PNG after 0.0s region=(0, 0, 765, 1038) confidence=0.8
2026-05-17 22:14:24 | INFO | my_functions.py:263 | [DEBUG] Click skipped, image not found: 14_days_of_winterverse.PNG
2026-05-17 22:14:24 | INFO | my_functions.py:170 | Searching welcome_back_calendar.PNG (timeout=0s)
2026-05-17 22:14:25 | INFO | my_functions.py:214 | 
⛔ Not found: welcome_back_calendar.PNG after 0.0s region=(0, 0, 765, 1038) confidence=0.8
2026-05-17 22:14:25 | INFO | my_functions.py:236 | [DEBUG] wait_for_image_and_click -> start_the_countdown.PNG timeout=0s delay_click=1s confidence=0.8
2026-05-17 22:14:25 | INFO | my_functions.py:170 | Searching start_the_countdown.PNG (timeout=0s)
2026-05-17 22:14:25 | INFO | my_functions.py:214 | 
⛔ Not found: start_the_countdown.PNG after 0.0s region=(0, 0, 765, 1038) confidence=0.8
2026-05-17 22:14:25 | INFO | my_functions.py:263 | [DEBUG] Click skipped, image not found: start_the_countdown.PNG
2026-05-17 22:14:25 | INFO | my_functions.py:236 | [DEBUG] wait_for_image_and_click -> event_has_ended_sanctum.PNG timeout=0s delay_click=1s confidence=0.8
2026-05-17 22:14:25 | INFO | my_functions.py:170 | Searching event_has_ended_sanctum.PNG (timeout=0s)
2026-05-17 22:14:25 | INFO | my_functions.py:214 | 
⛔ Not found: event_has_ended_sanctum.PNG after 0.0s region=(0, 0, 765, 1038) confidence=0.8
2026-05-17 22:14:25 | INFO | my_functions.py:263 | [DEBUG] Click skipped, image not found: event_has_ended_sanctum.PNG
2026-05-17 22:14:25 | INFO | my_functions.py:236 | [DEBUG] wait_for_image_and_click -> image_part_of_event_grand_arena_finished.PNG timeout=0s delay_click=1s confidence=0.8
2026-05-17 22:14:25 | INFO | my_functions.py:170 | Searching image_part_of_event_grand_arena_finished.PNG (timeout=0s)
2026-05-17 22:14:25 | INFO | my_functions.py:214 | 
⛔ Not found: image_part_of_event_grand_arena_finished.PNG after 0.01s region=(0, 0, 765, 1038) confidence=0.8
2026-05-17 22:14:25 | INFO | my_functions.py:263 | [DEBUG] Click skipped, image not found: image_part_of_event_grand_arena_finished.PNG
2026-05-17 22:14:25 | INFO | my_functions.py:170 | Searching 28_day_event_login_rewards.PNG (timeout=0s)
2026-05-17 22:14:25 | INFO | my_functions.py:214 | 
⛔ Not found: 28_day_event_login_rewards.PNG after 0.01s region=(0, 0, 765, 1038) confidence=0.8
2026-05-17 22:14:25 | INFO | my_functions.py:170 | Searching 7_day_event_login.PNG (timeout=0s)
2026-05-17 22:14:25 | INFO | my_functions.py:214 | 
⛔ Not found: 7_day_event_login.PNG after 0.0s region=(0, 0, 765, 1038) confidence=0.8
2026-05-17 22:14:25 | INFO | my_functions.py:170 | Searching 14_days_event.PNG (timeout=0s)
2026-05-17 22:14:26 | INFO | my_functions.py:214 | 
⛔ Not found: 14_days_event.PNG after 0.0s region=(0, 0, 765, 1038) confidence=0.8
2026-05-17 22:14:26 | INFO | my_functions.py:236 | [DEBUG] wait_for_image_and_click -> lets_go.PNG timeout=0s delay_click=1s confidence=0.8
2026-05-17 22:14:26 | INFO | my_functions.py:170 | Searching lets_go.PNG (timeout=0s)
2026-05-17 22:14:26 | INFO | my_functions.py:214 | 
⛔ Not found: lets_go.PNG after 0.0s region=(0, 0, 765, 1038) confidence=0.8
2026-05-17 22:14:26 | INFO | my_functions.py:263 | [DEBUG] Click skipped, image not found: lets_go.PNG
2026-05-17 22:14:27 | INFO | my_functions.py:170 | Searching shop_unselected.PNG (timeout=0s)
2026-05-17 22:14:27 | INFO | my_functions.py:214 | 
⛔ Not found: shop_unselected.PNG after 0.0s region=(0, 0, 765, 1038) confidence=0.8
2026-05-17 22:14:27 | INFO | my_functions.py:236 | [DEBUG] wait_for_image_and_click -> super_premium.PNG timeout=0s delay_click=1s confidence=0.8
2026-05-17 22:14:27 | INFO | my_functions.py:170 | Searching super_premium.PNG (timeout=0s)
2026-05-17 22:14:27 | INFO | my_functions.py:214 | 
⛔ Not found: super_premium.PNG after 0.0s region=(0, 0, 765, 1038) confidence=0.8
2026-05-17 22:14:27 | INFO | my_functions.py:263 | [DEBUG] Click skipped, image not found: super_premium.PNG
2026-05-17 22:14:27 | INFO | my_functions.py:236 | [DEBUG] wait_for_image_and_click -> maybe_later.PNG timeout=0s delay_click=1s confidence=0.8
2026-05-17 22:14:27 | INFO | my_functions.py:170 | Searching maybe_later.PNG (timeout=0s)
2026-05-17 22:14:27 | INFO | my_functions.py:214 | 
⛔ Not found: maybe_later.PNG after 0.0s region=(0, 0, 765, 1038) confidence=0.8
2026-05-17 22:14:27 | INFO | my_functions.py:263 | [DEBUG] Click skipped, image not found: maybe_later.PNG
2026-05-17 22:14:27 | INFO | my_functions.py:236 | [DEBUG] wait_for_image_and_click -> maybe_later2.PNG timeout=0s delay_click=1s confidence=0.8
2026-05-17 22:14:27 | INFO | my_functions.py:170 | Searching maybe_later2.PNG (timeout=0s)
2026-05-17 22:14:28 | INFO | my_functions.py:214 | 
⛔ Not found: maybe_later2.PNG after 0.01s region=(0, 0, 765, 1038) confidence=0.8
2026-05-17 22:14:28 | INFO | my_functions.py:263 | [DEBUG] Click skipped, image not found: maybe_later2.PNG
2026-05-17 22:14:28 | INFO | my_functions.py:170 | Searching go_to_shop.PNG (timeout=0s)
2026-05-17 22:14:28 | INFO | my_functions.py:214 | 
⛔ Not found: go_to_shop.PNG after 0.01s region=(0, 0, 765, 1038) confidence=0.8
2026-05-17 22:14:28 | INFO | my_functions.py:236 | [DEBUG] wait_for_image_and_click -> 14_days_of_winterverse.PNG timeout=0s delay_click=1s confidence=0.8
2026-05-17 22:14:28 | INFO | my_functions.py:170 | Searching 14_days_of_winterverse.PNG (timeout=0s)
2026-05-17 22:14:28 | INFO | my_functions.py:214 | 
⛔ Not found: 14_days_of_winterverse.PNG after 0.0s region=(0, 0, 765, 1038) confidence=0.8
2026-05-17 22:14:28 | INFO | my_functions.py:263 | [DEBUG] Click skipped, image not found: 14_days_of_winterverse.PNG
2026-05-17 22:14:28 | INFO | my_functions.py:170 | Searching welcome_back_calendar.PNG (timeout=0s)
2026-05-17 22:14:28 | INFO | my_functions.py:214 | 
⛔ Not found: welcome_back_calendar.PNG after 0.0s region=(0, 0, 765, 1038) confidence=0.8
2026-05-17 22:14:28 | INFO | my_functions.py:236 | [DEBUG] wait_for_image_and_click -> start_the_countdown.PNG timeout=0s delay_click=1s confidence=0.8
2026-05-17 22:14:28 | INFO | my_functions.py:170 | Searching start_the_countdown.PNG (timeout=0s)
2026-05-17 22:14:29 | INFO | my_functions.py:214 | 
⛔ Not found: start_the_countdown.PNG after 0.04s region=(0, 0, 765, 1038) confidence=0.8
2026-05-17 22:14:29 | INFO | my_functions.py:263 | [DEBUG] Click skipped, image not found: start_the_countdown.PNG
2026-05-17 22:14:29 | INFO | my_functions.py:236 | [DEBUG] wait_for_image_and_click -> event_has_ended_sanctum.PNG timeout=0s delay_click=1s confidence=0.8
2026-05-17 22:14:29 | INFO | my_functions.py:170 | Searching event_has_ended_sanctum.PNG (timeout=0s)
2026-05-17 22:14:29 | INFO | my_functions.py:214 | 
⛔ Not found: event_has_ended_sanctum.PNG after 0.05s region=(0, 0, 765, 1038) confidence=0.8
2026-05-17 22:14:29 | INFO | my_functions.py:263 | [DEBUG] Click skipped, image not found: event_has_ended_sanctum.PNG
2026-05-17 22:14:29 | INFO | my_functions.py:236 | [DEBUG] wait_for_image_and_click -> image_part_of_event_grand_arena_finished.PNG timeout=0s delay_click=1s confidence=0.8
2026-05-17 22:14:29 | INFO | my_functions.py:170 | Searching image_part_of_event_grand_arena_finished.PNG (timeout=0s)
2026-05-17 22:14:29 | INFO | my_functions.py:214 | 
⛔ Not found: image_part_of_event_grand_arena_finished.PNG after 0.01s region=(0, 0, 765, 1038) confidence=0.8
2026-05-17 22:14:29 | INFO | my_functions.py:263 | [DEBUG] Click skipped, image not found: image_part_of_event_grand_arena_finished.PNG
2026-05-17 22:14:29 | INFO | my_functions.py:170 | Searching 28_day_event_login_rewards.PNG (timeout=0s)
2026-05-17 22:14:30 | INFO | my_functions.py:214 | 
⛔ Not found: 28_day_event_login_rewards.PNG after 0.01s region=(0, 0, 765, 1038) confidence=0.8
2026-05-17 22:14:30 | INFO | my_functions.py:170 | Searching 7_day_event_login.PNG (timeout=0s)
2026-05-17 22:14:30 | INFO | my_functions.py:214 | 
⛔ Not found: 7_day_event_login.PNG after 0.0s region=(0, 0, 765, 1038) confidence=0.8
2026-05-17 22:14:30 | INFO | my_functions.py:170 | Searching 14_days_event.PNG (timeout=0s)
2026-05-17 22:14:30 | INFO | my_functions.py:214 | 
⛔ Not found: 14_days_event.PNG after 0.0s region=(0, 0, 765, 1038) confidence=0.8
2026-05-17 22:14:30 | INFO | my_functions.py:236 | [DEBUG] wait_for_image_and_click -> lets_go.PNG timeout=0s delay_click=1s confidence=0.8
2026-05-17 22:14:30 | INFO | my_functions.py:170 | Searching lets_go.PNG (timeout=0s)
2026-05-17 22:14:30 | INFO | my_functions.py:214 | 
⛔ Not found: lets_go.PNG after 0.0s region=(0, 0, 765, 1038) confidence=0.8
2026-05-17 22:14:30 | INFO | my_functions.py:263 | [DEBUG] Click skipped, image not found: lets_go.PNG
2026-05-17 22:14:31 | INFO | my_functions.py:170 | Searching shop_unselected.PNG (timeout=0s)
2026-05-17 22:14:32 | INFO | my_functions.py:200 | 
✅ Found: shop_unselected.PNG pos=(88, 961) time=0.28s confidence=0.8
2026-05-17 22:14:40 | INFO | my_functions.py:170 | Searching shop_unselected.PNG (timeout=0s)
2026-05-17 22:14:40 | INFO | my_functions.py:214 | 
⛔ Not found: shop_unselected.PNG after 0.0s region=(0, 0, 765, 1038) confidence=0.8
2026-05-17 22:14:41 | INFO | my_functions.py:170 | Searching shop_unselected.PNG (timeout=0s)
2026-05-17 22:14:41 | INFO | my_functions.py:214 | 
⛔ Not found: shop_unselected.PNG after 0.0s region=(0, 0, 765, 1038) confidence=0.8
2026-05-17 22:14:41 | INFO | my_functions.py:236 | [DEBUG] wait_for_image_and_click -> super_premium.PNG timeout=0s delay_click=1s confidence=0.8
2026-05-17 22:14:41 | INFO | my_functions.py:170 | Searching super_premium.PNG (timeout=0s)
2026-05-17 22:14:41 | INFO | my_functions.py:200 | 
✅ Found: super_premium.PNG pos=(480, 777) time=0.19s confidence=0.8
2026-05-17 22:14:42 | INFO | my_functions.py:135 | Haciendo click en la posición (480, 777)
2026-05-17 22:14:43 | INFO | my_functions.py:256 | 🖱️ Click OK: super_premium.PNG at (480, 777) delay=1s
2026-05-17 22:14:43 | INFO | my_functions.py:143 | Presionando ESC (1/1)
2026-05-17 22:14:51 | INFO | my_functions.py:170 | Searching shop_unselected.PNG (timeout=0s)
2026-05-17 22:14:51 | INFO | my_functions.py:200 | 
✅ Found: shop_unselected.PNG pos=(88, 961) time=0.19s confidence=0.8
2026-05-17 22:14:51 | INFO | my_functions.py:497 | Ya esta listo
2026-05-17 22:14:53 | INFO | my_functions.py:309 | AVAILABLE: 6
2026-05-17 22:14:54 | INFO | my_functions.py:331 | Misiones completadas: 0
2026-05-17 22:14:54 | INFO | my_functions.py:170 | Searching play.PNG (timeout=0s)
2026-05-17 22:14:54 | INFO | my_functions.py:200 | 
✅ Found: play.PNG pos=(384, 825) time=0.21s confidence=0.8
2026-05-17 22:14:54 | INFO | my_functions.py:1159 | [INFO] Click realizado donde se equipa el deck a jugar
2026-05-17 22:14:58 | INFO | my_functions.py:236 | [DEBUG] wait_for_image_and_click -> deck_666666.png timeout=3s delay_click=1s confidence=0.8
2026-05-17 22:14:58 | INFO | my_functions.py:170 | Searching deck_666666.png (timeout=3s)
2026-05-17 22:14:58 | INFO | my_functions.py:200 | 
✅ Found: deck_666666.png pos=(235, 547) time=0.39s confidence=0.8
2026-05-17 22:14:59 | INFO | my_functions.py:135 | Haciendo click en la posición (235, 547)
2026-05-17 22:15:00 | INFO | my_functions.py:256 | 🖱️ Click OK: deck_666666.png at (235, 547) delay=1s
2026-05-17 22:15:00 | INFO | my_functions.py:236 | [DEBUG] wait_for_image_and_click -> equip.png timeout=3s delay_click=1s confidence=0.95
2026-05-17 22:15:00 | INFO | my_functions.py:170 | Searching equip.png (timeout=3s)
2026-05-17 22:15:03 | INFO | my_functions.py:214 | 
⛔ Not found: equip.png after 3.11s region=(0, 0, 765, 1038) confidence=0.95
2026-05-17 22:15:03 | INFO | my_functions.py:263 | [DEBUG] Click skipped, image not found: equip.png
2026-05-17 22:15:03 | INFO | my_functions.py:143 | Presionando ESC (1/1)
2026-05-17 22:15:03 | INFO | each_eight_hours.py:184 | Deck selected: 6turns
2026-05-17 22:15:03 | INFO | my_functions.py:236 | [DEBUG] wait_for_image_and_click -> maybe_later.PNG timeout=2s delay_click=1s confidence=0.8
2026-05-17 22:15:03 | INFO | my_functions.py:170 | Searching maybe_later.PNG (timeout=2s)
2026-05-17 22:15:06 | INFO | my_functions.py:214 | 
⛔ Not found: maybe_later.PNG after 2.15s region=(0, 0, 765, 1038) confidence=0.8
2026-05-17 22:15:06 | INFO | my_functions.py:263 | [DEBUG] Click skipped, image not found: maybe_later.PNG
2026-05-17 22:15:06 | INFO | my_functions.py:236 | [DEBUG] wait_for_image_and_click -> maybe_later2.PNG timeout=0.01s delay_click=1s confidence=0.8
2026-05-17 22:15:06 | INFO | my_functions.py:170 | Searching maybe_later2.PNG (timeout=0.01s)
2026-05-17 22:15:06 | INFO | my_functions.py:214 | 
⛔ Not found: maybe_later2.PNG after 0.19s region=(0, 0, 765, 1038) confidence=0.8
2026-05-17 22:15:06 | INFO | my_functions.py:263 | [DEBUG] Click skipped, image not found: maybe_later2.PNG
2026-05-17 22:15:06 | INFO | each_eight_hours.py:237 | Starting game loop 1
2026-05-17 22:15:06 | INFO | my_functions.py:236 | [DEBUG] wait_for_image_and_click -> play.PNG timeout=20s delay_click=3s confidence=0.8
2026-05-17 22:15:06 | INFO | my_functions.py:170 | Searching play.PNG (timeout=20s)
2026-05-17 22:15:06 | INFO | my_functions.py:200 | 
✅ Found: play.PNG pos=(384, 824) time=0.22s confidence=0.8
2026-05-17 22:15:09 | INFO | my_functions.py:135 | Haciendo click en la posición (384, 824)
2026-05-17 22:15:10 | INFO | my_functions.py:256 | 🖱️ Click OK: play.PNG at (384, 824) delay=3s
2026-05-17 22:15:28 | INFO | my_functions.py:200 | 
✅ Found: end_turn.PNG pos=(681, 945) time=0.19s confidence=0.8
2026-05-17 22:15:28 | INFO | my_functions.py:236 | [DEBUG] wait_for_image_and_click -> snap.PNG timeout=0s delay_click=1s confidence=0.8
2026-05-17 22:15:28 | INFO | my_functions.py:200 | 
✅ Found: snap.PNG pos=(386, 122) time=0.2s confidence=0.8
2026-05-17 22:15:29 | INFO | my_functions.py:135 | Haciendo click en la posición (386, 122)
2026-05-17 22:15:29 | INFO | my_functions.py:256 | 🖱️ Click OK: snap.PNG at (386, 122) delay=1s
2026-05-17 22:15:34 | INFO | my_functions.py:135 | Haciendo click en la posición (681, 945)
2026-05-17 22:15:36 | INFO | each_eight_hours.py:253 | End turn executed
2026-05-17 22:15:49 | INFO | my_functions.py:200 | 
✅ Found: end_turn.PNG pos=(681, 945) time=0.18s confidence=0.8
2026-05-17 22:15:49 | INFO | my_functions.py:236 | [DEBUG] wait_for_image_and_click -> snap.PNG timeout=0s delay_click=1s confidence=0.8
2026-05-17 22:15:49 | INFO | my_functions.py:263 | [DEBUG] Click skipped, image not found: snap.PNG
2026-05-17 22:15:54 | INFO | my_functions.py:135 | Haciendo click en la posición (681, 945)
2026-05-17 22:15:55 | INFO | each_eight_hours.py:253 | End turn executed
2026-05-17 22:16:01 | INFO | my_functions.py:200 | 
✅ Found: never_seen_before.png pos=(395, 141) time=0.19s confidence=0.8
2026-05-17 22:16:02 | WARNING | each_eight_hours.py:266 | Unknown popup handled
2026-05-17 22:16:10 | INFO | my_functions.py:200 | 
✅ Found: end_turn.PNG pos=(681, 945) time=0.17s confidence=0.8
2026-05-17 22:16:10 | INFO | my_functions.py:236 | [DEBUG] wait_for_image_and_click -> snap.PNG timeout=0s delay_click=1s confidence=0.8
2026-05-17 22:16:10 | INFO | my_functions.py:263 | [DEBUG] Click skipped, image not found: snap.PNG
2026-05-17 22:16:15 | INFO | my_functions.py:135 | Haciendo click en la posición (681, 945)
2026-05-17 22:16:17 | INFO | each_eight_hours.py:253 | End turn executed
2026-05-17 22:16:32 | INFO | my_functions.py:200 | 
✅ Found: end_turn.PNG pos=(681, 945) time=0.19s confidence=0.8
2026-05-17 22:16:32 | INFO | my_functions.py:236 | [DEBUG] wait_for_image_and_click -> snap.PNG timeout=0s delay_click=1s confidence=0.8
2026-05-17 22:16:33 | INFO | my_functions.py:263 | [DEBUG] Click skipped, image not found: snap.PNG
2026-05-17 22:16:38 | INFO | my_functions.py:135 | Haciendo click en la posición (681, 945)
2026-05-17 22:16:39 | INFO | each_eight_hours.py:253 | End turn executed
2026-05-17 22:17:01 | INFO | my_functions.py:200 | 
✅ Found: end_turn.PNG pos=(681, 945) time=0.2s confidence=0.8
2026-05-17 22:17:01 | INFO | my_functions.py:236 | [DEBUG] wait_for_image_and_click -> snap.PNG timeout=0s delay_click=1s confidence=0.8
2026-05-17 22:17:02 | INFO | my_functions.py:263 | [DEBUG] Click skipped, image not found: snap.PNG
2026-05-17 22:17:07 | INFO | my_functions.py:135 | Haciendo click en la posición (681, 945)
2026-05-17 22:17:08 | INFO | each_eight_hours.py:253 | End turn executed
2026-05-17 22:17:23 | INFO | my_functions.py:200 | 
✅ Found: end_turn.PNG pos=(681, 945) time=0.2s confidence=0.8
2026-05-17 22:17:23 | INFO | my_functions.py:236 | [DEBUG] wait_for_image_and_click -> snap.PNG timeout=0s delay_click=1s confidence=0.8
2026-05-17 22:17:23 | INFO | my_functions.py:263 | [DEBUG] Click skipped, image not found: snap.PNG
2026-05-17 22:17:28 | INFO | my_functions.py:135 | Haciendo click en la posición (681, 945)
2026-05-17 22:17:29 | INFO | each_eight_hours.py:253 | End turn executed
2026-05-17 22:17:55 | INFO | my_functions.py:200 | 
✅ Found: collect_rewards.PNG pos=(679, 957) time=0.18s confidence=0.8
2026-05-17 22:17:55 | INFO | each_eight_hours.py:292 | Rewards detected, exiting match
2026-05-17 22:17:55 | INFO | my_functions.py:236 | [DEBUG] wait_for_image_and_click -> collect_rewards.PNG timeout=20s delay_click=1s confidence=0.8
2026-05-17 22:17:55 | INFO | my_functions.py:170 | Searching collect_rewards.PNG (timeout=20s)
2026-05-17 22:17:56 | INFO | my_functions.py:200 | 
✅ Found: collect_rewards.PNG pos=(679, 957) time=0.21s confidence=0.8
2026-05-17 22:17:57 | INFO | my_functions.py:135 | Haciendo click en la posición (679, 957)
2026-05-17 22:17:57 | INFO | my_functions.py:256 | 🖱️ Click OK: collect_rewards.PNG at (679, 957) delay=1s
2026-05-17 22:17:57 | INFO | my_functions.py:236 | [DEBUG] wait_for_image_and_click -> next.PNG timeout=20s delay_click=1s confidence=0.8
2026-05-17 22:17:57 | INFO | my_functions.py:170 | Searching next.PNG (timeout=20s)
2026-05-17 22:18:00 | INFO | my_functions.py:200 | 
✅ Found: next.PNG pos=(677, 1004) time=3.31s confidence=0.8
2026-05-17 22:18:01 | INFO | my_functions.py:135 | Haciendo click en la posición (677, 1004)
2026-05-17 22:18:01 | INFO | my_functions.py:256 | 🖱️ Click OK: next.PNG at (677, 1004) delay=1s
2026-05-17 22:18:03 | INFO | my_functions.py:309 | AVAILABLE: 6
2026-05-17 22:18:03 | INFO | each_eight_hours.py:359 | Submissions after match: 6
2026-05-17 22:18:03 | INFO | my_functions.py:331 | Misiones completadas: 1
2026-05-17 22:18:03 | INFO | each_eight_hours.py:237 | Starting game loop 2
2026-05-17 22:18:03 | INFO | my_functions.py:236 | [DEBUG] wait_for_image_and_click -> play.PNG timeout=20s delay_click=3s confidence=0.8
2026-05-17 22:18:03 | INFO | my_functions.py:170 | Searching play.PNG (timeout=20s)
2026-05-17 22:18:04 | INFO | my_functions.py:200 | 
✅ Found: play.PNG pos=(384, 824) time=0.47s confidence=0.8
2026-05-17 22:18:07 | INFO | my_functions.py:135 | Haciendo click en la posición (384, 824)
2026-05-17 22:18:07 | INFO | my_functions.py:256 | 🖱️ Click OK: play.PNG at (384, 824) delay=3s
2026-05-17 22:18:19 | INFO | my_functions.py:200 | 
✅ Found: end_turn.PNG pos=(682, 945) time=0.17s confidence=0.8
2026-05-17 22:18:19 | INFO | my_functions.py:236 | [DEBUG] wait_for_image_and_click -> snap.PNG timeout=0s delay_click=1s confidence=0.8
2026-05-17 22:18:19 | INFO | my_functions.py:200 | 
✅ Found: snap.PNG pos=(386, 122) time=0.2s confidence=0.8
2026-05-17 22:18:20 | INFO | my_functions.py:135 | Haciendo click en la posición (386, 122)
2026-05-17 22:18:20 | INFO | my_functions.py:256 | 🖱️ Click OK: snap.PNG at (386, 122) delay=1s
2026-05-17 22:18:26 | INFO | my_functions.py:135 | Haciendo click en la posición (682, 945)
2026-05-17 22:18:28 | INFO | each_eight_hours.py:253 | End turn executed
2026-05-17 22:18:39 | INFO | my_functions.py:200 | 
✅ Found: end_turn.PNG pos=(681, 945) time=0.18s confidence=0.8
2026-05-17 22:18:39 | INFO | my_functions.py:236 | [DEBUG] wait_for_image_and_click -> snap.PNG timeout=0s delay_click=1s confidence=0.8
2026-05-17 22:18:40 | INFO | my_functions.py:263 | [DEBUG] Click skipped, image not found: snap.PNG
2026-05-17 22:18:45 | INFO | my_functions.py:135 | Haciendo click en la posición (681, 945)
2026-05-17 22:18:46 | INFO | each_eight_hours.py:253 | End turn executed
2026-05-17 22:19:01 | INFO | my_functions.py:200 | 
✅ Found: end_turn.PNG pos=(681, 945) time=0.17s confidence=0.8
2026-05-17 22:19:01 | INFO | my_functions.py:236 | [DEBUG] wait_for_image_and_click -> snap.PNG timeout=0s delay_click=1s confidence=0.8
2026-05-17 22:19:02 | INFO | my_functions.py:263 | [DEBUG] Click skipped, image not found: snap.PNG
2026-05-17 22:19:06 | INFO | my_functions.py:135 | Haciendo click en la posición (681, 945)
2026-05-17 22:19:08 | INFO | each_eight_hours.py:253 | End turn executed
2026-05-17 22:19:37 | INFO | my_functions.py:200 | 
✅ Found: end_turn.PNG pos=(681, 945) time=0.19s confidence=0.8
2026-05-17 22:19:37 | INFO | my_functions.py:236 | [DEBUG] wait_for_image_and_click -> snap.PNG timeout=0s delay_click=1s confidence=0.8
2026-05-17 22:19:37 | INFO | my_functions.py:263 | [DEBUG] Click skipped, image not found: snap.PNG
2026-05-17 22:19:42 | INFO | my_functions.py:135 | Haciendo click en la posición (681, 945)
2026-05-17 22:19:43 | INFO | each_eight_hours.py:253 | End turn executed
2026-05-17 22:20:14 | INFO | my_functions.py:200 | 
✅ Found: end_turn.PNG pos=(681, 945) time=0.19s confidence=0.8
2026-05-17 22:20:14 | INFO | my_functions.py:236 | [DEBUG] wait_for_image_and_click -> snap.PNG timeout=0s delay_click=1s confidence=0.8
2026-05-17 22:20:14 | INFO | my_functions.py:263 | [DEBUG] Click skipped, image not found: snap.PNG
2026-05-17 22:20:19 | INFO | my_functions.py:135 | Haciendo click en la posición (681, 945)
2026-05-17 22:20:20 | INFO | each_eight_hours.py:253 | End turn executed
2026-05-17 22:20:39 | INFO | my_functions.py:200 | 
✅ Found: end_turn.PNG pos=(681, 945) time=0.18s confidence=0.8
2026-05-17 22:20:39 | INFO | my_functions.py:236 | [DEBUG] wait_for_image_and_click -> snap.PNG timeout=0s delay_click=1s confidence=0.8
2026-05-17 22:20:39 | INFO | my_functions.py:263 | [DEBUG] Click skipped, image not found: snap.PNG
2026-05-17 22:20:44 | INFO | my_functions.py:135 | Haciendo click en la posición (681, 945)
2026-05-17 22:20:45 | INFO | each_eight_hours.py:253 | End turn executed
2026-05-17 22:21:19 | INFO | my_functions.py:200 | 
✅ Found: collect_rewards.PNG pos=(680, 985) time=0.22s confidence=0.8
2026-05-17 22:21:19 | INFO | each_eight_hours.py:292 | Rewards detected, exiting match
2026-05-17 22:21:19 | INFO | my_functions.py:236 | [DEBUG] wait_for_image_and_click -> collect_rewards.PNG timeout=20s delay_click=1s confidence=0.8
2026-05-17 22:21:19 | INFO | my_functions.py:170 | Searching collect_rewards.PNG (timeout=20s)
2026-05-17 22:21:19 | INFO | my_functions.py:200 | 
✅ Found: collect_rewards.PNG pos=(679, 960) time=0.24s confidence=0.8
2026-05-17 22:21:20 | INFO | my_functions.py:135 | Haciendo click en la posición (679, 960)
2026-05-17 22:21:20 | INFO | my_functions.py:256 | 🖱️ Click OK: collect_rewards.PNG at (679, 960) delay=1s
2026-05-17 22:21:20 | INFO | my_functions.py:236 | [DEBUG] wait_for_image_and_click -> next.PNG timeout=20s delay_click=1s confidence=0.8
2026-05-17 22:21:20 | INFO | my_functions.py:170 | Searching next.PNG (timeout=20s)
2026-05-17 22:21:25 | INFO | my_functions.py:200 | 
✅ Found: next.PNG pos=(678, 972) time=5.06s confidence=0.8
2026-05-17 22:21:26 | INFO | my_functions.py:135 | Haciendo click en la posición (678, 972)
2026-05-17 22:21:27 | INFO | my_functions.py:256 | 🖱️ Click OK: next.PNG at (678, 972) delay=1s
2026-05-17 22:21:29 | INFO | my_functions.py:309 | AVAILABLE: 6
2026-05-17 22:21:29 | INFO | each_eight_hours.py:359 | Submissions after match: 6
2026-05-17 22:21:29 | INFO | my_functions.py:331 | Misiones completadas: 2
2026-05-17 22:21:29 | INFO | each_eight_hours.py:363 | Submission condition met, breaking loop
2026-05-17 22:21:29 | INFO | my_functions.py:236 | [DEBUG] wait_for_image_and_click -> missionsNotify2.png timeout=20s delay_click=3s confidence=0.8
2026-05-17 22:21:29 | INFO | my_functions.py:170 | Searching missionsNotify2.png (timeout=20s)
2026-05-17 22:21:29 | INFO | my_functions.py:200 | 
✅ Found: missionsNotify2.png pos=(538, 124) time=0.21s confidence=0.8
2026-05-17 22:21:32 | INFO | my_functions.py:135 | Haciendo click en la posición (538, 124)
2026-05-17 22:21:32 | INFO | my_functions.py:256 | 🖱️ Click OK: missionsNotify2.png at (538, 124) delay=3s
2026-05-17 22:21:32 | INFO | my_functions.py:1189 | [INFO] Iniciando click_missions_blue2
2026-05-17 22:21:32 | INFO | my_functions.py:135 | Haciendo click en la posición (150, 132)
2026-05-17 22:21:33 | INFO | my_functions.py:1192 | [ACTION] Click hecho en icono de calendario que me dirige a las misiones ordinarias
2026-05-17 22:21:33 | INFO | my_functions.py:170 | Searching bonus_challenge.png (timeout=0s)
2026-05-17 22:21:34 | INFO | my_functions.py:214 | 
⛔ Not found: bonus_challenge.png after 0.0s region=(0, 0, 765, 1038) confidence=0.8
2026-05-17 22:21:36 | INFO | my_functions.py:135 | Haciendo click en la posición (362, 493)
2026-05-17 22:21:37 | INFO | my_functions.py:1205 | [ACTION] Click 1/2 en misión azul
2026-05-17 22:21:37 | INFO | my_functions.py:135 | Haciendo click en la posición (362, 493)
2026-05-17 22:21:39 | INFO | my_functions.py:1205 | [ACTION] Click 2/2 en misión azul
2026-05-17 22:21:39 | INFO | my_functions.py:170 | Searching flechita_mission.PNG (timeout=0s)
2026-05-17 22:21:39 | INFO | my_functions.py:214 | 
⛔ Not found: flechita_mission.PNG after 0.0s region=(0, 0, 765, 1038) confidence=0.8
2026-05-17 22:21:39 | INFO | my_functions.py:236 | [DEBUG] wait_for_image_and_click -> weekly3.PNG timeout=0s delay_click=0.1s confidence=0.8
2026-05-17 22:21:39 | INFO | my_functions.py:170 | Searching weekly3.PNG (timeout=0s)
2026-05-17 22:21:39 | INFO | my_functions.py:214 | 
⛔ Not found: weekly3.PNG after 0.01s region=(0, 0, 765, 1038) confidence=0.8
2026-05-17 22:21:39 | INFO | my_functions.py:263 | [DEBUG] Click skipped, image not found: weekly3.PNG
2026-05-17 22:21:39 | INFO | my_functions.py:236 | [DEBUG] wait_for_image_and_click -> weekly3.PNG timeout=0s delay_click=0.1s confidence=0.8
2026-05-17 22:21:39 | INFO | my_functions.py:170 | Searching weekly3.PNG (timeout=0s)
2026-05-17 22:21:40 | INFO | my_functions.py:214 | 
⛔ Not found: weekly3.PNG after 0.0s region=(0, 0, 765, 1038) confidence=0.8
2026-05-17 22:21:40 | INFO | my_functions.py:263 | [DEBUG] Click skipped, image not found: weekly3.PNG
2026-05-17 22:21:40 | INFO | my_functions.py:236 | [DEBUG] wait_for_image_and_click -> weekly3.PNG timeout=0s delay_click=0.1s confidence=0.8
2026-05-17 22:21:40 | INFO | my_functions.py:170 | Searching weekly3.PNG (timeout=0s)
2026-05-17 22:21:40 | INFO | my_functions.py:214 | 
⛔ Not found: weekly3.PNG after 0.0s region=(0, 0, 765, 1038) confidence=0.8
2026-05-17 22:21:40 | INFO | my_functions.py:263 | [DEBUG] Click skipped, image not found: weekly3.PNG
2026-05-17 22:21:40 | INFO | my_functions.py:236 | [DEBUG] wait_for_image_and_click -> weekly3.PNG timeout=0s delay_click=0.1s confidence=0.8
2026-05-17 22:21:40 | INFO | my_functions.py:170 | Searching weekly3.PNG (timeout=0s)
2026-05-17 22:21:40 | INFO | my_functions.py:214 | 
⛔ Not found: weekly3.PNG after 0.01s region=(0, 0, 765, 1038) confidence=0.8
2026-05-17 22:21:40 | INFO | my_functions.py:263 | [DEBUG] Click skipped, image not found: weekly3.PNG
2026-05-17 22:21:40 | INFO | my_functions.py:236 | [DEBUG] wait_for_image_and_click -> weekly3.PNG timeout=0s delay_click=0.1s confidence=0.8
2026-05-17 22:21:40 | INFO | my_functions.py:170 | Searching weekly3.PNG (timeout=0s)
2026-05-17 22:21:40 | INFO | my_functions.py:214 | 
⛔ Not found: weekly3.PNG after 0.01s region=(0, 0, 765, 1038) confidence=0.8
2026-05-17 22:21:40 | INFO | my_functions.py:263 | [DEBUG] Click skipped, image not found: weekly3.PNG
2026-05-17 22:21:40 | INFO | my_functions.py:236 | [DEBUG] wait_for_image_and_click -> weekly3.PNG timeout=0s delay_click=0.1s confidence=0.8
2026-05-17 22:21:40 | INFO | my_functions.py:170 | Searching weekly3.PNG (timeout=0s)
2026-05-17 22:21:40 | INFO | my_functions.py:214 | 
⛔ Not found: weekly3.PNG after 0.0s region=(0, 0, 765, 1038) confidence=0.8
2026-05-17 22:21:40 | INFO | my_functions.py:263 | [DEBUG] Click skipped, image not found: weekly3.PNG
2026-05-17 22:21:40 | INFO | my_functions.py:236 | [DEBUG] wait_for_image_and_click -> weekly3.PNG timeout=0s delay_click=0.1s confidence=0.8
2026-05-17 22:21:40 | INFO | my_functions.py:170 | Searching weekly3.PNG (timeout=0s)
2026-05-17 22:21:40 | INFO | my_functions.py:214 | 
⛔ Not found: weekly3.PNG after 0.0s region=(0, 0, 765, 1038) confidence=0.8
2026-05-17 22:21:40 | INFO | my_functions.py:263 | [DEBUG] Click skipped, image not found: weekly3.PNG
2026-05-17 22:21:41 | INFO | my_functions.py:236 | [DEBUG] wait_for_image_and_click -> weekly3.PNG timeout=0s delay_click=0.1s confidence=0.8
2026-05-17 22:21:41 | INFO | my_functions.py:170 | Searching weekly3.PNG (timeout=0s)
2026-05-17 22:21:41 | INFO | my_functions.py:214 | 
⛔ Not found: weekly3.PNG after 0.0s region=(0, 0, 765, 1038) confidence=0.8
2026-05-17 22:21:41 | INFO | my_functions.py:263 | [DEBUG] Click skipped, image not found: weekly3.PNG
2026-05-17 22:21:41 | INFO | my_functions.py:236 | [DEBUG] wait_for_image_and_click -> weekly3.PNG timeout=0s delay_click=0.1s confidence=0.8
2026-05-17 22:21:41 | INFO | my_functions.py:170 | Searching weekly3.PNG (timeout=0s)
2026-05-17 22:21:41 | INFO | my_functions.py:214 | 
⛔ Not found: weekly3.PNG after 0.01s region=(0, 0, 765, 1038) confidence=0.8
2026-05-17 22:21:41 | INFO | my_functions.py:263 | [DEBUG] Click skipped, image not found: weekly3.PNG
2026-05-17 22:21:41 | INFO | my_functions.py:236 | [DEBUG] wait_for_image_and_click -> weekly3.PNG timeout=0s delay_click=0.1s confidence=0.8
2026-05-17 22:21:41 | INFO | my_functions.py:170 | Searching weekly3.PNG (timeout=0s)
2026-05-17 22:21:41 | INFO | my_functions.py:214 | 
⛔ Not found: weekly3.PNG after 0.01s region=(0, 0, 765, 1038) confidence=0.8
2026-05-17 22:21:41 | INFO | my_functions.py:263 | [DEBUG] Click skipped, image not found: weekly3.PNG
2026-05-17 22:21:41 | INFO | my_functions.py:236 | [DEBUG] wait_for_image_and_click -> weekly3.PNG timeout=0s delay_click=0.1s confidence=0.8
2026-05-17 22:21:41 | INFO | my_functions.py:170 | Searching weekly3.PNG (timeout=0s)
2026-05-17 22:21:41 | INFO | my_functions.py:214 | 
⛔ Not found: weekly3.PNG after 0.01s region=(0, 0, 765, 1038) confidence=0.8
2026-05-17 22:21:41 | INFO | my_functions.py:263 | [DEBUG] Click skipped, image not found: weekly3.PNG
2026-05-17 22:21:41 | INFO | my_functions.py:135 | Haciendo click en la posición (557, 64)
2026-05-17 22:21:42 | INFO | my_functions.py:236 | [DEBUG] wait_for_image_and_click -> cards_shop.PNG timeout=20s delay_click=1s confidence=0.8
2026-05-17 22:21:42 | INFO | my_functions.py:170 | Searching cards_shop.PNG (timeout=20s)
2026-05-17 22:21:43 | INFO | my_functions.py:200 | 
✅ Found: cards_shop.PNG pos=(568, 121) time=0.57s confidence=0.8
2026-05-17 22:21:44 | INFO | my_functions.py:135 | Haciendo click en la posición (568, 121)
2026-05-17 22:21:44 | INFO | my_functions.py:256 | 🖱️ Click OK: cards_shop.PNG at (568, 121) delay=1s
2026-05-17 22:21:44 | INFO | my_functions.py:236 | [DEBUG] wait_for_image_and_click -> token_icon.PNG timeout=20s delay_click=1s confidence=0.8
2026-05-17 22:21:44 | INFO | my_functions.py:170 | Searching token_icon.PNG (timeout=20s)
2026-05-17 22:21:46 | INFO | my_functions.py:200 | 
✅ Found: token_icon.PNG pos=(693, 171) time=1.84s confidence=0.8
2026-05-17 22:21:47 | INFO | my_functions.py:135 | Haciendo click en la posición (693, 171)
2026-05-17 22:21:47 | INFO | my_functions.py:256 | 🖱️ Click OK: token_icon.PNG at (693, 171) delay=1s
2026-05-17 22:21:49 | INFO | my_functions.py:236 | [DEBUG] wait_for_image_and_click -> claim!_token_3.PNG timeout=4s delay_click=1s confidence=0.8
2026-05-17 22:21:49 | INFO | my_functions.py:170 | Searching claim!_token_3.PNG (timeout=4s)
2026-05-17 22:21:54 | INFO | my_functions.py:214 | 
⛔ Not found: claim!_token_3.PNG after 4.16s region=(0, 0, 765, 1038) confidence=0.8
2026-05-17 22:21:54 | INFO | my_functions.py:263 | [DEBUG] Click skipped, image not found: claim!_token_3.PNG
2026-05-17 22:21:54 | INFO | my_functions.py:236 | [DEBUG] wait_for_image_and_click -> offers.PNG timeout=0.1s delay_click=1s confidence=0.8
2026-05-17 22:21:54 | INFO | my_functions.py:170 | Searching offers.PNG (timeout=0.1s)
2026-05-17 22:21:54 | INFO | my_functions.py:200 | 
✅ Found: offers.PNG pos=(197, 121) time=0.25s confidence=0.8
2026-05-17 22:21:55 | INFO | my_functions.py:135 | Haciendo click en la posición (197, 121)
2026-05-17 22:21:55 | INFO | my_functions.py:256 | 🖱️ Click OK: offers.PNG at (197, 121) delay=1s
2026-05-17 22:21:55 | INFO | my_functions.py:236 | [DEBUG] wait_for_image_and_click -> credits_selected.png timeout=0.1s delay_click=1s confidence=0.8
2026-05-17 22:21:55 | INFO | my_functions.py:170 | Searching credits_selected.png (timeout=0.1s)
2026-05-17 22:21:56 | INFO | my_functions.py:214 | 
⛔ Not found: credits_selected.png after 0.22s region=(0, 0, 765, 1038) confidence=0.8
2026-05-17 22:21:56 | INFO | my_functions.py:263 | [DEBUG] Click skipped, image not found: credits_selected.png
2026-05-17 22:21:56 | INFO | my_functions.py:236 | [DEBUG] wait_for_image_and_click -> credits.PNG timeout=0.1s delay_click=1s confidence=0.95
2026-05-17 22:21:56 | INFO | my_functions.py:170 | Searching credits.PNG (timeout=0.1s)
2026-05-17 22:21:56 | INFO | my_functions.py:200 | 
✅ Found: credits.PNG pos=(442, 172) time=0.2s confidence=0.95
2026-05-17 22:21:57 | INFO | my_functions.py:135 | Haciendo click en la posición (442, 172)
2026-05-17 22:21:57 | INFO | my_functions.py:256 | 🖱️ Click OK: credits.PNG at (442, 172) delay=1s
2026-05-17 22:21:58 | INFO | my_functions.py:236 | [DEBUG] wait_for_image_and_click -> claim_25_credits.png timeout=2s delay_click=1s confidence=0.8
2026-05-17 22:21:58 | INFO | my_functions.py:170 | Searching claim_25_credits.png (timeout=2s)
2026-05-17 22:21:59 | INFO | my_functions.py:200 | 
✅ Found: claim_25_credits.png pos=(236, 328) time=0.21s confidence=0.8
2026-05-17 22:22:00 | INFO | my_functions.py:135 | Haciendo click en la posición (236, 328)
2026-05-17 22:22:00 | INFO | my_functions.py:256 | 🖱️ Click OK: claim_25_credits.png at (236, 328) delay=1s
2026-05-17 22:22:00 | INFO | my_functions.py:236 | [DEBUG] wait_for_image_and_click -> cards_shop.PNG timeout=20s delay_click=1s confidence=0.8
2026-05-17 22:22:00 | INFO | my_functions.py:170 | Searching cards_shop.PNG (timeout=20s)
2026-05-17 22:22:00 | INFO | my_functions.py:200 | 
✅ Found: cards_shop.PNG pos=(568, 121) time=0.21s confidence=0.8
2026-05-17 22:22:01 | INFO | my_functions.py:135 | Haciendo click en la posición (568, 121)
2026-05-17 22:22:01 | INFO | my_functions.py:256 | 🖱️ Click OK: cards_shop.PNG at (568, 121) delay=1s
2026-05-17 22:22:01 | INFO | my_functions.py:236 | [DEBUG] wait_for_image_and_click -> offers.PNG timeout=20s delay_click=1s confidence=0.8
2026-05-17 22:22:01 | INFO | my_functions.py:170 | Searching offers.PNG (timeout=20s)
2026-05-17 22:22:01 | INFO | my_functions.py:200 | 
✅ Found: offers.PNG pos=(197, 122) time=0.18s confidence=0.8
2026-05-17 22:22:02 | INFO | my_functions.py:135 | Haciendo click en la posición (197, 122)
2026-05-17 22:22:03 | INFO | my_functions.py:256 | 🖱️ Click OK: offers.PNG at (197, 122) delay=1s
2026-05-17 22:22:03 | INFO | my_functions.py:1089 | [INFO] Iniciando mejora de cartas
2026-05-17 22:22:03 | INFO | my_functions.py:236 | [DEBUG] wait_for_image_and_click -> upgrade_cards_icon.PNG timeout=20s delay_click=1s confidence=0.8
2026-05-17 22:22:03 | INFO | my_functions.py:170 | Searching upgrade_cards_icon.PNG (timeout=20s)
2026-05-17 22:22:03 | INFO | my_functions.py:200 | 
✅ Found: upgrade_cards_icon.PNG pos=(322, 170) time=0.22s confidence=0.8
2026-05-17 22:22:04 | INFO | my_functions.py:135 | Haciendo click en la posición (322, 170)
2026-05-17 22:22:04 | INFO | my_functions.py:256 | 🖱️ Click OK: upgrade_cards_icon.PNG at (322, 170) delay=1s
2026-05-17 22:22:04 | INFO | my_functions.py:1093 | [INFO] Abriendo icono de upgrade_cards
2026-05-17 22:22:05 | INFO | my_functions.py:1099 | [STEP] Mejorando carta 1
2026-05-17 22:22:05 | INFO | my_functions.py:1103 | [ACTION] Click en carta 1
2026-05-17 22:22:06 | INFO | my_functions.py:1108 | [ACTION] Click en botón upgrade
2026-05-17 22:22:13 | INFO | my_functions.py:236 | [DEBUG] wait_for_image_and_click -> you_need_more_credits!.png timeout=3s delay_click=1s confidence=0.8
2026-05-17 22:22:13 | INFO | my_functions.py:170 | Searching you_need_more_credits!.png (timeout=3s)
2026-05-17 22:22:14 | INFO | my_functions.py:200 | 
✅ Found: you_need_more_credits!.png pos=(381, 345) time=0.22s confidence=0.8
2026-05-17 22:22:15 | INFO | my_functions.py:135 | Haciendo click en la posición (381, 345)
2026-05-17 22:22:15 | INFO | my_functions.py:256 | 🖱️ Click OK: you_need_more_credits!.png at (381, 345) delay=1s
2026-05-17 22:22:15 | INFO | my_functions.py:143 | Presionando ESC (1/2)
2026-05-17 22:22:16 | INFO | my_functions.py:143 | Presionando ESC (2/2)
2026-05-17 22:22:18 | INFO | my_functions.py:1151 | [INFO] Mejora de cartas completada ✅
2026-05-17 22:22:18 | INFO | my_functions.py:143 | Presionando ESC (1/1)
2026-05-17 22:22:19 | INFO | my_functions.py:236 | [DEBUG] wait_for_image_and_click -> nut.png timeout=20s delay_click=1s confidence=0.8
2026-05-17 22:22:19 | INFO | my_functions.py:170 | Searching nut.png (timeout=20s)
2026-05-17 22:22:19 | INFO | my_functions.py:200 | 
✅ Found: nut.png pos=(184, 78) time=0.21s confidence=0.8
2026-05-17 22:22:20 | INFO | my_functions.py:135 | Haciendo click en la posición (184, 78)
2026-05-17 22:22:20 | INFO | my_functions.py:256 | 🖱️ Click OK: nut.png at (184, 78) delay=1s
2026-05-17 22:22:20 | INFO | my_functions.py:236 | [DEBUG] wait_for_image_and_click -> graphics_quality.png timeout=3s delay_click=1s confidence=0.8
2026-05-17 22:22:20 | INFO | my_functions.py:170 | Searching graphics_quality.png (timeout=3s)
2026-05-17 22:22:21 | INFO | my_functions.py:200 | 
✅ Found: graphics_quality.png pos=(305, 642) time=0.51s confidence=0.8
2026-05-17 22:22:22 | INFO | my_functions.py:135 | Haciendo click en la posición (305, 642)
2026-05-17 22:22:22 | INFO | my_functions.py:256 | 🖱️ Click OK: graphics_quality.png at (305, 642) delay=1s
2026-05-17 22:22:23 | INFO | my_functions.py:236 | [DEBUG] wait_for_image_and_click -> sign_out.png timeout=20s delay_click=1s confidence=0.8
2026-05-17 22:22:23 | INFO | my_functions.py:170 | Searching sign_out.png (timeout=20s)
2026-05-17 22:22:23 | INFO | my_functions.py:200 | 
✅ Found: sign_out.png pos=(380, 796) time=0.19s confidence=0.8
2026-05-17 22:22:24 | INFO | my_functions.py:135 | Haciendo click en la posición (380, 796)
2026-05-17 22:22:24 | INFO | my_functions.py:256 | 🖱️ Click OK: sign_out.png at (380, 796) delay=1s
2026-05-17 22:22:25 | INFO | my_functions.py:236 | [DEBUG] wait_for_image_and_click -> sign_out_grande.png timeout=20s delay_click=1s confidence=0.8
2026-05-17 22:22:25 | INFO | my_functions.py:170 | Searching sign_out_grande.png (timeout=20s)
2026-05-17 22:22:26 | INFO | my_functions.py:200 | 
✅ Found: sign_out_grande.png pos=(359, 437) time=0.18s confidence=0.8
2026-05-17 22:22:27 | INFO | my_functions.py:135 | Haciendo click en la posición (359, 437)
2026-05-17 22:22:27 | INFO | my_functions.py:256 | 🖱️ Click OK: sign_out_grande.png at (359, 437) delay=1s
2026-05-17 22:22:27 | INFO | my_functions.py:236 | [DEBUG] wait_for_image_and_click -> sign_out2.png timeout=20s delay_click=1s confidence=0.8
2026-05-17 22:22:27 | INFO | my_functions.py:170 | Searching sign_out2.png (timeout=20s)
2026-05-17 22:22:27 | INFO | my_functions.py:200 | 
✅ Found: sign_out2.png pos=(383, 634) time=0.2s confidence=0.8
2026-05-17 22:22:28 | INFO | my_functions.py:135 | Haciendo click en la posición (383, 634)
2026-05-17 22:22:28 | INFO | my_functions.py:256 | 🖱️ Click OK: sign_out2.png at (383, 634) delay=1s
2026-05-17 22:22:28 | INFO | my_functions.py:1264 | ⏱ Esperando 0.1 segundos antes de empezar...
2026-05-17 22:22:28 | INFO | my_functions.py:1271 | 🔍 Esperando ventana que contenga alguna de: SNAP (máx 20s)
2026-05-17 22:22:28 | INFO | my_functions.py:1283 | ✅ Ventana encontrada: 'SNAP'
2026-05-17 22:22:28 | INFO | my_functions.py:1298 | ✅ Ventana seleccionada: 'SNAP'
2026-05-17 22:22:30 | INFO | my_functions.py:1321 | 🔁 Reajuste #1...
2026-05-17 22:22:32 | INFO | my_functions.py:1328 | ✔ Verificación completa. Se hicieron 1 reajustes.
2026-05-17 22:22:37 | INFO | each_eight_hours.py:139 | Processing account: overture_vm
2026-05-17 22:22:37 | INFO | each_eight_hours.py:142 | Game relaunched for account
2026-05-17 22:22:37 | INFO | my_functions.py:1264 | ⏱ Esperando 0.1 segundos antes de empezar...
2026-05-17 22:22:37 | INFO | my_functions.py:1271 | 🔍 Esperando ventana que contenga alguna de: ['SNAP'] (máx 20s)
2026-05-17 22:22:40 | INFO | my_functions.py:1283 | ✅ Ventana encontrada: 'SNAP'
2026-05-17 22:22:40 | INFO | my_functions.py:1298 | ✅ Ventana seleccionada: 'SNAP'
2026-05-17 22:22:42 | INFO | my_functions.py:1330 | ✔ Verificación completa. No hubo cambios después del primer ajuste.
2026-05-17 22:22:42 | INFO | my_functions.py:970 | [DEBUG] Resizing SNAP window...
2026-05-17 22:22:42 | INFO | my_functions.py:1264 | ⏱ Esperando 0.1 segundos antes de empezar...
2026-05-17 22:22:43 | INFO | my_functions.py:1271 | 🔍 Esperando ventana que contenga alguna de: ['SNAP'] (máx 20s)
2026-05-17 22:22:43 | INFO | my_functions.py:1283 | ✅ Ventana encontrada: 'SNAP'
2026-05-17 22:22:43 | INFO | my_functions.py:1298 | ✅ Ventana seleccionada: 'SNAP'
2026-05-17 22:22:46 | INFO | my_functions.py:1330 | ✔ Verificación completa. No hubo cambios después del primer ajuste.
2026-05-17 22:22:46 | INFO | my_functions.py:236 | [DEBUG] wait_for_image_and_click -> submit.PNG timeout=90s delay_click=0.2s confidence=0.8
2026-05-17 22:22:46 | INFO | my_functions.py:170 | Searching submit.PNG (timeout=90s)
2026-05-17 22:22:49 | INFO | my_functions.py:200 | 
✅ Found: submit.PNG pos=(385, 786) time=3.51s confidence=0.8
2026-05-17 22:22:49 | INFO | my_functions.py:135 | Haciendo click en la posición (385, 786)
2026-05-17 22:22:49 | INFO | my_functions.py:256 | 🖱️ Click OK: submit.PNG at (385, 786) delay=0.2s
2026-05-17 22:22:49 | INFO | my_functions.py:1264 | ⏱ Esperando 0.1 segundos antes de empezar...
2026-05-17 22:22:50 | INFO | my_functions.py:1271 | 🔍 Esperando ventana que contenga alguna de: ['SNAP'] (máx 20s)
2026-05-17 22:22:50 | INFO | my_functions.py:1283 | ✅ Ventana encontrada: 'SNAP'
2026-05-17 22:22:50 | INFO | my_functions.py:1298 | ✅ Ventana seleccionada: 'SNAP'
2026-05-17 22:22:52 | INFO | my_functions.py:1321 | 🔁 Reajuste #1...
2026-05-17 22:22:53 | INFO | my_functions.py:1328 | ✔ Verificación completa. Se hicieron 1 reajustes.
2026-05-17 22:22:53 | INFO | my_functions.py:170 | Searching please_sign.png (timeout=0s)
2026-05-17 22:22:53 | INFO | my_functions.py:200 | 
✅ Found: please_sign.png pos=(383, 438) time=0.19s confidence=0.8
2026-05-17 22:22:53 | INFO | my_functions.py:236 | [DEBUG] wait_for_image_and_click -> ok_btn.png timeout=20s delay_click=1s confidence=0.8
2026-05-17 22:22:53 | INFO | my_functions.py:170 | Searching ok_btn.png (timeout=20s)
2026-05-17 22:22:53 | INFO | my_functions.py:200 | 
✅ Found: ok_btn.png pos=(382, 634) time=0.22s confidence=0.8
2026-05-17 22:22:54 | INFO | my_functions.py:135 | Haciendo click en la posición (382, 634)
2026-05-17 22:22:54 | INFO | my_functions.py:256 | 🖱️ Click OK: ok_btn.png at (382, 634) delay=1s
2026-05-17 22:22:54 | INFO | my_functions.py:236 | [DEBUG] wait_for_image_and_click -> submit.PNG timeout=90s delay_click=0.2s confidence=0.8
2026-05-17 22:22:54 | INFO | my_functions.py:170 | Searching submit.PNG (timeout=90s)
2026-05-17 22:22:55 | INFO | my_functions.py:200 | 
✅ Found: submit.PNG pos=(385, 779) time=1.19s confidence=0.8
2026-05-17 22:22:56 | INFO | my_functions.py:135 | Haciendo click en la posición (385, 779)
2026-05-17 22:22:56 | INFO | my_functions.py:256 | 🖱️ Click OK: submit.PNG at (385, 779) delay=0.2s
2026-05-17 22:22:56 | INFO | my_functions.py:170 | Searching sign_in_with_google2.PNG (timeout=90s)
2026-05-17 22:22:57 | INFO | my_functions.py:200 | 
✅ Found: sign_in_with_google2.PNG pos=(406, 957) time=0.84s confidence=0.8
2026-05-17 22:22:57 | INFO | my_functions.py:236 | [DEBUG] wait_for_image_and_click -> sign_in_with_google2.PNG timeout=20s delay_click=1s confidence=0.8
2026-05-17 22:22:57 | INFO | my_functions.py:170 | Searching sign_in_with_google2.PNG (timeout=20s)
2026-05-17 22:22:57 | INFO | my_functions.py:200 | 
✅ Found: sign_in_with_google2.PNG pos=(406, 957) time=0.17s confidence=0.8
2026-05-17 22:22:58 | INFO | my_functions.py:135 | Haciendo click en la posición (406, 957)
2026-05-17 22:22:58 | INFO | my_functions.py:256 | 🖱️ Click OK: sign_in_with_google2.PNG at (406, 957) delay=1s
2026-05-17 22:22:58 | INFO | my_functions.py:236 | [DEBUG] wait_for_image_and_click -> overture_vm.png timeout=30s delay_click=3s confidence=0.8
2026-05-17 22:22:58 | INFO | my_functions.py:170 | Searching overture_vm.png (timeout=30s)
2026-05-17 22:23:04 | INFO | my_functions.py:200 | 
✅ Found: overture_vm.png pos=(1126, 447) time=6.06s confidence=0.8
2026-05-17 22:23:07 | INFO | my_functions.py:135 | Haciendo click en la posición (1126, 447)
2026-05-17 22:23:07 | INFO | my_functions.py:256 | 🖱️ Click OK: overture_vm.png at (1126, 447) delay=3s
2026-05-17 22:23:07 | INFO | my_functions.py:170 | Searching marvelsnap_web.png (timeout=30s)
2026-05-17 22:23:11 | INFO | my_functions.py:200 | 
✅ Found: marvelsnap_web.png pos=(258, 80) time=3.7s confidence=0.7
2026-05-17 22:23:11 | INFO | my_functions.py:170 | Searching shop_unselected.PNG (timeout=0s)
2026-05-17 22:23:12 | INFO | my_functions.py:214 | 
⛔ Not found: shop_unselected.PNG after 0.0s region=(0, 0, 765, 1038) confidence=0.8
2026-05-17 22:23:12 | INFO | my_functions.py:236 | [DEBUG] wait_for_image_and_click -> super_premium.PNG timeout=0s delay_click=1s confidence=0.8
2026-05-17 22:23:12 | INFO | my_functions.py:170 | Searching super_premium.PNG (timeout=0s)
2026-05-17 22:23:12 | INFO | my_functions.py:214 | 
⛔ Not found: super_premium.PNG after 0.0s region=(0, 0, 765, 1038) confidence=0.8
2026-05-17 22:23:12 | INFO | my_functions.py:263 | [DEBUG] Click skipped, image not found: super_premium.PNG
2026-05-17 22:23:12 | INFO | my_functions.py:236 | [DEBUG] wait_for_image_and_click -> maybe_later.PNG timeout=0s delay_click=1s confidence=0.8
2026-05-17 22:23:12 | INFO | my_functions.py:170 | Searching maybe_later.PNG (timeout=0s)
2026-05-17 22:23:12 | INFO | my_functions.py:214 | 
⛔ Not found: maybe_later.PNG after 0.0s region=(0, 0, 765, 1038) confidence=0.8
2026-05-17 22:23:12 | INFO | my_functions.py:263 | [DEBUG] Click skipped, image not found: maybe_later.PNG
2026-05-17 22:23:12 | INFO | my_functions.py:236 | [DEBUG] wait_for_image_and_click -> maybe_later2.PNG timeout=0s delay_click=1s confidence=0.8
2026-05-17 22:23:12 | INFO | my_functions.py:170 | Searching maybe_later2.PNG (timeout=0s)
2026-05-17 22:23:12 | INFO | my_functions.py:214 | 
⛔ Not found: maybe_later2.PNG after 0.01s region=(0, 0, 765, 1038) confidence=0.8
2026-05-17 22:23:12 | INFO | my_functions.py:263 | [DEBUG] Click skipped, image not found: maybe_later2.PNG
2026-05-17 22:23:12 | INFO | my_functions.py:170 | Searching go_to_shop.PNG (timeout=0s)
2026-05-17 22:23:12 | INFO | my_functions.py:214 | 
⛔ Not found: go_to_shop.PNG after 0.0s region=(0, 0, 765, 1038) confidence=0.8
2026-05-17 22:23:12 | INFO | my_functions.py:236 | [DEBUG] wait_for_image_and_click -> 14_days_of_winterverse.PNG timeout=0s delay_click=1s confidence=0.8
2026-05-17 22:23:12 | INFO | my_functions.py:170 | Searching 14_days_of_winterverse.PNG (timeout=0s)
2026-05-17 22:23:13 | INFO | my_functions.py:214 | 
⛔ Not found: 14_days_of_winterverse.PNG after 0.0s region=(0, 0, 765, 1038) confidence=0.8
2026-05-17 22:23:13 | INFO | my_functions.py:263 | [DEBUG] Click skipped, image not found: 14_days_of_winterverse.PNG
2026-05-17 22:23:13 | INFO | my_functions.py:170 | Searching welcome_back_calendar.PNG (timeout=0s)
2026-05-17 22:23:13 | INFO | my_functions.py:214 | 
⛔ Not found: welcome_back_calendar.PNG after 0.0s region=(0, 0, 765, 1038) confidence=0.8
2026-05-17 22:23:13 | INFO | my_functions.py:236 | [DEBUG] wait_for_image_and_click -> start_the_countdown.PNG timeout=0s delay_click=1s confidence=0.8
2026-05-17 22:23:13 | INFO | my_functions.py:170 | Searching start_the_countdown.PNG (timeout=0s)
2026-05-17 22:23:13 | INFO | my_functions.py:214 | 
⛔ Not found: start_the_countdown.PNG after 0.0s region=(0, 0, 765, 1038) confidence=0.8
2026-05-17 22:23:13 | INFO | my_functions.py:263 | [DEBUG] Click skipped, image not found: start_the_countdown.PNG
2026-05-17 22:23:13 | INFO | my_functions.py:236 | [DEBUG] wait_for_image_and_click -> event_has_ended_sanctum.PNG timeout=0s delay_click=1s confidence=0.8
2026-05-17 22:23:13 | INFO | my_functions.py:170 | Searching event_has_ended_sanctum.PNG (timeout=0s)
2026-05-17 22:23:13 | INFO | my_functions.py:214 | 
⛔ Not found: event_has_ended_sanctum.PNG after 0.01s region=(0, 0, 765, 1038) confidence=0.8
2026-05-17 22:23:13 | INFO | my_functions.py:263 | [DEBUG] Click skipped, image not found: event_has_ended_sanctum.PNG
2026-05-17 22:23:13 | INFO | my_functions.py:236 | [DEBUG] wait_for_image_and_click -> image_part_of_event_grand_arena_finished.PNG timeout=0s delay_click=1s confidence=0.8
2026-05-17 22:23:13 | INFO | my_functions.py:170 | Searching image_part_of_event_grand_arena_finished.PNG (timeout=0s)
2026-05-17 22:23:13 | INFO | my_functions.py:214 | 
⛔ Not found: image_part_of_event_grand_arena_finished.PNG after 0.01s region=(0, 0, 765, 1038) confidence=0.8
2026-05-17 22:23:13 | INFO | my_functions.py:263 | [DEBUG] Click skipped, image not found: image_part_of_event_grand_arena_finished.PNG
2026-05-17 22:23:13 | INFO | my_functions.py:170 | Searching 28_day_event_login_rewards.PNG (timeout=0s)
2026-05-17 22:23:13 | INFO | my_functions.py:214 | 
⛔ Not found: 28_day_event_login_rewards.PNG after 0.0s region=(0, 0, 765, 1038) confidence=0.8
2026-05-17 22:23:13 | INFO | my_functions.py:170 | Searching 7_day_event_login.PNG (timeout=0s)
2026-05-17 22:23:14 | INFO | my_functions.py:214 | 
⛔ Not found: 7_day_event_login.PNG after 0.0s region=(0, 0, 765, 1038) confidence=0.8
2026-05-17 22:23:14 | INFO | my_functions.py:170 | Searching 14_days_event.PNG (timeout=0s)
2026-05-17 22:23:14 | INFO | my_functions.py:214 | 
⛔ Not found: 14_days_event.PNG after 0.0s region=(0, 0, 765, 1038) confidence=0.8
2026-05-17 22:23:14 | INFO | my_functions.py:236 | [DEBUG] wait_for_image_and_click -> lets_go.PNG timeout=0s delay_click=1s confidence=0.8
2026-05-17 22:23:14 | INFO | my_functions.py:170 | Searching lets_go.PNG (timeout=0s)
2026-05-17 22:23:14 | INFO | my_functions.py:214 | 
⛔ Not found: lets_go.PNG after 0.01s region=(0, 0, 765, 1038) confidence=0.8
2026-05-17 22:23:14 | INFO | my_functions.py:263 | [DEBUG] Click skipped, image not found: lets_go.PNG
2026-05-17 22:23:15 | INFO | my_functions.py:170 | Searching shop_unselected.PNG (timeout=0s)
2026-05-17 22:23:15 | INFO | my_functions.py:214 | 
⛔ Not found: shop_unselected.PNG after 0.0s region=(0, 0, 765, 1038) confidence=0.8
2026-05-17 22:23:15 | INFO | my_functions.py:236 | [DEBUG] wait_for_image_and_click -> super_premium.PNG timeout=0s delay_click=1s confidence=0.8
2026-05-17 22:23:15 | INFO | my_functions.py:170 | Searching super_premium.PNG (timeout=0s)
2026-05-17 22:23:15 | INFO | my_functions.py:214 | 
⛔ Not found: super_premium.PNG after 0.0s region=(0, 0, 765, 1038) confidence=0.8
2026-05-17 22:23:15 | INFO | my_functions.py:263 | [DEBUG] Click skipped, image not found: super_premium.PNG
2026-05-17 22:23:15 | INFO | my_functions.py:236 | [DEBUG] wait_for_image_and_click -> maybe_later.PNG timeout=0s delay_click=1s confidence=0.8
2026-05-17 22:23:15 | INFO | my_functions.py:170 | Searching maybe_later.PNG (timeout=0s)
2026-05-17 22:23:16 | INFO | my_functions.py:214 | 
⛔ Not found: maybe_later.PNG after 0.0s region=(0, 0, 765, 1038) confidence=0.8
2026-05-17 22:23:16 | INFO | my_functions.py:263 | [DEBUG] Click skipped, image not found: maybe_later.PNG
2026-05-17 22:23:16 | INFO | my_functions.py:236 | [DEBUG] wait_for_image_and_click -> maybe_later2.PNG timeout=0s delay_click=1s confidence=0.8
2026-05-17 22:23:16 | INFO | my_functions.py:170 | Searching maybe_later2.PNG (timeout=0s)
2026-05-17 22:23:16 | INFO | my_functions.py:214 | 
⛔ Not found: maybe_later2.PNG after 0.01s region=(0, 0, 765, 1038) confidence=0.8
2026-05-17 22:23:16 | INFO | my_functions.py:263 | [DEBUG] Click skipped, image not found: maybe_later2.PNG
2026-05-17 22:23:16 | INFO | my_functions.py:170 | Searching go_to_shop.PNG (timeout=0s)
2026-05-17 22:23:16 | INFO | my_functions.py:214 | 
⛔ Not found: go_to_shop.PNG after 0.0s region=(0, 0, 765, 1038) confidence=0.8
2026-05-17 22:23:16 | INFO | my_functions.py:236 | [DEBUG] wait_for_image_and_click -> 14_days_of_winterverse.PNG timeout=0s delay_click=1s confidence=0.8
2026-05-17 22:23:16 | INFO | my_functions.py:170 | Searching 14_days_of_winterverse.PNG (timeout=0s)
2026-05-17 22:23:16 | INFO | my_functions.py:214 | 
⛔ Not found: 14_days_of_winterverse.PNG after 0.0s region=(0, 0, 765, 1038) confidence=0.8
2026-05-17 22:23:16 | INFO | my_functions.py:263 | [DEBUG] Click skipped, image not found: 14_days_of_winterverse.PNG
2026-05-17 22:23:16 | INFO | my_functions.py:170 | Searching welcome_back_calendar.PNG (timeout=0s)
2026-05-17 22:23:16 | INFO | my_functions.py:214 | 
⛔ Not found: welcome_back_calendar.PNG after 0.01s region=(0, 0, 765, 1038) confidence=0.8
2026-05-17 22:23:16 | INFO | my_functions.py:236 | [DEBUG] wait_for_image_and_click -> start_the_countdown.PNG timeout=0s delay_click=1s confidence=0.8
2026-05-17 22:23:16 | INFO | my_functions.py:170 | Searching start_the_countdown.PNG (timeout=0s)
2026-05-17 22:23:16 | INFO | my_functions.py:214 | 
⛔ Not found: start_the_countdown.PNG after 0.01s region=(0, 0, 765, 1038) confidence=0.8
2026-05-17 22:23:16 | INFO | my_functions.py:263 | [DEBUG] Click skipped, image not found: start_the_countdown.PNG
2026-05-17 22:23:16 | INFO | my_functions.py:236 | [DEBUG] wait_for_image_and_click -> event_has_ended_sanctum.PNG timeout=0s delay_click=1s confidence=0.8
2026-05-17 22:23:16 | INFO | my_functions.py:170 | Searching event_has_ended_sanctum.PNG (timeout=0s)
2026-05-17 22:23:17 | INFO | my_functions.py:214 | 
⛔ Not found: event_has_ended_sanctum.PNG after 0.01s region=(0, 0, 765, 1038) confidence=0.8
2026-05-17 22:23:17 | INFO | my_functions.py:263 | [DEBUG] Click skipped, image not found: event_has_ended_sanctum.PNG
2026-05-17 22:23:17 | INFO | my_functions.py:236 | [DEBUG] wait_for_image_and_click -> image_part_of_event_grand_arena_finished.PNG timeout=0s delay_click=1s confidence=0.8
2026-05-17 22:23:17 | INFO | my_functions.py:170 | Searching image_part_of_event_grand_arena_finished.PNG (timeout=0s)
2026-05-17 22:23:17 | INFO | my_functions.py:214 | 
⛔ Not found: image_part_of_event_grand_arena_finished.PNG after 0.0s region=(0, 0, 765, 1038) confidence=0.8
2026-05-17 22:23:17 | INFO | my_functions.py:263 | [DEBUG] Click skipped, image not found: image_part_of_event_grand_arena_finished.PNG
2026-05-17 22:23:17 | INFO | my_functions.py:170 | Searching 28_day_event_login_rewards.PNG (timeout=0s)
2026-05-17 22:23:17 | INFO | my_functions.py:214 | 
⛔ Not found: 28_day_event_login_rewards.PNG after 0.01s region=(0, 0, 765, 1038) confidence=0.8
2026-05-17 22:23:17 | INFO | my_functions.py:170 | Searching 7_day_event_login.PNG (timeout=0s)
2026-05-17 22:23:17 | INFO | my_functions.py:214 | 
⛔ Not found: 7_day_event_login.PNG after 0.0s region=(0, 0, 765, 1038) confidence=0.8
2026-05-17 22:23:17 | INFO | my_functions.py:170 | Searching 14_days_event.PNG (timeout=0s)
2026-05-17 22:23:17 | INFO | my_functions.py:214 | 
⛔ Not found: 14_days_event.PNG after 0.0s region=(0, 0, 765, 1038) confidence=0.8
2026-05-17 22:23:17 | INFO | my_functions.py:236 | [DEBUG] wait_for_image_and_click -> lets_go.PNG timeout=0s delay_click=1s confidence=0.8
2026-05-17 22:23:17 | INFO | my_functions.py:170 | Searching lets_go.PNG (timeout=0s)
2026-05-17 22:23:18 | INFO | my_functions.py:214 | 
⛔ Not found: lets_go.PNG after 0.01s region=(0, 0, 765, 1038) confidence=0.8
2026-05-17 22:23:18 | INFO | my_functions.py:263 | [DEBUG] Click skipped, image not found: lets_go.PNG
2026-05-17 22:23:19 | INFO | my_functions.py:170 | Searching shop_unselected.PNG (timeout=0s)
2026-05-17 22:23:19 | INFO | my_functions.py:214 | 
⛔ Not found: shop_unselected.PNG after 0.0s region=(0, 0, 765, 1038) confidence=0.8
2026-05-17 22:23:19 | INFO | my_functions.py:236 | [DEBUG] wait_for_image_and_click -> super_premium.PNG timeout=0s delay_click=1s confidence=0.8
2026-05-17 22:23:19 | INFO | my_functions.py:170 | Searching super_premium.PNG (timeout=0s)
2026-05-17 22:23:19 | INFO | my_functions.py:214 | 
⛔ Not found: super_premium.PNG after 0.01s region=(0, 0, 765, 1038) confidence=0.8
2026-05-17 22:23:19 | INFO | my_functions.py:263 | [DEBUG] Click skipped, image not found: super_premium.PNG
2026-05-17 22:23:19 | INFO | my_functions.py:236 | [DEBUG] wait_for_image_and_click -> maybe_later.PNG timeout=0s delay_click=1s confidence=0.8
2026-05-17 22:23:19 | INFO | my_functions.py:170 | Searching maybe_later.PNG (timeout=0s)
2026-05-17 22:23:19 | INFO | my_functions.py:214 | 
⛔ Not found: maybe_later.PNG after 0.0s region=(0, 0, 765, 1038) confidence=0.8
2026-05-17 22:23:19 | INFO | my_functions.py:263 | [DEBUG] Click skipped, image not found: maybe_later.PNG
2026-05-17 22:23:19 | INFO | my_functions.py:236 | [DEBUG] wait_for_image_and_click -> maybe_later2.PNG timeout=0s delay_click=1s confidence=0.8
2026-05-17 22:23:19 | INFO | my_functions.py:170 | Searching maybe_later2.PNG (timeout=0s)
2026-05-17 22:23:19 | INFO | my_functions.py:214 | 
⛔ Not found: maybe_later2.PNG after 0.01s region=(0, 0, 765, 1038) confidence=0.8
2026-05-17 22:23:19 | INFO | my_functions.py:263 | [DEBUG] Click skipped, image not found: maybe_later2.PNG
2026-05-17 22:23:19 | INFO | my_functions.py:170 | Searching go_to_shop.PNG (timeout=0s)
2026-05-17 22:23:20 | INFO | my_functions.py:214 | 
⛔ Not found: go_to_shop.PNG after 0.0s region=(0, 0, 765, 1038) confidence=0.8
2026-05-17 22:23:20 | INFO | my_functions.py:236 | [DEBUG] wait_for_image_and_click -> 14_days_of_winterverse.PNG timeout=0s delay_click=1s confidence=0.8
2026-05-17 22:23:20 | INFO | my_functions.py:170 | Searching 14_days_of_winterverse.PNG (timeout=0s)
2026-05-17 22:23:20 | INFO | my_functions.py:214 | 
⛔ Not found: 14_days_of_winterverse.PNG after 0.0s region=(0, 0, 765, 1038) confidence=0.8
2026-05-17 22:23:20 | INFO | my_functions.py:263 | [DEBUG] Click skipped, image not found: 14_days_of_winterverse.PNG
2026-05-17 22:23:20 | INFO | my_functions.py:170 | Searching welcome_back_calendar.PNG (timeout=0s)
2026-05-17 22:23:20 | INFO | my_functions.py:214 | 
⛔ Not found: welcome_back_calendar.PNG after 0.05s region=(0, 0, 765, 1038) confidence=0.8
2026-05-17 22:23:20 | INFO | my_functions.py:236 | [DEBUG] wait_for_image_and_click -> start_the_countdown.PNG timeout=0s delay_click=1s confidence=0.8
2026-05-17 22:23:20 | INFO | my_functions.py:170 | Searching start_the_countdown.PNG (timeout=0s)
2026-05-17 22:23:20 | INFO | my_functions.py:214 | 
⛔ Not found: start_the_countdown.PNG after 0.01s region=(0, 0, 765, 1038) confidence=0.8
2026-05-17 22:23:20 | INFO | my_functions.py:263 | [DEBUG] Click skipped, image not found: start_the_countdown.PNG
2026-05-17 22:23:20 | INFO | my_functions.py:236 | [DEBUG] wait_for_image_and_click -> event_has_ended_sanctum.PNG timeout=0s delay_click=1s confidence=0.8
2026-05-17 22:23:20 | INFO | my_functions.py:170 | Searching event_has_ended_sanctum.PNG (timeout=0s)
2026-05-17 22:23:21 | INFO | my_functions.py:214 | 
⛔ Not found: event_has_ended_sanctum.PNG after 0.01s region=(0, 0, 765, 1038) confidence=0.8
2026-05-17 22:23:21 | INFO | my_functions.py:263 | [DEBUG] Click skipped, image not found: event_has_ended_sanctum.PNG
2026-05-17 22:23:21 | INFO | my_functions.py:236 | [DEBUG] wait_for_image_and_click -> image_part_of_event_grand_arena_finished.PNG timeout=0s delay_click=1s confidence=0.8
2026-05-17 22:23:21 | INFO | my_functions.py:170 | Searching image_part_of_event_grand_arena_finished.PNG (timeout=0s)
2026-05-17 22:23:21 | INFO | my_functions.py:214 | 
⛔ Not found: image_part_of_event_grand_arena_finished.PNG after 0.13s region=(0, 0, 765, 1038) confidence=0.8
2026-05-17 22:23:21 | INFO | my_functions.py:263 | [DEBUG] Click skipped, image not found: image_part_of_event_grand_arena_finished.PNG
2026-05-17 22:23:21 | INFO | my_functions.py:170 | Searching 28_day_event_login_rewards.PNG (timeout=0s)
2026-05-17 22:23:21 | INFO | my_functions.py:214 | 
⛔ Not found: 28_day_event_login_rewards.PNG after 0.01s region=(0, 0, 765, 1038) confidence=0.8
2026-05-17 22:23:21 | INFO | my_functions.py:170 | Searching 7_day_event_login.PNG (timeout=0s)
2026-05-17 22:23:21 | INFO | my_functions.py:214 | 
⛔ Not found: 7_day_event_login.PNG after 0.0s region=(0, 0, 765, 1038) confidence=0.8
2026-05-17 22:23:21 | INFO | my_functions.py:170 | Searching 14_days_event.PNG (timeout=0s)
2026-05-17 22:23:22 | INFO | my_functions.py:214 | 
⛔ Not found: 14_days_event.PNG after 0.0s region=(0, 0, 765, 1038) confidence=0.8
2026-05-17 22:23:22 | INFO | my_functions.py:236 | [DEBUG] wait_for_image_and_click -> lets_go.PNG timeout=0s delay_click=1s confidence=0.8
2026-05-17 22:23:22 | INFO | my_functions.py:170 | Searching lets_go.PNG (timeout=0s)
2026-05-17 22:23:22 | INFO | my_functions.py:214 | 
⛔ Not found: lets_go.PNG after 0.0s region=(0, 0, 765, 1038) confidence=0.8
2026-05-17 22:23:22 | INFO | my_functions.py:263 | [DEBUG] Click skipped, image not found: lets_go.PNG
2026-05-17 22:23:23 | INFO | my_functions.py:170 | Searching shop_unselected.PNG (timeout=0s)
2026-05-17 22:23:23 | INFO | my_functions.py:200 | 
✅ Found: shop_unselected.PNG pos=(88, 961) time=0.21s confidence=0.8
2026-05-17 22:23:31 | INFO | my_functions.py:170 | Searching shop_unselected.PNG (timeout=0s)
2026-05-17 22:23:31 | INFO | my_functions.py:214 | 
⛔ Not found: shop_unselected.PNG after 0.0s region=(0, 0, 765, 1038) confidence=0.8
2026-05-17 22:23:32 | INFO | my_functions.py:170 | Searching shop_unselected.PNG (timeout=0s)
2026-05-17 22:23:32 | INFO | my_functions.py:214 | 
⛔ Not found: shop_unselected.PNG after 0.0s region=(0, 0, 765, 1038) confidence=0.8
2026-05-17 22:23:32 | INFO | my_functions.py:236 | [DEBUG] wait_for_image_and_click -> super_premium.PNG timeout=0s delay_click=1s confidence=0.8
2026-05-17 22:23:32 | INFO | my_functions.py:170 | Searching super_premium.PNG (timeout=0s)
2026-05-17 22:23:33 | INFO | my_functions.py:200 | 
✅ Found: super_premium.PNG pos=(480, 777) time=0.17s confidence=0.8
2026-05-17 22:23:34 | INFO | my_functions.py:135 | Haciendo click en la posición (480, 777)
2026-05-17 22:23:34 | INFO | my_functions.py:256 | 🖱️ Click OK: super_premium.PNG at (480, 777) delay=1s
2026-05-17 22:23:34 | INFO | my_functions.py:143 | Presionando ESC (1/1)
2026-05-17 22:23:42 | INFO | my_functions.py:170 | Searching shop_unselected.PNG (timeout=0s)
2026-05-17 22:23:43 | INFO | my_functions.py:200 | 
✅ Found: shop_unselected.PNG pos=(88, 961) time=0.18s confidence=0.8
2026-05-17 22:23:43 | INFO | my_functions.py:497 | Ya esta listo
2026-05-17 22:23:45 | INFO | my_functions.py:309 | AVAILABLE: 6
2026-05-17 22:23:45 | INFO | my_functions.py:331 | Misiones completadas: 0
2026-05-17 22:23:45 | INFO | my_functions.py:170 | Searching play.PNG (timeout=0s)
2026-05-17 22:23:45 | INFO | my_functions.py:200 | 
✅ Found: play.PNG pos=(384, 826) time=0.22s confidence=0.8
2026-05-17 22:23:45 | INFO | my_functions.py:1159 | [INFO] Click realizado donde se equipa el deck a jugar
2026-05-17 22:23:49 | INFO | my_functions.py:236 | [DEBUG] wait_for_image_and_click -> deck_666666.png timeout=3s delay_click=1s confidence=0.8
2026-05-17 22:23:49 | INFO | my_functions.py:170 | Searching deck_666666.png (timeout=3s)
2026-05-17 22:23:49 | INFO | my_functions.py:200 | 
✅ Found: deck_666666.png pos=(235, 546) time=0.23s confidence=0.8
2026-05-17 22:23:50 | INFO | my_functions.py:135 | Haciendo click en la posición (235, 546)
2026-05-17 22:23:51 | INFO | my_functions.py:256 | 🖱️ Click OK: deck_666666.png at (235, 546) delay=1s
2026-05-17 22:23:51 | INFO | my_functions.py:236 | [DEBUG] wait_for_image_and_click -> equip.png timeout=3s delay_click=1s confidence=0.95
2026-05-17 22:23:51 | INFO | my_functions.py:170 | Searching equip.png (timeout=3s)
2026-05-17 22:23:51 | INFO | my_functions.py:200 | 
✅ Found: equip.png pos=(548, 983) time=0.23s confidence=0.95
2026-05-17 22:23:52 | INFO | my_functions.py:135 | Haciendo click en la posición (548, 983)
2026-05-17 22:23:52 | INFO | my_functions.py:256 | 🖱️ Click OK: equip.png at (548, 983) delay=1s
2026-05-17 22:23:52 | INFO | each_eight_hours.py:184 | Deck selected: 6turns
2026-05-17 22:23:52 | INFO | my_functions.py:236 | [DEBUG] wait_for_image_and_click -> maybe_later.PNG timeout=2s delay_click=1s confidence=0.8
2026-05-17 22:23:52 | INFO | my_functions.py:170 | Searching maybe_later.PNG (timeout=2s)
2026-05-17 22:23:54 | INFO | my_functions.py:214 | 
⛔ Not found: maybe_later.PNG after 2.01s region=(0, 0, 765, 1038) confidence=0.8
2026-05-17 22:23:54 | INFO | my_functions.py:263 | [DEBUG] Click skipped, image not found: maybe_later.PNG
2026-05-17 22:23:54 | INFO | my_functions.py:236 | [DEBUG] wait_for_image_and_click -> maybe_later2.PNG timeout=0.01s delay_click=1s confidence=0.8
2026-05-17 22:23:54 | INFO | my_functions.py:170 | Searching maybe_later2.PNG (timeout=0.01s)
2026-05-17 22:23:55 | INFO | my_functions.py:214 | 
⛔ Not found: maybe_later2.PNG after 0.2s region=(0, 0, 765, 1038) confidence=0.8
2026-05-17 22:23:55 | INFO | my_functions.py:263 | [DEBUG] Click skipped, image not found: maybe_later2.PNG
2026-05-17 22:23:55 | INFO | each_eight_hours.py:237 | Starting game loop 1
2026-05-17 22:23:55 | INFO | my_functions.py:236 | [DEBUG] wait_for_image_and_click -> play.PNG timeout=20s delay_click=3s confidence=0.8
2026-05-17 22:23:55 | INFO | my_functions.py:170 | Searching play.PNG (timeout=20s)
2026-05-17 22:23:55 | INFO | my_functions.py:200 | 
✅ Found: play.PNG pos=(384, 824) time=0.2s confidence=0.8
2026-05-17 22:23:58 | INFO | my_functions.py:135 | Haciendo click en la posición (384, 824)
2026-05-17 22:23:58 | INFO | my_functions.py:256 | 🖱️ Click OK: play.PNG at (384, 824) delay=3s
2026-05-17 22:24:12 | INFO | my_functions.py:200 | 
✅ Found: end_turn.PNG pos=(681, 945) time=0.17s confidence=0.8
2026-05-17 22:24:12 | INFO | my_functions.py:236 | [DEBUG] wait_for_image_and_click -> snap.PNG timeout=0s delay_click=1s confidence=0.8
2026-05-17 22:24:12 | INFO | my_functions.py:200 | 
✅ Found: snap.PNG pos=(386, 122) time=0.19s confidence=0.8
2026-05-17 22:24:13 | INFO | my_functions.py:135 | Haciendo click en la posición (386, 122)
2026-05-17 22:24:13 | INFO | my_functions.py:256 | 🖱️ Click OK: snap.PNG at (386, 122) delay=1s
2026-05-17 22:24:19 | INFO | my_functions.py:135 | Haciendo click en la posición (681, 945)
2026-05-17 22:24:20 | INFO | each_eight_hours.py:253 | End turn executed
2026-05-17 22:24:39 | INFO | my_functions.py:200 | 
✅ Found: end_turn.PNG pos=(681, 945) time=0.18s confidence=0.8
2026-05-17 22:24:39 | INFO | my_functions.py:236 | [DEBUG] wait_for_image_and_click -> snap.PNG timeout=0s delay_click=1s confidence=0.8
2026-05-17 22:24:39 | INFO | my_functions.py:263 | [DEBUG] Click skipped, image not found: snap.PNG
2026-05-17 22:24:44 | INFO | my_functions.py:135 | Haciendo click en la posición (681, 945)
2026-05-17 22:24:45 | INFO | each_eight_hours.py:253 | End turn executed
2026-05-17 22:24:54 | INFO | my_functions.py:200 | 
✅ Found: end_turn.PNG pos=(681, 945) time=0.2s confidence=0.8
2026-05-17 22:24:54 | INFO | my_functions.py:236 | [DEBUG] wait_for_image_and_click -> snap.PNG timeout=0s delay_click=1s confidence=0.8
2026-05-17 22:24:54 | INFO | my_functions.py:263 | [DEBUG] Click skipped, image not found: snap.PNG
2026-05-17 22:24:59 | INFO | my_functions.py:135 | Haciendo click en la posición (681, 945)
2026-05-17 22:25:00 | INFO | each_eight_hours.py:253 | End turn executed
2026-05-17 22:25:14 | INFO | my_functions.py:200 | 
✅ Found: end_turn.PNG pos=(681, 945) time=0.2s confidence=0.8
2026-05-17 22:25:14 | INFO | my_functions.py:236 | [DEBUG] wait_for_image_and_click -> snap.PNG timeout=0s delay_click=1s confidence=0.8
2026-05-17 22:25:15 | INFO | my_functions.py:263 | [DEBUG] Click skipped, image not found: snap.PNG
2026-05-17 22:25:20 | INFO | my_functions.py:135 | Haciendo click en la posición (681, 945)
2026-05-17 22:25:21 | INFO | each_eight_hours.py:253 | End turn executed
2026-05-17 22:25:54 | INFO | my_functions.py:200 | 
✅ Found: end_turn.PNG pos=(681, 945) time=0.2s confidence=0.8
2026-05-17 22:25:54 | INFO | my_functions.py:236 | [DEBUG] wait_for_image_and_click -> snap.PNG timeout=0s delay_click=1s confidence=0.8
2026-05-17 22:25:54 | INFO | my_functions.py:263 | [DEBUG] Click skipped, image not found: snap.PNG
2026-05-17 22:25:59 | INFO | my_functions.py:135 | Haciendo click en la posición (681, 945)
2026-05-17 22:26:00 | INFO | each_eight_hours.py:253 | End turn executed
2026-05-17 22:26:07 | INFO | my_functions.py:200 | 
✅ Found: aw_snap.png pos=(381, 502) time=0.24s confidence=0.8
2026-05-17 22:26:09 | INFO | my_functions.py:143 | Presionando ESC (1/1)
2026-05-17 22:26:10 | WARNING | each_eight_hours.py:275 | aw_snap detected
2026-05-17 22:26:10 | INFO | my_functions.py:236 | [DEBUG] wait_for_image_and_click -> play_hover.png timeout=20s delay_click=1s confidence=0.8
2026-05-17 22:26:10 | INFO | my_functions.py:170 | Searching play_hover.png (timeout=20s)
2026-05-17 22:26:30 | INFO | my_functions.py:214 | 
⛔ Not found: play_hover.png after 20.08s region=(0, 0, 765, 1038) confidence=0.8
2026-05-17 22:26:30 | INFO | my_functions.py:263 | [DEBUG] Click skipped, image not found: play_hover.png
