2026-07-02 10:42:26 | INFO | each_eight_hours.py:36 | LOG FILE PATH: \\vmware-host\Shared Folders\SHARED FILES VM\MS\logs\each_eight_hours_2026-07-02_10-42-26.log
2026-07-02 10:42:26 | INFO | each_eight_hours.py:37 | Logger initialized
2026-07-02 10:42:26 | INFO | each_eight_hours.py:64 | Script initialized
2026-07-02 10:42:54 | INFO | my_functions.py:56 | ⏳ Esperando WebSocket de OBS...
2026-07-02 10:43:00 | INFO | baseclient.py:33 | Connecting with parameters: host='localhost' port=4455 password='' subs=0 timeout=None
2026-07-02 10:43:00 | INFO | reqs.py:23 | Successfully identified ReqClient with the server using RPC version:1
2026-07-02 10:43:00 | INFO | my_functions.py:62 | ✅ Conectado al OBS WebSocket
2026-07-02 10:43:00 | ERROR | reqs.py:59 | OBSSDKRequestError: Request GetRecordStatus returned code 207. With message: OBS is not ready to perform the request.
Traceback (most recent call last):
  File "C:\Users\Farm\AppData\Local\Programs\Python\Python311\Lib\site-packages\obsws_python\reqs.py", line 53, in send
    raise OBSSDKRequestError(
obsws_python.error.OBSSDKRequestError: Request GetRecordStatus returned code 207. With message: OBS is not ready to perform the request.
2026-07-02 10:43:01 | INFO | my_functions.py:87 | 🎬 Grabación iniciada
2026-07-02 10:43:01 | INFO | each_eight_hours.py:106 | snap.exe terminated if it was running
2026-07-02 10:43:01 | INFO | my_functions.py:1540 | ⏱ Esperando 0.1 segundos antes de empezar...
2026-07-02 10:43:01 | INFO | my_functions.py:1547 | 🔍 Esperando ventana que contenga alguna de: ['py', 'eight_hours'] (máx 20s)
2026-07-02 10:43:01 | INFO | my_functions.py:1559 | ✅ Ventana encontrada: 'each_eight_hours  - Acceso directo'
2026-07-02 10:43:01 | INFO | my_functions.py:1574 | ✅ Ventana seleccionada: 'each_eight_hours  - Acceso directo'
2026-07-02 10:43:03 | INFO | my_functions.py:1597 | 🔁 Reajuste #1...
2026-07-02 10:43:03 | INFO | my_functions.py:1604 | ✔ Verificación completa. Se hicieron 1 reajustes.
2026-07-02 10:43:03 | INFO | each_eight_hours.py:113 | Processing account: john
2026-07-02 10:43:04 | INFO | my_functions.py:1540 | ⏱ Esperando 0.1 segundos antes de empezar...
2026-07-02 10:43:04 | INFO | my_functions.py:1547 | 🔍 Esperando ventana que contenga alguna de: ['SNAP'] (máx 20s)
2026-07-02 10:43:10 | INFO | my_functions.py:1559 | ✅ Ventana encontrada: 'SNAP'
2026-07-02 10:43:10 | INFO | my_functions.py:1574 | ✅ Ventana seleccionada: 'SNAP'
2026-07-02 10:43:12 | INFO | my_functions.py:1606 | ✔ Verificación completa. No hubo cambios después del primer ajuste.
2026-07-02 10:43:12 | INFO | my_functions.py:1206 | [DEBUG] Resizing SNAP window...
2026-07-02 10:43:12 | INFO | my_functions.py:1540 | ⏱ Esperando 0.1 segundos antes de empezar...
2026-07-02 10:43:12 | INFO | my_functions.py:1547 | 🔍 Esperando ventana que contenga alguna de: ['SNAP'] (máx 20s)
2026-07-02 10:43:12 | INFO | my_functions.py:1559 | ✅ Ventana encontrada: 'SNAP'
2026-07-02 10:43:12 | INFO | my_functions.py:1574 | ✅ Ventana seleccionada: 'SNAP'
2026-07-02 10:43:15 | INFO | my_functions.py:1606 | ✔ Verificación completa. No hubo cambios después del primer ajuste.
2026-07-02 10:43:15 | INFO | my_functions.py:247 | [DEBUG] Buscando en paralelo: ['small_submit.PNG', 'small_submit_hover.png', 'submit_hover_2.png', 'small_submit_hover_2.png'] | timeout=90s | confidence=0.8
2026-07-02 10:44:50 | INFO | my_functions.py:281 | [DEBUG] Click skipped, ninguna de las imágenes se encontró en el intento.
2026-07-02 10:44:51 | INFO | my_functions.py:169 | Searching shop_unselected.PNG (timeout=0s)
2026-07-02 10:44:52 | INFO | my_functions.py:213 | 
⛔ Not found: shop_unselected.PNG after 0.0s region=(0, 0, 765, 1038) confidence=0.8
2026-07-02 10:44:52 | INFO | my_functions.py:247 | [DEBUG] Buscando en paralelo: ['super_premium.PNG'] | timeout=0s | confidence=0.8
2026-07-02 10:44:53 | INFO | my_functions.py:134 | Haciendo click en la posición (480, 777)
2026-07-02 10:44:54 | INFO | my_functions.py:269 | 🖱️ Click OK (En paralelo): super_premium.PNG at (480, 777) delay=1s
2026-07-02 10:44:55 | INFO | my_functions.py:142 | Presionando ESC (1/1)
2026-07-02 10:45:03 | INFO | my_functions.py:169 | Searching shop_unselected.PNG (timeout=0s)
2026-07-02 10:45:04 | INFO | my_functions.py:199 | 
✅ Found: shop_unselected.PNG pos=(88, 961) time=0.72s confidence=0.8
2026-07-02 10:45:04 | INFO | my_functions.py:714 | Ya esta listo
2026-07-02 10:45:04 | INFO | my_functions.py:247 | [DEBUG] Buscando en paralelo: ['nut.png'] | timeout=20s | confidence=0.8
2026-07-02 10:45:06 | INFO | my_functions.py:134 | Haciendo click en la posición (184, 78)
2026-07-02 10:45:06 | INFO | my_functions.py:269 | 🖱️ Click OK (En paralelo): nut.png at (184, 78) delay=1s
2026-07-02 10:45:07 | INFO | my_functions.py:247 | [DEBUG] Buscando en paralelo: ['graphics_quality.png'] | timeout=3s | confidence=0.8
2026-07-02 10:45:10 | INFO | my_functions.py:134 | Haciendo click en la posición (304, 644)
2026-07-02 10:45:10 | INFO | my_functions.py:269 | 🖱️ Click OK (En paralelo): graphics_quality.png at (304, 644) delay=1s
2026-07-02 10:45:12 | INFO | my_functions.py:247 | [DEBUG] Buscando en paralelo: ['sign_out.png'] | timeout=20s | confidence=0.8
2026-07-02 10:45:14 | INFO | my_functions.py:134 | Haciendo click en la posición (380, 796)
2026-07-02 10:45:14 | INFO | my_functions.py:269 | 🖱️ Click OK (En paralelo): sign_out.png at (380, 796) delay=1s
2026-07-02 10:45:16 | INFO | my_functions.py:247 | [DEBUG] Buscando en paralelo: ['sign_out_grande.png'] | timeout=20s | confidence=0.8
2026-07-02 10:45:18 | INFO | my_functions.py:134 | Haciendo click en la posición (359, 437)
2026-07-02 10:45:18 | INFO | my_functions.py:269 | 🖱️ Click OK (En paralelo): sign_out_grande.png at (359, 437) delay=1s
2026-07-02 10:45:19 | INFO | my_functions.py:247 | [DEBUG] Buscando en paralelo: ['sign_out2.png'] | timeout=20s | confidence=0.8
2026-07-02 10:45:20 | INFO | my_functions.py:134 | Haciendo click en la posición (383, 634)
2026-07-02 10:45:21 | INFO | my_functions.py:269 | 🖱️ Click OK (En paralelo): sign_out2.png at (383, 634) delay=1s
2026-07-02 10:45:22 | INFO | my_functions.py:1540 | ⏱ Esperando 0.1 segundos antes de empezar...
2026-07-02 10:45:22 | INFO | my_functions.py:1547 | 🔍 Esperando ventana que contenga alguna de: SNAP (máx 20s)
2026-07-02 10:45:22 | INFO | my_functions.py:1559 | ✅ Ventana encontrada: 'SNAP'
2026-07-02 10:45:22 | INFO | my_functions.py:1574 | ✅ Ventana seleccionada: 'SNAP'
2026-07-02 10:45:24 | INFO | my_functions.py:1597 | 🔁 Reajuste #1...
2026-07-02 10:45:26 | INFO | my_functions.py:1604 | ✔ Verificación completa. Se hicieron 1 reajustes.
2026-07-02 10:45:30 | INFO | my_functions.py:1206 | [DEBUG] Resizing SNAP window...
2026-07-02 10:45:30 | INFO | my_functions.py:1540 | ⏱ Esperando 0.1 segundos antes de empezar...
2026-07-02 10:45:30 | INFO | my_functions.py:1547 | 🔍 Esperando ventana que contenga alguna de: ['SNAP'] (máx 20s)
2026-07-02 10:45:33 | INFO | my_functions.py:1559 | ✅ Ventana encontrada: 'SNAP'
2026-07-02 10:45:33 | INFO | my_functions.py:1574 | ✅ Ventana seleccionada: 'SNAP'
2026-07-02 10:45:36 | INFO | my_functions.py:1606 | ✔ Verificación completa. No hubo cambios después del primer ajuste.
2026-07-02 10:45:36 | INFO | my_functions.py:247 | [DEBUG] Buscando en paralelo: ['small_submit.PNG', 'small_submit_hover.png', 'submit_hover_2.png', 'small_submit_hover_2.png'] | timeout=90s | confidence=0.8
2026-07-02 10:45:43 | INFO | my_functions.py:134 | Haciendo click en la posición (380, 642)
2026-07-02 10:45:43 | INFO | my_functions.py:269 | 🖱️ Click OK (En paralelo): small_submit.PNG at (380, 642) delay=0.2s
2026-07-02 10:45:46 | INFO | my_functions.py:247 | [DEBUG] Buscando en paralelo: ['small_submit.PNG', 'small_submit_hover.png', 'submit_hover_2.png', 'small_submit_hover_2.png'] | timeout=20s | confidence=0.8
2026-07-02 10:45:48 | INFO | my_functions.py:134 | Haciendo click en la posición (380, 721)
2026-07-02 10:45:48 | INFO | my_functions.py:269 | 🖱️ Click OK (En paralelo): small_submit.PNG at (380, 721) delay=0.2s
2026-07-02 10:45:49 | INFO | my_functions.py:1540 | ⏱ Esperando 0.1 segundos antes de empezar...
2026-07-02 10:45:49 | INFO | my_functions.py:1547 | 🔍 Esperando ventana que contenga alguna de: ['SNAP'] (máx 20s)
2026-07-02 10:45:49 | INFO | my_functions.py:1559 | ✅ Ventana encontrada: 'SNAP'
2026-07-02 10:45:49 | INFO | my_functions.py:1574 | ✅ Ventana seleccionada: 'SNAP'
2026-07-02 10:45:51 | INFO | my_functions.py:1597 | 🔁 Reajuste #1...
2026-07-02 10:45:52 | INFO | my_functions.py:1604 | ✔ Verificación completa. Se hicieron 1 reajustes.
2026-07-02 10:45:52 | INFO | my_functions.py:169 | Searching please_sign.png (timeout=0s)
2026-07-02 10:45:53 | INFO | my_functions.py:199 | 
✅ Found: please_sign.png pos=(383, 438) time=0.47s confidence=0.8
2026-07-02 10:45:53 | INFO | my_functions.py:247 | [DEBUG] Buscando en paralelo: ['ok_btn.png'] | timeout=20s | confidence=0.8
2026-07-02 10:45:55 | INFO | my_functions.py:134 | Haciendo click en la posición (382, 634)
2026-07-02 10:45:55 | INFO | my_functions.py:269 | 🖱️ Click OK (En paralelo): ok_btn.png at (382, 634) delay=1s
2026-07-02 10:45:56 | INFO | my_functions.py:247 | [DEBUG] Buscando en paralelo: ['small_submit.PNG', 'small_submit_hover.png', 'submit_hover_2.png', 'small_submit_hover_2.png'] | timeout=30s | confidence=0.8
2026-07-02 10:45:59 | INFO | my_functions.py:134 | Haciendo click en la posición (383, 643)
2026-07-02 10:45:59 | INFO | my_functions.py:269 | 🖱️ Click OK (En paralelo): small_submit_hover_2.png at (383, 643) delay=0.2s
2026-07-02 10:46:00 | INFO | my_functions.py:247 | [DEBUG] Buscando en paralelo: ['small_submit.PNG', 'small_submit_hover.png', 'submit_hover_2.png', 'small_submit_hover_2.png'] | timeout=20s | confidence=0.8
2026-07-02 10:46:01 | INFO | my_functions.py:134 | Haciendo click en la posición (380, 721)
2026-07-02 10:46:02 | INFO | my_functions.py:269 | 🖱️ Click OK (En paralelo): small_submit.PNG at (380, 721) delay=0.2s
2026-07-02 10:46:03 | INFO | my_functions.py:247 | [DEBUG] Buscando en paralelo: ['sign_in_with_google2.PNG'] | timeout=20s | confidence=0.8
2026-07-02 10:46:04 | INFO | my_functions.py:134 | Haciendo click en la posición (406, 957)
2026-07-02 10:46:04 | INFO | my_functions.py:269 | 🖱️ Click OK (En paralelo): sign_in_with_google2.PNG at (406, 957) delay=1s
2026-07-02 10:46:06 | INFO | my_functions.py:169 | Searching pagina_cargada.png (timeout=60s)
2026-07-02 10:46:18 | INFO | my_functions.py:199 | 
✅ Found: pagina_cargada.png pos=(70, 24) time=12.35s confidence=0.8
2026-07-02 10:46:18 | INFO | my_functions.py:247 | [DEBUG] Buscando en paralelo: ['john.png'] | timeout=0s | confidence=0.8
2026-07-02 10:46:22 | INFO | my_functions.py:134 | Haciendo click en la posición (1143, 619)
2026-07-02 10:46:22 | INFO | my_functions.py:269 | 🖱️ Click OK (En paralelo): john.png at (1143, 619) delay=3s
2026-07-02 10:46:23 | INFO | my_functions.py:169 | Searching marvelsnap_web.png (timeout=30s)
2026-07-02 10:46:28 | INFO | my_functions.py:199 | 
✅ Found: marvelsnap_web.png pos=(258, 80) time=4.76s confidence=0.7
2026-07-02 10:46:28 | INFO | my_functions.py:169 | Searching shop_unselected.PNG (timeout=0s)
2026-07-02 10:46:29 | INFO | my_functions.py:213 | 
⛔ Not found: shop_unselected.PNG after 0.0s region=(0, 0, 765, 1038) confidence=0.8
2026-07-02 10:46:29 | INFO | my_functions.py:247 | [DEBUG] Buscando en paralelo: ['super_premium.PNG'] | timeout=0s | confidence=0.8
2026-07-02 10:46:29 | INFO | my_functions.py:281 | [DEBUG] Click skipped, ninguna de las imágenes se encontró en el intento.
2026-07-02 10:46:31 | INFO | my_functions.py:247 | [DEBUG] Buscando en paralelo: ['maybe_later.PNG'] | timeout=0s | confidence=0.8
2026-07-02 10:46:31 | INFO | my_functions.py:281 | [DEBUG] Click skipped, ninguna de las imágenes se encontró en el intento.
2026-07-02 10:46:32 | INFO | my_functions.py:247 | [DEBUG] Buscando en paralelo: ['maybe_later2.PNG'] | timeout=0s | confidence=0.8
2026-07-02 10:46:33 | INFO | my_functions.py:281 | [DEBUG] Click skipped, ninguna de las imágenes se encontró en el intento.
2026-07-02 10:46:34 | INFO | my_functions.py:169 | Searching go_to_shop.PNG (timeout=0s)
2026-07-02 10:46:35 | INFO | my_functions.py:213 | 
⛔ Not found: go_to_shop.PNG after 0.0s region=(0, 0, 765, 1038) confidence=0.8
2026-07-02 10:46:35 | INFO | my_functions.py:247 | [DEBUG] Buscando en paralelo: ['14_days_of_winterverse.PNG'] | timeout=0s | confidence=0.8
2026-07-02 10:46:35 | INFO | my_functions.py:281 | [DEBUG] Click skipped, ninguna de las imágenes se encontró en el intento.
2026-07-02 10:46:36 | INFO | my_functions.py:169 | Searching welcome_back_calendar.PNG (timeout=0s)
2026-07-02 10:46:37 | INFO | my_functions.py:213 | 
⛔ Not found: welcome_back_calendar.PNG after 0.0s region=(0, 0, 765, 1038) confidence=0.8
2026-07-02 10:46:37 | INFO | my_functions.py:247 | [DEBUG] Buscando en paralelo: ['start_the_countdown.PNG'] | timeout=0s | confidence=0.8
2026-07-02 10:46:37 | INFO | my_functions.py:281 | [DEBUG] Click skipped, ninguna de las imágenes se encontró en el intento.
2026-07-02 10:46:39 | INFO | my_functions.py:247 | [DEBUG] Buscando en paralelo: ['event_has_ended_sanctum.PNG'] | timeout=0s | confidence=0.8
2026-07-02 10:46:39 | INFO | my_functions.py:281 | [DEBUG] Click skipped, ninguna de las imágenes se encontró en el intento.
2026-07-02 10:46:40 | INFO | my_functions.py:247 | [DEBUG] Buscando en paralelo: ['event_has_ended_teamclash.PNG'] | timeout=0s | confidence=0.8
2026-07-02 10:46:41 | INFO | my_functions.py:281 | [DEBUG] Click skipped, ninguna de las imágenes se encontró en el intento.
2026-07-02 10:46:42 | INFO | my_functions.py:247 | [DEBUG] Buscando en paralelo: ['image_part_of_event_grand_arena_finished.PNG'] | timeout=0s | confidence=0.8
2026-07-02 10:46:42 | INFO | my_functions.py:281 | [DEBUG] Click skipped, ninguna de las imágenes se encontró en el intento.
2026-07-02 10:46:44 | INFO | my_functions.py:169 | Searching 28_day_event_login_rewards.PNG (timeout=0s)
2026-07-02 10:46:44 | INFO | my_functions.py:213 | 
⛔ Not found: 28_day_event_login_rewards.PNG after 0.0s region=(0, 0, 765, 1038) confidence=0.8
2026-07-02 10:46:44 | INFO | my_functions.py:169 | Searching 7_day_event_login.PNG (timeout=0s)
2026-07-02 10:46:45 | INFO | my_functions.py:213 | 
⛔ Not found: 7_day_event_login.PNG after 0.0s region=(0, 0, 765, 1038) confidence=0.8
2026-07-02 10:46:45 | INFO | my_functions.py:169 | Searching 14_days_event.PNG (timeout=0s)
2026-07-02 10:46:45 | INFO | my_functions.py:213 | 
⛔ Not found: 14_days_event.PNG after 0.0s region=(0, 0, 765, 1038) confidence=0.8
2026-07-02 10:46:45 | INFO | my_functions.py:247 | [DEBUG] Buscando en paralelo: ['lets_go.PNG'] | timeout=0s | confidence=0.8
2026-07-02 10:46:46 | INFO | my_functions.py:281 | [DEBUG] Click skipped, ninguna de las imágenes se encontró en el intento.
2026-07-02 10:46:48 | INFO | my_functions.py:169 | Searching shop_unselected.PNG (timeout=0s)
2026-07-02 10:46:48 | INFO | my_functions.py:213 | 
⛔ Not found: shop_unselected.PNG after 0.0s region=(0, 0, 765, 1038) confidence=0.8
2026-07-02 10:46:48 | INFO | my_functions.py:247 | [DEBUG] Buscando en paralelo: ['super_premium.PNG'] | timeout=0s | confidence=0.8
2026-07-02 10:46:50 | INFO | my_functions.py:134 | Haciendo click en la posición (480, 777)
2026-07-02 10:46:50 | INFO | my_functions.py:269 | 🖱️ Click OK (En paralelo): super_premium.PNG at (480, 777) delay=1s
2026-07-02 10:46:51 | INFO | my_functions.py:142 | Presionando ESC (1/1)
2026-07-02 10:47:00 | INFO | my_functions.py:169 | Searching shop_unselected.PNG (timeout=0s)
2026-07-02 10:47:01 | INFO | my_functions.py:199 | 
✅ Found: shop_unselected.PNG pos=(88, 961) time=0.69s confidence=0.8
2026-07-02 10:47:01 | INFO | my_functions.py:714 | Ya esta listo
2026-07-02 10:47:05 | INFO | my_functions.py:533 | AVAILABLE: 3
2026-07-02 10:47:05 | INFO | my_functions.py:247 | [DEBUG] Buscando en paralelo: ['nut.png'] | timeout=20s | confidence=0.8
2026-07-02 10:47:07 | INFO | my_functions.py:134 | Haciendo click en la posición (184, 78)
2026-07-02 10:47:07 | INFO | my_functions.py:269 | 🖱️ Click OK (En paralelo): nut.png at (184, 78) delay=1s
2026-07-02 10:47:08 | INFO | my_functions.py:247 | [DEBUG] Buscando en paralelo: ['graphics_quality.png'] | timeout=3s | confidence=0.8
2026-07-02 10:47:10 | INFO | my_functions.py:134 | Haciendo click en la posición (304, 644)
2026-07-02 10:47:10 | INFO | my_functions.py:269 | 🖱️ Click OK (En paralelo): graphics_quality.png at (304, 644) delay=1s
2026-07-02 10:47:12 | INFO | my_functions.py:247 | [DEBUG] Buscando en paralelo: ['sign_out.png'] | timeout=20s | confidence=0.8
2026-07-02 10:47:14 | INFO | my_functions.py:134 | Haciendo click en la posición (380, 796)
2026-07-02 10:47:14 | INFO | my_functions.py:269 | 🖱️ Click OK (En paralelo): sign_out.png at (380, 796) delay=1s
2026-07-02 10:47:16 | INFO | my_functions.py:247 | [DEBUG] Buscando en paralelo: ['sign_out_grande.png'] | timeout=20s | confidence=0.8
2026-07-02 10:47:17 | INFO | my_functions.py:134 | Haciendo click en la posición (359, 437)
2026-07-02 10:47:18 | INFO | my_functions.py:269 | 🖱️ Click OK (En paralelo): sign_out_grande.png at (359, 437) delay=1s
2026-07-02 10:47:19 | INFO | my_functions.py:247 | [DEBUG] Buscando en paralelo: ['sign_out2.png'] | timeout=20s | confidence=0.8
2026-07-02 10:47:20 | INFO | my_functions.py:134 | Haciendo click en la posición (383, 634)
2026-07-02 10:47:21 | INFO | my_functions.py:269 | 🖱️ Click OK (En paralelo): sign_out2.png at (383, 634) delay=1s
2026-07-02 10:47:22 | INFO | my_functions.py:1540 | ⏱ Esperando 0.1 segundos antes de empezar...
2026-07-02 10:47:22 | INFO | my_functions.py:1547 | 🔍 Esperando ventana que contenga alguna de: SNAP (máx 20s)
2026-07-02 10:47:22 | INFO | my_functions.py:1559 | ✅ Ventana encontrada: 'SNAP'
2026-07-02 10:47:22 | INFO | my_functions.py:1574 | ✅ Ventana seleccionada: 'SNAP'
2026-07-02 10:47:24 | INFO | my_functions.py:1597 | 🔁 Reajuste #1...
2026-07-02 10:47:26 | INFO | my_functions.py:1604 | ✔ Verificación completa. Se hicieron 1 reajustes.
2026-07-02 10:47:30 | INFO | each_eight_hours.py:113 | Processing account: robert
2026-07-02 10:47:30 | INFO | my_functions.py:1540 | ⏱ Esperando 0.1 segundos antes de empezar...
2026-07-02 10:47:30 | INFO | my_functions.py:1547 | 🔍 Esperando ventana que contenga alguna de: ['SNAP'] (máx 20s)
2026-07-02 10:47:32 | INFO | my_functions.py:1559 | ✅ Ventana encontrada: 'SNAP'
2026-07-02 10:47:32 | INFO | my_functions.py:1574 | ✅ Ventana seleccionada: 'SNAP'
2026-07-02 10:47:34 | INFO | my_functions.py:1606 | ✔ Verificación completa. No hubo cambios después del primer ajuste.
2026-07-02 10:47:34 | INFO | my_functions.py:1206 | [DEBUG] Resizing SNAP window...
2026-07-02 10:47:34 | INFO | my_functions.py:1540 | ⏱ Esperando 0.1 segundos antes de empezar...
2026-07-02 10:47:34 | INFO | my_functions.py:1547 | 🔍 Esperando ventana que contenga alguna de: ['SNAP'] (máx 20s)
2026-07-02 10:47:34 | INFO | my_functions.py:1559 | ✅ Ventana encontrada: 'SNAP'
2026-07-02 10:47:34 | INFO | my_functions.py:1574 | ✅ Ventana seleccionada: 'SNAP'
2026-07-02 10:47:37 | INFO | my_functions.py:1606 | ✔ Verificación completa. No hubo cambios después del primer ajuste.
2026-07-02 10:47:37 | INFO | my_functions.py:247 | [DEBUG] Buscando en paralelo: ['small_submit.PNG', 'small_submit_hover.png', 'submit_hover_2.png', 'small_submit_hover_2.png'] | timeout=90s | confidence=0.8
2026-07-02 10:47:45 | INFO | my_functions.py:134 | Haciendo click en la posición (380, 642)
2026-07-02 10:47:45 | INFO | my_functions.py:269 | 🖱️ Click OK (En paralelo): small_submit.PNG at (380, 642) delay=0.2s
2026-07-02 10:47:48 | INFO | my_functions.py:247 | [DEBUG] Buscando en paralelo: ['small_submit.PNG', 'small_submit_hover.png', 'submit_hover_2.png', 'small_submit_hover_2.png'] | timeout=20s | confidence=0.8
2026-07-02 10:47:50 | INFO | my_functions.py:134 | Haciendo click en la posición (380, 721)
2026-07-02 10:47:50 | INFO | my_functions.py:269 | 🖱️ Click OK (En paralelo): small_submit.PNG at (380, 721) delay=0.2s
2026-07-02 10:47:51 | INFO | my_functions.py:1540 | ⏱ Esperando 0.1 segundos antes de empezar...
2026-07-02 10:47:51 | INFO | my_functions.py:1547 | 🔍 Esperando ventana que contenga alguna de: ['SNAP'] (máx 20s)
2026-07-02 10:47:51 | INFO | my_functions.py:1559 | ✅ Ventana encontrada: 'SNAP'
2026-07-02 10:47:51 | INFO | my_functions.py:1574 | ✅ Ventana seleccionada: 'SNAP'
2026-07-02 10:47:53 | INFO | my_functions.py:1597 | 🔁 Reajuste #1...
2026-07-02 10:47:54 | INFO | my_functions.py:1604 | ✔ Verificación completa. Se hicieron 1 reajustes.
2026-07-02 10:47:54 | INFO | my_functions.py:169 | Searching please_sign.png (timeout=0s)
2026-07-02 10:47:55 | INFO | my_functions.py:199 | 
✅ Found: please_sign.png pos=(383, 438) time=0.49s confidence=0.8
2026-07-02 10:47:55 | INFO | my_functions.py:247 | [DEBUG] Buscando en paralelo: ['ok_btn.png'] | timeout=20s | confidence=0.8
2026-07-02 10:47:57 | INFO | my_functions.py:134 | Haciendo click en la posición (382, 634)
2026-07-02 10:47:57 | INFO | my_functions.py:269 | 🖱️ Click OK (En paralelo): ok_btn.png at (382, 634) delay=1s
2026-07-02 10:47:58 | INFO | my_functions.py:247 | [DEBUG] Buscando en paralelo: ['small_submit.PNG', 'small_submit_hover.png', 'submit_hover_2.png', 'small_submit_hover_2.png'] | timeout=30s | confidence=0.8
2026-07-02 10:48:01 | INFO | my_functions.py:134 | Haciendo click en la posición (383, 643)
2026-07-02 10:48:01 | INFO | my_functions.py:269 | 🖱️ Click OK (En paralelo): small_submit_hover_2.png at (383, 643) delay=0.2s
2026-07-02 10:48:02 | INFO | my_functions.py:247 | [DEBUG] Buscando en paralelo: ['small_submit.PNG', 'small_submit_hover.png', 'submit_hover_2.png', 'small_submit_hover_2.png'] | timeout=20s | confidence=0.8
2026-07-02 10:48:04 | INFO | my_functions.py:134 | Haciendo click en la posición (380, 721)
2026-07-02 10:48:04 | INFO | my_functions.py:269 | 🖱️ Click OK (En paralelo): small_submit.PNG at (380, 721) delay=0.2s
2026-07-02 10:48:05 | INFO | my_functions.py:247 | [DEBUG] Buscando en paralelo: ['sign_in_with_google2.PNG'] | timeout=20s | confidence=0.8
2026-07-02 10:48:07 | INFO | my_functions.py:134 | Haciendo click en la posición (406, 957)
2026-07-02 10:48:07 | INFO | my_functions.py:269 | 🖱️ Click OK (En paralelo): sign_in_with_google2.PNG at (406, 957) delay=1s
2026-07-02 10:48:08 | INFO | my_functions.py:169 | Searching pagina_cargada.png (timeout=60s)
2026-07-02 10:48:16 | INFO | my_functions.py:199 | 
✅ Found: pagina_cargada.png pos=(70, 24) time=8.22s confidence=0.8
2026-07-02 10:48:16 | INFO | my_functions.py:247 | [DEBUG] Buscando en paralelo: ['robert.png'] | timeout=0s | confidence=0.8
2026-07-02 10:48:20 | INFO | my_functions.py:134 | Haciendo click en la posición (1152, 794)
2026-07-02 10:48:20 | INFO | my_functions.py:269 | 🖱️ Click OK (En paralelo): robert.png at (1152, 794) delay=3s
2026-07-02 10:48:21 | INFO | my_functions.py:169 | Searching marvelsnap_web.png (timeout=30s)
2026-07-02 10:48:26 | INFO | my_functions.py:199 | 
✅ Found: marvelsnap_web.png pos=(258, 80) time=4.22s confidence=0.7
2026-07-02 10:48:26 | INFO | my_functions.py:169 | Searching shop_unselected.PNG (timeout=0s)
2026-07-02 10:48:27 | INFO | my_functions.py:213 | 
⛔ Not found: shop_unselected.PNG after 0.0s region=(0, 0, 765, 1038) confidence=0.8
2026-07-02 10:48:27 | INFO | my_functions.py:247 | [DEBUG] Buscando en paralelo: ['super_premium.PNG'] | timeout=0s | confidence=0.8
2026-07-02 10:48:27 | INFO | my_functions.py:281 | [DEBUG] Click skipped, ninguna de las imágenes se encontró en el intento.
2026-07-02 10:48:28 | INFO | my_functions.py:247 | [DEBUG] Buscando en paralelo: ['maybe_later.PNG'] | timeout=0s | confidence=0.8
2026-07-02 10:48:29 | INFO | my_functions.py:281 | [DEBUG] Click skipped, ninguna de las imágenes se encontró en el intento.
2026-07-02 10:48:30 | INFO | my_functions.py:247 | [DEBUG] Buscando en paralelo: ['maybe_later2.PNG'] | timeout=0s | confidence=0.8
2026-07-02 10:48:31 | INFO | my_functions.py:281 | [DEBUG] Click skipped, ninguna de las imágenes se encontró en el intento.
2026-07-02 10:48:32 | INFO | my_functions.py:169 | Searching go_to_shop.PNG (timeout=0s)
2026-07-02 10:48:32 | INFO | my_functions.py:213 | 
⛔ Not found: go_to_shop.PNG after 0.0s region=(0, 0, 765, 1038) confidence=0.8
2026-07-02 10:48:32 | INFO | my_functions.py:247 | [DEBUG] Buscando en paralelo: ['14_days_of_winterverse.PNG'] | timeout=0s | confidence=0.8
2026-07-02 10:48:33 | INFO | my_functions.py:281 | [DEBUG] Click skipped, ninguna de las imágenes se encontró en el intento.
2026-07-02 10:48:34 | INFO | my_functions.py:169 | Searching welcome_back_calendar.PNG (timeout=0s)
2026-07-02 10:48:35 | INFO | my_functions.py:213 | 
⛔ Not found: welcome_back_calendar.PNG after 0.0s region=(0, 0, 765, 1038) confidence=0.8
2026-07-02 10:48:35 | INFO | my_functions.py:247 | [DEBUG] Buscando en paralelo: ['start_the_countdown.PNG'] | timeout=0s | confidence=0.8
2026-07-02 10:48:35 | INFO | my_functions.py:281 | [DEBUG] Click skipped, ninguna de las imágenes se encontró en el intento.
2026-07-02 10:48:36 | INFO | my_functions.py:247 | [DEBUG] Buscando en paralelo: ['event_has_ended_sanctum.PNG'] | timeout=0s | confidence=0.8
2026-07-02 10:48:37 | INFO | my_functions.py:281 | [DEBUG] Click skipped, ninguna de las imágenes se encontró en el intento.
2026-07-02 10:48:38 | INFO | my_functions.py:247 | [DEBUG] Buscando en paralelo: ['event_has_ended_teamclash.PNG'] | timeout=0s | confidence=0.8
2026-07-02 10:48:39 | INFO | my_functions.py:281 | [DEBUG] Click skipped, ninguna de las imágenes se encontró en el intento.
2026-07-02 10:48:40 | INFO | my_functions.py:247 | [DEBUG] Buscando en paralelo: ['image_part_of_event_grand_arena_finished.PNG'] | timeout=0s | confidence=0.8
2026-07-02 10:48:40 | INFO | my_functions.py:281 | [DEBUG] Click skipped, ninguna de las imágenes se encontró en el intento.
2026-07-02 10:48:41 | INFO | my_functions.py:169 | Searching 28_day_event_login_rewards.PNG (timeout=0s)
2026-07-02 10:48:42 | INFO | my_functions.py:213 | 
⛔ Not found: 28_day_event_login_rewards.PNG after 0.0s region=(0, 0, 765, 1038) confidence=0.8
2026-07-02 10:48:42 | INFO | my_functions.py:169 | Searching 7_day_event_login.PNG (timeout=0s)
2026-07-02 10:48:42 | INFO | my_functions.py:213 | 
⛔ Not found: 7_day_event_login.PNG after 0.0s region=(0, 0, 765, 1038) confidence=0.8
2026-07-02 10:48:42 | INFO | my_functions.py:169 | Searching 14_days_event.PNG (timeout=0s)
2026-07-02 10:48:43 | INFO | my_functions.py:213 | 
⛔ Not found: 14_days_event.PNG after 0.0s region=(0, 0, 765, 1038) confidence=0.8
2026-07-02 10:48:43 | INFO | my_functions.py:247 | [DEBUG] Buscando en paralelo: ['lets_go.PNG'] | timeout=0s | confidence=0.8
2026-07-02 10:48:44 | INFO | my_functions.py:281 | [DEBUG] Click skipped, ninguna de las imágenes se encontró en el intento.
2026-07-02 10:48:46 | INFO | my_functions.py:169 | Searching shop_unselected.PNG (timeout=0s)
2026-07-02 10:48:46 | INFO | my_functions.py:213 | 
⛔ Not found: shop_unselected.PNG after 0.0s region=(0, 0, 765, 1038) confidence=0.8
2026-07-02 10:48:46 | INFO | my_functions.py:247 | [DEBUG] Buscando en paralelo: ['super_premium.PNG'] | timeout=0s | confidence=0.8
2026-07-02 10:48:48 | INFO | my_functions.py:134 | Haciendo click en la posición (480, 777)
2026-07-02 10:48:48 | INFO | my_functions.py:269 | 🖱️ Click OK (En paralelo): super_premium.PNG at (480, 777) delay=1s
2026-07-02 10:48:49 | INFO | my_functions.py:142 | Presionando ESC (1/1)
2026-07-02 10:48:58 | INFO | my_functions.py:169 | Searching shop_unselected.PNG (timeout=0s)
2026-07-02 10:48:59 | INFO | my_functions.py:199 | 
✅ Found: shop_unselected.PNG pos=(88, 961) time=0.77s confidence=0.8
2026-07-02 10:48:59 | INFO | my_functions.py:714 | Ya esta listo
2026-07-02 10:49:03 | INFO | my_functions.py:533 | AVAILABLE: 4
2026-07-02 10:49:03 | INFO | my_functions.py:247 | [DEBUG] Buscando en paralelo: ['nut.png'] | timeout=20s | confidence=0.8
2026-07-02 10:49:05 | INFO | my_functions.py:134 | Haciendo click en la posición (184, 78)
2026-07-02 10:49:05 | INFO | my_functions.py:269 | 🖱️ Click OK (En paralelo): nut.png at (184, 78) delay=1s
2026-07-02 10:49:06 | INFO | my_functions.py:247 | [DEBUG] Buscando en paralelo: ['graphics_quality.png'] | timeout=3s | confidence=0.8
2026-07-02 10:49:08 | INFO | my_functions.py:134 | Haciendo click en la posición (304, 644)
2026-07-02 10:49:08 | INFO | my_functions.py:269 | 🖱️ Click OK (En paralelo): graphics_quality.png at (304, 644) delay=1s
2026-07-02 10:49:10 | INFO | my_functions.py:247 | [DEBUG] Buscando en paralelo: ['sign_out.png'] | timeout=20s | confidence=0.8
2026-07-02 10:49:12 | INFO | my_functions.py:134 | Haciendo click en la posición (380, 796)
2026-07-02 10:49:12 | INFO | my_functions.py:269 | 🖱️ Click OK (En paralelo): sign_out.png at (380, 796) delay=1s
2026-07-02 10:49:14 | INFO | my_functions.py:247 | [DEBUG] Buscando en paralelo: ['sign_out_grande.png'] | timeout=20s | confidence=0.8
2026-07-02 10:49:16 | INFO | my_functions.py:134 | Haciendo click en la posición (359, 437)
2026-07-02 10:49:16 | INFO | my_functions.py:269 | 🖱️ Click OK (En paralelo): sign_out_grande.png at (359, 437) delay=1s
2026-07-02 10:49:17 | INFO | my_functions.py:247 | [DEBUG] Buscando en paralelo: ['sign_out2.png'] | timeout=20s | confidence=0.8
2026-07-02 10:49:18 | INFO | my_functions.py:134 | Haciendo click en la posición (383, 634)
2026-07-02 10:49:19 | INFO | my_functions.py:269 | 🖱️ Click OK (En paralelo): sign_out2.png at (383, 634) delay=1s
2026-07-02 10:49:20 | INFO | my_functions.py:1540 | ⏱ Esperando 0.1 segundos antes de empezar...
2026-07-02 10:49:20 | INFO | my_functions.py:1547 | 🔍 Esperando ventana que contenga alguna de: SNAP (máx 20s)
2026-07-02 10:49:20 | INFO | my_functions.py:1559 | ✅ Ventana encontrada: 'SNAP'
2026-07-02 10:49:20 | INFO | my_functions.py:1574 | ✅ Ventana seleccionada: 'SNAP'
2026-07-02 10:49:22 | INFO | my_functions.py:1597 | 🔁 Reajuste #1...
2026-07-02 10:49:24 | INFO | my_functions.py:1604 | ✔ Verificación completa. Se hicieron 1 reajustes.
2026-07-02 10:49:28 | INFO | each_eight_hours.py:113 | Processing account: michael
2026-07-02 10:49:28 | INFO | my_functions.py:1540 | ⏱ Esperando 0.1 segundos antes de empezar...
2026-07-02 10:49:28 | INFO | my_functions.py:1547 | 🔍 Esperando ventana que contenga alguna de: ['SNAP'] (máx 20s)
2026-07-02 10:49:30 | INFO | my_functions.py:1559 | ✅ Ventana encontrada: 'SNAP'
2026-07-02 10:49:30 | INFO | my_functions.py:1574 | ✅ Ventana seleccionada: 'SNAP'
2026-07-02 10:49:33 | INFO | my_functions.py:1606 | ✔ Verificación completa. No hubo cambios después del primer ajuste.
2026-07-02 10:49:33 | INFO | my_functions.py:1206 | [DEBUG] Resizing SNAP window...
2026-07-02 10:49:33 | INFO | my_functions.py:1540 | ⏱ Esperando 0.1 segundos antes de empezar...
2026-07-02 10:49:33 | INFO | my_functions.py:1547 | 🔍 Esperando ventana que contenga alguna de: ['SNAP'] (máx 20s)
2026-07-02 10:49:33 | INFO | my_functions.py:1559 | ✅ Ventana encontrada: 'SNAP'
2026-07-02 10:49:33 | INFO | my_functions.py:1574 | ✅ Ventana seleccionada: 'SNAP'
2026-07-02 10:49:36 | INFO | my_functions.py:1606 | ✔ Verificación completa. No hubo cambios después del primer ajuste.
2026-07-02 10:49:36 | INFO | my_functions.py:247 | [DEBUG] Buscando en paralelo: ['small_submit.PNG', 'small_submit_hover.png', 'submit_hover_2.png', 'small_submit_hover_2.png'] | timeout=90s | confidence=0.8
2026-07-02 10:49:43 | INFO | my_functions.py:134 | Haciendo click en la posición (380, 642)
2026-07-02 10:49:43 | INFO | my_functions.py:269 | 🖱️ Click OK (En paralelo): small_submit.PNG at (380, 642) delay=0.2s
2026-07-02 10:49:46 | INFO | my_functions.py:247 | [DEBUG] Buscando en paralelo: ['small_submit.PNG', 'small_submit_hover.png', 'submit_hover_2.png', 'small_submit_hover_2.png'] | timeout=20s | confidence=0.8
2026-07-02 10:49:48 | INFO | my_functions.py:134 | Haciendo click en la posición (380, 721)
2026-07-02 10:49:48 | INFO | my_functions.py:269 | 🖱️ Click OK (En paralelo): small_submit.PNG at (380, 721) delay=0.2s
2026-07-02 10:49:49 | INFO | my_functions.py:1540 | ⏱ Esperando 0.1 segundos antes de empezar...
2026-07-02 10:49:49 | INFO | my_functions.py:1547 | 🔍 Esperando ventana que contenga alguna de: ['SNAP'] (máx 20s)
2026-07-02 10:49:49 | INFO | my_functions.py:1559 | ✅ Ventana encontrada: 'SNAP'
2026-07-02 10:49:49 | INFO | my_functions.py:1574 | ✅ Ventana seleccionada: 'SNAP'
2026-07-02 10:49:51 | INFO | my_functions.py:1597 | 🔁 Reajuste #1...
2026-07-02 10:49:52 | INFO | my_functions.py:1604 | ✔ Verificación completa. Se hicieron 1 reajustes.
2026-07-02 10:49:52 | INFO | my_functions.py:169 | Searching please_sign.png (timeout=0s)
2026-07-02 10:49:53 | INFO | my_functions.py:199 | 
✅ Found: please_sign.png pos=(383, 438) time=0.46s confidence=0.8
2026-07-02 10:49:53 | INFO | my_functions.py:247 | [DEBUG] Buscando en paralelo: ['ok_btn.png'] | timeout=20s | confidence=0.8
2026-07-02 10:49:54 | INFO | my_functions.py:134 | Haciendo click en la posición (382, 634)
2026-07-02 10:49:54 | INFO | my_functions.py:269 | 🖱️ Click OK (En paralelo): ok_btn.png at (382, 634) delay=1s
2026-07-02 10:49:56 | INFO | my_functions.py:247 | [DEBUG] Buscando en paralelo: ['small_submit.PNG', 'small_submit_hover.png', 'submit_hover_2.png', 'small_submit_hover_2.png'] | timeout=30s | confidence=0.8
2026-07-02 10:49:58 | INFO | my_functions.py:134 | Haciendo click en la posición (383, 643)
2026-07-02 10:49:59 | INFO | my_functions.py:269 | 🖱️ Click OK (En paralelo): small_submit_hover_2.png at (383, 643) delay=0.2s
2026-07-02 10:50:00 | INFO | my_functions.py:247 | [DEBUG] Buscando en paralelo: ['small_submit.PNG', 'small_submit_hover.png', 'submit_hover_2.png', 'small_submit_hover_2.png'] | timeout=20s | confidence=0.8
2026-07-02 10:50:01 | INFO | my_functions.py:134 | Haciendo click en la posición (380, 721)
2026-07-02 10:50:01 | INFO | my_functions.py:269 | 🖱️ Click OK (En paralelo): small_submit.PNG at (380, 721) delay=0.2s
2026-07-02 10:50:02 | INFO | my_functions.py:247 | [DEBUG] Buscando en paralelo: ['sign_in_with_google2.PNG'] | timeout=20s | confidence=0.8
2026-07-02 10:50:04 | INFO | my_functions.py:134 | Haciendo click en la posición (406, 957)
2026-07-02 10:50:04 | INFO | my_functions.py:269 | 🖱️ Click OK (En paralelo): sign_in_with_google2.PNG at (406, 957) delay=1s
2026-07-02 10:50:05 | INFO | my_functions.py:169 | Searching pagina_cargada.png (timeout=60s)
2026-07-02 10:50:13 | INFO | my_functions.py:199 | 
✅ Found: pagina_cargada.png pos=(70, 24) time=8.22s confidence=0.8
2026-07-02 10:50:14 | INFO | my_functions.py:247 | [DEBUG] Buscando en paralelo: ['michael.png'] | timeout=0s | confidence=0.8
2026-07-02 10:50:20 | INFO | my_functions.py:134 | Haciendo click en la posición (1156, 878)
2026-07-02 10:50:21 | INFO | my_functions.py:269 | 🖱️ Click OK (En paralelo): michael.png at (1156, 878) delay=3s
2026-07-02 10:50:22 | INFO | my_functions.py:169 | Searching marvelsnap_web.png (timeout=30s)
2026-07-02 10:51:00 | INFO | my_functions.py:199 | 
✅ Found: marvelsnap_web.png pos=(258, 80) time=38.24s confidence=0.7
2026-07-02 10:51:10 | INFO | my_functions.py:169 | Searching shop_unselected.PNG (timeout=0s)
2026-07-02 10:51:15 | INFO | my_functions.py:213 | 
⛔ Not found: shop_unselected.PNG after 0.01s region=(0, 0, 765, 1038) confidence=0.8
2026-07-02 10:51:15 | INFO | my_functions.py:247 | [DEBUG] Buscando en paralelo: ['super_premium.PNG'] | timeout=0s | confidence=0.8
2026-07-02 10:51:18 | INFO | my_functions.py:281 | [DEBUG] Click skipped, ninguna de las imágenes se encontró en el intento.
2026-07-02 10:51:19 | INFO | my_functions.py:247 | [DEBUG] Buscando en paralelo: ['maybe_later.PNG'] | timeout=0s | confidence=0.8
2026-07-02 10:51:22 | INFO | my_functions.py:281 | [DEBUG] Click skipped, ninguna de las imágenes se encontró en el intento.
2026-07-02 10:51:23 | INFO | my_functions.py:247 | [DEBUG] Buscando en paralelo: ['maybe_later2.PNG'] | timeout=0s | confidence=0.8
2026-07-02 10:51:28 | INFO | my_functions.py:281 | [DEBUG] Click skipped, ninguna de las imágenes se encontró en el intento.
2026-07-02 10:51:29 | INFO | my_functions.py:169 | Searching go_to_shop.PNG (timeout=0s)
2026-07-02 10:51:30 | INFO | my_functions.py:213 | 
⛔ Not found: go_to_shop.PNG after 0.01s region=(0, 0, 765, 1038) confidence=0.8
2026-07-02 10:51:30 | INFO | my_functions.py:247 | [DEBUG] Buscando en paralelo: ['14_days_of_winterverse.PNG'] | timeout=0s | confidence=0.8
2026-07-02 10:51:31 | INFO | my_functions.py:281 | [DEBUG] Click skipped, ninguna de las imágenes se encontró en el intento.
2026-07-02 10:51:32 | INFO | my_functions.py:169 | Searching welcome_back_calendar.PNG (timeout=0s)
2026-07-02 10:51:32 | INFO | my_functions.py:213 | 
⛔ Not found: welcome_back_calendar.PNG after 0.0s region=(0, 0, 765, 1038) confidence=0.8
2026-07-02 10:51:32 | INFO | my_functions.py:247 | [DEBUG] Buscando en paralelo: ['start_the_countdown.PNG'] | timeout=0s | confidence=0.8
2026-07-02 10:51:33 | INFO | my_functions.py:281 | [DEBUG] Click skipped, ninguna de las imágenes se encontró en el intento.
2026-07-02 10:51:34 | INFO | my_functions.py:247 | [DEBUG] Buscando en paralelo: ['event_has_ended_sanctum.PNG'] | timeout=0s | confidence=0.8
2026-07-02 10:51:34 | INFO | my_functions.py:281 | [DEBUG] Click skipped, ninguna de las imágenes se encontró en el intento.
2026-07-02 10:51:35 | INFO | my_functions.py:247 | [DEBUG] Buscando en paralelo: ['event_has_ended_teamclash.PNG'] | timeout=0s | confidence=0.8
2026-07-02 10:51:36 | INFO | my_functions.py:281 | [DEBUG] Click skipped, ninguna de las imágenes se encontró en el intento.
2026-07-02 10:51:37 | INFO | my_functions.py:247 | [DEBUG] Buscando en paralelo: ['image_part_of_event_grand_arena_finished.PNG'] | timeout=0s | confidence=0.8
2026-07-02 10:51:38 | INFO | my_functions.py:281 | [DEBUG] Click skipped, ninguna de las imágenes se encontró en el intento.
2026-07-02 10:51:39 | INFO | my_functions.py:169 | Searching 28_day_event_login_rewards.PNG (timeout=0s)
2026-07-02 10:51:40 | INFO | my_functions.py:213 | 
⛔ Not found: 28_day_event_login_rewards.PNG after 0.47s region=(0, 0, 765, 1038) confidence=0.8
2026-07-02 10:51:40 | INFO | my_functions.py:169 | Searching 7_day_event_login.PNG (timeout=0s)
2026-07-02 10:51:40 | INFO | my_functions.py:213 | 
⛔ Not found: 7_day_event_login.PNG after 0.0s region=(0, 0, 765, 1038) confidence=0.8
2026-07-02 10:51:40 | INFO | my_functions.py:169 | Searching 14_days_event.PNG (timeout=0s)
2026-07-02 10:51:41 | INFO | my_functions.py:213 | 
⛔ Not found: 14_days_event.PNG after 0.01s region=(0, 0, 765, 1038) confidence=0.8
2026-07-02 10:51:41 | INFO | my_functions.py:247 | [DEBUG] Buscando en paralelo: ['lets_go.PNG'] | timeout=0s | confidence=0.8
2026-07-02 10:51:41 | INFO | my_functions.py:281 | [DEBUG] Click skipped, ninguna de las imágenes se encontró en el intento.
2026-07-02 10:51:43 | INFO | my_functions.py:169 | Searching shop_unselected.PNG (timeout=0s)
2026-07-02 10:51:44 | INFO | my_functions.py:213 | 
⛔ Not found: shop_unselected.PNG after 0.0s region=(0, 0, 765, 1038) confidence=0.8
2026-07-02 10:51:44 | INFO | my_functions.py:247 | [DEBUG] Buscando en paralelo: ['super_premium.PNG'] | timeout=0s | confidence=0.8
2026-07-02 10:51:46 | INFO | my_functions.py:134 | Haciendo click en la posición (480, 777)
2026-07-02 10:51:46 | INFO | my_functions.py:269 | 🖱️ Click OK (En paralelo): super_premium.PNG at (480, 777) delay=1s
2026-07-02 10:51:47 | INFO | my_functions.py:142 | Presionando ESC (1/1)
2026-07-02 10:51:55 | INFO | my_functions.py:169 | Searching shop_unselected.PNG (timeout=0s)
2026-07-02 10:51:56 | INFO | my_functions.py:199 | 
✅ Found: shop_unselected.PNG pos=(88, 961) time=0.72s confidence=0.8
2026-07-02 10:51:56 | INFO | my_functions.py:714 | Ya esta listo
2026-07-02 10:52:00 | INFO | my_functions.py:533 | AVAILABLE: 3
2026-07-02 10:52:00 | INFO | my_functions.py:247 | [DEBUG] Buscando en paralelo: ['nut.png'] | timeout=20s | confidence=0.8
2026-07-02 10:52:02 | INFO | my_functions.py:134 | Haciendo click en la posición (184, 78)
2026-07-02 10:52:02 | INFO | my_functions.py:269 | 🖱️ Click OK (En paralelo): nut.png at (184, 78) delay=1s
2026-07-02 10:52:04 | INFO | my_functions.py:247 | [DEBUG] Buscando en paralelo: ['graphics_quality.png'] | timeout=3s | confidence=0.8
2026-07-02 10:52:05 | INFO | my_functions.py:134 | Haciendo click en la posición (304, 644)
2026-07-02 10:52:05 | INFO | my_functions.py:269 | 🖱️ Click OK (En paralelo): graphics_quality.png at (304, 644) delay=1s
2026-07-02 10:52:07 | INFO | my_functions.py:247 | [DEBUG] Buscando en paralelo: ['sign_out.png'] | timeout=20s | confidence=0.8
2026-07-02 10:52:09 | INFO | my_functions.py:134 | Haciendo click en la posición (380, 796)
2026-07-02 10:52:09 | INFO | my_functions.py:269 | 🖱️ Click OK (En paralelo): sign_out.png at (380, 796) delay=1s
2026-07-02 10:52:12 | INFO | my_functions.py:247 | [DEBUG] Buscando en paralelo: ['sign_out_grande.png'] | timeout=20s | confidence=0.8
2026-07-02 10:52:13 | INFO | my_functions.py:134 | Haciendo click en la posición (359, 437)
2026-07-02 10:52:13 | INFO | my_functions.py:269 | 🖱️ Click OK (En paralelo): sign_out_grande.png at (359, 437) delay=1s
2026-07-02 10:52:14 | INFO | my_functions.py:247 | [DEBUG] Buscando en paralelo: ['sign_out2.png'] | timeout=20s | confidence=0.8
2026-07-02 10:52:16 | INFO | my_functions.py:134 | Haciendo click en la posición (383, 634)
2026-07-02 10:52:16 | INFO | my_functions.py:269 | 🖱️ Click OK (En paralelo): sign_out2.png at (383, 634) delay=1s
2026-07-02 10:52:17 | INFO | my_functions.py:1540 | ⏱ Esperando 0.1 segundos antes de empezar...
2026-07-02 10:52:17 | INFO | my_functions.py:1547 | 🔍 Esperando ventana que contenga alguna de: SNAP (máx 20s)
2026-07-02 10:52:17 | INFO | my_functions.py:1559 | ✅ Ventana encontrada: 'SNAP'
2026-07-02 10:52:17 | INFO | my_functions.py:1574 | ✅ Ventana seleccionada: 'SNAP'
2026-07-02 10:52:19 | INFO | my_functions.py:1597 | 🔁 Reajuste #1...
2026-07-02 10:52:21 | INFO | my_functions.py:1604 | ✔ Verificación completa. Se hicieron 1 reajustes.
2026-07-02 10:52:26 | INFO | each_eight_hours.py:113 | Processing account: william
2026-07-02 10:52:26 | INFO | my_functions.py:1540 | ⏱ Esperando 0.1 segundos antes de empezar...
2026-07-02 10:52:26 | INFO | my_functions.py:1547 | 🔍 Esperando ventana que contenga alguna de: ['SNAP'] (máx 20s)
2026-07-02 10:52:28 | INFO | my_functions.py:1559 | ✅ Ventana encontrada: 'SNAP'
2026-07-02 10:52:28 | INFO | my_functions.py:1574 | ✅ Ventana seleccionada: 'SNAP'
2026-07-02 10:52:30 | INFO | my_functions.py:1606 | ✔ Verificación completa. No hubo cambios después del primer ajuste.
2026-07-02 10:52:30 | INFO | my_functions.py:1206 | [DEBUG] Resizing SNAP window...
2026-07-02 10:52:30 | INFO | my_functions.py:1540 | ⏱ Esperando 0.1 segundos antes de empezar...
2026-07-02 10:52:31 | INFO | my_functions.py:1547 | 🔍 Esperando ventana que contenga alguna de: ['SNAP'] (máx 20s)
2026-07-02 10:52:31 | INFO | my_functions.py:1559 | ✅ Ventana encontrada: 'SNAP'
2026-07-02 10:52:31 | INFO | my_functions.py:1574 | ✅ Ventana seleccionada: 'SNAP'
2026-07-02 10:52:34 | INFO | my_functions.py:1606 | ✔ Verificación completa. No hubo cambios después del primer ajuste.
2026-07-02 10:52:34 | INFO | my_functions.py:247 | [DEBUG] Buscando en paralelo: ['small_submit.PNG', 'small_submit_hover.png', 'submit_hover_2.png', 'small_submit_hover_2.png'] | timeout=90s | confidence=0.8
2026-07-02 10:52:52 | INFO | my_functions.py:134 | Haciendo click en la posición (380, 642)
2026-07-02 10:52:53 | INFO | my_functions.py:269 | 🖱️ Click OK (En paralelo): small_submit.PNG at (380, 642) delay=0.2s
2026-07-02 10:52:56 | INFO | my_functions.py:247 | [DEBUG] Buscando en paralelo: ['small_submit.PNG', 'small_submit_hover.png', 'submit_hover_2.png', 'small_submit_hover_2.png'] | timeout=20s | confidence=0.8
2026-07-02 10:52:58 | INFO | my_functions.py:134 | Haciendo click en la posición (380, 721)
2026-07-02 10:52:58 | INFO | my_functions.py:269 | 🖱️ Click OK (En paralelo): small_submit.PNG at (380, 721) delay=0.2s
2026-07-02 10:52:59 | INFO | my_functions.py:1540 | ⏱ Esperando 0.1 segundos antes de empezar...
2026-07-02 10:53:00 | INFO | my_functions.py:1547 | 🔍 Esperando ventana que contenga alguna de: ['SNAP'] (máx 20s)
2026-07-02 10:53:00 | INFO | my_functions.py:1559 | ✅ Ventana encontrada: 'SNAP'
2026-07-02 10:53:01 | INFO | my_functions.py:1574 | ✅ Ventana seleccionada: 'SNAP'
2026-07-02 10:53:04 | INFO | my_functions.py:1606 | ✔ Verificación completa. No hubo cambios después del primer ajuste.
2026-07-02 10:53:04 | INFO | my_functions.py:169 | Searching please_sign.png (timeout=0s)
2026-07-02 10:53:04 | INFO | my_functions.py:213 | 
⛔ Not found: please_sign.png after 0.01s region=(0, 0, 765, 1038) confidence=0.8
2026-07-02 10:53:04 | INFO | my_functions.py:247 | [DEBUG] Buscando en paralelo: ['sign_in_with_google2.PNG'] | timeout=20s | confidence=0.8
2026-07-02 10:53:24 | INFO | my_functions.py:281 | [DEBUG] Click skipped, ninguna de las imágenes se encontró en el intento.
2026-07-02 10:53:25 | INFO | my_functions.py:169 | Searching pagina_cargada.png (timeout=60s)
2026-07-02 10:54:27 | INFO | my_functions.py:213 | 
⛔ Not found: pagina_cargada.png after 60.72s region=(0, 0, 765, 1038) confidence=0.8
2026-07-02 10:54:27 | INFO | my_functions.py:169 | Searching marvelsnap_web.png (timeout=30s)
2026-07-02 10:54:58 | INFO | my_functions.py:213 | 
⛔ Not found: marvelsnap_web.png after 30.1s region=(0, 0, 765, 1038) confidence=0.7
2026-07-02 10:54:58 | INFO | my_functions.py:169 | Searching shop_unselected.PNG (timeout=0s)
2026-07-02 10:54:58 | INFO | my_functions.py:213 | 
⛔ Not found: shop_unselected.PNG after 0.0s region=(0, 0, 765, 1038) confidence=0.8
2026-07-02 10:54:58 | INFO | my_functions.py:247 | [DEBUG] Buscando en paralelo: ['super_premium.PNG'] | timeout=0s | confidence=0.8
2026-07-02 10:54:59 | INFO | my_functions.py:281 | [DEBUG] Click skipped, ninguna de las imágenes se encontró en el intento.
2026-07-02 10:55:00 | INFO | my_functions.py:247 | [DEBUG] Buscando en paralelo: ['maybe_later.PNG'] | timeout=0s | confidence=0.8
2026-07-02 10:55:01 | INFO | my_functions.py:281 | [DEBUG] Click skipped, ninguna de las imágenes se encontró en el intento.
2026-07-02 10:55:02 | INFO | my_functions.py:247 | [DEBUG] Buscando en paralelo: ['maybe_later2.PNG'] | timeout=0s | confidence=0.8
2026-07-02 10:55:02 | INFO | my_functions.py:281 | [DEBUG] Click skipped, ninguna de las imágenes se encontró en el intento.
2026-07-02 10:55:03 | INFO | my_functions.py:169 | Searching go_to_shop.PNG (timeout=0s)
2026-07-02 10:55:04 | INFO | my_functions.py:213 | 
⛔ Not found: go_to_shop.PNG after 0.0s region=(0, 0, 765, 1038) confidence=0.8
2026-07-02 10:55:04 | INFO | my_functions.py:247 | [DEBUG] Buscando en paralelo: ['14_days_of_winterverse.PNG'] | timeout=0s | confidence=0.8
2026-07-02 10:55:04 | INFO | my_functions.py:281 | [DEBUG] Click skipped, ninguna de las imágenes se encontró en el intento.
2026-07-02 10:55:05 | INFO | my_functions.py:169 | Searching welcome_back_calendar.PNG (timeout=0s)
2026-07-02 10:55:06 | INFO | my_functions.py:213 | 
⛔ Not found: welcome_back_calendar.PNG after 0.0s region=(0, 0, 765, 1038) confidence=0.8
2026-07-02 10:55:06 | INFO | my_functions.py:247 | [DEBUG] Buscando en paralelo: ['start_the_countdown.PNG'] | timeout=0s | confidence=0.8
2026-07-02 10:55:06 | INFO | my_functions.py:281 | [DEBUG] Click skipped, ninguna de las imágenes se encontró en el intento.
2026-07-02 10:55:08 | INFO | my_functions.py:247 | [DEBUG] Buscando en paralelo: ['event_has_ended_sanctum.PNG'] | timeout=0s | confidence=0.8
2026-07-02 10:55:08 | INFO | my_functions.py:281 | [DEBUG] Click skipped, ninguna de las imágenes se encontró en el intento.
2026-07-02 10:55:09 | INFO | my_functions.py:247 | [DEBUG] Buscando en paralelo: ['event_has_ended_teamclash.PNG'] | timeout=0s | confidence=0.8
2026-07-02 10:55:10 | INFO | my_functions.py:281 | [DEBUG] Click skipped, ninguna de las imágenes se encontró en el intento.
2026-07-02 10:55:11 | INFO | my_functions.py:247 | [DEBUG] Buscando en paralelo: ['image_part_of_event_grand_arena_finished.PNG'] | timeout=0s | confidence=0.8
2026-07-02 10:55:11 | INFO | my_functions.py:281 | [DEBUG] Click skipped, ninguna de las imágenes se encontró en el intento.
2026-07-02 10:55:13 | INFO | my_functions.py:169 | Searching 28_day_event_login_rewards.PNG (timeout=0s)
2026-07-02 10:55:13 | INFO | my_functions.py:213 | 
⛔ Not found: 28_day_event_login_rewards.PNG after 0.0s region=(0, 0, 765, 1038) confidence=0.8
2026-07-02 10:55:13 | INFO | my_functions.py:169 | Searching 7_day_event_login.PNG (timeout=0s)
2026-07-02 10:55:13 | INFO | my_functions.py:213 | 
⛔ Not found: 7_day_event_login.PNG after 0.0s region=(0, 0, 765, 1038) confidence=0.8
2026-07-02 10:55:13 | INFO | my_functions.py:169 | Searching 14_days_event.PNG (timeout=0s)
2026-07-02 10:55:14 | INFO | my_functions.py:213 | 
⛔ Not found: 14_days_event.PNG after 0.0s region=(0, 0, 765, 1038) confidence=0.8
2026-07-02 10:55:14 | INFO | my_functions.py:247 | [DEBUG] Buscando en paralelo: ['lets_go.PNG'] | timeout=0s | confidence=0.8
2026-07-02 10:55:14 | INFO | my_functions.py:281 | [DEBUG] Click skipped, ninguna de las imágenes se encontró en el intento.
2026-07-02 10:55:16 | INFO | my_functions.py:169 | Searching shop_unselected.PNG (timeout=0s)
2026-07-02 10:55:17 | INFO | my_functions.py:213 | 
⛔ Not found: shop_unselected.PNG after 0.0s region=(0, 0, 765, 1038) confidence=0.8
2026-07-02 10:55:17 | INFO | my_functions.py:247 | [DEBUG] Buscando en paralelo: ['super_premium.PNG'] | timeout=0s | confidence=0.8
2026-07-02 10:55:18 | INFO | my_functions.py:281 | [DEBUG] Click skipped, ninguna de las imágenes se encontró en el intento.
2026-07-02 10:55:19 | INFO | my_functions.py:247 | [DEBUG] Buscando en paralelo: ['maybe_later.PNG'] | timeout=0s | confidence=0.8
2026-07-02 10:55:19 | INFO | my_functions.py:281 | [DEBUG] Click skipped, ninguna de las imágenes se encontró en el intento.
2026-07-02 10:55:20 | INFO | my_functions.py:247 | [DEBUG] Buscando en paralelo: ['maybe_later2.PNG'] | timeout=0s | confidence=0.8
2026-07-02 10:55:21 | INFO | my_functions.py:281 | [DEBUG] Click skipped, ninguna de las imágenes se encontró en el intento.
2026-07-02 10:55:22 | INFO | my_functions.py:169 | Searching go_to_shop.PNG (timeout=0s)
2026-07-02 10:55:23 | INFO | my_functions.py:213 | 
⛔ Not found: go_to_shop.PNG after 0.0s region=(0, 0, 765, 1038) confidence=0.8
2026-07-02 10:55:23 | INFO | my_functions.py:247 | [DEBUG] Buscando en paralelo: ['14_days_of_winterverse.PNG'] | timeout=0s | confidence=0.8
2026-07-02 10:55:23 | INFO | my_functions.py:281 | [DEBUG] Click skipped, ninguna de las imágenes se encontró en el intento.
2026-07-02 10:55:24 | INFO | my_functions.py:169 | Searching welcome_back_calendar.PNG (timeout=0s)
2026-07-02 10:55:25 | INFO | my_functions.py:213 | 
⛔ Not found: welcome_back_calendar.PNG after 0.45s region=(0, 0, 765, 1038) confidence=0.8
2026-07-02 10:55:25 | INFO | my_functions.py:247 | [DEBUG] Buscando en paralelo: ['start_the_countdown.PNG'] | timeout=0s | confidence=0.8
2026-07-02 10:55:26 | INFO | my_functions.py:281 | [DEBUG] Click skipped, ninguna de las imágenes se encontró en el intento.
2026-07-02 10:55:27 | INFO | my_functions.py:247 | [DEBUG] Buscando en paralelo: ['event_has_ended_sanctum.PNG'] | timeout=0s | confidence=0.8
2026-07-02 10:55:27 | INFO | my_functions.py:281 | [DEBUG] Click skipped, ninguna de las imágenes se encontró en el intento.
2026-07-02 10:55:28 | INFO | my_functions.py:247 | [DEBUG] Buscando en paralelo: ['event_has_ended_teamclash.PNG'] | timeout=0s | confidence=0.8
2026-07-02 10:55:29 | INFO | my_functions.py:281 | [DEBUG] Click skipped, ninguna de las imágenes se encontró en el intento.
2026-07-02 10:55:30 | INFO | my_functions.py:247 | [DEBUG] Buscando en paralelo: ['image_part_of_event_grand_arena_finished.PNG'] | timeout=0s | confidence=0.8
2026-07-02 10:55:31 | INFO | my_functions.py:281 | [DEBUG] Click skipped, ninguna de las imágenes se encontró en el intento.
2026-07-02 10:55:32 | INFO | my_functions.py:169 | Searching 28_day_event_login_rewards.PNG (timeout=0s)
2026-07-02 10:55:32 | INFO | my_functions.py:213 | 
⛔ Not found: 28_day_event_login_rewards.PNG after 0.0s region=(0, 0, 765, 1038) confidence=0.8
2026-07-02 10:55:32 | INFO | my_functions.py:169 | Searching 7_day_event_login.PNG (timeout=0s)
2026-07-02 10:55:33 | INFO | my_functions.py:213 | 
⛔ Not found: 7_day_event_login.PNG after 0.0s region=(0, 0, 765, 1038) confidence=0.8
2026-07-02 10:55:33 | INFO | my_functions.py:169 | Searching 14_days_event.PNG (timeout=0s)
2026-07-02 10:55:33 | INFO | my_functions.py:213 | 
⛔ Not found: 14_days_event.PNG after 0.0s region=(0, 0, 765, 1038) confidence=0.8
2026-07-02 10:55:33 | INFO | my_functions.py:247 | [DEBUG] Buscando en paralelo: ['lets_go.PNG'] | timeout=0s | confidence=0.8
2026-07-02 10:55:34 | INFO | my_functions.py:281 | [DEBUG] Click skipped, ninguna de las imágenes se encontró en el intento.
2026-07-02 10:55:36 | INFO | my_functions.py:169 | Searching shop_unselected.PNG (timeout=0s)
2026-07-02 10:55:37 | INFO | my_functions.py:213 | 
⛔ Not found: shop_unselected.PNG after 0.68s region=(0, 0, 765, 1038) confidence=0.8
2026-07-02 10:55:37 | INFO | my_functions.py:247 | [DEBUG] Buscando en paralelo: ['super_premium.PNG'] | timeout=0s | confidence=0.8
2026-07-02 10:55:37 | INFO | my_functions.py:281 | [DEBUG] Click skipped, ninguna de las imágenes se encontró en el intento.
2026-07-02 10:55:39 | INFO | my_functions.py:247 | [DEBUG] Buscando en paralelo: ['maybe_later.PNG'] | timeout=0s | confidence=0.8
2026-07-02 10:55:39 | INFO | my_functions.py:281 | [DEBUG] Click skipped, ninguna de las imágenes se encontró en el intento.
2026-07-02 10:55:40 | INFO | my_functions.py:247 | [DEBUG] Buscando en paralelo: ['maybe_later2.PNG'] | timeout=0s | confidence=0.8
2026-07-02 10:55:41 | INFO | my_functions.py:281 | [DEBUG] Click skipped, ninguna de las imágenes se encontró en el intento.
2026-07-02 10:55:42 | INFO | my_functions.py:169 | Searching go_to_shop.PNG (timeout=0s)
2026-07-02 10:55:43 | INFO | my_functions.py:213 | 
⛔ Not found: go_to_shop.PNG after 0.0s region=(0, 0, 765, 1038) confidence=0.8
2026-07-02 10:55:43 | INFO | my_functions.py:247 | [DEBUG] Buscando en paralelo: ['14_days_of_winterverse.PNG'] | timeout=0s | confidence=0.8
2026-07-02 10:55:43 | INFO | my_functions.py:281 | [DEBUG] Click skipped, ninguna de las imágenes se encontró en el intento.
2026-07-02 10:55:44 | INFO | my_functions.py:169 | Searching welcome_back_calendar.PNG (timeout=0s)
2026-07-02 10:55:45 | INFO | my_functions.py:213 | 
⛔ Not found: welcome_back_calendar.PNG after 0.0s region=(0, 0, 765, 1038) confidence=0.8
2026-07-02 10:55:45 | INFO | my_functions.py:247 | [DEBUG] Buscando en paralelo: ['start_the_countdown.PNG'] | timeout=0s | confidence=0.8
2026-07-02 10:55:45 | INFO | my_functions.py:281 | [DEBUG] Click skipped, ninguna de las imágenes se encontró en el intento.
2026-07-02 10:55:46 | INFO | my_functions.py:247 | [DEBUG] Buscando en paralelo: ['event_has_ended_sanctum.PNG'] | timeout=0s | confidence=0.8
2026-07-02 10:55:47 | INFO | my_functions.py:281 | [DEBUG] Click skipped, ninguna de las imágenes se encontró en el intento.
2026-07-02 10:55:48 | INFO | my_functions.py:247 | [DEBUG] Buscando en paralelo: ['event_has_ended_teamclash.PNG'] | timeout=0s | confidence=0.8
2026-07-02 10:55:48 | INFO | my_functions.py:281 | [DEBUG] Click skipped, ninguna de las imágenes se encontró en el intento.
2026-07-02 10:55:49 | INFO | my_functions.py:247 | [DEBUG] Buscando en paralelo: ['image_part_of_event_grand_arena_finished.PNG'] | timeout=0s | confidence=0.8
2026-07-02 10:55:50 | INFO | my_functions.py:281 | [DEBUG] Click skipped, ninguna de las imágenes se encontró en el intento.
2026-07-02 10:55:51 | INFO | my_functions.py:169 | Searching 28_day_event_login_rewards.PNG (timeout=0s)
2026-07-02 10:55:51 | INFO | my_functions.py:213 | 
⛔ Not found: 28_day_event_login_rewards.PNG after 0.0s region=(0, 0, 765, 1038) confidence=0.8
2026-07-02 10:55:51 | INFO | my_functions.py:169 | Searching 7_day_event_login.PNG (timeout=0s)
2026-07-02 10:55:52 | INFO | my_functions.py:213 | 
⛔ Not found: 7_day_event_login.PNG after 0.0s region=(0, 0, 765, 1038) confidence=0.8
2026-07-02 10:55:52 | INFO | my_functions.py:169 | Searching 14_days_event.PNG (timeout=0s)
2026-07-02 10:55:52 | INFO | my_functions.py:213 | 
⛔ Not found: 14_days_event.PNG after 0.0s region=(0, 0, 765, 1038) confidence=0.8
2026-07-02 10:55:52 | INFO | my_functions.py:247 | [DEBUG] Buscando en paralelo: ['lets_go.PNG'] | timeout=0s | confidence=0.8
2026-07-02 10:55:53 | INFO | my_functions.py:281 | [DEBUG] Click skipped, ninguna de las imágenes se encontró en el intento.
2026-07-02 10:55:55 | INFO | my_functions.py:169 | Searching shop_unselected.PNG (timeout=0s)
2026-07-02 10:55:55 | INFO | my_functions.py:213 | 
⛔ Not found: shop_unselected.PNG after 0.0s region=(0, 0, 765, 1038) confidence=0.8
2026-07-02 10:55:55 | INFO | my_functions.py:247 | [DEBUG] Buscando en paralelo: ['super_premium.PNG'] | timeout=0s | confidence=0.8
2026-07-02 10:55:56 | INFO | my_functions.py:281 | [DEBUG] Click skipped, ninguna de las imágenes se encontró en el intento.
2026-07-02 10:55:57 | INFO | my_functions.py:247 | [DEBUG] Buscando en paralelo: ['maybe_later.PNG'] | timeout=0s | confidence=0.8
2026-07-02 10:55:58 | INFO | my_functions.py:281 | [DEBUG] Click skipped, ninguna de las imágenes se encontró en el intento.
2026-07-02 10:55:59 | INFO | my_functions.py:247 | [DEBUG] Buscando en paralelo: ['maybe_later2.PNG'] | timeout=0s | confidence=0.8
2026-07-02 10:55:59 | INFO | my_functions.py:281 | [DEBUG] Click skipped, ninguna de las imágenes se encontró en el intento.
2026-07-02 10:56:00 | INFO | my_functions.py:169 | Searching go_to_shop.PNG (timeout=0s)
2026-07-02 10:56:02 | INFO | my_functions.py:213 | 
⛔ Not found: go_to_shop.PNG after 0.51s region=(0, 0, 765, 1038) confidence=0.8
2026-07-02 10:56:02 | INFO | my_functions.py:247 | [DEBUG] Buscando en paralelo: ['14_days_of_winterverse.PNG'] | timeout=0s | confidence=0.8
2026-07-02 10:56:02 | INFO | my_functions.py:281 | [DEBUG] Click skipped, ninguna de las imágenes se encontró en el intento.
2026-07-02 10:56:03 | INFO | my_functions.py:169 | Searching welcome_back_calendar.PNG (timeout=0s)
2026-07-02 10:56:04 | INFO | my_functions.py:213 | 
⛔ Not found: welcome_back_calendar.PNG after 0.0s region=(0, 0, 765, 1038) confidence=0.8
2026-07-02 10:56:04 | INFO | my_functions.py:247 | [DEBUG] Buscando en paralelo: ['start_the_countdown.PNG'] | timeout=0s | confidence=0.8
2026-07-02 10:56:04 | INFO | my_functions.py:281 | [DEBUG] Click skipped, ninguna de las imágenes se encontró en el intento.
2026-07-02 10:56:05 | INFO | my_functions.py:247 | [DEBUG] Buscando en paralelo: ['event_has_ended_sanctum.PNG'] | timeout=0s | confidence=0.8
2026-07-02 10:56:06 | INFO | my_functions.py:281 | [DEBUG] Click skipped, ninguna de las imágenes se encontró en el intento.
2026-07-02 10:56:07 | INFO | my_functions.py:247 | [DEBUG] Buscando en paralelo: ['event_has_ended_teamclash.PNG'] | timeout=0s | confidence=0.8
2026-07-02 10:56:07 | INFO | my_functions.py:281 | [DEBUG] Click skipped, ninguna de las imágenes se encontró en el intento.
2026-07-02 10:56:08 | INFO | my_functions.py:247 | [DEBUG] Buscando en paralelo: ['image_part_of_event_grand_arena_finished.PNG'] | timeout=0s | confidence=0.8
2026-07-02 10:56:09 | INFO | my_functions.py:281 | [DEBUG] Click skipped, ninguna de las imágenes se encontró en el intento.
2026-07-02 10:56:10 | INFO | my_functions.py:169 | Searching 28_day_event_login_rewards.PNG (timeout=0s)
2026-07-02 10:56:10 | INFO | my_functions.py:213 | 
⛔ Not found: 28_day_event_login_rewards.PNG after 0.0s region=(0, 0, 765, 1038) confidence=0.8
2026-07-02 10:56:10 | INFO | my_functions.py:169 | Searching 7_day_event_login.PNG (timeout=0s)
2026-07-02 10:56:11 | INFO | my_functions.py:213 | 
⛔ Not found: 7_day_event_login.PNG after 0.0s region=(0, 0, 765, 1038) confidence=0.8
2026-07-02 10:56:11 | INFO | my_functions.py:169 | Searching 14_days_event.PNG (timeout=0s)
2026-07-02 10:56:11 | INFO | my_functions.py:213 | 
⛔ Not found: 14_days_event.PNG after 0.0s region=(0, 0, 765, 1038) confidence=0.8
2026-07-02 10:56:11 | INFO | my_functions.py:247 | [DEBUG] Buscando en paralelo: ['lets_go.PNG'] | timeout=0s | confidence=0.8
2026-07-02 10:56:12 | INFO | my_functions.py:281 | [DEBUG] Click skipped, ninguna de las imágenes se encontró en el intento.
2026-07-02 10:56:14 | INFO | my_functions.py:169 | Searching shop_unselected.PNG (timeout=0s)
2026-07-02 10:56:15 | INFO | my_functions.py:213 | 
⛔ Not found: shop_unselected.PNG after 0.0s region=(0, 0, 765, 1038) confidence=0.8
2026-07-02 10:56:15 | INFO | my_functions.py:247 | [DEBUG] Buscando en paralelo: ['super_premium.PNG'] | timeout=0s | confidence=0.8
2026-07-02 10:56:15 | INFO | my_functions.py:281 | [DEBUG] Click skipped, ninguna de las imágenes se encontró en el intento.
2026-07-02 10:56:16 | INFO | my_functions.py:247 | [DEBUG] Buscando en paralelo: ['maybe_later.PNG'] | timeout=0s | confidence=0.8
2026-07-02 10:56:17 | INFO | my_functions.py:281 | [DEBUG] Click skipped, ninguna de las imágenes se encontró en el intento.
2026-07-02 10:56:18 | INFO | my_functions.py:247 | [DEBUG] Buscando en paralelo: ['maybe_later2.PNG'] | timeout=0s | confidence=0.8
2026-07-02 10:56:19 | INFO | my_functions.py:281 | [DEBUG] Click skipped, ninguna de las imágenes se encontró en el intento.
2026-07-02 10:56:20 | INFO | my_functions.py:169 | Searching go_to_shop.PNG (timeout=0s)
2026-07-02 10:56:20 | INFO | my_functions.py:213 | 
⛔ Not found: go_to_shop.PNG after 0.0s region=(0, 0, 765, 1038) confidence=0.8
2026-07-02 10:56:20 | INFO | my_functions.py:247 | [DEBUG] Buscando en paralelo: ['14_days_of_winterverse.PNG'] | timeout=0s | confidence=0.8
2026-07-02 10:56:21 | INFO | my_functions.py:281 | [DEBUG] Click skipped, ninguna de las imágenes se encontró en el intento.
2026-07-02 10:56:22 | INFO | my_functions.py:169 | Searching welcome_back_calendar.PNG (timeout=0s)
2026-07-02 10:56:22 | INFO | my_functions.py:213 | 
⛔ Not found: welcome_back_calendar.PNG after 0.0s region=(0, 0, 765, 1038) confidence=0.8
2026-07-02 10:56:22 | INFO | my_functions.py:247 | [DEBUG] Buscando en paralelo: ['start_the_countdown.PNG'] | timeout=0s | confidence=0.8
2026-07-02 10:56:23 | INFO | my_functions.py:281 | [DEBUG] Click skipped, ninguna de las imágenes se encontró en el intento.
2026-07-02 10:56:24 | INFO | my_functions.py:247 | [DEBUG] Buscando en paralelo: ['event_has_ended_sanctum.PNG'] | timeout=0s | confidence=0.8
2026-07-02 10:56:24 | INFO | my_functions.py:281 | [DEBUG] Click skipped, ninguna de las imágenes se encontró en el intento.
2026-07-02 10:56:25 | INFO | my_functions.py:247 | [DEBUG] Buscando en paralelo: ['event_has_ended_teamclash.PNG'] | timeout=0s | confidence=0.8
2026-07-02 10:56:26 | INFO | my_functions.py:281 | [DEBUG] Click skipped, ninguna de las imágenes se encontró en el intento.
2026-07-02 10:56:27 | INFO | my_functions.py:247 | [DEBUG] Buscando en paralelo: ['image_part_of_event_grand_arena_finished.PNG'] | timeout=0s | confidence=0.8
2026-07-02 10:56:27 | INFO | my_functions.py:281 | [DEBUG] Click skipped, ninguna de las imágenes se encontró en el intento.
2026-07-02 10:56:29 | INFO | my_functions.py:169 | Searching 28_day_event_login_rewards.PNG (timeout=0s)
2026-07-02 10:56:29 | INFO | my_functions.py:213 | 
⛔ Not found: 28_day_event_login_rewards.PNG after 0.43s region=(0, 0, 765, 1038) confidence=0.8
2026-07-02 10:56:29 | INFO | my_functions.py:169 | Searching 7_day_event_login.PNG (timeout=0s)
2026-07-02 10:56:30 | INFO | my_functions.py:213 | 
⛔ Not found: 7_day_event_login.PNG after 0.0s region=(0, 0, 765, 1038) confidence=0.8
2026-07-02 10:56:30 | INFO | my_functions.py:169 | Searching 14_days_event.PNG (timeout=0s)
2026-07-02 10:56:30 | INFO | my_functions.py:213 | 
⛔ Not found: 14_days_event.PNG after 0.0s region=(0, 0, 765, 1038) confidence=0.8
2026-07-02 10:56:30 | INFO | my_functions.py:247 | [DEBUG] Buscando en paralelo: ['lets_go.PNG'] | timeout=0s | confidence=0.8
2026-07-02 10:56:31 | INFO | my_functions.py:281 | [DEBUG] Click skipped, ninguna de las imágenes se encontró en el intento.
2026-07-02 10:56:37 | ERROR | each_eight_hours.py:292 | Unhandled exception occurred
Traceback (most recent call last):
  File "Z:\SHARED FILES VM\MS\each_eight_hours.py", line 120, in <module>
    submissions = count_available_submissions()
                  ^^^^^^^^^^^^^^^^^^^^^^^^^^^^^
  File "Z:\SHARED FILES VM\MS\my_functions.py", line 526, in count_available_submissions
    with open(file_path, 'r', encoding='utf-8-sig') as f:
         ^^^^^^^^^^^^^^^^^^^^^^^^^^^^^^^^^^^^^^^^^^
FileNotFoundError: [Errno 2] No such file or directory: 'C:\\Users\\Farm\\AppData\\LocalLow\\Second Dinner\\SNAP\\Standalone\\States\\nvprod\\MissionState.json'
