2026-06-05 08:50:33 | INFO | each_eight_hours.py:39 | LOG FILE PATH: \\vmware-host\Shared Folders\SHARED FILES VM\MS\logs\each_eight_hours_2026-06-05_08-50-33.log
2026-06-05 08:50:33 | INFO | each_eight_hours.py:40 | Logger initialized
2026-06-05 08:50:33 | INFO | each_eight_hours.py:67 | Script initialized
2026-06-05 08:50:37 | INFO | each_eight_hours.py:128 | snap.exe terminated if it was running
2026-06-05 08:50:37 | INFO | my_functions.py:57 | ⏳ Esperando WebSocket de OBS...
2026-06-05 08:50:45 | INFO | baseclient.py:33 | Connecting with parameters: host='localhost' port=4455 password='' subs=0 timeout=None
2026-06-05 08:50:45 | INFO | reqs.py:23 | Successfully identified ReqClient with the server using RPC version:1
2026-06-05 08:50:45 | INFO | my_functions.py:63 | ✅ Conectado al OBS WebSocket
2026-06-05 08:50:45 | ERROR | reqs.py:59 | OBSSDKRequestError: Request GetRecordStatus returned code 207. With message: OBS is not ready to perform the request.
Traceback (most recent call last):
  File "C:\Users\Farm\AppData\Local\Programs\Python\Python311\Lib\site-packages\obsws_python\reqs.py", line 53, in send
    raise OBSSDKRequestError(
obsws_python.error.OBSSDKRequestError: Request GetRecordStatus returned code 207. With message: OBS is not ready to perform the request.
2026-06-05 08:50:46 | INFO | my_functions.py:88 | 🎬 Grabación iniciada
2026-06-05 08:50:46 | INFO | my_functions.py:1312 | ⏱ Esperando 0.1 segundos antes de empezar...
2026-06-05 08:50:46 | INFO | my_functions.py:1319 | 🔍 Esperando ventana que contenga alguna de: ['py', 'eight_hours'] (máx 20s)
2026-06-05 08:50:46 | INFO | my_functions.py:1331 | ✅ Ventana encontrada: 'each_eight_hours  - Acceso directo'
2026-06-05 08:50:46 | INFO | my_functions.py:1346 | ✅ Ventana seleccionada: 'each_eight_hours  - Acceso directo'
2026-06-05 08:50:48 | INFO | my_functions.py:1369 | 🔁 Reajuste #1...
2026-06-05 08:50:48 | INFO | my_functions.py:1376 | ✔ Verificación completa. Se hicieron 1 reajustes.
2026-06-05 08:51:18 | INFO | my_functions.py:2142 | Starting Steam window scan
2026-06-05 08:51:18 | INFO | my_functions.py:2145 | Found window: 
2026-06-05 08:51:18 | INFO | my_functions.py:2145 | Found window: each_eight_hours  - Acceso directo
2026-06-05 08:51:18 | INFO | my_functions.py:2145 | Found window: 
2026-06-05 08:51:18 | INFO | my_functions.py:2145 | Found window: 
2026-06-05 08:51:18 | INFO | my_functions.py:2145 | Found window: 
2026-06-05 08:51:18 | INFO | my_functions.py:2145 | Found window: 
2026-06-05 08:51:18 | INFO | my_functions.py:2145 | Found window: Program Manager
2026-06-05 08:51:18 | INFO | each_eight_hours.py:139 | Processing account: jeremy
2026-06-05 08:51:19 | INFO | each_eight_hours.py:142 | Game relaunched for account
2026-06-05 08:51:19 | INFO | my_functions.py:1312 | ⏱ Esperando 0.1 segundos antes de empezar...
2026-06-05 08:51:19 | INFO | my_functions.py:1319 | 🔍 Esperando ventana que contenga alguna de: ['SNAP'] (máx 20s)
2026-06-05 08:51:22 | INFO | my_functions.py:1331 | ✅ Ventana encontrada: 'SNAP'
2026-06-05 08:51:22 | INFO | my_functions.py:1346 | ✅ Ventana seleccionada: 'SNAP'
2026-06-05 08:51:24 | INFO | my_functions.py:1369 | 🔁 Reajuste #1...
2026-06-05 08:51:27 | INFO | my_functions.py:1376 | ✔ Verificación completa. Se hicieron 1 reajustes.
2026-06-05 08:51:27 | INFO | my_functions.py:1015 | [DEBUG] Resizing SNAP window...
2026-06-05 08:51:27 | INFO | my_functions.py:1312 | ⏱ Esperando 0.1 segundos antes de empezar...
2026-06-05 08:51:27 | INFO | my_functions.py:1319 | 🔍 Esperando ventana que contenga alguna de: ['SNAP'] (máx 20s)
2026-06-05 08:51:27 | INFO | my_functions.py:1331 | ✅ Ventana encontrada: 'SNAP'
2026-06-05 08:51:27 | INFO | my_functions.py:1346 | ✅ Ventana seleccionada: 'SNAP'
2026-06-05 08:51:30 | INFO | my_functions.py:1378 | ✔ Verificación completa. No hubo cambios después del primer ajuste.
2026-06-05 08:51:30 | INFO | my_functions.py:248 | [DEBUG] Buscando en paralelo: ['small_submit.PNG', 'small_submit_hover.png', 'submit_hover_2.png', 'small_submit_hover_2.png'] | timeout=90s | confidence=0.8
2026-06-05 08:51:33 | INFO | my_functions.py:135 | Haciendo click en la posición (380, 642)
2026-06-05 08:51:33 | INFO | my_functions.py:270 | 🖱️ Click OK (En paralelo): small_submit.PNG at (380, 642) delay=0.2s
2026-06-05 08:51:36 | INFO | my_functions.py:248 | [DEBUG] Buscando en paralelo: ['small_submit.PNG', 'small_submit_hover.png', 'submit_hover_2.png', 'small_submit_hover_2.png'] | timeout=20s | confidence=0.8
2026-06-05 08:51:37 | INFO | my_functions.py:135 | Haciendo click en la posición (380, 721)
2026-06-05 08:51:38 | INFO | my_functions.py:270 | 🖱️ Click OK (En paralelo): small_submit.PNG at (380, 721) delay=0.2s
2026-06-05 08:51:39 | INFO | my_functions.py:1312 | ⏱ Esperando 0.1 segundos antes de empezar...
2026-06-05 08:51:39 | INFO | my_functions.py:1319 | 🔍 Esperando ventana que contenga alguna de: ['SNAP'] (máx 20s)
2026-06-05 08:51:39 | INFO | my_functions.py:1331 | ✅ Ventana encontrada: 'SNAP'
2026-06-05 08:51:39 | INFO | my_functions.py:1346 | ✅ Ventana seleccionada: 'SNAP'
2026-06-05 08:51:41 | INFO | my_functions.py:1369 | 🔁 Reajuste #1...
2026-06-05 08:51:42 | INFO | my_functions.py:1376 | ✔ Verificación completa. Se hicieron 1 reajustes.
2026-06-05 08:51:42 | INFO | my_functions.py:170 | Searching please_sign.png (timeout=0s)
2026-06-05 08:51:42 | INFO | my_functions.py:200 | 
✅ Found: please_sign.png pos=(383, 438) time=0.21s confidence=0.8
2026-06-05 08:51:42 | INFO | my_functions.py:248 | [DEBUG] Buscando en paralelo: ['ok_btn.png'] | timeout=20s | confidence=0.8
2026-06-05 08:51:43 | INFO | my_functions.py:135 | Haciendo click en la posición (382, 634)
2026-06-05 08:51:43 | INFO | my_functions.py:270 | 🖱️ Click OK (En paralelo): ok_btn.png at (382, 634) delay=1s
2026-06-05 08:51:45 | INFO | my_functions.py:248 | [DEBUG] Buscando en paralelo: ['small_submit.PNG', 'small_submit_hover.png', 'submit_hover_2.png', 'small_submit_hover_2.png'] | timeout=90s | confidence=0.8
2026-06-05 08:51:46 | INFO | my_functions.py:135 | Haciendo click en la posición (383, 643)
2026-06-05 08:51:46 | INFO | my_functions.py:270 | 🖱️ Click OK (En paralelo): small_submit_hover_2.png at (383, 643) delay=0.2s
2026-06-05 08:51:47 | INFO | my_functions.py:248 | [DEBUG] Buscando en paralelo: ['small_submit.PNG', 'small_submit_hover.png', 'submit_hover_2.png', 'small_submit_hover_2.png'] | timeout=20s | confidence=0.8
2026-06-05 08:51:48 | INFO | my_functions.py:135 | Haciendo click en la posición (380, 721)
2026-06-05 08:51:48 | INFO | my_functions.py:270 | 🖱️ Click OK (En paralelo): small_submit.PNG at (380, 721) delay=0.2s
2026-06-05 08:51:49 | INFO | my_functions.py:170 | Searching sign_in_with_google2.PNG (timeout=90s)
2026-06-05 08:51:49 | INFO | my_functions.py:200 | 
✅ Found: sign_in_with_google2.PNG pos=(406, 957) time=0.18s confidence=0.8
2026-06-05 08:51:49 | INFO | my_functions.py:248 | [DEBUG] Buscando en paralelo: ['sign_in_with_google2.PNG'] | timeout=20s | confidence=0.8
2026-06-05 08:51:50 | INFO | my_functions.py:135 | Haciendo click en la posición (406, 957)
2026-06-05 08:51:51 | INFO | my_functions.py:270 | 🖱️ Click OK (En paralelo): sign_in_with_google2.PNG at (406, 957) delay=1s
2026-06-05 08:51:52 | INFO | my_functions.py:248 | [DEBUG] Buscando en paralelo: ['jeremy.png'] | timeout=30s | confidence=0.8
2026-06-05 08:52:22 | INFO | my_functions.py:282 | [DEBUG] Click skipped, ninguna de las imágenes se encontró en el intento.
2026-06-05 08:52:24 | INFO | my_functions.py:248 | [DEBUG] Buscando en paralelo: ['jeremy.png'] | timeout=0s | confidence=0.8
2026-06-05 08:52:27 | INFO | my_functions.py:135 | Haciendo click en la posición (1143, 645)
2026-06-05 08:52:27 | INFO | my_functions.py:270 | 🖱️ Click OK (En paralelo): jeremy.png at (1143, 645) delay=3s
2026-06-05 08:52:30 | INFO | my_functions.py:170 | Searching marvelsnap_web.png (timeout=30s)
2026-06-05 08:52:32 | INFO | my_functions.py:200 | 
✅ Found: marvelsnap_web.png pos=(258, 80) time=2.54s confidence=0.7
2026-06-05 08:52:32 | INFO | my_functions.py:170 | Searching shop_unselected.PNG (timeout=0s)
2026-06-05 08:52:33 | INFO | my_functions.py:214 | 
⛔ Not found: shop_unselected.PNG after 0.01s region=(0, 0, 765, 1038) confidence=0.8
2026-06-05 08:52:33 | INFO | my_functions.py:248 | [DEBUG] Buscando en paralelo: ['super_premium.PNG'] | timeout=0s | confidence=0.8
2026-06-05 08:52:33 | INFO | my_functions.py:282 | [DEBUG] Click skipped, ninguna de las imágenes se encontró en el intento.
2026-06-05 08:52:34 | INFO | my_functions.py:248 | [DEBUG] Buscando en paralelo: ['maybe_later.PNG'] | timeout=0s | confidence=0.8
2026-06-05 08:52:34 | INFO | my_functions.py:282 | [DEBUG] Click skipped, ninguna de las imágenes se encontró en el intento.
2026-06-05 08:52:35 | INFO | my_functions.py:248 | [DEBUG] Buscando en paralelo: ['maybe_later2.PNG'] | timeout=0s | confidence=0.8
2026-06-05 08:52:35 | INFO | my_functions.py:282 | [DEBUG] Click skipped, ninguna de las imágenes se encontró en el intento.
2026-06-05 08:52:37 | INFO | my_functions.py:170 | Searching go_to_shop.PNG (timeout=0s)
2026-06-05 08:52:37 | INFO | my_functions.py:214 | 
⛔ Not found: go_to_shop.PNG after 0.0s region=(0, 0, 765, 1038) confidence=0.8
2026-06-05 08:52:37 | INFO | my_functions.py:248 | [DEBUG] Buscando en paralelo: ['14_days_of_winterverse.PNG'] | timeout=0s | confidence=0.8
2026-06-05 08:52:37 | INFO | my_functions.py:282 | [DEBUG] Click skipped, ninguna de las imágenes se encontró en el intento.
2026-06-05 08:52:38 | INFO | my_functions.py:170 | Searching welcome_back_calendar.PNG (timeout=0s)
2026-06-05 08:52:38 | INFO | my_functions.py:214 | 
⛔ Not found: welcome_back_calendar.PNG after 0.0s region=(0, 0, 765, 1038) confidence=0.8
2026-06-05 08:52:38 | INFO | my_functions.py:248 | [DEBUG] Buscando en paralelo: ['start_the_countdown.PNG'] | timeout=0s | confidence=0.8
2026-06-05 08:52:38 | INFO | my_functions.py:282 | [DEBUG] Click skipped, ninguna de las imágenes se encontró en el intento.
2026-06-05 08:52:39 | INFO | my_functions.py:248 | [DEBUG] Buscando en paralelo: ['event_has_ended_sanctum.PNG'] | timeout=0s | confidence=0.8
2026-06-05 08:52:40 | INFO | my_functions.py:282 | [DEBUG] Click skipped, ninguna de las imágenes se encontró en el intento.
2026-06-05 08:52:41 | INFO | my_functions.py:248 | [DEBUG] Buscando en paralelo: ['event_has_ended_teamclash.PNG'] | timeout=0s | confidence=0.8
2026-06-05 08:52:41 | INFO | my_functions.py:282 | [DEBUG] Click skipped, ninguna de las imágenes se encontró en el intento.
2026-06-05 08:52:42 | INFO | my_functions.py:248 | [DEBUG] Buscando en paralelo: ['image_part_of_event_grand_arena_finished.PNG'] | timeout=0s | confidence=0.8
2026-06-05 08:52:42 | INFO | my_functions.py:282 | [DEBUG] Click skipped, ninguna de las imágenes se encontró en el intento.
2026-06-05 08:52:44 | INFO | my_functions.py:170 | Searching 28_day_event_login_rewards.PNG (timeout=0s)
2026-06-05 08:52:44 | INFO | my_functions.py:214 | 
⛔ Not found: 28_day_event_login_rewards.PNG after 0.0s region=(0, 0, 765, 1038) confidence=0.8
2026-06-05 08:52:44 | INFO | my_functions.py:170 | Searching 7_day_event_login.PNG (timeout=0s)
2026-06-05 08:52:44 | INFO | my_functions.py:214 | 
⛔ Not found: 7_day_event_login.PNG after 0.0s region=(0, 0, 765, 1038) confidence=0.8
2026-06-05 08:52:44 | INFO | my_functions.py:170 | Searching 14_days_event.PNG (timeout=0s)
2026-06-05 08:52:44 | INFO | my_functions.py:214 | 
⛔ Not found: 14_days_event.PNG after 0.0s region=(0, 0, 765, 1038) confidence=0.8
2026-06-05 08:52:44 | INFO | my_functions.py:248 | [DEBUG] Buscando en paralelo: ['lets_go.PNG'] | timeout=0s | confidence=0.8
2026-06-05 08:52:44 | INFO | my_functions.py:282 | [DEBUG] Click skipped, ninguna de las imágenes se encontró en el intento.
2026-06-05 08:52:47 | INFO | my_functions.py:170 | Searching shop_unselected.PNG (timeout=0s)
2026-06-05 08:52:47 | INFO | my_functions.py:200 | 
✅ Found: shop_unselected.PNG pos=(88, 961) time=0.21s confidence=0.8
2026-06-05 08:52:55 | INFO | my_functions.py:170 | Searching shop_unselected.PNG (timeout=0s)
2026-06-05 08:52:55 | INFO | my_functions.py:200 | 
✅ Found: shop_unselected.PNG pos=(89, 961) time=0.17s confidence=0.8
2026-06-05 08:52:55 | INFO | my_functions.py:524 | Ya esta listo
2026-06-05 08:52:57 | INFO | my_functions.py:330 | AVAILABLE: 6
2026-06-05 08:52:57 | INFO | my_functions.py:352 | Misiones completadas: 0
2026-06-05 08:52:57 | INFO | my_functions.py:170 | Searching play.PNG (timeout=0s)
2026-06-05 08:52:57 | INFO | my_functions.py:200 | 
✅ Found: play.PNG pos=(384, 824) time=0.21s confidence=0.8
2026-06-05 08:52:57 | INFO | my_functions.py:1207 | [INFO] Click realizado donde se equipa el deck a jugar
2026-06-05 08:53:01 | INFO | my_functions.py:248 | [DEBUG] Buscando en paralelo: ['deck_666666.png'] | timeout=3s | confidence=0.8
2026-06-05 08:53:03 | INFO | my_functions.py:135 | Haciendo click en la posición (235, 546)
2026-06-05 08:53:03 | INFO | my_functions.py:270 | 🖱️ Click OK (En paralelo): deck_666666.png at (235, 546) delay=1s
2026-06-05 08:53:04 | INFO | my_functions.py:248 | [DEBUG] Buscando en paralelo: ['equip.png'] | timeout=3s | confidence=0.95
2026-06-05 08:53:05 | INFO | my_functions.py:135 | Haciendo click en la posición (548, 983)
2026-06-05 08:53:05 | INFO | my_functions.py:270 | 🖱️ Click OK (En paralelo): equip.png at (548, 983) delay=1s
2026-06-05 08:53:07 | INFO | each_eight_hours.py:166 | Deck selected: 6turns
2026-06-05 08:53:07 | INFO | my_functions.py:248 | [DEBUG] Buscando en paralelo: ['maybe_later.PNG'] | timeout=2s | confidence=0.8
2026-06-05 08:53:09 | INFO | my_functions.py:282 | [DEBUG] Click skipped, ninguna de las imágenes se encontró en el intento.
2026-06-05 08:53:10 | INFO | my_functions.py:248 | [DEBUG] Buscando en paralelo: ['maybe_later2.PNG'] | timeout=0.01s | confidence=0.8
2026-06-05 08:53:10 | INFO | my_functions.py:282 | [DEBUG] Click skipped, ninguna de las imágenes se encontró en el intento.
2026-06-05 08:53:11 | INFO | each_eight_hours.py:193 | Starting game loop 1
2026-06-05 08:53:11 | INFO | my_functions.py:248 | [DEBUG] Buscando en paralelo: ['play.PNG'] | timeout=20s | confidence=0.8
2026-06-05 08:53:14 | INFO | my_functions.py:135 | Haciendo click en la posición (384, 824)
2026-06-05 08:53:15 | INFO | my_functions.py:270 | 🖱️ Click OK (En paralelo): play.PNG at (384, 824) delay=3s
2026-06-05 08:53:55 | INFO | my_functions.py:200 | 
✅ Found: end_turn.PNG pos=(682, 945) time=0.2s confidence=0.8
2026-06-05 08:53:55 | INFO | my_functions.py:248 | [DEBUG] Buscando en paralelo: ['snap.PNG'] | timeout=0s | confidence=0.8
2026-06-05 08:53:56 | INFO | my_functions.py:135 | Haciendo click en la posición (386, 123)
2026-06-05 08:53:56 | INFO | my_functions.py:270 | 🖱️ Click OK (En paralelo): snap.PNG at (386, 123) delay=1s
2026-06-05 08:54:03 | INFO | my_functions.py:135 | Haciendo click en la posición (682, 945)
2026-06-05 08:54:04 | INFO | each_eight_hours.py:209 | End turn executed
2026-06-05 08:54:17 | INFO | my_functions.py:200 | 
✅ Found: end_turn.PNG pos=(682, 945) time=0.19s confidence=0.8
2026-06-05 08:54:17 | INFO | my_functions.py:248 | [DEBUG] Buscando en paralelo: ['snap.PNG'] | timeout=0s | confidence=0.8
2026-06-05 08:54:17 | INFO | my_functions.py:282 | [DEBUG] Click skipped, ninguna de las imágenes se encontró en el intento.
2026-06-05 08:54:23 | INFO | my_functions.py:135 | Haciendo click en la posición (682, 945)
2026-06-05 08:54:25 | INFO | each_eight_hours.py:209 | End turn executed
2026-06-05 08:54:42 | INFO | my_functions.py:200 | 
✅ Found: end_turn.PNG pos=(681, 945) time=0.18s confidence=0.8
2026-06-05 08:54:42 | INFO | my_functions.py:248 | [DEBUG] Buscando en paralelo: ['snap.PNG'] | timeout=0s | confidence=0.8
2026-06-05 08:54:42 | INFO | my_functions.py:282 | [DEBUG] Click skipped, ninguna de las imágenes se encontró en el intento.
2026-06-05 08:54:49 | INFO | my_functions.py:135 | Haciendo click en la posición (681, 945)
2026-06-05 08:54:50 | INFO | each_eight_hours.py:209 | End turn executed
2026-06-05 08:55:05 | INFO | my_functions.py:200 | 
✅ Found: end_turn.PNG pos=(681, 945) time=0.2s confidence=0.8
2026-06-05 08:55:05 | INFO | my_functions.py:248 | [DEBUG] Buscando en paralelo: ['snap.PNG'] | timeout=0s | confidence=0.8
2026-06-05 08:55:05 | INFO | my_functions.py:282 | [DEBUG] Click skipped, ninguna de las imágenes se encontró en el intento.
2026-06-05 08:55:11 | INFO | my_functions.py:135 | Haciendo click en la posición (681, 945)
2026-06-05 08:55:12 | INFO | each_eight_hours.py:209 | End turn executed
2026-06-05 08:55:39 | INFO | my_functions.py:200 | 
✅ Found: never_seen_before.png pos=(395, 141) time=0.19s confidence=0.8
2026-06-05 08:55:39 | WARNING | each_eight_hours.py:222 | Unknown popup handled
2026-06-05 08:55:51 | INFO | my_functions.py:200 | 
✅ Found: end_turn.PNG pos=(681, 945) time=0.21s confidence=0.8
2026-06-05 08:55:51 | INFO | my_functions.py:248 | [DEBUG] Buscando en paralelo: ['snap.PNG'] | timeout=0s | confidence=0.8
2026-06-05 08:55:51 | INFO | my_functions.py:282 | [DEBUG] Click skipped, ninguna de las imágenes se encontró en el intento.
2026-06-05 08:55:57 | INFO | my_functions.py:135 | Haciendo click en la posición (681, 945)
2026-06-05 08:55:58 | INFO | each_eight_hours.py:209 | End turn executed
2026-06-05 08:56:36 | INFO | my_functions.py:200 | 
✅ Found: end_turn.PNG pos=(681, 945) time=0.19s confidence=0.8
2026-06-05 08:56:36 | INFO | my_functions.py:248 | [DEBUG] Buscando en paralelo: ['snap.PNG'] | timeout=0s | confidence=0.8
2026-06-05 08:56:37 | INFO | my_functions.py:282 | [DEBUG] Click skipped, ninguna de las imágenes se encontró en el intento.
2026-06-05 08:56:43 | INFO | my_functions.py:135 | Haciendo click en la posición (681, 945)
2026-06-05 08:56:44 | INFO | each_eight_hours.py:209 | End turn executed
2026-06-05 08:57:23 | INFO | my_functions.py:200 | 
✅ Found: collect_rewards.PNG pos=(679, 957) time=0.2s confidence=0.8
2026-06-05 08:57:23 | INFO | each_eight_hours.py:248 | Rewards detected, exiting match
2026-06-05 08:57:23 | INFO | my_functions.py:248 | [DEBUG] Buscando en paralelo: ['collect_rewards.PNG'] | timeout=20s | confidence=0.8
2026-06-05 08:57:25 | INFO | my_functions.py:135 | Haciendo click en la posición (679, 957)
2026-06-05 08:57:25 | INFO | my_functions.py:270 | 🖱️ Click OK (En paralelo): collect_rewards.PNG at (679, 957) delay=1s
2026-06-05 08:57:26 | INFO | my_functions.py:248 | [DEBUG] Buscando en paralelo: ['next.PNG'] | timeout=20s | confidence=0.8
2026-06-05 08:57:29 | INFO | my_functions.py:135 | Haciendo click en la posición (678, 1003)
2026-06-05 08:57:29 | INFO | my_functions.py:270 | 🖱️ Click OK (En paralelo): next.PNG at (678, 1003) delay=1s
2026-06-05 08:57:32 | INFO | my_functions.py:330 | AVAILABLE: 6
2026-06-05 08:57:32 | INFO | each_eight_hours.py:315 | Submissions after match: 6
2026-06-05 08:57:32 | INFO | my_functions.py:352 | Misiones completadas: 1
2026-06-05 08:57:32 | INFO | each_eight_hours.py:193 | Starting game loop 2
2026-06-05 08:57:32 | INFO | my_functions.py:248 | [DEBUG] Buscando en paralelo: ['play.PNG'] | timeout=20s | confidence=0.8
2026-06-05 08:57:35 | INFO | my_functions.py:135 | Haciendo click en la posición (384, 824)
2026-06-05 08:57:36 | INFO | my_functions.py:270 | 🖱️ Click OK (En paralelo): play.PNG at (384, 824) delay=3s
2026-06-05 08:58:00 | INFO | my_functions.py:200 | 
✅ Found: end_turn.PNG pos=(681, 945) time=0.21s confidence=0.8
2026-06-05 08:58:00 | INFO | my_functions.py:248 | [DEBUG] Buscando en paralelo: ['snap.PNG'] | timeout=0s | confidence=0.8
2026-06-05 08:58:01 | INFO | my_functions.py:135 | Haciendo click en la posición (386, 123)
2026-06-05 08:58:01 | INFO | my_functions.py:270 | 🖱️ Click OK (En paralelo): snap.PNG at (386, 123) delay=1s
2026-06-05 08:58:07 | INFO | my_functions.py:135 | Haciendo click en la posición (681, 945)
2026-06-05 08:58:08 | INFO | each_eight_hours.py:209 | End turn executed
2026-06-05 08:58:25 | INFO | my_functions.py:200 | 
✅ Found: end_turn.PNG pos=(682, 945) time=0.19s confidence=0.8
2026-06-05 08:58:25 | INFO | my_functions.py:248 | [DEBUG] Buscando en paralelo: ['snap.PNG'] | timeout=0s | confidence=0.8
2026-06-05 08:58:25 | INFO | my_functions.py:282 | [DEBUG] Click skipped, ninguna de las imágenes se encontró en el intento.
2026-06-05 08:58:31 | INFO | my_functions.py:135 | Haciendo click en la posición (682, 945)
2026-06-05 08:58:32 | INFO | each_eight_hours.py:209 | End turn executed
2026-06-05 08:58:37 | INFO | my_functions.py:200 | 
✅ Found: never_seen_before.png pos=(395, 141) time=0.19s confidence=0.8
2026-06-05 08:58:38 | WARNING | each_eight_hours.py:222 | Unknown popup handled
2026-06-05 08:58:57 | INFO | my_functions.py:200 | 
✅ Found: end_turn.PNG pos=(681, 945) time=0.2s confidence=0.8
2026-06-05 08:58:57 | INFO | my_functions.py:248 | [DEBUG] Buscando en paralelo: ['snap.PNG'] | timeout=0s | confidence=0.8
2026-06-05 08:58:57 | INFO | my_functions.py:282 | [DEBUG] Click skipped, ninguna de las imágenes se encontró en el intento.
2026-06-05 08:59:04 | INFO | my_functions.py:135 | Haciendo click en la posición (681, 945)
2026-06-05 08:59:05 | INFO | each_eight_hours.py:209 | End turn executed
2026-06-05 08:59:10 | INFO | my_functions.py:200 | 
✅ Found: never_seen_before.png pos=(395, 141) time=0.17s confidence=0.8
2026-06-05 08:59:10 | WARNING | each_eight_hours.py:222 | Unknown popup handled
2026-06-05 08:59:25 | INFO | my_functions.py:200 | 
✅ Found: end_turn.PNG pos=(681, 945) time=0.19s confidence=0.8
2026-06-05 08:59:25 | INFO | my_functions.py:248 | [DEBUG] Buscando en paralelo: ['snap.PNG'] | timeout=0s | confidence=0.8
2026-06-05 08:59:25 | INFO | my_functions.py:282 | [DEBUG] Click skipped, ninguna de las imágenes se encontró en el intento.
2026-06-05 08:59:31 | INFO | my_functions.py:135 | Haciendo click en la posición (681, 945)
2026-06-05 08:59:33 | INFO | each_eight_hours.py:209 | End turn executed
2026-06-05 09:00:01 | INFO | my_functions.py:200 | 
✅ Found: end_turn.PNG pos=(681, 945) time=0.21s confidence=0.8
2026-06-05 09:00:01 | INFO | my_functions.py:248 | [DEBUG] Buscando en paralelo: ['snap.PNG'] | timeout=0s | confidence=0.8
2026-06-05 09:00:01 | INFO | my_functions.py:282 | [DEBUG] Click skipped, ninguna de las imágenes se encontró en el intento.
2026-06-05 09:00:07 | INFO | my_functions.py:135 | Haciendo click en la posición (681, 945)
2026-06-05 09:00:08 | INFO | each_eight_hours.py:209 | End turn executed
2026-06-05 09:00:25 | INFO | my_functions.py:200 | 
✅ Found: never_seen_before.png pos=(395, 141) time=0.18s confidence=0.8
2026-06-05 09:00:25 | WARNING | each_eight_hours.py:222 | Unknown popup handled
2026-06-05 09:00:36 | INFO | my_functions.py:200 | 
✅ Found: end_turn.PNG pos=(681, 945) time=0.19s confidence=0.8
2026-06-05 09:00:36 | INFO | my_functions.py:248 | [DEBUG] Buscando en paralelo: ['snap.PNG'] | timeout=0s | confidence=0.8
2026-06-05 09:00:37 | INFO | my_functions.py:282 | [DEBUG] Click skipped, ninguna de las imágenes se encontró en el intento.
2026-06-05 09:00:43 | INFO | my_functions.py:135 | Haciendo click en la posición (681, 945)
2026-06-05 09:00:44 | INFO | each_eight_hours.py:209 | End turn executed
2026-06-05 09:01:25 | INFO | my_functions.py:200 | 
✅ Found: collect_rewards.PNG pos=(679, 957) time=0.2s confidence=0.8
2026-06-05 09:01:25 | INFO | each_eight_hours.py:248 | Rewards detected, exiting match
2026-06-05 09:01:25 | INFO | my_functions.py:248 | [DEBUG] Buscando en paralelo: ['collect_rewards.PNG'] | timeout=20s | confidence=0.8
2026-06-05 09:01:26 | INFO | my_functions.py:135 | Haciendo click en la posición (679, 957)
2026-06-05 09:01:27 | INFO | my_functions.py:270 | 🖱️ Click OK (En paralelo): collect_rewards.PNG at (679, 957) delay=1s
2026-06-05 09:01:28 | INFO | my_functions.py:248 | [DEBUG] Buscando en paralelo: ['next.PNG'] | timeout=20s | confidence=0.8
2026-06-05 09:01:31 | INFO | my_functions.py:135 | Haciendo click en la posición (677, 973)
2026-06-05 09:01:31 | INFO | my_functions.py:270 | 🖱️ Click OK (En paralelo): next.PNG at (677, 973) delay=1s
2026-06-05 09:01:34 | INFO | my_functions.py:330 | AVAILABLE: 6
2026-06-05 09:01:34 | INFO | each_eight_hours.py:315 | Submissions after match: 6
2026-06-05 09:01:34 | INFO | my_functions.py:352 | Misiones completadas: 2
2026-06-05 09:01:34 | INFO | each_eight_hours.py:319 | Submission condition met, breaking loop
2026-06-05 09:01:34 | INFO | my_functions.py:248 | [DEBUG] Buscando en paralelo: ['missionsNotify2.png'] | timeout=20s | confidence=0.8
2026-06-05 09:01:38 | INFO | my_functions.py:135 | Haciendo click en la posición (538, 124)
2026-06-05 09:01:38 | INFO | my_functions.py:270 | 🖱️ Click OK (En paralelo): missionsNotify2.png at (538, 124) delay=3s
2026-06-05 09:01:39 | INFO | my_functions.py:1237 | [INFO] Iniciando click_missions_blue2
2026-06-05 09:01:39 | INFO | my_functions.py:135 | Haciendo click en la posición (150, 132)
2026-06-05 09:01:40 | INFO | my_functions.py:1240 | [ACTION] Click hecho en icono de calendario que me dirige a las misiones ordinarias
2026-06-05 09:01:40 | INFO | my_functions.py:170 | Searching bonus_challenge.png (timeout=0s)
2026-06-05 09:01:40 | INFO | my_functions.py:214 | 
⛔ Not found: bonus_challenge.png after 0.0s region=(0, 0, 765, 1038) confidence=0.8
2026-06-05 09:01:42 | INFO | my_functions.py:135 | Haciendo click en la posición (362, 493)
2026-06-05 09:01:44 | INFO | my_functions.py:1253 | [ACTION] Click 1/2 en misión azul
2026-06-05 09:01:44 | INFO | my_functions.py:135 | Haciendo click en la posición (362, 493)
2026-06-05 09:01:45 | INFO | my_functions.py:1253 | [ACTION] Click 2/2 en misión azul
2026-06-05 09:01:46 | INFO | my_functions.py:170 | Searching flechita_mission.PNG (timeout=0s)
2026-06-05 09:01:46 | INFO | my_functions.py:214 | 
⛔ Not found: flechita_mission.PNG after 0.0s region=(0, 0, 765, 1038) confidence=0.8
2026-06-05 09:01:46 | INFO | my_functions.py:248 | [DEBUG] Buscando en paralelo: ['weekly3.PNG'] | timeout=0s | confidence=0.8
2026-06-05 09:01:46 | INFO | my_functions.py:282 | [DEBUG] Click skipped, ninguna de las imágenes se encontró en el intento.
2026-06-05 09:01:47 | INFO | my_functions.py:248 | [DEBUG] Buscando en paralelo: ['weekly3.PNG'] | timeout=0s | confidence=0.8
2026-06-05 09:01:47 | INFO | my_functions.py:282 | [DEBUG] Click skipped, ninguna de las imágenes se encontró en el intento.
2026-06-05 09:01:49 | INFO | my_functions.py:135 | Haciendo click en la posición (557, 64)
2026-06-05 09:01:50 | INFO | my_functions.py:248 | [DEBUG] Buscando en paralelo: ['cards_shop.PNG'] | timeout=20s | confidence=0.8
2026-06-05 09:01:52 | INFO | my_functions.py:135 | Haciendo click en la posición (568, 121)
2026-06-05 09:01:52 | INFO | my_functions.py:270 | 🖱️ Click OK (En paralelo): cards_shop.PNG at (568, 121) delay=1s
2026-06-05 09:01:53 | INFO | my_functions.py:248 | [DEBUG] Buscando en paralelo: ['token_icon.PNG'] | timeout=20s | confidence=0.8
2026-06-05 09:01:55 | INFO | my_functions.py:135 | Haciendo click en la posición (680, 171)
2026-06-05 09:01:55 | INFO | my_functions.py:270 | 🖱️ Click OK (En paralelo): token_icon.PNG at (680, 171) delay=1s
2026-06-05 09:01:58 | INFO | my_functions.py:248 | [DEBUG] Buscando en paralelo: ['claim!_token_3.PNG'] | timeout=4s | confidence=0.8
2026-06-05 09:01:59 | INFO | my_functions.py:135 | Haciendo click en la posición (231, 573)
2026-06-05 09:01:59 | INFO | my_functions.py:270 | 🖱️ Click OK (En paralelo): claim!_token_3.PNG at (231, 573) delay=1s
2026-06-05 09:02:01 | INFO | my_functions.py:248 | [DEBUG] Buscando en paralelo: ['cards_shop.PNG'] | timeout=20s | confidence=0.8
2026-06-05 09:02:02 | INFO | my_functions.py:135 | Haciendo click en la posición (568, 122)
2026-06-05 09:02:02 | INFO | my_functions.py:270 | 🖱️ Click OK (En paralelo): cards_shop.PNG at (568, 122) delay=1s
2026-06-05 09:02:03 | INFO | my_functions.py:248 | [DEBUG] Buscando en paralelo: ['offers.PNG'] | timeout=20s | confidence=0.8
2026-06-05 09:02:04 | INFO | my_functions.py:135 | Haciendo click en la posición (197, 121)
2026-06-05 09:02:05 | INFO | my_functions.py:270 | 🖱️ Click OK (En paralelo): offers.PNG at (197, 121) delay=1s
2026-06-05 09:02:06 | INFO | my_functions.py:1137 | [INFO] Iniciando mejora de cartas
2026-06-05 09:02:06 | INFO | my_functions.py:248 | [DEBUG] Buscando en paralelo: ['upgrade_cards_icon.PNG'] | timeout=20s | confidence=0.8
2026-06-05 09:02:07 | INFO | my_functions.py:135 | Haciendo click en la posición (322, 170)
2026-06-05 09:02:07 | INFO | my_functions.py:270 | 🖱️ Click OK (En paralelo): upgrade_cards_icon.PNG at (322, 170) delay=1s
2026-06-05 09:02:08 | INFO | my_functions.py:1141 | [INFO] Abriendo icono de upgrade_cards
2026-06-05 09:02:09 | INFO | my_functions.py:1147 | [STEP] Mejorando carta 1
2026-06-05 09:02:09 | INFO | my_functions.py:1151 | [ACTION] Click en carta 1
2026-06-05 09:02:10 | INFO | my_functions.py:1156 | [ACTION] Click en botón upgrade
2026-06-05 09:02:18 | INFO | my_functions.py:248 | [DEBUG] Buscando en paralelo: ['you_need_more_credits!.png'] | timeout=3s | confidence=0.8
2026-06-05 09:02:21 | INFO | my_functions.py:282 | [DEBUG] Click skipped, ninguna de las imágenes se encontró en el intento.
2026-06-05 09:02:27 | INFO | my_functions.py:1171 | [ACTION] Click para continuar a stage de nivel de coleccion
2026-06-05 09:02:32 | INFO | my_functions.py:143 | Presionando ESC (1/1)
2026-06-05 09:02:32 | INFO | my_functions.py:1176 | [ACTION] Saliendo de stage nivel de coleccion con ESC
2026-06-05 09:02:33 | INFO | my_functions.py:248 | [DEBUG] Buscando en paralelo: ['upgrade_cards_icon_selected.PNG'] | timeout=0s | confidence=0.8
2026-06-05 09:02:35 | INFO | my_functions.py:135 | Haciendo click en la posición (320, 173)
2026-06-05 09:02:35 | INFO | my_functions.py:270 | 🖱️ Click OK (En paralelo): upgrade_cards_icon_selected.PNG at (320, 173) delay=1s
2026-06-05 09:02:36 | INFO | my_functions.py:1196 | [INFO] Reabriendo icono de upgrade_cards
2026-06-05 09:02:37 | INFO | my_functions.py:1147 | [STEP] Mejorando carta 2
2026-06-05 09:02:37 | INFO | my_functions.py:1151 | [ACTION] Click en carta 2
2026-06-05 09:02:38 | INFO | my_functions.py:1156 | [ACTION] Click en botón upgrade
2026-06-05 09:02:45 | INFO | my_functions.py:248 | [DEBUG] Buscando en paralelo: ['you_need_more_credits!.png'] | timeout=3s | confidence=0.8
2026-06-05 09:02:48 | INFO | my_functions.py:282 | [DEBUG] Click skipped, ninguna de las imágenes se encontró en el intento.
2026-06-05 09:02:55 | INFO | my_functions.py:1171 | [ACTION] Click para continuar a stage de nivel de coleccion
2026-06-05 09:03:00 | INFO | my_functions.py:143 | Presionando ESC (1/1)
2026-06-05 09:03:00 | INFO | my_functions.py:1176 | [ACTION] Saliendo de stage nivel de coleccion con ESC
2026-06-05 09:03:01 | INFO | my_functions.py:248 | [DEBUG] Buscando en paralelo: ['upgrade_cards_icon_selected.PNG'] | timeout=0s | confidence=0.8
2026-06-05 09:03:02 | INFO | my_functions.py:135 | Haciendo click en la posición (320, 173)
2026-06-05 09:03:03 | INFO | my_functions.py:270 | 🖱️ Click OK (En paralelo): upgrade_cards_icon_selected.PNG at (320, 173) delay=1s
2026-06-05 09:03:04 | INFO | my_functions.py:1196 | [INFO] Reabriendo icono de upgrade_cards
2026-06-05 09:03:05 | INFO | my_functions.py:1147 | [STEP] Mejorando carta 3
2026-06-05 09:03:05 | INFO | my_functions.py:1151 | [ACTION] Click en carta 3
2026-06-05 09:03:06 | INFO | my_functions.py:1156 | [ACTION] Click en botón upgrade
2026-06-05 09:03:13 | INFO | my_functions.py:248 | [DEBUG] Buscando en paralelo: ['you_need_more_credits!.png'] | timeout=3s | confidence=0.8
2026-06-05 09:03:16 | INFO | my_functions.py:282 | [DEBUG] Click skipped, ninguna de las imágenes se encontró en el intento.
2026-06-05 09:03:22 | INFO | my_functions.py:1171 | [ACTION] Click para continuar a stage de nivel de coleccion
2026-06-05 09:03:27 | INFO | my_functions.py:143 | Presionando ESC (1/1)
2026-06-05 09:03:28 | INFO | my_functions.py:1176 | [ACTION] Saliendo de stage nivel de coleccion con ESC
2026-06-05 09:03:29 | INFO | my_functions.py:1199 | [INFO] Mejora de cartas completada ✅
2026-06-05 09:03:29 | INFO | my_functions.py:143 | Presionando ESC (1/1)
2026-06-05 09:03:29 | INFO | my_functions.py:248 | [DEBUG] Buscando en paralelo: ['white_x.png'] | timeout=2s | confidence=0.8
2026-06-05 09:03:32 | INFO | my_functions.py:282 | [DEBUG] Click skipped, ninguna de las imágenes se encontró en el intento.
2026-06-05 09:03:33 | INFO | my_functions.py:248 | [DEBUG] Buscando en paralelo: ['nut.png'] | timeout=20s | confidence=0.8
2026-06-05 09:03:34 | INFO | my_functions.py:135 | Haciendo click en la posición (184, 78)
2026-06-05 09:03:34 | INFO | my_functions.py:270 | 🖱️ Click OK (En paralelo): nut.png at (184, 78) delay=1s
2026-06-05 09:03:35 | INFO | my_functions.py:248 | [DEBUG] Buscando en paralelo: ['graphics_quality.png'] | timeout=3s | confidence=0.8
2026-06-05 09:03:36 | INFO | my_functions.py:135 | Haciendo click en la posición (304, 644)
2026-06-05 09:03:37 | INFO | my_functions.py:270 | 🖱️ Click OK (En paralelo): graphics_quality.png at (304, 644) delay=1s
2026-06-05 09:03:39 | INFO | my_functions.py:248 | [DEBUG] Buscando en paralelo: ['sign_out.png'] | timeout=20s | confidence=0.8
2026-06-05 09:03:40 | INFO | my_functions.py:135 | Haciendo click en la posición (380, 796)
2026-06-05 09:03:40 | INFO | my_functions.py:270 | 🖱️ Click OK (En paralelo): sign_out.png at (380, 796) delay=1s
2026-06-05 09:03:42 | INFO | my_functions.py:248 | [DEBUG] Buscando en paralelo: ['sign_out_grande.png'] | timeout=20s | confidence=0.8
2026-06-05 09:03:44 | INFO | my_functions.py:135 | Haciendo click en la posición (359, 437)
2026-06-05 09:03:44 | INFO | my_functions.py:270 | 🖱️ Click OK (En paralelo): sign_out_grande.png at (359, 437) delay=1s
2026-06-05 09:03:45 | INFO | my_functions.py:248 | [DEBUG] Buscando en paralelo: ['sign_out2.png'] | timeout=20s | confidence=0.8
2026-06-05 09:03:46 | INFO | my_functions.py:135 | Haciendo click en la posición (383, 634)
2026-06-05 09:03:46 | INFO | my_functions.py:270 | 🖱️ Click OK (En paralelo): sign_out2.png at (383, 634) delay=1s
2026-06-05 09:03:47 | INFO | my_functions.py:1312 | ⏱ Esperando 0.1 segundos antes de empezar...
2026-06-05 09:03:48 | INFO | my_functions.py:1319 | 🔍 Esperando ventana que contenga alguna de: SNAP (máx 20s)
2026-06-05 09:03:48 | INFO | my_functions.py:1331 | ✅ Ventana encontrada: 'SNAP'
2026-06-05 09:03:48 | INFO | my_functions.py:1346 | ✅ Ventana seleccionada: 'SNAP'
2026-06-05 09:03:50 | INFO | my_functions.py:1369 | 🔁 Reajuste #1...
2026-06-05 09:03:52 | INFO | my_functions.py:1376 | ✔ Verificación completa. Se hicieron 1 reajustes.
2026-06-05 09:03:57 | INFO | each_eight_hours.py:139 | Processing account: reeps_vm
2026-06-05 09:03:57 | INFO | each_eight_hours.py:142 | Game relaunched for account
2026-06-05 09:03:57 | INFO | my_functions.py:1312 | ⏱ Esperando 0.1 segundos antes de empezar...
2026-06-05 09:03:57 | INFO | my_functions.py:1319 | 🔍 Esperando ventana que contenga alguna de: ['SNAP'] (máx 20s)
2026-06-05 09:04:01 | INFO | my_functions.py:1331 | ✅ Ventana encontrada: 'SNAP'
2026-06-05 09:04:01 | INFO | my_functions.py:1346 | ✅ Ventana seleccionada: 'SNAP'
2026-06-05 09:04:03 | INFO | my_functions.py:1378 | ✔ Verificación completa. No hubo cambios después del primer ajuste.
2026-06-05 09:04:03 | INFO | my_functions.py:1015 | [DEBUG] Resizing SNAP window...
2026-06-05 09:04:03 | INFO | my_functions.py:1312 | ⏱ Esperando 0.1 segundos antes de empezar...
2026-06-05 09:04:03 | INFO | my_functions.py:1319 | 🔍 Esperando ventana que contenga alguna de: ['SNAP'] (máx 20s)
2026-06-05 09:04:03 | INFO | my_functions.py:1331 | ✅ Ventana encontrada: 'SNAP'
2026-06-05 09:04:03 | INFO | my_functions.py:1346 | ✅ Ventana seleccionada: 'SNAP'
2026-06-05 09:04:06 | INFO | my_functions.py:1378 | ✔ Verificación completa. No hubo cambios después del primer ajuste.
2026-06-05 09:04:06 | INFO | my_functions.py:248 | [DEBUG] Buscando en paralelo: ['small_submit.PNG', 'small_submit_hover.png', 'submit_hover_2.png', 'small_submit_hover_2.png'] | timeout=90s | confidence=0.8
2026-06-05 09:04:12 | INFO | my_functions.py:135 | Haciendo click en la posición (383, 646)
2026-06-05 09:04:12 | INFO | my_functions.py:270 | 🖱️ Click OK (En paralelo): small_submit_hover_2.png at (383, 646) delay=0.2s
2026-06-05 09:04:15 | INFO | my_functions.py:248 | [DEBUG] Buscando en paralelo: ['small_submit.PNG', 'small_submit_hover.png', 'submit_hover_2.png', 'small_submit_hover_2.png'] | timeout=20s | confidence=0.8
2026-06-05 09:04:16 | INFO | my_functions.py:135 | Haciendo click en la posición (380, 721)
2026-06-05 09:04:16 | INFO | my_functions.py:270 | 🖱️ Click OK (En paralelo): small_submit.PNG at (380, 721) delay=0.2s
2026-06-05 09:04:17 | INFO | my_functions.py:1312 | ⏱ Esperando 0.1 segundos antes de empezar...
2026-06-05 09:04:17 | INFO | my_functions.py:1319 | 🔍 Esperando ventana que contenga alguna de: ['SNAP'] (máx 20s)
2026-06-05 09:04:17 | INFO | my_functions.py:1331 | ✅ Ventana encontrada: 'SNAP'
2026-06-05 09:04:17 | INFO | my_functions.py:1346 | ✅ Ventana seleccionada: 'SNAP'
2026-06-05 09:04:19 | INFO | my_functions.py:1369 | 🔁 Reajuste #1...
2026-06-05 09:04:20 | INFO | my_functions.py:1376 | ✔ Verificación completa. Se hicieron 1 reajustes.
2026-06-05 09:04:20 | INFO | my_functions.py:170 | Searching please_sign.png (timeout=0s)
2026-06-05 09:04:20 | INFO | my_functions.py:200 | 
✅ Found: please_sign.png pos=(383, 438) time=0.18s confidence=0.8
2026-06-05 09:04:20 | INFO | my_functions.py:248 | [DEBUG] Buscando en paralelo: ['ok_btn.png'] | timeout=20s | confidence=0.8
2026-06-05 09:04:21 | INFO | my_functions.py:135 | Haciendo click en la posición (382, 634)
2026-06-05 09:04:22 | INFO | my_functions.py:270 | 🖱️ Click OK (En paralelo): ok_btn.png at (382, 634) delay=1s
2026-06-05 09:04:23 | INFO | my_functions.py:248 | [DEBUG] Buscando en paralelo: ['small_submit.PNG', 'small_submit_hover.png', 'submit_hover_2.png', 'small_submit_hover_2.png'] | timeout=90s | confidence=0.8
2026-06-05 09:04:24 | INFO | my_functions.py:135 | Haciendo click en la posición (383, 643)
2026-06-05 09:04:24 | INFO | my_functions.py:270 | 🖱️ Click OK (En paralelo): small_submit_hover_2.png at (383, 643) delay=0.2s
2026-06-05 09:04:25 | INFO | my_functions.py:248 | [DEBUG] Buscando en paralelo: ['small_submit.PNG', 'small_submit_hover.png', 'submit_hover_2.png', 'small_submit_hover_2.png'] | timeout=20s | confidence=0.8
2026-06-05 09:04:26 | INFO | my_functions.py:135 | Haciendo click en la posición (380, 721)
2026-06-05 09:04:26 | INFO | my_functions.py:270 | 🖱️ Click OK (En paralelo): small_submit.PNG at (380, 721) delay=0.2s
2026-06-05 09:04:27 | INFO | my_functions.py:170 | Searching sign_in_with_google2.PNG (timeout=90s)
2026-06-05 09:04:27 | INFO | my_functions.py:200 | 
✅ Found: sign_in_with_google2.PNG pos=(406, 957) time=0.17s confidence=0.8
2026-06-05 09:04:27 | INFO | my_functions.py:248 | [DEBUG] Buscando en paralelo: ['sign_in_with_google2.PNG'] | timeout=20s | confidence=0.8
2026-06-05 09:04:29 | INFO | my_functions.py:135 | Haciendo click en la posición (406, 957)
2026-06-05 09:04:29 | INFO | my_functions.py:270 | 🖱️ Click OK (En paralelo): sign_in_with_google2.PNG at (406, 957) delay=1s
2026-06-05 09:04:30 | INFO | my_functions.py:248 | [DEBUG] Buscando en paralelo: ['reeps_vm.png'] | timeout=30s | confidence=0.8
2026-06-05 09:04:39 | INFO | my_functions.py:135 | Haciendo click en la posición (1126, 534)
2026-06-05 09:04:40 | INFO | my_functions.py:270 | 🖱️ Click OK (En paralelo): reeps_vm.png at (1126, 534) delay=3s
2026-06-05 09:04:41 | INFO | my_functions.py:170 | Searching marvelsnap_web.png (timeout=30s)
2026-06-05 09:05:11 | INFO | my_functions.py:214 | 
⛔ Not found: marvelsnap_web.png after 30.11s region=(0, 0, 765, 1038) confidence=0.7
2026-06-05 09:05:11 | INFO | my_functions.py:170 | Searching shop_unselected.PNG (timeout=0s)
2026-06-05 09:05:11 | INFO | my_functions.py:214 | 
⛔ Not found: shop_unselected.PNG after 0.0s region=(0, 0, 765, 1038) confidence=0.8
2026-06-05 09:05:11 | INFO | my_functions.py:248 | [DEBUG] Buscando en paralelo: ['super_premium.PNG'] | timeout=0s | confidence=0.8
2026-06-05 09:05:11 | INFO | my_functions.py:282 | [DEBUG] Click skipped, ninguna de las imágenes se encontró en el intento.
2026-06-05 09:05:12 | INFO | my_functions.py:248 | [DEBUG] Buscando en paralelo: ['maybe_later.PNG'] | timeout=0s | confidence=0.8
2026-06-05 09:05:13 | INFO | my_functions.py:282 | [DEBUG] Click skipped, ninguna de las imágenes se encontró en el intento.
2026-06-05 09:05:14 | INFO | my_functions.py:248 | [DEBUG] Buscando en paralelo: ['maybe_later2.PNG'] | timeout=0s | confidence=0.8
2026-06-05 09:05:14 | INFO | my_functions.py:282 | [DEBUG] Click skipped, ninguna de las imágenes se encontró en el intento.
2026-06-05 09:05:15 | INFO | my_functions.py:170 | Searching go_to_shop.PNG (timeout=0s)
2026-06-05 09:05:15 | INFO | my_functions.py:214 | 
⛔ Not found: go_to_shop.PNG after 0.0s region=(0, 0, 765, 1038) confidence=0.8
2026-06-05 09:05:15 | INFO | my_functions.py:248 | [DEBUG] Buscando en paralelo: ['14_days_of_winterverse.PNG'] | timeout=0s | confidence=0.8
2026-06-05 09:05:15 | INFO | my_functions.py:282 | [DEBUG] Click skipped, ninguna de las imágenes se encontró en el intento.
2026-06-05 09:05:16 | INFO | my_functions.py:170 | Searching welcome_back_calendar.PNG (timeout=0s)
2026-06-05 09:05:17 | INFO | my_functions.py:214 | 
⛔ Not found: welcome_back_calendar.PNG after 0.14s region=(0, 0, 765, 1038) confidence=0.8
2026-06-05 09:05:17 | INFO | my_functions.py:248 | [DEBUG] Buscando en paralelo: ['start_the_countdown.PNG'] | timeout=0s | confidence=0.8
2026-06-05 09:05:17 | INFO | my_functions.py:282 | [DEBUG] Click skipped, ninguna de las imágenes se encontró en el intento.
2026-06-05 09:05:18 | INFO | my_functions.py:248 | [DEBUG] Buscando en paralelo: ['event_has_ended_sanctum.PNG'] | timeout=0s | confidence=0.8
2026-06-05 09:05:18 | INFO | my_functions.py:282 | [DEBUG] Click skipped, ninguna de las imágenes se encontró en el intento.
2026-06-05 09:05:19 | INFO | my_functions.py:248 | [DEBUG] Buscando en paralelo: ['event_has_ended_teamclash.PNG'] | timeout=0s | confidence=0.8
2026-06-05 09:05:19 | INFO | my_functions.py:282 | [DEBUG] Click skipped, ninguna de las imágenes se encontró en el intento.
2026-06-05 09:05:21 | INFO | my_functions.py:248 | [DEBUG] Buscando en paralelo: ['image_part_of_event_grand_arena_finished.PNG'] | timeout=0s | confidence=0.8
2026-06-05 09:05:21 | INFO | my_functions.py:282 | [DEBUG] Click skipped, ninguna de las imágenes se encontró en el intento.
2026-06-05 09:05:22 | INFO | my_functions.py:170 | Searching 28_day_event_login_rewards.PNG (timeout=0s)
2026-06-05 09:05:22 | INFO | my_functions.py:214 | 
⛔ Not found: 28_day_event_login_rewards.PNG after 0.0s region=(0, 0, 765, 1038) confidence=0.8
2026-06-05 09:05:22 | INFO | my_functions.py:170 | Searching 7_day_event_login.PNG (timeout=0s)
2026-06-05 09:05:22 | INFO | my_functions.py:214 | 
⛔ Not found: 7_day_event_login.PNG after 0.0s region=(0, 0, 765, 1038) confidence=0.8
2026-06-05 09:05:22 | INFO | my_functions.py:170 | Searching 14_days_event.PNG (timeout=0s)
2026-06-05 09:05:22 | INFO | my_functions.py:214 | 
⛔ Not found: 14_days_event.PNG after 0.0s region=(0, 0, 765, 1038) confidence=0.8
2026-06-05 09:05:22 | INFO | my_functions.py:248 | [DEBUG] Buscando en paralelo: ['lets_go.PNG'] | timeout=0s | confidence=0.8
2026-06-05 09:05:22 | INFO | my_functions.py:282 | [DEBUG] Click skipped, ninguna de las imágenes se encontró en el intento.
2026-06-05 09:05:25 | INFO | my_functions.py:170 | Searching shop_unselected.PNG (timeout=0s)
2026-06-05 09:05:25 | INFO | my_functions.py:214 | 
⛔ Not found: shop_unselected.PNG after 0.0s region=(0, 0, 765, 1038) confidence=0.8
2026-06-05 09:05:25 | INFO | my_functions.py:248 | [DEBUG] Buscando en paralelo: ['super_premium.PNG'] | timeout=0s | confidence=0.8
2026-06-05 09:05:25 | INFO | my_functions.py:282 | [DEBUG] Click skipped, ninguna de las imágenes se encontró en el intento.
2026-06-05 09:05:26 | INFO | my_functions.py:248 | [DEBUG] Buscando en paralelo: ['maybe_later.PNG'] | timeout=0s | confidence=0.8
2026-06-05 09:05:26 | INFO | my_functions.py:282 | [DEBUG] Click skipped, ninguna de las imágenes se encontró en el intento.
2026-06-05 09:05:27 | INFO | my_functions.py:248 | [DEBUG] Buscando en paralelo: ['maybe_later2.PNG'] | timeout=0s | confidence=0.8
2026-06-05 09:05:27 | INFO | my_functions.py:282 | [DEBUG] Click skipped, ninguna de las imágenes se encontró en el intento.
2026-06-05 09:05:28 | INFO | my_functions.py:170 | Searching go_to_shop.PNG (timeout=0s)
2026-06-05 09:05:29 | INFO | my_functions.py:214 | 
⛔ Not found: go_to_shop.PNG after 0.0s region=(0, 0, 765, 1038) confidence=0.8
2026-06-05 09:05:29 | INFO | my_functions.py:248 | [DEBUG] Buscando en paralelo: ['14_days_of_winterverse.PNG'] | timeout=0s | confidence=0.8
2026-06-05 09:05:29 | INFO | my_functions.py:282 | [DEBUG] Click skipped, ninguna de las imágenes se encontró en el intento.
2026-06-05 09:05:30 | INFO | my_functions.py:170 | Searching welcome_back_calendar.PNG (timeout=0s)
2026-06-05 09:05:30 | INFO | my_functions.py:214 | 
⛔ Not found: welcome_back_calendar.PNG after 0.0s region=(0, 0, 765, 1038) confidence=0.8
2026-06-05 09:05:30 | INFO | my_functions.py:248 | [DEBUG] Buscando en paralelo: ['start_the_countdown.PNG'] | timeout=0s | confidence=0.8
2026-06-05 09:05:30 | INFO | my_functions.py:282 | [DEBUG] Click skipped, ninguna de las imágenes se encontró en el intento.
2026-06-05 09:05:31 | INFO | my_functions.py:248 | [DEBUG] Buscando en paralelo: ['event_has_ended_sanctum.PNG'] | timeout=0s | confidence=0.8
2026-06-05 09:05:31 | INFO | my_functions.py:282 | [DEBUG] Click skipped, ninguna de las imágenes se encontró en el intento.
2026-06-05 09:05:33 | INFO | my_functions.py:248 | [DEBUG] Buscando en paralelo: ['event_has_ended_teamclash.PNG'] | timeout=0s | confidence=0.8
2026-06-05 09:05:33 | INFO | my_functions.py:282 | [DEBUG] Click skipped, ninguna de las imágenes se encontró en el intento.
2026-06-05 09:05:34 | INFO | my_functions.py:248 | [DEBUG] Buscando en paralelo: ['image_part_of_event_grand_arena_finished.PNG'] | timeout=0s | confidence=0.8
2026-06-05 09:05:34 | INFO | my_functions.py:282 | [DEBUG] Click skipped, ninguna de las imágenes se encontró en el intento.
2026-06-05 09:05:35 | INFO | my_functions.py:170 | Searching 28_day_event_login_rewards.PNG (timeout=0s)
2026-06-05 09:05:35 | INFO | my_functions.py:214 | 
⛔ Not found: 28_day_event_login_rewards.PNG after 0.0s region=(0, 0, 765, 1038) confidence=0.8
2026-06-05 09:05:35 | INFO | my_functions.py:170 | Searching 7_day_event_login.PNG (timeout=0s)
2026-06-05 09:05:35 | INFO | my_functions.py:214 | 
⛔ Not found: 7_day_event_login.PNG after 0.0s region=(0, 0, 765, 1038) confidence=0.8
2026-06-05 09:05:35 | INFO | my_functions.py:170 | Searching 14_days_event.PNG (timeout=0s)
2026-06-05 09:05:35 | INFO | my_functions.py:214 | 
⛔ Not found: 14_days_event.PNG after 0.0s region=(0, 0, 765, 1038) confidence=0.8
2026-06-05 09:05:35 | INFO | my_functions.py:248 | [DEBUG] Buscando en paralelo: ['lets_go.PNG'] | timeout=0s | confidence=0.8
2026-06-05 09:05:36 | INFO | my_functions.py:282 | [DEBUG] Click skipped, ninguna de las imágenes se encontró en el intento.
2026-06-05 09:05:38 | INFO | my_functions.py:170 | Searching shop_unselected.PNG (timeout=0s)
2026-06-05 09:05:38 | INFO | my_functions.py:214 | 
⛔ Not found: shop_unselected.PNG after 0.0s region=(0, 0, 765, 1038) confidence=0.8
2026-06-05 09:05:38 | INFO | my_functions.py:248 | [DEBUG] Buscando en paralelo: ['super_premium.PNG'] | timeout=0s | confidence=0.8
2026-06-05 09:05:38 | INFO | my_functions.py:282 | [DEBUG] Click skipped, ninguna de las imágenes se encontró en el intento.
2026-06-05 09:05:39 | INFO | my_functions.py:248 | [DEBUG] Buscando en paralelo: ['maybe_later.PNG'] | timeout=0s | confidence=0.8
2026-06-05 09:05:39 | INFO | my_functions.py:282 | [DEBUG] Click skipped, ninguna de las imágenes se encontró en el intento.
2026-06-05 09:05:40 | INFO | my_functions.py:248 | [DEBUG] Buscando en paralelo: ['maybe_later2.PNG'] | timeout=0s | confidence=0.8
2026-06-05 09:05:41 | INFO | my_functions.py:282 | [DEBUG] Click skipped, ninguna de las imágenes se encontró en el intento.
2026-06-05 09:05:42 | INFO | my_functions.py:170 | Searching go_to_shop.PNG (timeout=0s)
2026-06-05 09:05:42 | INFO | my_functions.py:214 | 
⛔ Not found: go_to_shop.PNG after 0.0s region=(0, 0, 765, 1038) confidence=0.8
2026-06-05 09:05:42 | INFO | my_functions.py:248 | [DEBUG] Buscando en paralelo: ['14_days_of_winterverse.PNG'] | timeout=0s | confidence=0.8
2026-06-05 09:05:42 | INFO | my_functions.py:282 | [DEBUG] Click skipped, ninguna de las imágenes se encontró en el intento.
2026-06-05 09:05:43 | INFO | my_functions.py:170 | Searching welcome_back_calendar.PNG (timeout=0s)
2026-06-05 09:05:43 | INFO | my_functions.py:214 | 
⛔ Not found: welcome_back_calendar.PNG after 0.0s region=(0, 0, 765, 1038) confidence=0.8
2026-06-05 09:05:43 | INFO | my_functions.py:248 | [DEBUG] Buscando en paralelo: ['start_the_countdown.PNG'] | timeout=0s | confidence=0.8
2026-06-05 09:05:43 | INFO | my_functions.py:282 | [DEBUG] Click skipped, ninguna de las imágenes se encontró en el intento.
2026-06-05 09:05:44 | INFO | my_functions.py:248 | [DEBUG] Buscando en paralelo: ['event_has_ended_sanctum.PNG'] | timeout=0s | confidence=0.8
2026-06-05 09:05:45 | INFO | my_functions.py:282 | [DEBUG] Click skipped, ninguna de las imágenes se encontró en el intento.
2026-06-05 09:05:46 | INFO | my_functions.py:248 | [DEBUG] Buscando en paralelo: ['event_has_ended_teamclash.PNG'] | timeout=0s | confidence=0.8
2026-06-05 09:05:46 | INFO | my_functions.py:282 | [DEBUG] Click skipped, ninguna de las imágenes se encontró en el intento.
2026-06-05 09:05:47 | INFO | my_functions.py:248 | [DEBUG] Buscando en paralelo: ['image_part_of_event_grand_arena_finished.PNG'] | timeout=0s | confidence=0.8
2026-06-05 09:05:47 | INFO | my_functions.py:282 | [DEBUG] Click skipped, ninguna de las imágenes se encontró en el intento.
2026-06-05 09:05:48 | INFO | my_functions.py:170 | Searching 28_day_event_login_rewards.PNG (timeout=0s)
2026-06-05 09:05:48 | INFO | my_functions.py:214 | 
⛔ Not found: 28_day_event_login_rewards.PNG after 0.0s region=(0, 0, 765, 1038) confidence=0.8
2026-06-05 09:05:48 | INFO | my_functions.py:170 | Searching 7_day_event_login.PNG (timeout=0s)
2026-06-05 09:05:49 | INFO | my_functions.py:214 | 
⛔ Not found: 7_day_event_login.PNG after 0.0s region=(0, 0, 765, 1038) confidence=0.8
2026-06-05 09:05:49 | INFO | my_functions.py:170 | Searching 14_days_event.PNG (timeout=0s)
2026-06-05 09:05:49 | INFO | my_functions.py:214 | 
⛔ Not found: 14_days_event.PNG after 0.0s region=(0, 0, 765, 1038) confidence=0.8
2026-06-05 09:05:49 | INFO | my_functions.py:248 | [DEBUG] Buscando en paralelo: ['lets_go.PNG'] | timeout=0s | confidence=0.8
2026-06-05 09:05:49 | INFO | my_functions.py:282 | [DEBUG] Click skipped, ninguna de las imágenes se encontró en el intento.
2026-06-05 09:05:51 | INFO | my_functions.py:170 | Searching shop_unselected.PNG (timeout=0s)
2026-06-05 09:05:51 | INFO | my_functions.py:214 | 
⛔ Not found: shop_unselected.PNG after 0.0s region=(0, 0, 765, 1038) confidence=0.8
2026-06-05 09:05:51 | INFO | my_functions.py:248 | [DEBUG] Buscando en paralelo: ['super_premium.PNG'] | timeout=0s | confidence=0.8
2026-06-05 09:05:51 | INFO | my_functions.py:282 | [DEBUG] Click skipped, ninguna de las imágenes se encontró en el intento.
2026-06-05 09:05:52 | INFO | my_functions.py:248 | [DEBUG] Buscando en paralelo: ['maybe_later.PNG'] | timeout=0s | confidence=0.8
2026-06-05 09:05:52 | INFO | my_functions.py:282 | [DEBUG] Click skipped, ninguna de las imágenes se encontró en el intento.
2026-06-05 09:05:54 | INFO | my_functions.py:248 | [DEBUG] Buscando en paralelo: ['maybe_later2.PNG'] | timeout=0s | confidence=0.8
2026-06-05 09:05:54 | INFO | my_functions.py:282 | [DEBUG] Click skipped, ninguna de las imágenes se encontró en el intento.
2026-06-05 09:05:55 | INFO | my_functions.py:170 | Searching go_to_shop.PNG (timeout=0s)
2026-06-05 09:05:55 | INFO | my_functions.py:214 | 
⛔ Not found: go_to_shop.PNG after 0.0s region=(0, 0, 765, 1038) confidence=0.8
2026-06-05 09:05:55 | INFO | my_functions.py:248 | [DEBUG] Buscando en paralelo: ['14_days_of_winterverse.PNG'] | timeout=0s | confidence=0.8
2026-06-05 09:05:55 | INFO | my_functions.py:282 | [DEBUG] Click skipped, ninguna de las imágenes se encontró en el intento.
2026-06-05 09:05:56 | INFO | my_functions.py:170 | Searching welcome_back_calendar.PNG (timeout=0s)
2026-06-05 09:05:56 | INFO | my_functions.py:214 | 
⛔ Not found: welcome_back_calendar.PNG after 0.0s region=(0, 0, 765, 1038) confidence=0.8
2026-06-05 09:05:56 | INFO | my_functions.py:248 | [DEBUG] Buscando en paralelo: ['start_the_countdown.PNG'] | timeout=0s | confidence=0.8
2026-06-05 09:05:57 | INFO | my_functions.py:282 | [DEBUG] Click skipped, ninguna de las imágenes se encontró en el intento.
2026-06-05 09:05:58 | INFO | my_functions.py:248 | [DEBUG] Buscando en paralelo: ['event_has_ended_sanctum.PNG'] | timeout=0s | confidence=0.8
2026-06-05 09:05:58 | INFO | my_functions.py:282 | [DEBUG] Click skipped, ninguna de las imágenes se encontró en el intento.
2026-06-05 09:05:59 | INFO | my_functions.py:248 | [DEBUG] Buscando en paralelo: ['event_has_ended_teamclash.PNG'] | timeout=0s | confidence=0.8
2026-06-05 09:05:59 | INFO | my_functions.py:282 | [DEBUG] Click skipped, ninguna de las imágenes se encontró en el intento.
2026-06-05 09:06:00 | INFO | my_functions.py:248 | [DEBUG] Buscando en paralelo: ['image_part_of_event_grand_arena_finished.PNG'] | timeout=0s | confidence=0.8
2026-06-05 09:06:00 | INFO | my_functions.py:282 | [DEBUG] Click skipped, ninguna de las imágenes se encontró en el intento.
2026-06-05 09:06:01 | INFO | my_functions.py:170 | Searching 28_day_event_login_rewards.PNG (timeout=0s)
2026-06-05 09:06:02 | INFO | my_functions.py:214 | 
⛔ Not found: 28_day_event_login_rewards.PNG after 0.0s region=(0, 0, 765, 1038) confidence=0.8
2026-06-05 09:06:02 | INFO | my_functions.py:170 | Searching 7_day_event_login.PNG (timeout=0s)
2026-06-05 09:06:02 | INFO | my_functions.py:214 | 
⛔ Not found: 7_day_event_login.PNG after 0.0s region=(0, 0, 765, 1038) confidence=0.8
2026-06-05 09:06:02 | INFO | my_functions.py:170 | Searching 14_days_event.PNG (timeout=0s)
2026-06-05 09:06:02 | INFO | my_functions.py:214 | 
⛔ Not found: 14_days_event.PNG after 0.0s region=(0, 0, 765, 1038) confidence=0.8
2026-06-05 09:06:02 | INFO | my_functions.py:248 | [DEBUG] Buscando en paralelo: ['lets_go.PNG'] | timeout=0s | confidence=0.8
2026-06-05 09:06:02 | INFO | my_functions.py:282 | [DEBUG] Click skipped, ninguna de las imágenes se encontró en el intento.
2026-06-05 09:06:04 | INFO | my_functions.py:170 | Searching shop_unselected.PNG (timeout=0s)
2026-06-05 09:06:04 | INFO | my_functions.py:214 | 
⛔ Not found: shop_unselected.PNG after 0.0s region=(0, 0, 765, 1038) confidence=0.8
2026-06-05 09:06:04 | INFO | my_functions.py:248 | [DEBUG] Buscando en paralelo: ['super_premium.PNG'] | timeout=0s | confidence=0.8
2026-06-05 09:06:04 | INFO | my_functions.py:282 | [DEBUG] Click skipped, ninguna de las imágenes se encontró en el intento.
2026-06-05 09:06:06 | INFO | my_functions.py:248 | [DEBUG] Buscando en paralelo: ['maybe_later.PNG'] | timeout=0s | confidence=0.8
2026-06-05 09:06:06 | INFO | my_functions.py:282 | [DEBUG] Click skipped, ninguna de las imágenes se encontró en el intento.
2026-06-05 09:06:07 | INFO | my_functions.py:248 | [DEBUG] Buscando en paralelo: ['maybe_later2.PNG'] | timeout=0s | confidence=0.8
2026-06-05 09:06:07 | INFO | my_functions.py:282 | [DEBUG] Click skipped, ninguna de las imágenes se encontró en el intento.
2026-06-05 09:06:08 | INFO | my_functions.py:170 | Searching go_to_shop.PNG (timeout=0s)
2026-06-05 09:06:08 | INFO | my_functions.py:214 | 
⛔ Not found: go_to_shop.PNG after 0.0s region=(0, 0, 765, 1038) confidence=0.8
2026-06-05 09:06:08 | INFO | my_functions.py:248 | [DEBUG] Buscando en paralelo: ['14_days_of_winterverse.PNG'] | timeout=0s | confidence=0.8
2026-06-05 09:06:08 | INFO | my_functions.py:282 | [DEBUG] Click skipped, ninguna de las imágenes se encontró en el intento.
2026-06-05 09:06:09 | INFO | my_functions.py:170 | Searching welcome_back_calendar.PNG (timeout=0s)
2026-06-05 09:06:10 | INFO | my_functions.py:214 | 
⛔ Not found: welcome_back_calendar.PNG after 0.0s region=(0, 0, 765, 1038) confidence=0.8
2026-06-05 09:06:10 | INFO | my_functions.py:248 | [DEBUG] Buscando en paralelo: ['start_the_countdown.PNG'] | timeout=0s | confidence=0.8
2026-06-05 09:06:10 | INFO | my_functions.py:282 | [DEBUG] Click skipped, ninguna de las imágenes se encontró en el intento.
2026-06-05 09:06:11 | INFO | my_functions.py:248 | [DEBUG] Buscando en paralelo: ['event_has_ended_sanctum.PNG'] | timeout=0s | confidence=0.8
2026-06-05 09:06:11 | INFO | my_functions.py:282 | [DEBUG] Click skipped, ninguna de las imágenes se encontró en el intento.
2026-06-05 09:06:12 | INFO | my_functions.py:248 | [DEBUG] Buscando en paralelo: ['event_has_ended_teamclash.PNG'] | timeout=0s | confidence=0.8
2026-06-05 09:06:12 | INFO | my_functions.py:282 | [DEBUG] Click skipped, ninguna de las imágenes se encontró en el intento.
2026-06-05 09:06:13 | INFO | my_functions.py:248 | [DEBUG] Buscando en paralelo: ['image_part_of_event_grand_arena_finished.PNG'] | timeout=0s | confidence=0.8
2026-06-05 09:06:14 | INFO | my_functions.py:282 | [DEBUG] Click skipped, ninguna de las imágenes se encontró en el intento.
2026-06-05 09:06:15 | INFO | my_functions.py:170 | Searching 28_day_event_login_rewards.PNG (timeout=0s)
2026-06-05 09:06:15 | INFO | my_functions.py:214 | 
⛔ Not found: 28_day_event_login_rewards.PNG after 0.0s region=(0, 0, 765, 1038) confidence=0.8
2026-06-05 09:06:15 | INFO | my_functions.py:170 | Searching 7_day_event_login.PNG (timeout=0s)
2026-06-05 09:06:15 | INFO | my_functions.py:214 | 
⛔ Not found: 7_day_event_login.PNG after 0.0s region=(0, 0, 765, 1038) confidence=0.8
2026-06-05 09:06:15 | INFO | my_functions.py:170 | Searching 14_days_event.PNG (timeout=0s)
2026-06-05 09:06:15 | INFO | my_functions.py:214 | 
⛔ Not found: 14_days_event.PNG after 0.0s region=(0, 0, 765, 1038) confidence=0.8
2026-06-05 09:06:15 | INFO | my_functions.py:248 | [DEBUG] Buscando en paralelo: ['lets_go.PNG'] | timeout=0s | confidence=0.8
2026-06-05 09:06:15 | INFO | my_functions.py:282 | [DEBUG] Click skipped, ninguna de las imágenes se encontró en el intento.
2026-06-05 09:06:17 | INFO | my_functions.py:170 | Searching shop_unselected.PNG (timeout=0s)
2026-06-05 09:06:18 | INFO | my_functions.py:214 | 
⛔ Not found: shop_unselected.PNG after 0.0s region=(0, 0, 765, 1038) confidence=0.8
2026-06-05 09:06:18 | INFO | my_functions.py:248 | [DEBUG] Buscando en paralelo: ['super_premium.PNG'] | timeout=0s | confidence=0.8
2026-06-05 09:06:18 | INFO | my_functions.py:282 | [DEBUG] Click skipped, ninguna de las imágenes se encontró en el intento.
2026-06-05 09:06:19 | INFO | my_functions.py:248 | [DEBUG] Buscando en paralelo: ['maybe_later.PNG'] | timeout=0s | confidence=0.8
2026-06-05 09:06:19 | INFO | my_functions.py:282 | [DEBUG] Click skipped, ninguna de las imágenes se encontró en el intento.
2026-06-05 09:06:20 | INFO | my_functions.py:248 | [DEBUG] Buscando en paralelo: ['maybe_later2.PNG'] | timeout=0s | confidence=0.8
2026-06-05 09:06:20 | INFO | my_functions.py:282 | [DEBUG] Click skipped, ninguna de las imágenes se encontró en el intento.
2026-06-05 09:06:21 | INFO | my_functions.py:170 | Searching go_to_shop.PNG (timeout=0s)
2026-06-05 09:06:22 | INFO | my_functions.py:214 | 
⛔ Not found: go_to_shop.PNG after 0.15s region=(0, 0, 765, 1038) confidence=0.8
2026-06-05 09:06:22 | INFO | my_functions.py:248 | [DEBUG] Buscando en paralelo: ['14_days_of_winterverse.PNG'] | timeout=0s | confidence=0.8
2026-06-05 09:06:22 | INFO | my_functions.py:282 | [DEBUG] Click skipped, ninguna de las imágenes se encontró en el intento.
2026-06-05 09:06:23 | INFO | my_functions.py:170 | Searching welcome_back_calendar.PNG (timeout=0s)
2026-06-05 09:06:23 | INFO | my_functions.py:214 | 
⛔ Not found: welcome_back_calendar.PNG after 0.0s region=(0, 0, 765, 1038) confidence=0.8
2026-06-05 09:06:23 | INFO | my_functions.py:248 | [DEBUG] Buscando en paralelo: ['start_the_countdown.PNG'] | timeout=0s | confidence=0.8
2026-06-05 09:06:23 | INFO | my_functions.py:282 | [DEBUG] Click skipped, ninguna de las imágenes se encontró en el intento.
2026-06-05 09:06:24 | INFO | my_functions.py:248 | [DEBUG] Buscando en paralelo: ['event_has_ended_sanctum.PNG'] | timeout=0s | confidence=0.8
2026-06-05 09:06:24 | INFO | my_functions.py:282 | [DEBUG] Click skipped, ninguna de las imágenes se encontró en el intento.
2026-06-05 09:06:26 | INFO | my_functions.py:248 | [DEBUG] Buscando en paralelo: ['event_has_ended_teamclash.PNG'] | timeout=0s | confidence=0.8
2026-06-05 09:06:26 | INFO | my_functions.py:282 | [DEBUG] Click skipped, ninguna de las imágenes se encontró en el intento.
2026-06-05 09:06:27 | INFO | my_functions.py:248 | [DEBUG] Buscando en paralelo: ['image_part_of_event_grand_arena_finished.PNG'] | timeout=0s | confidence=0.8
2026-06-05 09:06:27 | INFO | my_functions.py:282 | [DEBUG] Click skipped, ninguna de las imágenes se encontró en el intento.
2026-06-05 09:06:28 | INFO | my_functions.py:170 | Searching 28_day_event_login_rewards.PNG (timeout=0s)
2026-06-05 09:06:28 | INFO | my_functions.py:214 | 
⛔ Not found: 28_day_event_login_rewards.PNG after 0.0s region=(0, 0, 765, 1038) confidence=0.8
2026-06-05 09:06:28 | INFO | my_functions.py:170 | Searching 7_day_event_login.PNG (timeout=0s)
2026-06-05 09:06:28 | INFO | my_functions.py:214 | 
⛔ Not found: 7_day_event_login.PNG after 0.0s region=(0, 0, 765, 1038) confidence=0.8
2026-06-05 09:06:28 | INFO | my_functions.py:170 | Searching 14_days_event.PNG (timeout=0s)
2026-06-05 09:06:29 | INFO | my_functions.py:214 | 
⛔ Not found: 14_days_event.PNG after 0.0s region=(0, 0, 765, 1038) confidence=0.8
2026-06-05 09:06:29 | INFO | my_functions.py:248 | [DEBUG] Buscando en paralelo: ['lets_go.PNG'] | timeout=0s | confidence=0.8
2026-06-05 09:06:29 | INFO | my_functions.py:282 | [DEBUG] Click skipped, ninguna de las imágenes se encontró en el intento.
2026-06-05 09:06:31 | INFO | my_functions.py:170 | Searching shop_unselected.PNG (timeout=0s)
2026-06-05 09:06:31 | INFO | my_functions.py:214 | 
⛔ Not found: shop_unselected.PNG after 0.0s region=(0, 0, 765, 1038) confidence=0.8
2026-06-05 09:06:31 | INFO | my_functions.py:248 | [DEBUG] Buscando en paralelo: ['super_premium.PNG'] | timeout=0s | confidence=0.8
2026-06-05 09:06:31 | INFO | my_functions.py:282 | [DEBUG] Click skipped, ninguna de las imágenes se encontró en el intento.
2026-06-05 09:06:32 | INFO | my_functions.py:248 | [DEBUG] Buscando en paralelo: ['maybe_later.PNG'] | timeout=0s | confidence=0.8
2026-06-05 09:06:32 | INFO | my_functions.py:282 | [DEBUG] Click skipped, ninguna de las imágenes se encontró en el intento.
2026-06-05 09:06:33 | INFO | my_functions.py:248 | [DEBUG] Buscando en paralelo: ['maybe_later2.PNG'] | timeout=0s | confidence=0.8
2026-06-05 09:06:34 | INFO | my_functions.py:282 | [DEBUG] Click skipped, ninguna de las imágenes se encontró en el intento.
2026-06-05 09:06:35 | INFO | my_functions.py:170 | Searching go_to_shop.PNG (timeout=0s)
2026-06-05 09:06:35 | INFO | my_functions.py:214 | 
⛔ Not found: go_to_shop.PNG after 0.0s region=(0, 0, 765, 1038) confidence=0.8
2026-06-05 09:06:35 | INFO | my_functions.py:248 | [DEBUG] Buscando en paralelo: ['14_days_of_winterverse.PNG'] | timeout=0s | confidence=0.8
2026-06-05 09:06:35 | INFO | my_functions.py:282 | [DEBUG] Click skipped, ninguna de las imágenes se encontró en el intento.
2026-06-05 09:06:36 | INFO | my_functions.py:170 | Searching welcome_back_calendar.PNG (timeout=0s)
2026-06-05 09:06:36 | INFO | my_functions.py:214 | 
⛔ Not found: welcome_back_calendar.PNG after 0.0s region=(0, 0, 765, 1038) confidence=0.8
2026-06-05 09:06:36 | INFO | my_functions.py:248 | [DEBUG] Buscando en paralelo: ['start_the_countdown.PNG'] | timeout=0s | confidence=0.8
2026-06-05 09:06:36 | INFO | my_functions.py:282 | [DEBUG] Click skipped, ninguna de las imágenes se encontró en el intento.
2026-06-05 09:06:38 | INFO | my_functions.py:248 | [DEBUG] Buscando en paralelo: ['event_has_ended_sanctum.PNG'] | timeout=0s | confidence=0.8
2026-06-05 09:06:38 | INFO | my_functions.py:282 | [DEBUG] Click skipped, ninguna de las imágenes se encontró en el intento.
2026-06-05 09:06:39 | INFO | my_functions.py:248 | [DEBUG] Buscando en paralelo: ['event_has_ended_teamclash.PNG'] | timeout=0s | confidence=0.8
2026-06-05 09:06:39 | INFO | my_functions.py:282 | [DEBUG] Click skipped, ninguna de las imágenes se encontró en el intento.
2026-06-05 09:06:40 | INFO | my_functions.py:248 | [DEBUG] Buscando en paralelo: ['image_part_of_event_grand_arena_finished.PNG'] | timeout=0s | confidence=0.8
2026-06-05 09:06:40 | INFO | my_functions.py:282 | [DEBUG] Click skipped, ninguna de las imágenes se encontró en el intento.
2026-06-05 09:06:41 | INFO | my_functions.py:170 | Searching 28_day_event_login_rewards.PNG (timeout=0s)
2026-06-05 09:06:41 | INFO | my_functions.py:214 | 
⛔ Not found: 28_day_event_login_rewards.PNG after 0.0s region=(0, 0, 765, 1038) confidence=0.8
2026-06-05 09:06:41 | INFO | my_functions.py:170 | Searching 7_day_event_login.PNG (timeout=0s)
2026-06-05 09:06:42 | INFO | my_functions.py:214 | 
⛔ Not found: 7_day_event_login.PNG after 0.0s region=(0, 0, 765, 1038) confidence=0.8
2026-06-05 09:06:42 | INFO | my_functions.py:170 | Searching 14_days_event.PNG (timeout=0s)
2026-06-05 09:06:42 | INFO | my_functions.py:214 | 
⛔ Not found: 14_days_event.PNG after 0.0s region=(0, 0, 765, 1038) confidence=0.8
2026-06-05 09:06:42 | INFO | my_functions.py:248 | [DEBUG] Buscando en paralelo: ['lets_go.PNG'] | timeout=0s | confidence=0.8
2026-06-05 09:06:42 | INFO | my_functions.py:282 | [DEBUG] Click skipped, ninguna de las imágenes se encontró en el intento.
2026-06-05 09:06:46 | ERROR | each_eight_hours.py:335 | Unhandled exception occurred
Traceback (most recent call last):
  File "Z:\SHARED FILES VM\MS\each_eight_hours.py", line 152, in <module>
    submissions = count_available_submissions()
                  ^^^^^^^^^^^^^^^^^^^^^^^^^^^^^
  File "Z:\SHARED FILES VM\MS\my_functions.py", line 323, in count_available_submissions
    with open(file_path, 'r', encoding='utf-8-sig') as f:
         ^^^^^^^^^^^^^^^^^^^^^^^^^^^^^^^^^^^^^^^^^^
FileNotFoundError: [Errno 2] No such file or directory: 'C:\\Users\\Farm\\AppData\\LocalLow\\Second Dinner\\SNAP\\Standalone\\States\\nvprod\\MissionState.json'
