2026-07-03 20:05:30 | INFO | each_eight_hours.py:36 | LOG FILE PATH: \\vmware-host\Shared Folders\SHARED FILES VM\MS\logs\each_eight_hours_2026-07-03_20-05-30.log
2026-07-03 20:05:30 | INFO | each_eight_hours.py:37 | Logger initialized
2026-07-03 20:05:30 | INFO | each_eight_hours.py:64 | Script initialized
2026-07-03 20:05:44 | INFO | my_functions.py:56 | ⏳ Esperando WebSocket de OBS...
2026-07-03 20:05:44 | INFO | baseclient.py:33 | Connecting with parameters: host='localhost' port=4455 password='' subs=0 timeout=None
2026-07-03 20:05:44 | INFO | reqs.py:23 | Successfully identified ReqClient with the server using RPC version:1
2026-07-03 20:05:44 | INFO | my_functions.py:62 | ✅ Conectado al OBS WebSocket
2026-07-03 20:05:44 | INFO | my_functions.py:78 | ⏹ Grabación ya estaba activa, deteniéndola...
2026-07-03 20:05:44 | INFO | baseclient.py:33 | Connecting with parameters: host='localhost' port=4455 password='' subs=0 timeout=None
2026-07-03 20:05:44 | INFO | reqs.py:23 | Successfully identified ReqClient with the server using RPC version:1
2026-07-03 20:05:44 | INFO | my_functions.py:93 | Record stopped.
2026-07-03 20:05:56 | INFO | my_functions.py:123 | Archivo renombrado a: C:\Users\Farm\Videos\my_functions_2026-07-03_20-05-56.mkv
2026-07-03 20:05:59 | INFO | my_functions.py:83 | 🎬 Nueva grabación iniciada
2026-07-03 20:06:00 | INFO | each_eight_hours.py:106 | snap.exe terminated if it was running
2026-07-03 20:06:00 | INFO | my_functions.py:1540 | ⏱ Esperando 0.1 segundos antes de empezar...
2026-07-03 20:06:00 | INFO | my_functions.py:1547 | 🔍 Esperando ventana que contenga alguna de: ['py', 'eight_hours'] (máx 20s)
2026-07-03 20:06:00 | INFO | my_functions.py:1559 | ✅ Ventana encontrada: 'each_eight_hours  - Acceso directo'
2026-07-03 20:06:00 | INFO | my_functions.py:1574 | ✅ Ventana seleccionada: 'each_eight_hours  - Acceso directo'
2026-07-03 20:06:02 | INFO | my_functions.py:1597 | 🔁 Reajuste #1...
2026-07-03 20:06:02 | INFO | my_functions.py:1604 | ✔ Verificación completa. Se hicieron 1 reajustes.
2026-07-03 20:06:02 | INFO | each_eight_hours.py:113 | Processing account: john
2026-07-03 20:06:02 | INFO | my_functions.py:1540 | ⏱ Esperando 0.1 segundos antes de empezar...
2026-07-03 20:06:02 | INFO | my_functions.py:1547 | 🔍 Esperando ventana que contenga alguna de: ['SNAP'] (máx 20s)
2026-07-03 20:06:05 | INFO | my_functions.py:1559 | ✅ Ventana encontrada: 'SNAP'
2026-07-03 20:06:05 | INFO | my_functions.py:1574 | ✅ Ventana seleccionada: 'SNAP'
2026-07-03 20:06:07 | INFO | my_functions.py:1597 | 🔁 Reajuste #1...
2026-07-03 20:06:09 | INFO | my_functions.py:1604 | ✔ Verificación completa. Se hicieron 1 reajustes.
2026-07-03 20:06:09 | INFO | my_functions.py:1206 | [DEBUG] Resizing SNAP window...
2026-07-03 20:06:09 | INFO | my_functions.py:1540 | ⏱ Esperando 0.1 segundos antes de empezar...
2026-07-03 20:06:09 | INFO | my_functions.py:1547 | 🔍 Esperando ventana que contenga alguna de: ['SNAP'] (máx 20s)
2026-07-03 20:06:09 | INFO | my_functions.py:1559 | ✅ Ventana encontrada: 'SNAP'
2026-07-03 20:06:09 | INFO | my_functions.py:1574 | ✅ Ventana seleccionada: 'SNAP'
2026-07-03 20:06:16 | INFO | my_functions.py:1606 | ✔ Verificación completa. No hubo cambios después del primer ajuste.
2026-07-03 20:06:16 | INFO | my_functions.py:247 | [DEBUG] Buscando en paralelo: ['small_submit.PNG', 'small_submit_hover.png', 'submit_hover_2.png', 'small_submit_hover_2.png'] | timeout=90s | confidence=0.8
2026-07-03 20:06:18 | INFO | my_functions.py:134 | Haciendo click en la posición (380, 642)
2026-07-03 20:06:18 | INFO | my_functions.py:269 | 🖱️ Click OK (En paralelo): small_submit.PNG at (380, 642) delay=0.2s
2026-07-03 20:06:21 | INFO | my_functions.py:247 | [DEBUG] Buscando en paralelo: ['small_submit.PNG', 'small_submit_hover.png', 'submit_hover_2.png', 'small_submit_hover_2.png'] | timeout=20s | confidence=0.8
2026-07-03 20:06:22 | INFO | my_functions.py:134 | Haciendo click en la posición (380, 721)
2026-07-03 20:06:23 | INFO | my_functions.py:269 | 🖱️ Click OK (En paralelo): small_submit.PNG at (380, 721) delay=0.2s
2026-07-03 20:06:24 | INFO | my_functions.py:1540 | ⏱ Esperando 0.1 segundos antes de empezar...
2026-07-03 20:06:24 | INFO | my_functions.py:1547 | 🔍 Esperando ventana que contenga alguna de: ['SNAP'] (máx 20s)
2026-07-03 20:06:24 | INFO | my_functions.py:1559 | ✅ Ventana encontrada: 'SNAP'
2026-07-03 20:06:24 | INFO | my_functions.py:1574 | ✅ Ventana seleccionada: 'SNAP'
2026-07-03 20:06:27 | INFO | my_functions.py:1606 | ✔ Verificación completa. No hubo cambios después del primer ajuste.
2026-07-03 20:06:27 | INFO | my_functions.py:169 | Searching please_sign.png (timeout=0s)
2026-07-03 20:06:27 | INFO | my_functions.py:213 | 
⛔ Not found: please_sign.png after 0.0s region=(0, 0, 765, 1038) confidence=0.8
2026-07-03 20:06:27 | INFO | my_functions.py:247 | [DEBUG] Buscando en paralelo: ['sign_in_with_google2.PNG'] | timeout=20s | confidence=0.8
2026-07-03 20:06:29 | INFO | my_functions.py:134 | Haciendo click en la posición (406, 957)
2026-07-03 20:06:29 | INFO | my_functions.py:269 | 🖱️ Click OK (En paralelo): sign_in_with_google2.PNG at (406, 957) delay=1s
2026-07-03 20:06:30 | INFO | my_functions.py:169 | Searching pagina_cargada.png (timeout=60s)
2026-07-03 20:06:41 | INFO | my_functions.py:199 | 
✅ Found: pagina_cargada.png pos=(79, 24) time=11.01s confidence=0.8
2026-07-03 20:06:41 | INFO | my_functions.py:247 | [DEBUG] Buscando en paralelo: ['john.png'] | timeout=0s | confidence=0.8
2026-07-03 20:06:45 | INFO | my_functions.py:134 | Haciendo click en la posición (201, 684)
2026-07-03 20:06:46 | INFO | my_functions.py:269 | 🖱️ Click OK (En paralelo): john.png at (201, 684) delay=3s
2026-07-03 20:06:47 | INFO | my_functions.py:169 | Searching marvelsnap_web.png (timeout=30s)
2026-07-03 20:07:18 | INFO | my_functions.py:213 | 
⛔ Not found: marvelsnap_web.png after 30.29s region=(0, 0, 765, 1038) confidence=0.7
2026-07-03 20:07:18 | INFO | my_functions.py:169 | Searching shop_unselected.PNG (timeout=0s)
2026-07-03 20:07:18 | INFO | my_functions.py:213 | 
⛔ Not found: shop_unselected.PNG after 0.0s region=(0, 0, 765, 1038) confidence=0.8
2026-07-03 20:07:18 | INFO | my_functions.py:247 | [DEBUG] Buscando en paralelo: ['super_premium.PNG'] | timeout=0s | confidence=0.8
2026-07-03 20:07:19 | INFO | my_functions.py:281 | [DEBUG] Click skipped, ninguna de las imágenes se encontró en el intento.
2026-07-03 20:07:20 | INFO | my_functions.py:247 | [DEBUG] Buscando en paralelo: ['maybe_later.PNG'] | timeout=0s | confidence=0.8
2026-07-03 20:07:21 | INFO | my_functions.py:281 | [DEBUG] Click skipped, ninguna de las imágenes se encontró en el intento.
2026-07-03 20:07:22 | INFO | my_functions.py:247 | [DEBUG] Buscando en paralelo: ['maybe_later2.PNG'] | timeout=0s | confidence=0.8
2026-07-03 20:07:22 | INFO | my_functions.py:281 | [DEBUG] Click skipped, ninguna de las imágenes se encontró en el intento.
2026-07-03 20:07:23 | INFO | my_functions.py:169 | Searching go_to_shop.PNG (timeout=0s)
2026-07-03 20:07:24 | INFO | my_functions.py:213 | 
⛔ Not found: go_to_shop.PNG after 0.0s region=(0, 0, 765, 1038) confidence=0.8
2026-07-03 20:07:24 | INFO | my_functions.py:247 | [DEBUG] Buscando en paralelo: ['14_days_of_winterverse.PNG'] | timeout=0s | confidence=0.8
2026-07-03 20:07:24 | INFO | my_functions.py:281 | [DEBUG] Click skipped, ninguna de las imágenes se encontró en el intento.
2026-07-03 20:07:25 | INFO | my_functions.py:169 | Searching welcome_back_calendar.PNG (timeout=0s)
2026-07-03 20:07:26 | INFO | my_functions.py:213 | 
⛔ Not found: welcome_back_calendar.PNG after 0.0s region=(0, 0, 765, 1038) confidence=0.8
2026-07-03 20:07:26 | INFO | my_functions.py:247 | [DEBUG] Buscando en paralelo: ['start_the_countdown.PNG'] | timeout=0s | confidence=0.8
2026-07-03 20:07:26 | INFO | my_functions.py:281 | [DEBUG] Click skipped, ninguna de las imágenes se encontró en el intento.
2026-07-03 20:07:27 | INFO | my_functions.py:247 | [DEBUG] Buscando en paralelo: ['event_has_ended_sanctum.PNG'] | timeout=0s | confidence=0.8
2026-07-03 20:07:28 | INFO | my_functions.py:281 | [DEBUG] Click skipped, ninguna de las imágenes se encontró en el intento.
2026-07-03 20:07:29 | INFO | my_functions.py:247 | [DEBUG] Buscando en paralelo: ['event_has_ended_teamclash.PNG'] | timeout=0s | confidence=0.8
2026-07-03 20:07:30 | INFO | my_functions.py:281 | [DEBUG] Click skipped, ninguna de las imágenes se encontró en el intento.
2026-07-03 20:07:31 | INFO | my_functions.py:247 | [DEBUG] Buscando en paralelo: ['image_part_of_event_grand_arena_finished.PNG'] | timeout=0s | confidence=0.8
2026-07-03 20:07:31 | INFO | my_functions.py:281 | [DEBUG] Click skipped, ninguna de las imágenes se encontró en el intento.
2026-07-03 20:07:32 | INFO | my_functions.py:169 | Searching 28_day_event_login_rewards.PNG (timeout=0s)
2026-07-03 20:07:33 | INFO | my_functions.py:213 | 
⛔ Not found: 28_day_event_login_rewards.PNG after 0.0s region=(0, 0, 765, 1038) confidence=0.8
2026-07-03 20:07:33 | INFO | my_functions.py:169 | Searching 7_day_event_login.PNG (timeout=0s)
2026-07-03 20:07:33 | INFO | my_functions.py:213 | 
⛔ Not found: 7_day_event_login.PNG after 0.0s region=(0, 0, 765, 1038) confidence=0.8
2026-07-03 20:07:33 | INFO | my_functions.py:169 | Searching 14_days_event.PNG (timeout=0s)
2026-07-03 20:07:34 | INFO | my_functions.py:213 | 
⛔ Not found: 14_days_event.PNG after 0.0s region=(0, 0, 765, 1038) confidence=0.8
2026-07-03 20:07:34 | INFO | my_functions.py:247 | [DEBUG] Buscando en paralelo: ['lets_go.PNG'] | timeout=0s | confidence=0.8
2026-07-03 20:07:34 | INFO | my_functions.py:281 | [DEBUG] Click skipped, ninguna de las imágenes se encontró en el intento.
2026-07-03 20:07:36 | INFO | my_functions.py:169 | Searching shop_unselected.PNG (timeout=0s)
2026-07-03 20:07:37 | INFO | my_functions.py:213 | 
⛔ Not found: shop_unselected.PNG after 0.0s region=(0, 0, 765, 1038) confidence=0.8
2026-07-03 20:07:37 | INFO | my_functions.py:247 | [DEBUG] Buscando en paralelo: ['super_premium.PNG'] | timeout=0s | confidence=0.8
2026-07-03 20:07:37 | INFO | my_functions.py:281 | [DEBUG] Click skipped, ninguna de las imágenes se encontró en el intento.
2026-07-03 20:07:39 | INFO | my_functions.py:247 | [DEBUG] Buscando en paralelo: ['maybe_later.PNG'] | timeout=0s | confidence=0.8
2026-07-03 20:07:39 | INFO | my_functions.py:281 | [DEBUG] Click skipped, ninguna de las imágenes se encontró en el intento.
2026-07-03 20:07:40 | INFO | my_functions.py:247 | [DEBUG] Buscando en paralelo: ['maybe_later2.PNG'] | timeout=0s | confidence=0.8
2026-07-03 20:07:41 | INFO | my_functions.py:281 | [DEBUG] Click skipped, ninguna de las imágenes se encontró en el intento.
2026-07-03 20:07:42 | INFO | my_functions.py:169 | Searching go_to_shop.PNG (timeout=0s)
2026-07-03 20:07:43 | INFO | my_functions.py:213 | 
⛔ Not found: go_to_shop.PNG after 0.0s region=(0, 0, 765, 1038) confidence=0.8
2026-07-03 20:07:43 | INFO | my_functions.py:247 | [DEBUG] Buscando en paralelo: ['14_days_of_winterverse.PNG'] | timeout=0s | confidence=0.8
2026-07-03 20:07:43 | INFO | my_functions.py:281 | [DEBUG] Click skipped, ninguna de las imágenes se encontró en el intento.
2026-07-03 20:07:44 | INFO | my_functions.py:169 | Searching welcome_back_calendar.PNG (timeout=0s)
2026-07-03 20:07:45 | INFO | my_functions.py:213 | 
⛔ Not found: welcome_back_calendar.PNG after 0.44s region=(0, 0, 765, 1038) confidence=0.8
2026-07-03 20:07:45 | INFO | my_functions.py:247 | [DEBUG] Buscando en paralelo: ['start_the_countdown.PNG'] | timeout=0s | confidence=0.8
2026-07-03 20:07:45 | INFO | my_functions.py:281 | [DEBUG] Click skipped, ninguna de las imágenes se encontró en el intento.
2026-07-03 20:07:47 | INFO | my_functions.py:247 | [DEBUG] Buscando en paralelo: ['event_has_ended_sanctum.PNG'] | timeout=0s | confidence=0.8
2026-07-03 20:07:47 | INFO | my_functions.py:281 | [DEBUG] Click skipped, ninguna de las imágenes se encontró en el intento.
2026-07-03 20:07:48 | INFO | my_functions.py:247 | [DEBUG] Buscando en paralelo: ['event_has_ended_teamclash.PNG'] | timeout=0s | confidence=0.8
2026-07-03 20:07:49 | INFO | my_functions.py:281 | [DEBUG] Click skipped, ninguna de las imágenes se encontró en el intento.
2026-07-03 20:07:50 | INFO | my_functions.py:247 | [DEBUG] Buscando en paralelo: ['image_part_of_event_grand_arena_finished.PNG'] | timeout=0s | confidence=0.8
2026-07-03 20:07:50 | INFO | my_functions.py:281 | [DEBUG] Click skipped, ninguna de las imágenes se encontró en el intento.
2026-07-03 20:07:51 | INFO | my_functions.py:169 | Searching 28_day_event_login_rewards.PNG (timeout=0s)
2026-07-03 20:07:52 | INFO | my_functions.py:213 | 
⛔ Not found: 28_day_event_login_rewards.PNG after 0.0s region=(0, 0, 765, 1038) confidence=0.8
2026-07-03 20:07:52 | INFO | my_functions.py:169 | Searching 7_day_event_login.PNG (timeout=0s)
2026-07-03 20:07:52 | INFO | my_functions.py:213 | 
⛔ Not found: 7_day_event_login.PNG after 0.0s region=(0, 0, 765, 1038) confidence=0.8
2026-07-03 20:07:52 | INFO | my_functions.py:169 | Searching 14_days_event.PNG (timeout=0s)
2026-07-03 20:07:53 | INFO | my_functions.py:213 | 
⛔ Not found: 14_days_event.PNG after 0.0s region=(0, 0, 765, 1038) confidence=0.8
2026-07-03 20:07:53 | INFO | my_functions.py:247 | [DEBUG] Buscando en paralelo: ['lets_go.PNG'] | timeout=0s | confidence=0.8
2026-07-03 20:07:53 | INFO | my_functions.py:281 | [DEBUG] Click skipped, ninguna de las imágenes se encontró en el intento.
2026-07-03 20:07:55 | INFO | my_functions.py:169 | Searching shop_unselected.PNG (timeout=0s)
2026-07-03 20:07:56 | INFO | my_functions.py:213 | 
⛔ Not found: shop_unselected.PNG after 0.0s region=(0, 0, 765, 1038) confidence=0.8
2026-07-03 20:07:56 | INFO | my_functions.py:247 | [DEBUG] Buscando en paralelo: ['super_premium.PNG'] | timeout=0s | confidence=0.8
2026-07-03 20:07:56 | INFO | my_functions.py:281 | [DEBUG] Click skipped, ninguna de las imágenes se encontró en el intento.
2026-07-03 20:07:57 | INFO | my_functions.py:247 | [DEBUG] Buscando en paralelo: ['maybe_later.PNG'] | timeout=0s | confidence=0.8
2026-07-03 20:07:58 | INFO | my_functions.py:281 | [DEBUG] Click skipped, ninguna de las imágenes se encontró en el intento.
2026-07-03 20:07:59 | INFO | my_functions.py:247 | [DEBUG] Buscando en paralelo: ['maybe_later2.PNG'] | timeout=0s | confidence=0.8
2026-07-03 20:08:00 | INFO | my_functions.py:281 | [DEBUG] Click skipped, ninguna de las imágenes se encontró en el intento.
2026-07-03 20:08:01 | INFO | my_functions.py:169 | Searching go_to_shop.PNG (timeout=0s)
2026-07-03 20:08:01 | INFO | my_functions.py:213 | 
⛔ Not found: go_to_shop.PNG after 0.0s region=(0, 0, 765, 1038) confidence=0.8
2026-07-03 20:08:01 | INFO | my_functions.py:247 | [DEBUG] Buscando en paralelo: ['14_days_of_winterverse.PNG'] | timeout=0s | confidence=0.8
2026-07-03 20:08:02 | INFO | my_functions.py:281 | [DEBUG] Click skipped, ninguna de las imágenes se encontró en el intento.
2026-07-03 20:08:03 | INFO | my_functions.py:169 | Searching welcome_back_calendar.PNG (timeout=0s)
2026-07-03 20:08:03 | INFO | my_functions.py:213 | 
⛔ Not found: welcome_back_calendar.PNG after 0.0s region=(0, 0, 765, 1038) confidence=0.8
2026-07-03 20:08:03 | INFO | my_functions.py:247 | [DEBUG] Buscando en paralelo: ['start_the_countdown.PNG'] | timeout=0s | confidence=0.8
2026-07-03 20:08:04 | INFO | my_functions.py:281 | [DEBUG] Click skipped, ninguna de las imágenes se encontró en el intento.
2026-07-03 20:08:05 | INFO | my_functions.py:247 | [DEBUG] Buscando en paralelo: ['event_has_ended_sanctum.PNG'] | timeout=0s | confidence=0.8
2026-07-03 20:08:05 | INFO | my_functions.py:281 | [DEBUG] Click skipped, ninguna de las imágenes se encontró en el intento.
2026-07-03 20:08:06 | INFO | my_functions.py:247 | [DEBUG] Buscando en paralelo: ['event_has_ended_teamclash.PNG'] | timeout=0s | confidence=0.8
2026-07-03 20:08:07 | INFO | my_functions.py:281 | [DEBUG] Click skipped, ninguna de las imágenes se encontró en el intento.
2026-07-03 20:08:08 | INFO | my_functions.py:247 | [DEBUG] Buscando en paralelo: ['image_part_of_event_grand_arena_finished.PNG'] | timeout=0s | confidence=0.8
2026-07-03 20:08:09 | INFO | my_functions.py:281 | [DEBUG] Click skipped, ninguna de las imágenes se encontró en el intento.
2026-07-03 20:08:10 | INFO | my_functions.py:169 | Searching 28_day_event_login_rewards.PNG (timeout=0s)
2026-07-03 20:08:10 | INFO | my_functions.py:213 | 
⛔ Not found: 28_day_event_login_rewards.PNG after 0.0s region=(0, 0, 765, 1038) confidence=0.8
2026-07-03 20:08:10 | INFO | my_functions.py:169 | Searching 7_day_event_login.PNG (timeout=0s)
2026-07-03 20:08:11 | INFO | my_functions.py:213 | 
⛔ Not found: 7_day_event_login.PNG after 0.0s region=(0, 0, 765, 1038) confidence=0.8
2026-07-03 20:08:11 | INFO | my_functions.py:169 | Searching 14_days_event.PNG (timeout=0s)
2026-07-03 20:08:11 | INFO | my_functions.py:213 | 
⛔ Not found: 14_days_event.PNG after 0.01s region=(0, 0, 765, 1038) confidence=0.8
2026-07-03 20:08:11 | INFO | my_functions.py:247 | [DEBUG] Buscando en paralelo: ['lets_go.PNG'] | timeout=0s | confidence=0.8
2026-07-03 20:08:12 | INFO | my_functions.py:281 | [DEBUG] Click skipped, ninguna de las imágenes se encontró en el intento.
2026-07-03 20:08:14 | INFO | my_functions.py:169 | Searching shop_unselected.PNG (timeout=0s)
2026-07-03 20:08:15 | INFO | my_functions.py:213 | 
⛔ Not found: shop_unselected.PNG after 0.0s region=(0, 0, 765, 1038) confidence=0.8
2026-07-03 20:08:15 | INFO | my_functions.py:247 | [DEBUG] Buscando en paralelo: ['super_premium.PNG'] | timeout=0s | confidence=0.8
2026-07-03 20:08:15 | INFO | my_functions.py:281 | [DEBUG] Click skipped, ninguna de las imágenes se encontró en el intento.
2026-07-03 20:08:16 | INFO | my_functions.py:247 | [DEBUG] Buscando en paralelo: ['maybe_later.PNG'] | timeout=0s | confidence=0.8
2026-07-03 20:08:17 | INFO | my_functions.py:281 | [DEBUG] Click skipped, ninguna de las imágenes se encontró en el intento.
2026-07-03 20:08:18 | INFO | my_functions.py:247 | [DEBUG] Buscando en paralelo: ['maybe_later2.PNG'] | timeout=0s | confidence=0.8
2026-07-03 20:08:18 | INFO | my_functions.py:281 | [DEBUG] Click skipped, ninguna de las imágenes se encontró en el intento.
2026-07-03 20:08:20 | INFO | my_functions.py:169 | Searching go_to_shop.PNG (timeout=0s)
2026-07-03 20:08:21 | INFO | my_functions.py:213 | 
⛔ Not found: go_to_shop.PNG after 0.49s region=(0, 0, 765, 1038) confidence=0.8
2026-07-03 20:08:21 | INFO | my_functions.py:247 | [DEBUG] Buscando en paralelo: ['14_days_of_winterverse.PNG'] | timeout=0s | confidence=0.8
2026-07-03 20:08:21 | INFO | my_functions.py:281 | [DEBUG] Click skipped, ninguna de las imágenes se encontró en el intento.
2026-07-03 20:08:22 | INFO | my_functions.py:169 | Searching welcome_back_calendar.PNG (timeout=0s)
2026-07-03 20:08:22 | INFO | my_functions.py:213 | 
⛔ Not found: welcome_back_calendar.PNG after 0.0s region=(0, 0, 765, 1038) confidence=0.8
2026-07-03 20:08:22 | INFO | my_functions.py:247 | [DEBUG] Buscando en paralelo: ['start_the_countdown.PNG'] | timeout=0s | confidence=0.8
2026-07-03 20:08:23 | INFO | my_functions.py:281 | [DEBUG] Click skipped, ninguna de las imágenes se encontró en el intento.
2026-07-03 20:08:24 | INFO | my_functions.py:247 | [DEBUG] Buscando en paralelo: ['event_has_ended_sanctum.PNG'] | timeout=0s | confidence=0.8
2026-07-03 20:08:24 | INFO | my_functions.py:281 | [DEBUG] Click skipped, ninguna de las imágenes se encontró en el intento.
2026-07-03 20:08:26 | INFO | my_functions.py:247 | [DEBUG] Buscando en paralelo: ['event_has_ended_teamclash.PNG'] | timeout=0s | confidence=0.8
2026-07-03 20:08:26 | INFO | my_functions.py:281 | [DEBUG] Click skipped, ninguna de las imágenes se encontró en el intento.
2026-07-03 20:08:27 | INFO | my_functions.py:247 | [DEBUG] Buscando en paralelo: ['image_part_of_event_grand_arena_finished.PNG'] | timeout=0s | confidence=0.8
2026-07-03 20:08:28 | INFO | my_functions.py:281 | [DEBUG] Click skipped, ninguna de las imágenes se encontró en el intento.
2026-07-03 20:08:29 | INFO | my_functions.py:169 | Searching 28_day_event_login_rewards.PNG (timeout=0s)
2026-07-03 20:08:29 | INFO | my_functions.py:213 | 
⛔ Not found: 28_day_event_login_rewards.PNG after 0.0s region=(0, 0, 765, 1038) confidence=0.8
2026-07-03 20:08:29 | INFO | my_functions.py:169 | Searching 7_day_event_login.PNG (timeout=0s)
2026-07-03 20:08:30 | INFO | my_functions.py:213 | 
⛔ Not found: 7_day_event_login.PNG after 0.0s region=(0, 0, 765, 1038) confidence=0.8
2026-07-03 20:08:30 | INFO | my_functions.py:169 | Searching 14_days_event.PNG (timeout=0s)
2026-07-03 20:08:30 | INFO | my_functions.py:213 | 
⛔ Not found: 14_days_event.PNG after 0.0s region=(0, 0, 765, 1038) confidence=0.8
2026-07-03 20:08:30 | INFO | my_functions.py:247 | [DEBUG] Buscando en paralelo: ['lets_go.PNG'] | timeout=0s | confidence=0.8
2026-07-03 20:08:31 | INFO | my_functions.py:281 | [DEBUG] Click skipped, ninguna de las imágenes se encontró en el intento.
2026-07-03 20:08:33 | INFO | my_functions.py:169 | Searching shop_unselected.PNG (timeout=0s)
2026-07-03 20:08:34 | INFO | my_functions.py:213 | 
⛔ Not found: shop_unselected.PNG after 0.0s region=(0, 0, 765, 1038) confidence=0.8
2026-07-03 20:08:34 | INFO | my_functions.py:247 | [DEBUG] Buscando en paralelo: ['super_premium.PNG'] | timeout=0s | confidence=0.8
2026-07-03 20:08:34 | INFO | my_functions.py:281 | [DEBUG] Click skipped, ninguna de las imágenes se encontró en el intento.
2026-07-03 20:08:35 | INFO | my_functions.py:247 | [DEBUG] Buscando en paralelo: ['maybe_later.PNG'] | timeout=0s | confidence=0.8
2026-07-03 20:08:36 | INFO | my_functions.py:281 | [DEBUG] Click skipped, ninguna de las imágenes se encontró en el intento.
2026-07-03 20:08:37 | INFO | my_functions.py:247 | [DEBUG] Buscando en paralelo: ['maybe_later2.PNG'] | timeout=0s | confidence=0.8
2026-07-03 20:08:38 | INFO | my_functions.py:281 | [DEBUG] Click skipped, ninguna de las imágenes se encontró en el intento.
2026-07-03 20:08:39 | INFO | my_functions.py:169 | Searching go_to_shop.PNG (timeout=0s)
2026-07-03 20:08:39 | INFO | my_functions.py:213 | 
⛔ Not found: go_to_shop.PNG after 0.0s region=(0, 0, 765, 1038) confidence=0.8
2026-07-03 20:08:39 | INFO | my_functions.py:247 | [DEBUG] Buscando en paralelo: ['14_days_of_winterverse.PNG'] | timeout=0s | confidence=0.8
2026-07-03 20:08:39 | INFO | my_functions.py:281 | [DEBUG] Click skipped, ninguna de las imágenes se encontró en el intento.
2026-07-03 20:08:41 | INFO | my_functions.py:169 | Searching welcome_back_calendar.PNG (timeout=0s)
2026-07-03 20:08:41 | INFO | my_functions.py:213 | 
⛔ Not found: welcome_back_calendar.PNG after 0.0s region=(0, 0, 765, 1038) confidence=0.8
2026-07-03 20:08:41 | INFO | my_functions.py:247 | [DEBUG] Buscando en paralelo: ['start_the_countdown.PNG'] | timeout=0s | confidence=0.8
2026-07-03 20:08:41 | INFO | my_functions.py:281 | [DEBUG] Click skipped, ninguna de las imágenes se encontró en el intento.
2026-07-03 20:08:43 | INFO | my_functions.py:247 | [DEBUG] Buscando en paralelo: ['event_has_ended_sanctum.PNG'] | timeout=0s | confidence=0.8
2026-07-03 20:08:43 | INFO | my_functions.py:281 | [DEBUG] Click skipped, ninguna de las imágenes se encontró en el intento.
2026-07-03 20:08:44 | INFO | my_functions.py:247 | [DEBUG] Buscando en paralelo: ['event_has_ended_teamclash.PNG'] | timeout=0s | confidence=0.8
2026-07-03 20:08:45 | INFO | my_functions.py:281 | [DEBUG] Click skipped, ninguna de las imágenes se encontró en el intento.
2026-07-03 20:08:46 | INFO | my_functions.py:247 | [DEBUG] Buscando en paralelo: ['image_part_of_event_grand_arena_finished.PNG'] | timeout=0s | confidence=0.8
2026-07-03 20:08:46 | INFO | my_functions.py:281 | [DEBUG] Click skipped, ninguna de las imágenes se encontró en el intento.
2026-07-03 20:08:47 | INFO | my_functions.py:169 | Searching 28_day_event_login_rewards.PNG (timeout=0s)
2026-07-03 20:08:48 | INFO | my_functions.py:213 | 
⛔ Not found: 28_day_event_login_rewards.PNG after 0.0s region=(0, 0, 765, 1038) confidence=0.8
2026-07-03 20:08:48 | INFO | my_functions.py:169 | Searching 7_day_event_login.PNG (timeout=0s)
2026-07-03 20:08:48 | INFO | my_functions.py:213 | 
⛔ Not found: 7_day_event_login.PNG after 0.0s region=(0, 0, 765, 1038) confidence=0.8
2026-07-03 20:08:48 | INFO | my_functions.py:169 | Searching 14_days_event.PNG (timeout=0s)
2026-07-03 20:08:49 | INFO | my_functions.py:213 | 
⛔ Not found: 14_days_event.PNG after 0.0s region=(0, 0, 765, 1038) confidence=0.8
2026-07-03 20:08:49 | INFO | my_functions.py:247 | [DEBUG] Buscando en paralelo: ['lets_go.PNG'] | timeout=0s | confidence=0.8
2026-07-03 20:08:49 | INFO | my_functions.py:281 | [DEBUG] Click skipped, ninguna de las imágenes se encontró en el intento.
2026-07-03 20:08:56 | ERROR | each_eight_hours.py:292 | Unhandled exception occurred
Traceback (most recent call last):
  File "Z:\SHARED FILES VM\MS\each_eight_hours.py", line 120, in <module>
    submissions = count_available_submissions()
                  ^^^^^^^^^^^^^^^^^^^^^^^^^^^^^
  File "Z:\SHARED FILES VM\MS\my_functions.py", line 526, in count_available_submissions
    with open(file_path, 'r', encoding='utf-8-sig') as f:
         ^^^^^^^^^^^^^^^^^^^^^^^^^^^^^^^^^^^^^^^^^^
FileNotFoundError: [Errno 2] No such file or directory: 'C:\\Users\\Farm\\AppData\\LocalLow\\Second Dinner\\SNAP\\Standalone\\States\\nvprod\\MissionState.json'
