2026-06-10 14:00:43 | INFO | each_eight_hours.py:36 | LOG FILE PATH: \\vmware-host\Shared Folders\SHARED FILES VM\MS\logs\each_eight_hours_2026-06-10_14-00-43.log
2026-06-10 14:00:43 | INFO | each_eight_hours.py:37 | Logger initialized
2026-06-10 14:00:43 | INFO | each_eight_hours.py:64 | Script initialized
2026-06-10 14:01:05 | INFO | each_eight_hours.py:105 | snap.exe terminated if it was running
2026-06-10 14:01:05 | INFO | my_functions.py:56 | ⏳ Esperando WebSocket de OBS...
2026-06-10 14:01:11 | INFO | baseclient.py:33 | Connecting with parameters: host='localhost' port=4455 password='' subs=0 timeout=None
2026-06-10 14:01:11 | INFO | reqs.py:23 | Successfully identified ReqClient with the server using RPC version:1
2026-06-10 14:01:11 | INFO | my_functions.py:62 | ✅ Conectado al OBS WebSocket
2026-06-10 14:01:11 | ERROR | reqs.py:59 | OBSSDKRequestError: Request GetRecordStatus returned code 207. With message: OBS is not ready to perform the request.
Traceback (most recent call last):
  File "C:\Users\Farm\AppData\Local\Programs\Python\Python311\Lib\site-packages\obsws_python\reqs.py", line 53, in send
    raise OBSSDKRequestError(
obsws_python.error.OBSSDKRequestError: Request GetRecordStatus returned code 207. With message: OBS is not ready to perform the request.
2026-06-10 14:01:12 | INFO | my_functions.py:87 | 🎬 Grabación iniciada
2026-06-10 14:01:12 | INFO | my_functions.py:1522 | ⏱ Esperando 0.1 segundos antes de empezar...
2026-06-10 14:01:12 | INFO | my_functions.py:1529 | 🔍 Esperando ventana que contenga alguna de: ['py', 'eight_hours'] (máx 20s)
2026-06-10 14:01:12 | INFO | my_functions.py:1541 | ✅ Ventana encontrada: 'each_eight_hours  - Acceso directo'
2026-06-10 14:01:12 | INFO | my_functions.py:1556 | ✅ Ventana seleccionada: 'each_eight_hours  - Acceso directo'
2026-06-10 14:01:14 | INFO | my_functions.py:1579 | 🔁 Reajuste #1...
2026-06-10 14:01:14 | INFO | my_functions.py:1586 | ✔ Verificación completa. Se hicieron 1 reajustes.
2026-06-10 14:01:14 | INFO | each_eight_hours.py:113 | Processing account: jeremy
2026-06-10 14:01:14 | INFO | my_functions.py:1522 | ⏱ Esperando 0.1 segundos antes de empezar...
2026-06-10 14:01:14 | INFO | my_functions.py:1529 | 🔍 Esperando ventana que contenga alguna de: ['SNAP'] (máx 20s)
2026-06-10 14:01:19 | INFO | my_functions.py:1541 | ✅ Ventana encontrada: 'SNAP'
2026-06-10 14:01:19 | INFO | my_functions.py:1556 | ✅ Ventana seleccionada: 'SNAP'
2026-06-10 14:01:21 | INFO | my_functions.py:1579 | 🔁 Reajuste #1...
2026-06-10 14:01:25 | INFO | my_functions.py:1586 | ✔ Verificación completa. Se hicieron 1 reajustes.
2026-06-10 14:01:25 | INFO | my_functions.py:1205 | [DEBUG] Resizing SNAP window...
2026-06-10 14:01:25 | INFO | my_functions.py:1522 | ⏱ Esperando 0.1 segundos antes de empezar...
2026-06-10 14:01:25 | INFO | my_functions.py:1529 | 🔍 Esperando ventana que contenga alguna de: ['SNAP'] (máx 20s)
2026-06-10 14:01:25 | INFO | my_functions.py:1541 | ✅ Ventana encontrada: 'SNAP'
2026-06-10 14:01:25 | INFO | my_functions.py:1556 | ✅ Ventana seleccionada: 'SNAP'
2026-06-10 14:01:28 | INFO | my_functions.py:1588 | ✔ Verificación completa. No hubo cambios después del primer ajuste.
2026-06-10 14:01:28 | INFO | my_functions.py:247 | [DEBUG] Buscando en paralelo: ['small_submit.PNG', 'small_submit_hover.png', 'submit_hover_2.png', 'small_submit_hover_2.png'] | timeout=90s | confidence=0.8
2026-06-10 14:01:35 | INFO | my_functions.py:134 | Haciendo click en la posición (380, 642)
2026-06-10 14:01:36 | INFO | my_functions.py:269 | 🖱️ Click OK (En paralelo): small_submit.PNG at (380, 642) delay=0.2s
2026-06-10 14:01:39 | INFO | my_functions.py:247 | [DEBUG] Buscando en paralelo: ['small_submit.PNG', 'small_submit_hover.png', 'submit_hover_2.png', 'small_submit_hover_2.png'] | timeout=20s | confidence=0.8
2026-06-10 14:01:40 | INFO | my_functions.py:134 | Haciendo click en la posición (380, 721)
2026-06-10 14:01:40 | INFO | my_functions.py:269 | 🖱️ Click OK (En paralelo): small_submit.PNG at (380, 721) delay=0.2s
2026-06-10 14:01:42 | INFO | my_functions.py:1522 | ⏱ Esperando 0.1 segundos antes de empezar...
2026-06-10 14:01:42 | INFO | my_functions.py:1529 | 🔍 Esperando ventana que contenga alguna de: ['SNAP'] (máx 20s)
2026-06-10 14:01:42 | INFO | my_functions.py:1541 | ✅ Ventana encontrada: 'SNAP'
2026-06-10 14:01:42 | INFO | my_functions.py:1556 | ✅ Ventana seleccionada: 'SNAP'
2026-06-10 14:01:45 | INFO | my_functions.py:1588 | ✔ Verificación completa. No hubo cambios después del primer ajuste.
2026-06-10 14:01:45 | INFO | my_functions.py:169 | Searching please_sign.png (timeout=0s)
2026-06-10 14:01:45 | INFO | my_functions.py:213 | 
⛔ Not found: please_sign.png after 0.0s region=(0, 0, 765, 1038) confidence=0.8
2026-06-10 14:01:45 | INFO | my_functions.py:247 | [DEBUG] Buscando en paralelo: ['sign_in_with_google2.PNG'] | timeout=20s | confidence=0.8
2026-06-10 14:01:47 | INFO | my_functions.py:134 | Haciendo click en la posición (406, 957)
2026-06-10 14:01:47 | INFO | my_functions.py:269 | 🖱️ Click OK (En paralelo): sign_in_with_google2.PNG at (406, 957) delay=1s
2026-06-10 14:01:48 | INFO | my_functions.py:169 | Searching pagina_cargada.png (timeout=60s)
2026-06-10 14:02:00 | INFO | my_functions.py:199 | 
✅ Found: pagina_cargada.png pos=(70, 24) time=11.64s confidence=0.8
2026-06-10 14:02:00 | INFO | my_functions.py:247 | [DEBUG] Buscando en paralelo: ['jeremy.png'] | timeout=0s | confidence=0.8
2026-06-10 14:02:01 | INFO | my_functions.py:281 | [DEBUG] Click skipped, ninguna de las imágenes se encontró en el intento.
2026-06-10 14:02:03 | INFO | my_functions.py:247 | [DEBUG] Buscando en paralelo: ['jeremy.png'] | timeout=0s | confidence=0.8
2026-06-10 14:02:07 | INFO | my_functions.py:134 | Haciendo click en la posición (1143, 645)
2026-06-10 14:02:07 | INFO | my_functions.py:269 | 🖱️ Click OK (En paralelo): jeremy.png at (1143, 645) delay=3s
