2026-05-31 04:34:50 | INFO | each_eight_hours.py:39 | LOG FILE PATH: \\vmware-host\Shared Folders\SHARED FILES VM\MS\logs\each_eight_hours_2026-05-31_04-34-50.log
2026-05-31 04:34:50 | INFO | each_eight_hours.py:40 | Logger initialized
2026-05-31 04:34:50 | INFO | each_eight_hours.py:67 | Script initialized
2026-05-31 04:34:52 | INFO | each_eight_hours.py:128 | snap.exe terminated if it was running
2026-05-31 04:34:53 | INFO | my_functions.py:57 | ⏳ Esperando WebSocket de OBS...
2026-05-31 04:35:01 | INFO | baseclient.py:33 | Connecting with parameters: host='localhost' port=4455 password='' subs=0 timeout=None
2026-05-31 04:35:01 | INFO | reqs.py:23 | Successfully identified ReqClient with the server using RPC version:1
2026-05-31 04:35:01 | INFO | my_functions.py:63 | ✅ Conectado al OBS WebSocket
2026-05-31 04:35:01 | ERROR | reqs.py:59 | OBSSDKRequestError: Request GetRecordStatus returned code 207. With message: OBS is not ready to perform the request.
Traceback (most recent call last):
  File "C:\Users\Farm\AppData\Local\Programs\Python\Python311\Lib\site-packages\obsws_python\reqs.py", line 53, in send
    raise OBSSDKRequestError(
obsws_python.error.OBSSDKRequestError: Request GetRecordStatus returned code 207. With message: OBS is not ready to perform the request.
2026-05-31 04:35:02 | INFO | my_functions.py:88 | 🎬 Grabación iniciada
2026-05-31 04:35:03 | INFO | my_functions.py:1287 | ⏱ Esperando 0.1 segundos antes de empezar...
2026-05-31 04:35:03 | INFO | my_functions.py:1294 | 🔍 Esperando ventana que contenga alguna de: ['py', 'eight_hours'] (máx 20s)
2026-05-31 04:35:03 | INFO | my_functions.py:1306 | ✅ Ventana encontrada: 'each_eight_hours  - Acceso directo'
2026-05-31 04:35:03 | INFO | my_functions.py:1321 | ✅ Ventana seleccionada: 'each_eight_hours  - Acceso directo'
2026-05-31 04:35:05 | INFO | my_functions.py:1344 | 🔁 Reajuste #1...
2026-05-31 04:35:05 | INFO | my_functions.py:1351 | ✔ Verificación completa. Se hicieron 1 reajustes.
2026-05-31 04:35:35 | INFO | my_functions.py:2117 | Starting Steam window scan
2026-05-31 04:35:35 | INFO | my_functions.py:2120 | Found window: 
2026-05-31 04:35:35 | INFO | my_functions.py:2120 | Found window: each_eight_hours  - Acceso directo
2026-05-31 04:35:35 | INFO | my_functions.py:2120 | Found window: 
2026-05-31 04:35:35 | INFO | my_functions.py:2120 | Found window: 
2026-05-31 04:35:35 | INFO | my_functions.py:2120 | Found window: 
2026-05-31 04:35:35 | INFO | my_functions.py:2120 | Found window: 
2026-05-31 04:35:35 | INFO | my_functions.py:2120 | Found window: RivaTunerStatisticsServer
2026-05-31 04:35:35 | INFO | my_functions.py:2120 | Found window: Program Manager
2026-05-31 04:35:35 | INFO | each_eight_hours.py:139 | Processing account: jeremy
2026-05-31 04:35:35 | INFO | each_eight_hours.py:142 | Game relaunched for account
2026-05-31 04:35:35 | INFO | my_functions.py:1287 | ⏱ Esperando 0.1 segundos antes de empezar...
2026-05-31 04:35:35 | INFO | my_functions.py:1294 | 🔍 Esperando ventana que contenga alguna de: ['SNAP'] (máx 20s)
2026-05-31 04:35:39 | INFO | my_functions.py:1306 | ✅ Ventana encontrada: 'SNAP'
2026-05-31 04:35:39 | INFO | my_functions.py:1321 | ✅ Ventana seleccionada: 'SNAP'
2026-05-31 04:35:41 | INFO | my_functions.py:1344 | 🔁 Reajuste #1...
2026-05-31 04:35:44 | INFO | my_functions.py:1351 | ✔ Verificación completa. Se hicieron 1 reajustes.
2026-05-31 04:35:44 | INFO | my_functions.py:991 | [DEBUG] Resizing SNAP window...
2026-05-31 04:35:44 | INFO | my_functions.py:1287 | ⏱ Esperando 0.1 segundos antes de empezar...
2026-05-31 04:35:44 | INFO | my_functions.py:1294 | 🔍 Esperando ventana que contenga alguna de: ['SNAP'] (máx 20s)
2026-05-31 04:35:44 | INFO | my_functions.py:1306 | ✅ Ventana encontrada: 'SNAP'
2026-05-31 04:35:44 | INFO | my_functions.py:1321 | ✅ Ventana seleccionada: 'SNAP'
2026-05-31 04:35:47 | INFO | my_functions.py:1353 | ✔ Verificación completa. No hubo cambios después del primer ajuste.
2026-05-31 04:35:47 | INFO | my_functions.py:248 | [DEBUG] Buscando en paralelo: ['small_submit.PNG', 'small_submit_hover.png', 'submit_hover_2.png', 'small_submit_hover_2.png'] | timeout=90s | confidence=0.8
2026-05-31 04:35:50 | INFO | my_functions.py:135 | Haciendo click en la posición (380, 642)
2026-05-31 04:35:51 | INFO | my_functions.py:270 | 🖱️ Click OK (En paralelo): small_submit.PNG at (380, 642) delay=0.2s
2026-05-31 04:35:54 | INFO | my_functions.py:248 | [DEBUG] Buscando en paralelo: ['small_submit.PNG', 'small_submit_hover.png', 'submit_hover_2.png', 'small_submit_hover_2.png'] | timeout=20s | confidence=0.8
2026-05-31 04:35:54 | INFO | my_functions.py:135 | Haciendo click en la posición (380, 721)
2026-05-31 04:35:54 | INFO | my_functions.py:270 | 🖱️ Click OK (En paralelo): small_submit.PNG at (380, 721) delay=0.2s
2026-05-31 04:35:56 | INFO | my_functions.py:1287 | ⏱ Esperando 0.1 segundos antes de empezar...
2026-05-31 04:35:56 | INFO | my_functions.py:1294 | 🔍 Esperando ventana que contenga alguna de: ['SNAP'] (máx 20s)
2026-05-31 04:35:56 | INFO | my_functions.py:1306 | ✅ Ventana encontrada: 'SNAP'
2026-05-31 04:35:56 | INFO | my_functions.py:1321 | ✅ Ventana seleccionada: 'SNAP'
2026-05-31 04:35:58 | INFO | my_functions.py:1344 | 🔁 Reajuste #1...
2026-05-31 04:35:59 | INFO | my_functions.py:1351 | ✔ Verificación completa. Se hicieron 1 reajustes.
2026-05-31 04:35:59 | INFO | my_functions.py:170 | Searching please_sign.png (timeout=0s)
2026-05-31 04:35:59 | INFO | my_functions.py:200 | 
✅ Found: please_sign.png pos=(383, 438) time=0.18s confidence=0.8
2026-05-31 04:35:59 | INFO | my_functions.py:248 | [DEBUG] Buscando en paralelo: ['ok_btn.png'] | timeout=20s | confidence=0.8
2026-05-31 04:36:00 | INFO | my_functions.py:135 | Haciendo click en la posición (382, 634)
2026-05-31 04:36:00 | INFO | my_functions.py:270 | 🖱️ Click OK (En paralelo): ok_btn.png at (382, 634) delay=1s
2026-05-31 04:36:01 | INFO | my_functions.py:248 | [DEBUG] Buscando en paralelo: ['small_submit.PNG', 'small_submit_hover.png', 'submit_hover_2.png', 'small_submit_hover_2.png'] | timeout=90s | confidence=0.8
2026-05-31 04:36:03 | INFO | my_functions.py:135 | Haciendo click en la posición (383, 643)
2026-05-31 04:36:03 | INFO | my_functions.py:270 | 🖱️ Click OK (En paralelo): small_submit_hover_2.png at (383, 643) delay=0.2s
2026-05-31 04:36:04 | INFO | my_functions.py:248 | [DEBUG] Buscando en paralelo: ['small_submit.PNG', 'small_submit_hover.png', 'submit_hover_2.png', 'small_submit_hover_2.png'] | timeout=20s | confidence=0.8
2026-05-31 04:36:05 | INFO | my_functions.py:135 | Haciendo click en la posición (380, 721)
2026-05-31 04:36:05 | INFO | my_functions.py:270 | 🖱️ Click OK (En paralelo): small_submit.PNG at (380, 721) delay=0.2s
2026-05-31 04:36:06 | INFO | my_functions.py:170 | Searching sign_in_with_google2.PNG (timeout=90s)
2026-05-31 04:36:06 | INFO | my_functions.py:200 | 
✅ Found: sign_in_with_google2.PNG pos=(406, 957) time=0.17s confidence=0.8
2026-05-31 04:36:06 | INFO | my_functions.py:248 | [DEBUG] Buscando en paralelo: ['sign_in_with_google2.PNG'] | timeout=20s | confidence=0.8
2026-05-31 04:36:07 | INFO | my_functions.py:135 | Haciendo click en la posición (406, 957)
2026-05-31 04:36:07 | INFO | my_functions.py:270 | 🖱️ Click OK (En paralelo): sign_in_with_google2.PNG at (406, 957) delay=1s
2026-05-31 04:36:09 | INFO | my_functions.py:248 | [DEBUG] Buscando en paralelo: ['jeremy.png'] | timeout=30s | confidence=0.8
2026-05-31 04:36:39 | INFO | my_functions.py:282 | [DEBUG] Click skipped, ninguna de las imágenes se encontró en el intento.
2026-05-31 04:36:41 | INFO | my_functions.py:248 | [DEBUG] Buscando en paralelo: ['jeremy.png'] | timeout=0s | confidence=0.8
2026-05-31 04:36:44 | INFO | my_functions.py:135 | Haciendo click en la posición (1143, 645)
2026-05-31 04:36:44 | INFO | my_functions.py:270 | 🖱️ Click OK (En paralelo): jeremy.png at (1143, 645) delay=3s
2026-05-31 04:36:45 | INFO | my_functions.py:170 | Searching marvelsnap_web.png (timeout=30s)
2026-05-31 04:36:49 | INFO | my_functions.py:200 | 
✅ Found: marvelsnap_web.png pos=(258, 80) time=3.93s confidence=0.7
2026-05-31 04:36:49 | INFO | my_functions.py:170 | Searching shop_unselected.PNG (timeout=0s)
2026-05-31 04:36:50 | INFO | my_functions.py:214 | 
⛔ Not found: shop_unselected.PNG after 0.0s region=(0, 0, 765, 1038) confidence=0.8
2026-05-31 04:36:50 | INFO | my_functions.py:248 | [DEBUG] Buscando en paralelo: ['super_premium.PNG'] | timeout=0s | confidence=0.8
2026-05-31 04:36:50 | INFO | my_functions.py:282 | [DEBUG] Click skipped, ninguna de las imágenes se encontró en el intento.
2026-05-31 04:36:51 | INFO | my_functions.py:248 | [DEBUG] Buscando en paralelo: ['maybe_later.PNG'] | timeout=0s | confidence=0.8
2026-05-31 04:36:51 | INFO | my_functions.py:282 | [DEBUG] Click skipped, ninguna de las imágenes se encontró en el intento.
2026-05-31 04:36:52 | INFO | my_functions.py:248 | [DEBUG] Buscando en paralelo: ['maybe_later2.PNG'] | timeout=0s | confidence=0.8
2026-05-31 04:36:53 | INFO | my_functions.py:282 | [DEBUG] Click skipped, ninguna de las imágenes se encontró en el intento.
2026-05-31 04:36:54 | INFO | my_functions.py:170 | Searching go_to_shop.PNG (timeout=0s)
2026-05-31 04:36:54 | INFO | my_functions.py:214 | 
⛔ Not found: go_to_shop.PNG after 0.0s region=(0, 0, 765, 1038) confidence=0.8
2026-05-31 04:36:54 | INFO | my_functions.py:248 | [DEBUG] Buscando en paralelo: ['14_days_of_winterverse.PNG'] | timeout=0s | confidence=0.8
2026-05-31 04:36:54 | INFO | my_functions.py:282 | [DEBUG] Click skipped, ninguna de las imágenes se encontró en el intento.
2026-05-31 04:36:55 | INFO | my_functions.py:170 | Searching welcome_back_calendar.PNG (timeout=0s)
2026-05-31 04:36:55 | INFO | my_functions.py:214 | 
⛔ Not found: welcome_back_calendar.PNG after 0.0s region=(0, 0, 765, 1038) confidence=0.8
2026-05-31 04:36:55 | INFO | my_functions.py:248 | [DEBUG] Buscando en paralelo: ['start_the_countdown.PNG'] | timeout=0s | confidence=0.8
2026-05-31 04:36:56 | INFO | my_functions.py:282 | [DEBUG] Click skipped, ninguna de las imágenes se encontró en el intento.
2026-05-31 04:36:57 | INFO | my_functions.py:248 | [DEBUG] Buscando en paralelo: ['event_has_ended_sanctum.PNG'] | timeout=0s | confidence=0.8
2026-05-31 04:36:57 | INFO | my_functions.py:282 | [DEBUG] Click skipped, ninguna de las imágenes se encontró en el intento.
2026-05-31 04:36:58 | INFO | my_functions.py:248 | [DEBUG] Buscando en paralelo: ['image_part_of_event_grand_arena_finished.PNG'] | timeout=0s | confidence=0.8
2026-05-31 04:36:58 | INFO | my_functions.py:282 | [DEBUG] Click skipped, ninguna de las imágenes se encontró en el intento.
2026-05-31 04:36:59 | INFO | my_functions.py:170 | Searching 28_day_event_login_rewards.PNG (timeout=0s)
2026-05-31 04:37:00 | INFO | my_functions.py:214 | 
⛔ Not found: 28_day_event_login_rewards.PNG after 0.0s region=(0, 0, 765, 1038) confidence=0.8
2026-05-31 04:37:00 | INFO | my_functions.py:170 | Searching 7_day_event_login.PNG (timeout=0s)
2026-05-31 04:37:00 | INFO | my_functions.py:214 | 
⛔ Not found: 7_day_event_login.PNG after 0.01s region=(0, 0, 765, 1038) confidence=0.8
2026-05-31 04:37:00 | INFO | my_functions.py:170 | Searching 14_days_event.PNG (timeout=0s)
2026-05-31 04:37:00 | INFO | my_functions.py:214 | 
⛔ Not found: 14_days_event.PNG after 0.0s region=(0, 0, 765, 1038) confidence=0.8
2026-05-31 04:37:00 | INFO | my_functions.py:248 | [DEBUG] Buscando en paralelo: ['lets_go.PNG'] | timeout=0s | confidence=0.8
2026-05-31 04:37:01 | INFO | my_functions.py:282 | [DEBUG] Click skipped, ninguna de las imágenes se encontró en el intento.
2026-05-31 04:37:03 | INFO | my_functions.py:170 | Searching shop_unselected.PNG (timeout=0s)
2026-05-31 04:37:03 | INFO | my_functions.py:200 | 
✅ Found: shop_unselected.PNG pos=(88, 961) time=0.21s confidence=0.8
2026-05-31 04:37:11 | INFO | my_functions.py:170 | Searching shop_unselected.PNG (timeout=0s)
2026-05-31 04:37:11 | INFO | my_functions.py:200 | 
✅ Found: shop_unselected.PNG pos=(89, 961) time=0.18s confidence=0.8
2026-05-31 04:37:11 | INFO | my_functions.py:518 | Ya esta listo
2026-05-31 04:37:13 | INFO | my_functions.py:330 | AVAILABLE: 5
2026-05-31 04:37:13 | INFO | my_functions.py:352 | Misiones completadas: 0
2026-05-31 04:37:13 | INFO | my_functions.py:170 | Searching play.PNG (timeout=0s)
2026-05-31 04:37:13 | INFO | my_functions.py:200 | 
✅ Found: play.PNG pos=(384, 824) time=0.23s confidence=0.8
2026-05-31 04:37:14 | INFO | my_functions.py:1182 | [INFO] Click realizado donde se equipa el deck a jugar
2026-05-31 04:37:18 | INFO | my_functions.py:248 | [DEBUG] Buscando en paralelo: ['deck_666666.png'] | timeout=3s | confidence=0.8
2026-05-31 04:37:19 | INFO | my_functions.py:135 | Haciendo click en la posición (235, 546)
2026-05-31 04:37:19 | INFO | my_functions.py:270 | 🖱️ Click OK (En paralelo): deck_666666.png at (235, 546) delay=1s
2026-05-31 04:37:20 | INFO | my_functions.py:248 | [DEBUG] Buscando en paralelo: ['equip.png'] | timeout=3s | confidence=0.95
2026-05-31 04:37:21 | INFO | my_functions.py:135 | Haciendo click en la posición (548, 983)
2026-05-31 04:37:22 | INFO | my_functions.py:270 | 🖱️ Click OK (En paralelo): equip.png at (548, 983) delay=1s
2026-05-31 04:37:23 | INFO | each_eight_hours.py:166 | Deck selected: 6turns
2026-05-31 04:37:23 | INFO | my_functions.py:248 | [DEBUG] Buscando en paralelo: ['maybe_later.PNG'] | timeout=2s | confidence=0.8
2026-05-31 04:37:25 | INFO | my_functions.py:282 | [DEBUG] Click skipped, ninguna de las imágenes se encontró en el intento.
2026-05-31 04:37:26 | INFO | my_functions.py:248 | [DEBUG] Buscando en paralelo: ['maybe_later2.PNG'] | timeout=0.01s | confidence=0.8
2026-05-31 04:37:26 | INFO | my_functions.py:282 | [DEBUG] Click skipped, ninguna de las imágenes se encontró en el intento.
2026-05-31 04:37:27 | INFO | each_eight_hours.py:192 | Starting game loop 1
2026-05-31 04:37:27 | INFO | my_functions.py:248 | [DEBUG] Buscando en paralelo: ['play.PNG'] | timeout=20s | confidence=0.8
2026-05-31 04:37:30 | INFO | my_functions.py:135 | Haciendo click en la posición (384, 824)
2026-05-31 04:37:31 | INFO | my_functions.py:270 | 🖱️ Click OK (En paralelo): play.PNG at (384, 824) delay=3s
2026-05-31 04:37:58 | INFO | my_functions.py:200 | 
✅ Found: end_turn.PNG pos=(681, 945) time=0.18s confidence=0.8
2026-05-31 04:37:58 | INFO | my_functions.py:248 | [DEBUG] Buscando en paralelo: ['snap.PNG'] | timeout=0s | confidence=0.8
2026-05-31 04:37:59 | INFO | my_functions.py:135 | Haciendo click en la posición (386, 123)
2026-05-31 04:37:59 | INFO | my_functions.py:270 | 🖱️ Click OK (En paralelo): snap.PNG at (386, 123) delay=1s
2026-05-31 04:38:06 | INFO | my_functions.py:135 | Haciendo click en la posición (681, 945)
2026-05-31 04:38:07 | INFO | each_eight_hours.py:208 | End turn executed
2026-05-31 04:38:25 | INFO | my_functions.py:200 | 
✅ Found: end_turn.PNG pos=(682, 946) time=0.18s confidence=0.8
2026-05-31 04:38:25 | INFO | my_functions.py:248 | [DEBUG] Buscando en paralelo: ['snap.PNG'] | timeout=0s | confidence=0.8
2026-05-31 04:38:25 | INFO | my_functions.py:282 | [DEBUG] Click skipped, ninguna de las imágenes se encontró en el intento.
2026-05-31 04:38:31 | INFO | my_functions.py:135 | Haciendo click en la posición (682, 946)
2026-05-31 04:38:32 | INFO | each_eight_hours.py:208 | End turn executed
2026-05-31 04:38:43 | INFO | my_functions.py:200 | 
✅ Found: end_turn.PNG pos=(681, 945) time=0.2s confidence=0.8
2026-05-31 04:38:43 | INFO | my_functions.py:248 | [DEBUG] Buscando en paralelo: ['snap.PNG'] | timeout=0s | confidence=0.8
2026-05-31 04:38:43 | INFO | my_functions.py:282 | [DEBUG] Click skipped, ninguna de las imágenes se encontró en el intento.
2026-05-31 04:38:49 | INFO | my_functions.py:135 | Haciendo click en la posición (681, 945)
2026-05-31 04:38:51 | INFO | each_eight_hours.py:208 | End turn executed
2026-05-31 04:39:42 | INFO | my_functions.py:200 | 
✅ Found: end_turn.PNG pos=(682, 946) time=0.18s confidence=0.8
2026-05-31 04:39:42 | INFO | my_functions.py:248 | [DEBUG] Buscando en paralelo: ['snap.PNG'] | timeout=0s | confidence=0.8
2026-05-31 04:39:42 | INFO | my_functions.py:282 | [DEBUG] Click skipped, ninguna de las imágenes se encontró en el intento.
2026-05-31 04:39:48 | INFO | my_functions.py:135 | Haciendo click en la posición (682, 946)
2026-05-31 04:39:49 | INFO | each_eight_hours.py:208 | End turn executed
2026-05-31 04:40:01 | INFO | my_functions.py:200 | 
✅ Found: end_turn.PNG pos=(682, 945) time=0.17s confidence=0.8
2026-05-31 04:40:01 | INFO | my_functions.py:248 | [DEBUG] Buscando en paralelo: ['snap.PNG'] | timeout=0s | confidence=0.8
2026-05-31 04:40:01 | INFO | my_functions.py:282 | [DEBUG] Click skipped, ninguna de las imágenes se encontró en el intento.
2026-05-31 04:40:07 | INFO | my_functions.py:135 | Haciendo click en la posición (682, 945)
2026-05-31 04:40:08 | INFO | each_eight_hours.py:208 | End turn executed
2026-05-31 04:40:20 | INFO | my_functions.py:200 | 
✅ Found: end_turn.PNG pos=(682, 946) time=0.16s confidence=0.8
2026-05-31 04:40:20 | INFO | my_functions.py:248 | [DEBUG] Buscando en paralelo: ['snap.PNG'] | timeout=0s | confidence=0.8
2026-05-31 04:40:20 | INFO | my_functions.py:282 | [DEBUG] Click skipped, ninguna de las imágenes se encontró en el intento.
2026-05-31 04:40:26 | INFO | my_functions.py:135 | Haciendo click en la posición (682, 946)
2026-05-31 04:40:27 | INFO | each_eight_hours.py:208 | End turn executed
2026-05-31 04:40:31 | INFO | my_functions.py:200 | 
✅ Found: never_seen_before.png pos=(395, 141) time=0.17s confidence=0.8
2026-05-31 04:40:32 | WARNING | each_eight_hours.py:221 | Unknown popup handled
2026-05-31 04:40:49 | INFO | my_functions.py:200 | 
✅ Found: collect_rewards.PNG pos=(679, 963) time=0.2s confidence=0.8
2026-05-31 04:40:49 | INFO | each_eight_hours.py:247 | Rewards detected, exiting match
2026-05-31 04:40:49 | INFO | my_functions.py:248 | [DEBUG] Buscando en paralelo: ['collect_rewards.PNG'] | timeout=20s | confidence=0.8
2026-05-31 04:40:50 | INFO | my_functions.py:135 | Haciendo click en la posición (679, 958)
2026-05-31 04:40:50 | INFO | my_functions.py:270 | 🖱️ Click OK (En paralelo): collect_rewards.PNG at (679, 958) delay=1s
2026-05-31 04:40:51 | INFO | my_functions.py:248 | [DEBUG] Buscando en paralelo: ['next.PNG'] | timeout=20s | confidence=0.8
2026-05-31 04:40:55 | INFO | my_functions.py:135 | Haciendo click en la posición (677, 973)
2026-05-31 04:40:55 | INFO | my_functions.py:270 | 🖱️ Click OK (En paralelo): next.PNG at (677, 973) delay=1s
2026-05-31 04:40:58 | INFO | my_functions.py:330 | AVAILABLE: 5
2026-05-31 04:40:58 | INFO | each_eight_hours.py:314 | Submissions after match: 5
2026-05-31 04:40:58 | INFO | my_functions.py:352 | Misiones completadas: 1
2026-05-31 04:40:58 | INFO | each_eight_hours.py:322 | Submission condition met, breaking loop
2026-05-31 04:40:58 | INFO | my_functions.py:248 | [DEBUG] Buscando en paralelo: ['missionsNotify2.png'] | timeout=20s | confidence=0.8
2026-05-31 04:41:01 | INFO | my_functions.py:135 | Haciendo click en la posición (538, 124)
2026-05-31 04:41:01 | INFO | my_functions.py:270 | 🖱️ Click OK (En paralelo): missionsNotify2.png at (538, 124) delay=3s
2026-05-31 04:41:02 | INFO | my_functions.py:1212 | [INFO] Iniciando click_missions_blue2
2026-05-31 04:41:02 | INFO | my_functions.py:135 | Haciendo click en la posición (150, 132)
2026-05-31 04:41:04 | INFO | my_functions.py:1215 | [ACTION] Click hecho en icono de calendario que me dirige a las misiones ordinarias
2026-05-31 04:41:04 | INFO | my_functions.py:170 | Searching bonus_challenge.png (timeout=0s)
2026-05-31 04:41:04 | INFO | my_functions.py:214 | 
⛔ Not found: bonus_challenge.png after 0.0s region=(0, 0, 765, 1038) confidence=0.8
2026-05-31 04:41:06 | INFO | my_functions.py:135 | Haciendo click en la posición (362, 493)
2026-05-31 04:41:07 | INFO | my_functions.py:1228 | [ACTION] Click 1/1 en misión azul
2026-05-31 04:41:07 | INFO | my_functions.py:170 | Searching flechita_mission.PNG (timeout=0s)
2026-05-31 04:41:08 | INFO | my_functions.py:214 | 
⛔ Not found: flechita_mission.PNG after 0.0s region=(0, 0, 765, 1038) confidence=0.8
2026-05-31 04:41:08 | INFO | my_functions.py:248 | [DEBUG] Buscando en paralelo: ['weekly3.PNG'] | timeout=0s | confidence=0.8
2026-05-31 04:41:08 | INFO | my_functions.py:135 | Haciendo click en la posición (485, 266)
2026-05-31 04:41:08 | INFO | my_functions.py:270 | 🖱️ Click OK (En paralelo): weekly3.PNG at (485, 266) delay=0.1s
2026-05-31 04:41:09 | INFO | my_functions.py:248 | [DEBUG] Buscando en paralelo: ['claim!.PNG'] | timeout=0s | confidence=0.8
2026-05-31 04:41:10 | INFO | my_functions.py:135 | Haciendo click en la posición (381, 924)
2026-05-31 04:41:10 | INFO | my_functions.py:270 | 🖱️ Click OK (En paralelo): claim!.PNG at (381, 924) delay=0.2s
2026-05-31 04:41:11 | INFO | my_functions.py:248 | [DEBUG] Buscando en paralelo: ['claim_hover.PNG'] | timeout=0s | confidence=0.8
2026-05-31 04:41:11 | INFO | my_functions.py:135 | Haciendo click en la posición (383, 921)
2026-05-31 04:41:12 | INFO | my_functions.py:270 | 🖱️ Click OK (En paralelo): claim_hover.PNG at (383, 921) delay=0.2s
2026-05-31 04:41:13 | INFO | my_functions.py:248 | [DEBUG] Buscando en paralelo: ['claim!.PNG'] | timeout=0s | confidence=0.8
2026-05-31 04:41:13 | INFO | my_functions.py:282 | [DEBUG] Click skipped, ninguna de las imágenes se encontró en el intento.
2026-05-31 04:41:14 | INFO | my_functions.py:248 | [DEBUG] Buscando en paralelo: ['claim_hover.PNG'] | timeout=0s | confidence=0.8
2026-05-31 04:41:14 | INFO | my_functions.py:135 | Haciendo click en la posición (383, 921)
2026-05-31 04:41:15 | INFO | my_functions.py:270 | 🖱️ Click OK (En paralelo): claim_hover.PNG at (383, 921) delay=0.2s
2026-05-31 04:41:16 | INFO | my_functions.py:248 | [DEBUG] Buscando en paralelo: ['weekly3.PNG'] | timeout=0s | confidence=0.8
2026-05-31 04:41:16 | INFO | my_functions.py:282 | [DEBUG] Click skipped, ninguna de las imágenes se encontró en el intento.
2026-05-31 04:41:17 | INFO | my_functions.py:248 | [DEBUG] Buscando en paralelo: ['weekly3.PNG'] | timeout=0s | confidence=0.8
2026-05-31 04:41:17 | INFO | my_functions.py:282 | [DEBUG] Click skipped, ninguna de las imágenes se encontró en el intento.
2026-05-31 04:41:18 | INFO | my_functions.py:135 | Haciendo click en la posición (557, 64)
2026-05-31 04:41:20 | INFO | my_functions.py:248 | [DEBUG] Buscando en paralelo: ['cards_shop.PNG'] | timeout=20s | confidence=0.8
2026-05-31 04:41:21 | INFO | my_functions.py:135 | Haciendo click en la posición (568, 121)
2026-05-31 04:41:21 | INFO | my_functions.py:270 | 🖱️ Click OK (En paralelo): cards_shop.PNG at (568, 121) delay=1s
2026-05-31 04:41:22 | INFO | my_functions.py:248 | [DEBUG] Buscando en paralelo: ['token_icon.PNG'] | timeout=20s | confidence=0.8
2026-05-31 04:41:25 | INFO | my_functions.py:135 | Haciendo click en la posición (680, 171)
2026-05-31 04:41:25 | INFO | my_functions.py:270 | 🖱️ Click OK (En paralelo): token_icon.PNG at (680, 171) delay=1s
2026-05-31 04:41:28 | INFO | my_functions.py:248 | [DEBUG] Buscando en paralelo: ['claim!_token_3.PNG'] | timeout=4s | confidence=0.8
2026-05-31 04:41:32 | INFO | my_functions.py:282 | [DEBUG] Click skipped, ninguna de las imágenes se encontró en el intento.
2026-05-31 04:41:33 | INFO | my_functions.py:248 | [DEBUG] Buscando en paralelo: ['offers.PNG'] | timeout=0.1s | confidence=0.8
2026-05-31 04:41:34 | INFO | my_functions.py:135 | Haciendo click en la posición (197, 121)
2026-05-31 04:41:34 | INFO | my_functions.py:270 | 🖱️ Click OK (En paralelo): offers.PNG at (197, 121) delay=1s
2026-05-31 04:41:36 | INFO | my_functions.py:248 | [DEBUG] Buscando en paralelo: ['credits_selected.png'] | timeout=0.1s | confidence=0.8
2026-05-31 04:41:36 | INFO | my_functions.py:282 | [DEBUG] Click skipped, ninguna de las imágenes se encontró en el intento.
2026-05-31 04:41:37 | INFO | my_functions.py:248 | [DEBUG] Buscando en paralelo: ['credits.PNG'] | timeout=0.1s | confidence=0.95
2026-05-31 04:41:38 | INFO | my_functions.py:135 | Haciendo click en la posición (442, 172)
2026-05-31 04:41:38 | INFO | my_functions.py:270 | 🖱️ Click OK (En paralelo): credits.PNG at (442, 172) delay=1s
2026-05-31 04:41:41 | INFO | my_functions.py:248 | [DEBUG] Buscando en paralelo: ['claim_25_credits.png'] | timeout=2s | confidence=0.8
2026-05-31 04:41:42 | INFO | my_functions.py:135 | Haciendo click en la posición (236, 328)
2026-05-31 04:41:42 | INFO | my_functions.py:270 | 🖱️ Click OK (En paralelo): claim_25_credits.png at (236, 328) delay=1s
2026-05-31 04:41:44 | INFO | my_functions.py:248 | [DEBUG] Buscando en paralelo: ['cards_shop.PNG'] | timeout=20s | confidence=0.8
2026-05-31 04:42:04 | INFO | my_functions.py:282 | [DEBUG] Click skipped, ninguna de las imágenes se encontró en el intento.
2026-05-31 04:42:05 | INFO | my_functions.py:248 | [DEBUG] Buscando en paralelo: ['offers.PNG'] | timeout=20s | confidence=0.8
2026-05-31 04:42:25 | INFO | my_functions.py:282 | [DEBUG] Click skipped, ninguna de las imágenes se encontró en el intento.
2026-05-31 04:42:26 | INFO | my_functions.py:1112 | [INFO] Iniciando mejora de cartas
2026-05-31 04:42:26 | INFO | my_functions.py:248 | [DEBUG] Buscando en paralelo: ['upgrade_cards_icon.PNG'] | timeout=20s | confidence=0.8
2026-05-31 04:42:46 | INFO | my_functions.py:282 | [DEBUG] Click skipped, ninguna de las imágenes se encontró en el intento.
2026-05-31 04:42:47 | INFO | my_functions.py:1116 | [INFO] Abriendo icono de upgrade_cards
2026-05-31 04:42:48 | INFO | my_functions.py:1122 | [STEP] Mejorando carta 1
2026-05-31 04:42:48 | INFO | my_functions.py:1126 | [ACTION] Click en carta 1
2026-05-31 04:42:49 | INFO | my_functions.py:1131 | [ACTION] Click en botón upgrade
2026-05-31 04:42:56 | INFO | my_functions.py:248 | [DEBUG] Buscando en paralelo: ['you_need_more_credits!.png'] | timeout=3s | confidence=0.8
2026-05-31 04:43:00 | INFO | my_functions.py:282 | [DEBUG] Click skipped, ninguna de las imágenes se encontró en el intento.
2026-05-31 04:43:06 | INFO | my_functions.py:1146 | [ACTION] Click para continuar a stage de nivel de coleccion
2026-05-31 04:43:11 | INFO | my_functions.py:143 | Presionando ESC (1/1)
2026-05-31 04:43:12 | INFO | my_functions.py:1151 | [ACTION] Saliendo de stage nivel de coleccion con ESC
2026-05-31 04:43:13 | INFO | my_functions.py:248 | [DEBUG] Buscando en paralelo: ['upgrade_cards_icon_selected.PNG'] | timeout=0s | confidence=0.8
2026-05-31 04:43:13 | INFO | my_functions.py:282 | [DEBUG] Click skipped, ninguna de las imágenes se encontró en el intento.
2026-05-31 04:43:14 | INFO | my_functions.py:248 | [DEBUG] Buscando en paralelo: ['upgrade_cards_icon.PNG'] | timeout=0s | confidence=0.8
2026-05-31 04:43:14 | INFO | my_functions.py:282 | [DEBUG] Click skipped, ninguna de las imágenes se encontró en el intento.
2026-05-31 04:43:15 | INFO | my_functions.py:248 | [DEBUG] Buscando en paralelo: ['upgrade_cards_icon_selected.PNG'] | timeout=0s | confidence=0.8
2026-05-31 04:43:15 | INFO | my_functions.py:282 | [DEBUG] Click skipped, ninguna de las imágenes se encontró en el intento.
2026-05-31 04:43:16 | INFO | my_functions.py:248 | [DEBUG] Buscando en paralelo: ['upgrade_cards_icon.PNG'] | timeout=0s | confidence=0.8
2026-05-31 04:43:17 | INFO | my_functions.py:282 | [DEBUG] Click skipped, ninguna de las imágenes se encontró en el intento.
2026-05-31 04:43:18 | INFO | my_functions.py:1171 | [INFO] Reabriendo icono de upgrade_cards
2026-05-31 04:43:19 | INFO | my_functions.py:1122 | [STEP] Mejorando carta 2
2026-05-31 04:43:19 | INFO | my_functions.py:1126 | [ACTION] Click en carta 2
2026-05-31 04:43:20 | INFO | my_functions.py:1131 | [ACTION] Click en botón upgrade
2026-05-31 04:43:27 | INFO | my_functions.py:248 | [DEBUG] Buscando en paralelo: ['you_need_more_credits!.png'] | timeout=3s | confidence=0.8
2026-05-31 04:43:30 | INFO | my_functions.py:282 | [DEBUG] Click skipped, ninguna de las imágenes se encontró en el intento.
2026-05-31 04:43:36 | INFO | my_functions.py:1146 | [ACTION] Click para continuar a stage de nivel de coleccion
2026-05-31 04:43:41 | INFO | my_functions.py:143 | Presionando ESC (1/1)
2026-05-31 04:43:42 | INFO | my_functions.py:1151 | [ACTION] Saliendo de stage nivel de coleccion con ESC
2026-05-31 04:43:43 | INFO | my_functions.py:248 | [DEBUG] Buscando en paralelo: ['upgrade_cards_icon_selected.PNG'] | timeout=0s | confidence=0.8
2026-05-31 04:43:43 | INFO | my_functions.py:282 | [DEBUG] Click skipped, ninguna de las imágenes se encontró en el intento.
2026-05-31 04:43:44 | INFO | my_functions.py:248 | [DEBUG] Buscando en paralelo: ['upgrade_cards_icon.PNG'] | timeout=0s | confidence=0.8
2026-05-31 04:43:45 | INFO | my_functions.py:282 | [DEBUG] Click skipped, ninguna de las imágenes se encontró en el intento.
2026-05-31 04:43:46 | INFO | my_functions.py:248 | [DEBUG] Buscando en paralelo: ['upgrade_cards_icon_selected.PNG'] | timeout=0s | confidence=0.8
2026-05-31 04:43:46 | INFO | my_functions.py:282 | [DEBUG] Click skipped, ninguna de las imágenes se encontró en el intento.
2026-05-31 04:43:47 | INFO | my_functions.py:248 | [DEBUG] Buscando en paralelo: ['upgrade_cards_icon.PNG'] | timeout=0s | confidence=0.8
2026-05-31 04:43:47 | INFO | my_functions.py:282 | [DEBUG] Click skipped, ninguna de las imágenes se encontró en el intento.
2026-05-31 04:43:48 | INFO | my_functions.py:1171 | [INFO] Reabriendo icono de upgrade_cards
2026-05-31 04:43:49 | INFO | my_functions.py:1122 | [STEP] Mejorando carta 3
2026-05-31 04:43:49 | INFO | my_functions.py:1126 | [ACTION] Click en carta 3
2026-05-31 04:43:50 | INFO | my_functions.py:1131 | [ACTION] Click en botón upgrade
2026-05-31 04:43:58 | INFO | my_functions.py:248 | [DEBUG] Buscando en paralelo: ['you_need_more_credits!.png'] | timeout=3s | confidence=0.8
2026-05-31 04:44:01 | INFO | my_functions.py:282 | [DEBUG] Click skipped, ninguna de las imágenes se encontró en el intento.
2026-05-31 04:44:07 | INFO | my_functions.py:1146 | [ACTION] Click para continuar a stage de nivel de coleccion
2026-05-31 04:44:12 | INFO | my_functions.py:143 | Presionando ESC (1/1)
2026-05-31 04:44:13 | INFO | my_functions.py:1151 | [ACTION] Saliendo de stage nivel de coleccion con ESC
2026-05-31 04:44:14 | INFO | my_functions.py:1174 | [INFO] Mejora de cartas completada ✅
2026-05-31 04:44:14 | INFO | my_functions.py:143 | Presionando ESC (1/1)
2026-05-31 04:44:14 | INFO | my_functions.py:248 | [DEBUG] Buscando en paralelo: ['nut.png'] | timeout=20s | confidence=0.8
2026-05-31 04:44:34 | INFO | my_functions.py:282 | [DEBUG] Click skipped, ninguna de las imágenes se encontró en el intento.
2026-05-31 04:44:35 | INFO | my_functions.py:248 | [DEBUG] Buscando en paralelo: ['graphics_quality.png'] | timeout=3s | confidence=0.8
2026-05-31 04:44:39 | INFO | my_functions.py:282 | [DEBUG] Click skipped, ninguna de las imágenes se encontró en el intento.
2026-05-31 04:44:41 | INFO | my_functions.py:248 | [DEBUG] Buscando en paralelo: ['sign_out.png'] | timeout=20s | confidence=0.8
2026-05-31 04:45:01 | INFO | my_functions.py:282 | [DEBUG] Click skipped, ninguna de las imágenes se encontró en el intento.
2026-05-31 04:45:03 | INFO | my_functions.py:248 | [DEBUG] Buscando en paralelo: ['sign_out_grande.png'] | timeout=20s | confidence=0.8
2026-05-31 04:45:23 | INFO | my_functions.py:282 | [DEBUG] Click skipped, ninguna de las imágenes se encontró en el intento.
2026-05-31 04:45:24 | INFO | my_functions.py:248 | [DEBUG] Buscando en paralelo: ['sign_out2.png'] | timeout=20s | confidence=0.8
2026-05-31 04:45:44 | INFO | my_functions.py:282 | [DEBUG] Click skipped, ninguna de las imágenes se encontró en el intento.
2026-05-31 04:45:46 | INFO | my_functions.py:1287 | ⏱ Esperando 0.1 segundos antes de empezar...
2026-05-31 04:45:46 | INFO | my_functions.py:1294 | 🔍 Esperando ventana que contenga alguna de: SNAP (máx 20s)
2026-05-31 04:45:46 | INFO | my_functions.py:1306 | ✅ Ventana encontrada: 'SNAP'
2026-05-31 04:45:46 | INFO | my_functions.py:1321 | ✅ Ventana seleccionada: 'SNAP'
2026-05-31 04:45:50 | INFO | my_functions.py:1353 | ✔ Verificación completa. No hubo cambios después del primer ajuste.
2026-05-31 04:45:54 | INFO | each_eight_hours.py:139 | Processing account: reeps_vm
2026-05-31 04:45:54 | INFO | each_eight_hours.py:142 | Game relaunched for account
2026-05-31 04:45:54 | INFO | my_functions.py:1287 | ⏱ Esperando 0.1 segundos antes de empezar...
2026-05-31 04:45:54 | INFO | my_functions.py:1294 | 🔍 Esperando ventana que contenga alguna de: ['SNAP'] (máx 20s)
2026-05-31 04:45:59 | INFO | my_functions.py:1306 | ✅ Ventana encontrada: 'SNAP'
2026-05-31 04:45:59 | INFO | my_functions.py:1321 | ✅ Ventana seleccionada: 'SNAP'
2026-05-31 04:46:01 | INFO | my_functions.py:1353 | ✔ Verificación completa. No hubo cambios después del primer ajuste.
2026-05-31 04:46:01 | INFO | my_functions.py:991 | [DEBUG] Resizing SNAP window...
2026-05-31 04:46:01 | INFO | my_functions.py:1287 | ⏱ Esperando 0.1 segundos antes de empezar...
2026-05-31 04:46:01 | INFO | my_functions.py:1294 | 🔍 Esperando ventana que contenga alguna de: ['SNAP'] (máx 20s)
2026-05-31 04:46:01 | INFO | my_functions.py:1306 | ✅ Ventana encontrada: 'SNAP'
2026-05-31 04:46:01 | INFO | my_functions.py:1321 | ✅ Ventana seleccionada: 'SNAP'
2026-05-31 04:46:04 | INFO | my_functions.py:1353 | ✔ Verificación completa. No hubo cambios después del primer ajuste.
2026-05-31 04:46:04 | INFO | my_functions.py:248 | [DEBUG] Buscando en paralelo: ['small_submit.PNG', 'small_submit_hover.png', 'submit_hover_2.png', 'small_submit_hover_2.png'] | timeout=90s | confidence=0.8
2026-05-31 04:47:35 | INFO | my_functions.py:282 | [DEBUG] Click skipped, ninguna de las imágenes se encontró en el intento.
2026-05-31 04:47:38 | INFO | my_functions.py:248 | [DEBUG] Buscando en paralelo: ['small_submit.PNG', 'small_submit_hover.png', 'submit_hover_2.png', 'small_submit_hover_2.png'] | timeout=20s | confidence=0.8
2026-05-31 04:47:59 | INFO | my_functions.py:282 | [DEBUG] Click skipped, ninguna de las imágenes se encontró en el intento.
2026-05-31 04:48:00 | INFO | my_functions.py:1287 | ⏱ Esperando 0.1 segundos antes de empezar...
2026-05-31 04:48:00 | INFO | my_functions.py:1294 | 🔍 Esperando ventana que contenga alguna de: ['SNAP'] (máx 20s)
2026-05-31 04:48:00 | INFO | my_functions.py:1306 | ✅ Ventana encontrada: 'SNAP'
2026-05-31 04:48:00 | INFO | my_functions.py:1321 | ✅ Ventana seleccionada: 'SNAP'
2026-05-31 04:48:03 | INFO | my_functions.py:1353 | ✔ Verificación completa. No hubo cambios después del primer ajuste.
2026-05-31 04:48:03 | INFO | my_functions.py:170 | Searching please_sign.png (timeout=0s)
2026-05-31 04:48:03 | INFO | my_functions.py:214 | 
⛔ Not found: please_sign.png after 0.0s region=(0, 0, 765, 1038) confidence=0.8
2026-05-31 04:48:03 | INFO | my_functions.py:170 | Searching sign_in_with_google2.PNG (timeout=90s)
2026-05-31 04:49:33 | INFO | my_functions.py:214 | 
⛔ Not found: sign_in_with_google2.PNG after 90.03s region=(0, 0, 765, 1038) confidence=0.8
2026-05-31 04:49:33 | INFO | my_functions.py:248 | [DEBUG] Buscando en paralelo: ['sign_in_with_google2.PNG'] | timeout=20s | confidence=0.8
2026-05-31 04:49:53 | INFO | my_functions.py:282 | [DEBUG] Click skipped, ninguna de las imágenes se encontró en el intento.
2026-05-31 04:49:54 | INFO | my_functions.py:248 | [DEBUG] Buscando en paralelo: ['reeps_vm.png'] | timeout=30s | confidence=0.8
2026-05-31 04:50:25 | INFO | my_functions.py:282 | [DEBUG] Click skipped, ninguna de las imágenes se encontró en el intento.
2026-05-31 04:50:26 | INFO | my_functions.py:248 | [DEBUG] Buscando en paralelo: ['reeps_vm.png'] | timeout=0s | confidence=0.8
2026-05-31 04:50:27 | INFO | my_functions.py:282 | [DEBUG] Click skipped, ninguna de las imágenes se encontró en el intento.
2026-05-31 04:50:29 | INFO | my_functions.py:248 | [DEBUG] Buscando en paralelo: ['reeps_vm.png'] | timeout=0s | confidence=0.8
2026-05-31 04:50:29 | INFO | my_functions.py:282 | [DEBUG] Click skipped, ninguna de las imágenes se encontró en el intento.
2026-05-31 04:50:31 | INFO | my_functions.py:248 | [DEBUG] Buscando en paralelo: ['reeps_vm.png'] | timeout=0s | confidence=0.8
2026-05-31 04:50:31 | INFO | my_functions.py:282 | [DEBUG] Click skipped, ninguna de las imágenes se encontró en el intento.
2026-05-31 04:50:32 | INFO | my_functions.py:170 | Searching marvelsnap_web.png (timeout=30s)
2026-05-31 04:51:02 | INFO | my_functions.py:214 | 
⛔ Not found: marvelsnap_web.png after 30.09s region=(0, 0, 765, 1038) confidence=0.7
2026-05-31 04:51:02 | INFO | my_functions.py:170 | Searching shop_unselected.PNG (timeout=0s)
2026-05-31 04:51:03 | INFO | my_functions.py:200 | 
✅ Found: shop_unselected.PNG pos=(88, 961) time=0.19s confidence=0.8
2026-05-31 04:51:11 | INFO | my_functions.py:170 | Searching shop_unselected.PNG (timeout=0s)
2026-05-31 04:51:11 | INFO | my_functions.py:200 | 
✅ Found: shop_unselected.PNG pos=(88, 961) time=0.16s confidence=0.8
2026-05-31 04:51:11 | INFO | my_functions.py:518 | Ya esta listo
2026-05-31 04:51:13 | INFO | my_functions.py:330 | AVAILABLE: 4
2026-05-31 04:51:13 | INFO | each_eight_hours.py:168 | Entering shop to claim credits
2026-05-31 04:51:13 | INFO | my_functions.py:248 | [DEBUG] Buscando en paralelo: ['shop_unselected.PNG'] | timeout=20s | confidence=0.8
2026-05-31 04:51:14 | INFO | my_functions.py:135 | Haciendo click en la posición (88, 961)
2026-05-31 04:51:14 | INFO | my_functions.py:270 | 🖱️ Click OK (En paralelo): shop_unselected.PNG at (88, 961) delay=1s
2026-05-31 04:51:15 | INFO | my_functions.py:248 | [DEBUG] Buscando en paralelo: ['offers.PNG', 'offers_selected.PNG'] | timeout=20s | confidence=0.8
2026-05-31 04:51:17 | INFO | my_functions.py:135 | Haciendo click en la posición (197, 122)
2026-05-31 04:51:17 | INFO | my_functions.py:270 | 🖱️ Click OK (En paralelo): offers.PNG at (197, 122) delay=1s
2026-05-31 04:51:18 | INFO | my_functions.py:248 | [DEBUG] Buscando en paralelo: ['credits_selected.png', 'credits.PNG'] | timeout=3s | confidence=0.8
2026-05-31 04:51:19 | INFO | my_functions.py:135 | Haciendo click en la posición (173, 64)
2026-05-31 04:51:20 | INFO | my_functions.py:270 | 🖱️ Click OK (En paralelo): credits.PNG at (173, 64) delay=1s
2026-05-31 04:51:22 | INFO | my_functions.py:248 | [DEBUG] Buscando en paralelo: ['claim_25_credits.png'] | timeout=3s | confidence=0.8
2026-05-31 04:51:23 | INFO | my_functions.py:135 | Haciendo click en la posición (236, 328)
2026-05-31 04:51:24 | INFO | my_functions.py:270 | 🖱️ Click OK (En paralelo): claim_25_credits.png at (236, 328) delay=1s
2026-05-31 04:51:25 | INFO | my_functions.py:170 | Searching aw_snap.png (timeout=5s)
2026-05-31 04:51:30 | INFO | my_functions.py:214 | 
⛔ Not found: aw_snap.png after 5.04s region=(0, 0, 765, 1038) confidence=0.8
2026-05-31 04:51:30 | INFO | my_functions.py:143 | Presionando ESC (1/1)
2026-05-31 04:51:31 | INFO | my_functions.py:248 | [DEBUG] Buscando en paralelo: ['white_x.png'] | timeout=2s | confidence=0.8
2026-05-31 04:51:33 | INFO | my_functions.py:282 | [DEBUG] Click skipped, ninguna de las imágenes se encontró en el intento.
2026-05-31 04:51:34 | INFO | my_functions.py:248 | [DEBUG] Buscando en paralelo: ['nut.png'] | timeout=20s | confidence=0.8
2026-05-31 04:51:35 | INFO | my_functions.py:135 | Haciendo click en la posición (184, 78)
2026-05-31 04:51:35 | INFO | my_functions.py:270 | 🖱️ Click OK (En paralelo): nut.png at (184, 78) delay=1s
2026-05-31 04:51:36 | INFO | my_functions.py:248 | [DEBUG] Buscando en paralelo: ['graphics_quality.png'] | timeout=3s | confidence=0.8
2026-05-31 04:51:37 | INFO | my_functions.py:135 | Haciendo click en la posición (304, 644)
2026-05-31 04:51:38 | INFO | my_functions.py:270 | 🖱️ Click OK (En paralelo): graphics_quality.png at (304, 644) delay=1s
2026-05-31 04:51:40 | INFO | my_functions.py:248 | [DEBUG] Buscando en paralelo: ['sign_out.png'] | timeout=20s | confidence=0.8
2026-05-31 04:51:41 | INFO | my_functions.py:135 | Haciendo click en la posición (380, 796)
2026-05-31 04:51:41 | INFO | my_functions.py:270 | 🖱️ Click OK (En paralelo): sign_out.png at (380, 796) delay=1s
2026-05-31 04:51:43 | INFO | my_functions.py:248 | [DEBUG] Buscando en paralelo: ['sign_out_grande.png'] | timeout=20s | confidence=0.8
2026-05-31 04:51:44 | INFO | my_functions.py:135 | Haciendo click en la posición (359, 437)
2026-05-31 04:51:45 | INFO | my_functions.py:270 | 🖱️ Click OK (En paralelo): sign_out_grande.png at (359, 437) delay=1s
2026-05-31 04:51:46 | INFO | my_functions.py:248 | [DEBUG] Buscando en paralelo: ['sign_out2.png'] | timeout=20s | confidence=0.8
2026-05-31 04:51:47 | INFO | my_functions.py:135 | Haciendo click en la posición (383, 634)
2026-05-31 04:51:47 | INFO | my_functions.py:270 | 🖱️ Click OK (En paralelo): sign_out2.png at (383, 634) delay=1s
2026-05-31 04:51:48 | INFO | my_functions.py:1287 | ⏱ Esperando 0.1 segundos antes de empezar...
2026-05-31 04:51:48 | INFO | my_functions.py:1294 | 🔍 Esperando ventana que contenga alguna de: SNAP (máx 20s)
2026-05-31 04:51:48 | INFO | my_functions.py:1306 | ✅ Ventana encontrada: 'SNAP'
2026-05-31 04:51:48 | INFO | my_functions.py:1321 | ✅ Ventana seleccionada: 'SNAP'
2026-05-31 04:51:50 | INFO | my_functions.py:1344 | 🔁 Reajuste #1...
2026-05-31 04:51:52 | INFO | my_functions.py:1351 | ✔ Verificación completa. Se hicieron 1 reajustes.
2026-05-31 04:51:57 | INFO | each_eight_hours.py:181 | Logged out due to insufficient submissions
2026-05-31 04:51:58 | INFO | each_eight_hours.py:184 | snap.exe closed
2026-05-31 04:52:01 | INFO | each_eight_hours.py:139 | Processing account: overture_vm
2026-05-31 04:52:01 | INFO | each_eight_hours.py:142 | Game relaunched for account
2026-05-31 04:52:01 | INFO | my_functions.py:1287 | ⏱ Esperando 0.1 segundos antes de empezar...
2026-05-31 04:52:01 | INFO | my_functions.py:1294 | 🔍 Esperando ventana que contenga alguna de: ['SNAP'] (máx 20s)
2026-05-31 04:52:03 | INFO | my_functions.py:1306 | ✅ Ventana encontrada: 'SNAP'
2026-05-31 04:52:03 | INFO | my_functions.py:1321 | ✅ Ventana seleccionada: 'SNAP'
2026-05-31 04:52:06 | INFO | my_functions.py:1353 | ✔ Verificación completa. No hubo cambios después del primer ajuste.
2026-05-31 04:52:06 | INFO | my_functions.py:991 | [DEBUG] Resizing SNAP window...
2026-05-31 04:52:06 | INFO | my_functions.py:1287 | ⏱ Esperando 0.1 segundos antes de empezar...
2026-05-31 04:52:06 | INFO | my_functions.py:1294 | 🔍 Esperando ventana que contenga alguna de: ['SNAP'] (máx 20s)
2026-05-31 04:52:06 | INFO | my_functions.py:1306 | ✅ Ventana encontrada: 'SNAP'
2026-05-31 04:52:06 | INFO | my_functions.py:1321 | ✅ Ventana seleccionada: 'SNAP'
2026-05-31 04:52:09 | INFO | my_functions.py:1353 | ✔ Verificación completa. No hubo cambios después del primer ajuste.
2026-05-31 04:52:09 | INFO | my_functions.py:248 | [DEBUG] Buscando en paralelo: ['small_submit.PNG', 'small_submit_hover.png', 'submit_hover_2.png', 'small_submit_hover_2.png'] | timeout=90s | confidence=0.8
2026-05-31 04:52:12 | INFO | my_functions.py:135 | Haciendo click en la posición (383, 645)
2026-05-31 04:52:12 | INFO | my_functions.py:270 | 🖱️ Click OK (En paralelo): small_submit_hover_2.png at (383, 645) delay=0.2s
2026-05-31 04:52:15 | INFO | my_functions.py:248 | [DEBUG] Buscando en paralelo: ['small_submit.PNG', 'small_submit_hover.png', 'submit_hover_2.png', 'small_submit_hover_2.png'] | timeout=20s | confidence=0.8
2026-05-31 04:52:16 | INFO | my_functions.py:135 | Haciendo click en la posición (380, 721)
2026-05-31 04:52:16 | INFO | my_functions.py:270 | 🖱️ Click OK (En paralelo): small_submit.PNG at (380, 721) delay=0.2s
2026-05-31 04:52:17 | INFO | my_functions.py:1287 | ⏱ Esperando 0.1 segundos antes de empezar...
2026-05-31 04:52:17 | INFO | my_functions.py:1294 | 🔍 Esperando ventana que contenga alguna de: ['SNAP'] (máx 20s)
2026-05-31 04:52:17 | INFO | my_functions.py:1306 | ✅ Ventana encontrada: 'SNAP'
2026-05-31 04:52:17 | INFO | my_functions.py:1321 | ✅ Ventana seleccionada: 'SNAP'
2026-05-31 04:52:19 | INFO | my_functions.py:1344 | 🔁 Reajuste #1...
2026-05-31 04:52:20 | INFO | my_functions.py:1351 | ✔ Verificación completa. Se hicieron 1 reajustes.
2026-05-31 04:52:20 | INFO | my_functions.py:170 | Searching please_sign.png (timeout=0s)
2026-05-31 04:52:20 | INFO | my_functions.py:200 | 
✅ Found: please_sign.png pos=(383, 438) time=0.16s confidence=0.8
2026-05-31 04:52:20 | INFO | my_functions.py:248 | [DEBUG] Buscando en paralelo: ['ok_btn.png'] | timeout=20s | confidence=0.8
2026-05-31 04:52:21 | INFO | my_functions.py:135 | Haciendo click en la posición (382, 634)
2026-05-31 04:52:22 | INFO | my_functions.py:270 | 🖱️ Click OK (En paralelo): ok_btn.png at (382, 634) delay=1s
2026-05-31 04:52:23 | INFO | my_functions.py:248 | [DEBUG] Buscando en paralelo: ['small_submit.PNG', 'small_submit_hover.png', 'submit_hover_2.png', 'small_submit_hover_2.png'] | timeout=90s | confidence=0.8
2026-05-31 04:52:24 | INFO | my_functions.py:135 | Haciendo click en la posición (383, 643)
2026-05-31 04:52:24 | INFO | my_functions.py:270 | 🖱️ Click OK (En paralelo): small_submit_hover_2.png at (383, 643) delay=0.2s
2026-05-31 04:52:25 | INFO | my_functions.py:248 | [DEBUG] Buscando en paralelo: ['small_submit.PNG', 'small_submit_hover.png', 'submit_hover_2.png', 'small_submit_hover_2.png'] | timeout=20s | confidence=0.8
2026-05-31 04:52:26 | INFO | my_functions.py:135 | Haciendo click en la posición (380, 721)
2026-05-31 04:52:26 | INFO | my_functions.py:270 | 🖱️ Click OK (En paralelo): small_submit.PNG at (380, 721) delay=0.2s
2026-05-31 04:52:27 | INFO | my_functions.py:170 | Searching sign_in_with_google2.PNG (timeout=90s)
2026-05-31 04:52:27 | INFO | my_functions.py:200 | 
✅ Found: sign_in_with_google2.PNG pos=(406, 957) time=0.17s confidence=0.8
2026-05-31 04:52:27 | INFO | my_functions.py:248 | [DEBUG] Buscando en paralelo: ['sign_in_with_google2.PNG'] | timeout=20s | confidence=0.8
2026-05-31 04:52:29 | INFO | my_functions.py:135 | Haciendo click en la posición (406, 957)
2026-05-31 04:52:29 | INFO | my_functions.py:270 | 🖱️ Click OK (En paralelo): sign_in_with_google2.PNG at (406, 957) delay=1s
2026-05-31 04:52:30 | INFO | my_functions.py:248 | [DEBUG] Buscando en paralelo: ['overture_vm.png'] | timeout=30s | confidence=0.8
2026-05-31 04:52:38 | INFO | my_functions.py:135 | Haciendo click en la posición (1126, 447)
2026-05-31 04:52:39 | INFO | my_functions.py:270 | 🖱️ Click OK (En paralelo): overture_vm.png at (1126, 447) delay=3s
2026-05-31 04:52:40 | INFO | my_functions.py:170 | Searching marvelsnap_web.png (timeout=30s)
2026-05-31 04:52:43 | INFO | my_functions.py:200 | 
✅ Found: marvelsnap_web.png pos=(258, 80) time=3.02s confidence=0.7
2026-05-31 04:52:43 | INFO | my_functions.py:170 | Searching shop_unselected.PNG (timeout=0s)
2026-05-31 04:52:43 | INFO | my_functions.py:214 | 
⛔ Not found: shop_unselected.PNG after 0.0s region=(0, 0, 765, 1038) confidence=0.8
2026-05-31 04:52:43 | INFO | my_functions.py:248 | [DEBUG] Buscando en paralelo: ['super_premium.PNG'] | timeout=0s | confidence=0.8
2026-05-31 04:52:44 | INFO | my_functions.py:282 | [DEBUG] Click skipped, ninguna de las imágenes se encontró en el intento.
2026-05-31 04:52:45 | INFO | my_functions.py:248 | [DEBUG] Buscando en paralelo: ['maybe_later.PNG'] | timeout=0s | confidence=0.8
2026-05-31 04:52:45 | INFO | my_functions.py:282 | [DEBUG] Click skipped, ninguna de las imágenes se encontró en el intento.
2026-05-31 04:52:46 | INFO | my_functions.py:248 | [DEBUG] Buscando en paralelo: ['maybe_later2.PNG'] | timeout=0s | confidence=0.8
2026-05-31 04:52:46 | INFO | my_functions.py:282 | [DEBUG] Click skipped, ninguna de las imágenes se encontró en el intento.
2026-05-31 04:52:47 | INFO | my_functions.py:170 | Searching go_to_shop.PNG (timeout=0s)
2026-05-31 04:52:47 | INFO | my_functions.py:214 | 
⛔ Not found: go_to_shop.PNG after 0.0s region=(0, 0, 765, 1038) confidence=0.8
2026-05-31 04:52:47 | INFO | my_functions.py:248 | [DEBUG] Buscando en paralelo: ['14_days_of_winterverse.PNG'] | timeout=0s | confidence=0.8
2026-05-31 04:52:48 | INFO | my_functions.py:282 | [DEBUG] Click skipped, ninguna de las imágenes se encontró en el intento.
2026-05-31 04:52:49 | INFO | my_functions.py:170 | Searching welcome_back_calendar.PNG (timeout=0s)
2026-05-31 04:52:49 | INFO | my_functions.py:214 | 
⛔ Not found: welcome_back_calendar.PNG after 0.0s region=(0, 0, 765, 1038) confidence=0.8
2026-05-31 04:52:49 | INFO | my_functions.py:248 | [DEBUG] Buscando en paralelo: ['start_the_countdown.PNG'] | timeout=0s | confidence=0.8
2026-05-31 04:52:49 | INFO | my_functions.py:282 | [DEBUG] Click skipped, ninguna de las imágenes se encontró en el intento.
2026-05-31 04:52:50 | INFO | my_functions.py:248 | [DEBUG] Buscando en paralelo: ['event_has_ended_sanctum.PNG'] | timeout=0s | confidence=0.8
2026-05-31 04:52:50 | INFO | my_functions.py:282 | [DEBUG] Click skipped, ninguna de las imágenes se encontró en el intento.
2026-05-31 04:52:51 | INFO | my_functions.py:248 | [DEBUG] Buscando en paralelo: ['image_part_of_event_grand_arena_finished.PNG'] | timeout=0s | confidence=0.8
2026-05-31 04:52:52 | INFO | my_functions.py:282 | [DEBUG] Click skipped, ninguna de las imágenes se encontró en el intento.
2026-05-31 04:52:53 | INFO | my_functions.py:170 | Searching 28_day_event_login_rewards.PNG (timeout=0s)
2026-05-31 04:52:53 | INFO | my_functions.py:214 | 
⛔ Not found: 28_day_event_login_rewards.PNG after 0.0s region=(0, 0, 765, 1038) confidence=0.8
2026-05-31 04:52:53 | INFO | my_functions.py:170 | Searching 7_day_event_login.PNG (timeout=0s)
2026-05-31 04:52:53 | INFO | my_functions.py:214 | 
⛔ Not found: 7_day_event_login.PNG after 0.0s region=(0, 0, 765, 1038) confidence=0.8
2026-05-31 04:52:53 | INFO | my_functions.py:170 | Searching 14_days_event.PNG (timeout=0s)
2026-05-31 04:52:53 | INFO | my_functions.py:214 | 
⛔ Not found: 14_days_event.PNG after 0.0s region=(0, 0, 765, 1038) confidence=0.8
2026-05-31 04:52:53 | INFO | my_functions.py:248 | [DEBUG] Buscando en paralelo: ['lets_go.PNG'] | timeout=0s | confidence=0.8
2026-05-31 04:52:54 | INFO | my_functions.py:282 | [DEBUG] Click skipped, ninguna de las imágenes se encontró en el intento.
2026-05-31 04:52:56 | INFO | my_functions.py:170 | Searching shop_unselected.PNG (timeout=0s)
2026-05-31 04:52:56 | INFO | my_functions.py:200 | 
✅ Found: shop_unselected.PNG pos=(88, 961) time=0.18s confidence=0.8
2026-05-31 04:53:04 | INFO | my_functions.py:170 | Searching shop_unselected.PNG (timeout=0s)
2026-05-31 04:53:04 | INFO | my_functions.py:200 | 
✅ Found: shop_unselected.PNG pos=(88, 961) time=0.19s confidence=0.8
2026-05-31 04:53:04 | INFO | my_functions.py:518 | Ya esta listo
2026-05-31 04:53:06 | INFO | my_functions.py:330 | AVAILABLE: 6
2026-05-31 04:53:06 | INFO | my_functions.py:352 | Misiones completadas: 0
2026-05-31 04:53:06 | INFO | my_functions.py:170 | Searching play.PNG (timeout=0s)
2026-05-31 04:53:06 | INFO | my_functions.py:200 | 
✅ Found: play.PNG pos=(384, 824) time=0.22s confidence=0.8
2026-05-31 04:53:07 | INFO | my_functions.py:1182 | [INFO] Click realizado donde se equipa el deck a jugar
2026-05-31 04:53:11 | INFO | my_functions.py:248 | [DEBUG] Buscando en paralelo: ['deck_666666.png'] | timeout=3s | confidence=0.8
2026-05-31 04:53:12 | INFO | my_functions.py:135 | Haciendo click en la posición (384, 546)
2026-05-31 04:53:12 | INFO | my_functions.py:270 | 🖱️ Click OK (En paralelo): deck_666666.png at (384, 546) delay=1s
2026-05-31 04:53:13 | INFO | my_functions.py:248 | [DEBUG] Buscando en paralelo: ['equip.png'] | timeout=3s | confidence=0.95
2026-05-31 04:53:14 | INFO | my_functions.py:135 | Haciendo click en la posición (548, 983)
2026-05-31 04:53:15 | INFO | my_functions.py:270 | 🖱️ Click OK (En paralelo): equip.png at (548, 983) delay=1s
2026-05-31 04:53:16 | INFO | each_eight_hours.py:166 | Deck selected: 6turns
2026-05-31 04:53:16 | INFO | my_functions.py:248 | [DEBUG] Buscando en paralelo: ['maybe_later.PNG'] | timeout=2s | confidence=0.8
2026-05-31 04:53:18 | INFO | my_functions.py:282 | [DEBUG] Click skipped, ninguna de las imágenes se encontró en el intento.
2026-05-31 04:53:19 | INFO | my_functions.py:248 | [DEBUG] Buscando en paralelo: ['maybe_later2.PNG'] | timeout=0.01s | confidence=0.8
2026-05-31 04:53:19 | INFO | my_functions.py:282 | [DEBUG] Click skipped, ninguna de las imágenes se encontró en el intento.
2026-05-31 04:53:20 | INFO | each_eight_hours.py:192 | Starting game loop 1
2026-05-31 04:53:20 | INFO | my_functions.py:248 | [DEBUG] Buscando en paralelo: ['play.PNG'] | timeout=20s | confidence=0.8
2026-05-31 04:53:23 | INFO | my_functions.py:135 | Haciendo click en la posición (384, 824)
2026-05-31 04:53:24 | INFO | my_functions.py:270 | 🖱️ Click OK (En paralelo): play.PNG at (384, 824) delay=3s
2026-05-31 04:53:39 | INFO | my_functions.py:200 | 
✅ Found: end_turn.PNG pos=(682, 945) time=0.17s confidence=0.8
2026-05-31 04:53:39 | INFO | my_functions.py:248 | [DEBUG] Buscando en paralelo: ['snap.PNG'] | timeout=0s | confidence=0.8
2026-05-31 04:53:41 | INFO | my_functions.py:135 | Haciendo click en la posición (386, 123)
2026-05-31 04:53:41 | INFO | my_functions.py:270 | 🖱️ Click OK (En paralelo): snap.PNG at (386, 123) delay=1s
2026-05-31 04:53:47 | INFO | my_functions.py:135 | Haciendo click en la posición (682, 945)
2026-05-31 04:53:48 | INFO | each_eight_hours.py:208 | End turn executed
2026-05-31 04:54:08 | INFO | my_functions.py:200 | 
✅ Found: end_turn.PNG pos=(681, 945) time=0.19s confidence=0.8
2026-05-31 04:54:08 | INFO | my_functions.py:248 | [DEBUG] Buscando en paralelo: ['snap.PNG'] | timeout=0s | confidence=0.8
2026-05-31 04:54:08 | INFO | my_functions.py:282 | [DEBUG] Click skipped, ninguna de las imágenes se encontró en el intento.
2026-05-31 04:54:14 | INFO | my_functions.py:135 | Haciendo click en la posición (681, 945)
2026-05-31 04:54:15 | INFO | each_eight_hours.py:208 | End turn executed
2026-05-31 04:54:32 | INFO | my_functions.py:200 | 
✅ Found: end_turn.PNG pos=(681, 945) time=0.18s confidence=0.8
2026-05-31 04:54:32 | INFO | my_functions.py:248 | [DEBUG] Buscando en paralelo: ['snap.PNG'] | timeout=0s | confidence=0.8
2026-05-31 04:54:33 | INFO | my_functions.py:282 | [DEBUG] Click skipped, ninguna de las imágenes se encontró en el intento.
2026-05-31 04:54:39 | INFO | my_functions.py:135 | Haciendo click en la posición (681, 945)
2026-05-31 04:54:40 | INFO | each_eight_hours.py:208 | End turn executed
2026-05-31 04:54:58 | INFO | my_functions.py:200 | 
✅ Found: end_turn.PNG pos=(681, 945) time=0.38s confidence=0.8
2026-05-31 04:54:58 | INFO | my_functions.py:248 | [DEBUG] Buscando en paralelo: ['snap.PNG'] | timeout=0s | confidence=0.8
2026-05-31 04:54:59 | INFO | my_functions.py:282 | [DEBUG] Click skipped, ninguna de las imágenes se encontró en el intento.
2026-05-31 04:55:05 | INFO | my_functions.py:135 | Haciendo click en la posición (681, 945)
2026-05-31 04:55:06 | INFO | each_eight_hours.py:208 | End turn executed
2026-05-31 04:55:26 | INFO | my_functions.py:200 | 
✅ Found: end_turn.PNG pos=(681, 945) time=0.25s confidence=0.8
2026-05-31 04:55:26 | INFO | my_functions.py:248 | [DEBUG] Buscando en paralelo: ['snap.PNG'] | timeout=0s | confidence=0.8
2026-05-31 04:55:26 | INFO | my_functions.py:282 | [DEBUG] Click skipped, ninguna de las imágenes se encontró en el intento.
2026-05-31 04:55:32 | INFO | my_functions.py:135 | Haciendo click en la posición (681, 945)
2026-05-31 04:55:34 | INFO | each_eight_hours.py:208 | End turn executed
2026-05-31 04:55:52 | INFO | my_functions.py:200 | 
✅ Found: end_turn.PNG pos=(681, 945) time=0.19s confidence=0.8
2026-05-31 04:55:52 | INFO | my_functions.py:248 | [DEBUG] Buscando en paralelo: ['snap.PNG'] | timeout=0s | confidence=0.8
2026-05-31 04:55:52 | INFO | my_functions.py:282 | [DEBUG] Click skipped, ninguna de las imágenes se encontró en el intento.
2026-05-31 04:55:59 | INFO | my_functions.py:135 | Haciendo click en la posición (681, 945)
2026-05-31 04:56:00 | INFO | each_eight_hours.py:208 | End turn executed
2026-05-31 04:56:28 | INFO | my_functions.py:200 | 
✅ Found: collect_rewards.PNG pos=(679, 957) time=0.22s confidence=0.8
2026-05-31 04:56:28 | INFO | each_eight_hours.py:247 | Rewards detected, exiting match
2026-05-31 04:56:28 | INFO | my_functions.py:248 | [DEBUG] Buscando en paralelo: ['collect_rewards.PNG'] | timeout=20s | confidence=0.8
2026-05-31 04:56:29 | INFO | my_functions.py:135 | Haciendo click en la posición (679, 957)
2026-05-31 04:56:30 | INFO | my_functions.py:270 | 🖱️ Click OK (En paralelo): collect_rewards.PNG at (679, 957) delay=1s
2026-05-31 04:56:31 | INFO | my_functions.py:248 | [DEBUG] Buscando en paralelo: ['next.PNG'] | timeout=20s | confidence=0.8
2026-05-31 04:56:36 | INFO | my_functions.py:135 | Haciendo click en la posición (677, 973)
2026-05-31 04:56:36 | INFO | my_functions.py:270 | 🖱️ Click OK (En paralelo): next.PNG at (677, 973) delay=1s
2026-05-31 04:56:39 | INFO | my_functions.py:330 | AVAILABLE: 6
2026-05-31 04:56:39 | INFO | each_eight_hours.py:314 | Submissions after match: 6
2026-05-31 04:56:39 | INFO | my_functions.py:352 | Misiones completadas: 1
2026-05-31 04:56:39 | INFO | each_eight_hours.py:192 | Starting game loop 2
2026-05-31 04:56:39 | INFO | my_functions.py:248 | [DEBUG] Buscando en paralelo: ['play.PNG'] | timeout=20s | confidence=0.8
2026-05-31 04:56:42 | INFO | my_functions.py:135 | Haciendo click en la posición (384, 824)
2026-05-31 04:56:43 | INFO | my_functions.py:270 | 🖱️ Click OK (En paralelo): play.PNG at (384, 824) delay=3s
2026-05-31 04:56:56 | INFO | my_functions.py:200 | 
✅ Found: end_turn.PNG pos=(681, 945) time=0.19s confidence=0.8
2026-05-31 04:56:56 | INFO | my_functions.py:248 | [DEBUG] Buscando en paralelo: ['snap.PNG'] | timeout=0s | confidence=0.8
2026-05-31 04:56:57 | INFO | my_functions.py:135 | Haciendo click en la posición (386, 122)
2026-05-31 04:56:57 | INFO | my_functions.py:270 | 🖱️ Click OK (En paralelo): snap.PNG at (386, 122) delay=1s
2026-05-31 04:57:03 | INFO | my_functions.py:135 | Haciendo click en la posición (681, 945)
2026-05-31 04:57:04 | INFO | each_eight_hours.py:208 | End turn executed
2026-05-31 04:57:24 | INFO | my_functions.py:200 | 
✅ Found: end_turn.PNG pos=(681, 945) time=0.24s confidence=0.8
2026-05-31 04:57:24 | INFO | my_functions.py:248 | [DEBUG] Buscando en paralelo: ['snap.PNG'] | timeout=0s | confidence=0.8
2026-05-31 04:57:24 | INFO | my_functions.py:282 | [DEBUG] Click skipped, ninguna de las imágenes se encontró en el intento.
2026-05-31 04:57:30 | INFO | my_functions.py:135 | Haciendo click en la posición (681, 945)
2026-05-31 04:57:31 | INFO | each_eight_hours.py:208 | End turn executed
2026-05-31 04:57:47 | INFO | my_functions.py:200 | 
✅ Found: end_turn.PNG pos=(681, 945) time=0.21s confidence=0.8
2026-05-31 04:57:47 | INFO | my_functions.py:248 | [DEBUG] Buscando en paralelo: ['snap.PNG'] | timeout=0s | confidence=0.8
2026-05-31 04:57:47 | INFO | my_functions.py:282 | [DEBUG] Click skipped, ninguna de las imágenes se encontró en el intento.
2026-05-31 04:57:53 | INFO | my_functions.py:135 | Haciendo click en la posición (681, 945)
2026-05-31 04:57:55 | INFO | each_eight_hours.py:208 | End turn executed
2026-05-31 04:58:19 | INFO | my_functions.py:200 | 
✅ Found: end_turn.PNG pos=(681, 945) time=0.19s confidence=0.8
2026-05-31 04:58:19 | INFO | my_functions.py:248 | [DEBUG] Buscando en paralelo: ['snap.PNG'] | timeout=0s | confidence=0.8
2026-05-31 04:58:20 | INFO | my_functions.py:282 | [DEBUG] Click skipped, ninguna de las imágenes se encontró en el intento.
2026-05-31 04:58:26 | INFO | my_functions.py:135 | Haciendo click en la posición (681, 945)
2026-05-31 04:58:27 | INFO | each_eight_hours.py:208 | End turn executed
2026-05-31 04:58:44 | INFO | my_functions.py:200 | 
✅ Found: end_turn.PNG pos=(681, 945) time=0.19s confidence=0.8
2026-05-31 04:58:44 | INFO | my_functions.py:248 | [DEBUG] Buscando en paralelo: ['snap.PNG'] | timeout=0s | confidence=0.8
2026-05-31 04:58:44 | INFO | my_functions.py:282 | [DEBUG] Click skipped, ninguna de las imágenes se encontró en el intento.
2026-05-31 04:58:50 | INFO | my_functions.py:135 | Haciendo click en la posición (681, 945)
2026-05-31 04:58:51 | INFO | each_eight_hours.py:208 | End turn executed
2026-05-31 04:59:02 | INFO | my_functions.py:200 | 
✅ Found: end_turn.PNG pos=(681, 945) time=0.19s confidence=0.8
2026-05-31 04:59:02 | INFO | my_functions.py:248 | [DEBUG] Buscando en paralelo: ['snap.PNG'] | timeout=0s | confidence=0.8
2026-05-31 04:59:02 | INFO | my_functions.py:282 | [DEBUG] Click skipped, ninguna de las imágenes se encontró en el intento.
2026-05-31 04:59:08 | INFO | my_functions.py:135 | Haciendo click en la posición (681, 945)
2026-05-31 04:59:10 | INFO | each_eight_hours.py:208 | End turn executed
2026-05-31 04:59:46 | INFO | my_functions.py:200 | 
✅ Found: collect_rewards.PNG pos=(679, 958) time=0.22s confidence=0.8
2026-05-31 04:59:46 | INFO | each_eight_hours.py:247 | Rewards detected, exiting match
2026-05-31 04:59:46 | INFO | my_functions.py:248 | [DEBUG] Buscando en paralelo: ['collect_rewards.PNG'] | timeout=20s | confidence=0.8
2026-05-31 04:59:47 | INFO | my_functions.py:135 | Haciendo click en la posición (679, 957)
2026-05-31 04:59:47 | INFO | my_functions.py:270 | 🖱️ Click OK (En paralelo): collect_rewards.PNG at (679, 957) delay=1s
2026-05-31 04:59:48 | INFO | my_functions.py:248 | [DEBUG] Buscando en paralelo: ['next.PNG'] | timeout=20s | confidence=0.8
2026-05-31 04:59:53 | INFO | my_functions.py:135 | Haciendo click en la posición (677, 973)
2026-05-31 04:59:53 | INFO | my_functions.py:270 | 🖱️ Click OK (En paralelo): next.PNG at (677, 973) delay=1s
2026-05-31 04:59:56 | INFO | my_functions.py:330 | AVAILABLE: 6
2026-05-31 04:59:56 | INFO | each_eight_hours.py:314 | Submissions after match: 6
2026-05-31 04:59:56 | INFO | my_functions.py:352 | Misiones completadas: 1
2026-05-31 04:59:56 | INFO | each_eight_hours.py:192 | Starting game loop 3
2026-05-31 04:59:56 | INFO | my_functions.py:248 | [DEBUG] Buscando en paralelo: ['play.PNG'] | timeout=20s | confidence=0.8
2026-05-31 04:59:59 | INFO | my_functions.py:135 | Haciendo click en la posición (384, 824)
2026-05-31 04:59:59 | INFO | my_functions.py:270 | 🖱️ Click OK (En paralelo): play.PNG at (384, 824) delay=3s
2026-05-31 05:00:15 | INFO | my_functions.py:200 | 
✅ Found: end_turn.PNG pos=(681, 945) time=0.18s confidence=0.8
2026-05-31 05:00:15 | INFO | my_functions.py:248 | [DEBUG] Buscando en paralelo: ['snap.PNG'] | timeout=0s | confidence=0.8
2026-05-31 05:00:16 | INFO | my_functions.py:135 | Haciendo click en la posición (386, 123)
2026-05-31 05:00:16 | INFO | my_functions.py:270 | 🖱️ Click OK (En paralelo): snap.PNG at (386, 123) delay=1s
2026-05-31 05:00:23 | INFO | my_functions.py:135 | Haciendo click en la posición (681, 945)
2026-05-31 05:00:24 | INFO | each_eight_hours.py:208 | End turn executed
2026-05-31 05:00:37 | INFO | my_functions.py:200 | 
✅ Found: end_turn.PNG pos=(681, 945) time=0.18s confidence=0.8
2026-05-31 05:00:37 | INFO | my_functions.py:248 | [DEBUG] Buscando en paralelo: ['snap.PNG'] | timeout=0s | confidence=0.8
2026-05-31 05:00:37 | INFO | my_functions.py:282 | [DEBUG] Click skipped, ninguna de las imágenes se encontró en el intento.
2026-05-31 05:00:43 | INFO | my_functions.py:135 | Haciendo click en la posición (681, 945)
2026-05-31 05:00:45 | INFO | each_eight_hours.py:208 | End turn executed
2026-05-31 05:01:04 | INFO | my_functions.py:200 | 
✅ Found: end_turn.PNG pos=(681, 945) time=0.18s confidence=0.8
2026-05-31 05:01:04 | INFO | my_functions.py:248 | [DEBUG] Buscando en paralelo: ['snap.PNG'] | timeout=0s | confidence=0.8
2026-05-31 05:01:04 | INFO | my_functions.py:282 | [DEBUG] Click skipped, ninguna de las imágenes se encontró en el intento.
2026-05-31 05:01:10 | INFO | my_functions.py:135 | Haciendo click en la posición (681, 945)
2026-05-31 05:01:11 | INFO | each_eight_hours.py:208 | End turn executed
2026-05-31 05:01:24 | INFO | my_functions.py:200 | 
✅ Found: end_turn.PNG pos=(681, 945) time=0.19s confidence=0.8
2026-05-31 05:01:24 | INFO | my_functions.py:248 | [DEBUG] Buscando en paralelo: ['snap.PNG'] | timeout=0s | confidence=0.8
2026-05-31 05:01:24 | INFO | my_functions.py:282 | [DEBUG] Click skipped, ninguna de las imágenes se encontró en el intento.
2026-05-31 05:01:31 | INFO | my_functions.py:135 | Haciendo click en la posición (681, 945)
2026-05-31 05:01:32 | INFO | each_eight_hours.py:208 | End turn executed
2026-05-31 05:01:42 | INFO | my_functions.py:200 | 
✅ Found: end_turn.PNG pos=(681, 945) time=0.2s confidence=0.8
2026-05-31 05:01:42 | INFO | my_functions.py:248 | [DEBUG] Buscando en paralelo: ['snap.PNG'] | timeout=0s | confidence=0.8
2026-05-31 05:01:42 | INFO | my_functions.py:282 | [DEBUG] Click skipped, ninguna de las imágenes se encontró en el intento.
2026-05-31 05:01:48 | INFO | my_functions.py:135 | Haciendo click en la posición (681, 945)
2026-05-31 05:01:49 | INFO | each_eight_hours.py:208 | End turn executed
