2026-05-08 08:43:07 | INFO | each_eight_hours.py:39 | LOG FILE PATH: C:\Users\Farm\OneDrive\my_py_projects\MS\logs\each_eight_hours_2026-05-08_08-43-07.log
2026-05-08 08:43:07 | INFO | each_eight_hours.py:40 | Logger initialized
2026-05-08 08:43:07 | INFO | each_eight_hours.py:67 | Script initialized
2026-05-08 08:43:10 | INFO | each_eight_hours.py:116 | Execution started
2026-05-08 08:43:10 | INFO | each_eight_hours.py:119 | Mouse moved to initial position
2026-05-08 08:43:10 | INFO | each_eight_hours.py:126 | snap.exe terminated if it was running
2026-05-08 08:43:10 | INFO | my_functions.py:60 | ⏳ Esperando WebSocket de OBS...
2026-05-08 08:43:10 | INFO | baseclient.py:33 | Connecting with parameters: host='localhost' port=4455 password='' subs=0 timeout=None
2026-05-08 08:43:10 | INFO | reqs.py:23 | Successfully identified ReqClient with the server using RPC version:1
2026-05-08 08:43:10 | INFO | my_functions.py:66 | ✅ Conectado al OBS WebSocket
2026-05-08 08:43:10 | INFO | my_functions.py:82 | ⏹ Grabación ya estaba activa, deteniéndola...
2026-05-08 08:43:10 | INFO | baseclient.py:33 | Connecting with parameters: host='localhost' port=4455 password='' subs=0 timeout=None
2026-05-08 08:43:10 | INFO | reqs.py:23 | Successfully identified ReqClient with the server using RPC version:1
2026-05-08 08:43:10 | INFO | my_functions.py:97 | Record stopped.
2026-05-08 08:43:22 | INFO | my_functions.py:127 | Archivo renombrado a: C:\Users\Farm\Videos\my_functions_2026-05-08_08-43-22.mkv
2026-05-08 08:43:25 | INFO | my_functions.py:87 | 🎬 Nueva grabación iniciada
2026-05-08 08:43:25 | INFO | each_eight_hours.py:129 | OBS started and recording
2026-05-08 08:43:25 | INFO | my_functions.py:1662 | ⏱ Esperando 0.1 segundos antes de empezar...
2026-05-08 08:43:26 | INFO | my_functions.py:1669 | 🔍 Esperando ventana que contenga alguna de: ['py', 'eight_hours'] (máx 20s)
2026-05-08 08:43:26 | INFO | my_functions.py:1681 | ✅ Ventana encontrada: 'each_eight_hours - Acceso directo'
2026-05-08 08:43:26 | INFO | my_functions.py:1696 | ✅ Ventana seleccionada: 'each_eight_hours - Acceso directo'
2026-05-08 08:43:28 | INFO | my_functions.py:1719 | 🔁 Reajuste #1...
2026-05-08 08:43:28 | INFO | my_functions.py:1726 | ✔ Verificación completa. Se hicieron 1 reajustes.
2026-05-08 08:43:28 | INFO | each_eight_hours.py:135 | Console window resized
2026-05-08 08:43:58 | INFO | my_functions.py:2509 | Starting Steam window scan
2026-05-08 08:43:58 | INFO | my_functions.py:2512 | Found window: 
2026-05-08 08:43:58 | INFO | my_functions.py:2512 | Found window: each_eight_hours - Acceso directo
2026-05-08 08:43:58 | INFO | my_functions.py:2512 | Found window: 
2026-05-08 08:43:58 | INFO | my_functions.py:2512 | Found window: 
2026-05-08 08:43:58 | INFO | my_functions.py:2512 | Found window: 
2026-05-08 08:43:58 | INFO | my_functions.py:2512 | Found window: 
2026-05-08 08:43:58 | INFO | my_functions.py:2512 | Found window: Program Manager
2026-05-08 08:43:58 | INFO | each_eight_hours.py:140 | Steam popup windows closed
2026-05-08 08:43:58 | INFO | each_eight_hours.py:143 | Processing account: percy
2026-05-08 08:43:58 | INFO | each_eight_hours.py:146 | Game relaunched for account
2026-05-08 08:43:58 | INFO | my_functions.py:1662 | ⏱ Esperando 0.1 segundos antes de empezar...
2026-05-08 08:43:58 | INFO | my_functions.py:1669 | 🔍 Esperando ventana que contenga alguna de: ['SNAP'] (máx 20s)
2026-05-08 08:44:00 | INFO | my_functions.py:1681 | ✅ Ventana encontrada: 'SNAP'
2026-05-08 08:44:00 | INFO | my_functions.py:1696 | ✅ Ventana seleccionada: 'SNAP'
2026-05-08 08:44:02 | INFO | my_functions.py:1728 | ✔ Verificación completa. No hubo cambios después del primer ajuste.
2026-05-08 08:44:02 | INFO | each_eight_hours.py:153 | Game window resized
2026-05-08 08:44:02 | INFO | my_functions.py:1201 | [DEBUG] Resizing SNAP window...
2026-05-08 08:44:02 | INFO | my_functions.py:1662 | ⏱ Esperando 0.1 segundos antes de empezar...
2026-05-08 08:44:02 | INFO | my_functions.py:1669 | 🔍 Esperando ventana que contenga alguna de: ['SNAP'] (máx 20s)
2026-05-08 08:44:02 | INFO | my_functions.py:1681 | ✅ Ventana encontrada: 'SNAP'
2026-05-08 08:44:02 | INFO | my_functions.py:1696 | ✅ Ventana seleccionada: 'SNAP'
2026-05-08 08:44:05 | INFO | my_functions.py:1728 | ✔ Verificación completa. No hubo cambios después del primer ajuste.
2026-05-08 08:44:05 | INFO | my_functions.py:231 | [DEBUG] wait_for_image_and_click -> submit.PNG timeout=90s delay_click=0.2s confidence=0.8
2026-05-08 08:44:05 | INFO | my_functions.py:172 | Searching submit.PNG (timeout=90s)
2026-05-08 08:44:08 | INFO | my_functions.py:198 | 
✅ Found: submit.PNG pos=(385, 766) time=2.63s confidence=0.8
2026-05-08 08:44:08 | INFO | my_functions.py:138 | Haciendo click en la posición (385, 766)
2026-05-08 08:44:09 | INFO | my_functions.py:251 | 🖱️ Click OK: submit.PNG at (385, 766) delay=0.2s
2026-05-08 08:44:09 | INFO | my_functions.py:1662 | ⏱ Esperando 0.1 segundos antes de empezar...
2026-05-08 08:44:09 | INFO | my_functions.py:1669 | 🔍 Esperando ventana que contenga alguna de: ['SNAP'] (máx 20s)
2026-05-08 08:44:09 | INFO | my_functions.py:1681 | ✅ Ventana encontrada: 'SNAP'
2026-05-08 08:44:09 | INFO | my_functions.py:1696 | ✅ Ventana seleccionada: 'SNAP'
2026-05-08 08:44:11 | INFO | my_functions.py:1719 | 🔁 Reajuste #1...
2026-05-08 08:44:12 | INFO | my_functions.py:1726 | ✔ Verificación completa. Se hicieron 1 reajustes.
2026-05-08 08:44:12 | INFO | my_functions.py:172 | Searching please_sign.png (timeout=0s)
2026-05-08 08:44:12 | INFO | my_functions.py:198 | 
✅ Found: please_sign.png pos=(383, 438) time=0.18s confidence=0.8
2026-05-08 08:44:12 | INFO | my_functions.py:231 | [DEBUG] wait_for_image_and_click -> ok_btn.png timeout=20s delay_click=1s confidence=0.8
2026-05-08 08:44:12 | INFO | my_functions.py:172 | Searching ok_btn.png (timeout=20s)
2026-05-08 08:44:12 | INFO | my_functions.py:198 | 
✅ Found: ok_btn.png pos=(382, 634) time=0.21s confidence=0.8
2026-05-08 08:44:13 | INFO | my_functions.py:138 | Haciendo click en la posición (382, 634)
2026-05-08 08:44:13 | INFO | my_functions.py:251 | 🖱️ Click OK: ok_btn.png at (382, 634) delay=1s
2026-05-08 08:44:13 | INFO | my_functions.py:231 | [DEBUG] wait_for_image_and_click -> submit.PNG timeout=90s delay_click=0.2s confidence=0.8
2026-05-08 08:44:13 | INFO | my_functions.py:172 | Searching submit.PNG (timeout=90s)
2026-05-08 08:44:14 | INFO | my_functions.py:198 | 
✅ Found: submit.PNG pos=(385, 767) time=0.63s confidence=0.8
2026-05-08 08:44:14 | INFO | my_functions.py:138 | Haciendo click en la posición (385, 767)
2026-05-08 08:44:14 | INFO | my_functions.py:251 | 🖱️ Click OK: submit.PNG at (385, 767) delay=0.2s
2026-05-08 08:44:14 | INFO | my_functions.py:172 | Searching sign_in_with_google2.PNG (timeout=90s)
2026-05-08 08:44:15 | INFO | my_functions.py:198 | 
✅ Found: sign_in_with_google2.PNG pos=(406, 958) time=0.8s confidence=0.8
2026-05-08 08:44:15 | INFO | my_functions.py:231 | [DEBUG] wait_for_image_and_click -> sign_in_with_google2.PNG timeout=20s delay_click=1s confidence=0.8
2026-05-08 08:44:15 | INFO | my_functions.py:172 | Searching sign_in_with_google2.PNG (timeout=20s)
2026-05-08 08:44:15 | INFO | my_functions.py:198 | 
✅ Found: sign_in_with_google2.PNG pos=(406, 957) time=0.3s confidence=0.8
2026-05-08 08:44:16 | INFO | my_functions.py:138 | Haciendo click en la posición (406, 957)
2026-05-08 08:44:17 | INFO | my_functions.py:251 | 🖱️ Click OK: sign_in_with_google2.PNG at (406, 957) delay=1s
2026-05-08 08:44:17 | INFO | my_functions.py:231 | [DEBUG] wait_for_image_and_click -> percy.png timeout=30s delay_click=3s confidence=0.8
2026-05-08 08:44:17 | INFO | my_functions.py:172 | Searching percy.png (timeout=30s)
2026-05-08 08:44:47 | INFO | my_functions.py:209 | 
⛔ Not found: percy.png after 30.28s region=None confidence=0.8
2026-05-08 08:44:47 | INFO | my_functions.py:258 | [DEBUG] Click skipped, image not found: percy.png
2026-05-08 08:44:48 | INFO | my_functions.py:231 | [DEBUG] wait_for_image_and_click -> percy.png timeout=0s delay_click=3s confidence=0.8
2026-05-08 08:44:48 | INFO | my_functions.py:172 | Searching percy.png (timeout=0s)
2026-05-08 08:44:48 | INFO | my_functions.py:198 | 
✅ Found: percy.png pos=(1132, 647) time=0.27s confidence=0.8
2026-05-08 08:44:51 | INFO | my_functions.py:138 | Haciendo click en la posición (1132, 647)
2026-05-08 08:44:51 | INFO | my_functions.py:251 | 🖱️ Click OK: percy.png at (1132, 647) delay=3s
2026-05-08 08:44:53 | INFO | my_functions.py:231 | [DEBUG] wait_for_image_and_click -> python_icon.PNG timeout=5s delay_click=1s confidence=0.8
2026-05-08 08:44:53 | INFO | my_functions.py:172 | Searching python_icon.PNG (timeout=5s)
2026-05-08 08:44:54 | INFO | my_functions.py:198 | 
✅ Found: python_icon.PNG pos=(585, 1054) time=0.37s confidence=0.8
2026-05-08 08:44:55 | INFO | my_functions.py:138 | Haciendo click en la posición (585, 1054)
2026-05-08 08:44:55 | INFO | my_functions.py:251 | 🖱️ Click OK: python_icon.PNG at (585, 1054) delay=1s
2026-05-08 08:44:55 | INFO | my_functions.py:231 | [DEBUG] wait_for_image_and_click -> snap_icon_task_bar.PNG timeout=20s delay_click=1s confidence=0.8
2026-05-08 08:44:55 | INFO | my_functions.py:172 | Searching snap_icon_task_bar.PNG (timeout=20s)
2026-05-08 08:44:56 | INFO | my_functions.py:198 | 
✅ Found: snap_icon_task_bar.PNG pos=(524, 1052) time=0.6s confidence=0.8
2026-05-08 08:44:57 | INFO | my_functions.py:138 | Haciendo click en la posición (524, 1052)
2026-05-08 08:44:57 | INFO | my_functions.py:251 | 🖱️ Click OK: snap_icon_task_bar.PNG at (524, 1052) delay=1s
2026-05-08 08:44:57 | INFO | my_functions.py:172 | Searching play.PNG (timeout=30s)
2026-05-08 08:45:07 | INFO | my_functions.py:198 | 
✅ Found: play.PNG pos=(384, 824) time=10.43s confidence=0.8
2026-05-08 08:45:07 | INFO | my_functions.py:1259 | [DEBUG] Login completado correctamente.
2026-05-08 08:45:07 | INFO | each_eight_hours.py:157 | Login executed
2026-05-08 08:45:07 | INFO | my_functions.py:172 | Searching shop_unselected.PNG (timeout=0s)
2026-05-08 08:45:08 | INFO | my_functions.py:198 | 
✅ Found: shop_unselected.PNG pos=(88, 961) time=0.24s confidence=0.8
2026-05-08 08:45:16 | INFO | my_functions.py:172 | Searching shop_unselected.PNG (timeout=0s)
2026-05-08 08:45:16 | INFO | my_functions.py:209 | 
⛔ Not found: shop_unselected.PNG after 0.0s region=(0, 0, 765, 1038) confidence=0.8
2026-05-08 08:45:17 | INFO | my_functions.py:172 | Searching shop_unselected.PNG (timeout=0s)
2026-05-08 08:45:17 | INFO | my_functions.py:209 | 
⛔ Not found: shop_unselected.PNG after 0.0s region=(0, 0, 765, 1038) confidence=0.8
2026-05-08 08:45:17 | INFO | my_functions.py:231 | [DEBUG] wait_for_image_and_click -> super_premium.PNG timeout=0s delay_click=1s confidence=0.8
2026-05-08 08:45:17 | INFO | my_functions.py:172 | Searching super_premium.PNG (timeout=0s)
2026-05-08 08:45:17 | INFO | my_functions.py:198 | 
✅ Found: super_premium.PNG pos=(480, 777) time=0.18s confidence=0.8
2026-05-08 08:45:18 | INFO | my_functions.py:138 | Haciendo click en la posición (480, 777)
2026-05-08 08:45:18 | INFO | my_functions.py:251 | 🖱️ Click OK: super_premium.PNG at (480, 777) delay=1s
2026-05-08 08:45:18 | INFO | my_functions.py:146 | Presionando ESC (1/1)
2026-05-08 08:45:27 | INFO | my_functions.py:172 | Searching shop_unselected.PNG (timeout=0s)
2026-05-08 08:45:27 | INFO | my_functions.py:198 | 
✅ Found: shop_unselected.PNG pos=(88, 961) time=0.19s confidence=0.8
2026-05-08 08:45:27 | INFO | my_functions.py:714 | Ya esta listo
2026-05-08 08:45:27 | INFO | each_eight_hours.py:160 | Initial images processed
2026-05-08 08:45:28 | INFO | each_eight_hours.py:163 | Chrome terminated
2026-05-08 08:45:28 | INFO | my_functions.py:231 | [DEBUG] wait_for_image_and_click -> missions_unnotified2.png timeout=20s delay_click=1s confidence=0.8
2026-05-08 08:45:28 | INFO | my_functions.py:172 | Searching missions_unnotified2.png (timeout=20s)
2026-05-08 08:45:28 | INFO | my_functions.py:198 | 
✅ Found: missions_unnotified2.png pos=(516, 127) time=0.19s confidence=0.8
2026-05-08 08:45:29 | INFO | my_functions.py:138 | Haciendo click en la posición (516, 127)
2026-05-08 08:45:29 | INFO | my_functions.py:251 | 🖱️ Click OK: missions_unnotified2.png at (516, 127) delay=1s
2026-05-08 08:45:29 | INFO | my_functions.py:231 | [DEBUG] wait_for_image_and_click -> calendar_missions_daily.png timeout=3s delay_click=1s confidence=0.8
2026-05-08 08:45:29 | INFO | my_functions.py:172 | Searching calendar_missions_daily.png (timeout=3s)
2026-05-08 08:45:30 | INFO | my_functions.py:198 | 
✅ Found: calendar_missions_daily.png pos=(197, 131) time=1.24s confidence=0.8
2026-05-08 08:45:31 | INFO | my_functions.py:138 | Haciendo click en la posición (197, 131)
2026-05-08 08:45:31 | INFO | my_functions.py:251 | 🖱️ Click OK: calendar_missions_daily.png at (197, 131) delay=1s
2026-05-08 08:45:31 | INFO | each_eight_hours.py:177 | Mission screens opened
2026-05-08 08:45:31 | INFO | my_functions.py:295 | JSON file located at C:\Users\Farm\AppData\LocalLow\Second Dinner\SNAP\Standalone\States\nvprod\MissionState.json
2026-05-08 08:45:35 | INFO | my_functions.py:431 | AVAILABLE: 3
2026-05-08 08:45:35 | ERROR | each_eight_hours.py:456 | Unhandled exception occurred
Traceback (most recent call last):
  File "C:\Users\Farm\OneDrive\my_py_projects\MS\each_eight_hours.py", line 188, in <module>
    wait_and_close_notepad_plus_plus()
    ^^^^^^^^^^^^^^^^^^^^^^^^^^^^^^^^
NameError: name 'wait_and_close_notepad_plus_plus' is not defined
