2026-05-25 09:40:21 | INFO | each_eight_hours.py:39 | LOG FILE PATH: \\vmware-host\Shared Folders\SHARED FILES VM\MS\logs\each_eight_hours_2026-05-25_09-40-21.log
2026-05-25 09:40:21 | INFO | each_eight_hours.py:40 | Logger initialized
2026-05-25 09:40:21 | INFO | each_eight_hours.py:67 | Script initialized
2026-05-25 09:40:24 | INFO | each_eight_hours.py:128 | snap.exe terminated if it was running
2026-05-25 09:40:24 | INFO | my_functions.py:57 | ⏳ Esperando WebSocket de OBS...
2026-05-25 09:40:24 | INFO | baseclient.py:33 | Connecting with parameters: host='localhost' port=4455 password='' subs=0 timeout=None
2026-05-25 09:40:24 | INFO | reqs.py:23 | Successfully identified ReqClient with the server using RPC version:1
2026-05-25 09:40:24 | INFO | my_functions.py:63 | ✅ Conectado al OBS WebSocket
2026-05-25 09:40:24 | INFO | my_functions.py:79 | ⏹ Grabación ya estaba activa, deteniéndola...
2026-05-25 09:40:24 | INFO | baseclient.py:33 | Connecting with parameters: host='localhost' port=4455 password='' subs=0 timeout=None
2026-05-25 09:40:24 | INFO | reqs.py:23 | Successfully identified ReqClient with the server using RPC version:1
2026-05-25 09:40:24 | INFO | my_functions.py:94 | Record stopped.
2026-05-25 09:40:36 | INFO | my_functions.py:124 | Archivo renombrado a: C:\Users\Farm\Videos\my_functions_2026-05-25_09-40-36.mkv
2026-05-25 09:40:39 | INFO | my_functions.py:84 | 🎬 Nueva grabación iniciada
2026-05-25 09:40:39 | INFO | my_functions.py:1286 | ⏱ Esperando 0.1 segundos antes de empezar...
2026-05-25 09:40:39 | INFO | my_functions.py:1293 | 🔍 Esperando ventana que contenga alguna de: ['py', 'eight_hours'] (máx 20s)
2026-05-25 09:40:39 | INFO | my_functions.py:1305 | ✅ Ventana encontrada: 'each_eight_hours  - Acceso directo'
2026-05-25 09:40:39 | INFO | my_functions.py:1320 | ✅ Ventana seleccionada: 'each_eight_hours  - Acceso directo'
2026-05-25 09:40:41 | INFO | my_functions.py:1343 | 🔁 Reajuste #1...
2026-05-25 09:40:41 | INFO | my_functions.py:1350 | ✔ Verificación completa. Se hicieron 1 reajustes.
2026-05-25 09:41:11 | INFO | my_functions.py:2116 | Starting Steam window scan
2026-05-25 09:41:11 | INFO | my_functions.py:2119 | Found window: 
2026-05-25 09:41:11 | INFO | my_functions.py:2119 | Found window: each_eight_hours  - Acceso directo
2026-05-25 09:41:11 | INFO | my_functions.py:2119 | Found window: Microsoft Text Input Application
2026-05-25 09:41:11 | INFO | my_functions.py:2119 | Found window: 
2026-05-25 09:41:11 | INFO | my_functions.py:2119 | Found window: 
2026-05-25 09:41:11 | INFO | my_functions.py:2119 | Found window: 
2026-05-25 09:41:11 | INFO | my_functions.py:2119 | Found window: 
2026-05-25 09:41:11 | INFO | my_functions.py:2119 | Found window: Program Manager
2026-05-25 09:41:11 | INFO | each_eight_hours.py:139 | Processing account: jeremy
2026-05-25 09:41:11 | INFO | each_eight_hours.py:142 | Game relaunched for account
2026-05-25 09:41:11 | INFO | my_functions.py:1286 | ⏱ Esperando 0.1 segundos antes de empezar...
2026-05-25 09:41:12 | INFO | my_functions.py:1293 | 🔍 Esperando ventana que contenga alguna de: ['SNAP'] (máx 20s)
2026-05-25 09:41:15 | INFO | my_functions.py:1305 | ✅ Ventana encontrada: 'SNAP'
2026-05-25 09:41:15 | INFO | my_functions.py:1320 | ✅ Ventana seleccionada: 'SNAP'
2026-05-25 09:41:17 | INFO | my_functions.py:1343 | 🔁 Reajuste #1...
2026-05-25 09:41:19 | INFO | my_functions.py:1350 | ✔ Verificación completa. Se hicieron 1 reajustes.
2026-05-25 09:41:19 | INFO | each_eight_hours.py:49 | [ERROR] Account image not found: images/accounts/relogin_accounts/gmail_accounts/vm/jeremy.png
