2026-07-12 21:22:29 | INFO | each_eight_hours.py:36 | LOG FILE PATH: \\vmware-host\Shared Folders\SHARED FILES VM\MS\logs\each_eight_hours_2026-07-12_21-22-29.log
2026-07-12 21:22:29 | INFO | each_eight_hours.py:37 | Logger initialized
2026-07-12 21:22:29 | INFO | each_eight_hours.py:64 | Script initialized
2026-07-12 21:22:40 | INFO | my_functions.py:56 | ⏳ Esperando WebSocket de OBS...
2026-07-12 21:22:40 | INFO | baseclient.py:33 | Connecting with parameters: host='localhost' port=4455 password='' subs=0 timeout=None
2026-07-12 21:22:40 | INFO | reqs.py:23 | Successfully identified ReqClient with the server using RPC version:1
2026-07-12 21:22:40 | INFO | my_functions.py:62 | ✅ Conectado al OBS WebSocket
2026-07-12 21:22:40 | INFO | my_functions.py:78 | ⏹ Grabación ya estaba activa, deteniéndola...
2026-07-12 21:22:40 | INFO | baseclient.py:33 | Connecting with parameters: host='localhost' port=4455 password='' subs=0 timeout=None
2026-07-12 21:22:40 | INFO | reqs.py:23 | Successfully identified ReqClient with the server using RPC version:1
2026-07-12 21:22:40 | INFO | my_functions.py:93 | Record stopped.
2026-07-12 21:22:52 | INFO | my_functions.py:123 | Archivo renombrado a: C:\Users\Farm\Videos\my_functions_2026-07-12_21-22-52.mkv
2026-07-12 21:22:55 | INFO | my_functions.py:83 | 🎬 Nueva grabación iniciada
2026-07-12 21:22:55 | INFO | each_eight_hours.py:106 | snap.exe terminated if it was running
2026-07-12 21:22:55 | INFO | my_functions.py:1545 | ⏱ Esperando 0.1 segundos antes de empezar...
2026-07-12 21:22:56 | INFO | my_functions.py:1552 | 🔍 Esperando ventana que contenga alguna de: ['py', 'eight_hours'] (máx 20s)
2026-07-12 21:22:56 | INFO | my_functions.py:1564 | ✅ Ventana encontrada: 'each_eight_hours  - Acceso directo'
2026-07-12 21:22:56 | INFO | my_functions.py:1579 | ✅ Ventana seleccionada: 'each_eight_hours  - Acceso directo'
2026-07-12 21:22:58 | INFO | my_functions.py:1602 | 🔁 Reajuste #1...
2026-07-12 21:22:58 | INFO | my_functions.py:1609 | ✔ Verificación completa. Se hicieron 1 reajustes.
2026-07-12 21:22:58 | INFO | each_eight_hours.py:113 | Processing account: john
2026-07-12 21:22:58 | INFO | my_functions.py:1545 | ⏱ Esperando 0.1 segundos antes de empezar...
2026-07-12 21:22:58 | INFO | my_functions.py:1552 | 🔍 Esperando ventana que contenga alguna de: ['SNAP'] (máx 20s)
2026-07-12 21:23:01 | INFO | my_functions.py:1564 | ✅ Ventana encontrada: 'SNAP'
2026-07-12 21:23:01 | INFO | my_functions.py:1579 | ✅ Ventana seleccionada: 'SNAP'
2026-07-12 21:23:03 | INFO | my_functions.py:1611 | ✔ Verificación completa. No hubo cambios después del primer ajuste.
2026-07-12 21:23:03 | INFO | my_functions.py:1206 | [DEBUG] Resizing SNAP window...
2026-07-12 21:23:03 | INFO | my_functions.py:1545 | ⏱ Esperando 0.1 segundos antes de empezar...
2026-07-12 21:23:03 | INFO | my_functions.py:1552 | 🔍 Esperando ventana que contenga alguna de: ['SNAP'] (máx 20s)
2026-07-12 21:23:03 | INFO | my_functions.py:1564 | ✅ Ventana encontrada: 'SNAP'
2026-07-12 21:23:03 | INFO | my_functions.py:1579 | ✅ Ventana seleccionada: 'SNAP'
2026-07-12 21:23:10 | INFO | my_functions.py:1611 | ✔ Verificación completa. No hubo cambios después del primer ajuste.
2026-07-12 21:23:10 | INFO | my_functions.py:247 | [DEBUG] Buscando en paralelo: ['sign_in_with_google2.PNG'] | timeout=20s | confidence=0.8
2026-07-12 21:23:11 | INFO | my_functions.py:134 | Haciendo click en la posición (406, 957)
2026-07-12 21:23:12 | INFO | my_functions.py:269 | 🖱️ Click OK (En paralelo): sign_in_with_google2.PNG at (406, 957) delay=1s
2026-07-12 21:23:13 | INFO | my_functions.py:169 | Searching pagina_cargada.png (timeout=60s)
2026-07-12 21:23:21 | INFO | my_functions.py:199 | 
✅ Found: pagina_cargada.png pos=(79, 24) time=8.36s confidence=0.8
2026-07-12 21:23:23 | INFO | my_functions.py:247 | [DEBUG] Buscando en paralelo: ['john.png'] | timeout=0s | confidence=0.8
2026-07-12 21:23:27 | INFO | my_functions.py:134 | Haciendo click en la posición (1143, 619)
2026-07-12 21:23:28 | INFO | my_functions.py:269 | 🖱️ Click OK (En paralelo): john.png at (1143, 619) delay=3s
2026-07-12 21:23:29 | INFO | my_functions.py:169 | Searching marvelsnap_web.png (timeout=30s)
2026-07-12 21:23:34 | INFO | my_functions.py:199 | 
✅ Found: marvelsnap_web.png pos=(258, 80) time=5.15s confidence=0.7
2026-07-12 21:23:34 | INFO | my_functions.py:169 | Searching shop_unselected.PNG (timeout=0s)
2026-07-12 21:23:36 | INFO | my_functions.py:213 | 
⛔ Not found: shop_unselected.PNG after 0.75s region=(0, 0, 765, 1038) confidence=0.8
2026-07-12 21:23:36 | INFO | my_functions.py:247 | [DEBUG] Buscando en paralelo: ['super_premium.PNG'] | timeout=0s | confidence=0.8
2026-07-12 21:23:36 | INFO | my_functions.py:281 | [DEBUG] Click skipped, ninguna de las imágenes se encontró en el intento.
2026-07-12 21:23:37 | INFO | my_functions.py:247 | [DEBUG] Buscando en paralelo: ['maybe_later.PNG'] | timeout=0s | confidence=0.8
2026-07-12 21:23:38 | INFO | my_functions.py:281 | [DEBUG] Click skipped, ninguna de las imágenes se encontró en el intento.
2026-07-12 21:23:39 | INFO | my_functions.py:247 | [DEBUG] Buscando en paralelo: ['maybe_later2.PNG'] | timeout=0s | confidence=0.8
2026-07-12 21:23:40 | INFO | my_functions.py:281 | [DEBUG] Click skipped, ninguna de las imágenes se encontró en el intento.
2026-07-12 21:23:41 | INFO | my_functions.py:169 | Searching go_to_shop.PNG (timeout=0s)
2026-07-12 21:23:42 | INFO | my_functions.py:213 | 
⛔ Not found: go_to_shop.PNG after 0.0s region=(0, 0, 765, 1038) confidence=0.8
2026-07-12 21:23:42 | INFO | my_functions.py:247 | [DEBUG] Buscando en paralelo: ['14_days_of_winterverse.PNG'] | timeout=0s | confidence=0.8
2026-07-12 21:23:42 | INFO | my_functions.py:281 | [DEBUG] Click skipped, ninguna de las imágenes se encontró en el intento.
2026-07-12 21:23:43 | INFO | my_functions.py:169 | Searching welcome_back_calendar.PNG (timeout=0s)
2026-07-12 21:23:44 | INFO | my_functions.py:213 | 
⛔ Not found: welcome_back_calendar.PNG after 0.0s region=(0, 0, 765, 1038) confidence=0.8
2026-07-12 21:23:44 | INFO | my_functions.py:247 | [DEBUG] Buscando en paralelo: ['start_the_countdown.PNG'] | timeout=0s | confidence=0.8
2026-07-12 21:23:45 | INFO | my_functions.py:281 | [DEBUG] Click skipped, ninguna de las imágenes se encontró en el intento.
2026-07-12 21:23:46 | INFO | my_functions.py:247 | [DEBUG] Buscando en paralelo: ['event_has_ended_sanctum.PNG'] | timeout=0s | confidence=0.8
2026-07-12 21:23:46 | INFO | my_functions.py:281 | [DEBUG] Click skipped, ninguna de las imágenes se encontró en el intento.
2026-07-12 21:23:47 | INFO | my_functions.py:247 | [DEBUG] Buscando en paralelo: ['event_has_ended_teamclash.PNG'] | timeout=0s | confidence=0.8
2026-07-12 21:23:48 | INFO | my_functions.py:281 | [DEBUG] Click skipped, ninguna de las imágenes se encontró en el intento.
2026-07-12 21:23:49 | INFO | my_functions.py:247 | [DEBUG] Buscando en paralelo: ['image_part_of_event_grand_arena_finished.PNG'] | timeout=0s | confidence=0.8
2026-07-12 21:23:50 | INFO | my_functions.py:281 | [DEBUG] Click skipped, ninguna de las imágenes se encontró en el intento.
2026-07-12 21:23:51 | INFO | my_functions.py:169 | Searching 28_day_event_login_rewards.PNG (timeout=0s)
2026-07-12 21:23:51 | INFO | my_functions.py:213 | 
⛔ Not found: 28_day_event_login_rewards.PNG after 0.0s region=(0, 0, 765, 1038) confidence=0.8
2026-07-12 21:23:51 | INFO | my_functions.py:169 | Searching 7_day_event_login.PNG (timeout=0s)
2026-07-12 21:23:52 | INFO | my_functions.py:213 | 
⛔ Not found: 7_day_event_login.PNG after 0.0s region=(0, 0, 765, 1038) confidence=0.8
2026-07-12 21:23:52 | INFO | my_functions.py:169 | Searching 14_days_event.PNG (timeout=0s)
2026-07-12 21:23:52 | INFO | my_functions.py:213 | 
⛔ Not found: 14_days_event.PNG after 0.0s region=(0, 0, 765, 1038) confidence=0.8
2026-07-12 21:23:52 | INFO | my_functions.py:247 | [DEBUG] Buscando en paralelo: ['lets_go.PNG'] | timeout=0s | confidence=0.8
2026-07-12 21:23:53 | INFO | my_functions.py:281 | [DEBUG] Click skipped, ninguna de las imágenes se encontró en el intento.
2026-07-12 21:23:55 | INFO | my_functions.py:169 | Searching shop_unselected.PNG (timeout=0s)
2026-07-12 21:23:56 | INFO | my_functions.py:213 | 
⛔ Not found: shop_unselected.PNG after 0.0s region=(0, 0, 765, 1038) confidence=0.8
2026-07-12 21:23:56 | INFO | my_functions.py:247 | [DEBUG] Buscando en paralelo: ['super_premium.PNG'] | timeout=0s | confidence=0.8
2026-07-12 21:23:56 | INFO | my_functions.py:281 | [DEBUG] Click skipped, ninguna de las imágenes se encontró en el intento.
2026-07-12 21:23:57 | INFO | my_functions.py:247 | [DEBUG] Buscando en paralelo: ['maybe_later.PNG'] | timeout=0s | confidence=0.8
2026-07-12 21:23:58 | INFO | my_functions.py:281 | [DEBUG] Click skipped, ninguna de las imágenes se encontró en el intento.
2026-07-12 21:23:59 | INFO | my_functions.py:247 | [DEBUG] Buscando en paralelo: ['maybe_later2.PNG'] | timeout=0s | confidence=0.8
2026-07-12 21:24:00 | INFO | my_functions.py:281 | [DEBUG] Click skipped, ninguna de las imágenes se encontró en el intento.
2026-07-12 21:24:01 | INFO | my_functions.py:169 | Searching go_to_shop.PNG (timeout=0s)
2026-07-12 21:24:01 | INFO | my_functions.py:213 | 
⛔ Not found: go_to_shop.PNG after 0.0s region=(0, 0, 765, 1038) confidence=0.8
2026-07-12 21:24:01 | INFO | my_functions.py:247 | [DEBUG] Buscando en paralelo: ['14_days_of_winterverse.PNG'] | timeout=0s | confidence=0.8
2026-07-12 21:24:02 | INFO | my_functions.py:281 | [DEBUG] Click skipped, ninguna de las imágenes se encontró en el intento.
2026-07-12 21:24:03 | INFO | my_functions.py:169 | Searching welcome_back_calendar.PNG (timeout=0s)
2026-07-12 21:24:03 | INFO | my_functions.py:213 | 
⛔ Not found: welcome_back_calendar.PNG after 0.0s region=(0, 0, 765, 1038) confidence=0.8
2026-07-12 21:24:03 | INFO | my_functions.py:247 | [DEBUG] Buscando en paralelo: ['start_the_countdown.PNG'] | timeout=0s | confidence=0.8
2026-07-12 21:24:04 | INFO | my_functions.py:281 | [DEBUG] Click skipped, ninguna de las imágenes se encontró en el intento.
2026-07-12 21:24:05 | INFO | my_functions.py:247 | [DEBUG] Buscando en paralelo: ['event_has_ended_sanctum.PNG'] | timeout=0s | confidence=0.8
2026-07-12 21:24:05 | INFO | my_functions.py:281 | [DEBUG] Click skipped, ninguna de las imágenes se encontró en el intento.
2026-07-12 21:24:06 | INFO | my_functions.py:247 | [DEBUG] Buscando en paralelo: ['event_has_ended_teamclash.PNG'] | timeout=0s | confidence=0.8
2026-07-12 21:24:07 | INFO | my_functions.py:281 | [DEBUG] Click skipped, ninguna de las imágenes se encontró en el intento.
2026-07-12 21:24:08 | INFO | my_functions.py:247 | [DEBUG] Buscando en paralelo: ['image_part_of_event_grand_arena_finished.PNG'] | timeout=0s | confidence=0.8
2026-07-12 21:24:09 | INFO | my_functions.py:281 | [DEBUG] Click skipped, ninguna de las imágenes se encontró en el intento.
2026-07-12 21:24:10 | INFO | my_functions.py:169 | Searching 28_day_event_login_rewards.PNG (timeout=0s)
2026-07-12 21:24:10 | INFO | my_functions.py:213 | 
⛔ Not found: 28_day_event_login_rewards.PNG after 0.0s region=(0, 0, 765, 1038) confidence=0.8
2026-07-12 21:24:10 | INFO | my_functions.py:169 | Searching 7_day_event_login.PNG (timeout=0s)
2026-07-12 21:24:11 | INFO | my_functions.py:213 | 
⛔ Not found: 7_day_event_login.PNG after 0.0s region=(0, 0, 765, 1038) confidence=0.8
2026-07-12 21:24:11 | INFO | my_functions.py:169 | Searching 14_days_event.PNG (timeout=0s)
2026-07-12 21:24:11 | INFO | my_functions.py:213 | 
⛔ Not found: 14_days_event.PNG after 0.0s region=(0, 0, 765, 1038) confidence=0.8
2026-07-12 21:24:11 | INFO | my_functions.py:247 | [DEBUG] Buscando en paralelo: ['lets_go.PNG'] | timeout=0s | confidence=0.8
2026-07-12 21:24:12 | INFO | my_functions.py:281 | [DEBUG] Click skipped, ninguna de las imágenes se encontró en el intento.
2026-07-12 21:24:14 | INFO | my_functions.py:169 | Searching shop_unselected.PNG (timeout=0s)
