2026-06-02 14:00:43 | INFO | each_eight_hours.py:39 | LOG FILE PATH: \\vmware-host\Shared Folders\SHARED FILES VM\MS\logs\each_eight_hours_2026-06-02_14-00-43.log
2026-06-02 14:00:43 | INFO | each_eight_hours.py:40 | Logger initialized
2026-06-02 14:00:43 | INFO | each_eight_hours.py:67 | Script initialized
2026-06-02 14:00:45 | INFO | each_eight_hours.py:128 | snap.exe terminated if it was running
2026-06-02 14:00:46 | INFO | my_functions.py:57 | ⏳ Esperando WebSocket de OBS...
2026-06-02 14:00:52 | INFO | baseclient.py:33 | Connecting with parameters: host='localhost' port=4455 password='' subs=0 timeout=None
2026-06-02 14:00:52 | INFO | reqs.py:23 | Successfully identified ReqClient with the server using RPC version:1
2026-06-02 14:00:52 | INFO | my_functions.py:63 | ✅ Conectado al OBS WebSocket
2026-06-02 14:00:52 | ERROR | reqs.py:59 | OBSSDKRequestError: Request GetRecordStatus returned code 207. With message: OBS is not ready to perform the request.
Traceback (most recent call last):
  File "C:\Users\Farm\AppData\Local\Programs\Python\Python311\Lib\site-packages\obsws_python\reqs.py", line 53, in send
    raise OBSSDKRequestError(
obsws_python.error.OBSSDKRequestError: Request GetRecordStatus returned code 207. With message: OBS is not ready to perform the request.
2026-06-02 14:00:53 | INFO | my_functions.py:88 | 🎬 Grabación iniciada
2026-06-02 14:00:53 | INFO | my_functions.py:1294 | ⏱ Esperando 0.1 segundos antes de empezar...
2026-06-02 14:00:53 | INFO | my_functions.py:1301 | 🔍 Esperando ventana que contenga alguna de: ['py', 'eight_hours'] (máx 20s)
2026-06-02 14:00:53 | INFO | my_functions.py:1313 | ✅ Ventana encontrada: 'each_eight_hours  - Acceso directo'
2026-06-02 14:00:53 | INFO | my_functions.py:1328 | ✅ Ventana seleccionada: 'each_eight_hours  - Acceso directo'
2026-06-02 14:00:55 | INFO | my_functions.py:1351 | 🔁 Reajuste #1...
2026-06-02 14:00:55 | INFO | my_functions.py:1358 | ✔ Verificación completa. Se hicieron 1 reajustes.
2026-06-02 14:01:25 | INFO | my_functions.py:2124 | Starting Steam window scan
2026-06-02 14:01:25 | INFO | my_functions.py:2127 | Found window: 
2026-06-02 14:01:25 | INFO | my_functions.py:2127 | Found window: each_eight_hours  - Acceso directo
2026-06-02 14:01:25 | INFO | my_functions.py:2127 | Found window: 
2026-06-02 14:01:25 | INFO | my_functions.py:2127 | Found window: 
2026-06-02 14:01:25 | INFO | my_functions.py:2127 | Found window: 
2026-06-02 14:01:25 | INFO | my_functions.py:2127 | Found window: 
2026-06-02 14:01:25 | INFO | my_functions.py:2127 | Found window: RivaTunerStatisticsServer
2026-06-02 14:01:25 | INFO | my_functions.py:2127 | Found window: Program Manager
2026-06-02 14:01:25 | INFO | each_eight_hours.py:139 | Processing account: jeremy
2026-06-02 14:01:26 | INFO | each_eight_hours.py:142 | Game relaunched for account
2026-06-02 14:01:26 | INFO | my_functions.py:1294 | ⏱ Esperando 0.1 segundos antes de empezar...
2026-06-02 14:01:26 | INFO | my_functions.py:1301 | 🔍 Esperando ventana que contenga alguna de: ['SNAP'] (máx 20s)
2026-06-02 14:01:30 | INFO | my_functions.py:1313 | ✅ Ventana encontrada: 'SNAP'
2026-06-02 14:01:30 | INFO | my_functions.py:1328 | ✅ Ventana seleccionada: 'SNAP'
2026-06-02 14:01:32 | INFO | my_functions.py:1360 | ✔ Verificación completa. No hubo cambios después del primer ajuste.
2026-06-02 14:01:32 | INFO | my_functions.py:997 | [DEBUG] Resizing SNAP window...
2026-06-02 14:01:32 | INFO | my_functions.py:1294 | ⏱ Esperando 0.1 segundos antes de empezar...
2026-06-02 14:01:32 | INFO | my_functions.py:1301 | 🔍 Esperando ventana que contenga alguna de: ['SNAP'] (máx 20s)
2026-06-02 14:01:32 | INFO | my_functions.py:1313 | ✅ Ventana encontrada: 'SNAP'
2026-06-02 14:01:32 | INFO | my_functions.py:1328 | ✅ Ventana seleccionada: 'SNAP'
2026-06-02 14:01:35 | INFO | my_functions.py:1360 | ✔ Verificación completa. No hubo cambios después del primer ajuste.
2026-06-02 14:01:35 | INFO | my_functions.py:248 | [DEBUG] Buscando en paralelo: ['small_submit.PNG', 'small_submit_hover.png', 'submit_hover_2.png', 'small_submit_hover_2.png'] | timeout=90s | confidence=0.8
2026-06-02 14:01:42 | INFO | my_functions.py:135 | Haciendo click en la posición (380, 642)
2026-06-02 14:01:42 | INFO | my_functions.py:270 | 🖱️ Click OK (En paralelo): small_submit.PNG at (380, 642) delay=0.2s
2026-06-02 14:01:45 | INFO | my_functions.py:248 | [DEBUG] Buscando en paralelo: ['small_submit.PNG', 'small_submit_hover.png', 'submit_hover_2.png', 'small_submit_hover_2.png'] | timeout=20s | confidence=0.8
2026-06-02 14:01:45 | INFO | my_functions.py:135 | Haciendo click en la posición (380, 721)
2026-06-02 14:01:46 | INFO | my_functions.py:270 | 🖱️ Click OK (En paralelo): small_submit.PNG at (380, 721) delay=0.2s
2026-06-02 14:01:47 | INFO | my_functions.py:1294 | ⏱ Esperando 0.1 segundos antes de empezar...
2026-06-02 14:01:47 | INFO | my_functions.py:1301 | 🔍 Esperando ventana que contenga alguna de: ['SNAP'] (máx 20s)
2026-06-02 14:01:47 | INFO | my_functions.py:1313 | ✅ Ventana encontrada: 'SNAP'
2026-06-02 14:01:47 | INFO | my_functions.py:1328 | ✅ Ventana seleccionada: 'SNAP'
2026-06-02 14:01:49 | INFO | my_functions.py:1351 | 🔁 Reajuste #1...
2026-06-02 14:01:50 | INFO | my_functions.py:1358 | ✔ Verificación completa. Se hicieron 1 reajustes.
2026-06-02 14:01:50 | INFO | my_functions.py:170 | Searching please_sign.png (timeout=0s)
2026-06-02 14:01:50 | INFO | my_functions.py:200 | 
✅ Found: please_sign.png pos=(383, 438) time=0.19s confidence=0.8
2026-06-02 14:01:50 | INFO | my_functions.py:248 | [DEBUG] Buscando en paralelo: ['ok_btn.png'] | timeout=20s | confidence=0.8
2026-06-02 14:01:51 | INFO | my_functions.py:135 | Haciendo click en la posición (382, 634)
2026-06-02 14:01:51 | INFO | my_functions.py:270 | 🖱️ Click OK (En paralelo): ok_btn.png at (382, 634) delay=1s
2026-06-02 14:01:53 | INFO | my_functions.py:248 | [DEBUG] Buscando en paralelo: ['small_submit.PNG', 'small_submit_hover.png', 'submit_hover_2.png', 'small_submit_hover_2.png'] | timeout=90s | confidence=0.8
2026-06-02 14:01:54 | INFO | my_functions.py:135 | Haciendo click en la posición (383, 643)
2026-06-02 14:01:54 | INFO | my_functions.py:270 | 🖱️ Click OK (En paralelo): small_submit_hover_2.png at (383, 643) delay=0.2s
2026-06-02 14:01:55 | INFO | my_functions.py:248 | [DEBUG] Buscando en paralelo: ['small_submit.PNG', 'small_submit_hover.png', 'submit_hover_2.png', 'small_submit_hover_2.png'] | timeout=20s | confidence=0.8
2026-06-02 14:01:56 | INFO | my_functions.py:135 | Haciendo click en la posición (380, 721)
2026-06-02 14:01:56 | INFO | my_functions.py:270 | 🖱️ Click OK (En paralelo): small_submit.PNG at (380, 721) delay=0.2s
2026-06-02 14:01:57 | INFO | my_functions.py:170 | Searching sign_in_with_google2.PNG (timeout=90s)
2026-06-02 14:01:57 | INFO | my_functions.py:200 | 
✅ Found: sign_in_with_google2.PNG pos=(406, 957) time=0.18s confidence=0.8
2026-06-02 14:01:57 | INFO | my_functions.py:248 | [DEBUG] Buscando en paralelo: ['sign_in_with_google2.PNG'] | timeout=20s | confidence=0.8
2026-06-02 14:01:58 | INFO | my_functions.py:135 | Haciendo click en la posición (406, 957)
2026-06-02 14:01:59 | INFO | my_functions.py:270 | 🖱️ Click OK (En paralelo): sign_in_with_google2.PNG at (406, 957) delay=1s
2026-06-02 14:02:00 | INFO | my_functions.py:248 | [DEBUG] Buscando en paralelo: ['jeremy.png'] | timeout=30s | confidence=0.8
2026-06-02 14:02:30 | INFO | my_functions.py:282 | [DEBUG] Click skipped, ninguna de las imágenes se encontró en el intento.
2026-06-02 14:02:31 | INFO | my_functions.py:248 | [DEBUG] Buscando en paralelo: ['jeremy.png'] | timeout=0s | confidence=0.8
2026-06-02 14:02:35 | INFO | my_functions.py:135 | Haciendo click en la posición (1143, 645)
2026-06-02 14:02:35 | INFO | my_functions.py:270 | 🖱️ Click OK (En paralelo): jeremy.png at (1143, 645) delay=3s
2026-06-02 14:02:35 | INFO | my_functions.py:170 | Searching marvelsnap_web.png (timeout=30s)
2026-06-02 14:02:37 | INFO | my_functions.py:200 | 
✅ Found: marvelsnap_web.png pos=(258, 80) time=1.62s confidence=0.7
2026-06-02 14:02:37 | INFO | my_functions.py:170 | Searching shop_unselected.PNG (timeout=0s)
2026-06-02 14:02:37 | INFO | my_functions.py:214 | 
⛔ Not found: shop_unselected.PNG after 0.0s region=(0, 0, 765, 1038) confidence=0.8
2026-06-02 14:02:37 | INFO | my_functions.py:248 | [DEBUG] Buscando en paralelo: ['super_premium.PNG'] | timeout=0s | confidence=0.8
2026-06-02 14:02:37 | INFO | my_functions.py:282 | [DEBUG] Click skipped, ninguna de las imágenes se encontró en el intento.
2026-06-02 14:02:38 | INFO | my_functions.py:248 | [DEBUG] Buscando en paralelo: ['maybe_later.PNG'] | timeout=0s | confidence=0.8
2026-06-02 14:02:39 | INFO | my_functions.py:282 | [DEBUG] Click skipped, ninguna de las imágenes se encontró en el intento.
2026-06-02 14:02:40 | INFO | my_functions.py:248 | [DEBUG] Buscando en paralelo: ['maybe_later2.PNG'] | timeout=0s | confidence=0.8
2026-06-02 14:02:40 | INFO | my_functions.py:282 | [DEBUG] Click skipped, ninguna de las imágenes se encontró en el intento.
2026-06-02 14:02:41 | INFO | my_functions.py:170 | Searching go_to_shop.PNG (timeout=0s)
2026-06-02 14:02:41 | INFO | my_functions.py:214 | 
⛔ Not found: go_to_shop.PNG after 0.0s region=(0, 0, 765, 1038) confidence=0.8
2026-06-02 14:02:41 | INFO | my_functions.py:248 | [DEBUG] Buscando en paralelo: ['14_days_of_winterverse.PNG'] | timeout=0s | confidence=0.8
2026-06-02 14:02:41 | INFO | my_functions.py:282 | [DEBUG] Click skipped, ninguna de las imágenes se encontró en el intento.
2026-06-02 14:02:42 | INFO | my_functions.py:170 | Searching welcome_back_calendar.PNG (timeout=0s)
2026-06-02 14:02:43 | INFO | my_functions.py:214 | 
⛔ Not found: welcome_back_calendar.PNG after 0.16s region=(0, 0, 765, 1038) confidence=0.8
2026-06-02 14:02:43 | INFO | my_functions.py:248 | [DEBUG] Buscando en paralelo: ['start_the_countdown.PNG'] | timeout=0s | confidence=0.8
2026-06-02 14:02:43 | INFO | my_functions.py:282 | [DEBUG] Click skipped, ninguna de las imágenes se encontró en el intento.
2026-06-02 14:02:44 | INFO | my_functions.py:248 | [DEBUG] Buscando en paralelo: ['event_has_ended_sanctum.PNG'] | timeout=0s | confidence=0.8
2026-06-02 14:02:44 | INFO | my_functions.py:282 | [DEBUG] Click skipped, ninguna de las imágenes se encontró en el intento.
2026-06-02 14:02:45 | INFO | my_functions.py:248 | [DEBUG] Buscando en paralelo: ['image_part_of_event_grand_arena_finished.PNG'] | timeout=0s | confidence=0.8
2026-06-02 14:02:45 | INFO | my_functions.py:282 | [DEBUG] Click skipped, ninguna de las imágenes se encontró en el intento.
2026-06-02 14:02:47 | INFO | my_functions.py:170 | Searching 28_day_event_login_rewards.PNG (timeout=0s)
2026-06-02 14:02:47 | INFO | my_functions.py:214 | 
⛔ Not found: 28_day_event_login_rewards.PNG after 0.0s region=(0, 0, 765, 1038) confidence=0.8
2026-06-02 14:02:47 | INFO | my_functions.py:170 | Searching 7_day_event_login.PNG (timeout=0s)
2026-06-02 14:02:47 | INFO | my_functions.py:214 | 
⛔ Not found: 7_day_event_login.PNG after 0.0s region=(0, 0, 765, 1038) confidence=0.8
2026-06-02 14:02:47 | INFO | my_functions.py:170 | Searching 14_days_event.PNG (timeout=0s)
2026-06-02 14:02:47 | INFO | my_functions.py:214 | 
⛔ Not found: 14_days_event.PNG after 0.01s region=(0, 0, 765, 1038) confidence=0.8
2026-06-02 14:02:47 | INFO | my_functions.py:248 | [DEBUG] Buscando en paralelo: ['lets_go.PNG'] | timeout=0s | confidence=0.8
2026-06-02 14:02:48 | INFO | my_functions.py:282 | [DEBUG] Click skipped, ninguna de las imágenes se encontró en el intento.
2026-06-02 14:02:50 | INFO | my_functions.py:170 | Searching shop_unselected.PNG (timeout=0s)
2026-06-02 14:02:50 | INFO | my_functions.py:200 | 
✅ Found: shop_unselected.PNG pos=(88, 961) time=0.2s confidence=0.8
2026-06-02 14:02:58 | INFO | my_functions.py:170 | Searching shop_unselected.PNG (timeout=0s)
2026-06-02 14:02:58 | INFO | my_functions.py:214 | 
⛔ Not found: shop_unselected.PNG after 0.0s region=(0, 0, 765, 1038) confidence=0.8
2026-06-02 14:02:59 | INFO | my_functions.py:170 | Searching shop_unselected.PNG (timeout=0s)
2026-06-02 14:02:59 | INFO | my_functions.py:214 | 
⛔ Not found: shop_unselected.PNG after 0.0s region=(0, 0, 765, 1038) confidence=0.8
2026-06-02 14:02:59 | INFO | my_functions.py:248 | [DEBUG] Buscando en paralelo: ['super_premium.PNG'] | timeout=0s | confidence=0.8
2026-06-02 14:02:59 | INFO | my_functions.py:282 | [DEBUG] Click skipped, ninguna de las imágenes se encontró en el intento.
2026-06-02 14:03:01 | INFO | my_functions.py:248 | [DEBUG] Buscando en paralelo: ['maybe_later.PNG'] | timeout=0s | confidence=0.8
2026-06-02 14:03:01 | INFO | my_functions.py:282 | [DEBUG] Click skipped, ninguna de las imágenes se encontró en el intento.
2026-06-02 14:03:02 | INFO | my_functions.py:248 | [DEBUG] Buscando en paralelo: ['maybe_later2.PNG'] | timeout=0s | confidence=0.8
2026-06-02 14:03:02 | INFO | my_functions.py:282 | [DEBUG] Click skipped, ninguna de las imágenes se encontró en el intento.
2026-06-02 14:03:03 | INFO | my_functions.py:170 | Searching go_to_shop.PNG (timeout=0s)
2026-06-02 14:03:03 | INFO | my_functions.py:200 | 
✅ Found: go_to_shop.PNG pos=(275, 827) time=0.18s confidence=0.8
2026-06-02 14:03:05 | INFO | my_functions.py:248 | [DEBUG] Buscando en paralelo: ['white_x.png'] | timeout=20s | confidence=0.8
2026-06-02 14:03:07 | INFO | my_functions.py:135 | Haciendo click en la posición (597, 113)
2026-06-02 14:03:07 | INFO | my_functions.py:270 | 🖱️ Click OK (En paralelo): white_x.png at (597, 113) delay=1s
2026-06-02 14:03:16 | INFO | my_functions.py:170 | Searching shop_unselected.PNG (timeout=0s)
2026-06-02 14:03:16 | INFO | my_functions.py:214 | 
⛔ Not found: shop_unselected.PNG after 0.0s region=(0, 0, 765, 1038) confidence=0.8
2026-06-02 14:03:17 | INFO | my_functions.py:170 | Searching shop_unselected.PNG (timeout=0s)
2026-06-02 14:03:17 | INFO | my_functions.py:214 | 
⛔ Not found: shop_unselected.PNG after 0.0s region=(0, 0, 765, 1038) confidence=0.8
2026-06-02 14:03:17 | INFO | my_functions.py:248 | [DEBUG] Buscando en paralelo: ['super_premium.PNG'] | timeout=0s | confidence=0.8
2026-06-02 14:03:17 | INFO | my_functions.py:282 | [DEBUG] Click skipped, ninguna de las imágenes se encontró en el intento.
2026-06-02 14:03:19 | INFO | my_functions.py:248 | [DEBUG] Buscando en paralelo: ['maybe_later.PNG'] | timeout=0s | confidence=0.8
2026-06-02 14:03:19 | INFO | my_functions.py:282 | [DEBUG] Click skipped, ninguna de las imágenes se encontró en el intento.
2026-06-02 14:03:20 | INFO | my_functions.py:248 | [DEBUG] Buscando en paralelo: ['maybe_later2.PNG'] | timeout=0s | confidence=0.8
2026-06-02 14:03:20 | INFO | my_functions.py:282 | [DEBUG] Click skipped, ninguna de las imágenes se encontró en el intento.
2026-06-02 14:03:21 | INFO | my_functions.py:170 | Searching go_to_shop.PNG (timeout=0s)
2026-06-02 14:03:21 | INFO | my_functions.py:214 | 
⛔ Not found: go_to_shop.PNG after 0.0s region=(0, 0, 765, 1038) confidence=0.8
2026-06-02 14:03:21 | INFO | my_functions.py:248 | [DEBUG] Buscando en paralelo: ['14_days_of_winterverse.PNG'] | timeout=0s | confidence=0.8
2026-06-02 14:03:22 | INFO | my_functions.py:282 | [DEBUG] Click skipped, ninguna de las imágenes se encontró en el intento.
2026-06-02 14:03:23 | INFO | my_functions.py:170 | Searching welcome_back_calendar.PNG (timeout=0s)
2026-06-02 14:03:23 | INFO | my_functions.py:214 | 
⛔ Not found: welcome_back_calendar.PNG after 0.0s region=(0, 0, 765, 1038) confidence=0.8
2026-06-02 14:03:23 | INFO | my_functions.py:248 | [DEBUG] Buscando en paralelo: ['start_the_countdown.PNG'] | timeout=0s | confidence=0.8
2026-06-02 14:03:23 | INFO | my_functions.py:282 | [DEBUG] Click skipped, ninguna de las imágenes se encontró en el intento.
2026-06-02 14:03:24 | INFO | my_functions.py:248 | [DEBUG] Buscando en paralelo: ['event_has_ended_sanctum.PNG'] | timeout=0s | confidence=0.8
2026-06-02 14:03:24 | INFO | my_functions.py:282 | [DEBUG] Click skipped, ninguna de las imágenes se encontró en el intento.
2026-06-02 14:03:25 | INFO | my_functions.py:248 | [DEBUG] Buscando en paralelo: ['image_part_of_event_grand_arena_finished.PNG'] | timeout=0s | confidence=0.8
2026-06-02 14:03:26 | INFO | my_functions.py:282 | [DEBUG] Click skipped, ninguna de las imágenes se encontró en el intento.
2026-06-02 14:03:27 | INFO | my_functions.py:170 | Searching 28_day_event_login_rewards.PNG (timeout=0s)
2026-06-02 14:03:27 | INFO | my_functions.py:214 | 
⛔ Not found: 28_day_event_login_rewards.PNG after 0.0s region=(0, 0, 765, 1038) confidence=0.8
2026-06-02 14:03:27 | INFO | my_functions.py:170 | Searching 7_day_event_login.PNG (timeout=0s)
2026-06-02 14:03:27 | INFO | my_functions.py:214 | 
⛔ Not found: 7_day_event_login.PNG after 0.0s region=(0, 0, 765, 1038) confidence=0.8
2026-06-02 14:03:27 | INFO | my_functions.py:170 | Searching 14_days_event.PNG (timeout=0s)
2026-06-02 14:03:27 | INFO | my_functions.py:214 | 
⛔ Not found: 14_days_event.PNG after 0.0s region=(0, 0, 765, 1038) confidence=0.8
2026-06-02 14:03:27 | INFO | my_functions.py:248 | [DEBUG] Buscando en paralelo: ['lets_go.PNG'] | timeout=0s | confidence=0.8
2026-06-02 14:03:28 | INFO | my_functions.py:135 | Haciendo click en la posición (381, 711)
2026-06-02 14:03:29 | INFO | my_functions.py:270 | 🖱️ Click OK (En paralelo): lets_go.PNG at (381, 711) delay=1s
2026-06-02 14:03:30 | INFO | my_functions.py:170 | Searching claim!.PNG (timeout=5s)
2026-06-02 14:03:30 | INFO | my_functions.py:200 | 
✅ Found: claim!.PNG pos=(381, 924) time=0.22s confidence=0.8
2026-06-02 14:03:33 | INFO | my_functions.py:135 | Haciendo click en la posición (381, 924)
2026-06-02 14:03:34 | INFO | my_functions.py:248 | [DEBUG] Buscando en paralelo: ['nice!.PNG'] | timeout=0s | confidence=0.8
2026-06-02 14:03:34 | INFO | my_functions.py:282 | [DEBUG] Click skipped, ninguna de las imágenes se encontró en el intento.
2026-06-02 14:03:36 | INFO | my_functions.py:248 | [DEBUG] Buscando en paralelo: ['claim!.PNG'] | timeout=0s | confidence=0.8
2026-06-02 14:03:36 | INFO | my_functions.py:282 | [DEBUG] Click skipped, ninguna de las imágenes se encontró en el intento.
2026-06-02 14:03:37 | INFO | my_functions.py:248 | [DEBUG] Buscando en paralelo: ['claim_hover.PNG'] | timeout=0s | confidence=0.8
2026-06-02 14:03:38 | INFO | my_functions.py:135 | Haciendo click en la posición (383, 921)
2026-06-02 14:03:38 | INFO | my_functions.py:270 | 🖱️ Click OK (En paralelo): claim_hover.PNG at (383, 921) delay=1s
2026-06-02 14:03:39 | INFO | my_functions.py:248 | [DEBUG] Buscando en paralelo: ['nice_hover_half.PNG'] | timeout=0s | confidence=0.8
2026-06-02 14:03:40 | INFO | my_functions.py:282 | [DEBUG] Click skipped, ninguna de las imágenes se encontró en el intento.
2026-06-02 14:03:41 | INFO | my_functions.py:248 | [DEBUG] Buscando en paralelo: ['nice!.PNG'] | timeout=0s | confidence=0.8
2026-06-02 14:03:41 | INFO | my_functions.py:282 | [DEBUG] Click skipped, ninguna de las imágenes se encontró en el intento.
2026-06-02 14:03:42 | INFO | my_functions.py:248 | [DEBUG] Buscando en paralelo: ['claim!.PNG'] | timeout=0s | confidence=0.8
2026-06-02 14:03:42 | INFO | my_functions.py:282 | [DEBUG] Click skipped, ninguna de las imágenes se encontró en el intento.
2026-06-02 14:03:43 | INFO | my_functions.py:248 | [DEBUG] Buscando en paralelo: ['claim_hover.PNG'] | timeout=0s | confidence=0.8
2026-06-02 14:03:44 | INFO | my_functions.py:135 | Haciendo click en la posición (383, 921)
2026-06-02 14:03:45 | INFO | my_functions.py:270 | 🖱️ Click OK (En paralelo): claim_hover.PNG at (383, 921) delay=1s
2026-06-02 14:03:46 | INFO | my_functions.py:248 | [DEBUG] Buscando en paralelo: ['nice_hover_half.PNG'] | timeout=0s | confidence=0.8
2026-06-02 14:03:46 | INFO | my_functions.py:282 | [DEBUG] Click skipped, ninguna de las imágenes se encontró en el intento.
2026-06-02 14:03:47 | INFO | my_functions.py:248 | [DEBUG] Buscando en paralelo: ['nice!.PNG'] | timeout=0s | confidence=0.8
2026-06-02 14:03:47 | INFO | my_functions.py:282 | [DEBUG] Click skipped, ninguna de las imágenes se encontró en el intento.
2026-06-02 14:03:48 | INFO | my_functions.py:248 | [DEBUG] Buscando en paralelo: ['claim!.PNG'] | timeout=0s | confidence=0.8
2026-06-02 14:03:49 | INFO | my_functions.py:282 | [DEBUG] Click skipped, ninguna de las imágenes se encontró en el intento.
2026-06-02 14:03:50 | INFO | my_functions.py:248 | [DEBUG] Buscando en paralelo: ['claim_hover.PNG'] | timeout=0s | confidence=0.8
2026-06-02 14:03:51 | INFO | my_functions.py:135 | Haciendo click en la posición (383, 921)
2026-06-02 14:03:51 | INFO | my_functions.py:270 | 🖱️ Click OK (En paralelo): claim_hover.PNG at (383, 921) delay=1s
2026-06-02 14:03:52 | INFO | my_functions.py:248 | [DEBUG] Buscando en paralelo: ['nice_hover_half.PNG'] | timeout=0s | confidence=0.8
2026-06-02 14:03:52 | INFO | my_functions.py:282 | [DEBUG] Click skipped, ninguna de las imágenes se encontró en el intento.
2026-06-02 14:03:54 | INFO | my_functions.py:248 | [DEBUG] Buscando en paralelo: ['nice!.PNG'] | timeout=0s | confidence=0.8
2026-06-02 14:03:54 | INFO | my_functions.py:282 | [DEBUG] Click skipped, ninguna de las imágenes se encontró en el intento.
2026-06-02 14:03:55 | INFO | my_functions.py:248 | [DEBUG] Buscando en paralelo: ['claim!.PNG'] | timeout=0s | confidence=0.8
2026-06-02 14:03:55 | INFO | my_functions.py:282 | [DEBUG] Click skipped, ninguna de las imágenes se encontró en el intento.
2026-06-02 14:03:56 | INFO | my_functions.py:248 | [DEBUG] Buscando en paralelo: ['claim_hover.PNG'] | timeout=0s | confidence=0.8
2026-06-02 14:03:57 | INFO | my_functions.py:135 | Haciendo click en la posición (383, 921)
2026-06-02 14:03:58 | INFO | my_functions.py:270 | 🖱️ Click OK (En paralelo): claim_hover.PNG at (383, 921) delay=1s
2026-06-02 14:03:59 | INFO | my_functions.py:248 | [DEBUG] Buscando en paralelo: ['nice_hover_half.PNG'] | timeout=0s | confidence=0.8
2026-06-02 14:03:59 | INFO | my_functions.py:282 | [DEBUG] Click skipped, ninguna de las imágenes se encontró en el intento.
2026-06-02 14:04:08 | INFO | my_functions.py:170 | Searching shop_unselected.PNG (timeout=0s)
2026-06-02 14:04:08 | INFO | my_functions.py:214 | 
⛔ Not found: shop_unselected.PNG after 0.0s region=(0, 0, 765, 1038) confidence=0.8
2026-06-02 14:04:09 | INFO | my_functions.py:170 | Searching shop_unselected.PNG (timeout=0s)
2026-06-02 14:04:09 | INFO | my_functions.py:214 | 
⛔ Not found: shop_unselected.PNG after 0.0s region=(0, 0, 765, 1038) confidence=0.8
2026-06-02 14:04:09 | INFO | my_functions.py:248 | [DEBUG] Buscando en paralelo: ['super_premium.PNG'] | timeout=0s | confidence=0.8
2026-06-02 14:04:10 | INFO | my_functions.py:282 | [DEBUG] Click skipped, ninguna de las imágenes se encontró en el intento.
2026-06-02 14:04:11 | INFO | my_functions.py:248 | [DEBUG] Buscando en paralelo: ['maybe_later.PNG'] | timeout=0s | confidence=0.8
2026-06-02 14:04:11 | INFO | my_functions.py:282 | [DEBUG] Click skipped, ninguna de las imágenes se encontró en el intento.
2026-06-02 14:04:12 | INFO | my_functions.py:248 | [DEBUG] Buscando en paralelo: ['maybe_later2.PNG'] | timeout=0s | confidence=0.8
2026-06-02 14:04:12 | INFO | my_functions.py:282 | [DEBUG] Click skipped, ninguna de las imágenes se encontró en el intento.
2026-06-02 14:04:13 | INFO | my_functions.py:170 | Searching go_to_shop.PNG (timeout=0s)
2026-06-02 14:04:14 | INFO | my_functions.py:214 | 
⛔ Not found: go_to_shop.PNG after 0.17s region=(0, 0, 765, 1038) confidence=0.8
2026-06-02 14:04:14 | INFO | my_functions.py:248 | [DEBUG] Buscando en paralelo: ['14_days_of_winterverse.PNG'] | timeout=0s | confidence=0.8
2026-06-02 14:04:14 | INFO | my_functions.py:282 | [DEBUG] Click skipped, ninguna de las imágenes se encontró en el intento.
2026-06-02 14:04:15 | INFO | my_functions.py:170 | Searching welcome_back_calendar.PNG (timeout=0s)
2026-06-02 14:04:15 | INFO | my_functions.py:214 | 
⛔ Not found: welcome_back_calendar.PNG after 0.0s region=(0, 0, 765, 1038) confidence=0.8
2026-06-02 14:04:15 | INFO | my_functions.py:248 | [DEBUG] Buscando en paralelo: ['start_the_countdown.PNG'] | timeout=0s | confidence=0.8
2026-06-02 14:04:15 | INFO | my_functions.py:282 | [DEBUG] Click skipped, ninguna de las imágenes se encontró en el intento.
2026-06-02 14:04:16 | INFO | my_functions.py:248 | [DEBUG] Buscando en paralelo: ['event_has_ended_sanctum.PNG'] | timeout=0s | confidence=0.8
2026-06-02 14:04:17 | INFO | my_functions.py:282 | [DEBUG] Click skipped, ninguna de las imágenes se encontró en el intento.
2026-06-02 14:04:18 | INFO | my_functions.py:248 | [DEBUG] Buscando en paralelo: ['image_part_of_event_grand_arena_finished.PNG'] | timeout=0s | confidence=0.8
2026-06-02 14:04:18 | INFO | my_functions.py:282 | [DEBUG] Click skipped, ninguna de las imágenes se encontró en el intento.
2026-06-02 14:04:19 | INFO | my_functions.py:170 | Searching 28_day_event_login_rewards.PNG (timeout=0s)
2026-06-02 14:04:19 | INFO | my_functions.py:214 | 
⛔ Not found: 28_day_event_login_rewards.PNG after 0.0s region=(0, 0, 765, 1038) confidence=0.8
2026-06-02 14:04:19 | INFO | my_functions.py:170 | Searching 7_day_event_login.PNG (timeout=0s)
2026-06-02 14:04:19 | INFO | my_functions.py:214 | 
⛔ Not found: 7_day_event_login.PNG after 0.0s region=(0, 0, 765, 1038) confidence=0.8
2026-06-02 14:04:19 | INFO | my_functions.py:170 | Searching 14_days_event.PNG (timeout=0s)
2026-06-02 14:04:19 | INFO | my_functions.py:214 | 
⛔ Not found: 14_days_event.PNG after 0.0s region=(0, 0, 765, 1038) confidence=0.8
2026-06-02 14:04:19 | INFO | my_functions.py:248 | [DEBUG] Buscando en paralelo: ['lets_go.PNG'] | timeout=0s | confidence=0.8
2026-06-02 14:04:20 | INFO | my_functions.py:282 | [DEBUG] Click skipped, ninguna de las imágenes se encontró en el intento.
2026-06-02 14:04:22 | INFO | my_functions.py:170 | Searching shop_unselected.PNG (timeout=0s)
2026-06-02 14:04:22 | INFO | my_functions.py:214 | 
⛔ Not found: shop_unselected.PNG after 0.0s region=(0, 0, 765, 1038) confidence=0.8
2026-06-02 14:04:22 | INFO | my_functions.py:248 | [DEBUG] Buscando en paralelo: ['super_premium.PNG'] | timeout=0s | confidence=0.8
2026-06-02 14:04:22 | INFO | my_functions.py:282 | [DEBUG] Click skipped, ninguna de las imágenes se encontró en el intento.
2026-06-02 14:04:23 | INFO | my_functions.py:248 | [DEBUG] Buscando en paralelo: ['maybe_later.PNG'] | timeout=0s | confidence=0.8
2026-06-02 14:04:23 | INFO | my_functions.py:282 | [DEBUG] Click skipped, ninguna de las imágenes se encontró en el intento.
2026-06-02 14:04:24 | INFO | my_functions.py:248 | [DEBUG] Buscando en paralelo: ['maybe_later2.PNG'] | timeout=0s | confidence=0.8
2026-06-02 14:04:25 | INFO | my_functions.py:282 | [DEBUG] Click skipped, ninguna de las imágenes se encontró en el intento.
2026-06-02 14:04:26 | INFO | my_functions.py:170 | Searching go_to_shop.PNG (timeout=0s)
2026-06-02 14:04:26 | INFO | my_functions.py:214 | 
⛔ Not found: go_to_shop.PNG after 0.0s region=(0, 0, 765, 1038) confidence=0.8
2026-06-02 14:04:26 | INFO | my_functions.py:248 | [DEBUG] Buscando en paralelo: ['14_days_of_winterverse.PNG'] | timeout=0s | confidence=0.8
2026-06-02 14:04:26 | INFO | my_functions.py:282 | [DEBUG] Click skipped, ninguna de las imágenes se encontró en el intento.
2026-06-02 14:04:27 | INFO | my_functions.py:170 | Searching welcome_back_calendar.PNG (timeout=0s)
2026-06-02 14:04:27 | INFO | my_functions.py:214 | 
⛔ Not found: welcome_back_calendar.PNG after 0.0s region=(0, 0, 765, 1038) confidence=0.8
2026-06-02 14:04:27 | INFO | my_functions.py:248 | [DEBUG] Buscando en paralelo: ['start_the_countdown.PNG'] | timeout=0s | confidence=0.8
2026-06-02 14:04:28 | INFO | my_functions.py:282 | [DEBUG] Click skipped, ninguna de las imágenes se encontró en el intento.
2026-06-02 14:04:29 | INFO | my_functions.py:248 | [DEBUG] Buscando en paralelo: ['event_has_ended_sanctum.PNG'] | timeout=0s | confidence=0.8
2026-06-02 14:04:29 | INFO | my_functions.py:282 | [DEBUG] Click skipped, ninguna de las imágenes se encontró en el intento.
2026-06-02 14:04:30 | INFO | my_functions.py:248 | [DEBUG] Buscando en paralelo: ['image_part_of_event_grand_arena_finished.PNG'] | timeout=0s | confidence=0.8
2026-06-02 14:04:30 | INFO | my_functions.py:282 | [DEBUG] Click skipped, ninguna de las imágenes se encontró en el intento.
2026-06-02 14:04:31 | INFO | my_functions.py:170 | Searching 28_day_event_login_rewards.PNG (timeout=0s)
2026-06-02 14:04:31 | INFO | my_functions.py:214 | 
⛔ Not found: 28_day_event_login_rewards.PNG after 0.0s region=(0, 0, 765, 1038) confidence=0.8
2026-06-02 14:04:31 | INFO | my_functions.py:170 | Searching 7_day_event_login.PNG (timeout=0s)
2026-06-02 14:04:32 | INFO | my_functions.py:214 | 
⛔ Not found: 7_day_event_login.PNG after 0.0s region=(0, 0, 765, 1038) confidence=0.8
2026-06-02 14:04:32 | INFO | my_functions.py:170 | Searching 14_days_event.PNG (timeout=0s)
2026-06-02 14:04:32 | INFO | my_functions.py:214 | 
⛔ Not found: 14_days_event.PNG after 0.0s region=(0, 0, 765, 1038) confidence=0.8
2026-06-02 14:04:32 | INFO | my_functions.py:248 | [DEBUG] Buscando en paralelo: ['lets_go.PNG'] | timeout=0s | confidence=0.8
2026-06-02 14:04:32 | INFO | my_functions.py:282 | [DEBUG] Click skipped, ninguna de las imágenes se encontró en el intento.
2026-06-02 14:04:34 | INFO | my_functions.py:170 | Searching shop_unselected.PNG (timeout=0s)
2026-06-02 14:04:34 | INFO | my_functions.py:214 | 
⛔ Not found: shop_unselected.PNG after 0.0s region=(0, 0, 765, 1038) confidence=0.8
2026-06-02 14:04:34 | INFO | my_functions.py:248 | [DEBUG] Buscando en paralelo: ['super_premium.PNG'] | timeout=0s | confidence=0.8
2026-06-02 14:04:34 | INFO | my_functions.py:282 | [DEBUG] Click skipped, ninguna de las imágenes se encontró en el intento.
2026-06-02 14:04:36 | INFO | my_functions.py:248 | [DEBUG] Buscando en paralelo: ['maybe_later.PNG'] | timeout=0s | confidence=0.8
2026-06-02 14:04:36 | INFO | my_functions.py:282 | [DEBUG] Click skipped, ninguna de las imágenes se encontró en el intento.
2026-06-02 14:04:37 | INFO | my_functions.py:248 | [DEBUG] Buscando en paralelo: ['maybe_later2.PNG'] | timeout=0s | confidence=0.8
2026-06-02 14:04:37 | INFO | my_functions.py:282 | [DEBUG] Click skipped, ninguna de las imágenes se encontró en el intento.
2026-06-02 14:04:38 | INFO | my_functions.py:170 | Searching go_to_shop.PNG (timeout=0s)
2026-06-02 14:04:38 | INFO | my_functions.py:214 | 
⛔ Not found: go_to_shop.PNG after 0.0s region=(0, 0, 765, 1038) confidence=0.8
2026-06-02 14:04:38 | INFO | my_functions.py:248 | [DEBUG] Buscando en paralelo: ['14_days_of_winterverse.PNG'] | timeout=0s | confidence=0.8
2026-06-02 14:04:38 | INFO | my_functions.py:282 | [DEBUG] Click skipped, ninguna de las imágenes se encontró en el intento.
2026-06-02 14:04:40 | INFO | my_functions.py:170 | Searching welcome_back_calendar.PNG (timeout=0s)
2026-06-02 14:04:40 | INFO | my_functions.py:214 | 
⛔ Not found: welcome_back_calendar.PNG after 0.0s region=(0, 0, 765, 1038) confidence=0.8
2026-06-02 14:04:40 | INFO | my_functions.py:248 | [DEBUG] Buscando en paralelo: ['start_the_countdown.PNG'] | timeout=0s | confidence=0.8
2026-06-02 14:04:40 | INFO | my_functions.py:282 | [DEBUG] Click skipped, ninguna de las imágenes se encontró en el intento.
2026-06-02 14:04:41 | INFO | my_functions.py:248 | [DEBUG] Buscando en paralelo: ['event_has_ended_sanctum.PNG'] | timeout=0s | confidence=0.8
2026-06-02 14:04:41 | INFO | my_functions.py:282 | [DEBUG] Click skipped, ninguna de las imágenes se encontró en el intento.
2026-06-02 14:04:42 | INFO | my_functions.py:248 | [DEBUG] Buscando en paralelo: ['image_part_of_event_grand_arena_finished.PNG'] | timeout=0s | confidence=0.8
2026-06-02 14:04:42 | INFO | my_functions.py:282 | [DEBUG] Click skipped, ninguna de las imágenes se encontró en el intento.
2026-06-02 14:04:44 | INFO | my_functions.py:170 | Searching 28_day_event_login_rewards.PNG (timeout=0s)
2026-06-02 14:04:44 | INFO | my_functions.py:214 | 
⛔ Not found: 28_day_event_login_rewards.PNG after 0.17s region=(0, 0, 765, 1038) confidence=0.8
2026-06-02 14:04:44 | INFO | my_functions.py:170 | Searching 7_day_event_login.PNG (timeout=0s)
2026-06-02 14:04:44 | INFO | my_functions.py:214 | 
⛔ Not found: 7_day_event_login.PNG after 0.0s region=(0, 0, 765, 1038) confidence=0.8
2026-06-02 14:04:44 | INFO | my_functions.py:170 | Searching 14_days_event.PNG (timeout=0s)
2026-06-02 14:04:44 | INFO | my_functions.py:214 | 
⛔ Not found: 14_days_event.PNG after 0.0s region=(0, 0, 765, 1038) confidence=0.8
2026-06-02 14:04:44 | INFO | my_functions.py:248 | [DEBUG] Buscando en paralelo: ['lets_go.PNG'] | timeout=0s | confidence=0.8
2026-06-02 14:04:44 | INFO | my_functions.py:282 | [DEBUG] Click skipped, ninguna de las imágenes se encontró en el intento.
2026-06-02 14:04:47 | INFO | my_functions.py:170 | Searching shop_unselected.PNG (timeout=0s)
2026-06-02 14:04:47 | INFO | my_functions.py:214 | 
⛔ Not found: shop_unselected.PNG after 0.0s region=(0, 0, 765, 1038) confidence=0.8
2026-06-02 14:04:47 | INFO | my_functions.py:248 | [DEBUG] Buscando en paralelo: ['super_premium.PNG'] | timeout=0s | confidence=0.8
2026-06-02 14:04:47 | INFO | my_functions.py:282 | [DEBUG] Click skipped, ninguna de las imágenes se encontró en el intento.
2026-06-02 14:04:48 | INFO | my_functions.py:248 | [DEBUG] Buscando en paralelo: ['maybe_later.PNG'] | timeout=0s | confidence=0.8
2026-06-02 14:04:48 | INFO | my_functions.py:282 | [DEBUG] Click skipped, ninguna de las imágenes se encontró en el intento.
2026-06-02 14:04:49 | INFO | my_functions.py:248 | [DEBUG] Buscando en paralelo: ['maybe_later2.PNG'] | timeout=0s | confidence=0.8
2026-06-02 14:04:49 | INFO | my_functions.py:282 | [DEBUG] Click skipped, ninguna de las imágenes se encontró en el intento.
2026-06-02 14:04:51 | INFO | my_functions.py:170 | Searching go_to_shop.PNG (timeout=0s)
2026-06-02 14:04:51 | INFO | my_functions.py:214 | 
⛔ Not found: go_to_shop.PNG after 0.0s region=(0, 0, 765, 1038) confidence=0.8
2026-06-02 14:04:51 | INFO | my_functions.py:248 | [DEBUG] Buscando en paralelo: ['14_days_of_winterverse.PNG'] | timeout=0s | confidence=0.8
2026-06-02 14:04:51 | INFO | my_functions.py:282 | [DEBUG] Click skipped, ninguna de las imágenes se encontró en el intento.
2026-06-02 14:04:52 | INFO | my_functions.py:170 | Searching welcome_back_calendar.PNG (timeout=0s)
2026-06-02 14:04:52 | INFO | my_functions.py:214 | 
⛔ Not found: welcome_back_calendar.PNG after 0.0s region=(0, 0, 765, 1038) confidence=0.8
2026-06-02 14:04:52 | INFO | my_functions.py:248 | [DEBUG] Buscando en paralelo: ['start_the_countdown.PNG'] | timeout=0s | confidence=0.8
2026-06-02 14:04:52 | INFO | my_functions.py:282 | [DEBUG] Click skipped, ninguna de las imágenes se encontró en el intento.
2026-06-02 14:04:54 | INFO | my_functions.py:248 | [DEBUG] Buscando en paralelo: ['event_has_ended_sanctum.PNG'] | timeout=0s | confidence=0.8
2026-06-02 14:04:54 | INFO | my_functions.py:282 | [DEBUG] Click skipped, ninguna de las imágenes se encontró en el intento.
2026-06-02 14:04:55 | INFO | my_functions.py:248 | [DEBUG] Buscando en paralelo: ['image_part_of_event_grand_arena_finished.PNG'] | timeout=0s | confidence=0.8
2026-06-02 14:04:55 | INFO | my_functions.py:282 | [DEBUG] Click skipped, ninguna de las imágenes se encontró en el intento.
2026-06-02 14:04:56 | INFO | my_functions.py:170 | Searching 28_day_event_login_rewards.PNG (timeout=0s)
2026-06-02 14:04:56 | INFO | my_functions.py:214 | 
⛔ Not found: 28_day_event_login_rewards.PNG after 0.0s region=(0, 0, 765, 1038) confidence=0.8
2026-06-02 14:04:56 | INFO | my_functions.py:170 | Searching 7_day_event_login.PNG (timeout=0s)
2026-06-02 14:04:56 | INFO | my_functions.py:214 | 
⛔ Not found: 7_day_event_login.PNG after 0.0s region=(0, 0, 765, 1038) confidence=0.8
2026-06-02 14:04:56 | INFO | my_functions.py:170 | Searching 14_days_event.PNG (timeout=0s)
2026-06-02 14:04:57 | INFO | my_functions.py:214 | 
⛔ Not found: 14_days_event.PNG after 0.01s region=(0, 0, 765, 1038) confidence=0.8
2026-06-02 14:04:57 | INFO | my_functions.py:248 | [DEBUG] Buscando en paralelo: ['lets_go.PNG'] | timeout=0s | confidence=0.8
2026-06-02 14:04:57 | INFO | my_functions.py:282 | [DEBUG] Click skipped, ninguna de las imágenes se encontró en el intento.
2026-06-02 14:04:59 | INFO | my_functions.py:170 | Searching shop_unselected.PNG (timeout=0s)
2026-06-02 14:04:59 | INFO | my_functions.py:214 | 
⛔ Not found: shop_unselected.PNG after 0.0s region=(0, 0, 765, 1038) confidence=0.8
2026-06-02 14:04:59 | INFO | my_functions.py:248 | [DEBUG] Buscando en paralelo: ['super_premium.PNG'] | timeout=0s | confidence=0.8
2026-06-02 14:04:59 | INFO | my_functions.py:282 | [DEBUG] Click skipped, ninguna de las imágenes se encontró en el intento.
2026-06-02 14:05:00 | INFO | my_functions.py:248 | [DEBUG] Buscando en paralelo: ['maybe_later.PNG'] | timeout=0s | confidence=0.8
2026-06-02 14:05:00 | INFO | my_functions.py:282 | [DEBUG] Click skipped, ninguna de las imágenes se encontró en el intento.
2026-06-02 14:05:02 | INFO | my_functions.py:248 | [DEBUG] Buscando en paralelo: ['maybe_later2.PNG'] | timeout=0s | confidence=0.8
2026-06-02 14:05:02 | INFO | my_functions.py:282 | [DEBUG] Click skipped, ninguna de las imágenes se encontró en el intento.
2026-06-02 14:05:03 | INFO | my_functions.py:170 | Searching go_to_shop.PNG (timeout=0s)
2026-06-02 14:05:03 | INFO | my_functions.py:214 | 
⛔ Not found: go_to_shop.PNG after 0.0s region=(0, 0, 765, 1038) confidence=0.8
2026-06-02 14:05:03 | INFO | my_functions.py:248 | [DEBUG] Buscando en paralelo: ['14_days_of_winterverse.PNG'] | timeout=0s | confidence=0.8
2026-06-02 14:05:03 | INFO | my_functions.py:282 | [DEBUG] Click skipped, ninguna de las imágenes se encontró en el intento.
2026-06-02 14:05:04 | INFO | my_functions.py:170 | Searching welcome_back_calendar.PNG (timeout=0s)
2026-06-02 14:05:05 | INFO | my_functions.py:214 | 
⛔ Not found: welcome_back_calendar.PNG after 0.0s region=(0, 0, 765, 1038) confidence=0.8
2026-06-02 14:05:05 | INFO | my_functions.py:248 | [DEBUG] Buscando en paralelo: ['start_the_countdown.PNG'] | timeout=0s | confidence=0.8
2026-06-02 14:05:05 | INFO | my_functions.py:282 | [DEBUG] Click skipped, ninguna de las imágenes se encontró en el intento.
2026-06-02 14:05:06 | INFO | my_functions.py:248 | [DEBUG] Buscando en paralelo: ['event_has_ended_sanctum.PNG'] | timeout=0s | confidence=0.8
2026-06-02 14:05:06 | INFO | my_functions.py:282 | [DEBUG] Click skipped, ninguna de las imágenes se encontró en el intento.
2026-06-02 14:05:07 | INFO | my_functions.py:248 | [DEBUG] Buscando en paralelo: ['image_part_of_event_grand_arena_finished.PNG'] | timeout=0s | confidence=0.8
2026-06-02 14:05:07 | INFO | my_functions.py:282 | [DEBUG] Click skipped, ninguna de las imágenes se encontró en el intento.
2026-06-02 14:05:08 | INFO | my_functions.py:170 | Searching 28_day_event_login_rewards.PNG (timeout=0s)
2026-06-02 14:05:09 | INFO | my_functions.py:214 | 
⛔ Not found: 28_day_event_login_rewards.PNG after 0.0s region=(0, 0, 765, 1038) confidence=0.8
2026-06-02 14:05:09 | INFO | my_functions.py:170 | Searching 7_day_event_login.PNG (timeout=0s)
2026-06-02 14:05:09 | INFO | my_functions.py:214 | 
⛔ Not found: 7_day_event_login.PNG after 0.0s region=(0, 0, 765, 1038) confidence=0.8
2026-06-02 14:05:09 | INFO | my_functions.py:170 | Searching 14_days_event.PNG (timeout=0s)
2026-06-02 14:05:09 | INFO | my_functions.py:214 | 
⛔ Not found: 14_days_event.PNG after 0.0s region=(0, 0, 765, 1038) confidence=0.8
2026-06-02 14:05:09 | INFO | my_functions.py:248 | [DEBUG] Buscando en paralelo: ['lets_go.PNG'] | timeout=0s | confidence=0.8
2026-06-02 14:05:09 | INFO | my_functions.py:282 | [DEBUG] Click skipped, ninguna de las imágenes se encontró en el intento.
2026-06-02 14:05:13 | INFO | my_functions.py:330 | AVAILABLE: 5
2026-06-02 14:05:13 | INFO | my_functions.py:352 | Misiones completadas: 0
2026-06-02 14:05:13 | INFO | my_functions.py:170 | Searching play.PNG (timeout=0s)
2026-06-02 14:05:14 | INFO | my_functions.py:214 | 
⛔ Not found: play.PNG after 0.01s region=(0, 0, 765, 1038) confidence=0.8
2026-06-02 14:05:14 | INFO | each_eight_hours.py:166 | Deck selected: 6turns
2026-06-02 14:05:14 | INFO | my_functions.py:248 | [DEBUG] Buscando en paralelo: ['maybe_later.PNG'] | timeout=2s | confidence=0.8
2026-06-02 14:05:16 | INFO | my_functions.py:282 | [DEBUG] Click skipped, ninguna de las imágenes se encontró en el intento.
2026-06-02 14:05:17 | INFO | my_functions.py:248 | [DEBUG] Buscando en paralelo: ['maybe_later2.PNG'] | timeout=0.01s | confidence=0.8
2026-06-02 14:05:17 | INFO | my_functions.py:282 | [DEBUG] Click skipped, ninguna de las imágenes se encontró en el intento.
2026-06-02 14:05:18 | INFO | each_eight_hours.py:193 | Starting game loop 1
2026-06-02 14:05:18 | INFO | my_functions.py:248 | [DEBUG] Buscando en paralelo: ['play.PNG'] | timeout=20s | confidence=0.8
2026-06-02 14:05:38 | INFO | my_functions.py:282 | [DEBUG] Click skipped, ninguna de las imágenes se encontró en el intento.
2026-06-02 14:05:39 | INFO | my_functions.py:170 | Searching 28_day_event_login_rewards.PNG (timeout=0s)
2026-06-02 14:05:40 | INFO | my_functions.py:214 | 
⛔ Not found: 28_day_event_login_rewards.PNG after 0.0s region=(0, 0, 765, 1038) confidence=0.8
2026-06-02 14:05:42 | INFO | my_functions.py:330 | AVAILABLE: 5
2026-06-02 14:05:42 | INFO | each_eight_hours.py:315 | Submissions after match: 5
2026-06-02 14:05:42 | INFO | my_functions.py:352 | Misiones completadas: 0
2026-06-02 14:05:42 | INFO | each_eight_hours.py:193 | Starting game loop 2
2026-06-02 14:05:42 | INFO | my_functions.py:248 | [DEBUG] Buscando en paralelo: ['play.PNG'] | timeout=20s | confidence=0.8
2026-06-02 14:06:02 | INFO | my_functions.py:282 | [DEBUG] Click skipped, ninguna de las imágenes se encontró en el intento.
2026-06-02 14:06:03 | INFO | my_functions.py:170 | Searching 28_day_event_login_rewards.PNG (timeout=0s)
2026-06-02 14:06:03 | INFO | my_functions.py:214 | 
⛔ Not found: 28_day_event_login_rewards.PNG after 0.0s region=(0, 0, 765, 1038) confidence=0.8
2026-06-02 14:06:05 | INFO | my_functions.py:330 | AVAILABLE: 5
2026-06-02 14:06:05 | INFO | each_eight_hours.py:315 | Submissions after match: 5
2026-06-02 14:06:05 | INFO | my_functions.py:352 | Misiones completadas: 0
2026-06-02 14:06:05 | INFO | each_eight_hours.py:193 | Starting game loop 3
2026-06-02 14:06:05 | INFO | my_functions.py:248 | [DEBUG] Buscando en paralelo: ['play.PNG'] | timeout=20s | confidence=0.8
2026-06-02 14:06:25 | INFO | my_functions.py:282 | [DEBUG] Click skipped, ninguna de las imágenes se encontró en el intento.
2026-06-02 14:06:26 | INFO | my_functions.py:170 | Searching 28_day_event_login_rewards.PNG (timeout=0s)
2026-06-02 14:06:26 | INFO | my_functions.py:214 | 
⛔ Not found: 28_day_event_login_rewards.PNG after 0.0s region=(0, 0, 765, 1038) confidence=0.8
2026-06-02 14:06:28 | INFO | my_functions.py:330 | AVAILABLE: 5
2026-06-02 14:06:28 | INFO | each_eight_hours.py:315 | Submissions after match: 5
2026-06-02 14:06:28 | INFO | my_functions.py:352 | Misiones completadas: 0
2026-06-02 14:06:28 | INFO | each_eight_hours.py:193 | Starting game loop 4
2026-06-02 14:06:28 | INFO | my_functions.py:248 | [DEBUG] Buscando en paralelo: ['play.PNG'] | timeout=20s | confidence=0.8
2026-06-02 14:06:49 | INFO | my_functions.py:282 | [DEBUG] Click skipped, ninguna de las imágenes se encontró en el intento.
2026-06-02 14:06:50 | INFO | my_functions.py:170 | Searching 28_day_event_login_rewards.PNG (timeout=0s)
2026-06-02 14:06:50 | INFO | my_functions.py:214 | 
⛔ Not found: 28_day_event_login_rewards.PNG after 0.0s region=(0, 0, 765, 1038) confidence=0.8
2026-06-02 14:06:52 | INFO | my_functions.py:330 | AVAILABLE: 5
2026-06-02 14:06:52 | INFO | each_eight_hours.py:315 | Submissions after match: 5
2026-06-02 14:06:52 | INFO | my_functions.py:352 | Misiones completadas: 0
2026-06-02 14:06:52 | INFO | each_eight_hours.py:193 | Starting game loop 5
2026-06-02 14:06:52 | INFO | my_functions.py:248 | [DEBUG] Buscando en paralelo: ['play.PNG'] | timeout=20s | confidence=0.8
2026-06-02 14:07:12 | INFO | my_functions.py:282 | [DEBUG] Click skipped, ninguna de las imágenes se encontró en el intento.
2026-06-02 14:07:13 | INFO | my_functions.py:170 | Searching 28_day_event_login_rewards.PNG (timeout=0s)
2026-06-02 14:07:13 | INFO | my_functions.py:214 | 
⛔ Not found: 28_day_event_login_rewards.PNG after 0.0s region=(0, 0, 765, 1038) confidence=0.8
2026-06-02 14:07:15 | INFO | my_functions.py:330 | AVAILABLE: 5
2026-06-02 14:07:15 | INFO | each_eight_hours.py:315 | Submissions after match: 5
2026-06-02 14:07:15 | INFO | my_functions.py:352 | Misiones completadas: 0
2026-06-02 14:07:15 | INFO | each_eight_hours.py:193 | Starting game loop 6
2026-06-02 14:07:15 | INFO | my_functions.py:248 | [DEBUG] Buscando en paralelo: ['play.PNG'] | timeout=20s | confidence=0.8
2026-06-02 14:07:35 | INFO | my_functions.py:282 | [DEBUG] Click skipped, ninguna de las imágenes se encontró en el intento.
2026-06-02 14:07:36 | INFO | my_functions.py:170 | Searching 28_day_event_login_rewards.PNG (timeout=0s)
2026-06-02 14:07:37 | INFO | my_functions.py:214 | 
⛔ Not found: 28_day_event_login_rewards.PNG after 0.19s region=(0, 0, 765, 1038) confidence=0.8
2026-06-02 14:07:39 | INFO | my_functions.py:330 | AVAILABLE: 5
2026-06-02 14:07:39 | INFO | each_eight_hours.py:315 | Submissions after match: 5
2026-06-02 14:07:39 | INFO | my_functions.py:352 | Misiones completadas: 0
2026-06-02 14:07:39 | INFO | each_eight_hours.py:193 | Starting game loop 7
2026-06-02 14:07:39 | INFO | my_functions.py:248 | [DEBUG] Buscando en paralelo: ['play.PNG'] | timeout=20s | confidence=0.8
2026-06-02 14:07:59 | INFO | my_functions.py:282 | [DEBUG] Click skipped, ninguna de las imágenes se encontró en el intento.
2026-06-02 14:08:00 | INFO | my_functions.py:170 | Searching 28_day_event_login_rewards.PNG (timeout=0s)
2026-06-02 14:08:00 | INFO | my_functions.py:214 | 
⛔ Not found: 28_day_event_login_rewards.PNG after 0.0s region=(0, 0, 765, 1038) confidence=0.8
2026-06-02 14:08:02 | INFO | my_functions.py:330 | AVAILABLE: 5
2026-06-02 14:08:02 | INFO | each_eight_hours.py:315 | Submissions after match: 5
2026-06-02 14:08:02 | INFO | my_functions.py:352 | Misiones completadas: 0
2026-06-02 14:08:02 | INFO | each_eight_hours.py:193 | Starting game loop 8
2026-06-02 14:08:02 | INFO | my_functions.py:248 | [DEBUG] Buscando en paralelo: ['play.PNG'] | timeout=20s | confidence=0.8
2026-06-02 14:08:22 | INFO | my_functions.py:282 | [DEBUG] Click skipped, ninguna de las imágenes se encontró en el intento.
2026-06-02 14:08:23 | INFO | my_functions.py:170 | Searching 28_day_event_login_rewards.PNG (timeout=0s)
2026-06-02 14:08:23 | INFO | my_functions.py:214 | 
⛔ Not found: 28_day_event_login_rewards.PNG after 0.0s region=(0, 0, 765, 1038) confidence=0.8
2026-06-02 14:08:25 | INFO | my_functions.py:330 | AVAILABLE: 5
2026-06-02 14:08:25 | INFO | each_eight_hours.py:315 | Submissions after match: 5
2026-06-02 14:08:26 | INFO | my_functions.py:352 | Misiones completadas: 0
2026-06-02 14:08:26 | INFO | each_eight_hours.py:193 | Starting game loop 9
2026-06-02 14:08:26 | INFO | my_functions.py:248 | [DEBUG] Buscando en paralelo: ['play.PNG'] | timeout=20s | confidence=0.8
2026-06-02 14:08:46 | INFO | my_functions.py:282 | [DEBUG] Click skipped, ninguna de las imágenes se encontró en el intento.
2026-06-02 14:08:47 | INFO | my_functions.py:170 | Searching 28_day_event_login_rewards.PNG (timeout=0s)
2026-06-02 14:08:47 | INFO | my_functions.py:214 | 
⛔ Not found: 28_day_event_login_rewards.PNG after 0.0s region=(0, 0, 765, 1038) confidence=0.8
2026-06-02 14:08:49 | INFO | my_functions.py:330 | AVAILABLE: 5
2026-06-02 14:08:49 | INFO | each_eight_hours.py:315 | Submissions after match: 5
2026-06-02 14:08:49 | INFO | my_functions.py:352 | Misiones completadas: 0
2026-06-02 14:08:49 | INFO | each_eight_hours.py:193 | Starting game loop 10
2026-06-02 14:08:49 | INFO | my_functions.py:248 | [DEBUG] Buscando en paralelo: ['play.PNG'] | timeout=20s | confidence=0.8
2026-06-02 14:09:09 | INFO | my_functions.py:282 | [DEBUG] Click skipped, ninguna de las imágenes se encontró en el intento.
2026-06-02 14:09:10 | INFO | my_functions.py:170 | Searching 28_day_event_login_rewards.PNG (timeout=0s)
2026-06-02 14:09:10 | INFO | my_functions.py:214 | 
⛔ Not found: 28_day_event_login_rewards.PNG after 0.0s region=(0, 0, 765, 1038) confidence=0.8
2026-06-02 14:09:12 | INFO | my_functions.py:330 | AVAILABLE: 5
2026-06-02 14:09:12 | INFO | each_eight_hours.py:315 | Submissions after match: 5
2026-06-02 14:09:12 | INFO | my_functions.py:352 | Misiones completadas: 0
2026-06-02 14:09:12 | INFO | each_eight_hours.py:193 | Starting game loop 11
2026-06-02 14:09:12 | INFO | my_functions.py:248 | [DEBUG] Buscando en paralelo: ['play.PNG'] | timeout=20s | confidence=0.8
2026-06-02 14:09:32 | INFO | my_functions.py:282 | [DEBUG] Click skipped, ninguna de las imágenes se encontró en el intento.
2026-06-02 14:09:34 | INFO | my_functions.py:170 | Searching 28_day_event_login_rewards.PNG (timeout=0s)
2026-06-02 14:09:34 | INFO | my_functions.py:214 | 
⛔ Not found: 28_day_event_login_rewards.PNG after 0.0s region=(0, 0, 765, 1038) confidence=0.8
2026-06-02 14:09:36 | INFO | my_functions.py:330 | AVAILABLE: 5
2026-06-02 14:09:36 | INFO | each_eight_hours.py:315 | Submissions after match: 5
2026-06-02 14:09:36 | INFO | my_functions.py:352 | Misiones completadas: 0
2026-06-02 14:09:36 | INFO | each_eight_hours.py:193 | Starting game loop 12
2026-06-02 14:09:36 | INFO | my_functions.py:248 | [DEBUG] Buscando en paralelo: ['play.PNG'] | timeout=20s | confidence=0.8
2026-06-02 14:09:56 | INFO | my_functions.py:282 | [DEBUG] Click skipped, ninguna de las imágenes se encontró en el intento.
2026-06-02 14:09:57 | INFO | my_functions.py:170 | Searching 28_day_event_login_rewards.PNG (timeout=0s)
2026-06-02 14:09:57 | INFO | my_functions.py:214 | 
⛔ Not found: 28_day_event_login_rewards.PNG after 0.0s region=(0, 0, 765, 1038) confidence=0.8
2026-06-02 14:09:59 | INFO | my_functions.py:330 | AVAILABLE: 5
2026-06-02 14:09:59 | INFO | each_eight_hours.py:315 | Submissions after match: 5
2026-06-02 14:09:59 | INFO | my_functions.py:352 | Misiones completadas: 0
2026-06-02 14:09:59 | INFO | each_eight_hours.py:193 | Starting game loop 13
2026-06-02 14:09:59 | INFO | my_functions.py:248 | [DEBUG] Buscando en paralelo: ['play.PNG'] | timeout=20s | confidence=0.8
2026-06-02 14:10:19 | INFO | my_functions.py:282 | [DEBUG] Click skipped, ninguna de las imágenes se encontró en el intento.
2026-06-02 14:10:20 | INFO | my_functions.py:170 | Searching 28_day_event_login_rewards.PNG (timeout=0s)
2026-06-02 14:10:21 | INFO | my_functions.py:214 | 
⛔ Not found: 28_day_event_login_rewards.PNG after 0.0s region=(0, 0, 765, 1038) confidence=0.8
2026-06-02 14:10:23 | INFO | my_functions.py:330 | AVAILABLE: 5
2026-06-02 14:10:23 | INFO | each_eight_hours.py:315 | Submissions after match: 5
2026-06-02 14:10:23 | INFO | my_functions.py:352 | Misiones completadas: 0
2026-06-02 14:10:23 | INFO | each_eight_hours.py:193 | Starting game loop 14
2026-06-02 14:10:23 | INFO | my_functions.py:248 | [DEBUG] Buscando en paralelo: ['play.PNG'] | timeout=20s | confidence=0.8
2026-06-02 14:10:43 | INFO | my_functions.py:282 | [DEBUG] Click skipped, ninguna de las imágenes se encontró en el intento.
2026-06-02 14:10:44 | INFO | my_functions.py:170 | Searching 28_day_event_login_rewards.PNG (timeout=0s)
2026-06-02 14:10:44 | INFO | my_functions.py:214 | 
⛔ Not found: 28_day_event_login_rewards.PNG after 0.0s region=(0, 0, 765, 1038) confidence=0.8
2026-06-02 14:10:46 | INFO | my_functions.py:330 | AVAILABLE: 5
2026-06-02 14:10:46 | INFO | each_eight_hours.py:315 | Submissions after match: 5
2026-06-02 14:10:46 | INFO | my_functions.py:352 | Misiones completadas: 0
2026-06-02 14:10:46 | INFO | each_eight_hours.py:193 | Starting game loop 15
2026-06-02 14:10:46 | INFO | my_functions.py:248 | [DEBUG] Buscando en paralelo: ['play.PNG'] | timeout=20s | confidence=0.8
2026-06-02 14:11:06 | INFO | my_functions.py:282 | [DEBUG] Click skipped, ninguna de las imágenes se encontró en el intento.
2026-06-02 14:11:07 | INFO | my_functions.py:170 | Searching 28_day_event_login_rewards.PNG (timeout=0s)
2026-06-02 14:11:07 | INFO | my_functions.py:214 | 
⛔ Not found: 28_day_event_login_rewards.PNG after 0.0s region=(0, 0, 765, 1038) confidence=0.8
2026-06-02 14:11:09 | INFO | my_functions.py:330 | AVAILABLE: 5
2026-06-02 14:11:09 | INFO | each_eight_hours.py:315 | Submissions after match: 5
2026-06-02 14:11:09 | INFO | my_functions.py:352 | Misiones completadas: 0
2026-06-02 14:11:09 | INFO | each_eight_hours.py:193 | Starting game loop 16
2026-06-02 14:11:09 | INFO | my_functions.py:248 | [DEBUG] Buscando en paralelo: ['play.PNG'] | timeout=20s | confidence=0.8
2026-06-02 14:11:30 | INFO | my_functions.py:282 | [DEBUG] Click skipped, ninguna de las imágenes se encontró en el intento.
2026-06-02 14:11:31 | INFO | my_functions.py:170 | Searching 28_day_event_login_rewards.PNG (timeout=0s)
2026-06-02 14:11:31 | INFO | my_functions.py:214 | 
⛔ Not found: 28_day_event_login_rewards.PNG after 0.0s region=(0, 0, 765, 1038) confidence=0.8
2026-06-02 14:11:33 | INFO | my_functions.py:330 | AVAILABLE: 5
2026-06-02 14:11:33 | INFO | each_eight_hours.py:315 | Submissions after match: 5
2026-06-02 14:11:33 | INFO | my_functions.py:352 | Misiones completadas: 0
2026-06-02 14:11:33 | INFO | each_eight_hours.py:193 | Starting game loop 17
2026-06-02 14:11:33 | INFO | my_functions.py:248 | [DEBUG] Buscando en paralelo: ['play.PNG'] | timeout=20s | confidence=0.8
2026-06-02 14:11:53 | INFO | my_functions.py:282 | [DEBUG] Click skipped, ninguna de las imágenes se encontró en el intento.
2026-06-02 14:11:54 | INFO | my_functions.py:170 | Searching 28_day_event_login_rewards.PNG (timeout=0s)
2026-06-02 14:11:54 | INFO | my_functions.py:214 | 
⛔ Not found: 28_day_event_login_rewards.PNG after 0.0s region=(0, 0, 765, 1038) confidence=0.8
2026-06-02 14:11:56 | INFO | my_functions.py:330 | AVAILABLE: 5
2026-06-02 14:11:56 | INFO | each_eight_hours.py:315 | Submissions after match: 5
2026-06-02 14:11:56 | INFO | my_functions.py:352 | Misiones completadas: 0
2026-06-02 14:11:56 | INFO | each_eight_hours.py:193 | Starting game loop 18
2026-06-02 14:11:56 | INFO | my_functions.py:248 | [DEBUG] Buscando en paralelo: ['play.PNG'] | timeout=20s | confidence=0.8
2026-06-02 14:12:16 | INFO | my_functions.py:282 | [DEBUG] Click skipped, ninguna de las imágenes se encontró en el intento.
2026-06-02 14:12:18 | INFO | my_functions.py:170 | Searching 28_day_event_login_rewards.PNG (timeout=0s)
2026-06-02 14:12:18 | INFO | my_functions.py:214 | 
⛔ Not found: 28_day_event_login_rewards.PNG after 0.0s region=(0, 0, 765, 1038) confidence=0.8
2026-06-02 14:12:20 | INFO | my_functions.py:330 | AVAILABLE: 5
2026-06-02 14:12:20 | INFO | each_eight_hours.py:315 | Submissions after match: 5
2026-06-02 14:12:20 | INFO | my_functions.py:352 | Misiones completadas: 0
2026-06-02 14:12:20 | INFO | each_eight_hours.py:193 | Starting game loop 19
2026-06-02 14:12:20 | INFO | my_functions.py:248 | [DEBUG] Buscando en paralelo: ['play.PNG'] | timeout=20s | confidence=0.8
2026-06-02 14:12:40 | INFO | my_functions.py:282 | [DEBUG] Click skipped, ninguna de las imágenes se encontró en el intento.
2026-06-02 14:12:41 | INFO | my_functions.py:170 | Searching 28_day_event_login_rewards.PNG (timeout=0s)
2026-06-02 14:12:41 | INFO | my_functions.py:214 | 
⛔ Not found: 28_day_event_login_rewards.PNG after 0.0s region=(0, 0, 765, 1038) confidence=0.8
2026-06-02 14:12:43 | INFO | my_functions.py:330 | AVAILABLE: 5
2026-06-02 14:12:43 | INFO | each_eight_hours.py:315 | Submissions after match: 5
2026-06-02 14:12:43 | INFO | my_functions.py:352 | Misiones completadas: 0
2026-06-02 14:12:43 | INFO | each_eight_hours.py:193 | Starting game loop 20
2026-06-02 14:12:43 | INFO | my_functions.py:248 | [DEBUG] Buscando en paralelo: ['play.PNG'] | timeout=20s | confidence=0.8
2026-06-02 14:13:03 | INFO | my_functions.py:282 | [DEBUG] Click skipped, ninguna de las imágenes se encontró en el intento.
2026-06-02 14:13:04 | INFO | my_functions.py:170 | Searching 28_day_event_login_rewards.PNG (timeout=0s)
2026-06-02 14:13:05 | INFO | my_functions.py:214 | 
⛔ Not found: 28_day_event_login_rewards.PNG after 0.0s region=(0, 0, 765, 1038) confidence=0.8
2026-06-02 14:13:07 | INFO | my_functions.py:330 | AVAILABLE: 5
2026-06-02 14:13:07 | INFO | each_eight_hours.py:315 | Submissions after match: 5
2026-06-02 14:13:07 | INFO | my_functions.py:352 | Misiones completadas: 0
2026-06-02 14:13:07 | INFO | my_functions.py:248 | [DEBUG] Buscando en paralelo: ['missionsNotify2.png'] | timeout=20s | confidence=0.8
2026-06-02 14:13:27 | INFO | my_functions.py:282 | [DEBUG] Click skipped, ninguna de las imágenes se encontró en el intento.
2026-06-02 14:13:28 | INFO | my_functions.py:1219 | [INFO] Iniciando click_missions_blue2
2026-06-02 14:13:28 | INFO | my_functions.py:135 | Haciendo click en la posición (150, 132)
2026-06-02 14:13:29 | INFO | my_functions.py:1222 | [ACTION] Click hecho en icono de calendario que me dirige a las misiones ordinarias
2026-06-02 14:13:29 | INFO | my_functions.py:170 | Searching bonus_challenge.png (timeout=0s)
2026-06-02 14:13:29 | INFO | my_functions.py:214 | 
⛔ Not found: bonus_challenge.png after 0.0s region=(0, 0, 765, 1038) confidence=0.8
2026-06-02 14:13:31 | INFO | my_functions.py:170 | Searching flechita_mission.PNG (timeout=0s)
2026-06-02 14:13:32 | INFO | my_functions.py:214 | 
⛔ Not found: flechita_mission.PNG after 0.0s region=(0, 0, 765, 1038) confidence=0.8
2026-06-02 14:13:32 | INFO | my_functions.py:248 | [DEBUG] Buscando en paralelo: ['weekly3.PNG'] | timeout=0s | confidence=0.8
2026-06-02 14:13:32 | INFO | my_functions.py:282 | [DEBUG] Click skipped, ninguna de las imágenes se encontró en el intento.
2026-06-02 14:13:33 | INFO | my_functions.py:248 | [DEBUG] Buscando en paralelo: ['weekly3.PNG'] | timeout=0s | confidence=0.8
2026-06-02 14:13:33 | INFO | my_functions.py:282 | [DEBUG] Click skipped, ninguna de las imágenes se encontró en el intento.
2026-06-02 14:13:34 | INFO | my_functions.py:135 | Haciendo click en la posición (557, 64)
2026-06-02 14:13:35 | INFO | my_functions.py:248 | [DEBUG] Buscando en paralelo: ['cards_shop.PNG'] | timeout=20s | confidence=0.8
2026-06-02 14:13:55 | INFO | my_functions.py:282 | [DEBUG] Click skipped, ninguna de las imágenes se encontró en el intento.
2026-06-02 14:13:57 | INFO | my_functions.py:248 | [DEBUG] Buscando en paralelo: ['token_icon.PNG'] | timeout=20s | confidence=0.8
2026-06-02 14:14:17 | INFO | my_functions.py:282 | [DEBUG] Click skipped, ninguna de las imágenes se encontró en el intento.
2026-06-02 14:14:20 | INFO | my_functions.py:248 | [DEBUG] Buscando en paralelo: ['claim!_token_3.PNG'] | timeout=4s | confidence=0.8
2026-06-02 14:14:24 | INFO | my_functions.py:282 | [DEBUG] Click skipped, ninguna de las imágenes se encontró en el intento.
2026-06-02 14:14:25 | INFO | my_functions.py:248 | [DEBUG] Buscando en paralelo: ['cards_shop.PNG'] | timeout=20s | confidence=0.8
2026-06-02 14:14:45 | INFO | my_functions.py:282 | [DEBUG] Click skipped, ninguna de las imágenes se encontró en el intento.
2026-06-02 14:14:46 | INFO | my_functions.py:248 | [DEBUG] Buscando en paralelo: ['offers.PNG'] | timeout=20s | confidence=0.8
2026-06-02 14:15:06 | INFO | my_functions.py:282 | [DEBUG] Click skipped, ninguna de las imágenes se encontró en el intento.
2026-06-02 14:15:08 | INFO | my_functions.py:1119 | [INFO] Iniciando mejora de cartas
2026-06-02 14:15:08 | INFO | my_functions.py:248 | [DEBUG] Buscando en paralelo: ['upgrade_cards_icon.PNG'] | timeout=20s | confidence=0.8
2026-06-02 14:15:28 | INFO | my_functions.py:282 | [DEBUG] Click skipped, ninguna de las imágenes se encontró en el intento.
2026-06-02 14:15:29 | INFO | my_functions.py:1123 | [INFO] Abriendo icono de upgrade_cards
2026-06-02 14:15:30 | INFO | my_functions.py:1129 | [STEP] Mejorando carta 1
2026-06-02 14:15:30 | INFO | my_functions.py:1133 | [ACTION] Click en carta 1
2026-06-02 14:15:31 | INFO | my_functions.py:1138 | [ACTION] Click en botón upgrade
2026-06-02 14:15:38 | INFO | my_functions.py:248 | [DEBUG] Buscando en paralelo: ['you_need_more_credits!.png'] | timeout=3s | confidence=0.8
2026-06-02 14:15:41 | INFO | my_functions.py:282 | [DEBUG] Click skipped, ninguna de las imágenes se encontró en el intento.
2026-06-02 14:15:48 | INFO | my_functions.py:1153 | [ACTION] Click para continuar a stage de nivel de coleccion
2026-06-02 14:15:53 | INFO | my_functions.py:143 | Presionando ESC (1/1)
2026-06-02 14:15:53 | INFO | my_functions.py:1158 | [ACTION] Saliendo de stage nivel de coleccion con ESC
2026-06-02 14:15:54 | INFO | my_functions.py:248 | [DEBUG] Buscando en paralelo: ['upgrade_cards_icon_selected.PNG'] | timeout=0s | confidence=0.8
2026-06-02 14:15:54 | INFO | my_functions.py:282 | [DEBUG] Click skipped, ninguna de las imágenes se encontró en el intento.
2026-06-02 14:15:56 | INFO | my_functions.py:248 | [DEBUG] Buscando en paralelo: ['upgrade_cards_icon.PNG'] | timeout=0s | confidence=0.8
2026-06-02 14:15:56 | INFO | my_functions.py:282 | [DEBUG] Click skipped, ninguna de las imágenes se encontró en el intento.
2026-06-02 14:15:57 | INFO | my_functions.py:248 | [DEBUG] Buscando en paralelo: ['upgrade_cards_icon_selected.PNG'] | timeout=0s | confidence=0.8
2026-06-02 14:15:57 | INFO | my_functions.py:282 | [DEBUG] Click skipped, ninguna de las imágenes se encontró en el intento.
2026-06-02 14:15:58 | INFO | my_functions.py:248 | [DEBUG] Buscando en paralelo: ['upgrade_cards_icon.PNG'] | timeout=0s | confidence=0.8
2026-06-02 14:15:58 | INFO | my_functions.py:282 | [DEBUG] Click skipped, ninguna de las imágenes se encontró en el intento.
2026-06-02 14:15:59 | INFO | my_functions.py:1178 | [INFO] Reabriendo icono de upgrade_cards
2026-06-02 14:16:00 | INFO | my_functions.py:1129 | [STEP] Mejorando carta 2
2026-06-02 14:16:01 | INFO | my_functions.py:1133 | [ACTION] Click en carta 2
2026-06-02 14:16:02 | INFO | my_functions.py:1138 | [ACTION] Click en botón upgrade
2026-06-02 14:16:09 | INFO | my_functions.py:248 | [DEBUG] Buscando en paralelo: ['you_need_more_credits!.png'] | timeout=3s | confidence=0.8
2026-06-02 14:16:12 | INFO | my_functions.py:282 | [DEBUG] Click skipped, ninguna de las imágenes se encontró en el intento.
2026-06-02 14:16:18 | INFO | my_functions.py:1153 | [ACTION] Click para continuar a stage de nivel de coleccion
2026-06-02 14:16:23 | INFO | my_functions.py:143 | Presionando ESC (1/1)
2026-06-02 14:16:24 | INFO | my_functions.py:1158 | [ACTION] Saliendo de stage nivel de coleccion con ESC
2026-06-02 14:16:25 | INFO | my_functions.py:248 | [DEBUG] Buscando en paralelo: ['upgrade_cards_icon_selected.PNG'] | timeout=0s | confidence=0.8
2026-06-02 14:16:25 | INFO | my_functions.py:282 | [DEBUG] Click skipped, ninguna de las imágenes se encontró en el intento.
2026-06-02 14:16:26 | INFO | my_functions.py:248 | [DEBUG] Buscando en paralelo: ['upgrade_cards_icon.PNG'] | timeout=0s | confidence=0.8
2026-06-02 14:16:26 | INFO | my_functions.py:282 | [DEBUG] Click skipped, ninguna de las imágenes se encontró en el intento.
2026-06-02 14:16:27 | INFO | my_functions.py:248 | [DEBUG] Buscando en paralelo: ['upgrade_cards_icon_selected.PNG'] | timeout=0s | confidence=0.8
2026-06-02 14:16:28 | INFO | my_functions.py:282 | [DEBUG] Click skipped, ninguna de las imágenes se encontró en el intento.
2026-06-02 14:16:29 | INFO | my_functions.py:248 | [DEBUG] Buscando en paralelo: ['upgrade_cards_icon.PNG'] | timeout=0s | confidence=0.8
2026-06-02 14:16:29 | INFO | my_functions.py:282 | [DEBUG] Click skipped, ninguna de las imágenes se encontró en el intento.
2026-06-02 14:16:30 | INFO | my_functions.py:1178 | [INFO] Reabriendo icono de upgrade_cards
2026-06-02 14:16:31 | INFO | my_functions.py:1129 | [STEP] Mejorando carta 3
2026-06-02 14:16:31 | INFO | my_functions.py:1133 | [ACTION] Click en carta 3
2026-06-02 14:16:32 | INFO | my_functions.py:1138 | [ACTION] Click en botón upgrade
2026-06-02 14:16:39 | INFO | my_functions.py:248 | [DEBUG] Buscando en paralelo: ['you_need_more_credits!.png'] | timeout=3s | confidence=0.8
2026-06-02 14:16:42 | INFO | my_functions.py:282 | [DEBUG] Click skipped, ninguna de las imágenes se encontró en el intento.
2026-06-02 14:16:49 | INFO | my_functions.py:1153 | [ACTION] Click para continuar a stage de nivel de coleccion
2026-06-02 14:16:54 | INFO | my_functions.py:143 | Presionando ESC (1/1)
2026-06-02 14:16:54 | INFO | my_functions.py:1158 | [ACTION] Saliendo de stage nivel de coleccion con ESC
2026-06-02 14:16:55 | INFO | my_functions.py:1181 | [INFO] Mejora de cartas completada ✅
2026-06-02 14:16:55 | INFO | my_functions.py:143 | Presionando ESC (1/1)
2026-06-02 14:16:56 | INFO | my_functions.py:248 | [DEBUG] Buscando en paralelo: ['white_x.png'] | timeout=2s | confidence=0.8
2026-06-02 14:16:58 | INFO | my_functions.py:282 | [DEBUG] Click skipped, ninguna de las imágenes se encontró en el intento.
2026-06-02 14:16:59 | INFO | my_functions.py:248 | [DEBUG] Buscando en paralelo: ['nut.png'] | timeout=20s | confidence=0.8
2026-06-02 14:17:19 | INFO | my_functions.py:282 | [DEBUG] Click skipped, ninguna de las imágenes se encontró en el intento.
2026-06-02 14:17:20 | INFO | my_functions.py:248 | [DEBUG] Buscando en paralelo: ['graphics_quality.png'] | timeout=3s | confidence=0.8
2026-06-02 14:17:24 | INFO | my_functions.py:282 | [DEBUG] Click skipped, ninguna de las imágenes se encontró en el intento.
2026-06-02 14:17:26 | INFO | my_functions.py:248 | [DEBUG] Buscando en paralelo: ['sign_out.png'] | timeout=20s | confidence=0.8
2026-06-02 14:17:46 | INFO | my_functions.py:282 | [DEBUG] Click skipped, ninguna de las imágenes se encontró en el intento.
2026-06-02 14:17:48 | INFO | my_functions.py:248 | [DEBUG] Buscando en paralelo: ['sign_out_grande.png'] | timeout=20s | confidence=0.8
