2026-06-06 04:48:33 | INFO | each_eight_hours.py:39 | LOG FILE PATH: \\vmware-host\Shared Folders\SHARED FILES VM\MS\logs\each_eight_hours_2026-06-06_04-48-33.log
2026-06-06 04:48:33 | INFO | each_eight_hours.py:40 | Logger initialized
2026-06-06 04:48:33 | INFO | each_eight_hours.py:67 | Script initialized
2026-06-06 04:48:35 | INFO | each_eight_hours.py:128 | snap.exe terminated if it was running
2026-06-06 04:48:35 | INFO | my_functions.py:57 | ⏳ Esperando WebSocket de OBS...
2026-06-06 04:48:35 | INFO | baseclient.py:33 | Connecting with parameters: host='localhost' port=4455 password='' subs=0 timeout=None
2026-06-06 04:48:35 | INFO | reqs.py:23 | Successfully identified ReqClient with the server using RPC version:1
2026-06-06 04:48:35 | INFO | my_functions.py:63 | ✅ Conectado al OBS WebSocket
2026-06-06 04:48:35 | INFO | my_functions.py:79 | ⏹ Grabación ya estaba activa, deteniéndola...
2026-06-06 04:48:35 | INFO | baseclient.py:33 | Connecting with parameters: host='localhost' port=4455 password='' subs=0 timeout=None
2026-06-06 04:48:35 | INFO | reqs.py:23 | Successfully identified ReqClient with the server using RPC version:1
2026-06-06 04:48:35 | INFO | my_functions.py:94 | Record stopped.
2026-06-06 04:48:47 | INFO | my_functions.py:124 | Archivo renombrado a: C:\Users\Farm\Videos\my_functions_2026-06-06_04-48-47.mkv
2026-06-06 04:48:50 | INFO | my_functions.py:84 | 🎬 Nueva grabación iniciada
2026-06-06 04:48:50 | INFO | my_functions.py:1299 | ⏱ Esperando 0.1 segundos antes de empezar...
2026-06-06 04:48:51 | INFO | my_functions.py:1306 | 🔍 Esperando ventana que contenga alguna de: ['py', 'eight_hours'] (máx 20s)
2026-06-06 04:48:51 | INFO | my_functions.py:1318 | ✅ Ventana encontrada: 'each_eight_hours  - Acceso directo'
2026-06-06 04:48:51 | INFO | my_functions.py:1333 | ✅ Ventana seleccionada: 'each_eight_hours  - Acceso directo'
2026-06-06 04:48:53 | INFO | my_functions.py:1356 | 🔁 Reajuste #1...
2026-06-06 04:48:53 | INFO | my_functions.py:1363 | ✔ Verificación completa. Se hicieron 1 reajustes.
2026-06-06 04:49:23 | INFO | my_functions.py:2135 | Starting Steam window scan
2026-06-06 04:49:23 | INFO | my_functions.py:2138 | Found window: 
2026-06-06 04:49:23 | INFO | my_functions.py:2138 | Found window: each_eight_hours  - Acceso directo
2026-06-06 04:49:23 | INFO | my_functions.py:2138 | Found window: 
2026-06-06 04:49:23 | INFO | my_functions.py:2138 | Found window: 
2026-06-06 04:49:23 | INFO | my_functions.py:2138 | Found window: 
2026-06-06 04:49:23 | INFO | my_functions.py:2138 | Found window: 
2026-06-06 04:49:23 | INFO | my_functions.py:2138 | Found window: Program Manager
2026-06-06 04:49:23 | INFO | each_eight_hours.py:139 | Processing account: jeremy
2026-06-06 04:49:23 | INFO | each_eight_hours.py:142 | Game relaunched for account
2026-06-06 04:49:23 | INFO | my_functions.py:1299 | ⏱ Esperando 0.1 segundos antes de empezar...
2026-06-06 04:49:23 | INFO | my_functions.py:1306 | 🔍 Esperando ventana que contenga alguna de: ['SNAP'] (máx 20s)
2026-06-06 04:49:25 | INFO | my_functions.py:1318 | ✅ Ventana encontrada: 'SNAP'
2026-06-06 04:49:25 | INFO | my_functions.py:1333 | ✅ Ventana seleccionada: 'SNAP'
2026-06-06 04:49:27 | INFO | my_functions.py:1356 | 🔁 Reajuste #1...
2026-06-06 04:49:28 | INFO | my_functions.py:1363 | ✔ Verificación completa. Se hicieron 1 reajustes.
2026-06-06 04:49:28 | INFO | my_functions.py:1002 | [DEBUG] Resizing SNAP window...
2026-06-06 04:49:28 | INFO | my_functions.py:1299 | ⏱ Esperando 0.1 segundos antes de empezar...
2026-06-06 04:49:28 | INFO | my_functions.py:1306 | 🔍 Esperando ventana que contenga alguna de: ['SNAP'] (máx 20s)
2026-06-06 04:49:28 | INFO | my_functions.py:1318 | ✅ Ventana encontrada: 'SNAP'
2026-06-06 04:49:28 | INFO | my_functions.py:1333 | ✅ Ventana seleccionada: 'SNAP'
2026-06-06 04:49:31 | INFO | my_functions.py:1365 | ✔ Verificación completa. No hubo cambios después del primer ajuste.
2026-06-06 04:49:31 | INFO | my_functions.py:248 | [DEBUG] Buscando en paralelo: ['small_submit.PNG', 'small_submit_hover.png', 'submit_hover_2.png', 'small_submit_hover_2.png'] | timeout=90s | confidence=0.8
2026-06-06 04:49:35 | INFO | my_functions.py:135 | Haciendo click en la posición (380, 642)
2026-06-06 04:49:35 | INFO | my_functions.py:270 | 🖱️ Click OK (En paralelo): small_submit.PNG at (380, 642) delay=0.2s
2026-06-06 04:49:38 | INFO | my_functions.py:248 | [DEBUG] Buscando en paralelo: ['small_submit.PNG', 'small_submit_hover.png', 'submit_hover_2.png', 'small_submit_hover_2.png'] | timeout=20s | confidence=0.8
2026-06-06 04:49:38 | INFO | my_functions.py:135 | Haciendo click en la posición (380, 721)
2026-06-06 04:49:39 | INFO | my_functions.py:270 | 🖱️ Click OK (En paralelo): small_submit.PNG at (380, 721) delay=0.2s
2026-06-06 04:49:40 | INFO | my_functions.py:1299 | ⏱ Esperando 0.1 segundos antes de empezar...
2026-06-06 04:49:40 | INFO | my_functions.py:1306 | 🔍 Esperando ventana que contenga alguna de: ['SNAP'] (máx 20s)
2026-06-06 04:49:40 | INFO | my_functions.py:1318 | ✅ Ventana encontrada: 'SNAP'
2026-06-06 04:49:40 | INFO | my_functions.py:1333 | ✅ Ventana seleccionada: 'SNAP'
2026-06-06 04:49:43 | INFO | my_functions.py:1365 | ✔ Verificación completa. No hubo cambios después del primer ajuste.
2026-06-06 04:49:43 | INFO | my_functions.py:170 | Searching please_sign.png (timeout=0s)
2026-06-06 04:49:43 | INFO | my_functions.py:214 | 
⛔ Not found: please_sign.png after 0.0s region=(0, 0, 765, 1038) confidence=0.8
2026-06-06 04:49:43 | INFO | my_functions.py:170 | Searching sign_in_with_google2.PNG (timeout=90s)
2026-06-06 04:49:43 | INFO | my_functions.py:200 | 
✅ Found: sign_in_with_google2.PNG pos=(406, 957) time=0.15s confidence=0.8
2026-06-06 04:49:43 | INFO | my_functions.py:248 | [DEBUG] Buscando en paralelo: ['sign_in_with_google2.PNG'] | timeout=20s | confidence=0.8
2026-06-06 04:49:44 | INFO | my_functions.py:135 | Haciendo click en la posición (406, 957)
2026-06-06 04:49:45 | INFO | my_functions.py:270 | 🖱️ Click OK (En paralelo): sign_in_with_google2.PNG at (406, 957) delay=1s
2026-06-06 04:49:46 | INFO | my_functions.py:248 | [DEBUG] Buscando en paralelo: ['jeremy.png'] | timeout=90s | confidence=0.8
2026-06-06 04:51:16 | INFO | my_functions.py:282 | [DEBUG] Click skipped, ninguna de las imágenes se encontró en el intento.
2026-06-06 04:51:18 | INFO | my_functions.py:248 | [DEBUG] Buscando en paralelo: ['jeremy.png'] | timeout=0s | confidence=0.8
2026-06-06 04:51:21 | INFO | my_functions.py:135 | Haciendo click en la posición (1143, 645)
2026-06-06 04:51:21 | INFO | my_functions.py:270 | 🖱️ Click OK (En paralelo): jeremy.png at (1143, 645) delay=3s
2026-06-06 04:51:23 | INFO | my_functions.py:170 | Searching marvelsnap_web.png (timeout=30s)
2026-06-06 04:51:54 | INFO | my_functions.py:214 | 
⛔ Not found: marvelsnap_web.png after 30.04s region=(0, 0, 765, 1038) confidence=0.7
2026-06-06 04:51:54 | INFO | my_functions.py:170 | Searching shop_unselected.PNG (timeout=0s)
2026-06-06 04:51:54 | INFO | my_functions.py:214 | 
⛔ Not found: shop_unselected.PNG after 0.0s region=(0, 0, 765, 1038) confidence=0.8
2026-06-06 04:51:54 | INFO | my_functions.py:248 | [DEBUG] Buscando en paralelo: ['super_premium.PNG'] | timeout=0s | confidence=0.8
2026-06-06 04:51:54 | INFO | my_functions.py:282 | [DEBUG] Click skipped, ninguna de las imágenes se encontró en el intento.
2026-06-06 04:51:55 | INFO | my_functions.py:248 | [DEBUG] Buscando en paralelo: ['maybe_later.PNG'] | timeout=0s | confidence=0.8
2026-06-06 04:51:55 | INFO | my_functions.py:282 | [DEBUG] Click skipped, ninguna de las imágenes se encontró en el intento.
2026-06-06 04:51:56 | INFO | my_functions.py:248 | [DEBUG] Buscando en paralelo: ['maybe_later2.PNG'] | timeout=0s | confidence=0.8
2026-06-06 04:51:56 | INFO | my_functions.py:282 | [DEBUG] Click skipped, ninguna de las imágenes se encontró en el intento.
2026-06-06 04:51:58 | INFO | my_functions.py:170 | Searching go_to_shop.PNG (timeout=0s)
2026-06-06 04:51:58 | INFO | my_functions.py:214 | 
⛔ Not found: go_to_shop.PNG after 0.0s region=(0, 0, 765, 1038) confidence=0.8
2026-06-06 04:51:58 | INFO | my_functions.py:248 | [DEBUG] Buscando en paralelo: ['14_days_of_winterverse.PNG'] | timeout=0s | confidence=0.8
2026-06-06 04:51:58 | INFO | my_functions.py:282 | [DEBUG] Click skipped, ninguna de las imágenes se encontró en el intento.
2026-06-06 04:51:59 | INFO | my_functions.py:170 | Searching welcome_back_calendar.PNG (timeout=0s)
2026-06-06 04:51:59 | INFO | my_functions.py:214 | 
⛔ Not found: welcome_back_calendar.PNG after 0.0s region=(0, 0, 765, 1038) confidence=0.8
2026-06-06 04:51:59 | INFO | my_functions.py:248 | [DEBUG] Buscando en paralelo: ['start_the_countdown.PNG'] | timeout=0s | confidence=0.8
2026-06-06 04:51:59 | INFO | my_functions.py:282 | [DEBUG] Click skipped, ninguna de las imágenes se encontró en el intento.
2026-06-06 04:52:00 | INFO | my_functions.py:248 | [DEBUG] Buscando en paralelo: ['event_has_ended_sanctum.PNG'] | timeout=0s | confidence=0.8
2026-06-06 04:52:01 | INFO | my_functions.py:282 | [DEBUG] Click skipped, ninguna de las imágenes se encontró en el intento.
2026-06-06 04:52:02 | INFO | my_functions.py:248 | [DEBUG] Buscando en paralelo: ['event_has_ended_teamclash.PNG'] | timeout=0s | confidence=0.8
2026-06-06 04:52:02 | INFO | my_functions.py:282 | [DEBUG] Click skipped, ninguna de las imágenes se encontró en el intento.
2026-06-06 04:52:03 | INFO | my_functions.py:248 | [DEBUG] Buscando en paralelo: ['image_part_of_event_grand_arena_finished.PNG'] | timeout=0s | confidence=0.8
2026-06-06 04:52:03 | INFO | my_functions.py:282 | [DEBUG] Click skipped, ninguna de las imágenes se encontró en el intento.
2026-06-06 04:52:04 | INFO | my_functions.py:170 | Searching 28_day_event_login_rewards.PNG (timeout=0s)
2026-06-06 04:52:04 | INFO | my_functions.py:214 | 
⛔ Not found: 28_day_event_login_rewards.PNG after 0.0s region=(0, 0, 765, 1038) confidence=0.8
2026-06-06 04:52:04 | INFO | my_functions.py:170 | Searching 7_day_event_login.PNG (timeout=0s)
2026-06-06 04:52:05 | INFO | my_functions.py:214 | 
⛔ Not found: 7_day_event_login.PNG after 0.0s region=(0, 0, 765, 1038) confidence=0.8
2026-06-06 04:52:05 | INFO | my_functions.py:170 | Searching 14_days_event.PNG (timeout=0s)
2026-06-06 04:52:05 | INFO | my_functions.py:214 | 
⛔ Not found: 14_days_event.PNG after 0.0s region=(0, 0, 765, 1038) confidence=0.8
2026-06-06 04:52:05 | INFO | my_functions.py:248 | [DEBUG] Buscando en paralelo: ['lets_go.PNG'] | timeout=0s | confidence=0.8
2026-06-06 04:52:05 | INFO | my_functions.py:282 | [DEBUG] Click skipped, ninguna de las imágenes se encontró en el intento.
2026-06-06 04:52:07 | INFO | my_functions.py:170 | Searching shop_unselected.PNG (timeout=0s)
2026-06-06 04:52:07 | INFO | my_functions.py:214 | 
⛔ Not found: shop_unselected.PNG after 0.0s region=(0, 0, 765, 1038) confidence=0.8
2026-06-06 04:52:07 | INFO | my_functions.py:248 | [DEBUG] Buscando en paralelo: ['super_premium.PNG'] | timeout=0s | confidence=0.8
2026-06-06 04:52:07 | INFO | my_functions.py:282 | [DEBUG] Click skipped, ninguna de las imágenes se encontró en el intento.
2026-06-06 04:52:08 | INFO | my_functions.py:248 | [DEBUG] Buscando en paralelo: ['maybe_later.PNG'] | timeout=0s | confidence=0.8
2026-06-06 04:52:09 | INFO | my_functions.py:282 | [DEBUG] Click skipped, ninguna de las imágenes se encontró en el intento.
2026-06-06 04:52:10 | INFO | my_functions.py:248 | [DEBUG] Buscando en paralelo: ['maybe_later2.PNG'] | timeout=0s | confidence=0.8
2026-06-06 04:52:10 | INFO | my_functions.py:282 | [DEBUG] Click skipped, ninguna de las imágenes se encontró en el intento.
2026-06-06 04:52:11 | INFO | my_functions.py:170 | Searching go_to_shop.PNG (timeout=0s)
2026-06-06 04:52:11 | INFO | my_functions.py:214 | 
⛔ Not found: go_to_shop.PNG after 0.0s region=(0, 0, 765, 1038) confidence=0.8
2026-06-06 04:52:11 | INFO | my_functions.py:248 | [DEBUG] Buscando en paralelo: ['14_days_of_winterverse.PNG'] | timeout=0s | confidence=0.8
2026-06-06 04:52:11 | INFO | my_functions.py:282 | [DEBUG] Click skipped, ninguna de las imágenes se encontró en el intento.
2026-06-06 04:52:12 | INFO | my_functions.py:170 | Searching welcome_back_calendar.PNG (timeout=0s)
2026-06-06 04:52:13 | INFO | my_functions.py:214 | 
⛔ Not found: welcome_back_calendar.PNG after 0.0s region=(0, 0, 765, 1038) confidence=0.8
2026-06-06 04:52:13 | INFO | my_functions.py:248 | [DEBUG] Buscando en paralelo: ['start_the_countdown.PNG'] | timeout=0s | confidence=0.8
2026-06-06 04:52:13 | INFO | my_functions.py:282 | [DEBUG] Click skipped, ninguna de las imágenes se encontró en el intento.
2026-06-06 04:52:14 | INFO | my_functions.py:248 | [DEBUG] Buscando en paralelo: ['event_has_ended_sanctum.PNG'] | timeout=0s | confidence=0.8
2026-06-06 04:52:14 | INFO | my_functions.py:282 | [DEBUG] Click skipped, ninguna de las imágenes se encontró en el intento.
2026-06-06 04:52:15 | INFO | my_functions.py:248 | [DEBUG] Buscando en paralelo: ['event_has_ended_teamclash.PNG'] | timeout=0s | confidence=0.8
2026-06-06 04:52:15 | INFO | my_functions.py:282 | [DEBUG] Click skipped, ninguna de las imágenes se encontró en el intento.
2026-06-06 04:52:17 | INFO | my_functions.py:248 | [DEBUG] Buscando en paralelo: ['image_part_of_event_grand_arena_finished.PNG'] | timeout=0s | confidence=0.8
2026-06-06 04:52:17 | INFO | my_functions.py:282 | [DEBUG] Click skipped, ninguna de las imágenes se encontró en el intento.
2026-06-06 04:52:18 | INFO | my_functions.py:170 | Searching 28_day_event_login_rewards.PNG (timeout=0s)
2026-06-06 04:52:18 | INFO | my_functions.py:214 | 
⛔ Not found: 28_day_event_login_rewards.PNG after 0.0s region=(0, 0, 765, 1038) confidence=0.8
2026-06-06 04:52:18 | INFO | my_functions.py:170 | Searching 7_day_event_login.PNG (timeout=0s)
2026-06-06 04:52:18 | INFO | my_functions.py:214 | 
⛔ Not found: 7_day_event_login.PNG after 0.0s region=(0, 0, 765, 1038) confidence=0.8
2026-06-06 04:52:18 | INFO | my_functions.py:170 | Searching 14_days_event.PNG (timeout=0s)
2026-06-06 04:52:18 | INFO | my_functions.py:214 | 
⛔ Not found: 14_days_event.PNG after 0.0s region=(0, 0, 765, 1038) confidence=0.8
2026-06-06 04:52:18 | INFO | my_functions.py:248 | [DEBUG] Buscando en paralelo: ['lets_go.PNG'] | timeout=0s | confidence=0.8
2026-06-06 04:52:18 | INFO | my_functions.py:282 | [DEBUG] Click skipped, ninguna de las imágenes se encontró en el intento.
2026-06-06 04:52:21 | INFO | my_functions.py:170 | Searching shop_unselected.PNG (timeout=0s)
2026-06-06 04:52:21 | INFO | my_functions.py:214 | 
⛔ Not found: shop_unselected.PNG after 0.0s region=(0, 0, 765, 1038) confidence=0.8
2026-06-06 04:52:21 | INFO | my_functions.py:248 | [DEBUG] Buscando en paralelo: ['super_premium.PNG'] | timeout=0s | confidence=0.8
2026-06-06 04:52:21 | INFO | my_functions.py:282 | [DEBUG] Click skipped, ninguna de las imágenes se encontró en el intento.
2026-06-06 04:52:22 | INFO | my_functions.py:248 | [DEBUG] Buscando en paralelo: ['maybe_later.PNG'] | timeout=0s | confidence=0.8
2026-06-06 04:52:22 | INFO | my_functions.py:282 | [DEBUG] Click skipped, ninguna de las imágenes se encontró en el intento.
2026-06-06 04:52:23 | INFO | my_functions.py:248 | [DEBUG] Buscando en paralelo: ['maybe_later2.PNG'] | timeout=0s | confidence=0.8
2026-06-06 04:52:23 | INFO | my_functions.py:282 | [DEBUG] Click skipped, ninguna de las imágenes se encontró en el intento.
2026-06-06 04:52:24 | INFO | my_functions.py:170 | Searching go_to_shop.PNG (timeout=0s)
2026-06-06 04:52:25 | INFO | my_functions.py:214 | 
⛔ Not found: go_to_shop.PNG after 0.0s region=(0, 0, 765, 1038) confidence=0.8
2026-06-06 04:52:25 | INFO | my_functions.py:248 | [DEBUG] Buscando en paralelo: ['14_days_of_winterverse.PNG'] | timeout=0s | confidence=0.8
2026-06-06 04:52:25 | INFO | my_functions.py:282 | [DEBUG] Click skipped, ninguna de las imágenes se encontró en el intento.
2026-06-06 04:52:26 | INFO | my_functions.py:170 | Searching welcome_back_calendar.PNG (timeout=0s)
2026-06-06 04:52:26 | INFO | my_functions.py:214 | 
⛔ Not found: welcome_back_calendar.PNG after 0.0s region=(0, 0, 765, 1038) confidence=0.8
2026-06-06 04:52:26 | INFO | my_functions.py:248 | [DEBUG] Buscando en paralelo: ['start_the_countdown.PNG'] | timeout=0s | confidence=0.8
2026-06-06 04:52:26 | INFO | my_functions.py:282 | [DEBUG] Click skipped, ninguna de las imágenes se encontró en el intento.
2026-06-06 04:52:27 | INFO | my_functions.py:248 | [DEBUG] Buscando en paralelo: ['event_has_ended_sanctum.PNG'] | timeout=0s | confidence=0.8
2026-06-06 04:52:27 | INFO | my_functions.py:282 | [DEBUG] Click skipped, ninguna de las imágenes se encontró en el intento.
2026-06-06 04:52:29 | INFO | my_functions.py:248 | [DEBUG] Buscando en paralelo: ['event_has_ended_teamclash.PNG'] | timeout=0s | confidence=0.8
2026-06-06 04:52:29 | INFO | my_functions.py:282 | [DEBUG] Click skipped, ninguna de las imágenes se encontró en el intento.
2026-06-06 04:52:30 | INFO | my_functions.py:248 | [DEBUG] Buscando en paralelo: ['image_part_of_event_grand_arena_finished.PNG'] | timeout=0s | confidence=0.8
2026-06-06 04:52:30 | INFO | my_functions.py:282 | [DEBUG] Click skipped, ninguna de las imágenes se encontró en el intento.
2026-06-06 04:52:31 | INFO | my_functions.py:170 | Searching 28_day_event_login_rewards.PNG (timeout=0s)
2026-06-06 04:52:31 | INFO | my_functions.py:214 | 
⛔ Not found: 28_day_event_login_rewards.PNG after 0.0s region=(0, 0, 765, 1038) confidence=0.8
2026-06-06 04:52:31 | INFO | my_functions.py:170 | Searching 7_day_event_login.PNG (timeout=0s)
2026-06-06 04:52:32 | INFO | my_functions.py:214 | 
⛔ Not found: 7_day_event_login.PNG after 0.0s region=(0, 0, 765, 1038) confidence=0.8
2026-06-06 04:52:32 | INFO | my_functions.py:170 | Searching 14_days_event.PNG (timeout=0s)
2026-06-06 04:52:32 | INFO | my_functions.py:214 | 
⛔ Not found: 14_days_event.PNG after 0.0s region=(0, 0, 765, 1038) confidence=0.8
2026-06-06 04:52:32 | INFO | my_functions.py:248 | [DEBUG] Buscando en paralelo: ['lets_go.PNG'] | timeout=0s | confidence=0.8
2026-06-06 04:52:32 | INFO | my_functions.py:282 | [DEBUG] Click skipped, ninguna de las imágenes se encontró en el intento.
2026-06-06 04:52:34 | INFO | my_functions.py:170 | Searching shop_unselected.PNG (timeout=0s)
2026-06-06 04:52:34 | INFO | my_functions.py:214 | 
⛔ Not found: shop_unselected.PNG after 0.0s region=(0, 0, 765, 1038) confidence=0.8
2026-06-06 04:52:34 | INFO | my_functions.py:248 | [DEBUG] Buscando en paralelo: ['super_premium.PNG'] | timeout=0s | confidence=0.8
2026-06-06 04:52:35 | INFO | my_functions.py:282 | [DEBUG] Click skipped, ninguna de las imágenes se encontró en el intento.
2026-06-06 04:52:36 | INFO | my_functions.py:248 | [DEBUG] Buscando en paralelo: ['maybe_later.PNG'] | timeout=0s | confidence=0.8
2026-06-06 04:52:36 | INFO | my_functions.py:282 | [DEBUG] Click skipped, ninguna de las imágenes se encontró en el intento.
2026-06-06 04:52:37 | INFO | my_functions.py:248 | [DEBUG] Buscando en paralelo: ['maybe_later2.PNG'] | timeout=0s | confidence=0.8
2026-06-06 04:52:37 | INFO | my_functions.py:282 | [DEBUG] Click skipped, ninguna de las imágenes se encontró en el intento.
2026-06-06 04:52:38 | INFO | my_functions.py:170 | Searching go_to_shop.PNG (timeout=0s)
2026-06-06 04:52:39 | INFO | my_functions.py:214 | 
⛔ Not found: go_to_shop.PNG after 0.0s region=(0, 0, 765, 1038) confidence=0.8
2026-06-06 04:52:39 | INFO | my_functions.py:248 | [DEBUG] Buscando en paralelo: ['14_days_of_winterverse.PNG'] | timeout=0s | confidence=0.8
2026-06-06 04:52:39 | INFO | my_functions.py:282 | [DEBUG] Click skipped, ninguna de las imágenes se encontró en el intento.
2026-06-06 04:52:40 | INFO | my_functions.py:170 | Searching welcome_back_calendar.PNG (timeout=0s)
2026-06-06 04:52:40 | INFO | my_functions.py:214 | 
⛔ Not found: welcome_back_calendar.PNG after 0.0s region=(0, 0, 765, 1038) confidence=0.8
2026-06-06 04:52:40 | INFO | my_functions.py:248 | [DEBUG] Buscando en paralelo: ['start_the_countdown.PNG'] | timeout=0s | confidence=0.8
2026-06-06 04:52:40 | INFO | my_functions.py:282 | [DEBUG] Click skipped, ninguna de las imágenes se encontró en el intento.
2026-06-06 04:52:41 | INFO | my_functions.py:248 | [DEBUG] Buscando en paralelo: ['event_has_ended_sanctum.PNG'] | timeout=0s | confidence=0.8
2026-06-06 04:52:41 | INFO | my_functions.py:282 | [DEBUG] Click skipped, ninguna de las imágenes se encontró en el intento.
2026-06-06 04:52:42 | INFO | my_functions.py:248 | [DEBUG] Buscando en paralelo: ['event_has_ended_teamclash.PNG'] | timeout=0s | confidence=0.8
2026-06-06 04:52:43 | INFO | my_functions.py:282 | [DEBUG] Click skipped, ninguna de las imágenes se encontró en el intento.
2026-06-06 04:52:44 | INFO | my_functions.py:248 | [DEBUG] Buscando en paralelo: ['image_part_of_event_grand_arena_finished.PNG'] | timeout=0s | confidence=0.8
2026-06-06 04:52:44 | INFO | my_functions.py:282 | [DEBUG] Click skipped, ninguna de las imágenes se encontró en el intento.
2026-06-06 04:52:45 | INFO | my_functions.py:170 | Searching 28_day_event_login_rewards.PNG (timeout=0s)
2026-06-06 04:52:45 | INFO | my_functions.py:214 | 
⛔ Not found: 28_day_event_login_rewards.PNG after 0.0s region=(0, 0, 765, 1038) confidence=0.8
2026-06-06 04:52:45 | INFO | my_functions.py:170 | Searching 7_day_event_login.PNG (timeout=0s)
2026-06-06 04:52:45 | INFO | my_functions.py:214 | 
⛔ Not found: 7_day_event_login.PNG after 0.0s region=(0, 0, 765, 1038) confidence=0.8
2026-06-06 04:52:45 | INFO | my_functions.py:170 | Searching 14_days_event.PNG (timeout=0s)
2026-06-06 04:52:46 | INFO | my_functions.py:214 | 
⛔ Not found: 14_days_event.PNG after 0.0s region=(0, 0, 765, 1038) confidence=0.8
2026-06-06 04:52:46 | INFO | my_functions.py:248 | [DEBUG] Buscando en paralelo: ['lets_go.PNG'] | timeout=0s | confidence=0.8
2026-06-06 04:52:46 | INFO | my_functions.py:282 | [DEBUG] Click skipped, ninguna de las imágenes se encontró en el intento.
2026-06-06 04:52:48 | INFO | my_functions.py:170 | Searching shop_unselected.PNG (timeout=0s)
2026-06-06 04:52:48 | INFO | my_functions.py:200 | 
✅ Found: shop_unselected.PNG pos=(88, 961) time=0.18s confidence=0.8
2026-06-06 04:52:56 | INFO | my_functions.py:170 | Searching shop_unselected.PNG (timeout=0s)
2026-06-06 04:52:56 | INFO | my_functions.py:200 | 
✅ Found: shop_unselected.PNG pos=(88, 961) time=0.19s confidence=0.8
2026-06-06 04:52:56 | INFO | my_functions.py:511 | Ya esta listo
2026-06-06 04:52:58 | INFO | my_functions.py:330 | AVAILABLE: 4
2026-06-06 04:52:58 | INFO | each_eight_hours.py:168 | Entering shop to claim credits
2026-06-06 04:52:58 | INFO | my_functions.py:248 | [DEBUG] Buscando en paralelo: ['shop_unselected.PNG'] | timeout=20s | confidence=0.8
2026-06-06 04:53:00 | INFO | my_functions.py:135 | Haciendo click en la posición (88, 961)
2026-06-06 04:53:00 | INFO | my_functions.py:270 | 🖱️ Click OK (En paralelo): shop_unselected.PNG at (88, 961) delay=1s
2026-06-06 04:53:01 | INFO | my_functions.py:248 | [DEBUG] Buscando en paralelo: ['offers.PNG', 'offers_selected.PNG'] | timeout=20s | confidence=0.8
2026-06-06 04:53:02 | INFO | my_functions.py:135 | Haciendo click en la posición (197, 122)
2026-06-06 04:53:02 | INFO | my_functions.py:270 | 🖱️ Click OK (En paralelo): offers.PNG at (197, 122) delay=1s
2026-06-06 04:53:03 | INFO | my_functions.py:248 | [DEBUG] Buscando en paralelo: ['credits_selected.png', 'credits.PNG'] | timeout=3s | confidence=0.8
2026-06-06 04:53:05 | INFO | my_functions.py:135 | Haciendo click en la posición (173, 64)
2026-06-06 04:53:05 | INFO | my_functions.py:270 | 🖱️ Click OK (En paralelo): credits.PNG at (173, 64) delay=1s
2026-06-06 04:53:08 | INFO | my_functions.py:248 | [DEBUG] Buscando en paralelo: ['claim_25_credits.png'] | timeout=3s | confidence=0.8
2026-06-06 04:53:09 | INFO | my_functions.py:135 | Haciendo click en la posición (236, 328)
2026-06-06 04:53:09 | INFO | my_functions.py:270 | 🖱️ Click OK (En paralelo): claim_25_credits.png at (236, 328) delay=1s
2026-06-06 04:53:10 | INFO | my_functions.py:170 | Searching aw_snap.png (timeout=3s)
2026-06-06 04:53:14 | INFO | my_functions.py:214 | 
⛔ Not found: aw_snap.png after 3.18s region=(0, 0, 765, 1038) confidence=0.8
2026-06-06 04:53:14 | INFO | my_functions.py:248 | [DEBUG] Buscando en paralelo: ['white_x.png'] | timeout=2s | confidence=0.8
2026-06-06 04:53:16 | INFO | my_functions.py:282 | [DEBUG] Click skipped, ninguna de las imágenes se encontró en el intento.
2026-06-06 04:53:17 | INFO | my_functions.py:248 | [DEBUG] Buscando en paralelo: ['nut.png'] | timeout=20s | confidence=0.8
2026-06-06 04:53:37 | INFO | my_functions.py:282 | [DEBUG] Click skipped, ninguna de las imágenes se encontró en el intento.
2026-06-06 04:53:38 | INFO | my_functions.py:248 | [DEBUG] Buscando en paralelo: ['graphics_quality.png'] | timeout=3s | confidence=0.8
2026-06-06 04:53:41 | INFO | my_functions.py:282 | [DEBUG] Click skipped, ninguna de las imágenes se encontró en el intento.
2026-06-06 04:53:43 | INFO | my_functions.py:248 | [DEBUG] Buscando en paralelo: ['sign_out.png'] | timeout=20s | confidence=0.8
2026-06-06 04:53:47 | ERROR | each_eight_hours.py:60 | Uncaught exception
Traceback (most recent call last):
  File "Z:\SHARED FILES VM\MS\each_eight_hours.py", line 174, in <module>
    click_any_MS_img("images/start_screen/offer_window/white_x.png", timeout=2)
    ^^^^^^^^
  File "Z:\SHARED FILES VM\MS\my_functions.py", line 1113, in logout
    click_any_MS_img(r'images/stages/main_stage/sign_out.png')
  File "Z:\SHARED FILES VM\MS\my_functions.py", line 256, in click_any_MS_img
    position = search_MS_img(
               ^^^^^^^^^^^^^^
  File "Z:\SHARED FILES VM\MS\my_functions.py", line 179, in search_MS_img
    position = pg.locateCenterOnScreen(
               ^^^^^^^^^^^^^^^^^^^^^^^^
  File "C:\Users\Farm\AppData\Local\Programs\Python\Python311\Lib\site-packages\pyautogui\__init__.py", line 175, in wrapper
    return wrappedFunction(*args, **kwargs)
           ^^^^^^^^^^^^^^^^^^^^^^^^^^^^^^^^
  File "C:\Users\Farm\AppData\Local\Programs\Python\Python311\Lib\site-packages\pyautogui\__init__.py", line 207, in locateCenterOnScreen
    return pyscreeze.locateCenterOnScreen(*args, **kwargs)
           ^^^^^^^^^^^^^^^^^^^^^^^^^^^^^^^^^^^^^^^^^^^^^^^
  File "C:\Users\Farm\AppData\Local\Programs\Python\Python311\Lib\site-packages\pyscreeze\__init__.py", line 413, in locateCenterOnScreen
    coords = locateOnScreen(image, **kwargs)
             ^^^^^^^^^^^^^^^^^^^^^^^^^^^^^^^
  File "C:\Users\Farm\AppData\Local\Programs\Python\Python311\Lib\site-packages\pyscreeze\__init__.py", line 372, in locateOnScreen
    screenshotIm = screenshot(region=None) # the locateAll() function must handle cropping to return accurate coordinates, so don't pass a region here.
                   ^^^^^^^^^^^^^^^^^^^^^^^
  File "C:\Users\Farm\AppData\Local\Programs\Python\Python311\Lib\site-packages\pyscreeze\__init__.py", line 145, in wrapper
    return wrappedFunction(*args, **kwargs)
           ^^^^^^^^^^^^^^^^^^^^^^^^^^^^^^^^
  File "C:\Users\Farm\AppData\Local\Programs\Python\Python311\Lib\site-packages\pyscreeze\__init__.py", line 457, in _screenshot_win32
    im = ImageGrab.grab()
         ^^^^^^^^^^^^^^^^
  File "C:\Users\Farm\AppData\Local\Programs\Python\Python311\Lib\site-packages\PIL\ImageGrab.py", line 66, in grab
    im = Image.frombytes(
         ^^^^^^^^^^^^^^^^
  File "C:\Users\Farm\AppData\Local\Programs\Python\Python311\Lib\site-packages\PIL\Image.py", line 3162, in frombytes
    im.frombytes(data, decoder_name, decoder_args)
  File "C:\Users\Farm\AppData\Local\Programs\Python\Python311\Lib\site-packages\PIL\Image.py", line 875, in frombytes
    s = d.decode(data)
        ^^^^^^^^^^^^^^
KeyboardInterrupt
