2026-08-20 14:35:09 | INFO | my_functions.py:55 | ⏳ Esperando WebSocket de OBS...
2026-08-20 14:35:09 | INFO | baseclient.py:33 | Connecting with parameters: host='localhost' port=4455 password='' subs=0 timeout=None
2026-08-20 14:35:09 | INFO | reqs.py:23 | Successfully identified ReqClient with the server using RPC version:1
2026-08-20 14:35:09 | INFO | my_functions.py:61 | ✅ Conectado al OBS WebSocket
2026-08-20 14:35:09 | INFO | my_functions.py:86 | 🎬 Grabación iniciada
2026-08-20 14:35:10 | INFO | each_eight_hours copy 2.py:68 | snap.exe terminated if it was running
2026-08-20 14:35:10 | INFO | my_functions.py:1580 | ⏱ Esperando 0.1 segundos antes de empezar...
2026-08-20 14:35:10 | INFO | my_functions.py:1587 | 🔍 Esperando ventana que contenga alguna de: ['py', 'eight_hours'] (máx 20s)
2026-08-20 14:35:10 | INFO | my_functions.py:1599 | ✅ Ventana encontrada: 'each_eight_hours copy 2 - Acceso directo'
2026-08-20 14:35:10 | INFO | my_functions.py:1614 | ✅ Ventana seleccionada: 'each_eight_hours copy 2 - Acceso directo'
2026-08-20 14:35:12 | INFO | my_functions.py:1637 | 🔁 Reajuste #1...
2026-08-20 14:35:12 | INFO | my_functions.py:1644 | ✔ Verificación completa. Se hicieron 1 reajustes.
2026-08-20 14:35:12 | INFO | each_eight_hours copy 2.py:73 | Processing account: robert
2026-08-20 14:35:12 | INFO | my_functions.py:1580 | ⏱ Esperando 0.1 segundos antes de empezar...
2026-08-20 14:35:12 | INFO | my_functions.py:1587 | 🔍 Esperando ventana que contenga alguna de: ['SNAP'] (máx 20s)
2026-08-20 14:35:14 | INFO | my_functions.py:1599 | ✅ Ventana encontrada: 'SNAP'
2026-08-20 14:35:14 | INFO | my_functions.py:1614 | ✅ Ventana seleccionada: 'SNAP'
2026-08-20 14:35:16 | INFO | my_functions.py:1637 | 🔁 Reajuste #1...
2026-08-20 14:35:17 | INFO | my_functions.py:1644 | ✔ Verificación completa. Se hicieron 1 reajustes.
2026-08-20 14:35:17 | INFO | my_functions.py:1206 | [DEBUG] Resizing SNAP window...
2026-08-20 14:35:17 | INFO | my_functions.py:1580 | ⏱ Esperando 0.1 segundos antes de empezar...
2026-08-20 14:35:17 | INFO | my_functions.py:1587 | 🔍 Esperando ventana que contenga alguna de: ['SNAP'] (máx 20s)
2026-08-20 14:35:17 | INFO | my_functions.py:1599 | ✅ Ventana encontrada: 'SNAP'
2026-08-20 14:35:17 | INFO | my_functions.py:1614 | ✅ Ventana seleccionada: 'SNAP'
2026-08-20 14:35:24 | INFO | my_functions.py:1646 | ✔ Verificación completa. No hubo cambios después del primer ajuste.
2026-08-20 14:35:24 | INFO | my_functions.py:248 | [DEBUG] Buscando en paralelo: ['small_submit.PNG', 'small_submit_hover.png', 'submit_hover_2.png', 'small_submit_hover_2.png'] | timeout=90s | confidence=0.8
2026-08-20 14:35:26 | INFO | my_functions.py:133 | Haciendo click en la posición (380, 642)
2026-08-20 14:35:26 | INFO | my_functions.py:270 | 🖱️ Click OK (En paralelo): small_submit.PNG at (380, 642) delay=0.2s
2026-08-20 14:35:29 | INFO | my_functions.py:248 | [DEBUG] Buscando en paralelo: ['small_submit.PNG', 'small_submit_hover.png', 'submit_hover_2.png', 'small_submit_hover_2.png'] | timeout=20s | confidence=0.8
2026-08-20 14:35:31 | INFO | my_functions.py:133 | Haciendo click en la posición (380, 721)
2026-08-20 14:35:31 | INFO | my_functions.py:270 | 🖱️ Click OK (En paralelo): small_submit.PNG at (380, 721) delay=0.2s
2026-08-20 14:35:32 | INFO | my_functions.py:1580 | ⏱ Esperando 0.1 segundos antes de empezar...
2026-08-20 14:35:32 | INFO | my_functions.py:1587 | 🔍 Esperando ventana que contenga alguna de: ['SNAP'] (máx 20s)
2026-08-20 14:35:32 | INFO | my_functions.py:1599 | ✅ Ventana encontrada: 'SNAP'
2026-08-20 14:35:32 | INFO | my_functions.py:1614 | ✅ Ventana seleccionada: 'SNAP'
2026-08-20 14:35:35 | INFO | my_functions.py:1646 | ✔ Verificación completa. No hubo cambios después del primer ajuste.
2026-08-20 14:35:35 | INFO | my_functions.py:169 | Searching please_sign.png (timeout=0s)
2026-08-20 14:35:35 | INFO | my_functions.py:213 | 
⛔ Not found: please_sign.png after 0.0s region=(0, 0, 765, 1038) confidence=0.8
2026-08-20 14:35:35 | INFO | my_functions.py:248 | [DEBUG] Buscando en paralelo: ['sign_in_with_google2.PNG'] | timeout=20s | confidence=0.8
2026-08-20 14:35:37 | INFO | my_functions.py:133 | Haciendo click en la posición (406, 957)
2026-08-20 14:35:37 | INFO | my_functions.py:270 | 🖱️ Click OK (En paralelo): sign_in_with_google2.PNG at (406, 957) delay=1s
2026-08-20 14:35:38 | INFO | my_functions.py:169 | Searching pagina_cargada.png (timeout=60s)
2026-08-20 14:35:47 | INFO | my_functions.py:199 | 
✅ Found: pagina_cargada.png pos=(70, 24) time=8.69s confidence=0.8
2026-08-20 14:35:49 | INFO | my_functions.py:248 | [DEBUG] Buscando en paralelo: ['robert.png'] | timeout=0s | confidence=0.8
2026-08-20 14:35:53 | INFO | my_functions.py:133 | Haciendo click en la posición (1152, 794)
2026-08-20 14:35:53 | INFO | my_functions.py:270 | 🖱️ Click OK (En paralelo): robert.png at (1152, 794) delay=3s
2026-08-20 14:35:54 | INFO | my_functions.py:169 | Searching marvelsnap_web.png (timeout=30s)
2026-08-20 14:36:00 | INFO | my_functions.py:199 | 
✅ Found: marvelsnap_web.png pos=(258, 80) time=5.75s confidence=0.7
2026-08-20 14:36:01 | INFO | my_functions.py:169 | Searching shop_unselected.PNG (timeout=0s)
2026-08-20 14:36:02 | INFO | my_functions.py:213 | 
⛔ Not found: shop_unselected.PNG after 0.0s region=(0, 0, 765, 1038) confidence=0.8
2026-08-20 14:36:02 | INFO | my_functions.py:248 | [DEBUG] Buscando en paralelo: ['super_premium.PNG'] | timeout=0s | confidence=0.8
2026-08-20 14:36:02 | INFO | my_functions.py:282 | [DEBUG] Click skipped, ninguna de las imágenes se encontró en el intento.
2026-08-20 14:36:03 | INFO | my_functions.py:248 | [DEBUG] Buscando en paralelo: ['maybe_later.PNG'] | timeout=0s | confidence=0.8
2026-08-20 14:36:04 | INFO | my_functions.py:282 | [DEBUG] Click skipped, ninguna de las imágenes se encontró en el intento.
2026-08-20 14:36:05 | INFO | my_functions.py:248 | [DEBUG] Buscando en paralelo: ['maybe_later2.PNG'] | timeout=0s | confidence=0.8
2026-08-20 14:36:06 | INFO | my_functions.py:282 | [DEBUG] Click skipped, ninguna de las imágenes se encontró en el intento.
2026-08-20 14:36:07 | INFO | my_functions.py:169 | Searching go_to_shop.PNG (timeout=0s)
2026-08-20 14:36:07 | INFO | my_functions.py:213 | 
⛔ Not found: go_to_shop.PNG after 0.0s region=(0, 0, 765, 1038) confidence=0.8
2026-08-20 14:36:07 | INFO | my_functions.py:248 | [DEBUG] Buscando en paralelo: ['14_days_of_winterverse.PNG'] | timeout=0s | confidence=0.8
2026-08-20 14:36:08 | INFO | my_functions.py:282 | [DEBUG] Click skipped, ninguna de las imágenes se encontró en el intento.
2026-08-20 14:36:09 | INFO | my_functions.py:169 | Searching welcome_back_calendar.PNG (timeout=0s)
2026-08-20 14:36:09 | INFO | my_functions.py:213 | 
⛔ Not found: welcome_back_calendar.PNG after 0.0s region=(0, 0, 765, 1038) confidence=0.8
2026-08-20 14:36:09 | INFO | my_functions.py:248 | [DEBUG] Buscando en paralelo: ['start_the_countdown.PNG'] | timeout=0s | confidence=0.8
2026-08-20 14:36:10 | INFO | my_functions.py:282 | [DEBUG] Click skipped, ninguna de las imágenes se encontró en el intento.
2026-08-20 14:36:11 | INFO | my_functions.py:248 | [DEBUG] Buscando en paralelo: ['event_has_ended_sanctum.PNG'] | timeout=0s | confidence=0.8
2026-08-20 14:36:12 | INFO | my_functions.py:282 | [DEBUG] Click skipped, ninguna de las imágenes se encontró en el intento.
2026-08-20 14:36:13 | INFO | my_functions.py:248 | [DEBUG] Buscando en paralelo: ['event_has_ended_teamclash.PNG'] | timeout=0s | confidence=0.8
2026-08-20 14:36:14 | INFO | my_functions.py:282 | [DEBUG] Click skipped, ninguna de las imágenes se encontró en el intento.
2026-08-20 14:36:15 | INFO | my_functions.py:248 | [DEBUG] Buscando en paralelo: ['image_part_of_event_grand_arena_finished.PNG'] | timeout=0s | confidence=0.8
2026-08-20 14:36:15 | INFO | my_functions.py:282 | [DEBUG] Click skipped, ninguna de las imágenes se encontró en el intento.
2026-08-20 14:36:16 | INFO | my_functions.py:169 | Searching 28_day_event_login_rewards.PNG (timeout=0s)
2026-08-20 14:36:17 | INFO | my_functions.py:213 | 
⛔ Not found: 28_day_event_login_rewards.PNG after 0.0s region=(0, 0, 765, 1038) confidence=0.8
2026-08-20 14:36:17 | INFO | my_functions.py:169 | Searching 7_day_event_login.PNG (timeout=0s)
2026-08-20 14:36:17 | INFO | my_functions.py:213 | 
⛔ Not found: 7_day_event_login.PNG after 0.0s region=(0, 0, 765, 1038) confidence=0.8
2026-08-20 14:36:17 | INFO | my_functions.py:169 | Searching 14_days_event.PNG (timeout=0s)
2026-08-20 14:36:18 | INFO | my_functions.py:213 | 
⛔ Not found: 14_days_event.PNG after 0.0s region=(0, 0, 765, 1038) confidence=0.8
2026-08-20 14:36:18 | INFO | my_functions.py:248 | [DEBUG] Buscando en paralelo: ['lets_go.PNG'] | timeout=0s | confidence=0.8
2026-08-20 14:36:19 | INFO | my_functions.py:282 | [DEBUG] Click skipped, ninguna de las imágenes se encontró en el intento.
2026-08-20 14:36:21 | INFO | my_functions.py:169 | Searching shop_unselected.PNG (timeout=0s)
2026-08-20 14:36:21 | INFO | my_functions.py:213 | 
⛔ Not found: shop_unselected.PNG after 0.0s region=(0, 0, 765, 1038) confidence=0.8
2026-08-20 14:36:21 | INFO | my_functions.py:248 | [DEBUG] Buscando en paralelo: ['super_premium.PNG'] | timeout=0s | confidence=0.8
2026-08-20 14:36:22 | INFO | my_functions.py:282 | [DEBUG] Click skipped, ninguna de las imágenes se encontró en el intento.
2026-08-20 14:36:23 | INFO | my_functions.py:248 | [DEBUG] Buscando en paralelo: ['maybe_later.PNG'] | timeout=0s | confidence=0.8
2026-08-20 14:36:24 | INFO | my_functions.py:282 | [DEBUG] Click skipped, ninguna de las imágenes se encontró en el intento.
2026-08-20 14:36:25 | INFO | my_functions.py:248 | [DEBUG] Buscando en paralelo: ['maybe_later2.PNG'] | timeout=0s | confidence=0.8
2026-08-20 14:36:26 | INFO | my_functions.py:282 | [DEBUG] Click skipped, ninguna de las imágenes se encontró en el intento.
2026-08-20 14:36:27 | INFO | my_functions.py:169 | Searching go_to_shop.PNG (timeout=0s)
2026-08-20 14:36:27 | INFO | my_functions.py:213 | 
⛔ Not found: go_to_shop.PNG after 0.0s region=(0, 0, 765, 1038) confidence=0.8
2026-08-20 14:36:27 | INFO | my_functions.py:248 | [DEBUG] Buscando en paralelo: ['14_days_of_winterverse.PNG'] | timeout=0s | confidence=0.8
2026-08-20 14:36:28 | INFO | my_functions.py:282 | [DEBUG] Click skipped, ninguna de las imágenes se encontró en el intento.
2026-08-20 14:36:29 | INFO | my_functions.py:169 | Searching welcome_back_calendar.PNG (timeout=0s)
2026-08-20 14:36:29 | INFO | my_functions.py:213 | 
⛔ Not found: welcome_back_calendar.PNG after 0.0s region=(0, 0, 765, 1038) confidence=0.8
2026-08-20 14:36:29 | INFO | my_functions.py:248 | [DEBUG] Buscando en paralelo: ['start_the_countdown.PNG'] | timeout=0s | confidence=0.8
2026-08-20 14:36:30 | INFO | my_functions.py:282 | [DEBUG] Click skipped, ninguna de las imágenes se encontró en el intento.
2026-08-20 14:36:31 | INFO | my_functions.py:248 | [DEBUG] Buscando en paralelo: ['event_has_ended_sanctum.PNG'] | timeout=0s | confidence=0.8
2026-08-20 14:36:31 | INFO | my_functions.py:282 | [DEBUG] Click skipped, ninguna de las imágenes se encontró en el intento.
2026-08-20 14:36:32 | INFO | my_functions.py:248 | [DEBUG] Buscando en paralelo: ['event_has_ended_teamclash.PNG'] | timeout=0s | confidence=0.8
2026-08-20 14:36:33 | INFO | my_functions.py:282 | [DEBUG] Click skipped, ninguna de las imágenes se encontró en el intento.
2026-08-20 14:36:34 | INFO | my_functions.py:248 | [DEBUG] Buscando en paralelo: ['image_part_of_event_grand_arena_finished.PNG'] | timeout=0s | confidence=0.8
2026-08-20 14:36:35 | INFO | my_functions.py:282 | [DEBUG] Click skipped, ninguna de las imágenes se encontró en el intento.
2026-08-20 14:36:36 | INFO | my_functions.py:169 | Searching 28_day_event_login_rewards.PNG (timeout=0s)
2026-08-20 14:36:36 | INFO | my_functions.py:213 | 
⛔ Not found: 28_day_event_login_rewards.PNG after 0.0s region=(0, 0, 765, 1038) confidence=0.8
2026-08-20 14:36:36 | INFO | my_functions.py:169 | Searching 7_day_event_login.PNG (timeout=0s)
2026-08-20 14:36:37 | INFO | my_functions.py:199 | 
✅ Found: 7_day_event_login.PNG pos=(381, 133) time=0.5s confidence=0.8
2026-08-20 14:36:37 | INFO | my_functions.py:141 | Presionando ESC (1/1)
2026-08-20 14:36:38 | INFO | my_functions.py:169 | Searching claim!.PNG (timeout=5s)
2026-08-20 14:36:43 | INFO | my_functions.py:213 | 
⛔ Not found: claim!.PNG after 5.19s region=(0, 0, 765, 1038) confidence=0.8
2026-08-20 14:36:43 | INFO | my_functions.py:169 | Searching claim_hover.png (timeout=3s)
2026-08-20 14:36:44 | INFO | my_functions.py:199 | 
✅ Found: claim_hover.png pos=(383, 921) time=0.77s confidence=0.8
2026-08-20 14:36:47 | INFO | my_functions.py:133 | Haciendo click en la posición (383, 921)
2026-08-20 14:36:48 | INFO | my_functions.py:248 | [DEBUG] Buscando en paralelo: ['nice!.PNG'] | timeout=0s | confidence=0.8
2026-08-20 14:36:49 | INFO | my_functions.py:282 | [DEBUG] Click skipped, ninguna de las imágenes se encontró en el intento.
2026-08-20 14:36:50 | INFO | my_functions.py:248 | [DEBUG] Buscando en paralelo: ['claim!.PNG'] | timeout=0s | confidence=0.8
2026-08-20 14:36:51 | INFO | my_functions.py:282 | [DEBUG] Click skipped, ninguna de las imágenes se encontró en el intento.
2026-08-20 14:36:52 | INFO | my_functions.py:248 | [DEBUG] Buscando en paralelo: ['claim_hover.PNG'] | timeout=0s | confidence=0.8
2026-08-20 14:36:53 | INFO | my_functions.py:282 | [DEBUG] Click skipped, ninguna de las imágenes se encontró en el intento.
2026-08-20 14:36:54 | INFO | my_functions.py:248 | [DEBUG] Buscando en paralelo: ['nice_hover_half.PNG'] | timeout=0s | confidence=0.8
2026-08-20 14:36:55 | INFO | my_functions.py:282 | [DEBUG] Click skipped, ninguna de las imágenes se encontró en el intento.
2026-08-20 14:36:56 | INFO | my_functions.py:248 | [DEBUG] Buscando en paralelo: ['nice!.PNG'] | timeout=0s | confidence=0.8
2026-08-20 14:36:57 | INFO | my_functions.py:282 | [DEBUG] Click skipped, ninguna de las imágenes se encontró en el intento.
2026-08-20 14:36:58 | INFO | my_functions.py:248 | [DEBUG] Buscando en paralelo: ['claim!.PNG'] | timeout=0s | confidence=0.8
2026-08-20 14:36:58 | INFO | my_functions.py:282 | [DEBUG] Click skipped, ninguna de las imágenes se encontró en el intento.
2026-08-20 14:37:00 | INFO | my_functions.py:248 | [DEBUG] Buscando en paralelo: ['claim_hover.PNG'] | timeout=0s | confidence=0.8
2026-08-20 14:37:00 | INFO | my_functions.py:282 | [DEBUG] Click skipped, ninguna de las imágenes se encontró en el intento.
2026-08-20 14:37:01 | INFO | my_functions.py:248 | [DEBUG] Buscando en paralelo: ['nice_hover_half.PNG'] | timeout=0s | confidence=0.8
2026-08-20 14:37:02 | INFO | my_functions.py:282 | [DEBUG] Click skipped, ninguna de las imágenes se encontró en el intento.
2026-08-20 14:37:03 | INFO | my_functions.py:248 | [DEBUG] Buscando en paralelo: ['nice!.PNG'] | timeout=0s | confidence=0.8
2026-08-20 14:37:04 | INFO | my_functions.py:282 | [DEBUG] Click skipped, ninguna de las imágenes se encontró en el intento.
2026-08-20 14:37:05 | INFO | my_functions.py:248 | [DEBUG] Buscando en paralelo: ['claim!.PNG'] | timeout=0s | confidence=0.8
2026-08-20 14:37:06 | INFO | my_functions.py:282 | [DEBUG] Click skipped, ninguna de las imágenes se encontró en el intento.
2026-08-20 14:37:07 | INFO | my_functions.py:248 | [DEBUG] Buscando en paralelo: ['claim_hover.PNG'] | timeout=0s | confidence=0.8
2026-08-20 14:37:07 | INFO | my_functions.py:282 | [DEBUG] Click skipped, ninguna de las imágenes se encontró en el intento.
2026-08-20 14:37:09 | INFO | my_functions.py:248 | [DEBUG] Buscando en paralelo: ['nice_hover_half.PNG'] | timeout=0s | confidence=0.8
2026-08-20 14:37:09 | INFO | my_functions.py:282 | [DEBUG] Click skipped, ninguna de las imágenes se encontró en el intento.
2026-08-20 14:37:18 | INFO | my_functions.py:169 | Searching shop_unselected.PNG (timeout=0s)
2026-08-20 14:37:19 | INFO | my_functions.py:213 | 
⛔ Not found: shop_unselected.PNG after 0.0s region=(0, 0, 765, 1038) confidence=0.8
2026-08-20 14:37:20 | INFO | my_functions.py:169 | Searching shop_unselected.PNG (timeout=0s)
2026-08-20 14:37:21 | INFO | my_functions.py:213 | 
⛔ Not found: shop_unselected.PNG after 0.0s region=(0, 0, 765, 1038) confidence=0.8
2026-08-20 14:37:21 | INFO | my_functions.py:248 | [DEBUG] Buscando en paralelo: ['super_premium.PNG'] | timeout=0s | confidence=0.8
2026-08-20 14:37:22 | INFO | my_functions.py:133 | Haciendo click en la posición (480, 777)
2026-08-20 14:37:22 | INFO | my_functions.py:270 | 🖱️ Click OK (En paralelo): super_premium.PNG at (480, 777) delay=1s
2026-08-20 14:37:24 | INFO | my_functions.py:141 | Presionando ESC (1/1)
2026-08-20 14:37:32 | INFO | my_functions.py:169 | Searching shop_unselected.PNG (timeout=0s)
2026-08-20 14:37:33 | INFO | my_functions.py:199 | 
✅ Found: shop_unselected.PNG pos=(88, 961) time=0.73s confidence=0.8
2026-08-20 14:37:33 | INFO | my_functions.py:714 | Ya esta listo
2026-08-20 14:37:35 | INFO | my_functions.py:169 | Searching play.PNG (timeout=0s)
2026-08-20 14:37:36 | INFO | my_functions.py:199 | 
✅ Found: play.PNG pos=(384, 825) time=0.62s confidence=0.8
2026-08-20 14:37:36 | INFO | my_functions.py:1442 | [INFO] Click realizado donde se equipa el deck a jugar
2026-08-20 14:37:40 | INFO | my_functions.py:248 | [DEBUG] Buscando en paralelo: ['deck_666666.png'] | timeout=3s | confidence=0.8
2026-08-20 14:37:42 | INFO | my_functions.py:133 | Haciendo click en la posición (234, 702)
2026-08-20 14:37:42 | INFO | my_functions.py:270 | 🖱️ Click OK (En paralelo): deck_666666.png at (234, 702) delay=1s
2026-08-20 14:37:43 | INFO | my_functions.py:248 | [DEBUG] Buscando en paralelo: ['equip.png'] | timeout=3s | confidence=0.95
2026-08-20 14:37:45 | INFO | my_functions.py:133 | Haciendo click en la posición (548, 983)
2026-08-20 14:37:45 | INFO | my_functions.py:270 | 🖱️ Click OK (En paralelo): equip.png at (548, 983) delay=1s
2026-08-20 14:37:46 | INFO | each_eight_hours copy 2.py:89 | Deck selected: 6turns
2026-08-20 14:37:46 | INFO | my_functions.py:248 | [DEBUG] Buscando en paralelo: ['maybe_later.PNG'] | timeout=2s | confidence=0.8
2026-08-20 14:37:48 | INFO | my_functions.py:282 | [DEBUG] Click skipped, ninguna de las imágenes se encontró en el intento.
2026-08-20 14:37:50 | INFO | my_functions.py:248 | [DEBUG] Buscando en paralelo: ['maybe_later2.PNG'] | timeout=0.01s | confidence=0.8
2026-08-20 14:37:50 | INFO | my_functions.py:282 | [DEBUG] Click skipped, ninguna de las imágenes se encontró en el intento.
2026-08-20 14:37:51 | INFO | each_eight_hours copy 2.py:95 | Starting game loop 1
2026-08-20 14:37:51 | INFO | my_functions.py:248 | [DEBUG] Buscando en paralelo: ['play.PNG'] | timeout=20s | confidence=0.8
2026-08-20 14:37:55 | INFO | my_functions.py:133 | Haciendo click en la posición (384, 824)
2026-08-20 14:37:55 | INFO | my_functions.py:270 | 🖱️ Click OK (En paralelo): play.PNG at (384, 824) delay=3s
2026-08-20 14:38:00 | INFO | my_functions.py:169 | Searching failed_to_join_game_error.png (timeout=0s)
2026-08-20 14:38:00 | INFO | my_functions.py:213 | 
⛔ Not found: failed_to_join_game_error.png after 0.0s region=(0, 0, 765, 1038) confidence=0.8
2026-08-20 14:38:03 | INFO | my_functions.py:169 | Searching failed_to_join_game_error.png (timeout=0s)
2026-08-20 14:38:04 | INFO | my_functions.py:213 | 
⛔ Not found: failed_to_join_game_error.png after 0.0s region=(0, 0, 765, 1038) confidence=0.8
2026-08-20 14:38:07 | INFO | my_functions.py:169 | Searching failed_to_join_game_error.png (timeout=0s)
2026-08-20 14:38:07 | INFO | my_functions.py:213 | 
⛔ Not found: failed_to_join_game_error.png after 0.0s region=(0, 0, 765, 1038) confidence=0.8
2026-08-20 14:38:11 | INFO | my_functions.py:169 | Searching failed_to_join_game_error.png (timeout=0s)
2026-08-20 14:38:12 | INFO | my_functions.py:213 | 
⛔ Not found: failed_to_join_game_error.png after 0.0s region=(0, 0, 765, 1038) confidence=0.8
2026-08-20 14:38:15 | INFO | my_functions.py:169 | Searching failed_to_join_game_error.png (timeout=0s)
2026-08-20 14:38:15 | INFO | my_functions.py:213 | 
⛔ Not found: failed_to_join_game_error.png after 0.0s region=(0, 0, 765, 1038) confidence=0.8
2026-08-20 14:38:19 | INFO | my_functions.py:169 | Searching failed_to_join_game_error.png (timeout=0s)
2026-08-20 14:38:19 | INFO | my_functions.py:213 | 
⛔ Not found: failed_to_join_game_error.png after 0.0s region=(0, 0, 765, 1038) confidence=0.8
2026-08-20 14:38:22 | INFO | my_functions.py:169 | Searching failed_to_join_game_error.png (timeout=0s)
2026-08-20 14:38:23 | INFO | my_functions.py:213 | 
⛔ Not found: failed_to_join_game_error.png after 0.0s region=(0, 0, 765, 1038) confidence=0.8
2026-08-20 14:38:26 | INFO | my_functions.py:169 | Searching failed_to_join_game_error.png (timeout=0s)
2026-08-20 14:38:26 | INFO | my_functions.py:213 | 
⛔ Not found: failed_to_join_game_error.png after 0.0s region=(0, 0, 765, 1038) confidence=0.8
2026-08-20 14:38:28 | INFO | my_functions.py:199 | 
✅ Found: end_turn.PNG pos=(681, 945) time=0.65s confidence=0.8
2026-08-20 14:38:28 | INFO | my_functions.py:248 | [DEBUG] Buscando en paralelo: ['snap.PNG'] | timeout=0s | confidence=0.8
2026-08-20 14:38:30 | INFO | my_functions.py:133 | Haciendo click en la posición (386, 123)
2026-08-20 14:38:30 | INFO | my_functions.py:270 | 🖱️ Click OK (En paralelo): snap.PNG at (386, 123) delay=1s
2026-08-20 14:38:36 | INFO | my_functions.py:248 | [DEBUG] Buscando en paralelo: ['end_turn.PNG'] | timeout=0s | confidence=0.8
2026-08-20 14:38:38 | INFO | my_functions.py:133 | Haciendo click en la posición (682, 946)
2026-08-20 14:38:38 | INFO | my_functions.py:270 | 🖱️ Click OK (En paralelo): end_turn.PNG at (682, 946) delay=1s
2026-08-20 14:38:39 | INFO | each_eight_hours copy 2.py:108 | End turn executed
2026-08-20 14:38:41 | INFO | my_functions.py:169 | Searching failed_to_join_game_error.png (timeout=0s)
2026-08-20 14:38:41 | INFO | my_functions.py:213 | 
⛔ Not found: failed_to_join_game_error.png after 0.0s region=(0, 0, 765, 1038) confidence=0.8
2026-08-20 14:38:45 | INFO | my_functions.py:169 | Searching failed_to_join_game_error.png (timeout=0s)
2026-08-20 14:38:45 | INFO | my_functions.py:213 | 
⛔ Not found: failed_to_join_game_error.png after 0.0s region=(0, 0, 765, 1038) confidence=0.8
2026-08-20 14:38:48 | INFO | my_functions.py:169 | Searching failed_to_join_game_error.png (timeout=0s)
2026-08-20 14:38:49 | INFO | my_functions.py:213 | 
⛔ Not found: failed_to_join_game_error.png after 0.0s region=(0, 0, 765, 1038) confidence=0.8
2026-08-20 14:38:52 | INFO | my_functions.py:169 | Searching failed_to_join_game_error.png (timeout=0s)
2026-08-20 14:38:53 | INFO | my_functions.py:213 | 
⛔ Not found: failed_to_join_game_error.png after 0.0s region=(0, 0, 765, 1038) confidence=0.8
2026-08-20 14:38:54 | INFO | my_functions.py:199 | 
✅ Found: end_turn.PNG pos=(681, 945) time=0.68s confidence=0.8
2026-08-20 14:38:54 | INFO | my_functions.py:248 | [DEBUG] Buscando en paralelo: ['snap.PNG'] | timeout=0s | confidence=0.8
2026-08-20 14:38:55 | INFO | my_functions.py:282 | [DEBUG] Click skipped, ninguna de las imágenes se encontró en el intento.
2026-08-20 14:39:01 | INFO | my_functions.py:248 | [DEBUG] Buscando en paralelo: ['end_turn.PNG'] | timeout=0s | confidence=0.8
2026-08-20 14:39:03 | INFO | my_functions.py:133 | Haciendo click en la posición (682, 945)
2026-08-20 14:39:03 | INFO | my_functions.py:270 | 🖱️ Click OK (En paralelo): end_turn.PNG at (682, 945) delay=1s
2026-08-20 14:39:04 | INFO | each_eight_hours copy 2.py:108 | End turn executed
2026-08-20 14:39:06 | INFO | my_functions.py:169 | Searching failed_to_join_game_error.png (timeout=0s)
2026-08-20 14:39:06 | INFO | my_functions.py:213 | 
⛔ Not found: failed_to_join_game_error.png after 0.0s region=(0, 0, 765, 1038) confidence=0.8
2026-08-20 14:39:10 | INFO | my_functions.py:169 | Searching failed_to_join_game_error.png (timeout=0s)
2026-08-20 14:39:10 | INFO | my_functions.py:213 | 
⛔ Not found: failed_to_join_game_error.png after 0.0s region=(0, 0, 765, 1038) confidence=0.8
2026-08-20 14:39:11 | INFO | my_functions.py:199 | 
✅ Found: end_turn.PNG pos=(681, 945) time=0.7s confidence=0.8
2026-08-20 14:39:11 | INFO | my_functions.py:248 | [DEBUG] Buscando en paralelo: ['snap.PNG'] | timeout=0s | confidence=0.8
2026-08-20 14:39:12 | INFO | my_functions.py:282 | [DEBUG] Click skipped, ninguna de las imágenes se encontró en el intento.
2026-08-20 14:39:19 | INFO | my_functions.py:248 | [DEBUG] Buscando en paralelo: ['end_turn.PNG'] | timeout=0s | confidence=0.8
2026-08-20 14:39:20 | INFO | my_functions.py:133 | Haciendo click en la posición (682, 945)
2026-08-20 14:39:20 | INFO | my_functions.py:270 | 🖱️ Click OK (En paralelo): end_turn.PNG at (682, 945) delay=1s
2026-08-20 14:39:22 | INFO | each_eight_hours copy 2.py:108 | End turn executed
2026-08-20 14:39:23 | INFO | my_functions.py:169 | Searching failed_to_join_game_error.png (timeout=0s)
2026-08-20 14:39:24 | INFO | my_functions.py:213 | 
⛔ Not found: failed_to_join_game_error.png after 0.0s region=(0, 0, 765, 1038) confidence=0.8
2026-08-20 14:39:27 | INFO | my_functions.py:169 | Searching failed_to_join_game_error.png (timeout=0s)
2026-08-20 14:39:28 | INFO | my_functions.py:213 | 
⛔ Not found: failed_to_join_game_error.png after 0.0s region=(0, 0, 765, 1038) confidence=0.8
2026-08-20 14:39:31 | INFO | my_functions.py:169 | Searching failed_to_join_game_error.png (timeout=0s)
2026-08-20 14:39:31 | INFO | my_functions.py:213 | 
⛔ Not found: failed_to_join_game_error.png after 0.0s region=(0, 0, 765, 1038) confidence=0.8
2026-08-20 14:39:33 | INFO | my_functions.py:199 | 
✅ Found: end_turn.PNG pos=(681, 945) time=0.64s confidence=0.8
2026-08-20 14:39:33 | INFO | my_functions.py:248 | [DEBUG] Buscando en paralelo: ['snap.PNG'] | timeout=0s | confidence=0.8
2026-08-20 14:39:33 | INFO | my_functions.py:282 | [DEBUG] Click skipped, ninguna de las imágenes se encontró en el intento.
2026-08-20 14:39:40 | INFO | my_functions.py:248 | [DEBUG] Buscando en paralelo: ['end_turn.PNG'] | timeout=0s | confidence=0.8
2026-08-20 14:39:41 | INFO | my_functions.py:133 | Haciendo click en la posición (682, 945)
2026-08-20 14:39:41 | INFO | my_functions.py:270 | 🖱️ Click OK (En paralelo): end_turn.PNG at (682, 945) delay=1s
2026-08-20 14:39:43 | INFO | each_eight_hours copy 2.py:108 | End turn executed
2026-08-20 14:39:44 | INFO | my_functions.py:169 | Searching failed_to_join_game_error.png (timeout=0s)
2026-08-20 14:39:45 | INFO | my_functions.py:213 | 
⛔ Not found: failed_to_join_game_error.png after 0.0s region=(0, 0, 765, 1038) confidence=0.8
2026-08-20 14:39:48 | INFO | my_functions.py:169 | Searching failed_to_join_game_error.png (timeout=0s)
2026-08-20 14:39:49 | INFO | my_functions.py:213 | 
⛔ Not found: failed_to_join_game_error.png after 0.0s region=(0, 0, 765, 1038) confidence=0.8
2026-08-20 14:39:52 | INFO | my_functions.py:169 | Searching failed_to_join_game_error.png (timeout=0s)
2026-08-20 14:39:52 | INFO | my_functions.py:213 | 
⛔ Not found: failed_to_join_game_error.png after 0.0s region=(0, 0, 765, 1038) confidence=0.8
2026-08-20 14:39:56 | INFO | my_functions.py:169 | Searching failed_to_join_game_error.png (timeout=0s)
2026-08-20 14:39:56 | INFO | my_functions.py:213 | 
⛔ Not found: failed_to_join_game_error.png after 0.0s region=(0, 0, 765, 1038) confidence=0.8
2026-08-20 14:39:58 | INFO | my_functions.py:199 | 
✅ Found: end_turn.PNG pos=(681, 945) time=0.66s confidence=0.8
2026-08-20 14:39:58 | INFO | my_functions.py:248 | [DEBUG] Buscando en paralelo: ['snap.PNG'] | timeout=0s | confidence=0.8
2026-08-20 14:39:58 | INFO | my_functions.py:282 | [DEBUG] Click skipped, ninguna de las imágenes se encontró en el intento.
2026-08-20 14:40:04 | INFO | my_functions.py:248 | [DEBUG] Buscando en paralelo: ['end_turn.PNG'] | timeout=0s | confidence=0.8
2026-08-20 14:40:06 | INFO | my_functions.py:133 | Haciendo click en la posición (682, 945)
2026-08-20 14:40:06 | INFO | my_functions.py:270 | 🖱️ Click OK (En paralelo): end_turn.PNG at (682, 945) delay=1s
2026-08-20 14:40:07 | INFO | each_eight_hours copy 2.py:108 | End turn executed
2026-08-20 14:40:09 | INFO | my_functions.py:169 | Searching failed_to_join_game_error.png (timeout=0s)
2026-08-20 14:40:10 | INFO | my_functions.py:213 | 
⛔ Not found: failed_to_join_game_error.png after 0.0s region=(0, 0, 765, 1038) confidence=0.8
2026-08-20 14:40:13 | INFO | my_functions.py:169 | Searching failed_to_join_game_error.png (timeout=0s)
2026-08-20 14:40:13 | INFO | my_functions.py:213 | 
⛔ Not found: failed_to_join_game_error.png after 0.0s region=(0, 0, 765, 1038) confidence=0.8
2026-08-20 14:40:17 | INFO | my_functions.py:169 | Searching failed_to_join_game_error.png (timeout=0s)
2026-08-20 14:40:17 | INFO | my_functions.py:213 | 
⛔ Not found: failed_to_join_game_error.png after 0.0s region=(0, 0, 765, 1038) confidence=0.8
2026-08-20 14:40:18 | INFO | my_functions.py:199 | 
✅ Found: end_turn.PNG pos=(681, 945) time=0.65s confidence=0.8
2026-08-20 14:40:18 | INFO | my_functions.py:248 | [DEBUG] Buscando en paralelo: ['snap.PNG'] | timeout=0s | confidence=0.8
2026-08-20 14:40:19 | INFO | my_functions.py:282 | [DEBUG] Click skipped, ninguna de las imágenes se encontró en el intento.
2026-08-20 14:40:26 | INFO | my_functions.py:248 | [DEBUG] Buscando en paralelo: ['end_turn.PNG'] | timeout=0s | confidence=0.8
2026-08-20 14:40:27 | INFO | my_functions.py:133 | Haciendo click en la posición (681, 945)
2026-08-20 14:40:27 | INFO | my_functions.py:270 | 🖱️ Click OK (En paralelo): end_turn.PNG at (681, 945) delay=1s
2026-08-20 14:40:28 | INFO | each_eight_hours copy 2.py:108 | End turn executed
2026-08-20 14:40:30 | INFO | my_functions.py:169 | Searching failed_to_join_game_error.png (timeout=0s)
2026-08-20 14:40:31 | INFO | my_functions.py:213 | 
⛔ Not found: failed_to_join_game_error.png after 0.0s region=(0, 0, 765, 1038) confidence=0.8
2026-08-20 14:40:34 | INFO | my_functions.py:169 | Searching failed_to_join_game_error.png (timeout=0s)
2026-08-20 14:40:35 | INFO | my_functions.py:213 | 
⛔ Not found: failed_to_join_game_error.png after 0.0s region=(0, 0, 765, 1038) confidence=0.8
2026-08-20 14:40:38 | INFO | my_functions.py:169 | Searching failed_to_join_game_error.png (timeout=0s)
2026-08-20 14:40:39 | INFO | my_functions.py:213 | 
⛔ Not found: failed_to_join_game_error.png after 0.0s region=(0, 0, 765, 1038) confidence=0.8
2026-08-20 14:40:40 | INFO | my_functions.py:199 | 
✅ Found: end_turn.PNG pos=(681, 945) time=0.72s confidence=0.8
2026-08-20 14:40:40 | INFO | my_functions.py:248 | [DEBUG] Buscando en paralelo: ['snap.PNG'] | timeout=0s | confidence=0.8
2026-08-20 14:40:41 | INFO | my_functions.py:282 | [DEBUG] Click skipped, ninguna de las imágenes se encontró en el intento.
2026-08-20 14:40:48 | INFO | my_functions.py:248 | [DEBUG] Buscando en paralelo: ['end_turn.PNG'] | timeout=0s | confidence=0.8
2026-08-20 14:40:49 | INFO | my_functions.py:133 | Haciendo click en la posición (681, 945)
2026-08-20 14:40:50 | INFO | my_functions.py:270 | 🖱️ Click OK (En paralelo): end_turn.PNG at (681, 945) delay=1s
2026-08-20 14:40:51 | INFO | each_eight_hours copy 2.py:108 | End turn executed
2026-08-20 14:40:53 | INFO | my_functions.py:169 | Searching failed_to_join_game_error.png (timeout=0s)
2026-08-20 14:40:53 | INFO | my_functions.py:213 | 
⛔ Not found: failed_to_join_game_error.png after 0.0s region=(0, 0, 765, 1038) confidence=0.8
2026-08-20 14:40:57 | INFO | my_functions.py:169 | Searching failed_to_join_game_error.png (timeout=0s)
2026-08-20 14:40:57 | INFO | my_functions.py:213 | 
⛔ Not found: failed_to_join_game_error.png after 0.0s region=(0, 0, 765, 1038) confidence=0.8
2026-08-20 14:41:01 | INFO | my_functions.py:169 | Searching failed_to_join_game_error.png (timeout=0s)
2026-08-20 14:41:01 | INFO | my_functions.py:213 | 
⛔ Not found: failed_to_join_game_error.png after 0.0s region=(0, 0, 765, 1038) confidence=0.8
2026-08-20 14:41:05 | INFO | my_functions.py:169 | Searching failed_to_join_game_error.png (timeout=0s)
2026-08-20 14:41:05 | INFO | my_functions.py:213 | 
⛔ Not found: failed_to_join_game_error.png after 0.0s region=(0, 0, 765, 1038) confidence=0.8
2026-08-20 14:41:09 | INFO | my_functions.py:169 | Searching failed_to_join_game_error.png (timeout=0s)
2026-08-20 14:41:09 | INFO | my_functions.py:213 | 
⛔ Not found: failed_to_join_game_error.png after 0.0s region=(0, 0, 765, 1038) confidence=0.8
2026-08-20 14:41:13 | INFO | my_functions.py:169 | Searching failed_to_join_game_error.png (timeout=0s)
2026-08-20 14:41:14 | INFO | my_functions.py:213 | 
⛔ Not found: failed_to_join_game_error.png after 0.0s region=(0, 0, 765, 1038) confidence=0.8
2026-08-20 14:41:14 | INFO | my_functions.py:199 | 
✅ Found: collect_rewards.PNG pos=(679, 957) time=0.92s confidence=0.8
2026-08-20 14:41:14 | INFO | each_eight_hours copy 2.py:138 | Rewards detected, exiting match. Game duration: 203.13 s
2026-08-20 14:41:15 | INFO | my_functions.py:248 | [DEBUG] Buscando en paralelo: ['collect_rewards.PNG'] | timeout=20s | confidence=0.8
2026-08-20 14:41:16 | INFO | my_functions.py:133 | Haciendo click en la posición (679, 957)
2026-08-20 14:41:17 | INFO | my_functions.py:270 | 🖱️ Click OK (En paralelo): collect_rewards.PNG at (679, 957) delay=1s
2026-08-20 14:41:18 | INFO | my_functions.py:248 | [DEBUG] Buscando en paralelo: ['next.PNG'] | timeout=20s | confidence=0.8
2026-08-20 14:41:23 | INFO | my_functions.py:133 | Haciendo click en la posición (678, 972)
2026-08-20 14:41:23 | INFO | my_functions.py:270 | 🖱️ Click OK (En paralelo): next.PNG at (678, 972) delay=1s
2026-08-20 14:41:26 | INFO | my_functions.py:169 | Searching hyper_cube.png (timeout=5s)
2026-08-20 14:41:32 | INFO | my_functions.py:213 | 
⛔ Not found: hyper_cube.png after 5.23s region=(0, 0, 765, 1038) confidence=0.8
2026-08-20 14:41:32 | INFO | each_eight_hours copy 2.py:95 | Starting game loop 2
2026-08-20 14:41:32 | INFO | my_functions.py:248 | [DEBUG] Buscando en paralelo: ['play.PNG'] | timeout=20s | confidence=0.8
2026-08-20 14:41:35 | INFO | my_functions.py:133 | Haciendo click en la posición (384, 824)
2026-08-20 14:41:35 | INFO | my_functions.py:270 | 🖱️ Click OK (En paralelo): play.PNG at (384, 824) delay=3s
2026-08-20 14:41:40 | INFO | my_functions.py:169 | Searching failed_to_join_game_error.png (timeout=0s)
2026-08-20 14:41:41 | INFO | my_functions.py:213 | 
⛔ Not found: failed_to_join_game_error.png after 0.0s region=(0, 0, 765, 1038) confidence=0.8
2026-08-20 14:41:45 | INFO | my_functions.py:169 | Searching failed_to_join_game_error.png (timeout=0s)
2026-08-20 14:41:45 | INFO | my_functions.py:213 | 
⛔ Not found: failed_to_join_game_error.png after 0.0s region=(0, 0, 765, 1038) confidence=0.8
2026-08-20 14:41:50 | INFO | my_functions.py:169 | Searching failed_to_join_game_error.png (timeout=0s)
2026-08-20 14:41:50 | INFO | my_functions.py:213 | 
⛔ Not found: failed_to_join_game_error.png after 0.0s region=(0, 0, 765, 1038) confidence=0.8
2026-08-20 14:41:52 | INFO | my_functions.py:199 | 
✅ Found: end_turn.PNG pos=(682, 945) time=0.69s confidence=0.8
2026-08-20 14:41:52 | INFO | my_functions.py:248 | [DEBUG] Buscando en paralelo: ['snap.PNG'] | timeout=0s | confidence=0.8
2026-08-20 14:41:54 | INFO | my_functions.py:133 | Haciendo click en la posición (386, 123)
2026-08-20 14:41:54 | INFO | my_functions.py:270 | 🖱️ Click OK (En paralelo): snap.PNG at (386, 123) delay=1s
2026-08-20 14:42:00 | INFO | my_functions.py:248 | [DEBUG] Buscando en paralelo: ['end_turn.PNG'] | timeout=0s | confidence=0.8
2026-08-20 14:42:02 | INFO | my_functions.py:133 | Haciendo click en la posición (682, 946)
2026-08-20 14:42:02 | INFO | my_functions.py:270 | 🖱️ Click OK (En paralelo): end_turn.PNG at (682, 946) delay=1s
2026-08-20 14:42:03 | INFO | each_eight_hours copy 2.py:108 | End turn executed
2026-08-20 14:42:05 | INFO | my_functions.py:169 | Searching failed_to_join_game_error.png (timeout=0s)
2026-08-20 14:42:06 | INFO | my_functions.py:213 | 
⛔ Not found: failed_to_join_game_error.png after 0.0s region=(0, 0, 765, 1038) confidence=0.8
2026-08-20 14:42:09 | INFO | my_functions.py:169 | Searching failed_to_join_game_error.png (timeout=0s)
2026-08-20 14:42:10 | INFO | my_functions.py:213 | 
⛔ Not found: failed_to_join_game_error.png after 0.0s region=(0, 0, 765, 1038) confidence=0.8
2026-08-20 14:42:13 | INFO | my_functions.py:169 | Searching failed_to_join_game_error.png (timeout=0s)
2026-08-20 14:42:14 | INFO | my_functions.py:213 | 
⛔ Not found: failed_to_join_game_error.png after 0.0s region=(0, 0, 765, 1038) confidence=0.8
2026-08-20 14:42:17 | INFO | my_functions.py:169 | Searching failed_to_join_game_error.png (timeout=0s)
2026-08-20 14:42:18 | INFO | my_functions.py:213 | 
⛔ Not found: failed_to_join_game_error.png after 0.0s region=(0, 0, 765, 1038) confidence=0.8
2026-08-20 14:42:19 | INFO | my_functions.py:199 | 
✅ Found: end_turn.PNG pos=(681, 945) time=0.68s confidence=0.8
2026-08-20 14:42:19 | INFO | my_functions.py:248 | [DEBUG] Buscando en paralelo: ['snap.PNG'] | timeout=0s | confidence=0.8
2026-08-20 14:42:20 | INFO | my_functions.py:282 | [DEBUG] Click skipped, ninguna de las imágenes se encontró en el intento.
2026-08-20 14:42:27 | INFO | my_functions.py:248 | [DEBUG] Buscando en paralelo: ['end_turn.PNG'] | timeout=0s | confidence=0.8
2026-08-20 14:42:28 | INFO | my_functions.py:133 | Haciendo click en la posición (682, 946)
2026-08-20 14:42:29 | INFO | my_functions.py:270 | 🖱️ Click OK (En paralelo): end_turn.PNG at (682, 946) delay=1s
2026-08-20 14:42:30 | INFO | each_eight_hours copy 2.py:108 | End turn executed
2026-08-20 14:42:32 | INFO | my_functions.py:169 | Searching failed_to_join_game_error.png (timeout=0s)
2026-08-20 14:42:32 | INFO | my_functions.py:213 | 
⛔ Not found: failed_to_join_game_error.png after 0.0s region=(0, 0, 765, 1038) confidence=0.8
2026-08-20 14:42:36 | INFO | my_functions.py:169 | Searching failed_to_join_game_error.png (timeout=0s)
2026-08-20 14:42:37 | INFO | my_functions.py:213 | 
⛔ Not found: failed_to_join_game_error.png after 0.0s region=(0, 0, 765, 1038) confidence=0.8
2026-08-20 14:42:41 | INFO | my_functions.py:169 | Searching failed_to_join_game_error.png (timeout=0s)
2026-08-20 14:42:41 | INFO | my_functions.py:213 | 
⛔ Not found: failed_to_join_game_error.png after 0.0s region=(0, 0, 765, 1038) confidence=0.8
2026-08-20 14:42:43 | INFO | my_functions.py:199 | 
✅ Found: end_turn.PNG pos=(681, 945) time=0.76s confidence=0.8
2026-08-20 14:42:43 | INFO | my_functions.py:248 | [DEBUG] Buscando en paralelo: ['snap.PNG'] | timeout=0s | confidence=0.8
2026-08-20 14:42:44 | INFO | my_functions.py:282 | [DEBUG] Click skipped, ninguna de las imágenes se encontró en el intento.
2026-08-20 14:42:50 | INFO | my_functions.py:248 | [DEBUG] Buscando en paralelo: ['end_turn.PNG'] | timeout=0s | confidence=0.8
2026-08-20 14:42:52 | INFO | my_functions.py:133 | Haciendo click en la posición (682, 945)
2026-08-20 14:42:52 | INFO | my_functions.py:270 | 🖱️ Click OK (En paralelo): end_turn.PNG at (682, 945) delay=1s
2026-08-20 14:42:53 | INFO | each_eight_hours copy 2.py:108 | End turn executed
2026-08-20 14:42:55 | INFO | my_functions.py:169 | Searching failed_to_join_game_error.png (timeout=0s)
2026-08-20 14:42:56 | INFO | my_functions.py:213 | 
⛔ Not found: failed_to_join_game_error.png after 0.0s region=(0, 0, 765, 1038) confidence=0.8
2026-08-20 14:43:01 | INFO | my_functions.py:169 | Searching failed_to_join_game_error.png (timeout=0s)
2026-08-20 14:43:02 | INFO | my_functions.py:213 | 
⛔ Not found: failed_to_join_game_error.png after 0.0s region=(0, 0, 765, 1038) confidence=0.8
2026-08-20 14:43:05 | INFO | my_functions.py:169 | Searching failed_to_join_game_error.png (timeout=0s)
2026-08-20 14:43:06 | INFO | my_functions.py:213 | 
⛔ Not found: failed_to_join_game_error.png after 0.0s region=(0, 0, 765, 1038) confidence=0.8
2026-08-20 14:43:07 | INFO | my_functions.py:199 | 
✅ Found: end_turn.PNG pos=(681, 945) time=0.73s confidence=0.8
2026-08-20 14:43:07 | INFO | my_functions.py:248 | [DEBUG] Buscando en paralelo: ['snap.PNG'] | timeout=0s | confidence=0.8
2026-08-20 14:43:08 | INFO | my_functions.py:282 | [DEBUG] Click skipped, ninguna de las imágenes se encontró en el intento.
2026-08-20 14:43:14 | INFO | my_functions.py:248 | [DEBUG] Buscando en paralelo: ['end_turn.PNG'] | timeout=0s | confidence=0.8
2026-08-20 14:43:16 | INFO | my_functions.py:133 | Haciendo click en la posición (682, 945)
2026-08-20 14:43:16 | INFO | my_functions.py:270 | 🖱️ Click OK (En paralelo): end_turn.PNG at (682, 945) delay=1s
2026-08-20 14:43:17 | INFO | each_eight_hours copy 2.py:108 | End turn executed
2026-08-20 14:43:19 | INFO | my_functions.py:169 | Searching failed_to_join_game_error.png (timeout=0s)
2026-08-20 14:43:20 | INFO | my_functions.py:213 | 
⛔ Not found: failed_to_join_game_error.png after 0.0s region=(0, 0, 765, 1038) confidence=0.8
2026-08-20 14:43:23 | INFO | my_functions.py:169 | Searching failed_to_join_game_error.png (timeout=0s)
2026-08-20 14:43:24 | INFO | my_functions.py:213 | 
⛔ Not found: failed_to_join_game_error.png after 0.0s region=(0, 0, 765, 1038) confidence=0.8
2026-08-20 14:43:28 | INFO | my_functions.py:169 | Searching failed_to_join_game_error.png (timeout=0s)
2026-08-20 14:43:28 | INFO | my_functions.py:213 | 
⛔ Not found: failed_to_join_game_error.png after 0.0s region=(0, 0, 765, 1038) confidence=0.8
2026-08-20 14:43:32 | INFO | my_functions.py:169 | Searching failed_to_join_game_error.png (timeout=0s)
2026-08-20 14:43:32 | INFO | my_functions.py:213 | 
⛔ Not found: failed_to_join_game_error.png after 0.0s region=(0, 0, 765, 1038) confidence=0.8
2026-08-20 14:43:34 | INFO | my_functions.py:199 | 
✅ Found: end_turn.PNG pos=(681, 945) time=0.7s confidence=0.8
2026-08-20 14:43:34 | INFO | my_functions.py:248 | [DEBUG] Buscando en paralelo: ['snap.PNG'] | timeout=0s | confidence=0.8
2026-08-20 14:43:34 | INFO | my_functions.py:282 | [DEBUG] Click skipped, ninguna de las imágenes se encontró en el intento.
2026-08-20 14:43:41 | INFO | my_functions.py:248 | [DEBUG] Buscando en paralelo: ['end_turn.PNG'] | timeout=0s | confidence=0.8
2026-08-20 14:43:42 | INFO | my_functions.py:133 | Haciendo click en la posición (682, 945)
2026-08-20 14:43:43 | INFO | my_functions.py:270 | 🖱️ Click OK (En paralelo): end_turn.PNG at (682, 945) delay=1s
2026-08-20 14:43:44 | INFO | each_eight_hours copy 2.py:108 | End turn executed
2026-08-20 14:43:46 | INFO | my_functions.py:169 | Searching failed_to_join_game_error.png (timeout=0s)
2026-08-20 14:43:46 | INFO | my_functions.py:213 | 
⛔ Not found: failed_to_join_game_error.png after 0.0s region=(0, 0, 765, 1038) confidence=0.8
2026-08-20 14:43:49 | INFO | my_functions.py:169 | Searching failed_to_join_game_error.png (timeout=0s)
2026-08-20 14:43:50 | INFO | my_functions.py:213 | 
⛔ Not found: failed_to_join_game_error.png after 0.0s region=(0, 0, 765, 1038) confidence=0.8
2026-08-20 14:43:53 | INFO | my_functions.py:169 | Searching failed_to_join_game_error.png (timeout=0s)
2026-08-20 14:43:54 | INFO | my_functions.py:213 | 
⛔ Not found: failed_to_join_game_error.png after 0.0s region=(0, 0, 765, 1038) confidence=0.8
2026-08-20 14:43:57 | INFO | my_functions.py:169 | Searching failed_to_join_game_error.png (timeout=0s)
2026-08-20 14:43:58 | INFO | my_functions.py:213 | 
⛔ Not found: failed_to_join_game_error.png after 0.0s region=(0, 0, 765, 1038) confidence=0.8
2026-08-20 14:44:01 | INFO | my_functions.py:169 | Searching failed_to_join_game_error.png (timeout=0s)
2026-08-20 14:44:01 | INFO | my_functions.py:213 | 
⛔ Not found: failed_to_join_game_error.png after 0.0s region=(0, 0, 765, 1038) confidence=0.8
2026-08-20 14:44:03 | INFO | my_functions.py:199 | 
✅ Found: end_turn.PNG pos=(681, 945) time=0.66s confidence=0.8
2026-08-20 14:44:03 | INFO | my_functions.py:248 | [DEBUG] Buscando en paralelo: ['snap.PNG'] | timeout=0s | confidence=0.8
2026-08-20 14:44:04 | INFO | my_functions.py:282 | [DEBUG] Click skipped, ninguna de las imágenes se encontró en el intento.
2026-08-20 14:44:10 | INFO | my_functions.py:248 | [DEBUG] Buscando en paralelo: ['end_turn.PNG'] | timeout=0s | confidence=0.8
2026-08-20 14:44:12 | INFO | my_functions.py:133 | Haciendo click en la posición (682, 945)
2026-08-20 14:44:12 | INFO | my_functions.py:270 | 🖱️ Click OK (En paralelo): end_turn.PNG at (682, 945) delay=1s
2026-08-20 14:44:13 | INFO | each_eight_hours copy 2.py:108 | End turn executed
2026-08-20 14:44:15 | INFO | my_functions.py:169 | Searching failed_to_join_game_error.png (timeout=0s)
2026-08-20 14:44:15 | INFO | my_functions.py:213 | 
⛔ Not found: failed_to_join_game_error.png after 0.0s region=(0, 0, 765, 1038) confidence=0.8
2026-08-20 14:44:19 | INFO | my_functions.py:169 | Searching failed_to_join_game_error.png (timeout=0s)
2026-08-20 14:44:19 | INFO | my_functions.py:213 | 
⛔ Not found: failed_to_join_game_error.png after 0.0s region=(0, 0, 765, 1038) confidence=0.8
2026-08-20 14:44:23 | INFO | my_functions.py:169 | Searching failed_to_join_game_error.png (timeout=0s)
2026-08-20 14:44:23 | INFO | my_functions.py:213 | 
⛔ Not found: failed_to_join_game_error.png after 0.0s region=(0, 0, 765, 1038) confidence=0.8
2026-08-20 14:44:26 | INFO | my_functions.py:169 | Searching failed_to_join_game_error.png (timeout=0s)
2026-08-20 14:44:27 | INFO | my_functions.py:213 | 
⛔ Not found: failed_to_join_game_error.png after 0.0s region=(0, 0, 765, 1038) confidence=0.8
2026-08-20 14:44:30 | INFO | my_functions.py:169 | Searching failed_to_join_game_error.png (timeout=0s)
2026-08-20 14:44:31 | INFO | my_functions.py:213 | 
⛔ Not found: failed_to_join_game_error.png after 0.0s region=(0, 0, 765, 1038) confidence=0.8
2026-08-20 14:44:34 | INFO | my_functions.py:169 | Searching failed_to_join_game_error.png (timeout=0s)
2026-08-20 14:44:34 | INFO | my_functions.py:213 | 
⛔ Not found: failed_to_join_game_error.png after 0.0s region=(0, 0, 765, 1038) confidence=0.8
2026-08-20 14:44:38 | INFO | my_functions.py:169 | Searching failed_to_join_game_error.png (timeout=0s)
2026-08-20 14:44:38 | INFO | my_functions.py:213 | 
⛔ Not found: failed_to_join_game_error.png after 0.0s region=(0, 0, 765, 1038) confidence=0.8
2026-08-20 14:44:39 | INFO | my_functions.py:199 | 
✅ Found: collect_rewards.PNG pos=(679, 957) time=0.78s confidence=0.8
2026-08-20 14:44:39 | INFO | each_eight_hours copy 2.py:138 | Rewards detected, exiting match. Game duration: 187.5 s
2026-08-20 14:44:39 | INFO | my_functions.py:248 | [DEBUG] Buscando en paralelo: ['collect_rewards.PNG'] | timeout=20s | confidence=0.8
2026-08-20 14:44:41 | INFO | my_functions.py:133 | Haciendo click en la posición (679, 957)
2026-08-20 14:44:41 | INFO | my_functions.py:270 | 🖱️ Click OK (En paralelo): collect_rewards.PNG at (679, 957) delay=1s
2026-08-20 14:44:42 | INFO | my_functions.py:248 | [DEBUG] Buscando en paralelo: ['next.PNG'] | timeout=20s | confidence=0.8
2026-08-20 14:44:48 | INFO | my_functions.py:133 | Haciendo click en la posición (677, 973)
2026-08-20 14:44:48 | INFO | my_functions.py:270 | 🖱️ Click OK (En paralelo): next.PNG at (677, 973) delay=1s
2026-08-20 14:44:51 | INFO | my_functions.py:169 | Searching hyper_cube.png (timeout=5s)
2026-08-20 14:44:57 | INFO | my_functions.py:213 | 
⛔ Not found: hyper_cube.png after 5.32s region=(0, 0, 765, 1038) confidence=0.8
2026-08-20 14:44:57 | INFO | each_eight_hours copy 2.py:95 | Starting game loop 3
2026-08-20 14:44:57 | INFO | my_functions.py:248 | [DEBUG] Buscando en paralelo: ['play.PNG'] | timeout=20s | confidence=0.8
2026-08-20 14:45:00 | INFO | my_functions.py:133 | Haciendo click en la posición (384, 824)
2026-08-20 14:45:01 | INFO | my_functions.py:270 | 🖱️ Click OK (En paralelo): play.PNG at (384, 824) delay=3s
2026-08-20 14:45:05 | INFO | my_functions.py:169 | Searching failed_to_join_game_error.png (timeout=0s)
2026-08-20 14:45:06 | INFO | my_functions.py:213 | 
⛔ Not found: failed_to_join_game_error.png after 0.0s region=(0, 0, 765, 1038) confidence=0.8
2026-08-20 14:45:10 | INFO | my_functions.py:169 | Searching failed_to_join_game_error.png (timeout=0s)
2026-08-20 14:45:11 | INFO | my_functions.py:213 | 
⛔ Not found: failed_to_join_game_error.png after 0.0s region=(0, 0, 765, 1038) confidence=0.8
2026-08-20 14:45:16 | INFO | my_functions.py:169 | Searching failed_to_join_game_error.png (timeout=0s)
2026-08-20 14:45:16 | INFO | my_functions.py:213 | 
⛔ Not found: failed_to_join_game_error.png after 0.0s region=(0, 0, 765, 1038) confidence=0.8
2026-08-20 14:45:18 | INFO | my_functions.py:199 | 
✅ Found: end_turn.PNG pos=(681, 945) time=0.68s confidence=0.8
2026-08-20 14:45:18 | INFO | my_functions.py:248 | [DEBUG] Buscando en paralelo: ['snap.PNG'] | timeout=0s | confidence=0.8
2026-08-20 14:45:20 | INFO | my_functions.py:133 | Haciendo click en la posición (386, 123)
2026-08-20 14:45:20 | INFO | my_functions.py:270 | 🖱️ Click OK (En paralelo): snap.PNG at (386, 123) delay=1s
2026-08-20 14:45:26 | INFO | my_functions.py:248 | [DEBUG] Buscando en paralelo: ['end_turn.PNG'] | timeout=0s | confidence=0.8
2026-08-20 14:45:28 | INFO | my_functions.py:133 | Haciendo click en la posición (682, 946)
2026-08-20 14:45:28 | INFO | my_functions.py:270 | 🖱️ Click OK (En paralelo): end_turn.PNG at (682, 946) delay=1s
2026-08-20 14:45:29 | INFO | each_eight_hours copy 2.py:108 | End turn executed
2026-08-20 14:45:31 | INFO | my_functions.py:169 | Searching failed_to_join_game_error.png (timeout=0s)
2026-08-20 14:45:32 | INFO | my_functions.py:213 | 
⛔ Not found: failed_to_join_game_error.png after 0.0s region=(0, 0, 765, 1038) confidence=0.8
2026-08-20 14:45:35 | INFO | my_functions.py:169 | Searching failed_to_join_game_error.png (timeout=0s)
2026-08-20 14:45:35 | INFO | my_functions.py:213 | 
⛔ Not found: failed_to_join_game_error.png after 0.0s region=(0, 0, 765, 1038) confidence=0.8
2026-08-20 14:45:39 | INFO | my_functions.py:169 | Searching failed_to_join_game_error.png (timeout=0s)
2026-08-20 14:45:39 | INFO | my_functions.py:213 | 
⛔ Not found: failed_to_join_game_error.png after 0.0s region=(0, 0, 765, 1038) confidence=0.8
2026-08-20 14:45:41 | INFO | my_functions.py:199 | 
✅ Found: end_turn.PNG pos=(681, 945) time=0.66s confidence=0.8
2026-08-20 14:45:41 | INFO | my_functions.py:248 | [DEBUG] Buscando en paralelo: ['snap.PNG'] | timeout=0s | confidence=0.8
2026-08-20 14:45:41 | INFO | my_functions.py:282 | [DEBUG] Click skipped, ninguna de las imágenes se encontró en el intento.
2026-08-20 14:45:48 | INFO | my_functions.py:248 | [DEBUG] Buscando en paralelo: ['end_turn.PNG'] | timeout=0s | confidence=0.8
2026-08-20 14:45:51 | INFO | my_functions.py:133 | Haciendo click en la posición (682, 945)
2026-08-20 14:45:58 | INFO | my_functions.py:270 | 🖱️ Click OK (En paralelo): end_turn.PNG at (682, 945) delay=1s
2026-08-20 14:45:59 | INFO | each_eight_hours copy 2.py:108 | End turn executed
2026-08-20 14:47:24 | INFO | my_functions.py:169 | Searching failed_to_join_game_error.png (timeout=0s)
2026-08-20 14:47:26 | INFO | my_functions.py:213 | 
⛔ Not found: failed_to_join_game_error.png after 0.0s region=(0, 0, 765, 1038) confidence=0.8
2026-08-20 14:47:30 | INFO | my_functions.py:169 | Searching failed_to_join_game_error.png (timeout=0s)
2026-08-20 14:47:30 | INFO | my_functions.py:213 | 
⛔ Not found: failed_to_join_game_error.png after 0.0s region=(0, 0, 765, 1038) confidence=0.8
2026-08-20 14:47:34 | INFO | my_functions.py:169 | Searching failed_to_join_game_error.png (timeout=0s)
2026-08-20 14:47:34 | INFO | my_functions.py:213 | 
⛔ Not found: failed_to_join_game_error.png after 0.0s region=(0, 0, 765, 1038) confidence=0.8
2026-08-20 14:47:38 | INFO | my_functions.py:169 | Searching failed_to_join_game_error.png (timeout=0s)
2026-08-20 14:47:38 | INFO | my_functions.py:213 | 
⛔ Not found: failed_to_join_game_error.png after 0.0s region=(0, 0, 765, 1038) confidence=0.8
2026-08-20 14:47:42 | INFO | my_functions.py:169 | Searching failed_to_join_game_error.png (timeout=0s)
2026-08-20 14:47:42 | INFO | my_functions.py:213 | 
⛔ Not found: failed_to_join_game_error.png after 0.0s region=(0, 0, 765, 1038) confidence=0.8
2026-08-20 14:47:46 | INFO | my_functions.py:169 | Searching failed_to_join_game_error.png (timeout=0s)
2026-08-20 14:47:46 | INFO | my_functions.py:213 | 
⛔ Not found: failed_to_join_game_error.png after 0.0s region=(0, 0, 765, 1038) confidence=0.8
2026-08-20 14:47:50 | INFO | my_functions.py:169 | Searching failed_to_join_game_error.png (timeout=0s)
2026-08-20 14:47:50 | INFO | my_functions.py:213 | 
⛔ Not found: failed_to_join_game_error.png after 0.0s region=(0, 0, 765, 1038) confidence=0.8
