2026-05-14 06:12:37 | INFO | each_eight_hours.py:39 | LOG FILE PATH: \\vmware-host\Shared Folders\SHARED FILES VM\MS\logs\each_eight_hours_2026-05-14_06-12-37.log
2026-05-14 06:12:37 | INFO | each_eight_hours.py:40 | Logger initialized
2026-05-14 06:12:37 | INFO | each_eight_hours.py:67 | Script initialized
2026-05-14 06:12:39 | INFO | each_eight_hours.py:121 | Execution started
2026-05-14 06:12:39 | INFO | each_eight_hours.py:124 | Mouse moved to initial position
2026-05-14 06:12:39 | INFO | each_eight_hours.py:131 | snap.exe terminated if it was running
2026-05-14 06:12:39 | INFO | my_functions.py:57 | ⏳ Esperando WebSocket de OBS...
2026-05-14 06:12:46 | INFO | baseclient.py:33 | Connecting with parameters: host='localhost' port=4455 password='' subs=0 timeout=None
2026-05-14 06:12:46 | INFO | reqs.py:23 | Successfully identified ReqClient with the server using RPC version:1
2026-05-14 06:12:46 | INFO | my_functions.py:63 | ✅ Conectado al OBS WebSocket
2026-05-14 06:12:46 | ERROR | reqs.py:59 | OBSSDKRequestError: Request GetRecordStatus returned code 207. With message: OBS is not ready to perform the request.
Traceback (most recent call last):
  File "C:\Users\Farm\AppData\Local\Programs\Python\Python311\Lib\site-packages\obsws_python\reqs.py", line 53, in send
    raise OBSSDKRequestError(
obsws_python.error.OBSSDKRequestError: Request GetRecordStatus returned code 207. With message: OBS is not ready to perform the request.
2026-05-14 06:12:47 | INFO | my_functions.py:88 | 🎬 Grabación iniciada
2026-05-14 06:12:47 | INFO | each_eight_hours.py:134 | OBS started and recording
2026-05-14 06:12:47 | INFO | my_functions.py:1445 | ⏱ Esperando 0.1 segundos antes de empezar...
2026-05-14 06:12:47 | INFO | my_functions.py:1452 | 🔍 Esperando ventana que contenga alguna de: ['py', 'eight_hours'] (máx 20s)
2026-05-14 06:12:47 | INFO | my_functions.py:1464 | ✅ Ventana encontrada: 'each_eight_hours  - Acceso directo'
2026-05-14 06:12:47 | INFO | my_functions.py:1479 | ✅ Ventana seleccionada: 'each_eight_hours  - Acceso directo'
2026-05-14 06:12:49 | INFO | my_functions.py:1502 | 🔁 Reajuste #1...
2026-05-14 06:12:49 | INFO | my_functions.py:1509 | ✔ Verificación completa. Se hicieron 1 reajustes.
2026-05-14 06:12:49 | INFO | each_eight_hours.py:140 | Console window resized
2026-05-14 06:13:19 | INFO | my_functions.py:2292 | Starting Steam window scan
2026-05-14 06:13:19 | INFO | my_functions.py:2295 | Found window: 
2026-05-14 06:13:19 | INFO | my_functions.py:2295 | Found window: each_eight_hours  - Acceso directo
2026-05-14 06:13:19 | INFO | my_functions.py:2295 | Found window: 
2026-05-14 06:13:19 | INFO | my_functions.py:2295 | Found window: 
2026-05-14 06:13:19 | INFO | my_functions.py:2295 | Found window: 
2026-05-14 06:13:19 | INFO | my_functions.py:2295 | Found window: 
2026-05-14 06:13:19 | INFO | my_functions.py:2295 | Found window: RivaTunerStatisticsServer
2026-05-14 06:13:19 | INFO | my_functions.py:2295 | Found window: Program Manager
2026-05-14 06:13:19 | INFO | each_eight_hours.py:146 | Steam popup windows closed
2026-05-14 06:13:19 | INFO | each_eight_hours.py:150 | Processing account: reeps_vm
2026-05-14 06:13:19 | INFO | each_eight_hours.py:153 | Game relaunched for account
2026-05-14 06:13:19 | INFO | my_functions.py:1445 | ⏱ Esperando 0.1 segundos antes de empezar...
2026-05-14 06:13:19 | INFO | my_functions.py:1452 | 🔍 Esperando ventana que contenga alguna de: ['SNAP'] (máx 20s)
2026-05-14 06:13:24 | INFO | my_functions.py:1464 | ✅ Ventana encontrada: 'SNAP'
2026-05-14 06:13:24 | INFO | my_functions.py:1479 | ✅ Ventana seleccionada: 'SNAP'
2026-05-14 06:13:26 | INFO | my_functions.py:1511 | ✔ Verificación completa. No hubo cambios después del primer ajuste.
2026-05-14 06:13:26 | INFO | each_eight_hours.py:160 | Game window resized
2026-05-14 06:13:26 | INFO | my_functions.py:1111 | [DEBUG] Resizing SNAP window...
2026-05-14 06:13:26 | INFO | my_functions.py:1445 | ⏱ Esperando 0.1 segundos antes de empezar...
2026-05-14 06:13:26 | INFO | my_functions.py:1452 | 🔍 Esperando ventana que contenga alguna de: ['SNAP'] (máx 20s)
2026-05-14 06:13:26 | INFO | my_functions.py:1464 | ✅ Ventana encontrada: 'SNAP'
2026-05-14 06:13:26 | INFO | my_functions.py:1479 | ✅ Ventana seleccionada: 'SNAP'
2026-05-14 06:13:29 | INFO | my_functions.py:1511 | ✔ Verificación completa. No hubo cambios después del primer ajuste.
2026-05-14 06:13:29 | INFO | my_functions.py:228 | [DEBUG] wait_for_image_and_click -> submit.PNG timeout=90s delay_click=0.2s confidence=0.8
2026-05-14 06:13:29 | INFO | my_functions.py:169 | Searching submit.PNG (timeout=90s)
2026-05-14 06:13:35 | INFO | my_functions.py:195 | 
✅ Found: submit.PNG pos=(385, 779) time=5.73s confidence=0.8
2026-05-14 06:13:35 | INFO | my_functions.py:135 | Haciendo click en la posición (385, 779)
2026-05-14 06:13:35 | INFO | my_functions.py:248 | 🖱️ Click OK: submit.PNG at (385, 779) delay=0.2s
2026-05-14 06:13:35 | INFO | my_functions.py:1445 | ⏱ Esperando 0.1 segundos antes de empezar...
2026-05-14 06:13:35 | INFO | my_functions.py:1452 | 🔍 Esperando ventana que contenga alguna de: ['SNAP'] (máx 20s)
2026-05-14 06:13:35 | INFO | my_functions.py:1464 | ✅ Ventana encontrada: 'SNAP'
2026-05-14 06:13:35 | INFO | my_functions.py:1479 | ✅ Ventana seleccionada: 'SNAP'
2026-05-14 06:13:37 | INFO | my_functions.py:1502 | 🔁 Reajuste #1...
2026-05-14 06:13:38 | INFO | my_functions.py:1509 | ✔ Verificación completa. Se hicieron 1 reajustes.
2026-05-14 06:13:38 | INFO | my_functions.py:169 | Searching please_sign.png (timeout=0s)
2026-05-14 06:13:39 | INFO | my_functions.py:195 | 
✅ Found: please_sign.png pos=(383, 438) time=0.18s confidence=0.8
2026-05-14 06:13:39 | INFO | my_functions.py:228 | [DEBUG] wait_for_image_and_click -> ok_btn.png timeout=20s delay_click=1s confidence=0.8
2026-05-14 06:13:39 | INFO | my_functions.py:169 | Searching ok_btn.png (timeout=20s)
2026-05-14 06:13:39 | INFO | my_functions.py:195 | 
✅ Found: ok_btn.png pos=(382, 634) time=0.18s confidence=0.8
2026-05-14 06:13:40 | INFO | my_functions.py:135 | Haciendo click en la posición (382, 634)
2026-05-14 06:13:40 | INFO | my_functions.py:248 | 🖱️ Click OK: ok_btn.png at (382, 634) delay=1s
2026-05-14 06:13:40 | INFO | my_functions.py:228 | [DEBUG] wait_for_image_and_click -> submit.PNG timeout=90s delay_click=0.2s confidence=0.8
2026-05-14 06:13:40 | INFO | my_functions.py:169 | Searching submit.PNG (timeout=90s)
2026-05-14 06:13:41 | INFO | my_functions.py:195 | 
✅ Found: submit.PNG pos=(385, 779) time=1.21s confidence=0.8
2026-05-14 06:13:41 | INFO | my_functions.py:135 | Haciendo click en la posición (385, 779)
2026-05-14 06:13:42 | INFO | my_functions.py:248 | 🖱️ Click OK: submit.PNG at (385, 779) delay=0.2s
2026-05-14 06:13:42 | INFO | my_functions.py:169 | Searching sign_in_with_google2.PNG (timeout=90s)
2026-05-14 06:13:42 | INFO | my_functions.py:195 | 
✅ Found: sign_in_with_google2.PNG pos=(406, 957) time=0.94s confidence=0.8
2026-05-14 06:13:42 | INFO | my_functions.py:228 | [DEBUG] wait_for_image_and_click -> sign_in_with_google2.PNG timeout=20s delay_click=1s confidence=0.8
2026-05-14 06:13:42 | INFO | my_functions.py:169 | Searching sign_in_with_google2.PNG (timeout=20s)
2026-05-14 06:13:43 | INFO | my_functions.py:195 | 
✅ Found: sign_in_with_google2.PNG pos=(406, 957) time=0.33s confidence=0.8
2026-05-14 06:13:44 | INFO | my_functions.py:135 | Haciendo click en la posición (406, 957)
2026-05-14 06:13:44 | INFO | my_functions.py:248 | 🖱️ Click OK: sign_in_with_google2.PNG at (406, 957) delay=1s
2026-05-14 06:13:44 | INFO | my_functions.py:228 | [DEBUG] wait_for_image_and_click -> reeps_vm.png timeout=30s delay_click=3s confidence=0.8
2026-05-14 06:13:44 | INFO | my_functions.py:169 | Searching reeps_vm.png (timeout=30s)
2026-05-14 06:13:52 | INFO | my_functions.py:195 | 
✅ Found: reeps_vm.png pos=(1126, 534) time=8.19s confidence=0.8
2026-05-14 06:13:55 | INFO | my_functions.py:135 | Haciendo click en la posición (1126, 534)
2026-05-14 06:13:55 | INFO | my_functions.py:248 | 🖱️ Click OK: reeps_vm.png at (1126, 534) delay=3s
2026-05-14 06:13:55 | INFO | my_functions.py:169 | Searching marvelsnap_web.png (timeout=30s)
2026-05-14 06:14:03 | INFO | my_functions.py:195 | 
✅ Found: marvelsnap_web.png pos=(258, 80) time=7.54s confidence=0.7
2026-05-14 06:14:03 | INFO | each_eight_hours.py:164 | Login executed
2026-05-14 06:14:03 | INFO | my_functions.py:169 | Searching shop_unselected.PNG (timeout=0s)
2026-05-14 06:14:03 | INFO | my_functions.py:206 | 
⛔ Not found: shop_unselected.PNG after 0.0s region=(0, 0, 765, 1038) confidence=0.8
2026-05-14 06:14:03 | INFO | my_functions.py:228 | [DEBUG] wait_for_image_and_click -> super_premium.PNG timeout=0s delay_click=1s confidence=0.8
2026-05-14 06:14:03 | INFO | my_functions.py:169 | Searching super_premium.PNG (timeout=0s)
2026-05-14 06:14:04 | INFO | my_functions.py:206 | 
⛔ Not found: super_premium.PNG after 0.0s region=(0, 0, 765, 1038) confidence=0.8
2026-05-14 06:14:04 | INFO | my_functions.py:255 | [DEBUG] Click skipped, image not found: super_premium.PNG
2026-05-14 06:14:04 | INFO | my_functions.py:228 | [DEBUG] wait_for_image_and_click -> maybe_later.PNG timeout=0s delay_click=1s confidence=0.8
2026-05-14 06:14:04 | INFO | my_functions.py:169 | Searching maybe_later.PNG (timeout=0s)
2026-05-14 06:14:04 | INFO | my_functions.py:206 | 
⛔ Not found: maybe_later.PNG after 0.0s region=(0, 0, 765, 1038) confidence=0.8
2026-05-14 06:14:04 | INFO | my_functions.py:255 | [DEBUG] Click skipped, image not found: maybe_later.PNG
2026-05-14 06:14:04 | INFO | my_functions.py:228 | [DEBUG] wait_for_image_and_click -> maybe_later2.PNG timeout=0s delay_click=1s confidence=0.8
2026-05-14 06:14:04 | INFO | my_functions.py:169 | Searching maybe_later2.PNG (timeout=0s)
2026-05-14 06:14:04 | INFO | my_functions.py:206 | 
⛔ Not found: maybe_later2.PNG after 0.0s region=(0, 0, 765, 1038) confidence=0.8
2026-05-14 06:14:04 | INFO | my_functions.py:255 | [DEBUG] Click skipped, image not found: maybe_later2.PNG
2026-05-14 06:14:04 | INFO | my_functions.py:169 | Searching go_to_shop.PNG (timeout=0s)
2026-05-14 06:14:04 | INFO | my_functions.py:206 | 
⛔ Not found: go_to_shop.PNG after 0.01s region=(0, 0, 765, 1038) confidence=0.8
2026-05-14 06:14:04 | INFO | my_functions.py:228 | [DEBUG] wait_for_image_and_click -> 14_days_of_winterverse.PNG timeout=0s delay_click=1s confidence=0.8
2026-05-14 06:14:04 | INFO | my_functions.py:169 | Searching 14_days_of_winterverse.PNG (timeout=0s)
2026-05-14 06:14:04 | INFO | my_functions.py:206 | 
⛔ Not found: 14_days_of_winterverse.PNG after 0.0s region=(0, 0, 765, 1038) confidence=0.8
2026-05-14 06:14:04 | INFO | my_functions.py:255 | [DEBUG] Click skipped, image not found: 14_days_of_winterverse.PNG
2026-05-14 06:14:04 | INFO | my_functions.py:169 | Searching welcome_back_calendar.PNG (timeout=0s)
2026-05-14 06:14:05 | INFO | my_functions.py:206 | 
⛔ Not found: welcome_back_calendar.PNG after 0.0s region=(0, 0, 765, 1038) confidence=0.8
2026-05-14 06:14:05 | INFO | my_functions.py:228 | [DEBUG] wait_for_image_and_click -> start_the_countdown.PNG timeout=0s delay_click=1s confidence=0.8
2026-05-14 06:14:05 | INFO | my_functions.py:169 | Searching start_the_countdown.PNG (timeout=0s)
2026-05-14 06:14:05 | INFO | my_functions.py:206 | 
⛔ Not found: start_the_countdown.PNG after 0.0s region=(0, 0, 765, 1038) confidence=0.8
2026-05-14 06:14:05 | INFO | my_functions.py:255 | [DEBUG] Click skipped, image not found: start_the_countdown.PNG
2026-05-14 06:14:05 | INFO | my_functions.py:228 | [DEBUG] wait_for_image_and_click -> event_has_ended_sanctum.PNG timeout=0s delay_click=1s confidence=0.8
2026-05-14 06:14:05 | INFO | my_functions.py:169 | Searching event_has_ended_sanctum.PNG (timeout=0s)
2026-05-14 06:14:05 | INFO | my_functions.py:206 | 
⛔ Not found: event_has_ended_sanctum.PNG after 0.0s region=(0, 0, 765, 1038) confidence=0.8
2026-05-14 06:14:05 | INFO | my_functions.py:255 | [DEBUG] Click skipped, image not found: event_has_ended_sanctum.PNG
2026-05-14 06:14:05 | INFO | my_functions.py:228 | [DEBUG] wait_for_image_and_click -> image_part_of_event_grand_arena_finished.PNG timeout=0s delay_click=1s confidence=0.8
2026-05-14 06:14:05 | INFO | my_functions.py:169 | Searching image_part_of_event_grand_arena_finished.PNG (timeout=0s)
2026-05-14 06:14:05 | INFO | my_functions.py:206 | 
⛔ Not found: image_part_of_event_grand_arena_finished.PNG after 0.01s region=(0, 0, 765, 1038) confidence=0.8
2026-05-14 06:14:05 | INFO | my_functions.py:255 | [DEBUG] Click skipped, image not found: image_part_of_event_grand_arena_finished.PNG
2026-05-14 06:14:05 | INFO | my_functions.py:169 | Searching 28_day_event_login_rewards.PNG (timeout=0s)
2026-05-14 06:14:05 | INFO | my_functions.py:206 | 
⛔ Not found: 28_day_event_login_rewards.PNG after 0.0s region=(0, 0, 765, 1038) confidence=0.8
2026-05-14 06:14:05 | INFO | my_functions.py:169 | Searching 7_day_event_login.PNG (timeout=0s)
2026-05-14 06:14:05 | INFO | my_functions.py:206 | 
⛔ Not found: 7_day_event_login.PNG after 0.0s region=(0, 0, 765, 1038) confidence=0.8
2026-05-14 06:14:05 | INFO | my_functions.py:169 | Searching 14_days_event.PNG (timeout=0s)
2026-05-14 06:14:06 | INFO | my_functions.py:206 | 
⛔ Not found: 14_days_event.PNG after 0.0s region=(0, 0, 765, 1038) confidence=0.8
2026-05-14 06:14:06 | INFO | my_functions.py:228 | [DEBUG] wait_for_image_and_click -> lets_go.PNG timeout=0s delay_click=1s confidence=0.8
2026-05-14 06:14:06 | INFO | my_functions.py:169 | Searching lets_go.PNG (timeout=0s)
2026-05-14 06:14:06 | INFO | my_functions.py:206 | 
⛔ Not found: lets_go.PNG after 0.0s region=(0, 0, 765, 1038) confidence=0.8
2026-05-14 06:14:06 | INFO | my_functions.py:255 | [DEBUG] Click skipped, image not found: lets_go.PNG
2026-05-14 06:14:07 | INFO | my_functions.py:169 | Searching shop_unselected.PNG (timeout=0s)
2026-05-14 06:14:07 | INFO | my_functions.py:206 | 
⛔ Not found: shop_unselected.PNG after 0.0s region=(0, 0, 765, 1038) confidence=0.8
2026-05-14 06:14:07 | INFO | my_functions.py:228 | [DEBUG] wait_for_image_and_click -> super_premium.PNG timeout=0s delay_click=1s confidence=0.8
2026-05-14 06:14:07 | INFO | my_functions.py:169 | Searching super_premium.PNG (timeout=0s)
2026-05-14 06:14:07 | INFO | my_functions.py:206 | 
⛔ Not found: super_premium.PNG after 0.0s region=(0, 0, 765, 1038) confidence=0.8
2026-05-14 06:14:07 | INFO | my_functions.py:255 | [DEBUG] Click skipped, image not found: super_premium.PNG
2026-05-14 06:14:07 | INFO | my_functions.py:228 | [DEBUG] wait_for_image_and_click -> maybe_later.PNG timeout=0s delay_click=1s confidence=0.8
2026-05-14 06:14:07 | INFO | my_functions.py:169 | Searching maybe_later.PNG (timeout=0s)
2026-05-14 06:14:07 | INFO | my_functions.py:206 | 
⛔ Not found: maybe_later.PNG after 0.0s region=(0, 0, 765, 1038) confidence=0.8
2026-05-14 06:14:07 | INFO | my_functions.py:255 | [DEBUG] Click skipped, image not found: maybe_later.PNG
2026-05-14 06:14:07 | INFO | my_functions.py:228 | [DEBUG] wait_for_image_and_click -> maybe_later2.PNG timeout=0s delay_click=1s confidence=0.8
2026-05-14 06:14:07 | INFO | my_functions.py:169 | Searching maybe_later2.PNG (timeout=0s)
2026-05-14 06:14:08 | INFO | my_functions.py:206 | 
⛔ Not found: maybe_later2.PNG after 0.0s region=(0, 0, 765, 1038) confidence=0.8
2026-05-14 06:14:08 | INFO | my_functions.py:255 | [DEBUG] Click skipped, image not found: maybe_later2.PNG
2026-05-14 06:14:08 | INFO | my_functions.py:169 | Searching go_to_shop.PNG (timeout=0s)
2026-05-14 06:14:08 | INFO | my_functions.py:206 | 
⛔ Not found: go_to_shop.PNG after 0.01s region=(0, 0, 765, 1038) confidence=0.8
2026-05-14 06:14:08 | INFO | my_functions.py:228 | [DEBUG] wait_for_image_and_click -> 14_days_of_winterverse.PNG timeout=0s delay_click=1s confidence=0.8
2026-05-14 06:14:08 | INFO | my_functions.py:169 | Searching 14_days_of_winterverse.PNG (timeout=0s)
2026-05-14 06:14:08 | INFO | my_functions.py:206 | 
⛔ Not found: 14_days_of_winterverse.PNG after 0.0s region=(0, 0, 765, 1038) confidence=0.8
2026-05-14 06:14:08 | INFO | my_functions.py:255 | [DEBUG] Click skipped, image not found: 14_days_of_winterverse.PNG
2026-05-14 06:14:08 | INFO | my_functions.py:169 | Searching welcome_back_calendar.PNG (timeout=0s)
2026-05-14 06:14:08 | INFO | my_functions.py:206 | 
⛔ Not found: welcome_back_calendar.PNG after 0.0s region=(0, 0, 765, 1038) confidence=0.8
2026-05-14 06:14:08 | INFO | my_functions.py:228 | [DEBUG] wait_for_image_and_click -> start_the_countdown.PNG timeout=0s delay_click=1s confidence=0.8
2026-05-14 06:14:08 | INFO | my_functions.py:169 | Searching start_the_countdown.PNG (timeout=0s)
2026-05-14 06:14:08 | INFO | my_functions.py:206 | 
⛔ Not found: start_the_countdown.PNG after 0.01s region=(0, 0, 765, 1038) confidence=0.8
2026-05-14 06:14:08 | INFO | my_functions.py:255 | [DEBUG] Click skipped, image not found: start_the_countdown.PNG
2026-05-14 06:14:08 | INFO | my_functions.py:228 | [DEBUG] wait_for_image_and_click -> event_has_ended_sanctum.PNG timeout=0s delay_click=1s confidence=0.8
2026-05-14 06:14:08 | INFO | my_functions.py:169 | Searching event_has_ended_sanctum.PNG (timeout=0s)
2026-05-14 06:14:09 | INFO | my_functions.py:206 | 
⛔ Not found: event_has_ended_sanctum.PNG after 0.01s region=(0, 0, 765, 1038) confidence=0.8
2026-05-14 06:14:09 | INFO | my_functions.py:255 | [DEBUG] Click skipped, image not found: event_has_ended_sanctum.PNG
2026-05-14 06:14:09 | INFO | my_functions.py:228 | [DEBUG] wait_for_image_and_click -> image_part_of_event_grand_arena_finished.PNG timeout=0s delay_click=1s confidence=0.8
2026-05-14 06:14:09 | INFO | my_functions.py:169 | Searching image_part_of_event_grand_arena_finished.PNG (timeout=0s)
2026-05-14 06:14:09 | INFO | my_functions.py:206 | 
⛔ Not found: image_part_of_event_grand_arena_finished.PNG after 0.01s region=(0, 0, 765, 1038) confidence=0.8
2026-05-14 06:14:09 | INFO | my_functions.py:255 | [DEBUG] Click skipped, image not found: image_part_of_event_grand_arena_finished.PNG
2026-05-14 06:14:09 | INFO | my_functions.py:169 | Searching 28_day_event_login_rewards.PNG (timeout=0s)
2026-05-14 06:14:09 | INFO | my_functions.py:206 | 
⛔ Not found: 28_day_event_login_rewards.PNG after 0.0s region=(0, 0, 765, 1038) confidence=0.8
2026-05-14 06:14:09 | INFO | my_functions.py:169 | Searching 7_day_event_login.PNG (timeout=0s)
2026-05-14 06:14:09 | INFO | my_functions.py:206 | 
⛔ Not found: 7_day_event_login.PNG after 0.0s region=(0, 0, 765, 1038) confidence=0.8
2026-05-14 06:14:09 | INFO | my_functions.py:169 | Searching 14_days_event.PNG (timeout=0s)
2026-05-14 06:14:09 | INFO | my_functions.py:206 | 
⛔ Not found: 14_days_event.PNG after 0.0s region=(0, 0, 765, 1038) confidence=0.8
2026-05-14 06:14:09 | INFO | my_functions.py:228 | [DEBUG] wait_for_image_and_click -> lets_go.PNG timeout=0s delay_click=1s confidence=0.8
2026-05-14 06:14:09 | INFO | my_functions.py:169 | Searching lets_go.PNG (timeout=0s)
2026-05-14 06:14:09 | INFO | my_functions.py:206 | 
⛔ Not found: lets_go.PNG after 0.0s region=(0, 0, 765, 1038) confidence=0.8
2026-05-14 06:14:09 | INFO | my_functions.py:255 | [DEBUG] Click skipped, image not found: lets_go.PNG
2026-05-14 06:14:10 | INFO | my_functions.py:169 | Searching shop_unselected.PNG (timeout=0s)
2026-05-14 06:14:11 | INFO | my_functions.py:206 | 
⛔ Not found: shop_unselected.PNG after 0.0s region=(0, 0, 765, 1038) confidence=0.8
2026-05-14 06:14:11 | INFO | my_functions.py:228 | [DEBUG] wait_for_image_and_click -> super_premium.PNG timeout=0s delay_click=1s confidence=0.8
2026-05-14 06:14:11 | INFO | my_functions.py:169 | Searching super_premium.PNG (timeout=0s)
2026-05-14 06:14:11 | INFO | my_functions.py:206 | 
⛔ Not found: super_premium.PNG after 0.0s region=(0, 0, 765, 1038) confidence=0.8
2026-05-14 06:14:11 | INFO | my_functions.py:255 | [DEBUG] Click skipped, image not found: super_premium.PNG
2026-05-14 06:14:11 | INFO | my_functions.py:228 | [DEBUG] wait_for_image_and_click -> maybe_later.PNG timeout=0s delay_click=1s confidence=0.8
2026-05-14 06:14:11 | INFO | my_functions.py:169 | Searching maybe_later.PNG (timeout=0s)
2026-05-14 06:14:11 | INFO | my_functions.py:206 | 
⛔ Not found: maybe_later.PNG after 0.01s region=(0, 0, 765, 1038) confidence=0.8
2026-05-14 06:14:11 | INFO | my_functions.py:255 | [DEBUG] Click skipped, image not found: maybe_later.PNG
2026-05-14 06:14:11 | INFO | my_functions.py:228 | [DEBUG] wait_for_image_and_click -> maybe_later2.PNG timeout=0s delay_click=1s confidence=0.8
2026-05-14 06:14:11 | INFO | my_functions.py:169 | Searching maybe_later2.PNG (timeout=0s)
2026-05-14 06:14:11 | INFO | my_functions.py:206 | 
⛔ Not found: maybe_later2.PNG after 0.0s region=(0, 0, 765, 1038) confidence=0.8
2026-05-14 06:14:11 | INFO | my_functions.py:255 | [DEBUG] Click skipped, image not found: maybe_later2.PNG
2026-05-14 06:14:11 | INFO | my_functions.py:169 | Searching go_to_shop.PNG (timeout=0s)
2026-05-14 06:14:11 | INFO | my_functions.py:206 | 
⛔ Not found: go_to_shop.PNG after 0.0s region=(0, 0, 765, 1038) confidence=0.8
2026-05-14 06:14:11 | INFO | my_functions.py:228 | [DEBUG] wait_for_image_and_click -> 14_days_of_winterverse.PNG timeout=0s delay_click=1s confidence=0.8
2026-05-14 06:14:11 | INFO | my_functions.py:169 | Searching 14_days_of_winterverse.PNG (timeout=0s)
2026-05-14 06:14:12 | INFO | my_functions.py:206 | 
⛔ Not found: 14_days_of_winterverse.PNG after 0.01s region=(0, 0, 765, 1038) confidence=0.8
2026-05-14 06:14:12 | INFO | my_functions.py:255 | [DEBUG] Click skipped, image not found: 14_days_of_winterverse.PNG
2026-05-14 06:14:12 | INFO | my_functions.py:169 | Searching welcome_back_calendar.PNG (timeout=0s)
2026-05-14 06:14:12 | INFO | my_functions.py:206 | 
⛔ Not found: welcome_back_calendar.PNG after 0.0s region=(0, 0, 765, 1038) confidence=0.8
2026-05-14 06:14:12 | INFO | my_functions.py:228 | [DEBUG] wait_for_image_and_click -> start_the_countdown.PNG timeout=0s delay_click=1s confidence=0.8
2026-05-14 06:14:12 | INFO | my_functions.py:169 | Searching start_the_countdown.PNG (timeout=0s)
2026-05-14 06:14:12 | INFO | my_functions.py:206 | 
⛔ Not found: start_the_countdown.PNG after 0.0s region=(0, 0, 765, 1038) confidence=0.8
2026-05-14 06:14:12 | INFO | my_functions.py:255 | [DEBUG] Click skipped, image not found: start_the_countdown.PNG
2026-05-14 06:14:12 | INFO | my_functions.py:228 | [DEBUG] wait_for_image_and_click -> event_has_ended_sanctum.PNG timeout=0s delay_click=1s confidence=0.8
2026-05-14 06:14:12 | INFO | my_functions.py:169 | Searching event_has_ended_sanctum.PNG (timeout=0s)
2026-05-14 06:14:12 | INFO | my_functions.py:206 | 
⛔ Not found: event_has_ended_sanctum.PNG after 0.0s region=(0, 0, 765, 1038) confidence=0.8
2026-05-14 06:14:12 | INFO | my_functions.py:255 | [DEBUG] Click skipped, image not found: event_has_ended_sanctum.PNG
2026-05-14 06:14:12 | INFO | my_functions.py:228 | [DEBUG] wait_for_image_and_click -> image_part_of_event_grand_arena_finished.PNG timeout=0s delay_click=1s confidence=0.8
2026-05-14 06:14:12 | INFO | my_functions.py:169 | Searching image_part_of_event_grand_arena_finished.PNG (timeout=0s)
2026-05-14 06:14:13 | INFO | my_functions.py:206 | 
⛔ Not found: image_part_of_event_grand_arena_finished.PNG after 0.01s region=(0, 0, 765, 1038) confidence=0.8
2026-05-14 06:14:13 | INFO | my_functions.py:255 | [DEBUG] Click skipped, image not found: image_part_of_event_grand_arena_finished.PNG
2026-05-14 06:14:13 | INFO | my_functions.py:169 | Searching 28_day_event_login_rewards.PNG (timeout=0s)
2026-05-14 06:14:13 | INFO | my_functions.py:206 | 
⛔ Not found: 28_day_event_login_rewards.PNG after 0.0s region=(0, 0, 765, 1038) confidence=0.8
2026-05-14 06:14:13 | INFO | my_functions.py:169 | Searching 7_day_event_login.PNG (timeout=0s)
2026-05-14 06:14:13 | INFO | my_functions.py:206 | 
⛔ Not found: 7_day_event_login.PNG after 0.0s region=(0, 0, 765, 1038) confidence=0.8
2026-05-14 06:14:13 | INFO | my_functions.py:169 | Searching 14_days_event.PNG (timeout=0s)
2026-05-14 06:14:13 | INFO | my_functions.py:206 | 
⛔ Not found: 14_days_event.PNG after 0.0s region=(0, 0, 765, 1038) confidence=0.8
2026-05-14 06:14:13 | INFO | my_functions.py:228 | [DEBUG] wait_for_image_and_click -> lets_go.PNG timeout=0s delay_click=1s confidence=0.8
2026-05-14 06:14:13 | INFO | my_functions.py:169 | Searching lets_go.PNG (timeout=0s)
2026-05-14 06:14:14 | INFO | my_functions.py:206 | 
⛔ Not found: lets_go.PNG after 0.0s region=(0, 0, 765, 1038) confidence=0.8
2026-05-14 06:14:14 | INFO | my_functions.py:255 | [DEBUG] Click skipped, image not found: lets_go.PNG
2026-05-14 06:14:15 | INFO | my_functions.py:169 | Searching shop_unselected.PNG (timeout=0s)
2026-05-14 06:14:15 | INFO | my_functions.py:195 | 
✅ Found: shop_unselected.PNG pos=(88, 961) time=0.27s confidence=0.8
2026-05-14 06:14:23 | INFO | my_functions.py:169 | Searching shop_unselected.PNG (timeout=0s)
2026-05-14 06:14:23 | INFO | my_functions.py:206 | 
⛔ Not found: shop_unselected.PNG after 0.0s region=(0, 0, 765, 1038) confidence=0.8
2026-05-14 06:14:24 | INFO | my_functions.py:169 | Searching shop_unselected.PNG (timeout=0s)
2026-05-14 06:14:24 | INFO | my_functions.py:206 | 
⛔ Not found: shop_unselected.PNG after 0.0s region=(0, 0, 765, 1038) confidence=0.8
2026-05-14 06:14:24 | INFO | my_functions.py:228 | [DEBUG] wait_for_image_and_click -> super_premium.PNG timeout=0s delay_click=1s confidence=0.8
2026-05-14 06:14:24 | INFO | my_functions.py:169 | Searching super_premium.PNG (timeout=0s)
2026-05-14 06:14:24 | INFO | my_functions.py:195 | 
✅ Found: super_premium.PNG pos=(480, 777) time=0.18s confidence=0.8
2026-05-14 06:14:25 | INFO | my_functions.py:135 | Haciendo click en la posición (480, 777)
2026-05-14 06:14:26 | INFO | my_functions.py:248 | 🖱️ Click OK: super_premium.PNG at (480, 777) delay=1s
2026-05-14 06:14:26 | INFO | my_functions.py:143 | Presionando ESC (1/1)
2026-05-14 06:14:34 | INFO | my_functions.py:169 | Searching shop_unselected.PNG (timeout=0s)
2026-05-14 06:14:34 | INFO | my_functions.py:195 | 
✅ Found: shop_unselected.PNG pos=(88, 961) time=0.18s confidence=0.8
2026-05-14 06:14:34 | INFO | my_functions.py:632 | Ya esta listo
2026-05-14 06:14:34 | INFO | each_eight_hours.py:167 | Initial images processed
2026-05-14 06:14:34 | INFO | my_functions.py:277 | [INFO] Preparing to open JSON: MissionState.json
2026-05-14 06:14:34 | INFO | my_functions.py:284 | [INFO] Resolved JSON path: C:\Users\Farm\AppData\LocalLow\Second Dinner\SNAP\Standalone\States\nvprod\MissionState.json
2026-05-14 06:14:35 | INFO | my_functions.py:298 | [SUCCESS] Notepad++ launched PID=8460
2026-05-14 06:14:35 | ERROR | each_eight_hours.py:439 | Unhandled exception occurred
Traceback (most recent call last):
  File "Z:\SHARED FILES VM\MS\each_eight_hours.py", line 172, in <module>
    wait_and_close_notepad_plus_plus()
TypeError: wait_and_close_notepad_plus_plus() missing 1 required positional argument: 'process'
