2026-05-27 12:44:47 | INFO | each_eight_hours.py:39 | LOG FILE PATH: \\vmware-host\Shared Folders\SHARED FILES VM\MS\logs\each_eight_hours_2026-05-27_12-44-47.log
2026-05-27 12:44:47 | INFO | each_eight_hours.py:40 | Logger initialized
2026-05-27 12:44:47 | INFO | each_eight_hours.py:67 | Script initialized
2026-05-27 12:44:49 | INFO | each_eight_hours.py:128 | snap.exe terminated if it was running
2026-05-27 12:44:49 | INFO | my_functions.py:57 | ⏳ Esperando WebSocket de OBS...
2026-05-27 12:44:56 | INFO | baseclient.py:33 | Connecting with parameters: host='localhost' port=4455 password='' subs=0 timeout=None
2026-05-27 12:44:57 | INFO | reqs.py:23 | Successfully identified ReqClient with the server using RPC version:1
2026-05-27 12:44:57 | INFO | my_functions.py:63 | ✅ Conectado al OBS WebSocket
2026-05-27 12:44:57 | ERROR | reqs.py:59 | OBSSDKRequestError: Request GetRecordStatus returned code 207. With message: OBS is not ready to perform the request.
Traceback (most recent call last):
  File "C:\Users\Farm\AppData\Local\Programs\Python\Python311\Lib\site-packages\obsws_python\reqs.py", line 53, in send
    raise OBSSDKRequestError(
obsws_python.error.OBSSDKRequestError: Request GetRecordStatus returned code 207. With message: OBS is not ready to perform the request.
2026-05-27 12:44:58 | INFO | my_functions.py:88 | 🎬 Grabación iniciada
2026-05-27 12:44:58 | INFO | my_functions.py:1286 | ⏱ Esperando 0.1 segundos antes de empezar...
2026-05-27 12:44:58 | INFO | my_functions.py:1293 | 🔍 Esperando ventana que contenga alguna de: ['py', 'eight_hours'] (máx 20s)
2026-05-27 12:44:58 | INFO | my_functions.py:1305 | ✅ Ventana encontrada: 'each_eight_hours  - Acceso directo'
2026-05-27 12:44:58 | INFO | my_functions.py:1320 | ✅ Ventana seleccionada: 'each_eight_hours  - Acceso directo'
2026-05-27 12:45:00 | INFO | my_functions.py:1343 | 🔁 Reajuste #1...
2026-05-27 12:45:00 | INFO | my_functions.py:1350 | ✔ Verificación completa. Se hicieron 1 reajustes.
2026-05-27 12:45:30 | INFO | my_functions.py:2116 | Starting Steam window scan
2026-05-27 12:45:30 | INFO | my_functions.py:2119 | Found window: 
2026-05-27 12:45:30 | INFO | my_functions.py:2119 | Found window: each_eight_hours  - Acceso directo
2026-05-27 12:45:30 | INFO | my_functions.py:2119 | Found window: 
2026-05-27 12:45:30 | INFO | my_functions.py:2119 | Found window: 
2026-05-27 12:45:30 | INFO | my_functions.py:2119 | Found window: 
2026-05-27 12:45:30 | INFO | my_functions.py:2119 | Found window: 
2026-05-27 12:45:30 | INFO | my_functions.py:2119 | Found window: RivaTunerStatisticsServer
2026-05-27 12:45:30 | INFO | my_functions.py:2119 | Found window: Program Manager
2026-05-27 12:45:30 | INFO | each_eight_hours.py:139 | Processing account: jeremy
2026-05-27 12:45:30 | INFO | each_eight_hours.py:142 | Game relaunched for account
2026-05-27 12:45:30 | INFO | my_functions.py:1286 | ⏱ Esperando 0.1 segundos antes de empezar...
2026-05-27 12:45:30 | INFO | my_functions.py:1293 | 🔍 Esperando ventana que contenga alguna de: ['SNAP'] (máx 20s)
2026-05-27 12:45:35 | INFO | my_functions.py:1305 | ✅ Ventana encontrada: 'SNAP'
2026-05-27 12:45:35 | INFO | my_functions.py:1320 | ✅ Ventana seleccionada: 'SNAP'
2026-05-27 12:45:37 | INFO | my_functions.py:1352 | ✔ Verificación completa. No hubo cambios después del primer ajuste.
2026-05-27 12:45:37 | INFO | my_functions.py:991 | [DEBUG] Resizing SNAP window...
2026-05-27 12:45:37 | INFO | my_functions.py:1286 | ⏱ Esperando 0.1 segundos antes de empezar...
2026-05-27 12:45:37 | INFO | my_functions.py:1293 | 🔍 Esperando ventana que contenga alguna de: ['SNAP'] (máx 20s)
2026-05-27 12:45:37 | INFO | my_functions.py:1305 | ✅ Ventana encontrada: 'SNAP'
2026-05-27 12:45:37 | INFO | my_functions.py:1320 | ✅ Ventana seleccionada: 'SNAP'
2026-05-27 12:45:40 | INFO | my_functions.py:1352 | ✔ Verificación completa. No hubo cambios después del primer ajuste.
2026-05-27 12:45:40 | INFO | my_functions.py:248 | [DEBUG] Buscando en paralelo: ['small_submit.PNG', 'small_submit_hover.png', 'submit_hover_2.png', 'small_submit_hover_2.png'] | timeout=90s | confidence=0.8
2026-05-27 12:45:46 | INFO | my_functions.py:135 | Haciendo click en la posición (383, 646)
2026-05-27 12:45:47 | INFO | my_functions.py:270 | 🖱️ Click OK (En paralelo): small_submit_hover_2.png at (383, 646) delay=0.2s
2026-05-27 12:45:48 | INFO | my_functions.py:248 | [DEBUG] Buscando en paralelo: ['small_submit.PNG', 'small_submit_hover.png', 'submit_hover_2.png', 'small_submit_hover_2.png'] | timeout=20s | confidence=0.8
2026-05-27 12:45:48 | INFO | my_functions.py:135 | Haciendo click en la posición (380, 721)
2026-05-27 12:45:48 | INFO | my_functions.py:270 | 🖱️ Click OK (En paralelo): small_submit.PNG at (380, 721) delay=0.2s
2026-05-27 12:45:50 | INFO | my_functions.py:1286 | ⏱ Esperando 0.1 segundos antes de empezar...
2026-05-27 12:45:50 | INFO | my_functions.py:1293 | 🔍 Esperando ventana que contenga alguna de: ['SNAP'] (máx 20s)
2026-05-27 12:45:50 | INFO | my_functions.py:1305 | ✅ Ventana encontrada: 'SNAP'
2026-05-27 12:45:50 | INFO | my_functions.py:1320 | ✅ Ventana seleccionada: 'SNAP'
2026-05-27 12:45:53 | INFO | my_functions.py:1352 | ✔ Verificación completa. No hubo cambios después del primer ajuste.
2026-05-27 12:45:53 | INFO | my_functions.py:170 | Searching please_sign.png (timeout=0s)
2026-05-27 12:45:53 | INFO | my_functions.py:214 | 
⛔ Not found: please_sign.png after 0.0s region=(0, 0, 765, 1038) confidence=0.8
2026-05-27 12:45:53 | INFO | my_functions.py:170 | Searching sign_in_with_google2.PNG (timeout=90s)
2026-05-27 12:45:53 | INFO | my_functions.py:200 | 
✅ Found: sign_in_with_google2.PNG pos=(406, 957) time=0.24s confidence=0.8
2026-05-27 12:45:53 | INFO | my_functions.py:248 | [DEBUG] Buscando en paralelo: ['sign_in_with_google2.PNG'] | timeout=20s | confidence=0.8
2026-05-27 12:45:54 | INFO | my_functions.py:135 | Haciendo click en la posición (406, 957)
2026-05-27 12:45:54 | INFO | my_functions.py:270 | 🖱️ Click OK (En paralelo): sign_in_with_google2.PNG at (406, 957) delay=1s
2026-05-27 12:45:56 | INFO | my_functions.py:248 | [DEBUG] Buscando en paralelo: ['jeremy.png'] | timeout=30s | confidence=0.8
2026-05-27 12:46:26 | INFO | my_functions.py:282 | [DEBUG] Click skipped, ninguna de las imágenes se encontró en el intento.
2026-05-27 12:46:28 | INFO | my_functions.py:248 | [DEBUG] Buscando en paralelo: ['jeremy.png'] | timeout=0s | confidence=0.8
2026-05-27 12:46:31 | INFO | my_functions.py:135 | Haciendo click en la posición (1143, 645)
2026-05-27 12:46:31 | INFO | my_functions.py:270 | 🖱️ Click OK (En paralelo): jeremy.png at (1143, 645) delay=3s
2026-05-27 12:46:31 | INFO | my_functions.py:170 | Searching marvelsnap_web.png (timeout=30s)
2026-05-27 12:46:36 | INFO | my_functions.py:200 | 
✅ Found: marvelsnap_web.png pos=(258, 80) time=5.17s confidence=0.7
2026-05-27 12:46:37 | INFO | my_functions.py:170 | Searching shop_unselected.PNG (timeout=0s)
2026-05-27 12:46:37 | INFO | my_functions.py:214 | 
⛔ Not found: shop_unselected.PNG after 0.0s region=(0, 0, 765, 1038) confidence=0.8
2026-05-27 12:46:37 | INFO | my_functions.py:248 | [DEBUG] Buscando en paralelo: ['super_premium.PNG'] | timeout=0s | confidence=0.8
2026-05-27 12:46:37 | INFO | my_functions.py:282 | [DEBUG] Click skipped, ninguna de las imágenes se encontró en el intento.
2026-05-27 12:46:38 | INFO | my_functions.py:248 | [DEBUG] Buscando en paralelo: ['maybe_later.PNG'] | timeout=0s | confidence=0.8
2026-05-27 12:46:38 | INFO | my_functions.py:282 | [DEBUG] Click skipped, ninguna de las imágenes se encontró en el intento.
2026-05-27 12:46:40 | INFO | my_functions.py:248 | [DEBUG] Buscando en paralelo: ['maybe_later2.PNG'] | timeout=0s | confidence=0.8
2026-05-27 12:46:40 | INFO | my_functions.py:282 | [DEBUG] Click skipped, ninguna de las imágenes se encontró en el intento.
2026-05-27 12:46:41 | INFO | my_functions.py:170 | Searching go_to_shop.PNG (timeout=0s)
2026-05-27 12:46:41 | INFO | my_functions.py:214 | 
⛔ Not found: go_to_shop.PNG after 0.0s region=(0, 0, 765, 1038) confidence=0.8
2026-05-27 12:46:41 | INFO | my_functions.py:248 | [DEBUG] Buscando en paralelo: ['14_days_of_winterverse.PNG'] | timeout=0s | confidence=0.8
2026-05-27 12:46:41 | INFO | my_functions.py:282 | [DEBUG] Click skipped, ninguna de las imágenes se encontró en el intento.
2026-05-27 12:46:42 | INFO | my_functions.py:170 | Searching welcome_back_calendar.PNG (timeout=0s)
2026-05-27 12:46:42 | INFO | my_functions.py:214 | 
⛔ Not found: welcome_back_calendar.PNG after 0.0s region=(0, 0, 765, 1038) confidence=0.8
2026-05-27 12:46:42 | INFO | my_functions.py:248 | [DEBUG] Buscando en paralelo: ['start_the_countdown.PNG'] | timeout=0s | confidence=0.8
2026-05-27 12:46:43 | INFO | my_functions.py:282 | [DEBUG] Click skipped, ninguna de las imágenes se encontró en el intento.
2026-05-27 12:46:44 | INFO | my_functions.py:248 | [DEBUG] Buscando en paralelo: ['event_has_ended_sanctum.PNG'] | timeout=0s | confidence=0.8
2026-05-27 12:46:44 | INFO | my_functions.py:282 | [DEBUG] Click skipped, ninguna de las imágenes se encontró en el intento.
2026-05-27 12:46:45 | INFO | my_functions.py:248 | [DEBUG] Buscando en paralelo: ['image_part_of_event_grand_arena_finished.PNG'] | timeout=0s | confidence=0.8
2026-05-27 12:46:45 | INFO | my_functions.py:282 | [DEBUG] Click skipped, ninguna de las imágenes se encontró en el intento.
2026-05-27 12:46:46 | INFO | my_functions.py:170 | Searching 28_day_event_login_rewards.PNG (timeout=0s)
2026-05-27 12:46:47 | INFO | my_functions.py:214 | 
⛔ Not found: 28_day_event_login_rewards.PNG after 0.0s region=(0, 0, 765, 1038) confidence=0.8
2026-05-27 12:46:47 | INFO | my_functions.py:170 | Searching 7_day_event_login.PNG (timeout=0s)
2026-05-27 12:46:47 | INFO | my_functions.py:214 | 
⛔ Not found: 7_day_event_login.PNG after 0.01s region=(0, 0, 765, 1038) confidence=0.8
2026-05-27 12:46:47 | INFO | my_functions.py:170 | Searching 14_days_event.PNG (timeout=0s)
2026-05-27 12:46:47 | INFO | my_functions.py:214 | 
⛔ Not found: 14_days_event.PNG after 0.0s region=(0, 0, 765, 1038) confidence=0.8
2026-05-27 12:46:47 | INFO | my_functions.py:248 | [DEBUG] Buscando en paralelo: ['lets_go.PNG'] | timeout=0s | confidence=0.8
2026-05-27 12:46:47 | INFO | my_functions.py:282 | [DEBUG] Click skipped, ninguna de las imágenes se encontró en el intento.
2026-05-27 12:46:49 | INFO | my_functions.py:170 | Searching shop_unselected.PNG (timeout=0s)
2026-05-27 12:46:49 | INFO | my_functions.py:200 | 
✅ Found: shop_unselected.PNG pos=(88, 961) time=0.17s confidence=0.8
2026-05-27 12:46:57 | INFO | my_functions.py:170 | Searching shop_unselected.PNG (timeout=0s)
2026-05-27 12:46:58 | INFO | my_functions.py:200 | 
✅ Found: shop_unselected.PNG pos=(88, 961) time=0.19s confidence=0.8
2026-05-27 12:46:58 | INFO | my_functions.py:518 | Ya esta listo
2026-05-27 12:47:00 | INFO | my_functions.py:330 | AVAILABLE: 6
2026-05-27 12:47:00 | INFO | my_functions.py:352 | Misiones completadas: 0
2026-05-27 12:47:00 | INFO | my_functions.py:170 | Searching play.PNG (timeout=0s)
2026-05-27 12:47:00 | INFO | my_functions.py:200 | 
✅ Found: play.PNG pos=(384, 824) time=0.21s confidence=0.8
2026-05-27 12:47:00 | INFO | my_functions.py:1181 | [INFO] Click realizado donde se equipa el deck a jugar
2026-05-27 12:47:04 | INFO | my_functions.py:248 | [DEBUG] Buscando en paralelo: ['deck_666666.png'] | timeout=3s | confidence=0.8
2026-05-27 12:47:06 | INFO | my_functions.py:135 | Haciendo click en la posición (235, 546)
2026-05-27 12:47:06 | INFO | my_functions.py:270 | 🖱️ Click OK (En paralelo): deck_666666.png at (235, 546) delay=1s
2026-05-27 12:47:07 | INFO | my_functions.py:248 | [DEBUG] Buscando en paralelo: ['equip.png'] | timeout=3s | confidence=0.95
2026-05-27 12:47:08 | INFO | my_functions.py:135 | Haciendo click en la posición (548, 983)
2026-05-27 12:47:08 | INFO | my_functions.py:270 | 🖱️ Click OK (En paralelo): equip.png at (548, 983) delay=1s
2026-05-27 12:47:09 | INFO | each_eight_hours.py:166 | Deck selected: 6turns
2026-05-27 12:47:09 | INFO | my_functions.py:248 | [DEBUG] Buscando en paralelo: ['maybe_later.PNG'] | timeout=2s | confidence=0.8
2026-05-27 12:47:11 | INFO | my_functions.py:282 | [DEBUG] Click skipped, ninguna de las imágenes se encontró en el intento.
2026-05-27 12:47:13 | INFO | my_functions.py:248 | [DEBUG] Buscando en paralelo: ['maybe_later2.PNG'] | timeout=0.01s | confidence=0.8
2026-05-27 12:47:13 | INFO | my_functions.py:282 | [DEBUG] Click skipped, ninguna de las imágenes se encontró en el intento.
2026-05-27 12:47:14 | INFO | each_eight_hours.py:224 | Starting game loop 1
2026-05-27 12:47:14 | INFO | my_functions.py:248 | [DEBUG] Buscando en paralelo: ['play.PNG'] | timeout=20s | confidence=0.8
2026-05-27 12:47:17 | INFO | my_functions.py:135 | Haciendo click en la posición (384, 824)
2026-05-27 12:47:17 | INFO | my_functions.py:270 | 🖱️ Click OK (En paralelo): play.PNG at (384, 824) delay=3s
2026-05-27 12:47:36 | INFO | my_functions.py:200 | 
✅ Found: end_turn.PNG pos=(682, 945) time=0.18s confidence=0.8
2026-05-27 12:47:36 | INFO | my_functions.py:248 | [DEBUG] Buscando en paralelo: ['snap.PNG'] | timeout=0s | confidence=0.8
2026-05-27 12:47:38 | INFO | my_functions.py:135 | Haciendo click en la posición (386, 123)
2026-05-27 12:47:38 | INFO | my_functions.py:270 | 🖱️ Click OK (En paralelo): snap.PNG at (386, 123) delay=1s
2026-05-27 12:47:44 | INFO | my_functions.py:135 | Haciendo click en la posición (682, 945)
2026-05-27 12:47:46 | INFO | each_eight_hours.py:240 | End turn executed
2026-05-27 12:48:05 | INFO | my_functions.py:200 | 
✅ Found: end_turn.PNG pos=(682, 946) time=0.2s confidence=0.8
2026-05-27 12:48:05 | INFO | my_functions.py:248 | [DEBUG] Buscando en paralelo: ['snap.PNG'] | timeout=0s | confidence=0.8
2026-05-27 12:48:05 | INFO | my_functions.py:282 | [DEBUG] Click skipped, ninguna de las imágenes se encontró en el intento.
2026-05-27 12:48:12 | INFO | my_functions.py:135 | Haciendo click en la posición (682, 946)
2026-05-27 12:48:13 | INFO | each_eight_hours.py:240 | End turn executed
2026-05-27 12:48:30 | INFO | my_functions.py:200 | 
✅ Found: end_turn.PNG pos=(681, 945) time=0.21s confidence=0.8
2026-05-27 12:48:30 | INFO | my_functions.py:248 | [DEBUG] Buscando en paralelo: ['snap.PNG'] | timeout=0s | confidence=0.8
2026-05-27 12:48:30 | INFO | my_functions.py:282 | [DEBUG] Click skipped, ninguna de las imágenes se encontró en el intento.
2026-05-27 12:48:36 | INFO | my_functions.py:135 | Haciendo click en la posición (681, 945)
2026-05-27 12:48:37 | INFO | each_eight_hours.py:240 | End turn executed
2026-05-27 12:49:13 | INFO | my_functions.py:200 | 
✅ Found: end_turn.PNG pos=(681, 945) time=0.18s confidence=0.8
2026-05-27 12:49:13 | INFO | my_functions.py:248 | [DEBUG] Buscando en paralelo: ['snap.PNG'] | timeout=0s | confidence=0.8
2026-05-27 12:49:13 | INFO | my_functions.py:282 | [DEBUG] Click skipped, ninguna de las imágenes se encontró en el intento.
2026-05-27 12:49:19 | INFO | my_functions.py:135 | Haciendo click en la posición (681, 945)
2026-05-27 12:49:20 | INFO | each_eight_hours.py:240 | End turn executed
2026-05-27 12:49:45 | INFO | my_functions.py:200 | 
✅ Found: end_turn.PNG pos=(681, 945) time=0.16s confidence=0.8
2026-05-27 12:49:45 | INFO | my_functions.py:248 | [DEBUG] Buscando en paralelo: ['snap.PNG'] | timeout=0s | confidence=0.8
2026-05-27 12:49:45 | INFO | my_functions.py:282 | [DEBUG] Click skipped, ninguna de las imágenes se encontró en el intento.
2026-05-27 12:49:51 | INFO | my_functions.py:135 | Haciendo click en la posición (681, 945)
2026-05-27 12:49:53 | INFO | each_eight_hours.py:240 | End turn executed
2026-05-27 12:50:13 | INFO | my_functions.py:200 | 
✅ Found: end_turn.PNG pos=(681, 945) time=0.18s confidence=0.8
2026-05-27 12:50:13 | INFO | my_functions.py:248 | [DEBUG] Buscando en paralelo: ['snap.PNG'] | timeout=0s | confidence=0.8
2026-05-27 12:50:13 | INFO | my_functions.py:282 | [DEBUG] Click skipped, ninguna de las imágenes se encontró en el intento.
2026-05-27 12:50:19 | INFO | my_functions.py:135 | Haciendo click en la posición (681, 945)
2026-05-27 12:50:20 | INFO | each_eight_hours.py:240 | End turn executed
2026-05-27 12:50:45 | INFO | my_functions.py:200 | 
✅ Found: collect_rewards.PNG pos=(679, 957) time=0.2s confidence=0.8
2026-05-27 12:50:45 | INFO | each_eight_hours.py:279 | Rewards detected, exiting match
2026-05-27 12:50:45 | INFO | my_functions.py:248 | [DEBUG] Buscando en paralelo: ['collect_rewards.PNG'] | timeout=20s | confidence=0.8
2026-05-27 12:50:46 | INFO | my_functions.py:135 | Haciendo click en la posición (679, 957)
2026-05-27 12:50:46 | INFO | my_functions.py:270 | 🖱️ Click OK (En paralelo): collect_rewards.PNG at (679, 957) delay=1s
2026-05-27 12:50:47 | INFO | my_functions.py:248 | [DEBUG] Buscando en paralelo: ['next.PNG'] | timeout=20s | confidence=0.8
2026-05-27 12:50:52 | INFO | my_functions.py:135 | Haciendo click en la posición (676, 1006)
2026-05-27 12:50:52 | INFO | my_functions.py:270 | 🖱️ Click OK (En paralelo): next.PNG at (676, 1006) delay=1s
2026-05-27 12:50:55 | INFO | my_functions.py:330 | AVAILABLE: 6
2026-05-27 12:50:55 | INFO | each_eight_hours.py:346 | Submissions after match: 6
2026-05-27 12:50:55 | INFO | my_functions.py:352 | Misiones completadas: 0
2026-05-27 12:50:55 | INFO | each_eight_hours.py:224 | Starting game loop 2
2026-05-27 12:50:55 | INFO | my_functions.py:248 | [DEBUG] Buscando en paralelo: ['play.PNG'] | timeout=20s | confidence=0.8
2026-05-27 12:50:58 | INFO | my_functions.py:135 | Haciendo click en la posición (384, 824)
2026-05-27 12:50:58 | INFO | my_functions.py:270 | 🖱️ Click OK (En paralelo): play.PNG at (384, 824) delay=3s
2026-05-27 12:51:26 | INFO | my_functions.py:200 | 
✅ Found: end_turn.PNG pos=(682, 945) time=0.18s confidence=0.8
2026-05-27 12:51:26 | INFO | my_functions.py:248 | [DEBUG] Buscando en paralelo: ['snap.PNG'] | timeout=0s | confidence=0.8
2026-05-27 12:51:27 | INFO | my_functions.py:135 | Haciendo click en la posición (386, 123)
2026-05-27 12:51:27 | INFO | my_functions.py:270 | 🖱️ Click OK (En paralelo): snap.PNG at (386, 123) delay=1s
2026-05-27 12:51:34 | INFO | my_functions.py:135 | Haciendo click en la posición (682, 945)
2026-05-27 12:51:35 | INFO | each_eight_hours.py:240 | End turn executed
2026-05-27 12:51:48 | INFO | my_functions.py:200 | 
✅ Found: end_turn.PNG pos=(682, 946) time=0.18s confidence=0.8
2026-05-27 12:51:48 | INFO | my_functions.py:248 | [DEBUG] Buscando en paralelo: ['snap.PNG'] | timeout=0s | confidence=0.8
2026-05-27 12:51:48 | INFO | my_functions.py:282 | [DEBUG] Click skipped, ninguna de las imágenes se encontró en el intento.
2026-05-27 12:51:55 | INFO | my_functions.py:135 | Haciendo click en la posición (682, 946)
2026-05-27 12:51:56 | INFO | each_eight_hours.py:240 | End turn executed
2026-05-27 12:52:11 | INFO | my_functions.py:200 | 
✅ Found: end_turn.PNG pos=(681, 945) time=0.19s confidence=0.8
2026-05-27 12:52:11 | INFO | my_functions.py:248 | [DEBUG] Buscando en paralelo: ['snap.PNG'] | timeout=0s | confidence=0.8
2026-05-27 12:52:12 | INFO | my_functions.py:282 | [DEBUG] Click skipped, ninguna de las imágenes se encontró en el intento.
2026-05-27 12:52:18 | INFO | my_functions.py:135 | Haciendo click en la posición (681, 945)
2026-05-27 12:52:19 | INFO | each_eight_hours.py:240 | End turn executed
2026-05-27 12:52:27 | INFO | my_functions.py:200 | 
✅ Found: end_turn.PNG pos=(681, 945) time=0.19s confidence=0.8
2026-05-27 12:52:27 | INFO | my_functions.py:248 | [DEBUG] Buscando en paralelo: ['snap.PNG'] | timeout=0s | confidence=0.8
2026-05-27 12:52:27 | INFO | my_functions.py:282 | [DEBUG] Click skipped, ninguna de las imágenes se encontró en el intento.
2026-05-27 12:52:33 | INFO | my_functions.py:135 | Haciendo click en la posición (681, 945)
2026-05-27 12:52:34 | INFO | each_eight_hours.py:240 | End turn executed
2026-05-27 12:52:49 | INFO | my_functions.py:200 | 
✅ Found: end_turn.PNG pos=(681, 945) time=0.19s confidence=0.8
2026-05-27 12:52:49 | INFO | my_functions.py:248 | [DEBUG] Buscando en paralelo: ['snap.PNG'] | timeout=0s | confidence=0.8
2026-05-27 12:52:49 | INFO | my_functions.py:282 | [DEBUG] Click skipped, ninguna de las imágenes se encontró en el intento.
2026-05-27 12:52:55 | INFO | my_functions.py:135 | Haciendo click en la posición (681, 945)
2026-05-27 12:52:56 | INFO | each_eight_hours.py:240 | End turn executed
2026-05-27 12:53:09 | INFO | my_functions.py:200 | 
✅ Found: end_turn.PNG pos=(681, 945) time=0.19s confidence=0.8
2026-05-27 12:53:09 | INFO | my_functions.py:248 | [DEBUG] Buscando en paralelo: ['snap.PNG'] | timeout=0s | confidence=0.8
2026-05-27 12:53:09 | INFO | my_functions.py:282 | [DEBUG] Click skipped, ninguna de las imágenes se encontró en el intento.
2026-05-27 12:53:16 | INFO | my_functions.py:135 | Haciendo click en la posición (681, 945)
2026-05-27 12:53:17 | INFO | each_eight_hours.py:240 | End turn executed
2026-05-27 12:53:28 | INFO | my_functions.py:200 | 
✅ Found: never_seen_before.png pos=(395, 141) time=0.17s confidence=0.8
2026-05-27 12:53:29 | WARNING | each_eight_hours.py:253 | Unknown popup handled
2026-05-27 12:53:47 | INFO | my_functions.py:200 | 
✅ Found: end_turn.PNG pos=(681, 945) time=0.18s confidence=0.8
2026-05-27 12:53:47 | INFO | my_functions.py:248 | [DEBUG] Buscando en paralelo: ['snap.PNG'] | timeout=0s | confidence=0.8
2026-05-27 12:53:47 | INFO | my_functions.py:282 | [DEBUG] Click skipped, ninguna de las imágenes se encontró en el intento.
2026-05-27 12:53:53 | INFO | my_functions.py:135 | Haciendo click en la posición (681, 945)
2026-05-27 12:53:55 | INFO | each_eight_hours.py:240 | End turn executed
2026-05-27 12:54:23 | INFO | my_functions.py:200 | 
✅ Found: collect_rewards.PNG pos=(679, 968) time=0.22s confidence=0.8
2026-05-27 12:54:23 | INFO | each_eight_hours.py:279 | Rewards detected, exiting match
2026-05-27 12:54:23 | INFO | my_functions.py:248 | [DEBUG] Buscando en paralelo: ['collect_rewards.PNG'] | timeout=20s | confidence=0.8
2026-05-27 12:54:24 | INFO | my_functions.py:135 | Haciendo click en la posición (679, 958)
2026-05-27 12:54:25 | INFO | my_functions.py:270 | 🖱️ Click OK (En paralelo): collect_rewards.PNG at (679, 958) delay=1s
2026-05-27 12:54:26 | INFO | my_functions.py:248 | [DEBUG] Buscando en paralelo: ['next.PNG'] | timeout=20s | confidence=0.8
2026-05-27 12:54:30 | INFO | my_functions.py:135 | Haciendo click en la posición (677, 973)
2026-05-27 12:54:30 | INFO | my_functions.py:270 | 🖱️ Click OK (En paralelo): next.PNG at (677, 973) delay=1s
2026-05-27 12:54:33 | INFO | my_functions.py:330 | AVAILABLE: 6
2026-05-27 12:54:33 | INFO | each_eight_hours.py:346 | Submissions after match: 6
2026-05-27 12:54:33 | INFO | my_functions.py:352 | Misiones completadas: 3
2026-05-27 12:54:33 | INFO | each_eight_hours.py:350 | Submission condition met, breaking loop
2026-05-27 12:54:33 | INFO | my_functions.py:248 | [DEBUG] Buscando en paralelo: ['missionsNotify2.png'] | timeout=20s | confidence=0.8
2026-05-27 12:54:36 | INFO | my_functions.py:135 | Haciendo click en la posición (538, 124)
2026-05-27 12:54:37 | INFO | my_functions.py:270 | 🖱️ Click OK (En paralelo): missionsNotify2.png at (538, 124) delay=3s
2026-05-27 12:54:38 | INFO | my_functions.py:1211 | [INFO] Iniciando click_missions_blue2
2026-05-27 12:54:38 | INFO | my_functions.py:135 | Haciendo click en la posición (150, 132)
2026-05-27 12:54:39 | INFO | my_functions.py:1214 | [ACTION] Click hecho en icono de calendario que me dirige a las misiones ordinarias
2026-05-27 12:54:39 | INFO | my_functions.py:170 | Searching bonus_challenge.png (timeout=0s)
2026-05-27 12:54:39 | INFO | my_functions.py:214 | 
⛔ Not found: bonus_challenge.png after 0.0s region=(0, 0, 765, 1038) confidence=0.8
2026-05-27 12:54:41 | INFO | my_functions.py:135 | Haciendo click en la posición (362, 493)
2026-05-27 12:54:42 | INFO | my_functions.py:1227 | [ACTION] Click 1/3 en misión azul
2026-05-27 12:54:43 | INFO | my_functions.py:135 | Haciendo click en la posición (362, 493)
2026-05-27 12:54:44 | INFO | my_functions.py:1227 | [ACTION] Click 2/3 en misión azul
2026-05-27 12:54:45 | INFO | my_functions.py:135 | Haciendo click en la posición (362, 493)
2026-05-27 12:54:46 | INFO | my_functions.py:1227 | [ACTION] Click 3/3 en misión azul
2026-05-27 12:54:46 | INFO | my_functions.py:170 | Searching flechita_mission.PNG (timeout=0s)
2026-05-27 12:54:46 | INFO | my_functions.py:214 | 
⛔ Not found: flechita_mission.PNG after 0.0s region=(0, 0, 765, 1038) confidence=0.8
2026-05-27 12:54:46 | INFO | my_functions.py:248 | [DEBUG] Buscando en paralelo: ['weekly3.PNG'] | timeout=0s | confidence=0.8
2026-05-27 12:54:47 | INFO | my_functions.py:282 | [DEBUG] Click skipped, ninguna de las imágenes se encontró en el intento.
2026-05-27 12:54:48 | INFO | my_functions.py:248 | [DEBUG] Buscando en paralelo: ['weekly3.PNG'] | timeout=0s | confidence=0.8
2026-05-27 12:54:48 | INFO | my_functions.py:282 | [DEBUG] Click skipped, ninguna de las imágenes se encontró en el intento.
2026-05-27 12:54:49 | INFO | my_functions.py:135 | Haciendo click en la posición (557, 64)
2026-05-27 12:54:50 | INFO | my_functions.py:248 | [DEBUG] Buscando en paralelo: ['cards_shop.PNG'] | timeout=20s | confidence=0.8
2026-05-27 12:54:52 | INFO | my_functions.py:135 | Haciendo click en la posición (568, 121)
2026-05-27 12:54:52 | INFO | my_functions.py:270 | 🖱️ Click OK (En paralelo): cards_shop.PNG at (568, 121) delay=1s
2026-05-27 12:54:53 | INFO | my_functions.py:248 | [DEBUG] Buscando en paralelo: ['token_icon.PNG'] | timeout=20s | confidence=0.8
2026-05-27 12:54:55 | INFO | my_functions.py:135 | Haciendo click en la posición (661, 171)
2026-05-27 12:54:55 | INFO | my_functions.py:270 | 🖱️ Click OK (En paralelo): token_icon.PNG at (661, 171) delay=1s
2026-05-27 12:54:58 | INFO | my_functions.py:248 | [DEBUG] Buscando en paralelo: ['claim!_token_3.PNG'] | timeout=4s | confidence=0.8
2026-05-27 12:54:59 | INFO | my_functions.py:135 | Haciendo click en la posición (231, 573)
2026-05-27 12:55:00 | INFO | my_functions.py:270 | 🖱️ Click OK (En paralelo): claim!_token_3.PNG at (231, 573) delay=1s
2026-05-27 12:55:01 | INFO | my_functions.py:248 | [DEBUG] Buscando en paralelo: ['offers.PNG'] | timeout=0.1s | confidence=0.8
2026-05-27 12:55:02 | INFO | my_functions.py:135 | Haciendo click en la posición (197, 121)
2026-05-27 12:55:02 | INFO | my_functions.py:270 | 🖱️ Click OK (En paralelo): offers.PNG at (197, 121) delay=1s
2026-05-27 12:55:03 | INFO | my_functions.py:248 | [DEBUG] Buscando en paralelo: ['credits_selected.png'] | timeout=0.1s | confidence=0.8
2026-05-27 12:55:03 | INFO | my_functions.py:282 | [DEBUG] Click skipped, ninguna de las imágenes se encontró en el intento.
2026-05-27 12:55:05 | INFO | my_functions.py:248 | [DEBUG] Buscando en paralelo: ['credits.PNG'] | timeout=0.1s | confidence=0.95
2026-05-27 12:55:06 | INFO | my_functions.py:135 | Haciendo click en la posición (442, 172)
2026-05-27 12:55:06 | INFO | my_functions.py:270 | 🖱️ Click OK (En paralelo): credits.PNG at (442, 172) delay=1s
2026-05-27 12:55:09 | INFO | my_functions.py:248 | [DEBUG] Buscando en paralelo: ['claim_25_credits.png'] | timeout=2s | confidence=0.8
2026-05-27 12:55:10 | INFO | my_functions.py:135 | Haciendo click en la posición (236, 328)
2026-05-27 12:55:10 | INFO | my_functions.py:270 | 🖱️ Click OK (En paralelo): claim_25_credits.png at (236, 328) delay=1s
2026-05-27 12:55:11 | INFO | my_functions.py:248 | [DEBUG] Buscando en paralelo: ['cards_shop.PNG'] | timeout=20s | confidence=0.8
2026-05-27 12:55:12 | INFO | my_functions.py:135 | Haciendo click en la posición (568, 121)
2026-05-27 12:55:13 | INFO | my_functions.py:270 | 🖱️ Click OK (En paralelo): cards_shop.PNG at (568, 121) delay=1s
2026-05-27 12:55:14 | INFO | my_functions.py:248 | [DEBUG] Buscando en paralelo: ['offers.PNG'] | timeout=20s | confidence=0.8
2026-05-27 12:55:15 | INFO | my_functions.py:135 | Haciendo click en la posición (197, 121)
2026-05-27 12:55:15 | INFO | my_functions.py:270 | 🖱️ Click OK (En paralelo): offers.PNG at (197, 121) delay=1s
2026-05-27 12:55:16 | INFO | my_functions.py:1111 | [INFO] Iniciando mejora de cartas
2026-05-27 12:55:16 | INFO | my_functions.py:248 | [DEBUG] Buscando en paralelo: ['upgrade_cards_icon.PNG'] | timeout=20s | confidence=0.8
2026-05-27 12:55:17 | INFO | my_functions.py:135 | Haciendo click en la posición (322, 170)
2026-05-27 12:55:18 | INFO | my_functions.py:270 | 🖱️ Click OK (En paralelo): upgrade_cards_icon.PNG at (322, 170) delay=1s
2026-05-27 12:55:19 | INFO | my_functions.py:1115 | [INFO] Abriendo icono de upgrade_cards
2026-05-27 12:55:20 | INFO | my_functions.py:1121 | [STEP] Mejorando carta 1
2026-05-27 12:55:20 | INFO | my_functions.py:1125 | [ACTION] Click en carta 1
2026-05-27 12:55:21 | INFO | my_functions.py:1130 | [ACTION] Click en botón upgrade
2026-05-27 12:55:28 | INFO | my_functions.py:248 | [DEBUG] Buscando en paralelo: ['you_need_more_credits!.png'] | timeout=3s | confidence=0.8
2026-05-27 12:55:29 | INFO | my_functions.py:135 | Haciendo click en la posición (381, 345)
2026-05-27 12:55:29 | INFO | my_functions.py:270 | 🖱️ Click OK (En paralelo): you_need_more_credits!.png at (381, 345) delay=1s
2026-05-27 12:55:31 | INFO | my_functions.py:143 | Presionando ESC (1/2)
2026-05-27 12:55:31 | INFO | my_functions.py:143 | Presionando ESC (2/2)
2026-05-27 12:55:34 | INFO | my_functions.py:1173 | [INFO] Mejora de cartas completada ✅
2026-05-27 12:55:34 | INFO | my_functions.py:143 | Presionando ESC (1/1)
2026-05-27 12:55:34 | INFO | my_functions.py:248 | [DEBUG] Buscando en paralelo: ['nut.png'] | timeout=20s | confidence=0.8
2026-05-27 12:55:36 | INFO | my_functions.py:135 | Haciendo click en la posición (184, 78)
2026-05-27 12:55:36 | INFO | my_functions.py:270 | 🖱️ Click OK (En paralelo): nut.png at (184, 78) delay=1s
2026-05-27 12:55:37 | INFO | my_functions.py:248 | [DEBUG] Buscando en paralelo: ['graphics_quality.png'] | timeout=3s | confidence=0.8
2026-05-27 12:55:38 | INFO | my_functions.py:135 | Haciendo click en la posición (304, 644)
2026-05-27 12:55:38 | INFO | my_functions.py:270 | 🖱️ Click OK (En paralelo): graphics_quality.png at (304, 644) delay=1s
2026-05-27 12:55:41 | INFO | my_functions.py:248 | [DEBUG] Buscando en paralelo: ['sign_out.png'] | timeout=20s | confidence=0.8
2026-05-27 12:55:42 | INFO | my_functions.py:135 | Haciendo click en la posición (380, 796)
2026-05-27 12:55:42 | INFO | my_functions.py:270 | 🖱️ Click OK (En paralelo): sign_out.png at (380, 796) delay=1s
2026-05-27 12:55:44 | INFO | my_functions.py:248 | [DEBUG] Buscando en paralelo: ['sign_out_grande.png'] | timeout=20s | confidence=0.8
2026-05-27 12:55:45 | INFO | my_functions.py:135 | Haciendo click en la posición (359, 437)
2026-05-27 12:55:45 | INFO | my_functions.py:270 | 🖱️ Click OK (En paralelo): sign_out_grande.png at (359, 437) delay=1s
2026-05-27 12:55:47 | INFO | my_functions.py:248 | [DEBUG] Buscando en paralelo: ['sign_out2.png'] | timeout=20s | confidence=0.8
2026-05-27 12:55:48 | INFO | my_functions.py:135 | Haciendo click en la posición (383, 634)
2026-05-27 12:55:48 | INFO | my_functions.py:270 | 🖱️ Click OK (En paralelo): sign_out2.png at (383, 634) delay=1s
2026-05-27 12:55:49 | INFO | my_functions.py:1286 | ⏱ Esperando 0.1 segundos antes de empezar...
2026-05-27 12:55:49 | INFO | my_functions.py:1293 | 🔍 Esperando ventana que contenga alguna de: SNAP (máx 20s)
2026-05-27 12:55:49 | INFO | my_functions.py:1305 | ✅ Ventana encontrada: 'SNAP'
2026-05-27 12:55:49 | INFO | my_functions.py:1320 | ✅ Ventana seleccionada: 'SNAP'
2026-05-27 12:55:51 | INFO | my_functions.py:1343 | 🔁 Reajuste #1...
2026-05-27 12:55:53 | INFO | my_functions.py:1350 | ✔ Verificación completa. Se hicieron 1 reajustes.
2026-05-27 12:55:57 | INFO | each_eight_hours.py:139 | Processing account: reeps_vm
2026-05-27 12:55:58 | INFO | each_eight_hours.py:142 | Game relaunched for account
2026-05-27 12:55:58 | INFO | my_functions.py:1286 | ⏱ Esperando 0.1 segundos antes de empezar...
2026-05-27 12:55:58 | INFO | my_functions.py:1293 | 🔍 Esperando ventana que contenga alguna de: ['SNAP'] (máx 20s)
2026-05-27 12:56:01 | INFO | my_functions.py:1305 | ✅ Ventana encontrada: 'SNAP'
2026-05-27 12:56:01 | INFO | my_functions.py:1320 | ✅ Ventana seleccionada: 'SNAP'
2026-05-27 12:56:03 | INFO | my_functions.py:1352 | ✔ Verificación completa. No hubo cambios después del primer ajuste.
2026-05-27 12:56:03 | INFO | my_functions.py:991 | [DEBUG] Resizing SNAP window...
2026-05-27 12:56:03 | INFO | my_functions.py:1286 | ⏱ Esperando 0.1 segundos antes de empezar...
2026-05-27 12:56:03 | INFO | my_functions.py:1293 | 🔍 Esperando ventana que contenga alguna de: ['SNAP'] (máx 20s)
2026-05-27 12:56:03 | INFO | my_functions.py:1305 | ✅ Ventana encontrada: 'SNAP'
2026-05-27 12:56:03 | INFO | my_functions.py:1320 | ✅ Ventana seleccionada: 'SNAP'
2026-05-27 12:56:06 | INFO | my_functions.py:1352 | ✔ Verificación completa. No hubo cambios después del primer ajuste.
2026-05-27 12:56:06 | INFO | my_functions.py:248 | [DEBUG] Buscando en paralelo: ['small_submit.PNG', 'small_submit_hover.png', 'submit_hover_2.png', 'small_submit_hover_2.png'] | timeout=90s | confidence=0.8
2026-05-27 12:56:10 | INFO | my_functions.py:135 | Haciendo click en la posición (380, 642)
2026-05-27 12:56:10 | INFO | my_functions.py:270 | 🖱️ Click OK (En paralelo): small_submit.PNG at (380, 642) delay=0.2s
2026-05-27 12:56:11 | INFO | my_functions.py:248 | [DEBUG] Buscando en paralelo: ['small_submit.PNG', 'small_submit_hover.png', 'submit_hover_2.png', 'small_submit_hover_2.png'] | timeout=20s | confidence=0.8
2026-05-27 12:56:12 | INFO | my_functions.py:135 | Haciendo click en la posición (380, 721)
2026-05-27 12:56:12 | INFO | my_functions.py:270 | 🖱️ Click OK (En paralelo): small_submit.PNG at (380, 721) delay=0.2s
2026-05-27 12:56:13 | INFO | my_functions.py:1286 | ⏱ Esperando 0.1 segundos antes de empezar...
2026-05-27 12:56:13 | INFO | my_functions.py:1293 | 🔍 Esperando ventana que contenga alguna de: ['SNAP'] (máx 20s)
2026-05-27 12:56:13 | INFO | my_functions.py:1305 | ✅ Ventana encontrada: 'SNAP'
2026-05-27 12:56:13 | INFO | my_functions.py:1320 | ✅ Ventana seleccionada: 'SNAP'
2026-05-27 12:56:15 | INFO | my_functions.py:1343 | 🔁 Reajuste #1...
2026-05-27 12:56:16 | INFO | my_functions.py:1350 | ✔ Verificación completa. Se hicieron 1 reajustes.
2026-05-27 12:56:16 | INFO | my_functions.py:170 | Searching please_sign.png (timeout=0s)
2026-05-27 12:56:16 | INFO | my_functions.py:200 | 
✅ Found: please_sign.png pos=(383, 438) time=0.17s confidence=0.8
2026-05-27 12:56:16 | INFO | my_functions.py:248 | [DEBUG] Buscando en paralelo: ['ok_btn.png'] | timeout=20s | confidence=0.8
2026-05-27 12:56:17 | INFO | my_functions.py:135 | Haciendo click en la posición (382, 634)
2026-05-27 12:56:18 | INFO | my_functions.py:270 | 🖱️ Click OK (En paralelo): ok_btn.png at (382, 634) delay=1s
2026-05-27 12:56:19 | INFO | my_functions.py:248 | [DEBUG] Buscando en paralelo: ['small_submit.PNG', 'small_submit_hover.png', 'submit_hover_2.png', 'small_submit_hover_2.png'] | timeout=90s | confidence=0.8
2026-05-27 12:56:20 | INFO | my_functions.py:135 | Haciendo click en la posición (383, 643)
2026-05-27 12:56:20 | INFO | my_functions.py:270 | 🖱️ Click OK (En paralelo): small_submit_hover_2.png at (383, 643) delay=0.2s
2026-05-27 12:56:21 | INFO | my_functions.py:248 | [DEBUG] Buscando en paralelo: ['small_submit.PNG', 'small_submit_hover.png', 'submit_hover_2.png', 'small_submit_hover_2.png'] | timeout=20s | confidence=0.8
2026-05-27 12:56:22 | INFO | my_functions.py:135 | Haciendo click en la posición (380, 721)
2026-05-27 12:56:22 | INFO | my_functions.py:270 | 🖱️ Click OK (En paralelo): small_submit.PNG at (380, 721) delay=0.2s
2026-05-27 12:56:23 | INFO | my_functions.py:170 | Searching sign_in_with_google2.PNG (timeout=90s)
2026-05-27 12:56:23 | INFO | my_functions.py:200 | 
✅ Found: sign_in_with_google2.PNG pos=(406, 957) time=0.15s confidence=0.8
2026-05-27 12:56:23 | INFO | my_functions.py:248 | [DEBUG] Buscando en paralelo: ['sign_in_with_google2.PNG'] | timeout=20s | confidence=0.8
2026-05-27 12:56:24 | INFO | my_functions.py:135 | Haciendo click en la posición (406, 957)
2026-05-27 12:56:25 | INFO | my_functions.py:270 | 🖱️ Click OK (En paralelo): sign_in_with_google2.PNG at (406, 957) delay=1s
2026-05-27 12:56:26 | INFO | my_functions.py:248 | [DEBUG] Buscando en paralelo: ['reeps_vm.png'] | timeout=30s | confidence=0.8
2026-05-27 12:56:34 | INFO | my_functions.py:135 | Haciendo click en la posición (1126, 534)
2026-05-27 12:56:34 | INFO | my_functions.py:270 | 🖱️ Click OK (En paralelo): reeps_vm.png at (1126, 534) delay=3s
2026-05-27 12:56:36 | INFO | my_functions.py:170 | Searching marvelsnap_web.png (timeout=30s)
2026-05-27 12:56:39 | INFO | my_functions.py:200 | 
✅ Found: marvelsnap_web.png pos=(258, 80) time=3.72s confidence=0.7
2026-05-27 12:56:40 | INFO | my_functions.py:170 | Searching shop_unselected.PNG (timeout=0s)
2026-05-27 12:56:40 | INFO | my_functions.py:214 | 
⛔ Not found: shop_unselected.PNG after 0.0s region=(0, 0, 765, 1038) confidence=0.8
2026-05-27 12:56:40 | INFO | my_functions.py:248 | [DEBUG] Buscando en paralelo: ['super_premium.PNG'] | timeout=0s | confidence=0.8
2026-05-27 12:56:40 | INFO | my_functions.py:282 | [DEBUG] Click skipped, ninguna de las imágenes se encontró en el intento.
2026-05-27 12:56:41 | INFO | my_functions.py:248 | [DEBUG] Buscando en paralelo: ['maybe_later.PNG'] | timeout=0s | confidence=0.8
2026-05-27 12:56:41 | INFO | my_functions.py:282 | [DEBUG] Click skipped, ninguna de las imágenes se encontró en el intento.
2026-05-27 12:56:42 | INFO | my_functions.py:248 | [DEBUG] Buscando en paralelo: ['maybe_later2.PNG'] | timeout=0s | confidence=0.8
2026-05-27 12:56:42 | INFO | my_functions.py:282 | [DEBUG] Click skipped, ninguna de las imágenes se encontró en el intento.
2026-05-27 12:56:44 | INFO | my_functions.py:170 | Searching go_to_shop.PNG (timeout=0s)
2026-05-27 12:56:44 | INFO | my_functions.py:214 | 
⛔ Not found: go_to_shop.PNG after 0.0s region=(0, 0, 765, 1038) confidence=0.8
2026-05-27 12:56:44 | INFO | my_functions.py:248 | [DEBUG] Buscando en paralelo: ['14_days_of_winterverse.PNG'] | timeout=0s | confidence=0.8
2026-05-27 12:56:44 | INFO | my_functions.py:282 | [DEBUG] Click skipped, ninguna de las imágenes se encontró en el intento.
2026-05-27 12:56:45 | INFO | my_functions.py:170 | Searching welcome_back_calendar.PNG (timeout=0s)
2026-05-27 12:56:45 | INFO | my_functions.py:214 | 
⛔ Not found: welcome_back_calendar.PNG after 0.0s region=(0, 0, 765, 1038) confidence=0.8
2026-05-27 12:56:45 | INFO | my_functions.py:248 | [DEBUG] Buscando en paralelo: ['start_the_countdown.PNG'] | timeout=0s | confidence=0.8
2026-05-27 12:56:45 | INFO | my_functions.py:282 | [DEBUG] Click skipped, ninguna de las imágenes se encontró en el intento.
2026-05-27 12:56:46 | INFO | my_functions.py:248 | [DEBUG] Buscando en paralelo: ['event_has_ended_sanctum.PNG'] | timeout=0s | confidence=0.8
2026-05-27 12:56:47 | INFO | my_functions.py:282 | [DEBUG] Click skipped, ninguna de las imágenes se encontró en el intento.
2026-05-27 12:56:48 | INFO | my_functions.py:248 | [DEBUG] Buscando en paralelo: ['image_part_of_event_grand_arena_finished.PNG'] | timeout=0s | confidence=0.8
2026-05-27 12:56:48 | INFO | my_functions.py:282 | [DEBUG] Click skipped, ninguna de las imágenes se encontró en el intento.
2026-05-27 12:56:49 | INFO | my_functions.py:170 | Searching 28_day_event_login_rewards.PNG (timeout=0s)
2026-05-27 12:56:49 | INFO | my_functions.py:214 | 
⛔ Not found: 28_day_event_login_rewards.PNG after 0.0s region=(0, 0, 765, 1038) confidence=0.8
2026-05-27 12:56:49 | INFO | my_functions.py:170 | Searching 7_day_event_login.PNG (timeout=0s)
2026-05-27 12:56:50 | INFO | my_functions.py:214 | 
⛔ Not found: 7_day_event_login.PNG after 0.02s region=(0, 0, 765, 1038) confidence=0.8
2026-05-27 12:56:50 | INFO | my_functions.py:170 | Searching 14_days_event.PNG (timeout=0s)
2026-05-27 12:56:50 | INFO | my_functions.py:214 | 
⛔ Not found: 14_days_event.PNG after 0.0s region=(0, 0, 765, 1038) confidence=0.8
2026-05-27 12:56:50 | INFO | my_functions.py:248 | [DEBUG] Buscando en paralelo: ['lets_go.PNG'] | timeout=0s | confidence=0.8
2026-05-27 12:56:50 | INFO | my_functions.py:282 | [DEBUG] Click skipped, ninguna de las imágenes se encontró en el intento.
2026-05-27 12:56:52 | INFO | my_functions.py:170 | Searching shop_unselected.PNG (timeout=0s)
2026-05-27 12:56:52 | INFO | my_functions.py:200 | 
✅ Found: shop_unselected.PNG pos=(88, 961) time=0.2s confidence=0.8
2026-05-27 12:57:00 | INFO | my_functions.py:170 | Searching shop_unselected.PNG (timeout=0s)
2026-05-27 12:57:00 | INFO | my_functions.py:214 | 
⛔ Not found: shop_unselected.PNG after 0.0s region=(0, 0, 765, 1038) confidence=0.8
2026-05-27 12:57:01 | INFO | my_functions.py:170 | Searching shop_unselected.PNG (timeout=0s)
2026-05-27 12:57:02 | INFO | my_functions.py:214 | 
⛔ Not found: shop_unselected.PNG after 0.0s region=(0, 0, 765, 1038) confidence=0.8
2026-05-27 12:57:02 | INFO | my_functions.py:248 | [DEBUG] Buscando en paralelo: ['super_premium.PNG'] | timeout=0s | confidence=0.8
2026-05-27 12:57:03 | INFO | my_functions.py:135 | Haciendo click en la posición (480, 777)
2026-05-27 12:57:03 | INFO | my_functions.py:270 | 🖱️ Click OK (En paralelo): super_premium.PNG at (480, 777) delay=1s
2026-05-27 12:57:04 | INFO | my_functions.py:143 | Presionando ESC (1/1)
2026-05-27 12:57:13 | INFO | my_functions.py:170 | Searching shop_unselected.PNG (timeout=0s)
2026-05-27 12:57:13 | INFO | my_functions.py:200 | 
✅ Found: shop_unselected.PNG pos=(88, 961) time=0.18s confidence=0.8
2026-05-27 12:57:13 | INFO | my_functions.py:518 | Ya esta listo
2026-05-27 12:57:15 | INFO | my_functions.py:330 | AVAILABLE: 6
2026-05-27 12:57:15 | INFO | my_functions.py:352 | Misiones completadas: 0
2026-05-27 12:57:15 | INFO | my_functions.py:170 | Searching play.PNG (timeout=0s)
2026-05-27 12:57:15 | INFO | my_functions.py:200 | 
✅ Found: play.PNG pos=(384, 825) time=0.2s confidence=0.8
2026-05-27 12:57:15 | INFO | my_functions.py:1181 | [INFO] Click realizado donde se equipa el deck a jugar
2026-05-27 12:57:19 | INFO | my_functions.py:248 | [DEBUG] Buscando en paralelo: ['deck_666666.png'] | timeout=3s | confidence=0.8
2026-05-27 12:57:21 | INFO | my_functions.py:135 | Haciendo click en la posición (235, 547)
2026-05-27 12:57:21 | INFO | my_functions.py:270 | 🖱️ Click OK (En paralelo): deck_666666.png at (235, 547) delay=1s
2026-05-27 12:57:22 | INFO | my_functions.py:248 | [DEBUG] Buscando en paralelo: ['equip.png'] | timeout=3s | confidence=0.95
2026-05-27 12:57:25 | INFO | my_functions.py:282 | [DEBUG] Click skipped, ninguna de las imágenes se encontró en el intento.
2026-05-27 12:57:26 | INFO | my_functions.py:143 | Presionando ESC (1/1)
2026-05-27 12:57:27 | INFO | each_eight_hours.py:166 | Deck selected: 6turns
2026-05-27 12:57:27 | INFO | my_functions.py:248 | [DEBUG] Buscando en paralelo: ['maybe_later.PNG'] | timeout=2s | confidence=0.8
2026-05-27 12:57:29 | INFO | my_functions.py:282 | [DEBUG] Click skipped, ninguna de las imágenes se encontró en el intento.
2026-05-27 12:57:30 | INFO | my_functions.py:248 | [DEBUG] Buscando en paralelo: ['maybe_later2.PNG'] | timeout=0.01s | confidence=0.8
2026-05-27 12:57:30 | INFO | my_functions.py:282 | [DEBUG] Click skipped, ninguna de las imágenes se encontró en el intento.
2026-05-27 12:57:31 | INFO | each_eight_hours.py:224 | Starting game loop 1
2026-05-27 12:57:31 | INFO | my_functions.py:248 | [DEBUG] Buscando en paralelo: ['play.PNG'] | timeout=20s | confidence=0.8
2026-05-27 12:57:35 | INFO | my_functions.py:135 | Haciendo click en la posición (384, 824)
2026-05-27 12:57:35 | INFO | my_functions.py:270 | 🖱️ Click OK (En paralelo): play.PNG at (384, 824) delay=3s
2026-05-27 12:57:52 | INFO | my_functions.py:200 | 
✅ Found: end_turn.PNG pos=(681, 945) time=0.19s confidence=0.8
2026-05-27 12:57:52 | INFO | my_functions.py:248 | [DEBUG] Buscando en paralelo: ['snap.PNG'] | timeout=0s | confidence=0.8
2026-05-27 12:57:54 | INFO | my_functions.py:135 | Haciendo click en la posición (386, 123)
2026-05-27 12:57:54 | INFO | my_functions.py:270 | 🖱️ Click OK (En paralelo): snap.PNG at (386, 123) delay=1s
2026-05-27 12:58:00 | INFO | my_functions.py:135 | Haciendo click en la posición (681, 945)
2026-05-27 12:58:01 | INFO | each_eight_hours.py:240 | End turn executed
2026-05-27 12:58:20 | INFO | my_functions.py:200 | 
✅ Found: end_turn.PNG pos=(681, 945) time=0.2s confidence=0.8
2026-05-27 12:58:20 | INFO | my_functions.py:248 | [DEBUG] Buscando en paralelo: ['snap.PNG'] | timeout=0s | confidence=0.8
2026-05-27 12:58:20 | INFO | my_functions.py:282 | [DEBUG] Click skipped, ninguna de las imágenes se encontró en el intento.
2026-05-27 12:58:26 | INFO | my_functions.py:135 | Haciendo click en la posición (681, 945)
2026-05-27 12:58:27 | INFO | each_eight_hours.py:240 | End turn executed
2026-05-27 12:58:50 | INFO | my_functions.py:200 | 
✅ Found: end_turn.PNG pos=(681, 945) time=0.17s confidence=0.8
2026-05-27 12:58:50 | INFO | my_functions.py:248 | [DEBUG] Buscando en paralelo: ['snap.PNG'] | timeout=0s | confidence=0.8
2026-05-27 12:58:50 | INFO | my_functions.py:282 | [DEBUG] Click skipped, ninguna de las imágenes se encontró en el intento.
2026-05-27 12:58:57 | INFO | my_functions.py:135 | Haciendo click en la posición (681, 945)
2026-05-27 12:58:58 | INFO | each_eight_hours.py:240 | End turn executed
2026-05-27 12:59:17 | INFO | my_functions.py:200 | 
✅ Found: end_turn.PNG pos=(681, 945) time=0.18s confidence=0.8
2026-05-27 12:59:17 | INFO | my_functions.py:248 | [DEBUG] Buscando en paralelo: ['snap.PNG'] | timeout=0s | confidence=0.8
2026-05-27 12:59:18 | INFO | my_functions.py:282 | [DEBUG] Click skipped, ninguna de las imágenes se encontró en el intento.
2026-05-27 12:59:24 | INFO | my_functions.py:135 | Haciendo click en la posición (681, 945)
2026-05-27 12:59:25 | INFO | each_eight_hours.py:240 | End turn executed
2026-05-27 12:59:37 | INFO | my_functions.py:200 | 
✅ Found: end_turn.PNG pos=(681, 945) time=0.18s confidence=0.8
2026-05-27 12:59:37 | INFO | my_functions.py:248 | [DEBUG] Buscando en paralelo: ['snap.PNG'] | timeout=0s | confidence=0.8
2026-05-27 12:59:38 | INFO | my_functions.py:282 | [DEBUG] Click skipped, ninguna de las imágenes se encontró en el intento.
2026-05-27 12:59:44 | INFO | my_functions.py:135 | Haciendo click en la posición (681, 945)
2026-05-27 12:59:45 | INFO | each_eight_hours.py:240 | End turn executed
2026-05-27 13:00:08 | INFO | my_functions.py:200 | 
✅ Found: end_turn.PNG pos=(681, 945) time=0.22s confidence=0.8
2026-05-27 13:00:08 | INFO | my_functions.py:248 | [DEBUG] Buscando en paralelo: ['snap.PNG'] | timeout=0s | confidence=0.8
2026-05-27 13:00:08 | INFO | my_functions.py:282 | [DEBUG] Click skipped, ninguna de las imágenes se encontró en el intento.
2026-05-27 13:00:14 | INFO | my_functions.py:135 | Haciendo click en la posición (681, 945)
2026-05-27 13:00:15 | INFO | each_eight_hours.py:240 | End turn executed
2026-05-27 13:00:41 | INFO | my_functions.py:200 | 
✅ Found: collect_rewards.PNG pos=(679, 963) time=0.21s confidence=0.8
2026-05-27 13:00:41 | INFO | each_eight_hours.py:279 | Rewards detected, exiting match
2026-05-27 13:00:41 | INFO | my_functions.py:248 | [DEBUG] Buscando en paralelo: ['collect_rewards.PNG'] | timeout=20s | confidence=0.8
2026-05-27 13:00:43 | INFO | my_functions.py:135 | Haciendo click en la posición (680, 957)
2026-05-27 13:00:43 | INFO | my_functions.py:270 | 🖱️ Click OK (En paralelo): collect_rewards.PNG at (680, 957) delay=1s
2026-05-27 13:00:44 | INFO | my_functions.py:248 | [DEBUG] Buscando en paralelo: ['next.PNG'] | timeout=20s | confidence=0.8
2026-05-27 13:00:47 | INFO | my_functions.py:135 | Haciendo click en la posición (677, 973)
2026-05-27 13:00:47 | INFO | my_functions.py:270 | 🖱️ Click OK (En paralelo): next.PNG at (677, 973) delay=1s
2026-05-27 13:00:50 | INFO | my_functions.py:330 | AVAILABLE: 6
2026-05-27 13:00:50 | INFO | each_eight_hours.py:346 | Submissions after match: 6
2026-05-27 13:00:50 | INFO | my_functions.py:352 | Misiones completadas: 2
2026-05-27 13:00:50 | INFO | each_eight_hours.py:350 | Submission condition met, breaking loop
2026-05-27 13:00:50 | INFO | my_functions.py:248 | [DEBUG] Buscando en paralelo: ['missionsNotify2.png'] | timeout=20s | confidence=0.8
2026-05-27 13:00:54 | INFO | my_functions.py:135 | Haciendo click en la posición (538, 124)
2026-05-27 13:00:54 | INFO | my_functions.py:270 | 🖱️ Click OK (En paralelo): missionsNotify2.png at (538, 124) delay=3s
2026-05-27 13:00:55 | INFO | my_functions.py:1211 | [INFO] Iniciando click_missions_blue2
2026-05-27 13:00:55 | INFO | my_functions.py:135 | Haciendo click en la posición (150, 132)
2026-05-27 13:00:56 | INFO | my_functions.py:1214 | [ACTION] Click hecho en icono de calendario que me dirige a las misiones ordinarias
2026-05-27 13:00:56 | INFO | my_functions.py:170 | Searching bonus_challenge.png (timeout=0s)
2026-05-27 13:00:56 | INFO | my_functions.py:214 | 
⛔ Not found: bonus_challenge.png after 0.0s region=(0, 0, 765, 1038) confidence=0.8
2026-05-27 13:00:58 | INFO | my_functions.py:135 | Haciendo click en la posición (362, 493)
2026-05-27 13:01:00 | INFO | my_functions.py:1227 | [ACTION] Click 1/2 en misión azul
2026-05-27 13:01:00 | INFO | my_functions.py:135 | Haciendo click en la posición (362, 493)
2026-05-27 13:01:01 | INFO | my_functions.py:1227 | [ACTION] Click 2/2 en misión azul
2026-05-27 13:01:02 | INFO | my_functions.py:170 | Searching flechita_mission.PNG (timeout=0s)
2026-05-27 13:01:02 | INFO | my_functions.py:214 | 
⛔ Not found: flechita_mission.PNG after 0.0s region=(0, 0, 765, 1038) confidence=0.8
2026-05-27 13:01:02 | INFO | my_functions.py:248 | [DEBUG] Buscando en paralelo: ['weekly3.PNG'] | timeout=0s | confidence=0.8
2026-05-27 13:01:02 | INFO | my_functions.py:282 | [DEBUG] Click skipped, ninguna de las imágenes se encontró en el intento.
2026-05-27 13:01:03 | INFO | my_functions.py:248 | [DEBUG] Buscando en paralelo: ['weekly3.PNG'] | timeout=0s | confidence=0.8
2026-05-27 13:01:03 | INFO | my_functions.py:282 | [DEBUG] Click skipped, ninguna de las imágenes se encontró en el intento.
2026-05-27 13:01:05 | INFO | my_functions.py:135 | Haciendo click en la posición (557, 64)
2026-05-27 13:01:06 | INFO | my_functions.py:248 | [DEBUG] Buscando en paralelo: ['cards_shop.PNG'] | timeout=20s | confidence=0.8
2026-05-27 13:01:08 | INFO | my_functions.py:135 | Haciendo click en la posición (568, 121)
2026-05-27 13:01:08 | INFO | my_functions.py:270 | 🖱️ Click OK (En paralelo): cards_shop.PNG at (568, 121) delay=1s
2026-05-27 13:01:09 | INFO | my_functions.py:248 | [DEBUG] Buscando en paralelo: ['token_icon.PNG'] | timeout=20s | confidence=0.8
2026-05-27 13:01:10 | INFO | my_functions.py:135 | Haciendo click en la posición (679, 171)
2026-05-27 13:01:10 | INFO | my_functions.py:270 | 🖱️ Click OK (En paralelo): token_icon.PNG at (679, 171) delay=1s
2026-05-27 13:01:13 | INFO | my_functions.py:248 | [DEBUG] Buscando en paralelo: ['claim!_token_3.PNG'] | timeout=4s | confidence=0.8
2026-05-27 13:01:15 | INFO | my_functions.py:135 | Haciendo click en la posición (231, 573)
2026-05-27 13:01:15 | INFO | my_functions.py:270 | 🖱️ Click OK (En paralelo): claim!_token_3.PNG at (231, 573) delay=1s
2026-05-27 13:01:16 | INFO | my_functions.py:248 | [DEBUG] Buscando en paralelo: ['offers.PNG'] | timeout=0.1s | confidence=0.8
2026-05-27 13:01:17 | INFO | my_functions.py:135 | Haciendo click en la posición (197, 121)
2026-05-27 13:01:17 | INFO | my_functions.py:270 | 🖱️ Click OK (En paralelo): offers.PNG at (197, 121) delay=1s
2026-05-27 13:01:18 | INFO | my_functions.py:248 | [DEBUG] Buscando en paralelo: ['credits_selected.png'] | timeout=0.1s | confidence=0.8
2026-05-27 13:01:20 | INFO | my_functions.py:135 | Haciendo click en la posición (443, 167)
2026-05-27 13:01:20 | INFO | my_functions.py:270 | 🖱️ Click OK (En paralelo): credits_selected.png at (443, 167) delay=1s
2026-05-27 13:01:22 | INFO | my_functions.py:248 | [DEBUG] Buscando en paralelo: ['claim_25_credits.png'] | timeout=2s | confidence=0.8
2026-05-27 13:01:24 | INFO | my_functions.py:135 | Haciendo click en la posición (236, 328)
2026-05-27 13:01:24 | INFO | my_functions.py:270 | 🖱️ Click OK (En paralelo): claim_25_credits.png at (236, 328) delay=1s
2026-05-27 13:01:25 | INFO | my_functions.py:248 | [DEBUG] Buscando en paralelo: ['cards_shop.PNG'] | timeout=20s | confidence=0.8
2026-05-27 13:01:26 | INFO | my_functions.py:135 | Haciendo click en la posición (568, 121)
2026-05-27 13:01:26 | INFO | my_functions.py:270 | 🖱️ Click OK (En paralelo): cards_shop.PNG at (568, 121) delay=1s
2026-05-27 13:01:27 | INFO | my_functions.py:248 | [DEBUG] Buscando en paralelo: ['offers.PNG'] | timeout=20s | confidence=0.8
2026-05-27 13:01:29 | INFO | my_functions.py:135 | Haciendo click en la posición (197, 121)
2026-05-27 13:01:29 | INFO | my_functions.py:270 | 🖱️ Click OK (En paralelo): offers.PNG at (197, 121) delay=1s
2026-05-27 13:01:30 | INFO | my_functions.py:1111 | [INFO] Iniciando mejora de cartas
2026-05-27 13:01:30 | INFO | my_functions.py:248 | [DEBUG] Buscando en paralelo: ['upgrade_cards_icon.PNG'] | timeout=20s | confidence=0.8
2026-05-27 13:01:31 | INFO | my_functions.py:135 | Haciendo click en la posición (322, 170)
2026-05-27 13:01:31 | INFO | my_functions.py:270 | 🖱️ Click OK (En paralelo): upgrade_cards_icon.PNG at (322, 170) delay=1s
2026-05-27 13:01:33 | INFO | my_functions.py:1115 | [INFO] Abriendo icono de upgrade_cards
2026-05-27 13:01:34 | INFO | my_functions.py:1121 | [STEP] Mejorando carta 1
2026-05-27 13:01:34 | INFO | my_functions.py:1125 | [ACTION] Click en carta 1
2026-05-27 13:01:35 | INFO | my_functions.py:1130 | [ACTION] Click en botón upgrade
2026-05-27 13:01:42 | INFO | my_functions.py:248 | [DEBUG] Buscando en paralelo: ['you_need_more_credits!.png'] | timeout=3s | confidence=0.8
2026-05-27 13:01:43 | INFO | my_functions.py:135 | Haciendo click en la posición (381, 345)
2026-05-27 13:01:43 | INFO | my_functions.py:270 | 🖱️ Click OK (En paralelo): you_need_more_credits!.png at (381, 345) delay=1s
2026-05-27 13:01:44 | INFO | my_functions.py:143 | Presionando ESC (1/2)
2026-05-27 13:01:45 | INFO | my_functions.py:143 | Presionando ESC (2/2)
2026-05-27 13:01:48 | INFO | my_functions.py:1173 | [INFO] Mejora de cartas completada ✅
2026-05-27 13:01:48 | INFO | my_functions.py:143 | Presionando ESC (1/1)
2026-05-27 13:01:48 | INFO | my_functions.py:248 | [DEBUG] Buscando en paralelo: ['nut.png'] | timeout=20s | confidence=0.8
2026-05-27 13:01:49 | INFO | my_functions.py:135 | Haciendo click en la posición (184, 78)
2026-05-27 13:01:50 | INFO | my_functions.py:270 | 🖱️ Click OK (En paralelo): nut.png at (184, 78) delay=1s
2026-05-27 13:01:51 | INFO | my_functions.py:248 | [DEBUG] Buscando en paralelo: ['graphics_quality.png'] | timeout=3s | confidence=0.8
2026-05-27 13:01:52 | INFO | my_functions.py:135 | Haciendo click en la posición (304, 644)
2026-05-27 13:01:52 | INFO | my_functions.py:270 | 🖱️ Click OK (En paralelo): graphics_quality.png at (304, 644) delay=1s
2026-05-27 13:01:54 | INFO | my_functions.py:248 | [DEBUG] Buscando en paralelo: ['sign_out.png'] | timeout=20s | confidence=0.8
2026-05-27 13:01:55 | INFO | my_functions.py:135 | Haciendo click en la posición (380, 796)
2026-05-27 13:01:56 | INFO | my_functions.py:270 | 🖱️ Click OK (En paralelo): sign_out.png at (380, 796) delay=1s
2026-05-27 13:01:58 | INFO | my_functions.py:248 | [DEBUG] Buscando en paralelo: ['sign_out_grande.png'] | timeout=20s | confidence=0.8
2026-05-27 13:01:59 | INFO | my_functions.py:135 | Haciendo click en la posición (359, 437)
2026-05-27 13:01:59 | INFO | my_functions.py:270 | 🖱️ Click OK (En paralelo): sign_out_grande.png at (359, 437) delay=1s
2026-05-27 13:02:00 | INFO | my_functions.py:248 | [DEBUG] Buscando en paralelo: ['sign_out2.png'] | timeout=20s | confidence=0.8
2026-05-27 13:02:01 | INFO | my_functions.py:135 | Haciendo click en la posición (383, 634)
2026-05-27 13:02:02 | INFO | my_functions.py:270 | 🖱️ Click OK (En paralelo): sign_out2.png at (383, 634) delay=1s
2026-05-27 13:02:03 | INFO | my_functions.py:1286 | ⏱ Esperando 0.1 segundos antes de empezar...
2026-05-27 13:02:03 | INFO | my_functions.py:1293 | 🔍 Esperando ventana que contenga alguna de: SNAP (máx 20s)
2026-05-27 13:02:03 | INFO | my_functions.py:1305 | ✅ Ventana encontrada: 'SNAP'
2026-05-27 13:02:03 | INFO | my_functions.py:1320 | ✅ Ventana seleccionada: 'SNAP'
2026-05-27 13:02:05 | INFO | my_functions.py:1343 | 🔁 Reajuste #1...
2026-05-27 13:02:07 | INFO | my_functions.py:1350 | ✔ Verificación completa. Se hicieron 1 reajustes.
2026-05-27 13:02:11 | INFO | each_eight_hours.py:139 | Processing account: overture_vm
2026-05-27 13:02:11 | INFO | each_eight_hours.py:142 | Game relaunched for account
2026-05-27 13:02:11 | INFO | my_functions.py:1286 | ⏱ Esperando 0.1 segundos antes de empezar...
2026-05-27 13:02:11 | INFO | my_functions.py:1293 | 🔍 Esperando ventana que contenga alguna de: ['SNAP'] (máx 20s)
2026-05-27 13:02:14 | INFO | my_functions.py:1305 | ✅ Ventana encontrada: 'SNAP'
2026-05-27 13:02:14 | INFO | my_functions.py:1320 | ✅ Ventana seleccionada: 'SNAP'
2026-05-27 13:02:16 | INFO | my_functions.py:1352 | ✔ Verificación completa. No hubo cambios después del primer ajuste.
2026-05-27 13:02:16 | INFO | my_functions.py:991 | [DEBUG] Resizing SNAP window...
2026-05-27 13:02:16 | INFO | my_functions.py:1286 | ⏱ Esperando 0.1 segundos antes de empezar...
2026-05-27 13:02:16 | INFO | my_functions.py:1293 | 🔍 Esperando ventana que contenga alguna de: ['SNAP'] (máx 20s)
2026-05-27 13:02:16 | INFO | my_functions.py:1305 | ✅ Ventana encontrada: 'SNAP'
2026-05-27 13:02:16 | INFO | my_functions.py:1320 | ✅ Ventana seleccionada: 'SNAP'
2026-05-27 13:02:19 | INFO | my_functions.py:1352 | ✔ Verificación completa. No hubo cambios después del primer ajuste.
2026-05-27 13:02:19 | INFO | my_functions.py:248 | [DEBUG] Buscando en paralelo: ['small_submit.PNG', 'small_submit_hover.png', 'submit_hover_2.png', 'small_submit_hover_2.png'] | timeout=90s | confidence=0.8
2026-05-27 13:02:24 | INFO | my_functions.py:135 | Haciendo click en la posición (380, 642)
2026-05-27 13:02:24 | INFO | my_functions.py:270 | 🖱️ Click OK (En paralelo): small_submit.PNG at (380, 642) delay=0.2s
2026-05-27 13:02:25 | INFO | my_functions.py:248 | [DEBUG] Buscando en paralelo: ['small_submit.PNG', 'small_submit_hover.png', 'submit_hover_2.png', 'small_submit_hover_2.png'] | timeout=20s | confidence=0.8
2026-05-27 13:02:26 | INFO | my_functions.py:135 | Haciendo click en la posición (380, 721)
2026-05-27 13:02:26 | INFO | my_functions.py:270 | 🖱️ Click OK (En paralelo): small_submit.PNG at (380, 721) delay=0.2s
2026-05-27 13:02:27 | INFO | my_functions.py:1286 | ⏱ Esperando 0.1 segundos antes de empezar...
2026-05-27 13:02:27 | INFO | my_functions.py:1293 | 🔍 Esperando ventana que contenga alguna de: ['SNAP'] (máx 20s)
2026-05-27 13:02:27 | INFO | my_functions.py:1305 | ✅ Ventana encontrada: 'SNAP'
2026-05-27 13:02:27 | INFO | my_functions.py:1320 | ✅ Ventana seleccionada: 'SNAP'
2026-05-27 13:02:29 | INFO | my_functions.py:1343 | 🔁 Reajuste #1...
2026-05-27 13:02:30 | INFO | my_functions.py:1350 | ✔ Verificación completa. Se hicieron 1 reajustes.
2026-05-27 13:02:30 | INFO | my_functions.py:170 | Searching please_sign.png (timeout=0s)
2026-05-27 13:02:30 | INFO | my_functions.py:200 | 
✅ Found: please_sign.png pos=(383, 438) time=0.18s confidence=0.8
2026-05-27 13:02:30 | INFO | my_functions.py:248 | [DEBUG] Buscando en paralelo: ['ok_btn.png'] | timeout=20s | confidence=0.8
2026-05-27 13:02:31 | INFO | my_functions.py:135 | Haciendo click en la posición (382, 634)
2026-05-27 13:02:32 | INFO | my_functions.py:270 | 🖱️ Click OK (En paralelo): ok_btn.png at (382, 634) delay=1s
2026-05-27 13:02:33 | INFO | my_functions.py:248 | [DEBUG] Buscando en paralelo: ['small_submit.PNG', 'small_submit_hover.png', 'submit_hover_2.png', 'small_submit_hover_2.png'] | timeout=90s | confidence=0.8
2026-05-27 13:02:34 | INFO | my_functions.py:135 | Haciendo click en la posición (383, 643)
2026-05-27 13:02:34 | INFO | my_functions.py:270 | 🖱️ Click OK (En paralelo): small_submit_hover_2.png at (383, 643) delay=0.2s
2026-05-27 13:02:35 | INFO | my_functions.py:248 | [DEBUG] Buscando en paralelo: ['small_submit.PNG', 'small_submit_hover.png', 'submit_hover_2.png', 'small_submit_hover_2.png'] | timeout=20s | confidence=0.8
2026-05-27 13:02:36 | INFO | my_functions.py:135 | Haciendo click en la posición (380, 721)
2026-05-27 13:02:36 | INFO | my_functions.py:270 | 🖱️ Click OK (En paralelo): small_submit.PNG at (380, 721) delay=0.2s
2026-05-27 13:02:37 | INFO | my_functions.py:170 | Searching sign_in_with_google2.PNG (timeout=90s)
2026-05-27 13:02:37 | INFO | my_functions.py:200 | 
✅ Found: sign_in_with_google2.PNG pos=(406, 957) time=0.16s confidence=0.8
2026-05-27 13:02:37 | INFO | my_functions.py:248 | [DEBUG] Buscando en paralelo: ['sign_in_with_google2.PNG'] | timeout=20s | confidence=0.8
2026-05-27 13:02:38 | INFO | my_functions.py:135 | Haciendo click en la posición (406, 957)
2026-05-27 13:02:39 | INFO | my_functions.py:270 | 🖱️ Click OK (En paralelo): sign_in_with_google2.PNG at (406, 957) delay=1s
2026-05-27 13:02:40 | INFO | my_functions.py:248 | [DEBUG] Buscando en paralelo: ['overture_vm.png'] | timeout=30s | confidence=0.8
2026-05-27 13:02:48 | INFO | my_functions.py:135 | Haciendo click en la posición (1126, 447)
2026-05-27 13:02:48 | INFO | my_functions.py:270 | 🖱️ Click OK (En paralelo): overture_vm.png at (1126, 447) delay=3s
2026-05-27 13:02:49 | INFO | my_functions.py:170 | Searching marvelsnap_web.png (timeout=30s)
2026-05-27 13:03:20 | INFO | my_functions.py:214 | 
⛔ Not found: marvelsnap_web.png after 30.09s region=(0, 0, 765, 1038) confidence=0.7
2026-05-27 13:03:20 | INFO | my_functions.py:170 | Searching shop_unselected.PNG (timeout=0s)
2026-05-27 13:03:20 | INFO | my_functions.py:214 | 
⛔ Not found: shop_unselected.PNG after 0.0s region=(0, 0, 765, 1038) confidence=0.8
2026-05-27 13:03:20 | INFO | my_functions.py:248 | [DEBUG] Buscando en paralelo: ['super_premium.PNG'] | timeout=0s | confidence=0.8
2026-05-27 13:03:20 | INFO | my_functions.py:282 | [DEBUG] Click skipped, ninguna de las imágenes se encontró en el intento.
2026-05-27 13:03:21 | INFO | my_functions.py:248 | [DEBUG] Buscando en paralelo: ['maybe_later.PNG'] | timeout=0s | confidence=0.8
2026-05-27 13:03:21 | INFO | my_functions.py:282 | [DEBUG] Click skipped, ninguna de las imágenes se encontró en el intento.
2026-05-27 13:03:22 | INFO | my_functions.py:248 | [DEBUG] Buscando en paralelo: ['maybe_later2.PNG'] | timeout=0s | confidence=0.8
2026-05-27 13:03:22 | INFO | my_functions.py:282 | [DEBUG] Click skipped, ninguna de las imágenes se encontró en el intento.
2026-05-27 13:03:24 | INFO | my_functions.py:170 | Searching go_to_shop.PNG (timeout=0s)
2026-05-27 13:03:24 | INFO | my_functions.py:214 | 
⛔ Not found: go_to_shop.PNG after 0.0s region=(0, 0, 765, 1038) confidence=0.8
2026-05-27 13:03:24 | INFO | my_functions.py:248 | [DEBUG] Buscando en paralelo: ['14_days_of_winterverse.PNG'] | timeout=0s | confidence=0.8
2026-05-27 13:03:24 | INFO | my_functions.py:282 | [DEBUG] Click skipped, ninguna de las imágenes se encontró en el intento.
2026-05-27 13:03:25 | INFO | my_functions.py:170 | Searching welcome_back_calendar.PNG (timeout=0s)
2026-05-27 13:03:25 | INFO | my_functions.py:214 | 
⛔ Not found: welcome_back_calendar.PNG after 0.0s region=(0, 0, 765, 1038) confidence=0.8
2026-05-27 13:03:25 | INFO | my_functions.py:248 | [DEBUG] Buscando en paralelo: ['start_the_countdown.PNG'] | timeout=0s | confidence=0.8
2026-05-27 13:03:25 | INFO | my_functions.py:282 | [DEBUG] Click skipped, ninguna de las imágenes se encontró en el intento.
2026-05-27 13:03:26 | INFO | my_functions.py:248 | [DEBUG] Buscando en paralelo: ['event_has_ended_sanctum.PNG'] | timeout=0s | confidence=0.8
2026-05-27 13:03:27 | INFO | my_functions.py:282 | [DEBUG] Click skipped, ninguna de las imágenes se encontró en el intento.
2026-05-27 13:03:28 | INFO | my_functions.py:248 | [DEBUG] Buscando en paralelo: ['image_part_of_event_grand_arena_finished.PNG'] | timeout=0s | confidence=0.8
2026-05-27 13:03:28 | INFO | my_functions.py:282 | [DEBUG] Click skipped, ninguna de las imágenes se encontró en el intento.
2026-05-27 13:03:29 | INFO | my_functions.py:170 | Searching 28_day_event_login_rewards.PNG (timeout=0s)
2026-05-27 13:03:29 | INFO | my_functions.py:214 | 
⛔ Not found: 28_day_event_login_rewards.PNG after 0.0s region=(0, 0, 765, 1038) confidence=0.8
2026-05-27 13:03:29 | INFO | my_functions.py:170 | Searching 7_day_event_login.PNG (timeout=0s)
2026-05-27 13:03:29 | INFO | my_functions.py:214 | 
⛔ Not found: 7_day_event_login.PNG after 0.01s region=(0, 0, 765, 1038) confidence=0.8
2026-05-27 13:03:29 | INFO | my_functions.py:170 | Searching 14_days_event.PNG (timeout=0s)
2026-05-27 13:03:29 | INFO | my_functions.py:214 | 
⛔ Not found: 14_days_event.PNG after 0.0s region=(0, 0, 765, 1038) confidence=0.8
2026-05-27 13:03:29 | INFO | my_functions.py:248 | [DEBUG] Buscando en paralelo: ['lets_go.PNG'] | timeout=0s | confidence=0.8
2026-05-27 13:03:30 | INFO | my_functions.py:282 | [DEBUG] Click skipped, ninguna de las imágenes se encontró en el intento.
2026-05-27 13:03:32 | INFO | my_functions.py:170 | Searching shop_unselected.PNG (timeout=0s)
2026-05-27 13:03:32 | INFO | my_functions.py:214 | 
⛔ Not found: shop_unselected.PNG after 0.0s region=(0, 0, 765, 1038) confidence=0.8
2026-05-27 13:03:32 | INFO | my_functions.py:248 | [DEBUG] Buscando en paralelo: ['super_premium.PNG'] | timeout=0s | confidence=0.8
2026-05-27 13:03:32 | INFO | my_functions.py:282 | [DEBUG] Click skipped, ninguna de las imágenes se encontró en el intento.
2026-05-27 13:03:33 | INFO | my_functions.py:248 | [DEBUG] Buscando en paralelo: ['maybe_later.PNG'] | timeout=0s | confidence=0.8
2026-05-27 13:03:33 | INFO | my_functions.py:282 | [DEBUG] Click skipped, ninguna de las imágenes se encontró en el intento.
2026-05-27 13:03:34 | INFO | my_functions.py:248 | [DEBUG] Buscando en paralelo: ['maybe_later2.PNG'] | timeout=0s | confidence=0.8
2026-05-27 13:03:35 | INFO | my_functions.py:282 | [DEBUG] Click skipped, ninguna de las imágenes se encontró en el intento.
2026-05-27 13:03:36 | INFO | my_functions.py:170 | Searching go_to_shop.PNG (timeout=0s)
2026-05-27 13:03:36 | INFO | my_functions.py:214 | 
⛔ Not found: go_to_shop.PNG after 0.17s region=(0, 0, 765, 1038) confidence=0.8
2026-05-27 13:03:36 | INFO | my_functions.py:248 | [DEBUG] Buscando en paralelo: ['14_days_of_winterverse.PNG'] | timeout=0s | confidence=0.8
2026-05-27 13:03:36 | INFO | my_functions.py:282 | [DEBUG] Click skipped, ninguna de las imágenes se encontró en el intento.
2026-05-27 13:03:37 | INFO | my_functions.py:170 | Searching welcome_back_calendar.PNG (timeout=0s)
2026-05-27 13:03:37 | INFO | my_functions.py:214 | 
⛔ Not found: welcome_back_calendar.PNG after 0.0s region=(0, 0, 765, 1038) confidence=0.8
2026-05-27 13:03:37 | INFO | my_functions.py:248 | [DEBUG] Buscando en paralelo: ['start_the_countdown.PNG'] | timeout=0s | confidence=0.8
2026-05-27 13:03:38 | INFO | my_functions.py:282 | [DEBUG] Click skipped, ninguna de las imágenes se encontró en el intento.
2026-05-27 13:03:39 | INFO | my_functions.py:248 | [DEBUG] Buscando en paralelo: ['event_has_ended_sanctum.PNG'] | timeout=0s | confidence=0.8
2026-05-27 13:03:39 | INFO | my_functions.py:282 | [DEBUG] Click skipped, ninguna de las imágenes se encontró en el intento.
2026-05-27 13:03:40 | INFO | my_functions.py:248 | [DEBUG] Buscando en paralelo: ['image_part_of_event_grand_arena_finished.PNG'] | timeout=0s | confidence=0.8
2026-05-27 13:03:40 | INFO | my_functions.py:282 | [DEBUG] Click skipped, ninguna de las imágenes se encontró en el intento.
2026-05-27 13:03:41 | INFO | my_functions.py:170 | Searching 28_day_event_login_rewards.PNG (timeout=0s)
2026-05-27 13:03:41 | INFO | my_functions.py:214 | 
⛔ Not found: 28_day_event_login_rewards.PNG after 0.0s region=(0, 0, 765, 1038) confidence=0.8
2026-05-27 13:03:41 | INFO | my_functions.py:170 | Searching 7_day_event_login.PNG (timeout=0s)
2026-05-27 13:03:41 | INFO | my_functions.py:214 | 
⛔ Not found: 7_day_event_login.PNG after 0.0s region=(0, 0, 765, 1038) confidence=0.8
2026-05-27 13:03:41 | INFO | my_functions.py:170 | Searching 14_days_event.PNG (timeout=0s)
2026-05-27 13:03:42 | INFO | my_functions.py:214 | 
⛔ Not found: 14_days_event.PNG after 0.0s region=(0, 0, 765, 1038) confidence=0.8
2026-05-27 13:03:42 | INFO | my_functions.py:248 | [DEBUG] Buscando en paralelo: ['lets_go.PNG'] | timeout=0s | confidence=0.8
2026-05-27 13:03:42 | INFO | my_functions.py:282 | [DEBUG] Click skipped, ninguna de las imágenes se encontró en el intento.
2026-05-27 13:03:44 | INFO | my_functions.py:170 | Searching shop_unselected.PNG (timeout=0s)
2026-05-27 13:03:44 | INFO | my_functions.py:214 | 
⛔ Not found: shop_unselected.PNG after 0.15s region=(0, 0, 765, 1038) confidence=0.8
2026-05-27 13:03:44 | INFO | my_functions.py:248 | [DEBUG] Buscando en paralelo: ['super_premium.PNG'] | timeout=0s | confidence=0.8
2026-05-27 13:03:44 | INFO | my_functions.py:282 | [DEBUG] Click skipped, ninguna de las imágenes se encontró en el intento.
2026-05-27 13:03:45 | INFO | my_functions.py:248 | [DEBUG] Buscando en paralelo: ['maybe_later.PNG'] | timeout=0s | confidence=0.8
2026-05-27 13:03:46 | INFO | my_functions.py:282 | [DEBUG] Click skipped, ninguna de las imágenes se encontró en el intento.
2026-05-27 13:03:47 | INFO | my_functions.py:248 | [DEBUG] Buscando en paralelo: ['maybe_later2.PNG'] | timeout=0s | confidence=0.8
2026-05-27 13:03:47 | INFO | my_functions.py:282 | [DEBUG] Click skipped, ninguna de las imágenes se encontró en el intento.
2026-05-27 13:03:48 | INFO | my_functions.py:170 | Searching go_to_shop.PNG (timeout=0s)
2026-05-27 13:03:48 | INFO | my_functions.py:214 | 
⛔ Not found: go_to_shop.PNG after 0.0s region=(0, 0, 765, 1038) confidence=0.8
2026-05-27 13:03:48 | INFO | my_functions.py:248 | [DEBUG] Buscando en paralelo: ['14_days_of_winterverse.PNG'] | timeout=0s | confidence=0.8
2026-05-27 13:03:48 | INFO | my_functions.py:282 | [DEBUG] Click skipped, ninguna de las imágenes se encontró en el intento.
2026-05-27 13:03:49 | INFO | my_functions.py:170 | Searching welcome_back_calendar.PNG (timeout=0s)
2026-05-27 13:03:50 | INFO | my_functions.py:214 | 
⛔ Not found: welcome_back_calendar.PNG after 0.0s region=(0, 0, 765, 1038) confidence=0.8
2026-05-27 13:03:50 | INFO | my_functions.py:248 | [DEBUG] Buscando en paralelo: ['start_the_countdown.PNG'] | timeout=0s | confidence=0.8
2026-05-27 13:03:50 | INFO | my_functions.py:282 | [DEBUG] Click skipped, ninguna de las imágenes se encontró en el intento.
2026-05-27 13:03:51 | INFO | my_functions.py:248 | [DEBUG] Buscando en paralelo: ['event_has_ended_sanctum.PNG'] | timeout=0s | confidence=0.8
2026-05-27 13:03:51 | INFO | my_functions.py:282 | [DEBUG] Click skipped, ninguna de las imágenes se encontró en el intento.
2026-05-27 13:03:52 | INFO | my_functions.py:248 | [DEBUG] Buscando en paralelo: ['image_part_of_event_grand_arena_finished.PNG'] | timeout=0s | confidence=0.8
2026-05-27 13:03:52 | INFO | my_functions.py:282 | [DEBUG] Click skipped, ninguna de las imágenes se encontró en el intento.
2026-05-27 13:03:53 | INFO | my_functions.py:170 | Searching 28_day_event_login_rewards.PNG (timeout=0s)
2026-05-27 13:03:53 | INFO | my_functions.py:214 | 
⛔ Not found: 28_day_event_login_rewards.PNG after 0.0s region=(0, 0, 765, 1038) confidence=0.8
2026-05-27 13:03:53 | INFO | my_functions.py:170 | Searching 7_day_event_login.PNG (timeout=0s)
2026-05-27 13:03:54 | INFO | my_functions.py:214 | 
⛔ Not found: 7_day_event_login.PNG after 0.0s region=(0, 0, 765, 1038) confidence=0.8
2026-05-27 13:03:54 | INFO | my_functions.py:170 | Searching 14_days_event.PNG (timeout=0s)
2026-05-27 13:03:54 | INFO | my_functions.py:214 | 
⛔ Not found: 14_days_event.PNG after 0.0s region=(0, 0, 765, 1038) confidence=0.8
2026-05-27 13:03:54 | INFO | my_functions.py:248 | [DEBUG] Buscando en paralelo: ['lets_go.PNG'] | timeout=0s | confidence=0.8
2026-05-27 13:03:54 | INFO | my_functions.py:282 | [DEBUG] Click skipped, ninguna de las imágenes se encontró en el intento.
2026-05-27 13:03:56 | INFO | my_functions.py:170 | Searching shop_unselected.PNG (timeout=0s)
2026-05-27 13:03:56 | INFO | my_functions.py:214 | 
⛔ Not found: shop_unselected.PNG after 0.0s region=(0, 0, 765, 1038) confidence=0.8
2026-05-27 13:03:56 | INFO | my_functions.py:248 | [DEBUG] Buscando en paralelo: ['super_premium.PNG'] | timeout=0s | confidence=0.8
2026-05-27 13:03:56 | INFO | my_functions.py:282 | [DEBUG] Click skipped, ninguna de las imágenes se encontró en el intento.
2026-05-27 13:03:57 | INFO | my_functions.py:248 | [DEBUG] Buscando en paralelo: ['maybe_later.PNG'] | timeout=0s | confidence=0.8
2026-05-27 13:03:58 | INFO | my_functions.py:282 | [DEBUG] Click skipped, ninguna de las imágenes se encontró en el intento.
2026-05-27 13:03:59 | INFO | my_functions.py:248 | [DEBUG] Buscando en paralelo: ['maybe_later2.PNG'] | timeout=0s | confidence=0.8
2026-05-27 13:03:59 | INFO | my_functions.py:282 | [DEBUG] Click skipped, ninguna de las imágenes se encontró en el intento.
2026-05-27 13:04:00 | INFO | my_functions.py:170 | Searching go_to_shop.PNG (timeout=0s)
2026-05-27 13:04:00 | INFO | my_functions.py:214 | 
⛔ Not found: go_to_shop.PNG after 0.15s region=(0, 0, 765, 1038) confidence=0.8
2026-05-27 13:04:00 | INFO | my_functions.py:248 | [DEBUG] Buscando en paralelo: ['14_days_of_winterverse.PNG'] | timeout=0s | confidence=0.8
2026-05-27 13:04:00 | INFO | my_functions.py:282 | [DEBUG] Click skipped, ninguna de las imágenes se encontró en el intento.
2026-05-27 13:04:02 | INFO | my_functions.py:170 | Searching welcome_back_calendar.PNG (timeout=0s)
2026-05-27 13:04:02 | INFO | my_functions.py:214 | 
⛔ Not found: welcome_back_calendar.PNG after 0.0s region=(0, 0, 765, 1038) confidence=0.8
2026-05-27 13:04:02 | INFO | my_functions.py:248 | [DEBUG] Buscando en paralelo: ['start_the_countdown.PNG'] | timeout=0s | confidence=0.8
2026-05-27 13:04:02 | INFO | my_functions.py:282 | [DEBUG] Click skipped, ninguna de las imágenes se encontró en el intento.
2026-05-27 13:04:03 | INFO | my_functions.py:248 | [DEBUG] Buscando en paralelo: ['event_has_ended_sanctum.PNG'] | timeout=0s | confidence=0.8
2026-05-27 13:04:03 | INFO | my_functions.py:282 | [DEBUG] Click skipped, ninguna de las imágenes se encontró en el intento.
2026-05-27 13:04:04 | INFO | my_functions.py:248 | [DEBUG] Buscando en paralelo: ['image_part_of_event_grand_arena_finished.PNG'] | timeout=0s | confidence=0.8
2026-05-27 13:04:04 | INFO | my_functions.py:282 | [DEBUG] Click skipped, ninguna de las imágenes se encontró en el intento.
2026-05-27 13:04:05 | INFO | my_functions.py:170 | Searching 28_day_event_login_rewards.PNG (timeout=0s)
2026-05-27 13:04:06 | INFO | my_functions.py:214 | 
⛔ Not found: 28_day_event_login_rewards.PNG after 0.0s region=(0, 0, 765, 1038) confidence=0.8
2026-05-27 13:04:06 | INFO | my_functions.py:170 | Searching 7_day_event_login.PNG (timeout=0s)
2026-05-27 13:04:06 | INFO | my_functions.py:214 | 
⛔ Not found: 7_day_event_login.PNG after 0.0s region=(0, 0, 765, 1038) confidence=0.8
2026-05-27 13:04:06 | INFO | my_functions.py:170 | Searching 14_days_event.PNG (timeout=0s)
2026-05-27 13:04:06 | INFO | my_functions.py:214 | 
⛔ Not found: 14_days_event.PNG after 0.0s region=(0, 0, 765, 1038) confidence=0.8
2026-05-27 13:04:06 | INFO | my_functions.py:248 | [DEBUG] Buscando en paralelo: ['lets_go.PNG'] | timeout=0s | confidence=0.8
2026-05-27 13:04:06 | INFO | my_functions.py:282 | [DEBUG] Click skipped, ninguna de las imágenes se encontró en el intento.
2026-05-27 13:04:08 | INFO | my_functions.py:170 | Searching shop_unselected.PNG (timeout=0s)
2026-05-27 13:04:08 | INFO | my_functions.py:214 | 
⛔ Not found: shop_unselected.PNG after 0.0s region=(0, 0, 765, 1038) confidence=0.8
2026-05-27 13:04:08 | INFO | my_functions.py:248 | [DEBUG] Buscando en paralelo: ['super_premium.PNG'] | timeout=0s | confidence=0.8
2026-05-27 13:04:08 | INFO | my_functions.py:282 | [DEBUG] Click skipped, ninguna de las imágenes se encontró en el intento.
2026-05-27 13:04:10 | INFO | my_functions.py:248 | [DEBUG] Buscando en paralelo: ['maybe_later.PNG'] | timeout=0s | confidence=0.8
2026-05-27 13:04:10 | INFO | my_functions.py:282 | [DEBUG] Click skipped, ninguna de las imágenes se encontró en el intento.
2026-05-27 13:04:11 | INFO | my_functions.py:248 | [DEBUG] Buscando en paralelo: ['maybe_later2.PNG'] | timeout=0s | confidence=0.8
2026-05-27 13:04:11 | INFO | my_functions.py:282 | [DEBUG] Click skipped, ninguna de las imágenes se encontró en el intento.
2026-05-27 13:04:12 | INFO | my_functions.py:170 | Searching go_to_shop.PNG (timeout=0s)
2026-05-27 13:04:12 | INFO | my_functions.py:214 | 
⛔ Not found: go_to_shop.PNG after 0.0s region=(0, 0, 765, 1038) confidence=0.8
2026-05-27 13:04:12 | INFO | my_functions.py:248 | [DEBUG] Buscando en paralelo: ['14_days_of_winterverse.PNG'] | timeout=0s | confidence=0.8
2026-05-27 13:04:12 | INFO | my_functions.py:282 | [DEBUG] Click skipped, ninguna de las imágenes se encontró en el intento.
2026-05-27 13:04:13 | INFO | my_functions.py:170 | Searching welcome_back_calendar.PNG (timeout=0s)
2026-05-27 13:04:14 | INFO | my_functions.py:214 | 
⛔ Not found: welcome_back_calendar.PNG after 0.0s region=(0, 0, 765, 1038) confidence=0.8
2026-05-27 13:04:14 | INFO | my_functions.py:248 | [DEBUG] Buscando en paralelo: ['start_the_countdown.PNG'] | timeout=0s | confidence=0.8
2026-05-27 13:04:14 | INFO | my_functions.py:282 | [DEBUG] Click skipped, ninguna de las imágenes se encontró en el intento.
2026-05-27 13:04:15 | INFO | my_functions.py:248 | [DEBUG] Buscando en paralelo: ['event_has_ended_sanctum.PNG'] | timeout=0s | confidence=0.8
2026-05-27 13:04:15 | INFO | my_functions.py:282 | [DEBUG] Click skipped, ninguna de las imágenes se encontró en el intento.
2026-05-27 13:04:16 | INFO | my_functions.py:248 | [DEBUG] Buscando en paralelo: ['image_part_of_event_grand_arena_finished.PNG'] | timeout=0s | confidence=0.8
2026-05-27 13:04:16 | INFO | my_functions.py:282 | [DEBUG] Click skipped, ninguna de las imágenes se encontró en el intento.
2026-05-27 13:04:17 | INFO | my_functions.py:170 | Searching 28_day_event_login_rewards.PNG (timeout=0s)
2026-05-27 13:04:18 | INFO | my_functions.py:214 | 
⛔ Not found: 28_day_event_login_rewards.PNG after 0.0s region=(0, 0, 765, 1038) confidence=0.8
2026-05-27 13:04:18 | INFO | my_functions.py:170 | Searching 7_day_event_login.PNG (timeout=0s)
2026-05-27 13:04:18 | INFO | my_functions.py:214 | 
⛔ Not found: 7_day_event_login.PNG after 0.01s region=(0, 0, 765, 1038) confidence=0.8
2026-05-27 13:04:18 | INFO | my_functions.py:170 | Searching 14_days_event.PNG (timeout=0s)
2026-05-27 13:04:18 | INFO | my_functions.py:214 | 
⛔ Not found: 14_days_event.PNG after 0.0s region=(0, 0, 765, 1038) confidence=0.8
2026-05-27 13:04:18 | INFO | my_functions.py:248 | [DEBUG] Buscando en paralelo: ['lets_go.PNG'] | timeout=0s | confidence=0.8
2026-05-27 13:04:18 | INFO | my_functions.py:282 | [DEBUG] Click skipped, ninguna de las imágenes se encontró en el intento.
2026-05-27 13:04:20 | INFO | my_functions.py:170 | Searching shop_unselected.PNG (timeout=0s)
2026-05-27 13:04:20 | INFO | my_functions.py:214 | 
⛔ Not found: shop_unselected.PNG after 0.16s region=(0, 0, 765, 1038) confidence=0.8
2026-05-27 13:04:20 | INFO | my_functions.py:248 | [DEBUG] Buscando en paralelo: ['super_premium.PNG'] | timeout=0s | confidence=0.8
2026-05-27 13:04:21 | INFO | my_functions.py:282 | [DEBUG] Click skipped, ninguna de las imágenes se encontró en el intento.
2026-05-27 13:04:22 | INFO | my_functions.py:248 | [DEBUG] Buscando en paralelo: ['maybe_later.PNG'] | timeout=0s | confidence=0.8
2026-05-27 13:04:22 | INFO | my_functions.py:282 | [DEBUG] Click skipped, ninguna de las imágenes se encontró en el intento.
2026-05-27 13:04:23 | INFO | my_functions.py:248 | [DEBUG] Buscando en paralelo: ['maybe_later2.PNG'] | timeout=0s | confidence=0.8
2026-05-27 13:04:23 | INFO | my_functions.py:282 | [DEBUG] Click skipped, ninguna de las imágenes se encontró en el intento.
2026-05-27 13:04:24 | INFO | my_functions.py:170 | Searching go_to_shop.PNG (timeout=0s)
2026-05-27 13:04:24 | INFO | my_functions.py:214 | 
⛔ Not found: go_to_shop.PNG after 0.0s region=(0, 0, 765, 1038) confidence=0.8
2026-05-27 13:04:24 | INFO | my_functions.py:248 | [DEBUG] Buscando en paralelo: ['14_days_of_winterverse.PNG'] | timeout=0s | confidence=0.8
2026-05-27 13:04:25 | INFO | my_functions.py:282 | [DEBUG] Click skipped, ninguna de las imágenes se encontró en el intento.
2026-05-27 13:04:26 | INFO | my_functions.py:170 | Searching welcome_back_calendar.PNG (timeout=0s)
2026-05-27 13:04:26 | INFO | my_functions.py:214 | 
⛔ Not found: welcome_back_calendar.PNG after 0.0s region=(0, 0, 765, 1038) confidence=0.8
2026-05-27 13:04:26 | INFO | my_functions.py:248 | [DEBUG] Buscando en paralelo: ['start_the_countdown.PNG'] | timeout=0s | confidence=0.8
2026-05-27 13:04:26 | INFO | my_functions.py:282 | [DEBUG] Click skipped, ninguna de las imágenes se encontró en el intento.
2026-05-27 13:04:27 | INFO | my_functions.py:248 | [DEBUG] Buscando en paralelo: ['event_has_ended_sanctum.PNG'] | timeout=0s | confidence=0.8
2026-05-27 13:04:27 | INFO | my_functions.py:282 | [DEBUG] Click skipped, ninguna de las imágenes se encontró en el intento.
2026-05-27 13:04:28 | INFO | my_functions.py:248 | [DEBUG] Buscando en paralelo: ['image_part_of_event_grand_arena_finished.PNG'] | timeout=0s | confidence=0.8
2026-05-27 13:04:28 | INFO | my_functions.py:282 | [DEBUG] Click skipped, ninguna de las imágenes se encontró en el intento.
2026-05-27 13:04:30 | INFO | my_functions.py:170 | Searching 28_day_event_login_rewards.PNG (timeout=0s)
2026-05-27 13:04:30 | INFO | my_functions.py:214 | 
⛔ Not found: 28_day_event_login_rewards.PNG after 0.0s region=(0, 0, 765, 1038) confidence=0.8
2026-05-27 13:04:30 | INFO | my_functions.py:170 | Searching 7_day_event_login.PNG (timeout=0s)
2026-05-27 13:04:30 | INFO | my_functions.py:214 | 
⛔ Not found: 7_day_event_login.PNG after 0.0s region=(0, 0, 765, 1038) confidence=0.8
2026-05-27 13:04:30 | INFO | my_functions.py:170 | Searching 14_days_event.PNG (timeout=0s)
2026-05-27 13:04:30 | INFO | my_functions.py:214 | 
⛔ Not found: 14_days_event.PNG after 0.0s region=(0, 0, 765, 1038) confidence=0.8
2026-05-27 13:04:30 | INFO | my_functions.py:248 | [DEBUG] Buscando en paralelo: ['lets_go.PNG'] | timeout=0s | confidence=0.8
2026-05-27 13:04:30 | INFO | my_functions.py:282 | [DEBUG] Click skipped, ninguna de las imágenes se encontró en el intento.
2026-05-27 13:04:32 | INFO | my_functions.py:170 | Searching shop_unselected.PNG (timeout=0s)
2026-05-27 13:04:32 | INFO | my_functions.py:214 | 
⛔ Not found: shop_unselected.PNG after 0.0s region=(0, 0, 765, 1038) confidence=0.8
2026-05-27 13:04:32 | INFO | my_functions.py:248 | [DEBUG] Buscando en paralelo: ['super_premium.PNG'] | timeout=0s | confidence=0.8
2026-05-27 13:04:33 | INFO | my_functions.py:282 | [DEBUG] Click skipped, ninguna de las imágenes se encontró en el intento.
2026-05-27 13:04:34 | INFO | my_functions.py:248 | [DEBUG] Buscando en paralelo: ['maybe_later.PNG'] | timeout=0s | confidence=0.8
2026-05-27 13:04:34 | INFO | my_functions.py:282 | [DEBUG] Click skipped, ninguna de las imágenes se encontró en el intento.
2026-05-27 13:04:35 | INFO | my_functions.py:248 | [DEBUG] Buscando en paralelo: ['maybe_later2.PNG'] | timeout=0s | confidence=0.8
2026-05-27 13:04:35 | INFO | my_functions.py:282 | [DEBUG] Click skipped, ninguna de las imágenes se encontró en el intento.
2026-05-27 13:04:36 | INFO | my_functions.py:170 | Searching go_to_shop.PNG (timeout=0s)
2026-05-27 13:04:36 | INFO | my_functions.py:214 | 
⛔ Not found: go_to_shop.PNG after 0.0s region=(0, 0, 765, 1038) confidence=0.8
2026-05-27 13:04:36 | INFO | my_functions.py:248 | [DEBUG] Buscando en paralelo: ['14_days_of_winterverse.PNG'] | timeout=0s | confidence=0.8
2026-05-27 13:04:36 | INFO | my_functions.py:282 | [DEBUG] Click skipped, ninguna de las imágenes se encontró en el intento.
2026-05-27 13:04:38 | INFO | my_functions.py:170 | Searching welcome_back_calendar.PNG (timeout=0s)
2026-05-27 13:04:38 | INFO | my_functions.py:214 | 
⛔ Not found: welcome_back_calendar.PNG after 0.14s region=(0, 0, 765, 1038) confidence=0.8
2026-05-27 13:04:38 | INFO | my_functions.py:248 | [DEBUG] Buscando en paralelo: ['start_the_countdown.PNG'] | timeout=0s | confidence=0.8
2026-05-27 13:04:38 | INFO | my_functions.py:282 | [DEBUG] Click skipped, ninguna de las imágenes se encontró en el intento.
2026-05-27 13:04:39 | INFO | my_functions.py:248 | [DEBUG] Buscando en paralelo: ['event_has_ended_sanctum.PNG'] | timeout=0s | confidence=0.8
2026-05-27 13:04:39 | INFO | my_functions.py:282 | [DEBUG] Click skipped, ninguna de las imágenes se encontró en el intento.
2026-05-27 13:04:40 | INFO | my_functions.py:248 | [DEBUG] Buscando en paralelo: ['image_part_of_event_grand_arena_finished.PNG'] | timeout=0s | confidence=0.8
2026-05-27 13:04:41 | INFO | my_functions.py:282 | [DEBUG] Click skipped, ninguna de las imágenes se encontró en el intento.
2026-05-27 13:04:42 | INFO | my_functions.py:170 | Searching 28_day_event_login_rewards.PNG (timeout=0s)
2026-05-27 13:04:42 | INFO | my_functions.py:214 | 
⛔ Not found: 28_day_event_login_rewards.PNG after 0.0s region=(0, 0, 765, 1038) confidence=0.8
2026-05-27 13:04:42 | INFO | my_functions.py:170 | Searching 7_day_event_login.PNG (timeout=0s)
2026-05-27 13:04:42 | INFO | my_functions.py:214 | 
⛔ Not found: 7_day_event_login.PNG after 0.0s region=(0, 0, 765, 1038) confidence=0.8
2026-05-27 13:04:42 | INFO | my_functions.py:170 | Searching 14_days_event.PNG (timeout=0s)
2026-05-27 13:04:42 | INFO | my_functions.py:214 | 
⛔ Not found: 14_days_event.PNG after 0.0s region=(0, 0, 765, 1038) confidence=0.8
2026-05-27 13:04:42 | INFO | my_functions.py:248 | [DEBUG] Buscando en paralelo: ['lets_go.PNG'] | timeout=0s | confidence=0.8
2026-05-27 13:04:42 | INFO | my_functions.py:282 | [DEBUG] Click skipped, ninguna de las imágenes se encontró en el intento.
2026-05-27 13:04:44 | INFO | my_functions.py:170 | Searching shop_unselected.PNG (timeout=0s)
2026-05-27 13:04:45 | INFO | my_functions.py:214 | 
⛔ Not found: shop_unselected.PNG after 0.0s region=(0, 0, 765, 1038) confidence=0.8
2026-05-27 13:04:45 | INFO | my_functions.py:248 | [DEBUG] Buscando en paralelo: ['super_premium.PNG'] | timeout=0s | confidence=0.8
2026-05-27 13:04:45 | INFO | my_functions.py:282 | [DEBUG] Click skipped, ninguna de las imágenes se encontró en el intento.
2026-05-27 13:04:46 | INFO | my_functions.py:248 | [DEBUG] Buscando en paralelo: ['maybe_later.PNG'] | timeout=0s | confidence=0.8
2026-05-27 13:04:46 | INFO | my_functions.py:282 | [DEBUG] Click skipped, ninguna de las imágenes se encontró en el intento.
2026-05-27 13:04:47 | INFO | my_functions.py:248 | [DEBUG] Buscando en paralelo: ['maybe_later2.PNG'] | timeout=0s | confidence=0.8
2026-05-27 13:04:47 | INFO | my_functions.py:282 | [DEBUG] Click skipped, ninguna de las imágenes se encontró en el intento.
2026-05-27 13:04:48 | INFO | my_functions.py:170 | Searching go_to_shop.PNG (timeout=0s)
2026-05-27 13:04:49 | INFO | my_functions.py:214 | 
⛔ Not found: go_to_shop.PNG after 0.16s region=(0, 0, 765, 1038) confidence=0.8
2026-05-27 13:04:49 | INFO | my_functions.py:248 | [DEBUG] Buscando en paralelo: ['14_days_of_winterverse.PNG'] | timeout=0s | confidence=0.8
2026-05-27 13:04:49 | INFO | my_functions.py:282 | [DEBUG] Click skipped, ninguna de las imágenes se encontró en el intento.
2026-05-27 13:04:50 | INFO | my_functions.py:170 | Searching welcome_back_calendar.PNG (timeout=0s)
2026-05-27 13:04:50 | INFO | my_functions.py:214 | 
⛔ Not found: welcome_back_calendar.PNG after 0.14s region=(0, 0, 765, 1038) confidence=0.8
2026-05-27 13:04:50 | INFO | my_functions.py:248 | [DEBUG] Buscando en paralelo: ['start_the_countdown.PNG'] | timeout=0s | confidence=0.8
2026-05-27 13:04:50 | INFO | my_functions.py:282 | [DEBUG] Click skipped, ninguna de las imágenes se encontró en el intento.
2026-05-27 13:04:51 | INFO | my_functions.py:248 | [DEBUG] Buscando en paralelo: ['event_has_ended_sanctum.PNG'] | timeout=0s | confidence=0.8
2026-05-27 13:04:52 | INFO | my_functions.py:282 | [DEBUG] Click skipped, ninguna de las imágenes se encontró en el intento.
2026-05-27 13:04:53 | INFO | my_functions.py:248 | [DEBUG] Buscando en paralelo: ['image_part_of_event_grand_arena_finished.PNG'] | timeout=0s | confidence=0.8
2026-05-27 13:04:53 | INFO | my_functions.py:282 | [DEBUG] Click skipped, ninguna de las imágenes se encontró en el intento.
2026-05-27 13:04:54 | INFO | my_functions.py:170 | Searching 28_day_event_login_rewards.PNG (timeout=0s)
2026-05-27 13:04:54 | INFO | my_functions.py:214 | 
⛔ Not found: 28_day_event_login_rewards.PNG after 0.0s region=(0, 0, 765, 1038) confidence=0.8
2026-05-27 13:04:54 | INFO | my_functions.py:170 | Searching 7_day_event_login.PNG (timeout=0s)
2026-05-27 13:04:54 | INFO | my_functions.py:214 | 
⛔ Not found: 7_day_event_login.PNG after 0.0s region=(0, 0, 765, 1038) confidence=0.8
2026-05-27 13:04:54 | INFO | my_functions.py:170 | Searching 14_days_event.PNG (timeout=0s)
2026-05-27 13:04:54 | INFO | my_functions.py:214 | 
⛔ Not found: 14_days_event.PNG after 0.0s region=(0, 0, 765, 1038) confidence=0.8
2026-05-27 13:04:54 | INFO | my_functions.py:248 | [DEBUG] Buscando en paralelo: ['lets_go.PNG'] | timeout=0s | confidence=0.8
2026-05-27 13:04:55 | INFO | my_functions.py:282 | [DEBUG] Click skipped, ninguna de las imágenes se encontró en el intento.
2026-05-27 13:04:59 | ERROR | each_eight_hours.py:366 | Unhandled exception occurred
Traceback (most recent call last):
  File "Z:\SHARED FILES VM\MS\each_eight_hours.py", line 152, in <module>
    submissions = count_available_submissions()
                  ^^^^^^^^^^^^^^^^^^^^^^^^^^^^^
  File "Z:\SHARED FILES VM\MS\my_functions.py", line 323, in count_available_submissions
    with open(file_path, 'r', encoding='utf-8-sig') as f:
         ^^^^^^^^^^^^^^^^^^^^^^^^^^^^^^^^^^^^^^^^^^
FileNotFoundError: [Errno 2] No such file or directory: 'C:\\Users\\Farm\\AppData\\LocalLow\\Second Dinner\\SNAP\\Standalone\\States\\nvprod\\MissionState.json'
