2026-07-12 13:46:33 | INFO | exp_farm_conquest sin saber cuanta exp vamos.py:56 | LOG FILE PATH: \\vmware-host\Shared Folders\SHARED FILES VM\MS\logs\exp_farm_conquest sin saber cuanta exp vamos_2026-07-12_13-46-33.log
2026-07-12 13:46:33 | INFO | exp_farm_conquest sin saber cuanta exp vamos.py:57 | Logger initialized
2026-07-12 13:46:33 | INFO | exp_farm_conquest sin saber cuanta exp vamos.py:84 | TEST LOG INITIALIZATION
2026-07-12 13:46:33 | INFO | exp_farm_conquest sin saber cuanta exp vamos.py:85 | Logger test executed
2026-07-12 13:46:34 | INFO | exp_farm_conquest sin saber cuanta exp vamos.py:110 | snap.exe terminated if it was running
2026-07-12 13:46:34 | INFO | my_functions.py:1545 | ⏱ Esperando 0.1 segundos antes de empezar...
2026-07-12 13:46:34 | INFO | my_functions.py:1552 | 🔍 Esperando ventana que contenga alguna de: ['exp_farm_conquest'] (máx 20s)
2026-07-12 13:46:54 | INFO | my_functions.py:1570 | ❌ No se encontró ninguna ventana con '['exp_farm_conquest']' tras 20s
2026-07-12 13:46:54 | INFO | my_functions.py:56 | ⏳ Esperando WebSocket de OBS...
2026-07-12 13:46:54 | INFO | baseclient.py:33 | Connecting with parameters: host='localhost' port=4455 password='' subs=0 timeout=None
2026-07-12 13:46:54 | INFO | reqs.py:23 | Successfully identified ReqClient with the server using RPC version:1
2026-07-12 13:46:54 | INFO | my_functions.py:62 | ✅ Conectado al OBS WebSocket
2026-07-12 13:46:54 | INFO | my_functions.py:87 | 🎬 Grabación iniciada
2026-07-12 13:46:55 | INFO | exp_farm_conquest sin saber cuanta exp vamos.py:120 | Steam launch command sent
2026-07-12 13:46:55 | INFO | my_functions.py:1545 | ⏱ Esperando 10 segundos antes de empezar...
2026-07-12 13:47:05 | INFO | my_functions.py:1552 | 🔍 Esperando ventana que contenga alguna de: ['SNAP'] (máx 20s)
2026-07-12 13:47:05 | INFO | my_functions.py:1564 | ✅ Ventana encontrada: 'SNAP'
2026-07-12 13:47:05 | INFO | my_functions.py:1579 | ✅ Ventana seleccionada: 'SNAP'
2026-07-12 13:47:07 | INFO | my_functions.py:1602 | 🔁 Reajuste #1...
2026-07-12 13:47:07 | INFO | my_functions.py:1609 | ✔ Verificación completa. Se hicieron 1 reajustes.
2026-07-12 13:47:07 | INFO | my_functions.py:1206 | [DEBUG] Resizing SNAP window...
2026-07-12 13:47:07 | INFO | my_functions.py:1545 | ⏱ Esperando 0.1 segundos antes de empezar...
2026-07-12 13:47:07 | INFO | my_functions.py:1552 | 🔍 Esperando ventana que contenga alguna de: ['SNAP'] (máx 20s)
2026-07-12 13:47:07 | INFO | my_functions.py:1564 | ✅ Ventana encontrada: 'SNAP'
2026-07-12 13:47:07 | INFO | my_functions.py:1579 | ✅ Ventana seleccionada: 'SNAP'
2026-07-12 13:47:15 | INFO | my_functions.py:1611 | ✔ Verificación completa. No hubo cambios después del primer ajuste.
2026-07-12 13:47:15 | INFO | my_functions.py:247 | [DEBUG] Buscando en paralelo: ['small_submit.PNG', 'small_submit_hover.png', 'submit_hover_2.png', 'small_submit_hover_2.png'] | timeout=90s | confidence=0.8
2026-07-12 13:47:16 | INFO | my_functions.py:134 | Haciendo click en la posición (380, 642)
2026-07-12 13:47:17 | INFO | my_functions.py:269 | 🖱️ Click OK (En paralelo): small_submit.PNG at (380, 642) delay=0.2s
2026-07-12 13:47:20 | INFO | my_functions.py:247 | [DEBUG] Buscando en paralelo: ['small_submit.PNG', 'small_submit_hover.png', 'submit_hover_2.png', 'small_submit_hover_2.png'] | timeout=20s | confidence=0.8
2026-07-12 13:47:21 | INFO | my_functions.py:134 | Haciendo click en la posición (380, 721)
2026-07-12 13:47:21 | INFO | my_functions.py:269 | 🖱️ Click OK (En paralelo): small_submit.PNG at (380, 721) delay=0.2s
2026-07-12 13:47:22 | INFO | my_functions.py:1545 | ⏱ Esperando 0.1 segundos antes de empezar...
2026-07-12 13:47:23 | INFO | my_functions.py:1552 | 🔍 Esperando ventana que contenga alguna de: ['SNAP'] (máx 20s)
2026-07-12 13:47:23 | INFO | my_functions.py:1564 | ✅ Ventana encontrada: 'SNAP'
2026-07-12 13:47:23 | INFO | my_functions.py:1579 | ✅ Ventana seleccionada: 'SNAP'
2026-07-12 13:47:26 | INFO | my_functions.py:1611 | ✔ Verificación completa. No hubo cambios después del primer ajuste.
2026-07-12 13:47:26 | INFO | my_functions.py:169 | Searching please_sign.png (timeout=0s)
2026-07-12 13:47:26 | INFO | my_functions.py:213 | 
⛔ Not found: please_sign.png after 0.0s region=(0, 0, 765, 1038) confidence=0.8
2026-07-12 13:47:26 | INFO | my_functions.py:247 | [DEBUG] Buscando en paralelo: ['sign_in_with_google2.PNG'] | timeout=20s | confidence=0.8
2026-07-12 13:47:27 | INFO | my_functions.py:134 | Haciendo click en la posición (406, 957)
2026-07-12 13:47:28 | INFO | my_functions.py:269 | 🖱️ Click OK (En paralelo): sign_in_with_google2.PNG at (406, 957) delay=1s
2026-07-12 13:47:29 | INFO | my_functions.py:169 | Searching pagina_cargada.png (timeout=60s)
2026-07-12 13:47:38 | INFO | my_functions.py:199 | 
✅ Found: pagina_cargada.png pos=(70, 24) time=8.74s confidence=0.8
2026-07-12 13:47:40 | INFO | my_functions.py:247 | [DEBUG] Buscando en paralelo: ['john.png'] | timeout=0s | confidence=0.8
2026-07-12 13:47:44 | INFO | my_functions.py:134 | Haciendo click en la posición (1143, 619)
2026-07-12 13:47:44 | INFO | my_functions.py:269 | 🖱️ Click OK (En paralelo): john.png at (1143, 619) delay=3s
2026-07-12 13:47:45 | INFO | my_functions.py:169 | Searching marvelsnap_web.png (timeout=30s)
2026-07-12 13:47:49 | INFO | my_functions.py:199 | 
✅ Found: marvelsnap_web.png pos=(258, 80) time=4.29s confidence=0.7
2026-07-12 13:47:50 | INFO | my_functions.py:169 | Searching shop_unselected.PNG (timeout=0s)
2026-07-12 13:47:50 | INFO | my_functions.py:213 | 
⛔ Not found: shop_unselected.PNG after 0.0s region=(0, 0, 765, 1038) confidence=0.8
2026-07-12 13:47:50 | INFO | my_functions.py:247 | [DEBUG] Buscando en paralelo: ['super_premium.PNG'] | timeout=0s | confidence=0.8
2026-07-12 13:47:51 | INFO | my_functions.py:281 | [DEBUG] Click skipped, ninguna de las imágenes se encontró en el intento.
2026-07-12 13:47:52 | INFO | my_functions.py:247 | [DEBUG] Buscando en paralelo: ['maybe_later.PNG'] | timeout=0s | confidence=0.8
2026-07-12 13:47:53 | INFO | my_functions.py:281 | [DEBUG] Click skipped, ninguna de las imágenes se encontró en el intento.
2026-07-12 13:47:54 | INFO | my_functions.py:247 | [DEBUG] Buscando en paralelo: ['maybe_later2.PNG'] | timeout=0s | confidence=0.8
2026-07-12 13:47:55 | INFO | my_functions.py:281 | [DEBUG] Click skipped, ninguna de las imágenes se encontró en el intento.
2026-07-12 13:47:56 | INFO | my_functions.py:169 | Searching go_to_shop.PNG (timeout=0s)
2026-07-12 13:47:56 | INFO | my_functions.py:213 | 
⛔ Not found: go_to_shop.PNG after 0.0s region=(0, 0, 765, 1038) confidence=0.8
2026-07-12 13:47:56 | INFO | my_functions.py:247 | [DEBUG] Buscando en paralelo: ['14_days_of_winterverse.PNG'] | timeout=0s | confidence=0.8
2026-07-12 13:47:57 | INFO | my_functions.py:281 | [DEBUG] Click skipped, ninguna de las imágenes se encontró en el intento.
2026-07-12 13:47:58 | INFO | my_functions.py:169 | Searching welcome_back_calendar.PNG (timeout=0s)
2026-07-12 13:47:58 | INFO | my_functions.py:213 | 
⛔ Not found: welcome_back_calendar.PNG after 0.0s region=(0, 0, 765, 1038) confidence=0.8
2026-07-12 13:47:58 | INFO | my_functions.py:247 | [DEBUG] Buscando en paralelo: ['start_the_countdown.PNG'] | timeout=0s | confidence=0.8
2026-07-12 13:47:59 | INFO | my_functions.py:281 | [DEBUG] Click skipped, ninguna de las imágenes se encontró en el intento.
2026-07-12 13:48:00 | INFO | my_functions.py:247 | [DEBUG] Buscando en paralelo: ['event_has_ended_sanctum.PNG'] | timeout=0s | confidence=0.8
2026-07-12 13:48:01 | INFO | my_functions.py:281 | [DEBUG] Click skipped, ninguna de las imágenes se encontró en el intento.
2026-07-12 13:48:02 | INFO | my_functions.py:247 | [DEBUG] Buscando en paralelo: ['event_has_ended_teamclash.PNG'] | timeout=0s | confidence=0.8
2026-07-12 13:48:02 | INFO | my_functions.py:281 | [DEBUG] Click skipped, ninguna de las imágenes se encontró en el intento.
2026-07-12 13:48:03 | INFO | my_functions.py:247 | [DEBUG] Buscando en paralelo: ['image_part_of_event_grand_arena_finished.PNG'] | timeout=0s | confidence=0.8
2026-07-12 13:48:04 | INFO | my_functions.py:281 | [DEBUG] Click skipped, ninguna de las imágenes se encontró en el intento.
2026-07-12 13:48:05 | INFO | my_functions.py:169 | Searching 28_day_event_login_rewards.PNG (timeout=0s)
2026-07-12 13:48:06 | INFO | my_functions.py:213 | 
⛔ Not found: 28_day_event_login_rewards.PNG after 0.0s region=(0, 0, 765, 1038) confidence=0.8
2026-07-12 13:48:06 | INFO | my_functions.py:169 | Searching 7_day_event_login.PNG (timeout=0s)
2026-07-12 13:48:07 | INFO | my_functions.py:213 | 
⛔ Not found: 7_day_event_login.PNG after 0.0s region=(0, 0, 765, 1038) confidence=0.8
2026-07-12 13:48:07 | INFO | my_functions.py:169 | Searching 14_days_event.PNG (timeout=0s)
2026-07-12 13:48:08 | INFO | my_functions.py:213 | 
⛔ Not found: 14_days_event.PNG after 0.01s region=(0, 0, 765, 1038) confidence=0.8
2026-07-12 13:48:08 | INFO | my_functions.py:247 | [DEBUG] Buscando en paralelo: ['lets_go.PNG'] | timeout=0s | confidence=0.8
2026-07-12 13:48:08 | INFO | my_functions.py:281 | [DEBUG] Click skipped, ninguna de las imágenes se encontró en el intento.
2026-07-12 13:48:10 | INFO | my_functions.py:169 | Searching shop_unselected.PNG (timeout=0s)
2026-07-12 13:48:11 | INFO | my_functions.py:199 | 
✅ Found: shop_unselected.PNG pos=(88, 961) time=1.15s confidence=0.8
2026-07-12 13:48:19 | INFO | my_functions.py:169 | Searching shop_unselected.PNG (timeout=0s)
2026-07-12 13:48:20 | INFO | my_functions.py:199 | 
✅ Found: shop_unselected.PNG pos=(88, 961) time=0.82s confidence=0.8
2026-07-12 13:48:20 | INFO | my_functions.py:714 | Ya esta listo
2026-07-12 13:48:20 | INFO | my_functions.py:169 | Searching play.PNG (timeout=0s)
2026-07-12 13:48:21 | INFO | my_functions.py:199 | 
✅ Found: play.PNG pos=(384, 824) time=0.76s confidence=0.8
2026-07-12 13:48:21 | INFO | my_functions.py:1440 | [INFO] Click realizado donde se equipa el deck a jugar
2026-07-12 13:48:25 | INFO | my_functions.py:247 | [DEBUG] Buscando en paralelo: ['deck_333.png'] | timeout=3s | confidence=0.8
2026-07-12 13:48:27 | INFO | my_functions.py:134 | Haciendo click en la posición (530, 546)
2026-07-12 13:48:27 | INFO | my_functions.py:269 | 🖱️ Click OK (En paralelo): deck_333.png at (530, 546) delay=1s
2026-07-12 13:48:28 | INFO | my_functions.py:247 | [DEBUG] Buscando en paralelo: ['equip.png'] | timeout=3s | confidence=0.95
2026-07-12 13:48:30 | INFO | my_functions.py:134 | Haciendo click en la posición (548, 983)
2026-07-12 13:48:31 | INFO | my_functions.py:269 | 🖱️ Click OK (En paralelo): equip.png at (548, 983) delay=1s
2026-07-12 13:48:32 | INFO | my_functions.py:247 | [DEBUG] Buscando en paralelo: ['maybe_later.PNG'] | timeout=2s | confidence=0.8
2026-07-12 13:48:34 | INFO | my_functions.py:281 | [DEBUG] Click skipped, ninguna de las imágenes se encontró en el intento.
2026-07-12 13:48:36 | INFO | my_functions.py:247 | [DEBUG] Buscando en paralelo: ['maybe_later2.PNG'] | timeout=0.01s | confidence=0.8
2026-07-12 13:48:37 | INFO | my_functions.py:281 | [DEBUG] Click skipped, ninguna de las imágenes se encontró en el intento.
2026-07-12 13:48:38 | INFO | exp_farm_conquest sin saber cuanta exp vamos.py:66 | Abriendo modo de juego Conquest...
2026-07-12 13:48:38 | INFO | my_functions.py:247 | [DEBUG] Buscando en paralelo: ['game_modes_unselected.PNG'] | timeout=3s | confidence=0.8
2026-07-12 13:48:41 | INFO | my_functions.py:281 | [DEBUG] Click skipped, ninguna de las imágenes se encontró en el intento.
2026-07-12 13:48:43 | INFO | my_functions.py:247 | [DEBUG] Buscando en paralelo: ['games_mode_selected.PNG'] | timeout=3s | confidence=0.8
2026-07-12 13:48:46 | INFO | my_functions.py:281 | [DEBUG] Click skipped, ninguna de las imágenes se encontró en el intento.
2026-07-12 13:48:47 | INFO | my_functions.py:247 | [DEBUG] Buscando en paralelo: ['conquest.PNG'] | timeout=3s | confidence=0.8
2026-07-12 13:48:50 | INFO | my_functions.py:281 | [DEBUG] Click skipped, ninguna de las imágenes se encontró en el intento.
2026-07-12 13:48:54 | INFO | exp_farm_conquest sin saber cuanta exp vamos.py:150 | Entrando al bucle de juego...
2026-07-12 13:48:54 | INFO | my_functions.py:247 | [DEBUG] Buscando en paralelo: ['enter.PNG'] | timeout=10s | confidence=0.8
2026-07-12 13:49:05 | INFO | my_functions.py:281 | [DEBUG] Click skipped, ninguna de las imágenes se encontró en el intento.
2026-07-12 13:49:06 | INFO | my_functions.py:142 | Presionando ESC (1/1)
2026-07-12 13:49:06 | INFO | my_functions.py:247 | [DEBUG] Buscando en paralelo: ['conquest.PNG'] | timeout=3s | confidence=0.8
2026-07-12 13:49:08 | INFO | my_functions.py:134 | Haciendo click en la posición (390, 569)
2026-07-12 13:49:09 | INFO | my_functions.py:269 | 🖱️ Click OK (En paralelo): conquest.PNG at (390, 569) delay=1s
2026-07-12 13:49:10 | INFO | my_functions.py:247 | [DEBUG] Buscando en paralelo: ['next_claim_ticket_3.PNG'] | timeout=15s | confidence=0.8
2026-07-12 13:49:25 | INFO | my_functions.py:281 | [DEBUG] Click skipped, ninguna de las imágenes se encontró en el intento.
2026-07-12 13:49:26 | INFO | my_functions.py:247 | [DEBUG] Buscando en paralelo: ['enter.PNG'] | timeout=10s | confidence=0.8
2026-07-12 13:49:28 | INFO | my_functions.py:134 | Haciendo click en la posición (383, 828)
2026-07-12 13:49:28 | INFO | my_functions.py:269 | 🖱️ Click OK (En paralelo): enter.PNG at (383, 828) delay=1s
2026-07-12 13:49:34 | INFO | my_functions.py:247 | [DEBUG] Buscando en paralelo: ['play_conquest.PNG'] | timeout=20s | confidence=0.8
2026-07-12 13:49:36 | INFO | my_functions.py:134 | Haciendo click en la posición (380, 825)
2026-07-12 13:49:36 | INFO | my_functions.py:269 | 🖱️ Click OK (En paralelo): play_conquest.PNG at (380, 825) delay=1s
2026-07-12 13:49:37 | INFO | my_functions.py:247 | [DEBUG] Buscando en paralelo: ['confirm_conquest.PNG'] | timeout=20s | confidence=0.8
2026-07-12 13:49:39 | INFO | my_functions.py:134 | Haciendo click en la posición (471, 719)
2026-07-12 13:49:39 | INFO | my_functions.py:269 | 🖱️ Click OK (En paralelo): confirm_conquest.PNG at (471, 719) delay=1s
2026-07-12 13:49:40 | INFO | my_functions.py:169 | Searching matchmaking_has_been_interrupted.png (timeout=0s)
2026-07-12 13:49:41 | INFO | my_functions.py:213 | 
⛔ Not found: matchmaking_has_been_interrupted.png after 0.0s region=(0, 0, 765, 1038) confidence=0.8
2026-07-12 13:49:41 | INFO | exp_farm_conquest sin saber cuanta exp vamos.py:179 | Entrando al bucle de juego...
2026-07-12 13:49:41 | INFO | my_functions.py:169 | Searching next_after_concede_conquest_2.PNG (timeout=0s)
2026-07-12 13:49:41 | INFO | my_functions.py:213 | 
⛔ Not found: next_after_concede_conquest_2.PNG after 0.0s region=(0, 0, 765, 1038) confidence=0.8
2026-07-12 13:49:41 | INFO | my_functions.py:169 | Searching battle_ready.PNG (timeout=0s)
2026-07-12 13:49:42 | INFO | my_functions.py:213 | 
⛔ Not found: battle_ready.PNG after 0.01s region=(0, 0, 765, 1038) confidence=0.8
2026-07-12 13:49:42 | INFO | my_functions.py:169 | Searching end_turn.PNG (timeout=0s)
2026-07-12 13:49:43 | INFO | my_functions.py:213 | 
⛔ Not found: end_turn.PNG after 0.0s region=(0, 0, 765, 1038) confidence=0.8
2026-07-12 13:49:43 | INFO | my_functions.py:169 | Searching playing3_6_2.png (timeout=0s)
2026-07-12 13:49:44 | INFO | my_functions.py:213 | 
⛔ Not found: playing3_6_2.png after 0.0s region=(0, 0, 765, 1038) confidence=0.95
2026-07-12 13:49:44 | INFO | my_functions.py:169 | Searching you_have_encountered_an_error.png (timeout=0s)
2026-07-12 13:49:45 | INFO | my_functions.py:213 | 
⛔ Not found: you_have_encountered_an_error.png after 0.0s region=(0, 0, 765, 1038) confidence=0.8
2026-07-12 13:49:45 | INFO | my_functions.py:169 | Searching aw_snap_only.png (timeout=0s)
2026-07-12 13:49:45 | INFO | my_functions.py:213 | 
⛔ Not found: aw_snap_only.png after 0.01s region=(0, 0, 765, 1038) confidence=0.8
2026-07-12 13:49:45 | INFO | my_functions.py:169 | Searching battle_victory_conquest.PNG (timeout=0s)
2026-07-12 13:49:46 | INFO | my_functions.py:213 | 
⛔ Not found: battle_victory_conquest.PNG after 0.01s region=(0, 0, 765, 1038) confidence=0.8
2026-07-12 13:49:46 | INFO | my_functions.py:247 | [DEBUG] Buscando en paralelo: ['next_conquest.PNG'] | timeout=20s | confidence=0.8
2026-07-12 13:50:06 | INFO | my_functions.py:281 | [DEBUG] Click skipped, ninguna de las imágenes se encontró en el intento.
2026-07-12 13:50:07 | INFO | my_functions.py:169 | Searching next_after_concede_conquest_2.PNG (timeout=0s)
2026-07-12 13:50:08 | INFO | my_functions.py:213 | 
⛔ Not found: next_after_concede_conquest_2.PNG after 0.0s region=(0, 0, 765, 1038) confidence=0.8
2026-07-12 13:50:08 | INFO | my_functions.py:169 | Searching battle_ready.PNG (timeout=0s)
2026-07-12 13:50:09 | INFO | my_functions.py:213 | 
⛔ Not found: battle_ready.PNG after 0.0s region=(0, 0, 765, 1038) confidence=0.8
2026-07-12 13:50:09 | INFO | my_functions.py:169 | Searching end_turn.PNG (timeout=0s)
2026-07-12 13:50:10 | INFO | my_functions.py:213 | 
⛔ Not found: end_turn.PNG after 0.0s region=(0, 0, 765, 1038) confidence=0.8
2026-07-12 13:50:10 | INFO | my_functions.py:169 | Searching playing3_6_2.png (timeout=0s)
2026-07-12 13:50:11 | INFO | my_functions.py:213 | 
⛔ Not found: playing3_6_2.png after 0.0s region=(0, 0, 765, 1038) confidence=0.95
2026-07-12 13:50:11 | INFO | my_functions.py:169 | Searching you_have_encountered_an_error.png (timeout=0s)
2026-07-12 13:50:11 | INFO | my_functions.py:213 | 
⛔ Not found: you_have_encountered_an_error.png after 0.0s region=(0, 0, 765, 1038) confidence=0.8
2026-07-12 13:50:11 | INFO | my_functions.py:169 | Searching aw_snap_only.png (timeout=0s)
2026-07-12 13:50:12 | INFO | my_functions.py:213 | 
⛔ Not found: aw_snap_only.png after 0.0s region=(0, 0, 765, 1038) confidence=0.8
2026-07-12 13:50:12 | INFO | my_functions.py:169 | Searching battle_victory_conquest.PNG (timeout=0s)
2026-07-12 13:50:12 | INFO | my_functions.py:213 | 
⛔ Not found: battle_victory_conquest.PNG after 0.01s region=(0, 0, 765, 1038) confidence=0.8
2026-07-12 13:50:12 | INFO | my_functions.py:247 | [DEBUG] Buscando en paralelo: ['next_conquest.PNG'] | timeout=20s | confidence=0.8
2026-07-12 13:50:32 | INFO | my_functions.py:281 | [DEBUG] Click skipped, ninguna de las imágenes se encontró en el intento.
2026-07-12 13:50:34 | INFO | my_functions.py:169 | Searching next_after_concede_conquest_2.PNG (timeout=0s)
2026-07-12 13:50:35 | INFO | my_functions.py:213 | 
⛔ Not found: next_after_concede_conquest_2.PNG after 0.0s region=(0, 0, 765, 1038) confidence=0.8
2026-07-12 13:50:35 | INFO | my_functions.py:169 | Searching battle_ready.PNG (timeout=0s)
2026-07-12 13:50:35 | INFO | my_functions.py:213 | 
⛔ Not found: battle_ready.PNG after 0.0s region=(0, 0, 765, 1038) confidence=0.8
2026-07-12 13:50:35 | INFO | my_functions.py:169 | Searching end_turn.PNG (timeout=0s)
2026-07-12 13:50:36 | INFO | my_functions.py:213 | 
⛔ Not found: end_turn.PNG after 0.0s region=(0, 0, 765, 1038) confidence=0.8
2026-07-12 13:50:36 | INFO | my_functions.py:169 | Searching playing3_6_2.png (timeout=0s)
2026-07-12 13:50:37 | INFO | my_functions.py:213 | 
⛔ Not found: playing3_6_2.png after 0.0s region=(0, 0, 765, 1038) confidence=0.95
2026-07-12 13:50:37 | INFO | my_functions.py:169 | Searching you_have_encountered_an_error.png (timeout=0s)
2026-07-12 13:50:37 | INFO | my_functions.py:213 | 
⛔ Not found: you_have_encountered_an_error.png after 0.0s region=(0, 0, 765, 1038) confidence=0.8
2026-07-12 13:50:37 | INFO | my_functions.py:169 | Searching aw_snap_only.png (timeout=0s)
2026-07-12 13:50:38 | INFO | my_functions.py:213 | 
⛔ Not found: aw_snap_only.png after 0.0s region=(0, 0, 765, 1038) confidence=0.8
2026-07-12 13:50:38 | INFO | my_functions.py:169 | Searching battle_victory_conquest.PNG (timeout=0s)
2026-07-12 13:50:38 | INFO | my_functions.py:213 | 
⛔ Not found: battle_victory_conquest.PNG after 0.0s region=(0, 0, 765, 1038) confidence=0.8
2026-07-12 13:50:38 | INFO | my_functions.py:247 | [DEBUG] Buscando en paralelo: ['next_conquest.PNG'] | timeout=20s | confidence=0.8
2026-07-12 13:50:59 | INFO | my_functions.py:281 | [DEBUG] Click skipped, ninguna de las imágenes se encontró en el intento.
2026-07-12 13:51:00 | INFO | my_functions.py:169 | Searching next_after_concede_conquest_2.PNG (timeout=0s)
2026-07-12 13:51:01 | INFO | my_functions.py:213 | 
⛔ Not found: next_after_concede_conquest_2.PNG after 0.0s region=(0, 0, 765, 1038) confidence=0.8
2026-07-12 13:51:01 | INFO | my_functions.py:169 | Searching battle_ready.PNG (timeout=0s)
2026-07-12 13:51:02 | INFO | my_functions.py:213 | 
⛔ Not found: battle_ready.PNG after 0.0s region=(0, 0, 765, 1038) confidence=0.8
2026-07-12 13:51:02 | INFO | my_functions.py:169 | Searching end_turn.PNG (timeout=0s)
2026-07-12 13:51:03 | INFO | my_functions.py:199 | 
✅ Found: end_turn.PNG pos=(682, 945) time=0.65s confidence=0.8
2026-07-12 13:51:08 | INFO | my_functions.py:169 | Searching flechas.png (timeout=0s)
2026-07-12 13:51:09 | INFO | my_functions.py:213 | 
⛔ Not found: flechas.png after 0.0s region=(0, 0, 765, 1038) confidence=0.8
2026-07-12 13:51:09 | INFO | my_functions.py:169 | Searching you_have_encountered_an_error.png (timeout=0s)
2026-07-12 13:51:09 | INFO | my_functions.py:213 | 
⛔ Not found: you_have_encountered_an_error.png after 0.0s region=(0, 0, 765, 1038) confidence=0.8
2026-07-12 13:51:09 | INFO | my_functions.py:169 | Searching aw_snap_only.png (timeout=0s)
2026-07-12 13:51:11 | INFO | my_functions.py:213 | 
⛔ Not found: aw_snap_only.png after 0.58s region=(0, 0, 765, 1038) confidence=0.8
2026-07-12 13:51:11 | INFO | my_functions.py:169 | Searching battle_victory_conquest.PNG (timeout=0s)
2026-07-12 13:51:11 | INFO | my_functions.py:213 | 
⛔ Not found: battle_victory_conquest.PNG after 0.0s region=(0, 0, 765, 1038) confidence=0.8
2026-07-12 13:51:11 | INFO | my_functions.py:247 | [DEBUG] Buscando en paralelo: ['next_conquest.PNG'] | timeout=20s | confidence=0.8
2026-07-12 13:51:32 | INFO | my_functions.py:281 | [DEBUG] Click skipped, ninguna de las imágenes se encontró en el intento.
2026-07-12 13:51:34 | INFO | my_functions.py:169 | Searching next_after_concede_conquest_2.PNG (timeout=0s)
2026-07-12 13:51:34 | INFO | my_functions.py:213 | 
⛔ Not found: next_after_concede_conquest_2.PNG after 0.0s region=(0, 0, 765, 1038) confidence=0.8
2026-07-12 13:51:34 | INFO | my_functions.py:169 | Searching battle_ready.PNG (timeout=0s)
2026-07-12 13:51:35 | INFO | my_functions.py:213 | 
⛔ Not found: battle_ready.PNG after 0.0s region=(0, 0, 765, 1038) confidence=0.8
2026-07-12 13:51:35 | INFO | my_functions.py:169 | Searching end_turn.PNG (timeout=0s)
2026-07-12 13:51:36 | INFO | my_functions.py:199 | 
✅ Found: end_turn.PNG pos=(682, 946) time=0.68s confidence=0.8
2026-07-12 13:51:41 | INFO | my_functions.py:169 | Searching flechas.png (timeout=0s)
2026-07-12 13:51:42 | INFO | my_functions.py:213 | 
⛔ Not found: flechas.png after 0.0s region=(0, 0, 765, 1038) confidence=0.8
2026-07-12 13:51:42 | INFO | my_functions.py:169 | Searching you_have_encountered_an_error.png (timeout=0s)
2026-07-12 13:51:43 | INFO | my_functions.py:213 | 
⛔ Not found: you_have_encountered_an_error.png after 0.0s region=(0, 0, 765, 1038) confidence=0.8
2026-07-12 13:51:43 | INFO | my_functions.py:169 | Searching aw_snap_only.png (timeout=0s)
2026-07-12 13:51:43 | INFO | my_functions.py:213 | 
⛔ Not found: aw_snap_only.png after 0.0s region=(0, 0, 765, 1038) confidence=0.8
2026-07-12 13:51:43 | INFO | my_functions.py:169 | Searching battle_victory_conquest.PNG (timeout=0s)
2026-07-12 13:51:44 | INFO | my_functions.py:213 | 
⛔ Not found: battle_victory_conquest.PNG after 0.01s region=(0, 0, 765, 1038) confidence=0.8
2026-07-12 13:51:44 | INFO | my_functions.py:247 | [DEBUG] Buscando en paralelo: ['next_conquest.PNG'] | timeout=20s | confidence=0.8
2026-07-12 13:52:04 | INFO | my_functions.py:281 | [DEBUG] Click skipped, ninguna de las imágenes se encontró en el intento.
2026-07-12 13:52:05 | INFO | my_functions.py:169 | Searching next_after_concede_conquest_2.PNG (timeout=0s)
2026-07-12 13:52:06 | INFO | my_functions.py:213 | 
⛔ Not found: next_after_concede_conquest_2.PNG after 0.0s region=(0, 0, 765, 1038) confidence=0.8
2026-07-12 13:52:06 | INFO | my_functions.py:169 | Searching battle_ready.PNG (timeout=0s)
2026-07-12 13:52:07 | INFO | my_functions.py:213 | 
⛔ Not found: battle_ready.PNG after 0.0s region=(0, 0, 765, 1038) confidence=0.8
2026-07-12 13:52:07 | INFO | my_functions.py:169 | Searching end_turn.PNG (timeout=0s)
2026-07-12 13:52:08 | INFO | my_functions.py:199 | 
✅ Found: end_turn.PNG pos=(682, 946) time=0.66s confidence=0.8
2026-07-12 13:52:13 | INFO | my_functions.py:169 | Searching flechas.png (timeout=0s)
2026-07-12 13:52:14 | INFO | my_functions.py:213 | 
⛔ Not found: flechas.png after 0.0s region=(0, 0, 765, 1038) confidence=0.8
2026-07-12 13:52:14 | INFO | my_functions.py:169 | Searching you_have_encountered_an_error.png (timeout=0s)
2026-07-12 13:52:14 | INFO | my_functions.py:213 | 
⛔ Not found: you_have_encountered_an_error.png after 0.0s region=(0, 0, 765, 1038) confidence=0.8
2026-07-12 13:52:14 | INFO | my_functions.py:169 | Searching aw_snap_only.png (timeout=0s)
2026-07-12 13:52:15 | INFO | my_functions.py:213 | 
⛔ Not found: aw_snap_only.png after 0.0s region=(0, 0, 765, 1038) confidence=0.8
2026-07-12 13:52:15 | INFO | my_functions.py:169 | Searching battle_victory_conquest.PNG (timeout=0s)
2026-07-12 13:52:15 | INFO | my_functions.py:213 | 
⛔ Not found: battle_victory_conquest.PNG after 0.0s region=(0, 0, 765, 1038) confidence=0.8
2026-07-12 13:52:15 | INFO | my_functions.py:247 | [DEBUG] Buscando en paralelo: ['next_conquest.PNG'] | timeout=20s | confidence=0.8
2026-07-12 13:52:35 | INFO | my_functions.py:281 | [DEBUG] Click skipped, ninguna de las imágenes se encontró en el intento.
2026-07-12 13:52:37 | INFO | my_functions.py:169 | Searching next_after_concede_conquest_2.PNG (timeout=0s)
2026-07-12 13:52:38 | INFO | my_functions.py:213 | 
⛔ Not found: next_after_concede_conquest_2.PNG after 0.0s region=(0, 0, 765, 1038) confidence=0.8
2026-07-12 13:52:38 | INFO | my_functions.py:169 | Searching battle_ready.PNG (timeout=0s)
2026-07-12 13:52:39 | INFO | my_functions.py:213 | 
⛔ Not found: battle_ready.PNG after 0.0s region=(0, 0, 765, 1038) confidence=0.8
2026-07-12 13:52:39 | INFO | my_functions.py:169 | Searching end_turn.PNG (timeout=0s)
2026-07-12 13:52:39 | INFO | my_functions.py:213 | 
⛔ Not found: end_turn.PNG after 0.0s region=(0, 0, 765, 1038) confidence=0.8
2026-07-12 13:52:39 | INFO | my_functions.py:169 | Searching playing3_6_2.png (timeout=0s)
2026-07-12 13:52:40 | INFO | my_functions.py:213 | 
⛔ Not found: playing3_6_2.png after 0.0s region=(0, 0, 765, 1038) confidence=0.95
2026-07-12 13:52:40 | INFO | my_functions.py:169 | Searching you_have_encountered_an_error.png (timeout=0s)
2026-07-12 13:52:41 | INFO | my_functions.py:213 | 
⛔ Not found: you_have_encountered_an_error.png after 0.0s region=(0, 0, 765, 1038) confidence=0.8
2026-07-12 13:52:41 | INFO | my_functions.py:169 | Searching aw_snap_only.png (timeout=0s)
2026-07-12 13:52:41 | INFO | my_functions.py:213 | 
⛔ Not found: aw_snap_only.png after 0.0s region=(0, 0, 765, 1038) confidence=0.8
2026-07-12 13:52:41 | INFO | my_functions.py:169 | Searching battle_victory_conquest.PNG (timeout=0s)
2026-07-12 13:52:42 | INFO | my_functions.py:213 | 
⛔ Not found: battle_victory_conquest.PNG after 0.0s region=(0, 0, 765, 1038) confidence=0.8
2026-07-12 13:52:42 | INFO | my_functions.py:247 | [DEBUG] Buscando en paralelo: ['next_conquest.PNG'] | timeout=20s | confidence=0.8
2026-07-12 13:53:02 | INFO | my_functions.py:281 | [DEBUG] Click skipped, ninguna de las imágenes se encontró en el intento.
2026-07-12 13:53:04 | INFO | my_functions.py:169 | Searching next_after_concede_conquest_2.PNG (timeout=0s)
2026-07-12 13:53:05 | INFO | my_functions.py:199 | 
✅ Found: next_after_concede_conquest_2.PNG pos=(680, 959) time=0.88s confidence=0.8
2026-07-12 13:53:05 | INFO | exp_farm_conquest sin saber cuanta exp vamos.py:193 | Fin de la partida. Mostrando resultados.
2026-07-12 13:53:05 | INFO | my_functions.py:247 | [DEBUG] Buscando en paralelo: ['next_after_concede_conquest_2.PNG'] | timeout=20s | confidence=0.8
2026-07-12 13:53:07 | INFO | my_functions.py:134 | Haciendo click en la posición (680, 959)
2026-07-12 13:53:07 | INFO | my_functions.py:269 | 🖱️ Click OK (En paralelo): next_after_concede_conquest_2.PNG at (680, 959) delay=1s
2026-07-12 13:53:08 | INFO | my_functions.py:169 | Searching battle_victory_conquest.PNG (timeout=3s)
2026-07-12 13:53:09 | INFO | my_functions.py:199 | 
✅ Found: battle_victory_conquest.PNG pos=(382, 249) time=0.48s confidence=0.8
2026-07-12 13:53:09 | INFO | exp_farm_conquest sin saber cuanta exp vamos.py:199 | ¡Victoria detectada! Reclamando recompensas...
2026-07-12 13:53:09 | INFO | my_functions.py:247 | [DEBUG] Buscando en paralelo: ['next_conquest.PNG'] | timeout=20s | confidence=0.8
2026-07-12 13:53:11 | INFO | my_functions.py:134 | Haciendo click en la posición (678, 973)
2026-07-12 13:53:11 | INFO | my_functions.py:269 | 🖱️ Click OK (En paralelo): next_conquest.PNG at (678, 973) delay=1s
2026-07-12 13:53:13 | INFO | my_functions.py:247 | [DEBUG] Buscando en paralelo: ['next_conquest.PNG'] | timeout=20s | confidence=0.8
2026-07-12 13:53:14 | INFO | my_functions.py:134 | Haciendo click en la posición (679, 973)
2026-07-12 13:53:14 | INFO | my_functions.py:269 | 🖱️ Click OK (En paralelo): next_conquest.PNG at (679, 973) delay=1s
2026-07-12 13:53:16 | INFO | my_functions.py:247 | [DEBUG] Buscando en paralelo: ['next_claim_ticket_3.PNG'] | timeout=25s | confidence=0.8
