2026-07-04 09:33:11 | INFO | exp_farm_conquest sin saber cuanta exp vamos.py:56 | LOG FILE PATH: \\vmware-host\Shared Folders\SHARED FILES VM\MS\logs\exp_farm_conquest sin saber cuanta exp vamos_2026-07-04_09-33-11.log
2026-07-04 09:33:11 | INFO | exp_farm_conquest sin saber cuanta exp vamos.py:57 | Logger initialized
2026-07-04 09:33:11 | INFO | exp_farm_conquest sin saber cuanta exp vamos.py:84 | TEST LOG INITIALIZATION
2026-07-04 09:33:11 | INFO | exp_farm_conquest sin saber cuanta exp vamos.py:85 | Logger test executed
2026-07-04 09:33:11 | INFO | exp_farm_conquest sin saber cuanta exp vamos.py:110 | snap.exe terminated if it was running
2026-07-04 09:33:11 | INFO | my_functions.py:1545 | ⏱ Esperando 0.1 segundos antes de empezar...
2026-07-04 09:33:11 | INFO | my_functions.py:1552 | 🔍 Esperando ventana que contenga alguna de: ['exp_farm_conquest'] (máx 20s)
2026-07-04 09:33:31 | INFO | my_functions.py:1570 | ❌ No se encontró ninguna ventana con '['exp_farm_conquest']' tras 20s
2026-07-04 09:33:32 | INFO | my_functions.py:56 | ⏳ Esperando WebSocket de OBS...
2026-07-04 09:33:32 | INFO | baseclient.py:33 | Connecting with parameters: host='localhost' port=4455 password='' subs=0 timeout=None
2026-07-04 09:33:32 | INFO | reqs.py:23 | Successfully identified ReqClient with the server using RPC version:1
2026-07-04 09:33:32 | INFO | my_functions.py:62 | ✅ Conectado al OBS WebSocket
2026-07-04 09:33:32 | INFO | my_functions.py:87 | 🎬 Grabación iniciada
2026-07-04 09:33:32 | INFO | exp_farm_conquest sin saber cuanta exp vamos.py:120 | Steam launch command sent
2026-07-04 09:33:32 | INFO | my_functions.py:1545 | ⏱ Esperando 10 segundos antes de empezar...
2026-07-04 09:33:42 | INFO | my_functions.py:1552 | 🔍 Esperando ventana que contenga alguna de: ['SNAP'] (máx 20s)
2026-07-04 09:33:42 | INFO | my_functions.py:1564 | ✅ Ventana encontrada: 'SNAP'
2026-07-04 09:33:42 | INFO | my_functions.py:1579 | ✅ Ventana seleccionada: 'SNAP'
2026-07-04 09:33:44 | INFO | my_functions.py:1602 | 🔁 Reajuste #1...
2026-07-04 09:33:44 | INFO | my_functions.py:1609 | ✔ Verificación completa. Se hicieron 1 reajustes.
2026-07-04 09:33:45 | INFO | my_functions.py:1206 | [DEBUG] Resizing SNAP window...
2026-07-04 09:33:45 | INFO | my_functions.py:1545 | ⏱ Esperando 0.1 segundos antes de empezar...
2026-07-04 09:33:45 | INFO | my_functions.py:1552 | 🔍 Esperando ventana que contenga alguna de: ['SNAP'] (máx 20s)
2026-07-04 09:33:45 | INFO | my_functions.py:1564 | ✅ Ventana encontrada: 'SNAP'
2026-07-04 09:33:45 | INFO | my_functions.py:1579 | ✅ Ventana seleccionada: 'SNAP'
2026-07-04 09:33:52 | INFO | my_functions.py:1611 | ✔ Verificación completa. No hubo cambios después del primer ajuste.
2026-07-04 09:33:52 | INFO | my_functions.py:247 | [DEBUG] Buscando en paralelo: ['small_submit.PNG', 'small_submit_hover.png', 'submit_hover_2.png', 'small_submit_hover_2.png'] | timeout=90s | confidence=0.8
2026-07-04 09:33:54 | INFO | my_functions.py:134 | Haciendo click en la posición (380, 642)
2026-07-04 09:33:54 | INFO | my_functions.py:269 | 🖱️ Click OK (En paralelo): small_submit.PNG at (380, 642) delay=0.2s
2026-07-04 09:33:57 | INFO | my_functions.py:247 | [DEBUG] Buscando en paralelo: ['small_submit.PNG', 'small_submit_hover.png', 'submit_hover_2.png', 'small_submit_hover_2.png'] | timeout=20s | confidence=0.8
2026-07-04 09:33:58 | INFO | my_functions.py:134 | Haciendo click en la posición (380, 721)
2026-07-04 09:33:59 | INFO | my_functions.py:269 | 🖱️ Click OK (En paralelo): small_submit.PNG at (380, 721) delay=0.2s
2026-07-04 09:34:00 | INFO | my_functions.py:1545 | ⏱ Esperando 0.1 segundos antes de empezar...
2026-07-04 09:34:00 | INFO | my_functions.py:1552 | 🔍 Esperando ventana que contenga alguna de: ['SNAP'] (máx 20s)
2026-07-04 09:34:00 | INFO | my_functions.py:1564 | ✅ Ventana encontrada: 'SNAP'
2026-07-04 09:34:00 | INFO | my_functions.py:1579 | ✅ Ventana seleccionada: 'SNAP'
2026-07-04 09:34:02 | INFO | my_functions.py:1602 | 🔁 Reajuste #1...
2026-07-04 09:34:03 | INFO | my_functions.py:1609 | ✔ Verificación completa. Se hicieron 1 reajustes.
2026-07-04 09:34:03 | INFO | my_functions.py:169 | Searching please_sign.png (timeout=0s)
2026-07-04 09:34:03 | INFO | my_functions.py:199 | 
✅ Found: please_sign.png pos=(383, 438) time=0.48s confidence=0.8
2026-07-04 09:34:03 | INFO | my_functions.py:247 | [DEBUG] Buscando en paralelo: ['ok_btn.png'] | timeout=20s | confidence=0.8
2026-07-04 09:34:05 | INFO | my_functions.py:134 | Haciendo click en la posición (382, 634)
2026-07-04 09:34:05 | INFO | my_functions.py:269 | 🖱️ Click OK (En paralelo): ok_btn.png at (382, 634) delay=1s
2026-07-04 09:34:06 | INFO | my_functions.py:247 | [DEBUG] Buscando en paralelo: ['small_submit.PNG', 'small_submit_hover.png', 'submit_hover_2.png', 'small_submit_hover_2.png'] | timeout=30s | confidence=0.8
2026-07-04 09:34:09 | INFO | my_functions.py:134 | Haciendo click en la posición (383, 643)
2026-07-04 09:34:10 | INFO | my_functions.py:269 | 🖱️ Click OK (En paralelo): small_submit_hover_2.png at (383, 643) delay=0.2s
2026-07-04 09:34:11 | INFO | my_functions.py:247 | [DEBUG] Buscando en paralelo: ['small_submit.PNG', 'small_submit_hover.png', 'submit_hover_2.png', 'small_submit_hover_2.png'] | timeout=20s | confidence=0.8
2026-07-04 09:34:12 | INFO | my_functions.py:134 | Haciendo click en la posición (380, 721)
2026-07-04 09:34:12 | INFO | my_functions.py:269 | 🖱️ Click OK (En paralelo): small_submit.PNG at (380, 721) delay=0.2s
2026-07-04 09:34:13 | INFO | my_functions.py:247 | [DEBUG] Buscando en paralelo: ['sign_in_with_google2.PNG'] | timeout=20s | confidence=0.8
2026-07-04 09:34:15 | INFO | my_functions.py:134 | Haciendo click en la posición (406, 957)
2026-07-04 09:34:15 | INFO | my_functions.py:269 | 🖱️ Click OK (En paralelo): sign_in_with_google2.PNG at (406, 957) delay=1s
2026-07-04 09:34:16 | INFO | my_functions.py:169 | Searching pagina_cargada.png (timeout=60s)
2026-07-04 09:34:28 | INFO | my_functions.py:199 | 
✅ Found: pagina_cargada.png pos=(70, 24) time=11.63s confidence=0.8
2026-07-04 09:34:30 | INFO | my_functions.py:247 | [DEBUG] Buscando en paralelo: ['john.png'] | timeout=0s | confidence=0.8
2026-07-04 09:34:34 | INFO | my_functions.py:134 | Haciendo click en la posición (1143, 619)
2026-07-04 09:34:34 | INFO | my_functions.py:269 | 🖱️ Click OK (En paralelo): john.png at (1143, 619) delay=3s
2026-07-04 09:34:35 | INFO | my_functions.py:169 | Searching marvelsnap_web.png (timeout=30s)
2026-07-04 09:34:39 | INFO | my_functions.py:199 | 
✅ Found: marvelsnap_web.png pos=(258, 80) time=4.24s confidence=0.7
2026-07-04 09:34:40 | INFO | my_functions.py:169 | Searching shop_unselected.PNG (timeout=0s)
2026-07-04 09:34:40 | INFO | my_functions.py:213 | 
⛔ Not found: shop_unselected.PNG after 0.0s region=(0, 0, 765, 1038) confidence=0.8
2026-07-04 09:34:40 | INFO | my_functions.py:247 | [DEBUG] Buscando en paralelo: ['super_premium.PNG'] | timeout=0s | confidence=0.8
2026-07-04 09:34:41 | INFO | my_functions.py:281 | [DEBUG] Click skipped, ninguna de las imágenes se encontró en el intento.
2026-07-04 09:34:42 | INFO | my_functions.py:247 | [DEBUG] Buscando en paralelo: ['maybe_later.PNG'] | timeout=0s | confidence=0.8
2026-07-04 09:34:43 | INFO | my_functions.py:281 | [DEBUG] Click skipped, ninguna de las imágenes se encontró en el intento.
2026-07-04 09:34:44 | INFO | my_functions.py:247 | [DEBUG] Buscando en paralelo: ['maybe_later2.PNG'] | timeout=0s | confidence=0.8
2026-07-04 09:34:44 | INFO | my_functions.py:281 | [DEBUG] Click skipped, ninguna de las imágenes se encontró en el intento.
2026-07-04 09:34:46 | INFO | my_functions.py:169 | Searching go_to_shop.PNG (timeout=0s)
2026-07-04 09:34:46 | INFO | my_functions.py:213 | 
⛔ Not found: go_to_shop.PNG after 0.0s region=(0, 0, 765, 1038) confidence=0.8
2026-07-04 09:34:46 | INFO | my_functions.py:247 | [DEBUG] Buscando en paralelo: ['14_days_of_winterverse.PNG'] | timeout=0s | confidence=0.8
2026-07-04 09:34:47 | INFO | my_functions.py:281 | [DEBUG] Click skipped, ninguna de las imágenes se encontró en el intento.
2026-07-04 09:34:48 | INFO | my_functions.py:169 | Searching welcome_back_calendar.PNG (timeout=0s)
2026-07-04 09:34:48 | INFO | my_functions.py:213 | 
⛔ Not found: welcome_back_calendar.PNG after 0.0s region=(0, 0, 765, 1038) confidence=0.8
2026-07-04 09:34:48 | INFO | my_functions.py:247 | [DEBUG] Buscando en paralelo: ['start_the_countdown.PNG'] | timeout=0s | confidence=0.8
2026-07-04 09:34:49 | INFO | my_functions.py:281 | [DEBUG] Click skipped, ninguna de las imágenes se encontró en el intento.
2026-07-04 09:34:50 | INFO | my_functions.py:247 | [DEBUG] Buscando en paralelo: ['event_has_ended_sanctum.PNG'] | timeout=0s | confidence=0.8
2026-07-04 09:34:50 | INFO | my_functions.py:281 | [DEBUG] Click skipped, ninguna de las imágenes se encontró en el intento.
2026-07-04 09:34:52 | INFO | my_functions.py:247 | [DEBUG] Buscando en paralelo: ['event_has_ended_teamclash.PNG'] | timeout=0s | confidence=0.8
2026-07-04 09:34:52 | INFO | my_functions.py:281 | [DEBUG] Click skipped, ninguna de las imágenes se encontró en el intento.
2026-07-04 09:34:53 | INFO | my_functions.py:247 | [DEBUG] Buscando en paralelo: ['image_part_of_event_grand_arena_finished.PNG'] | timeout=0s | confidence=0.8
2026-07-04 09:34:54 | INFO | my_functions.py:281 | [DEBUG] Click skipped, ninguna de las imágenes se encontró en el intento.
2026-07-04 09:34:55 | INFO | my_functions.py:169 | Searching 28_day_event_login_rewards.PNG (timeout=0s)
2026-07-04 09:34:55 | INFO | my_functions.py:213 | 
⛔ Not found: 28_day_event_login_rewards.PNG after 0.0s region=(0, 0, 765, 1038) confidence=0.8
2026-07-04 09:34:55 | INFO | my_functions.py:169 | Searching 7_day_event_login.PNG (timeout=0s)
2026-07-04 09:34:56 | INFO | my_functions.py:213 | 
⛔ Not found: 7_day_event_login.PNG after 0.0s region=(0, 0, 765, 1038) confidence=0.8
2026-07-04 09:34:56 | INFO | my_functions.py:169 | Searching 14_days_event.PNG (timeout=0s)
2026-07-04 09:34:56 | INFO | my_functions.py:213 | 
⛔ Not found: 14_days_event.PNG after 0.0s region=(0, 0, 765, 1038) confidence=0.8
2026-07-04 09:34:56 | INFO | my_functions.py:247 | [DEBUG] Buscando en paralelo: ['lets_go.PNG'] | timeout=0s | confidence=0.8
2026-07-04 09:34:57 | INFO | my_functions.py:281 | [DEBUG] Click skipped, ninguna de las imágenes se encontró en el intento.
2026-07-04 09:34:59 | INFO | my_functions.py:169 | Searching shop_unselected.PNG (timeout=0s)
2026-07-04 09:35:00 | INFO | my_functions.py:213 | 
⛔ Not found: shop_unselected.PNG after 0.0s region=(0, 0, 765, 1038) confidence=0.8
2026-07-04 09:35:00 | INFO | my_functions.py:247 | [DEBUG] Buscando en paralelo: ['super_premium.PNG'] | timeout=0s | confidence=0.8
2026-07-04 09:35:01 | INFO | my_functions.py:134 | Haciendo click en la posición (480, 777)
2026-07-04 09:35:01 | INFO | my_functions.py:269 | 🖱️ Click OK (En paralelo): super_premium.PNG at (480, 777) delay=1s
2026-07-04 09:35:03 | INFO | my_functions.py:142 | Presionando ESC (1/1)
2026-07-04 09:35:11 | INFO | my_functions.py:169 | Searching shop_unselected.PNG (timeout=0s)
2026-07-04 09:35:12 | INFO | my_functions.py:199 | 
✅ Found: shop_unselected.PNG pos=(88, 961) time=0.73s confidence=0.8
2026-07-04 09:35:12 | INFO | my_functions.py:714 | Ya esta listo
2026-07-04 09:35:12 | INFO | my_functions.py:169 | Searching play.PNG (timeout=0s)
2026-07-04 09:35:12 | INFO | my_functions.py:199 | 
✅ Found: play.PNG pos=(384, 825) time=0.61s confidence=0.8
2026-07-04 09:35:13 | INFO | my_functions.py:1440 | [INFO] Click realizado donde se equipa el deck a jugar
2026-07-04 09:35:17 | INFO | my_functions.py:247 | [DEBUG] Buscando en paralelo: ['deck_333.png'] | timeout=3s | confidence=0.8
2026-07-04 09:35:18 | INFO | my_functions.py:134 | Haciendo click en la posición (530, 546)
2026-07-04 09:35:19 | INFO | my_functions.py:269 | 🖱️ Click OK (En paralelo): deck_333.png at (530, 546) delay=1s
2026-07-04 09:35:20 | INFO | my_functions.py:247 | [DEBUG] Buscando en paralelo: ['equip.png'] | timeout=3s | confidence=0.95
2026-07-04 09:35:22 | INFO | my_functions.py:134 | Haciendo click en la posición (548, 983)
2026-07-04 09:35:22 | INFO | my_functions.py:269 | 🖱️ Click OK (En paralelo): equip.png at (548, 983) delay=1s
2026-07-04 09:35:23 | INFO | my_functions.py:247 | [DEBUG] Buscando en paralelo: ['maybe_later.PNG'] | timeout=2s | confidence=0.8
2026-07-04 09:35:25 | INFO | my_functions.py:281 | [DEBUG] Click skipped, ninguna de las imágenes se encontró en el intento.
2026-07-04 09:35:26 | INFO | my_functions.py:247 | [DEBUG] Buscando en paralelo: ['maybe_later2.PNG'] | timeout=0.01s | confidence=0.8
2026-07-04 09:35:27 | INFO | my_functions.py:281 | [DEBUG] Click skipped, ninguna de las imágenes se encontró en el intento.
2026-07-04 09:35:28 | INFO | exp_farm_conquest sin saber cuanta exp vamos.py:66 | Abriendo modo de juego Conquest...
2026-07-04 09:35:28 | INFO | my_functions.py:247 | [DEBUG] Buscando en paralelo: ['game_modes_unselected.PNG'] | timeout=3s | confidence=0.8
2026-07-04 09:35:32 | INFO | my_functions.py:281 | [DEBUG] Click skipped, ninguna de las imágenes se encontró en el intento.
2026-07-04 09:35:33 | INFO | my_functions.py:247 | [DEBUG] Buscando en paralelo: ['games_mode_selected.PNG'] | timeout=3s | confidence=0.8
2026-07-04 09:35:34 | INFO | my_functions.py:134 | Haciendo click en la posición (541, 975)
2026-07-04 09:35:35 | INFO | my_functions.py:269 | 🖱️ Click OK (En paralelo): games_mode_selected.PNG at (541, 975) delay=1s
2026-07-04 09:35:36 | INFO | my_functions.py:247 | [DEBUG] Buscando en paralelo: ['conquest.PNG'] | timeout=3s | confidence=0.8
2026-07-04 09:35:37 | INFO | my_functions.py:134 | Haciendo click en la posición (390, 504)
2026-07-04 09:35:37 | INFO | my_functions.py:269 | 🖱️ Click OK (En paralelo): conquest.PNG at (390, 504) delay=1s
2026-07-04 09:35:42 | INFO | exp_farm_conquest sin saber cuanta exp vamos.py:150 | Entrando al bucle de juego...
2026-07-04 09:35:42 | INFO | my_functions.py:247 | [DEBUG] Buscando en paralelo: ['enter.PNG'] | timeout=10s | confidence=0.8
2026-07-04 09:35:43 | INFO | my_functions.py:134 | Haciendo click en la posición (383, 828)
2026-07-04 09:35:44 | INFO | my_functions.py:269 | 🖱️ Click OK (En paralelo): enter.PNG at (383, 828) delay=1s
2026-07-04 09:35:50 | INFO | my_functions.py:247 | [DEBUG] Buscando en paralelo: ['play_conquest.PNG'] | timeout=20s | confidence=0.8
2026-07-04 09:35:51 | INFO | my_functions.py:134 | Haciendo click en la posición (380, 825)
2026-07-04 09:35:52 | INFO | my_functions.py:269 | 🖱️ Click OK (En paralelo): play_conquest.PNG at (380, 825) delay=1s
2026-07-04 09:35:53 | INFO | my_functions.py:247 | [DEBUG] Buscando en paralelo: ['confirm_conquest.PNG'] | timeout=20s | confidence=0.8
2026-07-04 09:35:54 | INFO | my_functions.py:134 | Haciendo click en la posición (471, 719)
2026-07-04 09:35:55 | INFO | my_functions.py:269 | 🖱️ Click OK (En paralelo): confirm_conquest.PNG at (471, 719) delay=1s
2026-07-04 09:35:56 | INFO | my_functions.py:169 | Searching matchmaking_has_been_interrupted.png (timeout=0s)
2026-07-04 09:35:56 | INFO | my_functions.py:213 | 
⛔ Not found: matchmaking_has_been_interrupted.png after 0.0s region=(0, 0, 765, 1038) confidence=0.8
2026-07-04 09:35:56 | INFO | exp_farm_conquest sin saber cuanta exp vamos.py:179 | Entrando al bucle de juego...
2026-07-04 09:40:44 | INFO | exp_farm_conquest sin saber cuanta exp vamos.py:219 | Fin de ronda. Hay más rondas por jugar.
2026-07-04 09:40:44 | INFO | my_functions.py:247 | [DEBUG] Buscando en paralelo: ['battle_ready.PNG'] | timeout=20s | confidence=0.8
2026-07-04 09:40:46 | INFO | my_functions.py:134 | Haciendo click en la posición (680, 958)
2026-07-04 09:40:46 | INFO | my_functions.py:269 | 🖱️ Click OK (En paralelo): battle_ready.PNG at (680, 958) delay=1s
2026-07-04 09:42:10 | INFO | exp_farm_conquest sin saber cuanta exp vamos.py:239 | Turno 3+ detectado. Retirándose para ganar EXP.
2026-07-04 09:42:10 | INFO | my_functions.py:142 | Presionando ESC (1/1)
2026-07-04 09:42:10 | INFO | my_functions.py:247 | [DEBUG] Buscando en paralelo: ['retreat_now.PNG'] | timeout=20s | confidence=0.8
2026-07-04 09:42:11 | INFO | my_functions.py:134 | Haciendo click en la posición (277, 767)
2026-07-04 09:42:11 | INFO | my_functions.py:269 | 🖱️ Click OK (En paralelo): retreat_now.PNG at (277, 767) delay=0.1s
2026-07-04 09:42:23 | INFO | exp_farm_conquest sin saber cuanta exp vamos.py:219 | Fin de ronda. Hay más rondas por jugar.
2026-07-04 09:42:23 | INFO | my_functions.py:247 | [DEBUG] Buscando en paralelo: ['battle_ready.PNG'] | timeout=20s | confidence=0.8
2026-07-04 09:42:25 | INFO | my_functions.py:134 | Haciendo click en la posición (680, 958)
2026-07-04 09:42:25 | INFO | my_functions.py:269 | 🖱️ Click OK (En paralelo): battle_ready.PNG at (680, 958) delay=1s
2026-07-04 09:44:06 | INFO | exp_farm_conquest sin saber cuanta exp vamos.py:239 | Turno 3+ detectado. Retirándose para ganar EXP.
2026-07-04 09:44:06 | INFO | my_functions.py:142 | Presionando ESC (1/1)
2026-07-04 09:44:07 | INFO | my_functions.py:247 | [DEBUG] Buscando en paralelo: ['retreat_now.PNG'] | timeout=20s | confidence=0.8
2026-07-04 09:44:08 | INFO | my_functions.py:134 | Haciendo click en la posición (277, 767)
2026-07-04 09:44:08 | INFO | my_functions.py:269 | 🖱️ Click OK (En paralelo): retreat_now.PNG at (277, 767) delay=0.1s
2026-07-04 09:44:20 | INFO | exp_farm_conquest sin saber cuanta exp vamos.py:219 | Fin de ronda. Hay más rondas por jugar.
2026-07-04 09:44:20 | INFO | my_functions.py:247 | [DEBUG] Buscando en paralelo: ['battle_ready.PNG'] | timeout=20s | confidence=0.8
2026-07-04 09:44:21 | INFO | my_functions.py:134 | Haciendo click en la posición (680, 959)
2026-07-04 09:44:22 | INFO | my_functions.py:269 | 🖱️ Click OK (En paralelo): battle_ready.PNG at (680, 959) delay=1s
2026-07-04 09:48:07 | INFO | my_functions.py:142 | Presionando ESC (1/1)
2026-07-04 09:48:52 | INFO | exp_farm_conquest sin saber cuanta exp vamos.py:193 | Fin de la partida. Mostrando resultados.
2026-07-04 09:48:52 | INFO | my_functions.py:247 | [DEBUG] Buscando en paralelo: ['next_after_concede_conquest_2.PNG'] | timeout=20s | confidence=0.8
2026-07-04 09:48:54 | INFO | my_functions.py:134 | Haciendo click en la posición (680, 959)
2026-07-04 09:48:54 | INFO | my_functions.py:269 | 🖱️ Click OK (En paralelo): next_after_concede_conquest_2.PNG at (680, 959) delay=1s
2026-07-04 09:49:00 | INFO | exp_farm_conquest sin saber cuanta exp vamos.py:211 | Derrota detectada. No se reclama nada.
2026-07-04 09:49:00 | INFO | my_functions.py:247 | [DEBUG] Buscando en paralelo: ['next_conquest.PNG'] | timeout=20s | confidence=0.8
2026-07-04 09:49:01 | INFO | my_functions.py:134 | Haciendo click en la posición (678, 973)
2026-07-04 09:49:01 | INFO | my_functions.py:269 | 🖱️ Click OK (En paralelo): next_conquest.PNG at (678, 973) delay=1s
2026-07-04 09:49:03 | INFO | my_functions.py:247 | [DEBUG] Buscando en paralelo: ['next_conquest.PNG'] | timeout=20s | confidence=0.8
2026-07-04 09:49:05 | INFO | my_functions.py:134 | Haciendo click en la posición (679, 973)
2026-07-04 09:49:05 | INFO | my_functions.py:269 | 🖱️ Click OK (En paralelo): next_conquest.PNG at (679, 973) delay=1s
2026-07-04 09:49:06 | INFO | exp_farm_conquest sin saber cuanta exp vamos.py:66 | Game #1 finalizada
2026-07-04 09:49:06 | INFO | exp_farm_conquest sin saber cuanta exp vamos.py:66 | Tiempo total de la partida: 13.4 min
2026-07-04 09:49:08 | INFO | my_functions.py:247 | [DEBUG] Buscando en paralelo: ['enter.PNG'] | timeout=10s | confidence=0.8
2026-07-04 09:49:18 | INFO | my_functions.py:281 | [DEBUG] Click skipped, ninguna de las imágenes se encontró en el intento.
2026-07-04 09:49:19 | INFO | my_functions.py:142 | Presionando ESC (1/1)
2026-07-04 09:49:20 | INFO | my_functions.py:247 | [DEBUG] Buscando en paralelo: ['conquest.PNG'] | timeout=3s | confidence=0.8
2026-07-04 09:49:23 | INFO | my_functions.py:281 | [DEBUG] Click skipped, ninguna de las imágenes se encontró en el intento.
2026-07-04 09:49:24 | INFO | my_functions.py:247 | [DEBUG] Buscando en paralelo: ['next_claim_ticket_3.PNG'] | timeout=15s | confidence=0.8
2026-07-04 09:49:39 | INFO | my_functions.py:281 | [DEBUG] Click skipped, ninguna de las imágenes se encontró en el intento.
2026-07-04 09:49:40 | INFO | my_functions.py:247 | [DEBUG] Buscando en paralelo: ['enter.PNG'] | timeout=10s | confidence=0.8
2026-07-04 09:49:50 | INFO | my_functions.py:281 | [DEBUG] Click skipped, ninguna de las imágenes se encontró en el intento.
2026-07-04 09:49:56 | INFO | my_functions.py:247 | [DEBUG] Buscando en paralelo: ['play_conquest.PNG'] | timeout=20s | confidence=0.8
2026-07-04 09:50:17 | INFO | my_functions.py:281 | [DEBUG] Click skipped, ninguna de las imágenes se encontró en el intento.
2026-07-04 09:50:18 | ERROR | exp_farm_conquest sin saber cuanta exp vamos.py:326 | Unhandled exception occurred
Traceback (most recent call last):
  File "Z:\SHARED FILES VM\MS\exp_farm_conquest sin saber cuanta exp vamos.py", line 171, in <module>
    click_any_MS_img(r'images/stages/conquest/play_conquest.PNG')
  File "Z:\SHARED FILES VM\MS\my_functions.py", line 286, in click_any_MS_img
    pg.moveTo(0,500)
  File "C:\Users\Farm\AppData\Local\Programs\Python\Python311\Lib\site-packages\pyautogui\__init__.py", line 597, in wrapper
    failSafeCheck()
  File "C:\Users\Farm\AppData\Local\Programs\Python\Python311\Lib\site-packages\pyautogui\__init__.py", line 1722, in failSafeCheck
    raise FailSafeException(
pyautogui.FailSafeException: PyAutoGUI fail-safe triggered from mouse moving to a corner of the screen. To disable this fail-safe, set pyautogui.FAILSAFE to False. DISABLING FAIL-SAFE IS NOT RECOMMENDED.
2026-07-04 09:50:18 | INFO | exp_farm_conquest sin saber cuanta exp vamos.py:66 | Presiona ENTER para cerrar...
