2026-09-03 21:33:36 | INFO | exp_farm_conquest sin saber cuanta exp vamos copy.py:61 | LOG FILE PATH: C:\Users\Abel\Documents\SHARED FILES VM\MS\logs\exp_farm_conquest sin saber cuanta exp vamos copy_2026-09-03_21-33-36.log
2026-09-03 21:33:36 | INFO | exp_farm_conquest sin saber cuanta exp vamos copy.py:62 | Logger initialized
2026-09-03 21:33:36 | INFO | exp_farm_conquest sin saber cuanta exp vamos copy.py:89 | TEST LOG INITIALIZATION
2026-09-03 21:33:36 | INFO | exp_farm_conquest sin saber cuanta exp vamos copy.py:90 | Logger test executed
2026-09-03 21:33:36 | INFO | obs_helpers.py:42 | ⏳ Esperando WebSocket de OBS...
2026-09-03 21:33:36 | INFO | baseclient.py:33 | Connecting with parameters: host='localhost' port=4455 password='' subs=0 timeout=None
2026-09-03 21:33:36 | INFO | reqs.py:23 | Successfully identified ReqClient with the server using RPC version:1
2026-09-03 21:33:36 | INFO | obs_helpers.py:48 | ✅ Conectado al OBS WebSocket
2026-09-03 21:33:36 | INFO | obs_helpers.py:70 | 🎬 Grabación iniciada
2026-09-03 21:33:36 | INFO | exp_farm_conquest sin saber cuanta exp vamos copy.py:115 | Entrando al bucle de juego...
2026-09-03 21:33:36 | INFO | image_processing.py:114 | [DEBUG] Buscando en paralelo: ['enter.PNG'] | timeout=10s | confidence=0.8
2026-09-03 21:33:37 | INFO | my_functions.py:32 | Haciendo click en la posición (366, 820)
2026-09-03 21:33:37 | INFO | image_processing.py:136 | 🖱️ Click OK (En paralelo): enter.PNG at (366, 820) delay=1s
2026-09-03 21:33:43 | INFO | image_processing.py:114 | [DEBUG] Buscando en paralelo: ['play_conquest.PNG'] | timeout=20s | confidence=0.8
2026-09-03 21:33:45 | INFO | my_functions.py:32 | Haciendo click en la posición (363, 818)
2026-09-03 21:33:45 | INFO | image_processing.py:136 | 🖱️ Click OK (En paralelo): play_conquest.PNG at (363, 818) delay=1s
2026-09-03 21:33:46 | INFO | image_processing.py:114 | [DEBUG] Buscando en paralelo: ['confirm_conquest.PNG'] | timeout=20s | confidence=0.8
2026-09-03 21:33:47 | INFO | my_functions.py:32 | Haciendo click en la posición (453, 712)
2026-09-03 21:33:47 | INFO | image_processing.py:136 | 🖱️ Click OK (En paralelo): confirm_conquest.PNG at (453, 712) delay=1s
2026-09-03 21:33:48 | INFO | image_processing.py:39 | Searching matchmaking_has_been_interrupted.png (timeout=0s)
2026-09-03 21:33:48 | INFO | image_processing.py:84 | 
⛔ Not found: matchmaking_has_been_interrupted.png after 0.0s region=(0, 0, 765, 1038) confidence=0.8
2026-09-03 21:33:48 | INFO | exp_farm_conquest sin saber cuanta exp vamos copy.py:144 | Entrando al bucle de juego...
2026-09-03 21:33:48 | INFO | image_processing.py:39 | Searching next_after_concede_conquest_2.PNG (timeout=0s)
2026-09-03 21:33:49 | INFO | image_processing.py:84 | 
⛔ Not found: next_after_concede_conquest_2.PNG after 0.16s region=(0, 0, 765, 1038) confidence=0.8
2026-09-03 21:33:49 | INFO | image_processing.py:39 | Searching battle_ready.PNG (timeout=0s)
2026-09-03 21:33:49 | INFO | image_processing.py:84 | 
⛔ Not found: battle_ready.PNG after 0.19s region=(0, 0, 765, 1038) confidence=0.8
2026-09-03 21:33:49 | INFO | image_processing.py:39 | Searching end_turn.PNG (timeout=0s)
2026-09-03 21:33:49 | INFO | image_processing.py:84 | 
⛔ Not found: end_turn.PNG after 0.14s region=(0, 0, 765, 1038) confidence=0.8
2026-09-03 21:33:49 | INFO | image_processing.py:39 | Searching playing3_6_2.png (timeout=0s)
2026-09-03 21:33:50 | INFO | image_processing.py:84 | 
⛔ Not found: playing3_6_2.png after 0.17s region=(0, 0, 765, 1038) confidence=0.95
2026-09-03 21:33:50 | INFO | image_processing.py:39 | Searching you_have_encountered_an_error.png (timeout=0s)
2026-09-03 21:33:50 | INFO | image_processing.py:84 | 
⛔ Not found: you_have_encountered_an_error.png after 0.12s region=(0, 0, 765, 1038) confidence=0.8
2026-09-03 21:33:50 | INFO | image_processing.py:39 | Searching aw_snap_only.png (timeout=0s)
2026-09-03 21:33:50 | INFO | image_processing.py:84 | 
⛔ Not found: aw_snap_only.png after 0.0s region=(0, 0, 765, 1038) confidence=0.8
2026-09-03 21:33:50 | INFO | image_processing.py:39 | Searching battle_victory_conquest.PNG (timeout=0s)
2026-09-03 21:33:50 | INFO | image_processing.py:84 | 
⛔ Not found: battle_victory_conquest.PNG after 0.11s region=(0, 0, 765, 1038) confidence=0.8
2026-09-03 21:33:50 | INFO | image_processing.py:39 | Searching next_after_concede_conquest_2.PNG (timeout=0s)
2026-09-03 21:33:51 | INFO | image_processing.py:84 | 
⛔ Not found: next_after_concede_conquest_2.PNG after 0.14s region=(0, 0, 765, 1038) confidence=0.8
2026-09-03 21:33:51 | INFO | image_processing.py:39 | Searching battle_ready.PNG (timeout=0s)
2026-09-03 21:33:51 | INFO | image_processing.py:84 | 
⛔ Not found: battle_ready.PNG after 0.15s region=(0, 0, 765, 1038) confidence=0.8
2026-09-03 21:33:51 | INFO | image_processing.py:39 | Searching end_turn.PNG (timeout=0s)
2026-09-03 21:33:51 | INFO | image_processing.py:84 | 
⛔ Not found: end_turn.PNG after 0.0s region=(0, 0, 765, 1038) confidence=0.8
2026-09-03 21:33:51 | INFO | image_processing.py:39 | Searching playing3_6_2.png (timeout=0s)
2026-09-03 21:33:52 | INFO | image_processing.py:84 | 
⛔ Not found: playing3_6_2.png after 0.15s region=(0, 0, 765, 1038) confidence=0.95
2026-09-03 21:33:52 | INFO | image_processing.py:39 | Searching you_have_encountered_an_error.png (timeout=0s)
2026-09-03 21:33:52 | INFO | image_processing.py:84 | 
⛔ Not found: you_have_encountered_an_error.png after 0.0s region=(0, 0, 765, 1038) confidence=0.8
2026-09-03 21:33:52 | INFO | image_processing.py:39 | Searching aw_snap_only.png (timeout=0s)
2026-09-03 21:33:52 | INFO | image_processing.py:84 | 
⛔ Not found: aw_snap_only.png after 0.1s region=(0, 0, 765, 1038) confidence=0.8
2026-09-03 21:33:52 | INFO | image_processing.py:39 | Searching battle_victory_conquest.PNG (timeout=0s)
2026-09-03 21:33:52 | INFO | image_processing.py:84 | 
⛔ Not found: battle_victory_conquest.PNG after 0.11s region=(0, 0, 765, 1038) confidence=0.8
2026-09-03 21:33:52 | INFO | image_processing.py:39 | Searching next_after_concede_conquest_2.PNG (timeout=0s)
2026-09-03 21:33:52 | INFO | image_processing.py:84 | 
⛔ Not found: next_after_concede_conquest_2.PNG after 0.15s region=(0, 0, 765, 1038) confidence=0.8
2026-09-03 21:33:52 | INFO | image_processing.py:39 | Searching battle_ready.PNG (timeout=0s)
2026-09-03 21:33:53 | INFO | image_processing.py:84 | 
⛔ Not found: battle_ready.PNG after 0.15s region=(0, 0, 765, 1038) confidence=0.8
2026-09-03 21:33:53 | INFO | image_processing.py:39 | Searching end_turn.PNG (timeout=0s)
2026-09-03 21:33:53 | INFO | image_processing.py:84 | 
⛔ Not found: end_turn.PNG after 0.12s region=(0, 0, 765, 1038) confidence=0.8
2026-09-03 21:33:53 | INFO | image_processing.py:39 | Searching playing3_6_2.png (timeout=0s)
2026-09-03 21:33:53 | INFO | image_processing.py:84 | 
⛔ Not found: playing3_6_2.png after 0.16s region=(0, 0, 765, 1038) confidence=0.95
2026-09-03 21:33:53 | INFO | image_processing.py:39 | Searching you_have_encountered_an_error.png (timeout=0s)
2026-09-03 21:33:53 | INFO | image_processing.py:84 | 
⛔ Not found: you_have_encountered_an_error.png after 0.0s region=(0, 0, 765, 1038) confidence=0.8
2026-09-03 21:33:53 | INFO | image_processing.py:39 | Searching aw_snap_only.png (timeout=0s)
2026-09-03 21:33:54 | INFO | image_processing.py:84 | 
⛔ Not found: aw_snap_only.png after 0.1s region=(0, 0, 765, 1038) confidence=0.8
2026-09-03 21:33:54 | INFO | image_processing.py:39 | Searching battle_victory_conquest.PNG (timeout=0s)
2026-09-03 21:33:54 | INFO | image_processing.py:84 | 
⛔ Not found: battle_victory_conquest.PNG after 0.0s region=(0, 0, 765, 1038) confidence=0.8
2026-09-03 21:33:54 | INFO | image_processing.py:39 | Searching next_after_concede_conquest_2.PNG (timeout=0s)
2026-09-03 21:33:54 | INFO | image_processing.py:84 | 
⛔ Not found: next_after_concede_conquest_2.PNG after 0.16s region=(0, 0, 765, 1038) confidence=0.8
2026-09-03 21:33:54 | INFO | image_processing.py:39 | Searching battle_ready.PNG (timeout=0s)
2026-09-03 21:33:54 | INFO | image_processing.py:84 | 
⛔ Not found: battle_ready.PNG after 0.0s region=(0, 0, 765, 1038) confidence=0.8
2026-09-03 21:33:54 | INFO | image_processing.py:39 | Searching end_turn.PNG (timeout=0s)
2026-09-03 21:33:54 | INFO | image_processing.py:84 | 
⛔ Not found: end_turn.PNG after 0.0s region=(0, 0, 765, 1038) confidence=0.8
2026-09-03 21:33:54 | INFO | image_processing.py:39 | Searching playing3_6_2.png (timeout=0s)
2026-09-03 21:33:55 | INFO | image_processing.py:84 | 
⛔ Not found: playing3_6_2.png after 0.15s region=(0, 0, 765, 1038) confidence=0.95
2026-09-03 21:33:55 | INFO | image_processing.py:39 | Searching you_have_encountered_an_error.png (timeout=0s)
2026-09-03 21:33:55 | INFO | image_processing.py:84 | 
⛔ Not found: you_have_encountered_an_error.png after 0.0s region=(0, 0, 765, 1038) confidence=0.8
2026-09-03 21:33:55 | INFO | image_processing.py:39 | Searching aw_snap_only.png (timeout=0s)
2026-09-03 21:33:55 | INFO | image_processing.py:84 | 
⛔ Not found: aw_snap_only.png after 0.11s region=(0, 0, 765, 1038) confidence=0.8
2026-09-03 21:33:55 | INFO | image_processing.py:39 | Searching battle_victory_conquest.PNG (timeout=0s)
2026-09-03 21:33:55 | INFO | image_processing.py:84 | 
⛔ Not found: battle_victory_conquest.PNG after 0.12s region=(0, 0, 765, 1038) confidence=0.8
2026-09-03 21:33:55 | INFO | image_processing.py:39 | Searching next_after_concede_conquest_2.PNG (timeout=0s)
2026-09-03 21:33:56 | INFO | image_processing.py:84 | 
⛔ Not found: next_after_concede_conquest_2.PNG after 0.14s region=(0, 0, 765, 1038) confidence=0.8
2026-09-03 21:33:56 | INFO | image_processing.py:39 | Searching battle_ready.PNG (timeout=0s)
2026-09-03 21:33:56 | INFO | image_processing.py:84 | 
⛔ Not found: battle_ready.PNG after 0.15s region=(0, 0, 765, 1038) confidence=0.8
2026-09-03 21:33:56 | INFO | image_processing.py:39 | Searching end_turn.PNG (timeout=0s)
2026-09-03 21:33:56 | INFO | image_processing.py:84 | 
⛔ Not found: end_turn.PNG after 0.0s region=(0, 0, 765, 1038) confidence=0.8
2026-09-03 21:33:56 | INFO | image_processing.py:39 | Searching playing3_6_2.png (timeout=0s)
2026-09-03 21:33:56 | INFO | image_processing.py:84 | 
⛔ Not found: playing3_6_2.png after 0.0s region=(0, 0, 765, 1038) confidence=0.95
2026-09-03 21:33:56 | INFO | image_processing.py:39 | Searching you_have_encountered_an_error.png (timeout=0s)
2026-09-03 21:33:56 | INFO | image_processing.py:84 | 
⛔ Not found: you_have_encountered_an_error.png after 0.0s region=(0, 0, 765, 1038) confidence=0.8
2026-09-03 21:33:56 | INFO | image_processing.py:39 | Searching aw_snap_only.png (timeout=0s)
2026-09-03 21:33:57 | INFO | image_processing.py:84 | 
⛔ Not found: aw_snap_only.png after 0.11s region=(0, 0, 765, 1038) confidence=0.8
2026-09-03 21:33:57 | INFO | image_processing.py:39 | Searching battle_victory_conquest.PNG (timeout=0s)
2026-09-03 21:33:57 | INFO | image_processing.py:84 | 
⛔ Not found: battle_victory_conquest.PNG after 0.0s region=(0, 0, 765, 1038) confidence=0.8
2026-09-03 21:33:57 | INFO | image_processing.py:39 | Searching next_after_concede_conquest_2.PNG (timeout=0s)
2026-09-03 21:33:57 | INFO | image_processing.py:84 | 
⛔ Not found: next_after_concede_conquest_2.PNG after 0.16s region=(0, 0, 765, 1038) confidence=0.8
2026-09-03 21:33:57 | INFO | image_processing.py:39 | Searching battle_ready.PNG (timeout=0s)
2026-09-03 21:33:57 | INFO | image_processing.py:84 | 
⛔ Not found: battle_ready.PNG after 0.0s region=(0, 0, 765, 1038) confidence=0.8
2026-09-03 21:33:57 | INFO | image_processing.py:39 | Searching end_turn.PNG (timeout=0s)
2026-09-03 21:33:58 | INFO | image_processing.py:84 | 
⛔ Not found: end_turn.PNG after 0.12s region=(0, 0, 765, 1038) confidence=0.8
2026-09-03 21:33:58 | INFO | image_processing.py:39 | Searching playing3_6_2.png (timeout=0s)
2026-09-03 21:33:58 | INFO | image_processing.py:84 | 
⛔ Not found: playing3_6_2.png after 0.0s region=(0, 0, 765, 1038) confidence=0.95
2026-09-03 21:33:58 | INFO | image_processing.py:39 | Searching you_have_encountered_an_error.png (timeout=0s)
2026-09-03 21:33:58 | INFO | image_processing.py:84 | 
⛔ Not found: you_have_encountered_an_error.png after 0.1s region=(0, 0, 765, 1038) confidence=0.8
2026-09-03 21:33:58 | INFO | image_processing.py:39 | Searching aw_snap_only.png (timeout=0s)
2026-09-03 21:33:58 | INFO | image_processing.py:84 | 
⛔ Not found: aw_snap_only.png after 0.0s region=(0, 0, 765, 1038) confidence=0.8
2026-09-03 21:33:58 | INFO | image_processing.py:39 | Searching battle_victory_conquest.PNG (timeout=0s)
2026-09-03 21:33:58 | INFO | image_processing.py:84 | 
⛔ Not found: battle_victory_conquest.PNG after 0.0s region=(0, 0, 765, 1038) confidence=0.8
2026-09-03 21:33:58 | INFO | image_processing.py:39 | Searching next_after_concede_conquest_2.PNG (timeout=0s)
2026-09-03 21:33:58 | INFO | image_processing.py:84 | 
⛔ Not found: next_after_concede_conquest_2.PNG after 0.16s region=(0, 0, 765, 1038) confidence=0.8
2026-09-03 21:33:58 | INFO | image_processing.py:39 | Searching battle_ready.PNG (timeout=0s)
2026-09-03 21:33:59 | INFO | image_processing.py:84 | 
⛔ Not found: battle_ready.PNG after 0.14s region=(0, 0, 765, 1038) confidence=0.8
2026-09-03 21:33:59 | INFO | image_processing.py:39 | Searching end_turn.PNG (timeout=0s)
2026-09-03 21:33:59 | INFO | image_processing.py:84 | 
⛔ Not found: end_turn.PNG after 0.0s region=(0, 0, 765, 1038) confidence=0.8
2026-09-03 21:33:59 | INFO | image_processing.py:39 | Searching playing3_6_2.png (timeout=0s)
2026-09-03 21:33:59 | INFO | image_processing.py:84 | 
⛔ Not found: playing3_6_2.png after 0.0s region=(0, 0, 765, 1038) confidence=0.95
2026-09-03 21:33:59 | INFO | image_processing.py:39 | Searching you_have_encountered_an_error.png (timeout=0s)
2026-09-03 21:33:59 | INFO | image_processing.py:84 | 
⛔ Not found: you_have_encountered_an_error.png after 0.11s region=(0, 0, 765, 1038) confidence=0.8
2026-09-03 21:33:59 | INFO | image_processing.py:39 | Searching aw_snap_only.png (timeout=0s)
2026-09-03 21:33:59 | INFO | image_processing.py:84 | 
⛔ Not found: aw_snap_only.png after 0.0s region=(0, 0, 765, 1038) confidence=0.8
2026-09-03 21:33:59 | INFO | image_processing.py:39 | Searching battle_victory_conquest.PNG (timeout=0s)
2026-09-03 21:34:00 | INFO | image_processing.py:84 | 
⛔ Not found: battle_victory_conquest.PNG after 0.1s region=(0, 0, 765, 1038) confidence=0.8
2026-09-03 21:34:00 | INFO | image_processing.py:39 | Searching next_after_concede_conquest_2.PNG (timeout=0s)
2026-09-03 21:34:00 | INFO | image_processing.py:84 | 
⛔ Not found: next_after_concede_conquest_2.PNG after 0.0s region=(0, 0, 765, 1038) confidence=0.8
2026-09-03 21:34:00 | INFO | image_processing.py:39 | Searching battle_ready.PNG (timeout=0s)
2026-09-03 21:34:00 | INFO | image_processing.py:84 | 
⛔ Not found: battle_ready.PNG after 0.15s region=(0, 0, 765, 1038) confidence=0.8
2026-09-03 21:34:00 | INFO | image_processing.py:39 | Searching end_turn.PNG (timeout=0s)
2026-09-03 21:34:00 | INFO | image_processing.py:84 | 
⛔ Not found: end_turn.PNG after 0.0s region=(0, 0, 765, 1038) confidence=0.8
2026-09-03 21:34:00 | INFO | image_processing.py:39 | Searching playing3_6_2.png (timeout=0s)
2026-09-03 21:34:00 | INFO | image_processing.py:84 | 
⛔ Not found: playing3_6_2.png after 0.0s region=(0, 0, 765, 1038) confidence=0.95
2026-09-03 21:34:00 | INFO | image_processing.py:39 | Searching you_have_encountered_an_error.png (timeout=0s)
2026-09-03 21:34:00 | INFO | image_processing.py:84 | 
⛔ Not found: you_have_encountered_an_error.png after 0.1s region=(0, 0, 765, 1038) confidence=0.8
2026-09-03 21:34:00 | INFO | image_processing.py:39 | Searching aw_snap_only.png (timeout=0s)
2026-09-03 21:34:01 | INFO | image_processing.py:84 | 
⛔ Not found: aw_snap_only.png after 0.11s region=(0, 0, 765, 1038) confidence=0.8
2026-09-03 21:34:01 | INFO | image_processing.py:39 | Searching battle_victory_conquest.PNG (timeout=0s)
2026-09-03 21:34:01 | INFO | image_processing.py:84 | 
⛔ Not found: battle_victory_conquest.PNG after 0.12s region=(0, 0, 765, 1038) confidence=0.8
2026-09-03 21:34:01 | INFO | image_processing.py:39 | Searching next_after_concede_conquest_2.PNG (timeout=0s)
2026-09-03 21:34:01 | INFO | image_processing.py:84 | 
⛔ Not found: next_after_concede_conquest_2.PNG after 0.0s region=(0, 0, 765, 1038) confidence=0.8
2026-09-03 21:34:01 | INFO | image_processing.py:39 | Searching battle_ready.PNG (timeout=0s)
2026-09-03 21:34:02 | INFO | image_processing.py:84 | 
⛔ Not found: battle_ready.PNG after 0.14s region=(0, 0, 765, 1038) confidence=0.8
2026-09-03 21:34:02 | INFO | image_processing.py:39 | Searching end_turn.PNG (timeout=0s)
2026-09-03 21:34:02 | INFO | image_processing.py:84 | 
⛔ Not found: end_turn.PNG after 0.0s region=(0, 0, 765, 1038) confidence=0.8
2026-09-03 21:34:02 | INFO | image_processing.py:39 | Searching playing3_6_2.png (timeout=0s)
2026-09-03 21:34:02 | INFO | image_processing.py:84 | 
⛔ Not found: playing3_6_2.png after 0.15s region=(0, 0, 765, 1038) confidence=0.95
2026-09-03 21:34:02 | INFO | image_processing.py:39 | Searching you_have_encountered_an_error.png (timeout=0s)
2026-09-03 21:34:02 | INFO | image_processing.py:84 | 
⛔ Not found: you_have_encountered_an_error.png after 0.0s region=(0, 0, 765, 1038) confidence=0.8
2026-09-03 21:34:02 | INFO | image_processing.py:39 | Searching aw_snap_only.png (timeout=0s)
2026-09-03 21:34:02 | INFO | image_processing.py:84 | 
⛔ Not found: aw_snap_only.png after 0.0s region=(0, 0, 765, 1038) confidence=0.8
2026-09-03 21:34:02 | INFO | image_processing.py:39 | Searching battle_victory_conquest.PNG (timeout=0s)
2026-09-03 21:34:02 | INFO | image_processing.py:84 | 
⛔ Not found: battle_victory_conquest.PNG after 0.1s region=(0, 0, 765, 1038) confidence=0.8
2026-09-03 21:34:02 | INFO | image_processing.py:39 | Searching next_after_concede_conquest_2.PNG (timeout=0s)
2026-09-03 21:34:03 | INFO | image_processing.py:84 | 
⛔ Not found: next_after_concede_conquest_2.PNG after 0.16s region=(0, 0, 765, 1038) confidence=0.8
2026-09-03 21:34:03 | INFO | image_processing.py:39 | Searching battle_ready.PNG (timeout=0s)
2026-09-03 21:34:03 | INFO | image_processing.py:84 | 
⛔ Not found: battle_ready.PNG after 0.0s region=(0, 0, 765, 1038) confidence=0.8
2026-09-03 21:34:03 | INFO | image_processing.py:39 | Searching end_turn.PNG (timeout=0s)
2026-09-03 21:34:03 | INFO | image_processing.py:84 | 
⛔ Not found: end_turn.PNG after 0.0s region=(0, 0, 765, 1038) confidence=0.8
2026-09-03 21:34:03 | INFO | image_processing.py:39 | Searching playing3_6_2.png (timeout=0s)
2026-09-03 21:34:03 | INFO | image_processing.py:84 | 
⛔ Not found: playing3_6_2.png after 0.16s region=(0, 0, 765, 1038) confidence=0.95
2026-09-03 21:34:03 | INFO | image_processing.py:39 | Searching you_have_encountered_an_error.png (timeout=0s)
2026-09-03 21:34:04 | INFO | image_processing.py:84 | 
⛔ Not found: you_have_encountered_an_error.png after 0.11s region=(0, 0, 765, 1038) confidence=0.8
2026-09-03 21:34:04 | INFO | image_processing.py:39 | Searching aw_snap_only.png (timeout=0s)
2026-09-03 21:34:04 | INFO | image_processing.py:84 | 
⛔ Not found: aw_snap_only.png after 0.0s region=(0, 0, 765, 1038) confidence=0.8
2026-09-03 21:34:04 | INFO | image_processing.py:39 | Searching battle_victory_conquest.PNG (timeout=0s)
2026-09-03 21:34:04 | INFO | image_processing.py:84 | 
⛔ Not found: battle_victory_conquest.PNG after 0.0s region=(0, 0, 765, 1038) confidence=0.8
2026-09-03 21:34:04 | INFO | image_processing.py:39 | Searching next_after_concede_conquest_2.PNG (timeout=0s)
2026-09-03 21:34:04 | INFO | image_processing.py:84 | 
⛔ Not found: next_after_concede_conquest_2.PNG after 0.0s region=(0, 0, 765, 1038) confidence=0.8
2026-09-03 21:34:04 | INFO | image_processing.py:39 | Searching battle_ready.PNG (timeout=0s)
2026-09-03 21:34:04 | INFO | image_processing.py:84 | 
⛔ Not found: battle_ready.PNG after 0.15s region=(0, 0, 765, 1038) confidence=0.8
2026-09-03 21:34:04 | INFO | image_processing.py:39 | Searching end_turn.PNG (timeout=0s)
2026-09-03 21:34:05 | INFO | image_processing.py:84 | 
⛔ Not found: end_turn.PNG after 0.12s region=(0, 0, 765, 1038) confidence=0.8
2026-09-03 21:34:05 | INFO | image_processing.py:39 | Searching playing3_6_2.png (timeout=0s)
2026-09-03 21:34:05 | INFO | image_processing.py:84 | 
⛔ Not found: playing3_6_2.png after 0.17s region=(0, 0, 765, 1038) confidence=0.95
2026-09-03 21:34:05 | INFO | image_processing.py:39 | Searching you_have_encountered_an_error.png (timeout=0s)
2026-09-03 21:34:05 | INFO | image_processing.py:84 | 
⛔ Not found: you_have_encountered_an_error.png after 0.0s region=(0, 0, 765, 1038) confidence=0.8
2026-09-03 21:34:05 | INFO | image_processing.py:39 | Searching aw_snap_only.png (timeout=0s)
2026-09-03 21:34:05 | INFO | image_processing.py:84 | 
⛔ Not found: aw_snap_only.png after 0.0s region=(0, 0, 765, 1038) confidence=0.8
2026-09-03 21:34:05 | INFO | image_processing.py:39 | Searching battle_victory_conquest.PNG (timeout=0s)
2026-09-03 21:34:05 | INFO | image_processing.py:84 | 
⛔ Not found: battle_victory_conquest.PNG after 0.1s region=(0, 0, 765, 1038) confidence=0.8
2026-09-03 21:34:05 | INFO | image_processing.py:39 | Searching next_after_concede_conquest_2.PNG (timeout=0s)
2026-09-03 21:34:06 | INFO | image_processing.py:84 | 
⛔ Not found: next_after_concede_conquest_2.PNG after 0.1s region=(0, 0, 765, 1038) confidence=0.8
2026-09-03 21:34:06 | INFO | image_processing.py:39 | Searching battle_ready.PNG (timeout=0s)
2026-09-03 21:34:06 | INFO | image_processing.py:84 | 
⛔ Not found: battle_ready.PNG after 0.0s region=(0, 0, 765, 1038) confidence=0.8
2026-09-03 21:34:06 | INFO | image_processing.py:39 | Searching end_turn.PNG (timeout=0s)
2026-09-03 21:34:06 | INFO | image_processing.py:84 | 
⛔ Not found: end_turn.PNG after 0.12s region=(0, 0, 765, 1038) confidence=0.8
2026-09-03 21:34:06 | INFO | image_processing.py:39 | Searching playing3_6_2.png (timeout=0s)
2026-09-03 21:34:06 | INFO | image_processing.py:84 | 
⛔ Not found: playing3_6_2.png after 0.11s region=(0, 0, 765, 1038) confidence=0.95
2026-09-03 21:34:06 | INFO | image_processing.py:39 | Searching you_have_encountered_an_error.png (timeout=0s)
2026-09-03 21:34:07 | INFO | image_processing.py:84 | 
⛔ Not found: you_have_encountered_an_error.png after 0.11s region=(0, 0, 765, 1038) confidence=0.8
2026-09-03 21:34:07 | INFO | image_processing.py:39 | Searching aw_snap_only.png (timeout=0s)
2026-09-03 21:34:07 | INFO | image_processing.py:84 | 
⛔ Not found: aw_snap_only.png after 0.0s region=(0, 0, 765, 1038) confidence=0.8
2026-09-03 21:34:07 | INFO | image_processing.py:39 | Searching battle_victory_conquest.PNG (timeout=0s)
2026-09-03 21:34:07 | INFO | image_processing.py:84 | 
⛔ Not found: battle_victory_conquest.PNG after 0.0s region=(0, 0, 765, 1038) confidence=0.8
2026-09-03 21:34:07 | INFO | image_processing.py:39 | Searching next_after_concede_conquest_2.PNG (timeout=0s)
2026-09-03 21:34:07 | INFO | image_processing.py:84 | 
⛔ Not found: next_after_concede_conquest_2.PNG after 0.16s region=(0, 0, 765, 1038) confidence=0.8
2026-09-03 21:34:07 | INFO | image_processing.py:39 | Searching battle_ready.PNG (timeout=0s)
2026-09-03 21:34:07 | INFO | image_processing.py:84 | 
⛔ Not found: battle_ready.PNG after 0.15s region=(0, 0, 765, 1038) confidence=0.8
2026-09-03 21:34:07 | INFO | image_processing.py:39 | Searching end_turn.PNG (timeout=0s)
2026-09-03 21:34:08 | INFO | image_processing.py:84 | 
⛔ Not found: end_turn.PNG after 0.11s region=(0, 0, 765, 1038) confidence=0.8
2026-09-03 21:34:08 | INFO | image_processing.py:39 | Searching playing3_6_2.png (timeout=0s)
2026-09-03 21:34:08 | INFO | image_processing.py:84 | 
⛔ Not found: playing3_6_2.png after 0.15s region=(0, 0, 765, 1038) confidence=0.95
2026-09-03 21:34:08 | INFO | image_processing.py:39 | Searching you_have_encountered_an_error.png (timeout=0s)
2026-09-03 21:34:08 | INFO | image_processing.py:84 | 
⛔ Not found: you_have_encountered_an_error.png after 0.0s region=(0, 0, 765, 1038) confidence=0.8
2026-09-03 21:34:08 | INFO | image_processing.py:39 | Searching aw_snap_only.png (timeout=0s)
2026-09-03 21:34:08 | INFO | image_processing.py:84 | 
⛔ Not found: aw_snap_only.png after 0.1s region=(0, 0, 765, 1038) confidence=0.8
2026-09-03 21:34:08 | INFO | image_processing.py:39 | Searching battle_victory_conquest.PNG (timeout=0s)
2026-09-03 21:34:08 | INFO | image_processing.py:84 | 
⛔ Not found: battle_victory_conquest.PNG after 0.11s region=(0, 0, 765, 1038) confidence=0.8
2026-09-03 21:34:09 | INFO | image_processing.py:39 | Searching next_after_concede_conquest_2.PNG (timeout=0s)
2026-09-03 21:34:09 | INFO | image_processing.py:84 | 
⛔ Not found: next_after_concede_conquest_2.PNG after 0.0s region=(0, 0, 765, 1038) confidence=0.8
2026-09-03 21:34:09 | INFO | image_processing.py:39 | Searching battle_ready.PNG (timeout=0s)
2026-09-03 21:34:09 | INFO | image_processing.py:84 | 
⛔ Not found: battle_ready.PNG after 0.15s region=(0, 0, 765, 1038) confidence=0.8
2026-09-03 21:34:09 | INFO | image_processing.py:39 | Searching end_turn.PNG (timeout=0s)
2026-09-03 21:34:09 | INFO | image_processing.py:84 | 
⛔ Not found: end_turn.PNG after 0.12s region=(0, 0, 765, 1038) confidence=0.8
2026-09-03 21:34:09 | INFO | image_processing.py:39 | Searching playing3_6_2.png (timeout=0s)
2026-09-03 21:34:09 | INFO | image_processing.py:84 | 
⛔ Not found: playing3_6_2.png after 0.0s region=(0, 0, 765, 1038) confidence=0.95
2026-09-03 21:34:09 | INFO | image_processing.py:39 | Searching you_have_encountered_an_error.png (timeout=0s)
2026-09-03 21:34:09 | INFO | image_processing.py:84 | 
⛔ Not found: you_have_encountered_an_error.png after 0.0s region=(0, 0, 765, 1038) confidence=0.8
2026-09-03 21:34:09 | INFO | image_processing.py:39 | Searching aw_snap_only.png (timeout=0s)
2026-09-03 21:34:10 | INFO | image_processing.py:84 | 
⛔ Not found: aw_snap_only.png after 0.1s region=(0, 0, 765, 1038) confidence=0.8
2026-09-03 21:34:10 | INFO | image_processing.py:39 | Searching battle_victory_conquest.PNG (timeout=0s)
2026-09-03 21:34:10 | INFO | image_processing.py:84 | 
⛔ Not found: battle_victory_conquest.PNG after 0.0s region=(0, 0, 765, 1038) confidence=0.8
2026-09-03 21:34:10 | INFO | image_processing.py:39 | Searching next_after_concede_conquest_2.PNG (timeout=0s)
2026-09-03 21:34:10 | INFO | image_processing.py:84 | 
⛔ Not found: next_after_concede_conquest_2.PNG after 0.14s region=(0, 0, 765, 1038) confidence=0.8
2026-09-03 21:34:10 | INFO | image_processing.py:39 | Searching battle_ready.PNG (timeout=0s)
2026-09-03 21:34:10 | INFO | image_processing.py:84 | 
⛔ Not found: battle_ready.PNG after 0.13s region=(0, 0, 765, 1038) confidence=0.8
2026-09-03 21:34:10 | INFO | image_processing.py:39 | Searching end_turn.PNG (timeout=0s)
2026-09-03 21:34:11 | INFO | image_processing.py:84 | 
⛔ Not found: end_turn.PNG after 0.12s region=(0, 0, 765, 1038) confidence=0.8
2026-09-03 21:34:11 | INFO | image_processing.py:39 | Searching playing3_6_2.png (timeout=0s)
2026-09-03 21:34:11 | INFO | image_processing.py:84 | 
⛔ Not found: playing3_6_2.png after 0.0s region=(0, 0, 765, 1038) confidence=0.95
2026-09-03 21:34:11 | INFO | image_processing.py:39 | Searching you_have_encountered_an_error.png (timeout=0s)
2026-09-03 21:34:11 | INFO | image_processing.py:84 | 
⛔ Not found: you_have_encountered_an_error.png after 0.12s region=(0, 0, 765, 1038) confidence=0.8
2026-09-03 21:34:11 | INFO | image_processing.py:39 | Searching aw_snap_only.png (timeout=0s)
2026-09-03 21:34:11 | INFO | image_processing.py:84 | 
⛔ Not found: aw_snap_only.png after 0.0s region=(0, 0, 765, 1038) confidence=0.8
2026-09-03 21:34:11 | INFO | image_processing.py:39 | Searching battle_victory_conquest.PNG (timeout=0s)
2026-09-03 21:34:11 | INFO | image_processing.py:84 | 
⛔ Not found: battle_victory_conquest.PNG after 0.0s region=(0, 0, 765, 1038) confidence=0.8
2026-09-03 21:34:11 | INFO | image_processing.py:39 | Searching next_after_concede_conquest_2.PNG (timeout=0s)
2026-09-03 21:34:11 | INFO | image_processing.py:84 | 
⛔ Not found: next_after_concede_conquest_2.PNG after 0.11s region=(0, 0, 765, 1038) confidence=0.8
2026-09-03 21:34:11 | INFO | image_processing.py:39 | Searching battle_ready.PNG (timeout=0s)
2026-09-03 21:34:12 | INFO | image_processing.py:84 | 
⛔ Not found: battle_ready.PNG after 0.13s region=(0, 0, 765, 1038) confidence=0.8
2026-09-03 21:34:12 | INFO | image_processing.py:39 | Searching end_turn.PNG (timeout=0s)
2026-09-03 21:34:12 | INFO | image_processing.py:84 | 
⛔ Not found: end_turn.PNG after 0.12s region=(0, 0, 765, 1038) confidence=0.8
2026-09-03 21:34:12 | INFO | image_processing.py:39 | Searching playing3_6_2.png (timeout=0s)
2026-09-03 21:34:12 | INFO | image_processing.py:84 | 
⛔ Not found: playing3_6_2.png after 0.15s region=(0, 0, 765, 1038) confidence=0.95
2026-09-03 21:34:12 | INFO | image_processing.py:39 | Searching you_have_encountered_an_error.png (timeout=0s)
2026-09-03 21:34:12 | INFO | image_processing.py:84 | 
⛔ Not found: you_have_encountered_an_error.png after 0.1s region=(0, 0, 765, 1038) confidence=0.8
2026-09-03 21:34:12 | INFO | image_processing.py:39 | Searching aw_snap_only.png (timeout=0s)
2026-09-03 21:34:13 | INFO | image_processing.py:84 | 
⛔ Not found: aw_snap_only.png after 0.13s region=(0, 0, 765, 1038) confidence=0.8
2026-09-03 21:34:13 | INFO | image_processing.py:39 | Searching battle_victory_conquest.PNG (timeout=0s)
2026-09-03 21:34:13 | INFO | image_processing.py:84 | 
⛔ Not found: battle_victory_conquest.PNG after 0.11s region=(0, 0, 765, 1038) confidence=0.8
2026-09-03 21:34:13 | INFO | image_processing.py:39 | Searching next_after_concede_conquest_2.PNG (timeout=0s)
2026-09-03 21:34:13 | INFO | image_processing.py:84 | 
⛔ Not found: next_after_concede_conquest_2.PNG after 0.12s region=(0, 0, 765, 1038) confidence=0.8
2026-09-03 21:34:13 | INFO | image_processing.py:39 | Searching battle_ready.PNG (timeout=0s)
2026-09-03 21:34:14 | INFO | image_processing.py:84 | 
⛔ Not found: battle_ready.PNG after 0.13s region=(0, 0, 765, 1038) confidence=0.8
2026-09-03 21:34:14 | INFO | image_processing.py:39 | Searching end_turn.PNG (timeout=0s)
2026-09-03 21:34:14 | INFO | image_processing.py:84 | 
⛔ Not found: end_turn.PNG after 0.11s region=(0, 0, 765, 1038) confidence=0.8
2026-09-03 21:34:14 | INFO | image_processing.py:39 | Searching playing3_6_2.png (timeout=0s)
2026-09-03 21:34:14 | INFO | image_processing.py:84 | 
⛔ Not found: playing3_6_2.png after 0.0s region=(0, 0, 765, 1038) confidence=0.95
2026-09-03 21:34:14 | INFO | image_processing.py:39 | Searching you_have_encountered_an_error.png (timeout=0s)
2026-09-03 21:34:14 | INFO | image_processing.py:84 | 
⛔ Not found: you_have_encountered_an_error.png after 0.11s region=(0, 0, 765, 1038) confidence=0.8
2026-09-03 21:34:14 | INFO | image_processing.py:39 | Searching aw_snap_only.png (timeout=0s)
2026-09-03 21:34:14 | INFO | image_processing.py:84 | 
⛔ Not found: aw_snap_only.png after 0.0s region=(0, 0, 765, 1038) confidence=0.8
2026-09-03 21:34:14 | INFO | image_processing.py:39 | Searching battle_victory_conquest.PNG (timeout=0s)
2026-09-03 21:34:14 | INFO | image_processing.py:84 | 
⛔ Not found: battle_victory_conquest.PNG after 0.0s region=(0, 0, 765, 1038) confidence=0.8
2026-09-03 21:34:14 | INFO | image_processing.py:39 | Searching next_after_concede_conquest_2.PNG (timeout=0s)
2026-09-03 21:34:15 | INFO | image_processing.py:84 | 
⛔ Not found: next_after_concede_conquest_2.PNG after 0.1s region=(0, 0, 765, 1038) confidence=0.8
2026-09-03 21:34:15 | INFO | image_processing.py:39 | Searching battle_ready.PNG (timeout=0s)
2026-09-03 21:34:15 | INFO | image_processing.py:84 | 
⛔ Not found: battle_ready.PNG after 0.13s region=(0, 0, 765, 1038) confidence=0.8
2026-09-03 21:34:15 | INFO | image_processing.py:39 | Searching end_turn.PNG (timeout=0s)
2026-09-03 21:34:15 | INFO | image_processing.py:84 | 
⛔ Not found: end_turn.PNG after 0.12s region=(0, 0, 765, 1038) confidence=0.8
2026-09-03 21:34:15 | INFO | image_processing.py:39 | Searching playing3_6_2.png (timeout=0s)
2026-09-03 21:34:15 | INFO | image_processing.py:84 | 
⛔ Not found: playing3_6_2.png after 0.16s region=(0, 0, 765, 1038) confidence=0.95
2026-09-03 21:34:15 | INFO | image_processing.py:39 | Searching you_have_encountered_an_error.png (timeout=0s)
2026-09-03 21:34:16 | INFO | image_processing.py:84 | 
⛔ Not found: you_have_encountered_an_error.png after 0.1s region=(0, 0, 765, 1038) confidence=0.8
2026-09-03 21:34:16 | INFO | image_processing.py:39 | Searching aw_snap_only.png (timeout=0s)
2026-09-03 21:34:16 | INFO | image_processing.py:84 | 
⛔ Not found: aw_snap_only.png after 0.1s region=(0, 0, 765, 1038) confidence=0.8
2026-09-03 21:34:16 | INFO | image_processing.py:39 | Searching battle_victory_conquest.PNG (timeout=0s)
2026-09-03 21:34:16 | INFO | image_processing.py:84 | 
⛔ Not found: battle_victory_conquest.PNG after 0.1s region=(0, 0, 765, 1038) confidence=0.8
2026-09-03 21:34:16 | INFO | image_processing.py:39 | Searching next_after_concede_conquest_2.PNG (timeout=0s)
2026-09-03 21:34:16 | INFO | image_processing.py:84 | 
⛔ Not found: next_after_concede_conquest_2.PNG after 0.0s region=(0, 0, 765, 1038) confidence=0.8
2026-09-03 21:34:16 | INFO | image_processing.py:39 | Searching battle_ready.PNG (timeout=0s)
2026-09-03 21:34:17 | INFO | image_processing.py:84 | 
⛔ Not found: battle_ready.PNG after 0.13s region=(0, 0, 765, 1038) confidence=0.8
2026-09-03 21:34:17 | INFO | image_processing.py:39 | Searching end_turn.PNG (timeout=0s)
2026-09-03 21:34:17 | INFO | image_processing.py:84 | 
⛔ Not found: end_turn.PNG after 0.0s region=(0, 0, 765, 1038) confidence=0.8
2026-09-03 21:34:17 | INFO | image_processing.py:39 | Searching playing3_6_2.png (timeout=0s)
2026-09-03 21:34:17 | INFO | image_processing.py:84 | 
⛔ Not found: playing3_6_2.png after 0.17s region=(0, 0, 765, 1038) confidence=0.95
2026-09-03 21:34:17 | INFO | image_processing.py:39 | Searching you_have_encountered_an_error.png (timeout=0s)
2026-09-03 21:34:17 | INFO | image_processing.py:84 | 
⛔ Not found: you_have_encountered_an_error.png after 0.1s region=(0, 0, 765, 1038) confidence=0.8
2026-09-03 21:34:17 | INFO | image_processing.py:39 | Searching aw_snap_only.png (timeout=0s)
2026-09-03 21:34:17 | INFO | image_processing.py:84 | 
⛔ Not found: aw_snap_only.png after 0.11s region=(0, 0, 765, 1038) confidence=0.8
2026-09-03 21:34:17 | INFO | image_processing.py:39 | Searching battle_victory_conquest.PNG (timeout=0s)
2026-09-03 21:34:18 | INFO | image_processing.py:84 | 
⛔ Not found: battle_victory_conquest.PNG after 0.12s region=(0, 0, 765, 1038) confidence=0.8
2026-09-03 21:34:18 | INFO | image_processing.py:39 | Searching next_after_concede_conquest_2.PNG (timeout=0s)
2026-09-03 21:34:18 | INFO | image_processing.py:84 | 
⛔ Not found: next_after_concede_conquest_2.PNG after 0.1s region=(0, 0, 765, 1038) confidence=0.8
2026-09-03 21:34:18 | INFO | image_processing.py:39 | Searching battle_ready.PNG (timeout=0s)
2026-09-03 21:34:18 | INFO | image_processing.py:84 | 
⛔ Not found: battle_ready.PNG after 0.14s region=(0, 0, 765, 1038) confidence=0.8
2026-09-03 21:34:18 | INFO | image_processing.py:39 | Searching end_turn.PNG (timeout=0s)
2026-09-03 21:34:18 | INFO | image_processing.py:84 | 
⛔ Not found: end_turn.PNG after 0.11s region=(0, 0, 765, 1038) confidence=0.8
2026-09-03 21:34:18 | INFO | image_processing.py:39 | Searching playing3_6_2.png (timeout=0s)
2026-09-03 21:34:19 | INFO | image_processing.py:84 | 
⛔ Not found: playing3_6_2.png after 0.1s region=(0, 0, 765, 1038) confidence=0.95
2026-09-03 21:34:19 | INFO | image_processing.py:39 | Searching you_have_encountered_an_error.png (timeout=0s)
2026-09-03 21:34:19 | INFO | image_processing.py:84 | 
⛔ Not found: you_have_encountered_an_error.png after 0.0s region=(0, 0, 765, 1038) confidence=0.8
2026-09-03 21:34:19 | INFO | image_processing.py:39 | Searching aw_snap_only.png (timeout=0s)
2026-09-03 21:34:19 | INFO | image_processing.py:84 | 
⛔ Not found: aw_snap_only.png after 0.0s region=(0, 0, 765, 1038) confidence=0.8
2026-09-03 21:34:19 | INFO | image_processing.py:39 | Searching battle_victory_conquest.PNG (timeout=0s)
2026-09-03 21:34:19 | INFO | image_processing.py:84 | 
⛔ Not found: battle_victory_conquest.PNG after 0.0s region=(0, 0, 765, 1038) confidence=0.8
2026-09-03 21:34:19 | INFO | image_processing.py:39 | Searching next_after_concede_conquest_2.PNG (timeout=0s)
2026-09-03 21:34:19 | INFO | image_processing.py:84 | 
⛔ Not found: next_after_concede_conquest_2.PNG after 0.0s region=(0, 0, 765, 1038) confidence=0.8
2026-09-03 21:34:19 | INFO | image_processing.py:39 | Searching battle_ready.PNG (timeout=0s)
2026-09-03 21:34:19 | INFO | image_processing.py:84 | 
⛔ Not found: battle_ready.PNG after 0.14s region=(0, 0, 765, 1038) confidence=0.8
2026-09-03 21:34:19 | INFO | image_processing.py:39 | Searching end_turn.PNG (timeout=0s)
2026-09-03 21:34:20 | INFO | image_processing.py:84 | 
⛔ Not found: end_turn.PNG after 0.12s region=(0, 0, 765, 1038) confidence=0.8
2026-09-03 21:34:20 | INFO | image_processing.py:39 | Searching playing3_6_2.png (timeout=0s)
2026-09-03 21:34:20 | INFO | image_processing.py:84 | 
⛔ Not found: playing3_6_2.png after 0.15s region=(0, 0, 765, 1038) confidence=0.95
2026-09-03 21:34:20 | INFO | image_processing.py:39 | Searching you_have_encountered_an_error.png (timeout=0s)
2026-09-03 21:34:20 | INFO | image_processing.py:84 | 
⛔ Not found: you_have_encountered_an_error.png after 0.0s region=(0, 0, 765, 1038) confidence=0.8
2026-09-03 21:34:20 | INFO | image_processing.py:39 | Searching aw_snap_only.png (timeout=0s)
2026-09-03 21:34:20 | INFO | image_processing.py:84 | 
⛔ Not found: aw_snap_only.png after 0.0s region=(0, 0, 765, 1038) confidence=0.8
2026-09-03 21:34:20 | INFO | image_processing.py:39 | Searching battle_victory_conquest.PNG (timeout=0s)
2026-09-03 21:34:20 | INFO | image_processing.py:84 | 
⛔ Not found: battle_victory_conquest.PNG after 0.1s region=(0, 0, 765, 1038) confidence=0.8
2026-09-03 21:34:20 | INFO | image_processing.py:39 | Searching next_after_concede_conquest_2.PNG (timeout=0s)
2026-09-03 21:34:21 | INFO | image_processing.py:84 | 
⛔ Not found: next_after_concede_conquest_2.PNG after 0.14s region=(0, 0, 765, 1038) confidence=0.8
2026-09-03 21:34:21 | INFO | image_processing.py:39 | Searching battle_ready.PNG (timeout=0s)
2026-09-03 21:34:21 | INFO | image_processing.py:84 | 
⛔ Not found: battle_ready.PNG after 0.0s region=(0, 0, 765, 1038) confidence=0.8
2026-09-03 21:34:21 | INFO | image_processing.py:39 | Searching end_turn.PNG (timeout=0s)
2026-09-03 21:34:21 | INFO | image_processing.py:84 | 
⛔ Not found: end_turn.PNG after 0.11s region=(0, 0, 765, 1038) confidence=0.8
2026-09-03 21:34:21 | INFO | image_processing.py:39 | Searching playing3_6_2.png (timeout=0s)
2026-09-03 21:34:21 | INFO | image_processing.py:84 | 
⛔ Not found: playing3_6_2.png after 0.1s region=(0, 0, 765, 1038) confidence=0.95
2026-09-03 21:34:21 | INFO | image_processing.py:39 | Searching you_have_encountered_an_error.png (timeout=0s)
2026-09-03 21:34:22 | INFO | image_processing.py:84 | 
⛔ Not found: you_have_encountered_an_error.png after 0.1s region=(0, 0, 765, 1038) confidence=0.8
2026-09-03 21:34:22 | INFO | image_processing.py:39 | Searching aw_snap_only.png (timeout=0s)
2026-09-03 21:34:22 | INFO | image_processing.py:84 | 
⛔ Not found: aw_snap_only.png after 0.1s region=(0, 0, 765, 1038) confidence=0.8
2026-09-03 21:34:22 | INFO | image_processing.py:39 | Searching battle_victory_conquest.PNG (timeout=0s)
2026-09-03 21:34:22 | INFO | image_processing.py:84 | 
⛔ Not found: battle_victory_conquest.PNG after 0.11s region=(0, 0, 765, 1038) confidence=0.8
2026-09-03 21:34:22 | INFO | image_processing.py:39 | Searching next_after_concede_conquest_2.PNG (timeout=0s)
2026-09-03 21:34:22 | INFO | image_processing.py:84 | 
⛔ Not found: next_after_concede_conquest_2.PNG after 0.0s region=(0, 0, 765, 1038) confidence=0.8
2026-09-03 21:34:22 | INFO | image_processing.py:39 | Searching battle_ready.PNG (timeout=0s)
2026-09-03 21:34:22 | INFO | image_processing.py:84 | 
⛔ Not found: battle_ready.PNG after 0.16s region=(0, 0, 765, 1038) confidence=0.8
2026-09-03 21:34:22 | INFO | image_processing.py:39 | Searching end_turn.PNG (timeout=0s)
2026-09-03 21:34:23 | INFO | image_processing.py:84 | 
⛔ Not found: end_turn.PNG after 0.13s region=(0, 0, 765, 1038) confidence=0.8
2026-09-03 21:34:23 | INFO | image_processing.py:39 | Searching playing3_6_2.png (timeout=0s)
2026-09-03 21:34:23 | INFO | image_processing.py:84 | 
⛔ Not found: playing3_6_2.png after 0.14s region=(0, 0, 765, 1038) confidence=0.95
2026-09-03 21:34:23 | INFO | image_processing.py:39 | Searching you_have_encountered_an_error.png (timeout=0s)
2026-09-03 21:34:23 | INFO | image_processing.py:84 | 
⛔ Not found: you_have_encountered_an_error.png after 0.11s region=(0, 0, 765, 1038) confidence=0.8
2026-09-03 21:34:23 | INFO | image_processing.py:39 | Searching aw_snap_only.png (timeout=0s)
2026-09-03 21:34:23 | INFO | image_processing.py:84 | 
⛔ Not found: aw_snap_only.png after 0.0s region=(0, 0, 765, 1038) confidence=0.8
2026-09-03 21:34:23 | INFO | image_processing.py:39 | Searching battle_victory_conquest.PNG (timeout=0s)
2026-09-03 21:34:23 | INFO | image_processing.py:84 | 
⛔ Not found: battle_victory_conquest.PNG after 0.1s region=(0, 0, 765, 1038) confidence=0.8
2026-09-03 21:34:24 | INFO | image_processing.py:39 | Searching next_after_concede_conquest_2.PNG (timeout=0s)
2026-09-03 21:34:24 | INFO | image_processing.py:84 | 
⛔ Not found: next_after_concede_conquest_2.PNG after 0.11s region=(0, 0, 765, 1038) confidence=0.8
2026-09-03 21:34:24 | INFO | image_processing.py:39 | Searching battle_ready.PNG (timeout=0s)
2026-09-03 21:34:24 | INFO | image_processing.py:84 | 
⛔ Not found: battle_ready.PNG after 0.15s region=(0, 0, 765, 1038) confidence=0.8
2026-09-03 21:34:24 | INFO | image_processing.py:39 | Searching end_turn.PNG (timeout=0s)
2026-09-03 21:34:24 | INFO | image_processing.py:84 | 
⛔ Not found: end_turn.PNG after 0.0s region=(0, 0, 765, 1038) confidence=0.8
2026-09-03 21:34:24 | INFO | image_processing.py:39 | Searching playing3_6_2.png (timeout=0s)
2026-09-03 21:34:24 | INFO | image_processing.py:84 | 
⛔ Not found: playing3_6_2.png after 0.15s region=(0, 0, 765, 1038) confidence=0.95
2026-09-03 21:34:24 | INFO | image_processing.py:39 | Searching you_have_encountered_an_error.png (timeout=0s)
2026-09-03 21:34:25 | INFO | image_processing.py:84 | 
⛔ Not found: you_have_encountered_an_error.png after 0.0s region=(0, 0, 765, 1038) confidence=0.8
2026-09-03 21:34:25 | INFO | image_processing.py:39 | Searching aw_snap_only.png (timeout=0s)
2026-09-03 21:34:25 | INFO | image_processing.py:84 | 
⛔ Not found: aw_snap_only.png after 0.0s region=(0, 0, 765, 1038) confidence=0.8
2026-09-03 21:34:25 | INFO | image_processing.py:39 | Searching battle_victory_conquest.PNG (timeout=0s)
2026-09-03 21:34:25 | INFO | image_processing.py:84 | 
⛔ Not found: battle_victory_conquest.PNG after 0.12s region=(0, 0, 765, 1038) confidence=0.8
2026-09-03 21:34:25 | INFO | image_processing.py:39 | Searching next_after_concede_conquest_2.PNG (timeout=0s)
2026-09-03 21:34:25 | INFO | image_processing.py:84 | 
⛔ Not found: next_after_concede_conquest_2.PNG after 0.15s region=(0, 0, 765, 1038) confidence=0.8
2026-09-03 21:34:25 | INFO | image_processing.py:39 | Searching battle_ready.PNG (timeout=0s)
2026-09-03 21:34:25 | INFO | image_processing.py:84 | 
⛔ Not found: battle_ready.PNG after 0.0s region=(0, 0, 765, 1038) confidence=0.8
2026-09-03 21:34:25 | INFO | image_processing.py:39 | Searching end_turn.PNG (timeout=0s)
2026-09-03 21:34:25 | INFO | image_processing.py:84 | 
⛔ Not found: end_turn.PNG after 0.0s region=(0, 0, 765, 1038) confidence=0.8
2026-09-03 21:34:25 | INFO | image_processing.py:39 | Searching playing3_6_2.png (timeout=0s)
2026-09-03 21:34:26 | INFO | image_processing.py:84 | 
⛔ Not found: playing3_6_2.png after 0.16s region=(0, 0, 765, 1038) confidence=0.95
2026-09-03 21:34:26 | INFO | image_processing.py:39 | Searching you_have_encountered_an_error.png (timeout=0s)
2026-09-03 21:34:26 | INFO | image_processing.py:84 | 
⛔ Not found: you_have_encountered_an_error.png after 0.1s region=(0, 0, 765, 1038) confidence=0.8
2026-09-03 21:34:26 | INFO | image_processing.py:39 | Searching aw_snap_only.png (timeout=0s)
2026-09-03 21:34:26 | INFO | image_processing.py:84 | 
⛔ Not found: aw_snap_only.png after 0.1s region=(0, 0, 765, 1038) confidence=0.8
2026-09-03 21:34:26 | INFO | image_processing.py:39 | Searching battle_victory_conquest.PNG (timeout=0s)
2026-09-03 21:34:26 | INFO | image_processing.py:84 | 
⛔ Not found: battle_victory_conquest.PNG after 0.0s region=(0, 0, 765, 1038) confidence=0.8
2026-09-03 21:34:26 | INFO | image_processing.py:39 | Searching next_after_concede_conquest_2.PNG (timeout=0s)
2026-09-03 21:34:27 | INFO | image_processing.py:84 | 
⛔ Not found: next_after_concede_conquest_2.PNG after 0.11s region=(0, 0, 765, 1038) confidence=0.8
2026-09-03 21:34:27 | INFO | image_processing.py:39 | Searching battle_ready.PNG (timeout=0s)
2026-09-03 21:34:27 | INFO | image_processing.py:84 | 
⛔ Not found: battle_ready.PNG after 0.0s region=(0, 0, 765, 1038) confidence=0.8
2026-09-03 21:34:27 | INFO | image_processing.py:39 | Searching end_turn.PNG (timeout=0s)
2026-09-03 21:34:27 | INFO | image_processing.py:84 | 
⛔ Not found: end_turn.PNG after 0.11s region=(0, 0, 765, 1038) confidence=0.8
2026-09-03 21:34:27 | INFO | image_processing.py:39 | Searching playing3_6_2.png (timeout=0s)
2026-09-03 21:34:27 | INFO | image_processing.py:84 | 
⛔ Not found: playing3_6_2.png after 0.0s region=(0, 0, 765, 1038) confidence=0.95
2026-09-03 21:34:27 | INFO | image_processing.py:39 | Searching you_have_encountered_an_error.png (timeout=0s)
2026-09-03 21:34:27 | INFO | image_processing.py:84 | 
⛔ Not found: you_have_encountered_an_error.png after 0.0s region=(0, 0, 765, 1038) confidence=0.8
2026-09-03 21:34:27 | INFO | image_processing.py:39 | Searching aw_snap_only.png (timeout=0s)
2026-09-03 21:34:27 | INFO | image_processing.py:84 | 
⛔ Not found: aw_snap_only.png after 0.0s region=(0, 0, 765, 1038) confidence=0.8
2026-09-03 21:34:27 | INFO | image_processing.py:39 | Searching battle_victory_conquest.PNG (timeout=0s)
2026-09-03 21:34:27 | INFO | image_processing.py:84 | 
⛔ Not found: battle_victory_conquest.PNG after 0.1s region=(0, 0, 765, 1038) confidence=0.8
2026-09-03 21:34:28 | INFO | image_processing.py:39 | Searching next_after_concede_conquest_2.PNG (timeout=0s)
2026-09-03 21:34:28 | INFO | image_processing.py:84 | 
⛔ Not found: next_after_concede_conquest_2.PNG after 0.14s region=(0, 0, 765, 1038) confidence=0.8
2026-09-03 21:34:28 | INFO | image_processing.py:39 | Searching battle_ready.PNG (timeout=0s)
2026-09-03 21:34:28 | INFO | image_processing.py:84 | 
⛔ Not found: battle_ready.PNG after 0.15s region=(0, 0, 765, 1038) confidence=0.8
2026-09-03 21:34:28 | INFO | image_processing.py:39 | Searching end_turn.PNG (timeout=0s)
2026-09-03 21:34:28 | INFO | image_processing.py:84 | 
⛔ Not found: end_turn.PNG after 0.11s region=(0, 0, 765, 1038) confidence=0.8
2026-09-03 21:34:28 | INFO | image_processing.py:39 | Searching playing3_6_2.png (timeout=0s)
2026-09-03 21:34:28 | INFO | image_processing.py:84 | 
⛔ Not found: playing3_6_2.png after 0.0s region=(0, 0, 765, 1038) confidence=0.95
2026-09-03 21:34:28 | INFO | image_processing.py:39 | Searching you_have_encountered_an_error.png (timeout=0s)
2026-09-03 21:34:29 | INFO | image_processing.py:84 | 
⛔ Not found: you_have_encountered_an_error.png after 0.0s region=(0, 0, 765, 1038) confidence=0.8
2026-09-03 21:34:29 | INFO | image_processing.py:39 | Searching aw_snap_only.png (timeout=0s)
2026-09-03 21:34:29 | INFO | image_processing.py:84 | 
⛔ Not found: aw_snap_only.png after 0.1s region=(0, 0, 765, 1038) confidence=0.8
2026-09-03 21:34:29 | INFO | image_processing.py:39 | Searching battle_victory_conquest.PNG (timeout=0s)
2026-09-03 21:34:29 | INFO | image_processing.py:84 | 
⛔ Not found: battle_victory_conquest.PNG after 0.12s region=(0, 0, 765, 1038) confidence=0.8
2026-09-03 21:34:29 | INFO | image_processing.py:39 | Searching next_after_concede_conquest_2.PNG (timeout=0s)
2026-09-03 21:34:29 | INFO | image_processing.py:84 | 
⛔ Not found: next_after_concede_conquest_2.PNG after 0.1s region=(0, 0, 765, 1038) confidence=0.8
2026-09-03 21:34:29 | INFO | image_processing.py:39 | Searching battle_ready.PNG (timeout=0s)
2026-09-03 21:34:30 | INFO | image_processing.py:84 | 
⛔ Not found: battle_ready.PNG after 0.13s region=(0, 0, 765, 1038) confidence=0.8
2026-09-03 21:34:30 | INFO | image_processing.py:39 | Searching end_turn.PNG (timeout=0s)
2026-09-03 21:34:30 | INFO | image_processing.py:84 | 
⛔ Not found: end_turn.PNG after 0.11s region=(0, 0, 765, 1038) confidence=0.8
2026-09-03 21:34:30 | INFO | image_processing.py:39 | Searching playing3_6_2.png (timeout=0s)
2026-09-03 21:34:30 | INFO | image_processing.py:84 | 
⛔ Not found: playing3_6_2.png after 0.16s region=(0, 0, 765, 1038) confidence=0.95
2026-09-03 21:34:30 | INFO | image_processing.py:39 | Searching you_have_encountered_an_error.png (timeout=0s)
2026-09-03 21:34:30 | INFO | image_processing.py:84 | 
⛔ Not found: you_have_encountered_an_error.png after 0.0s region=(0, 0, 765, 1038) confidence=0.8
2026-09-03 21:34:30 | INFO | image_processing.py:39 | Searching aw_snap_only.png (timeout=0s)
2026-09-03 21:34:30 | INFO | image_processing.py:84 | 
⛔ Not found: aw_snap_only.png after 0.0s region=(0, 0, 765, 1038) confidence=0.8
2026-09-03 21:34:30 | INFO | image_processing.py:39 | Searching battle_victory_conquest.PNG (timeout=0s)
2026-09-03 21:34:31 | INFO | image_processing.py:84 | 
⛔ Not found: battle_victory_conquest.PNG after 0.11s region=(0, 0, 765, 1038) confidence=0.8
2026-09-03 21:34:31 | INFO | image_processing.py:39 | Searching next_after_concede_conquest_2.PNG (timeout=0s)
2026-09-03 21:34:31 | INFO | image_processing.py:84 | 
⛔ Not found: next_after_concede_conquest_2.PNG after 0.14s region=(0, 0, 765, 1038) confidence=0.8
2026-09-03 21:34:31 | INFO | image_processing.py:39 | Searching battle_ready.PNG (timeout=0s)
2026-09-03 21:34:31 | INFO | image_processing.py:84 | 
⛔ Not found: battle_ready.PNG after 0.14s region=(0, 0, 765, 1038) confidence=0.8
2026-09-03 21:34:31 | INFO | image_processing.py:39 | Searching end_turn.PNG (timeout=0s)
2026-09-03 21:34:31 | INFO | image_processing.py:84 | 
⛔ Not found: end_turn.PNG after 0.12s region=(0, 0, 765, 1038) confidence=0.8
2026-09-03 21:34:31 | INFO | image_processing.py:39 | Searching playing3_6_2.png (timeout=0s)
2026-09-03 21:34:32 | INFO | image_processing.py:84 | 
⛔ Not found: playing3_6_2.png after 0.15s region=(0, 0, 765, 1038) confidence=0.95
2026-09-03 21:34:32 | INFO | image_processing.py:39 | Searching you_have_encountered_an_error.png (timeout=0s)
2026-09-03 21:34:32 | INFO | image_processing.py:84 | 
⛔ Not found: you_have_encountered_an_error.png after 0.13s region=(0, 0, 765, 1038) confidence=0.8
2026-09-03 21:34:32 | INFO | image_processing.py:39 | Searching aw_snap_only.png (timeout=0s)
2026-09-03 21:34:32 | INFO | image_processing.py:84 | 
⛔ Not found: aw_snap_only.png after 0.0s region=(0, 0, 765, 1038) confidence=0.8
2026-09-03 21:34:32 | INFO | image_processing.py:39 | Searching battle_victory_conquest.PNG (timeout=0s)
2026-09-03 21:34:32 | INFO | image_processing.py:84 | 
⛔ Not found: battle_victory_conquest.PNG after 0.11s region=(0, 0, 765, 1038) confidence=0.8
2026-09-03 21:34:32 | INFO | image_processing.py:39 | Searching next_after_concede_conquest_2.PNG (timeout=0s)
2026-09-03 21:34:32 | INFO | image_processing.py:84 | 
⛔ Not found: next_after_concede_conquest_2.PNG after 0.0s region=(0, 0, 765, 1038) confidence=0.8
2026-09-03 21:34:32 | INFO | image_processing.py:39 | Searching battle_ready.PNG (timeout=0s)
2026-09-03 21:34:33 | INFO | image_processing.py:84 | 
⛔ Not found: battle_ready.PNG after 0.0s region=(0, 0, 765, 1038) confidence=0.8
2026-09-03 21:34:33 | INFO | image_processing.py:39 | Searching end_turn.PNG (timeout=0s)
2026-09-03 21:34:33 | INFO | image_processing.py:84 | 
⛔ Not found: end_turn.PNG after 0.11s region=(0, 0, 765, 1038) confidence=0.8
2026-09-03 21:34:33 | INFO | image_processing.py:39 | Searching playing3_6_2.png (timeout=0s)
2026-09-03 21:34:33 | INFO | image_processing.py:84 | 
⛔ Not found: playing3_6_2.png after 0.15s region=(0, 0, 765, 1038) confidence=0.95
2026-09-03 21:34:33 | INFO | image_processing.py:39 | Searching you_have_encountered_an_error.png (timeout=0s)
2026-09-03 21:34:33 | INFO | image_processing.py:84 | 
⛔ Not found: you_have_encountered_an_error.png after 0.0s region=(0, 0, 765, 1038) confidence=0.8
2026-09-03 21:34:33 | INFO | image_processing.py:39 | Searching aw_snap_only.png (timeout=0s)
2026-09-03 21:34:33 | INFO | image_processing.py:84 | 
⛔ Not found: aw_snap_only.png after 0.1s region=(0, 0, 765, 1038) confidence=0.8
2026-09-03 21:34:33 | INFO | image_processing.py:39 | Searching battle_victory_conquest.PNG (timeout=0s)
2026-09-03 21:34:34 | INFO | image_processing.py:84 | 
⛔ Not found: battle_victory_conquest.PNG after 0.0s region=(0, 0, 765, 1038) confidence=0.8
2026-09-03 21:34:34 | INFO | image_processing.py:39 | Searching next_after_concede_conquest_2.PNG (timeout=0s)
2026-09-03 21:34:34 | INFO | image_processing.py:84 | 
⛔ Not found: next_after_concede_conquest_2.PNG after 0.14s region=(0, 0, 765, 1038) confidence=0.8
2026-09-03 21:34:34 | INFO | image_processing.py:39 | Searching battle_ready.PNG (timeout=0s)
2026-09-03 21:34:34 | INFO | image_processing.py:84 | 
⛔ Not found: battle_ready.PNG after 0.14s region=(0, 0, 765, 1038) confidence=0.8
2026-09-03 21:34:34 | INFO | image_processing.py:39 | Searching end_turn.PNG (timeout=0s)
2026-09-03 21:34:34 | INFO | image_processing.py:84 | 
⛔ Not found: end_turn.PNG after 0.11s region=(0, 0, 765, 1038) confidence=0.8
2026-09-03 21:34:34 | INFO | image_processing.py:39 | Searching playing3_6_2.png (timeout=0s)
2026-09-03 21:34:35 | INFO | image_processing.py:84 | 
⛔ Not found: playing3_6_2.png after 0.15s region=(0, 0, 765, 1038) confidence=0.95
2026-09-03 21:34:35 | INFO | image_processing.py:39 | Searching you_have_encountered_an_error.png (timeout=0s)
2026-09-03 21:34:35 | INFO | image_processing.py:84 | 
⛔ Not found: you_have_encountered_an_error.png after 0.11s region=(0, 0, 765, 1038) confidence=0.8
2026-09-03 21:34:35 | INFO | image_processing.py:39 | Searching aw_snap_only.png (timeout=0s)
2026-09-03 21:34:35 | INFO | image_processing.py:84 | 
⛔ Not found: aw_snap_only.png after 0.12s region=(0, 0, 765, 1038) confidence=0.8
2026-09-03 21:34:35 | INFO | image_processing.py:39 | Searching battle_victory_conquest.PNG (timeout=0s)
2026-09-03 21:34:35 | INFO | image_processing.py:84 | 
⛔ Not found: battle_victory_conquest.PNG after 0.11s region=(0, 0, 765, 1038) confidence=0.8
2026-09-03 21:34:35 | INFO | image_processing.py:39 | Searching next_after_concede_conquest_2.PNG (timeout=0s)
2026-09-03 21:34:36 | INFO | image_processing.py:84 | 
⛔ Not found: next_after_concede_conquest_2.PNG after 0.0s region=(0, 0, 765, 1038) confidence=0.8
2026-09-03 21:34:36 | INFO | image_processing.py:39 | Searching battle_ready.PNG (timeout=0s)
2026-09-03 21:34:36 | INFO | image_processing.py:84 | 
⛔ Not found: battle_ready.PNG after 0.14s region=(0, 0, 765, 1038) confidence=0.8
2026-09-03 21:34:36 | INFO | image_processing.py:39 | Searching end_turn.PNG (timeout=0s)
2026-09-03 21:34:36 | INFO | image_processing.py:84 | 
⛔ Not found: end_turn.PNG after 0.12s region=(0, 0, 765, 1038) confidence=0.8
2026-09-03 21:34:36 | INFO | image_processing.py:39 | Searching playing3_6_2.png (timeout=0s)
2026-09-03 21:34:36 | INFO | image_processing.py:84 | 
⛔ Not found: playing3_6_2.png after 0.16s region=(0, 0, 765, 1038) confidence=0.95
2026-09-03 21:34:36 | INFO | image_processing.py:39 | Searching you_have_encountered_an_error.png (timeout=0s)
2026-09-03 21:34:37 | INFO | image_processing.py:84 | 
⛔ Not found: you_have_encountered_an_error.png after 0.11s region=(0, 0, 765, 1038) confidence=0.8
2026-09-03 21:34:37 | INFO | image_processing.py:39 | Searching aw_snap_only.png (timeout=0s)
2026-09-03 21:34:37 | INFO | image_processing.py:84 | 
⛔ Not found: aw_snap_only.png after 0.13s region=(0, 0, 765, 1038) confidence=0.8
2026-09-03 21:34:37 | INFO | image_processing.py:39 | Searching battle_victory_conquest.PNG (timeout=0s)
2026-09-03 21:34:37 | INFO | image_processing.py:84 | 
⛔ Not found: battle_victory_conquest.PNG after 0.12s region=(0, 0, 765, 1038) confidence=0.8
2026-09-03 21:34:37 | INFO | image_processing.py:39 | Searching next_after_concede_conquest_2.PNG (timeout=0s)
2026-09-03 21:34:37 | INFO | image_processing.py:84 | 
⛔ Not found: next_after_concede_conquest_2.PNG after 0.1s region=(0, 0, 765, 1038) confidence=0.8
2026-09-03 21:34:37 | INFO | image_processing.py:39 | Searching battle_ready.PNG (timeout=0s)
2026-09-03 21:34:38 | INFO | image_processing.py:84 | 
⛔ Not found: battle_ready.PNG after 0.0s region=(0, 0, 765, 1038) confidence=0.8
2026-09-03 21:34:38 | INFO | image_processing.py:39 | Searching end_turn.PNG (timeout=0s)
2026-09-03 21:34:38 | INFO | image_processing.py:84 | 
⛔ Not found: end_turn.PNG after 0.12s region=(0, 0, 765, 1038) confidence=0.8
2026-09-03 21:34:38 | INFO | image_processing.py:39 | Searching playing3_6_2.png (timeout=0s)
2026-09-03 21:34:38 | INFO | image_processing.py:84 | 
⛔ Not found: playing3_6_2.png after 0.0s region=(0, 0, 765, 1038) confidence=0.95
2026-09-03 21:34:38 | INFO | image_processing.py:39 | Searching you_have_encountered_an_error.png (timeout=0s)
2026-09-03 21:34:38 | INFO | image_processing.py:84 | 
⛔ Not found: you_have_encountered_an_error.png after 0.0s region=(0, 0, 765, 1038) confidence=0.8
2026-09-03 21:34:38 | INFO | image_processing.py:39 | Searching aw_snap_only.png (timeout=0s)
2026-09-03 21:34:38 | INFO | image_processing.py:84 | 
⛔ Not found: aw_snap_only.png after 0.0s region=(0, 0, 765, 1038) confidence=0.8
2026-09-03 21:34:38 | INFO | image_processing.py:39 | Searching battle_victory_conquest.PNG (timeout=0s)
2026-09-03 21:34:38 | INFO | image_processing.py:84 | 
⛔ Not found: battle_victory_conquest.PNG after 0.0s region=(0, 0, 765, 1038) confidence=0.8
2026-09-03 21:34:38 | INFO | image_processing.py:39 | Searching next_after_concede_conquest_2.PNG (timeout=0s)
2026-09-03 21:34:39 | INFO | image_processing.py:84 | 
⛔ Not found: next_after_concede_conquest_2.PNG after 0.11s region=(0, 0, 765, 1038) confidence=0.8
2026-09-03 21:34:39 | INFO | image_processing.py:39 | Searching battle_ready.PNG (timeout=0s)
2026-09-03 21:34:39 | INFO | image_processing.py:84 | 
⛔ Not found: battle_ready.PNG after 0.14s region=(0, 0, 765, 1038) confidence=0.8
2026-09-03 21:34:39 | INFO | image_processing.py:39 | Searching end_turn.PNG (timeout=0s)
2026-09-03 21:34:39 | INFO | image_processing.py:84 | 
⛔ Not found: end_turn.PNG after 0.11s region=(0, 0, 765, 1038) confidence=0.8
2026-09-03 21:34:39 | INFO | image_processing.py:39 | Searching playing3_6_2.png (timeout=0s)
2026-09-03 21:34:39 | INFO | image_processing.py:84 | 
⛔ Not found: playing3_6_2.png after 0.11s region=(0, 0, 765, 1038) confidence=0.95
2026-09-03 21:34:39 | INFO | image_processing.py:39 | Searching you_have_encountered_an_error.png (timeout=0s)
2026-09-03 21:34:39 | INFO | image_processing.py:84 | 
⛔ Not found: you_have_encountered_an_error.png after 0.0s region=(0, 0, 765, 1038) confidence=0.8
2026-09-03 21:34:39 | INFO | image_processing.py:39 | Searching aw_snap_only.png (timeout=0s)
2026-09-03 21:34:40 | INFO | image_processing.py:84 | 
⛔ Not found: aw_snap_only.png after 0.1s region=(0, 0, 765, 1038) confidence=0.8
2026-09-03 21:34:40 | INFO | image_processing.py:39 | Searching battle_victory_conquest.PNG (timeout=0s)
2026-09-03 21:34:40 | INFO | image_processing.py:84 | 
⛔ Not found: battle_victory_conquest.PNG after 0.1s region=(0, 0, 765, 1038) confidence=0.8
2026-09-03 21:34:40 | INFO | image_processing.py:39 | Searching next_after_concede_conquest_2.PNG (timeout=0s)
2026-09-03 21:34:40 | INFO | image_processing.py:84 | 
⛔ Not found: next_after_concede_conquest_2.PNG after 0.13s region=(0, 0, 765, 1038) confidence=0.8
2026-09-03 21:34:40 | INFO | image_processing.py:39 | Searching battle_ready.PNG (timeout=0s)
2026-09-03 21:34:40 | INFO | image_processing.py:84 | 
⛔ Not found: battle_ready.PNG after 0.13s region=(0, 0, 765, 1038) confidence=0.8
2026-09-03 21:34:40 | INFO | image_processing.py:39 | Searching end_turn.PNG (timeout=0s)
2026-09-03 21:34:41 | INFO | image_processing.py:84 | 
⛔ Not found: end_turn.PNG after 0.11s region=(0, 0, 765, 1038) confidence=0.8
2026-09-03 21:34:41 | INFO | image_processing.py:39 | Searching playing3_6_2.png (timeout=0s)
2026-09-03 21:34:41 | INFO | image_processing.py:84 | 
⛔ Not found: playing3_6_2.png after 0.0s region=(0, 0, 765, 1038) confidence=0.95
2026-09-03 21:34:41 | INFO | image_processing.py:39 | Searching you_have_encountered_an_error.png (timeout=0s)
2026-09-03 21:34:41 | INFO | image_processing.py:84 | 
⛔ Not found: you_have_encountered_an_error.png after 0.0s region=(0, 0, 765, 1038) confidence=0.8
2026-09-03 21:34:41 | INFO | image_processing.py:39 | Searching aw_snap_only.png (timeout=0s)
2026-09-03 21:34:41 | INFO | image_processing.py:84 | 
⛔ Not found: aw_snap_only.png after 0.11s region=(0, 0, 765, 1038) confidence=0.8
2026-09-03 21:34:41 | INFO | image_processing.py:39 | Searching battle_victory_conquest.PNG (timeout=0s)
2026-09-03 21:34:41 | INFO | image_processing.py:84 | 
⛔ Not found: battle_victory_conquest.PNG after 0.0s region=(0, 0, 765, 1038) confidence=0.8
2026-09-03 21:34:41 | INFO | image_processing.py:39 | Searching next_after_concede_conquest_2.PNG (timeout=0s)
2026-09-03 21:34:42 | INFO | image_processing.py:84 | 
⛔ Not found: next_after_concede_conquest_2.PNG after 0.13s region=(0, 0, 765, 1038) confidence=0.8
2026-09-03 21:34:42 | INFO | image_processing.py:39 | Searching battle_ready.PNG (timeout=0s)
2026-09-03 21:34:42 | INFO | image_processing.py:84 | 
⛔ Not found: battle_ready.PNG after 0.13s region=(0, 0, 765, 1038) confidence=0.8
2026-09-03 21:34:42 | INFO | image_processing.py:39 | Searching end_turn.PNG (timeout=0s)
2026-09-03 21:34:42 | INFO | image_processing.py:84 | 
⛔ Not found: end_turn.PNG after 0.13s region=(0, 0, 765, 1038) confidence=0.8
2026-09-03 21:34:42 | INFO | image_processing.py:39 | Searching playing3_6_2.png (timeout=0s)
2026-09-03 21:34:42 | INFO | image_processing.py:84 | 
⛔ Not found: playing3_6_2.png after 0.0s region=(0, 0, 765, 1038) confidence=0.95
2026-09-03 21:34:42 | INFO | image_processing.py:39 | Searching you_have_encountered_an_error.png (timeout=0s)
2026-09-03 21:34:42 | INFO | image_processing.py:84 | 
⛔ Not found: you_have_encountered_an_error.png after 0.0s region=(0, 0, 765, 1038) confidence=0.8
2026-09-03 21:34:42 | INFO | image_processing.py:39 | Searching aw_snap_only.png (timeout=0s)
2026-09-03 21:34:42 | INFO | image_processing.py:84 | 
⛔ Not found: aw_snap_only.png after 0.0s region=(0, 0, 765, 1038) confidence=0.8
2026-09-03 21:34:42 | INFO | image_processing.py:39 | Searching battle_victory_conquest.PNG (timeout=0s)
2026-09-03 21:34:43 | INFO | image_processing.py:84 | 
⛔ Not found: battle_victory_conquest.PNG after 0.1s region=(0, 0, 765, 1038) confidence=0.8
2026-09-03 21:34:43 | INFO | image_processing.py:39 | Searching next_after_concede_conquest_2.PNG (timeout=0s)
2026-09-03 21:34:43 | INFO | image_processing.py:84 | 
⛔ Not found: next_after_concede_conquest_2.PNG after 0.0s region=(0, 0, 765, 1038) confidence=0.8
2026-09-03 21:34:43 | INFO | image_processing.py:39 | Searching battle_ready.PNG (timeout=0s)
2026-09-03 21:34:43 | INFO | image_processing.py:84 | 
⛔ Not found: battle_ready.PNG after 0.0s region=(0, 0, 765, 1038) confidence=0.8
2026-09-03 21:34:43 | INFO | image_processing.py:39 | Searching end_turn.PNG (timeout=0s)
2026-09-03 21:34:43 | INFO | image_processing.py:84 | 
⛔ Not found: end_turn.PNG after 0.12s region=(0, 0, 765, 1038) confidence=0.8
2026-09-03 21:34:43 | INFO | image_processing.py:39 | Searching playing3_6_2.png (timeout=0s)
2026-09-03 21:34:43 | INFO | image_processing.py:84 | 
⛔ Not found: playing3_6_2.png after 0.0s region=(0, 0, 765, 1038) confidence=0.95
2026-09-03 21:34:43 | INFO | image_processing.py:39 | Searching you_have_encountered_an_error.png (timeout=0s)
2026-09-03 21:34:44 | INFO | image_processing.py:84 | 
⛔ Not found: you_have_encountered_an_error.png after 0.1s region=(0, 0, 765, 1038) confidence=0.8
2026-09-03 21:34:44 | INFO | image_processing.py:39 | Searching aw_snap_only.png (timeout=0s)
2026-09-03 21:34:44 | INFO | image_processing.py:84 | 
⛔ Not found: aw_snap_only.png after 0.0s region=(0, 0, 765, 1038) confidence=0.8
2026-09-03 21:34:44 | INFO | image_processing.py:39 | Searching battle_victory_conquest.PNG (timeout=0s)
2026-09-03 21:34:44 | INFO | image_processing.py:84 | 
⛔ Not found: battle_victory_conquest.PNG after 0.1s region=(0, 0, 765, 1038) confidence=0.8
2026-09-03 21:34:44 | INFO | image_processing.py:39 | Searching next_after_concede_conquest_2.PNG (timeout=0s)
2026-09-03 21:34:44 | INFO | image_processing.py:84 | 
⛔ Not found: next_after_concede_conquest_2.PNG after 0.12s region=(0, 0, 765, 1038) confidence=0.8
2026-09-03 21:34:44 | INFO | image_processing.py:39 | Searching battle_ready.PNG (timeout=0s)
2026-09-03 21:34:45 | INFO | image_processing.py:84 | 
⛔ Not found: battle_ready.PNG after 0.13s region=(0, 0, 765, 1038) confidence=0.8
2026-09-03 21:34:45 | INFO | image_processing.py:39 | Searching end_turn.PNG (timeout=0s)
2026-09-03 21:34:45 | INFO | image_processing.py:84 | 
⛔ Not found: end_turn.PNG after 0.0s region=(0, 0, 765, 1038) confidence=0.8
2026-09-03 21:34:45 | INFO | image_processing.py:39 | Searching playing3_6_2.png (timeout=0s)
2026-09-03 21:34:45 | INFO | image_processing.py:84 | 
⛔ Not found: playing3_6_2.png after 0.13s region=(0, 0, 765, 1038) confidence=0.95
2026-09-03 21:34:45 | INFO | image_processing.py:39 | Searching you_have_encountered_an_error.png (timeout=0s)
2026-09-03 21:34:45 | INFO | image_processing.py:84 | 
⛔ Not found: you_have_encountered_an_error.png after 0.1s region=(0, 0, 765, 1038) confidence=0.8
2026-09-03 21:34:45 | INFO | image_processing.py:39 | Searching aw_snap_only.png (timeout=0s)
2026-09-03 21:34:45 | INFO | image_processing.py:84 | 
⛔ Not found: aw_snap_only.png after 0.1s region=(0, 0, 765, 1038) confidence=0.8
2026-09-03 21:34:45 | INFO | image_processing.py:39 | Searching battle_victory_conquest.PNG (timeout=0s)
2026-09-03 21:34:46 | INFO | image_processing.py:84 | 
⛔ Not found: battle_victory_conquest.PNG after 0.1s region=(0, 0, 765, 1038) confidence=0.8
2026-09-03 21:34:46 | INFO | image_processing.py:39 | Searching next_after_concede_conquest_2.PNG (timeout=0s)
2026-09-03 21:34:46 | INFO | image_processing.py:84 | 
⛔ Not found: next_after_concede_conquest_2.PNG after 0.1s region=(0, 0, 765, 1038) confidence=0.8
2026-09-03 21:34:46 | INFO | image_processing.py:39 | Searching battle_ready.PNG (timeout=0s)
2026-09-03 21:34:46 | INFO | image_processing.py:84 | 
⛔ Not found: battle_ready.PNG after 0.0s region=(0, 0, 765, 1038) confidence=0.8
2026-09-03 21:34:46 | INFO | image_processing.py:39 | Searching end_turn.PNG (timeout=0s)
2026-09-03 21:34:46 | INFO | image_processing.py:84 | 
⛔ Not found: end_turn.PNG after 0.0s region=(0, 0, 765, 1038) confidence=0.8
2026-09-03 21:34:46 | INFO | image_processing.py:39 | Searching playing3_6_2.png (timeout=0s)
2026-09-03 21:34:46 | INFO | image_processing.py:84 | 
⛔ Not found: playing3_6_2.png after 0.15s region=(0, 0, 765, 1038) confidence=0.95
2026-09-03 21:34:46 | INFO | image_processing.py:39 | Searching you_have_encountered_an_error.png (timeout=0s)
2026-09-03 21:34:47 | INFO | image_processing.py:84 | 
⛔ Not found: you_have_encountered_an_error.png after 0.12s region=(0, 0, 765, 1038) confidence=0.8
2026-09-03 21:34:47 | INFO | image_processing.py:39 | Searching aw_snap_only.png (timeout=0s)
2026-09-03 21:34:47 | INFO | image_processing.py:84 | 
⛔ Not found: aw_snap_only.png after 0.11s region=(0, 0, 765, 1038) confidence=0.8
2026-09-03 21:34:47 | INFO | image_processing.py:39 | Searching battle_victory_conquest.PNG (timeout=0s)
2026-09-03 21:34:47 | INFO | image_processing.py:84 | 
⛔ Not found: battle_victory_conquest.PNG after 0.11s region=(0, 0, 765, 1038) confidence=0.8
2026-09-03 21:34:47 | INFO | image_processing.py:39 | Searching next_after_concede_conquest_2.PNG (timeout=0s)
2026-09-03 21:34:47 | INFO | image_processing.py:84 | 
⛔ Not found: next_after_concede_conquest_2.PNG after 0.0s region=(0, 0, 765, 1038) confidence=0.8
2026-09-03 21:34:47 | INFO | image_processing.py:39 | Searching battle_ready.PNG (timeout=0s)
2026-09-03 21:34:47 | INFO | image_processing.py:84 | 
⛔ Not found: battle_ready.PNG after 0.0s region=(0, 0, 765, 1038) confidence=0.8
2026-09-03 21:34:47 | INFO | image_processing.py:39 | Searching end_turn.PNG (timeout=0s)
2026-09-03 21:34:47 | INFO | image_processing.py:84 | 
⛔ Not found: end_turn.PNG after 0.0s region=(0, 0, 765, 1038) confidence=0.8
2026-09-03 21:34:47 | INFO | image_processing.py:39 | Searching playing3_6_2.png (timeout=0s)
2026-09-03 21:34:48 | INFO | image_processing.py:84 | 
⛔ Not found: playing3_6_2.png after 0.16s region=(0, 0, 765, 1038) confidence=0.95
2026-09-03 21:34:48 | INFO | image_processing.py:39 | Searching you_have_encountered_an_error.png (timeout=0s)
2026-09-03 21:34:48 | INFO | image_processing.py:84 | 
⛔ Not found: you_have_encountered_an_error.png after 0.0s region=(0, 0, 765, 1038) confidence=0.8
2026-09-03 21:34:48 | INFO | image_processing.py:39 | Searching aw_snap_only.png (timeout=0s)
2026-09-03 21:34:48 | INFO | image_processing.py:84 | 
⛔ Not found: aw_snap_only.png after 0.11s region=(0, 0, 765, 1038) confidence=0.8
2026-09-03 21:34:48 | INFO | image_processing.py:39 | Searching battle_victory_conquest.PNG (timeout=0s)
2026-09-03 21:34:48 | INFO | image_processing.py:84 | 
⛔ Not found: battle_victory_conquest.PNG after 0.0s region=(0, 0, 765, 1038) confidence=0.8
2026-09-03 21:34:48 | INFO | image_processing.py:39 | Searching next_after_concede_conquest_2.PNG (timeout=0s)
2026-09-03 21:34:48 | INFO | image_processing.py:84 | 
⛔ Not found: next_after_concede_conquest_2.PNG after 0.0s region=(0, 0, 765, 1038) confidence=0.8
2026-09-03 21:34:48 | INFO | image_processing.py:39 | Searching battle_ready.PNG (timeout=0s)
2026-09-03 21:34:49 | INFO | image_processing.py:84 | 
⛔ Not found: battle_ready.PNG after 0.0s region=(0, 0, 765, 1038) confidence=0.8
2026-09-03 21:34:49 | INFO | image_processing.py:39 | Searching end_turn.PNG (timeout=0s)
2026-09-03 21:34:49 | INFO | image_processing.py:84 | 
⛔ Not found: end_turn.PNG after 0.0s region=(0, 0, 765, 1038) confidence=0.8
2026-09-03 21:34:49 | INFO | image_processing.py:39 | Searching playing3_6_2.png (timeout=0s)
2026-09-03 21:34:49 | INFO | image_processing.py:84 | 
⛔ Not found: playing3_6_2.png after 0.16s region=(0, 0, 765, 1038) confidence=0.95
2026-09-03 21:34:49 | INFO | image_processing.py:39 | Searching you_have_encountered_an_error.png (timeout=0s)
2026-09-03 21:34:49 | INFO | image_processing.py:84 | 
⛔ Not found: you_have_encountered_an_error.png after 0.11s region=(0, 0, 765, 1038) confidence=0.8
2026-09-03 21:34:49 | INFO | image_processing.py:39 | Searching aw_snap_only.png (timeout=0s)
2026-09-03 21:34:49 | INFO | image_processing.py:84 | 
⛔ Not found: aw_snap_only.png after 0.12s region=(0, 0, 765, 1038) confidence=0.8
2026-09-03 21:34:49 | INFO | image_processing.py:39 | Searching battle_victory_conquest.PNG (timeout=0s)
2026-09-03 21:34:49 | INFO | image_processing.py:84 | 
⛔ Not found: battle_victory_conquest.PNG after 0.0s region=(0, 0, 765, 1038) confidence=0.8
2026-09-03 21:34:50 | INFO | image_processing.py:39 | Searching next_after_concede_conquest_2.PNG (timeout=0s)
2026-09-03 21:34:50 | INFO | image_processing.py:84 | 
⛔ Not found: next_after_concede_conquest_2.PNG after 0.1s region=(0, 0, 765, 1038) confidence=0.8
2026-09-03 21:34:50 | INFO | image_processing.py:39 | Searching battle_ready.PNG (timeout=0s)
2026-09-03 21:34:50 | INFO | image_processing.py:84 | 
⛔ Not found: battle_ready.PNG after 0.13s region=(0, 0, 765, 1038) confidence=0.8
2026-09-03 21:34:50 | INFO | image_processing.py:39 | Searching end_turn.PNG (timeout=0s)
2026-09-03 21:34:50 | INFO | image_processing.py:70 | 
✅ Found: end_turn.PNG pos=(660, 935) time=0.1s confidence=0.8
2026-09-03 21:34:50 | ERROR | exp_farm_conquest sin saber cuanta exp vamos copy.py:301 | Unhandled exception occurred
Traceback (most recent call last):
  File "c:\Users\Abel\Documents\SHARED FILES VM\MS\exp_farm_conquest sin saber cuanta exp vamos copy.py", line 197, in <module>
    play_cards_ahk(globals.POSITIONS_MOUSE_3_TURNS)
                   ^^^^^^^^^^^^^^^^^^^^^^^^^^^^^^^
AttributeError: 'builtin_function_or_method' object has no attribute 'POSITIONS_MOUSE_3_TURNS'
2026-09-03 21:34:50 | INFO | exp_farm_conquest sin saber cuanta exp vamos copy.py:71 | Presiona ENTER para cerrar...
2026-09-03 21:36:31 | INFO | exp_farm_conquest sin saber cuanta exp vamos copy.py:305 | Finalizing script. Stopping OBS recording...
2026-09-03 21:36:31 | INFO | baseclient.py:33 | Connecting with parameters: host='localhost' port=4455 password='' subs=0 timeout=None
2026-09-03 21:36:31 | INFO | reqs.py:23 | Successfully identified ReqClient with the server using RPC version:1
2026-09-03 21:36:31 | INFO | obs_helpers.py:76 | Record stopped.
2026-09-03 21:36:43 | INFO | obs_helpers.py:102 | Archivo renombrado a: C:\Users\Abel\Videos\recording_2026-09-03_21-33-36.mkv
