2026-06-12 15:01:10 | INFO | exp_farm_conquest sin saber cuanta exp vamos.py:54 | LOG FILE PATH: \\vmware-host\Shared Folders\SHARED FILES VM\MS\logs\exp_farm_conquest sin saber cuanta exp vamos_2026-06-12_15-01-10.log
2026-06-12 15:01:10 | INFO | exp_farm_conquest sin saber cuanta exp vamos.py:55 | Logger initialized
2026-06-12 15:01:10 | INFO | exp_farm_conquest sin saber cuanta exp vamos.py:82 | TEST LOG INITIALIZATION
2026-06-12 15:01:10 | INFO | exp_farm_conquest sin saber cuanta exp vamos.py:83 | Logger test executed
2026-06-12 15:01:11 | INFO | exp_farm_conquest sin saber cuanta exp vamos.py:110 | snap.exe terminated if it was running
2026-06-12 15:01:11 | INFO | my_functions.py:1525 | ⏱ Esperando 0.1 segundos antes de empezar...
2026-06-12 15:01:11 | INFO | my_functions.py:1532 | 🔍 Esperando ventana que contenga alguna de: ['exp_farm_conquest'] (máx 20s)
2026-06-12 15:01:11 | INFO | my_functions.py:1544 | ✅ Ventana encontrada: 'Z:\SHARED FILES VM\MS\exp_farm_conquest.py - Notepad++'
2026-06-12 15:01:11 | INFO | my_functions.py:1559 | ✅ Ventana seleccionada: 'Z:\SHARED FILES VM\MS\exp_farm_conquest.py - Notepad++'
2026-06-12 15:01:13 | INFO | my_functions.py:1574 | ↗ Ventana minimizada o maximizada. Restaurando...
2026-06-12 15:01:13 | INFO | my_functions.py:1582 | 🔁 Reajuste #1...
2026-06-12 15:01:13 | INFO | my_functions.py:1589 | ✔ Verificación completa. Se hicieron 1 reajustes.
2026-06-12 15:01:14 | INFO | my_functions.py:56 | ⏳ Esperando WebSocket de OBS...
2026-06-12 15:01:21 | INFO | baseclient.py:33 | Connecting with parameters: host='localhost' port=4455 password='' subs=0 timeout=None
2026-06-12 15:01:21 | INFO | reqs.py:23 | Successfully identified ReqClient with the server using RPC version:1
2026-06-12 15:01:21 | INFO | my_functions.py:62 | ✅ Conectado al OBS WebSocket
2026-06-12 15:01:21 | ERROR | reqs.py:59 | OBSSDKRequestError: Request GetRecordStatus returned code 207. With message: OBS is not ready to perform the request.
Traceback (most recent call last):
  File "C:\Users\Farm\AppData\Local\Programs\Python\Python311\Lib\site-packages\obsws_python\reqs.py", line 53, in send
    raise OBSSDKRequestError(
obsws_python.error.OBSSDKRequestError: Request GetRecordStatus returned code 207. With message: OBS is not ready to perform the request.
2026-06-12 15:01:23 | INFO | my_functions.py:87 | 🎬 Grabación iniciada
2026-06-12 15:01:23 | INFO | exp_farm_conquest sin saber cuanta exp vamos.py:120 | Steam launch command sent
2026-06-12 15:01:23 | INFO | my_functions.py:1525 | ⏱ Esperando 10 segundos antes de empezar...
2026-06-12 15:01:33 | INFO | my_functions.py:1532 | 🔍 Esperando ventana que contenga alguna de: ['SNAP'] (máx 20s)
2026-06-12 15:01:33 | INFO | my_functions.py:1544 | ✅ Ventana encontrada: 'SNAP'
2026-06-12 15:01:33 | INFO | my_functions.py:1559 | ✅ Ventana seleccionada: 'SNAP'
2026-06-12 15:01:35 | INFO | my_functions.py:1582 | 🔁 Reajuste #1...
2026-06-12 15:01:35 | INFO | my_functions.py:1589 | ✔ Verificación completa. Se hicieron 1 reajustes.
2026-06-12 15:01:35 | INFO | my_functions.py:1205 | [DEBUG] Resizing SNAP window...
2026-06-12 15:01:35 | INFO | my_functions.py:1525 | ⏱ Esperando 0.1 segundos antes de empezar...
2026-06-12 15:01:35 | INFO | my_functions.py:1532 | 🔍 Esperando ventana que contenga alguna de: ['SNAP'] (máx 20s)
2026-06-12 15:01:35 | INFO | my_functions.py:1544 | ✅ Ventana encontrada: 'SNAP'
2026-06-12 15:01:35 | INFO | my_functions.py:1559 | ✅ Ventana seleccionada: 'SNAP'
2026-06-12 15:01:39 | INFO | my_functions.py:1591 | ✔ Verificación completa. No hubo cambios después del primer ajuste.
2026-06-12 15:01:39 | INFO | my_functions.py:247 | [DEBUG] Buscando en paralelo: ['small_submit.PNG', 'small_submit_hover.png', 'submit_hover_2.png', 'small_submit_hover_2.png'] | timeout=90s | confidence=0.8
2026-06-12 15:01:40 | INFO | my_functions.py:134 | Haciendo click en la posición (380, 642)
2026-06-12 15:01:41 | INFO | my_functions.py:269 | 🖱️ Click OK (En paralelo): small_submit.PNG at (380, 642) delay=0.2s
2026-06-12 15:01:44 | INFO | my_functions.py:247 | [DEBUG] Buscando en paralelo: ['small_submit.PNG', 'small_submit_hover.png', 'submit_hover_2.png', 'small_submit_hover_2.png'] | timeout=20s | confidence=0.8
2026-06-12 15:01:45 | INFO | my_functions.py:134 | Haciendo click en la posición (380, 721)
2026-06-12 15:01:45 | INFO | my_functions.py:269 | 🖱️ Click OK (En paralelo): small_submit.PNG at (380, 721) delay=0.2s
2026-06-12 15:01:47 | INFO | my_functions.py:1525 | ⏱ Esperando 0.1 segundos antes de empezar...
2026-06-12 15:01:47 | INFO | my_functions.py:1532 | 🔍 Esperando ventana que contenga alguna de: ['SNAP'] (máx 20s)
2026-06-12 15:01:47 | INFO | my_functions.py:1544 | ✅ Ventana encontrada: 'SNAP'
2026-06-12 15:01:47 | INFO | my_functions.py:1559 | ✅ Ventana seleccionada: 'SNAP'
2026-06-12 15:01:50 | INFO | my_functions.py:1591 | ✔ Verificación completa. No hubo cambios después del primer ajuste.
2026-06-12 15:01:50 | INFO | my_functions.py:169 | Searching please_sign.png (timeout=0s)
2026-06-12 15:01:50 | INFO | my_functions.py:213 | 
⛔ Not found: please_sign.png after 0.0s region=(0, 0, 765, 1038) confidence=0.8
2026-06-12 15:01:50 | INFO | my_functions.py:247 | [DEBUG] Buscando en paralelo: ['sign_in_with_google2.PNG'] | timeout=20s | confidence=0.8
2026-06-12 15:01:52 | INFO | my_functions.py:134 | Haciendo click en la posición (406, 957)
2026-06-12 15:01:52 | INFO | my_functions.py:269 | 🖱️ Click OK (En paralelo): sign_in_with_google2.PNG at (406, 957) delay=1s
2026-06-12 15:01:53 | INFO | my_functions.py:169 | Searching pagina_cargada.png (timeout=60s)
2026-06-12 15:02:02 | INFO | my_functions.py:199 | 
✅ Found: pagina_cargada.png pos=(70, 24) time=8.8s confidence=0.8
2026-06-12 15:02:02 | INFO | my_functions.py:247 | [DEBUG] Buscando en paralelo: ['john.png'] | timeout=0s | confidence=0.8
2026-06-12 15:02:06 | INFO | my_functions.py:134 | Haciendo click en la posición (1143, 619)
2026-06-12 15:02:06 | INFO | my_functions.py:269 | 🖱️ Click OK (En paralelo): john.png at (1143, 619) delay=3s
2026-06-12 15:02:07 | INFO | my_functions.py:169 | Searching marvelsnap_web.png (timeout=30s)
2026-06-12 15:02:12 | INFO | my_functions.py:199 | 
✅ Found: marvelsnap_web.png pos=(258, 80) time=4.34s confidence=0.7
2026-06-12 15:02:12 | INFO | my_functions.py:169 | Searching shop_unselected.PNG (timeout=0s)
2026-06-12 15:02:13 | INFO | my_functions.py:213 | 
⛔ Not found: shop_unselected.PNG after 0.0s region=(0, 0, 765, 1038) confidence=0.8
2026-06-12 15:02:13 | INFO | my_functions.py:247 | [DEBUG] Buscando en paralelo: ['super_premium.PNG'] | timeout=0s | confidence=0.8
2026-06-12 15:02:14 | INFO | my_functions.py:281 | [DEBUG] Click skipped, ninguna de las imágenes se encontró en el intento.
2026-06-12 15:02:15 | INFO | my_functions.py:247 | [DEBUG] Buscando en paralelo: ['maybe_later.PNG'] | timeout=0s | confidence=0.8
2026-06-12 15:02:16 | INFO | my_functions.py:281 | [DEBUG] Click skipped, ninguna de las imágenes se encontró en el intento.
2026-06-12 15:02:17 | INFO | my_functions.py:247 | [DEBUG] Buscando en paralelo: ['maybe_later2.PNG'] | timeout=0s | confidence=0.8
2026-06-12 15:02:17 | INFO | my_functions.py:281 | [DEBUG] Click skipped, ninguna de las imágenes se encontró en el intento.
2026-06-12 15:02:19 | INFO | my_functions.py:169 | Searching go_to_shop.PNG (timeout=0s)
2026-06-12 15:02:19 | INFO | my_functions.py:213 | 
⛔ Not found: go_to_shop.PNG after 0.0s region=(0, 0, 765, 1038) confidence=0.8
2026-06-12 15:02:19 | INFO | my_functions.py:247 | [DEBUG] Buscando en paralelo: ['14_days_of_winterverse.PNG'] | timeout=0s | confidence=0.8
2026-06-12 15:02:20 | INFO | my_functions.py:281 | [DEBUG] Click skipped, ninguna de las imágenes se encontró en el intento.
2026-06-12 15:02:21 | INFO | my_functions.py:169 | Searching welcome_back_calendar.PNG (timeout=0s)
2026-06-12 15:02:21 | INFO | my_functions.py:213 | 
⛔ Not found: welcome_back_calendar.PNG after 0.0s region=(0, 0, 765, 1038) confidence=0.8
2026-06-12 15:02:21 | INFO | my_functions.py:247 | [DEBUG] Buscando en paralelo: ['start_the_countdown.PNG'] | timeout=0s | confidence=0.8
2026-06-12 15:02:22 | INFO | my_functions.py:281 | [DEBUG] Click skipped, ninguna de las imágenes se encontró en el intento.
2026-06-12 15:02:23 | INFO | my_functions.py:247 | [DEBUG] Buscando en paralelo: ['event_has_ended_sanctum.PNG'] | timeout=0s | confidence=0.8
2026-06-12 15:02:23 | INFO | my_functions.py:281 | [DEBUG] Click skipped, ninguna de las imágenes se encontró en el intento.
2026-06-12 15:02:24 | INFO | my_functions.py:247 | [DEBUG] Buscando en paralelo: ['event_has_ended_teamclash.PNG'] | timeout=0s | confidence=0.8
2026-06-12 15:02:25 | INFO | my_functions.py:281 | [DEBUG] Click skipped, ninguna de las imágenes se encontró en el intento.
2026-06-12 15:02:26 | INFO | my_functions.py:247 | [DEBUG] Buscando en paralelo: ['image_part_of_event_grand_arena_finished.PNG'] | timeout=0s | confidence=0.8
2026-06-12 15:02:27 | INFO | my_functions.py:281 | [DEBUG] Click skipped, ninguna de las imágenes se encontró en el intento.
2026-06-12 15:02:28 | INFO | my_functions.py:169 | Searching 28_day_event_login_rewards.PNG (timeout=0s)
2026-06-12 15:02:28 | INFO | my_functions.py:213 | 
⛔ Not found: 28_day_event_login_rewards.PNG after 0.0s region=(0, 0, 765, 1038) confidence=0.8
2026-06-12 15:02:28 | INFO | my_functions.py:169 | Searching 7_day_event_login.PNG (timeout=0s)
2026-06-12 15:02:29 | INFO | my_functions.py:213 | 
⛔ Not found: 7_day_event_login.PNG after 0.0s region=(0, 0, 765, 1038) confidence=0.8
2026-06-12 15:02:29 | INFO | my_functions.py:169 | Searching 14_days_event.PNG (timeout=0s)
2026-06-12 15:02:29 | INFO | my_functions.py:213 | 
⛔ Not found: 14_days_event.PNG after 0.0s region=(0, 0, 765, 1038) confidence=0.8
2026-06-12 15:02:29 | INFO | my_functions.py:247 | [DEBUG] Buscando en paralelo: ['lets_go.PNG'] | timeout=0s | confidence=0.8
2026-06-12 15:02:30 | INFO | my_functions.py:281 | [DEBUG] Click skipped, ninguna de las imágenes se encontró en el intento.
2026-06-12 15:02:32 | INFO | my_functions.py:169 | Searching shop_unselected.PNG (timeout=0s)
2026-06-12 15:02:33 | INFO | my_functions.py:199 | 
✅ Found: shop_unselected.PNG pos=(88, 961) time=0.74s confidence=0.8
2026-06-12 15:02:41 | INFO | my_functions.py:169 | Searching shop_unselected.PNG (timeout=0s)
2026-06-12 15:02:41 | INFO | my_functions.py:199 | 
✅ Found: shop_unselected.PNG pos=(88, 961) time=0.75s confidence=0.8
2026-06-12 15:02:41 | INFO | my_functions.py:714 | Ya esta listo
2026-06-12 15:02:41 | INFO | my_functions.py:169 | Searching play.PNG (timeout=0s)
2026-06-12 15:02:42 | INFO | my_functions.py:199 | 
✅ Found: play.PNG pos=(384, 824) time=0.62s confidence=0.8
2026-06-12 15:02:42 | INFO | my_functions.py:1420 | [INFO] Click realizado donde se equipa el deck a jugar
2026-06-12 15:02:46 | INFO | my_functions.py:247 | [DEBUG] Buscando en paralelo: ['deck_333.png'] | timeout=3s | confidence=0.8
2026-06-12 15:02:48 | INFO | my_functions.py:134 | Haciendo click en la posición (232, 546)
2026-06-12 15:02:48 | INFO | my_functions.py:269 | 🖱️ Click OK (En paralelo): deck_333.png at (232, 546) delay=1s
2026-06-12 15:02:49 | INFO | my_functions.py:247 | [DEBUG] Buscando en paralelo: ['equip.png'] | timeout=3s | confidence=0.95
2026-06-12 15:02:51 | INFO | my_functions.py:134 | Haciendo click en la posición (548, 983)
2026-06-12 15:02:51 | INFO | my_functions.py:269 | 🖱️ Click OK (En paralelo): equip.png at (548, 983) delay=1s
2026-06-12 15:02:53 | INFO | my_functions.py:247 | [DEBUG] Buscando en paralelo: ['maybe_later.PNG'] | timeout=2s | confidence=0.8
2026-06-12 15:02:55 | INFO | my_functions.py:281 | [DEBUG] Click skipped, ninguna de las imágenes se encontró en el intento.
2026-06-12 15:02:56 | INFO | my_functions.py:247 | [DEBUG] Buscando en paralelo: ['maybe_later2.PNG'] | timeout=0.01s | confidence=0.8
2026-06-12 15:02:57 | INFO | my_functions.py:281 | [DEBUG] Click skipped, ninguna de las imágenes se encontró en el intento.
2026-06-12 15:02:58 | INFO | exp_farm_conquest sin saber cuanta exp vamos.py:64 | Abriendo modo de juego Conquest...
2026-06-12 15:02:58 | INFO | my_functions.py:247 | [DEBUG] Buscando en paralelo: ['game_modes_unselected.PNG'] | timeout=3s | confidence=0.8
2026-06-12 15:03:01 | INFO | my_functions.py:281 | [DEBUG] Click skipped, ninguna de las imágenes se encontró en el intento.
2026-06-12 15:03:02 | INFO | my_functions.py:247 | [DEBUG] Buscando en paralelo: ['games_mode_selected.PNG'] | timeout=3s | confidence=0.8
2026-06-12 15:03:04 | INFO | my_functions.py:134 | Haciendo click en la posición (541, 975)
2026-06-12 15:03:04 | INFO | my_functions.py:269 | 🖱️ Click OK (En paralelo): games_mode_selected.PNG at (541, 975) delay=1s
2026-06-12 15:03:05 | INFO | my_functions.py:247 | [DEBUG] Buscando en paralelo: ['conquest.PNG'] | timeout=3s | confidence=0.8
2026-06-12 15:03:07 | INFO | my_functions.py:134 | Haciendo click en la posición (390, 569)
2026-06-12 15:03:07 | INFO | my_functions.py:269 | 🖱️ Click OK (En paralelo): conquest.PNG at (390, 569) delay=1s
2026-06-12 15:03:11 | INFO | exp_farm_conquest sin saber cuanta exp vamos.py:150 | Entrando al bucle de juego...
2026-06-12 15:03:11 | INFO | my_functions.py:247 | [DEBUG] Buscando en paralelo: ['enter.PNG'] | timeout=10s | confidence=0.8
2026-06-12 15:03:13 | INFO | my_functions.py:134 | Haciendo click en la posición (383, 828)
2026-06-12 15:03:13 | INFO | my_functions.py:269 | 🖱️ Click OK (En paralelo): enter.PNG at (383, 828) delay=1s
2026-06-12 15:03:19 | INFO | my_functions.py:247 | [DEBUG] Buscando en paralelo: ['play_conquest.PNG'] | timeout=20s | confidence=0.8
2026-06-12 15:03:21 | INFO | my_functions.py:134 | Haciendo click en la posición (380, 825)
2026-06-12 15:03:21 | INFO | my_functions.py:269 | 🖱️ Click OK (En paralelo): play_conquest.PNG at (380, 825) delay=1s
2026-06-12 15:03:22 | INFO | my_functions.py:247 | [DEBUG] Buscando en paralelo: ['confirm_conquest.PNG'] | timeout=20s | confidence=0.8
2026-06-12 15:03:24 | INFO | my_functions.py:134 | Haciendo click en la posición (471, 719)
2026-06-12 15:03:24 | INFO | my_functions.py:269 | 🖱️ Click OK (En paralelo): confirm_conquest.PNG at (471, 719) delay=1s
2026-06-12 15:03:25 | INFO | my_functions.py:169 | Searching matchmaking_has_been_interrupted.png (timeout=0s)
2026-06-12 15:03:26 | INFO | my_functions.py:213 | 
⛔ Not found: matchmaking_has_been_interrupted.png after 0.0s region=(0, 0, 765, 1038) confidence=0.8
2026-06-12 15:03:26 | INFO | exp_farm_conquest sin saber cuanta exp vamos.py:180 | Entrando al bucle de juego...
2026-06-12 15:05:25 | INFO | exp_farm_conquest sin saber cuanta exp vamos.py:187 | Fin de la partida. Mostrando resultados.
2026-06-12 15:05:25 | INFO | my_functions.py:247 | [DEBUG] Buscando en paralelo: ['next_after_concede_conquest_2.PNG'] | timeout=20s | confidence=0.8
2026-06-12 15:05:27 | INFO | my_functions.py:134 | Haciendo click en la posición (680, 959)
2026-06-12 15:05:27 | INFO | my_functions.py:269 | 🖱️ Click OK (En paralelo): next_after_concede_conquest_2.PNG at (680, 959) delay=1s
2026-06-12 15:05:29 | INFO | exp_farm_conquest sin saber cuanta exp vamos.py:193 | ¡Victoria detectada! Reclamando recompensas...
2026-06-12 15:05:29 | INFO | my_functions.py:247 | [DEBUG] Buscando en paralelo: ['next_conquest.PNG'] | timeout=20s | confidence=0.8
2026-06-12 15:05:31 | INFO | my_functions.py:134 | Haciendo click en la posición (679, 973)
2026-06-12 15:05:31 | INFO | my_functions.py:269 | 🖱️ Click OK (En paralelo): next_conquest.PNG at (679, 973) delay=1s
2026-06-12 15:05:33 | INFO | my_functions.py:247 | [DEBUG] Buscando en paralelo: ['next_conquest.PNG'] | timeout=20s | confidence=0.8
2026-06-12 15:05:35 | INFO | my_functions.py:134 | Haciendo click en la posición (679, 973)
2026-06-12 15:05:35 | INFO | my_functions.py:269 | 🖱️ Click OK (En paralelo): next_conquest.PNG at (679, 973) delay=1s
2026-06-12 15:05:36 | INFO | my_functions.py:247 | [DEBUG] Buscando en paralelo: ['next_claim_ticket_3.PNG'] | timeout=25s | confidence=0.8
2026-06-12 15:05:49 | INFO | my_functions.py:134 | Haciendo click en la posición (382, 870)
2026-06-12 15:05:49 | INFO | my_functions.py:269 | 🖱️ Click OK (En paralelo): next_claim_ticket_3.PNG at (382, 870) delay=1s
2026-06-12 15:05:50 | INFO | my_functions.py:247 | [DEBUG] Buscando en paralelo: ['claim!_after_gain_ticket_conquest_2.PNG'] | timeout=20s | confidence=0.8
2026-06-12 15:05:52 | INFO | my_functions.py:134 | Haciendo click en la posición (384, 922)
2026-06-12 15:05:52 | INFO | my_functions.py:269 | 🖱️ Click OK (En paralelo): claim!_after_gain_ticket_conquest_2.PNG at (384, 922) delay=0.6s
2026-06-12 15:05:54 | INFO | exp_farm_conquest sin saber cuanta exp vamos.py:64 | Game #1 finalizada
2026-06-12 15:05:54 | INFO | exp_farm_conquest sin saber cuanta exp vamos.py:64 | Tiempo total de la partida: 2.7 min
2026-06-12 15:05:54 | INFO | exp_farm_conquest sin saber cuanta exp vamos.py:64 | XP obtenida en este game: 0
2026-06-12 15:05:54 | INFO | exp_farm_conquest sin saber cuanta exp vamos.py:64 | john
2026-06-12 15:05:55 | INFO | my_functions.py:247 | [DEBUG] Buscando en paralelo: ['enter.PNG'] | timeout=10s | confidence=0.8
2026-06-12 15:05:56 | INFO | my_functions.py:134 | Haciendo click en la posición (383, 828)
2026-06-12 15:05:57 | INFO | my_functions.py:269 | 🖱️ Click OK (En paralelo): enter.PNG at (383, 828) delay=1s
2026-06-12 15:06:03 | INFO | my_functions.py:247 | [DEBUG] Buscando en paralelo: ['play_conquest.PNG'] | timeout=20s | confidence=0.8
2026-06-12 15:06:05 | INFO | my_functions.py:134 | Haciendo click en la posición (381, 824)
2026-06-12 15:06:05 | INFO | my_functions.py:269 | 🖱️ Click OK (En paralelo): play_conquest.PNG at (381, 824) delay=1s
2026-06-12 15:06:06 | INFO | my_functions.py:247 | [DEBUG] Buscando en paralelo: ['confirm_conquest.PNG'] | timeout=20s | confidence=0.8
2026-06-12 15:06:07 | INFO | my_functions.py:134 | Haciendo click en la posición (471, 719)
2026-06-12 15:06:08 | INFO | my_functions.py:269 | 🖱️ Click OK (En paralelo): confirm_conquest.PNG at (471, 719) delay=1s
2026-06-12 15:06:09 | INFO | my_functions.py:169 | Searching matchmaking_has_been_interrupted.png (timeout=0s)
2026-06-12 15:06:09 | INFO | my_functions.py:213 | 
⛔ Not found: matchmaking_has_been_interrupted.png after 0.0s region=(0, 0, 765, 1038) confidence=0.8
2026-06-12 15:06:09 | INFO | exp_farm_conquest sin saber cuanta exp vamos.py:180 | Entrando al bucle de juego...
2026-06-12 15:08:56 | INFO | my_functions.py:142 | Presionando ESC (1/1)
2026-06-12 15:09:51 | INFO | exp_farm_conquest sin saber cuanta exp vamos.py:212 | Fin de ronda. Hay más rondas por jugar.
2026-06-12 15:09:51 | INFO | my_functions.py:247 | [DEBUG] Buscando en paralelo: ['battle_ready.PNG'] | timeout=20s | confidence=0.8
2026-06-12 15:09:53 | INFO | my_functions.py:134 | Haciendo click en la posición (680, 958)
2026-06-12 15:09:53 | INFO | my_functions.py:269 | 🖱️ Click OK (En paralelo): battle_ready.PNG at (680, 958) delay=1s
2026-06-12 15:11:05 | INFO | exp_farm_conquest sin saber cuanta exp vamos.py:228 | Turno 3+ detectado. Retirándose para ganar EXP.
2026-06-12 15:11:05 | INFO | my_functions.py:142 | Presionando ESC (1/1)
2026-06-12 15:11:06 | INFO | my_functions.py:247 | [DEBUG] Buscando en paralelo: ['retreat_now.PNG'] | timeout=20s | confidence=0.8
2026-06-12 15:11:06 | INFO | my_functions.py:134 | Haciendo click en la posición (277, 767)
2026-06-12 15:11:07 | INFO | my_functions.py:269 | 🖱️ Click OK (En paralelo): retreat_now.PNG at (277, 767) delay=0.1s
2026-06-12 15:11:20 | INFO | exp_farm_conquest sin saber cuanta exp vamos.py:212 | Fin de ronda. Hay más rondas por jugar.
2026-06-12 15:11:20 | INFO | my_functions.py:247 | [DEBUG] Buscando en paralelo: ['battle_ready.PNG'] | timeout=20s | confidence=0.8
2026-06-12 15:11:29 | INFO | my_functions.py:134 | Haciendo click en la posición (680, 959)
2026-06-12 15:11:29 | INFO | my_functions.py:269 | 🖱️ Click OK (En paralelo): battle_ready.PNG at (680, 959) delay=1s
2026-06-12 15:13:05 | INFO | exp_farm_conquest sin saber cuanta exp vamos.py:228 | Turno 3+ detectado. Retirándose para ganar EXP.
2026-06-12 15:13:05 | INFO | my_functions.py:142 | Presionando ESC (1/1)
2026-06-12 15:13:06 | INFO | my_functions.py:247 | [DEBUG] Buscando en paralelo: ['retreat_now.PNG'] | timeout=20s | confidence=0.8
2026-06-12 15:13:06 | INFO | my_functions.py:134 | Haciendo click en la posición (277, 767)
2026-06-12 15:13:06 | INFO | my_functions.py:269 | 🖱️ Click OK (En paralelo): retreat_now.PNG at (277, 767) delay=0.1s
2026-06-12 15:13:20 | INFO | exp_farm_conquest sin saber cuanta exp vamos.py:212 | Fin de ronda. Hay más rondas por jugar.
2026-06-12 15:13:20 | INFO | my_functions.py:247 | [DEBUG] Buscando en paralelo: ['battle_ready.PNG'] | timeout=20s | confidence=0.8
2026-06-12 15:13:22 | INFO | my_functions.py:134 | Haciendo click en la posición (680, 959)
2026-06-12 15:13:23 | INFO | my_functions.py:269 | 🖱️ Click OK (En paralelo): battle_ready.PNG at (680, 959) delay=1s
2026-06-12 15:15:03 | INFO | exp_farm_conquest sin saber cuanta exp vamos.py:228 | Turno 3+ detectado. Retirándose para ganar EXP.
2026-06-12 15:15:03 | INFO | my_functions.py:142 | Presionando ESC (1/1)
2026-06-12 15:15:04 | INFO | my_functions.py:247 | [DEBUG] Buscando en paralelo: ['retreat_now.PNG'] | timeout=20s | confidence=0.8
2026-06-12 15:15:04 | INFO | my_functions.py:134 | Haciendo click en la posición (277, 767)
2026-06-12 15:15:05 | INFO | my_functions.py:269 | 🖱️ Click OK (En paralelo): retreat_now.PNG at (277, 767) delay=0.1s
2026-06-12 15:15:16 | INFO | exp_farm_conquest sin saber cuanta exp vamos.py:212 | Fin de ronda. Hay más rondas por jugar.
2026-06-12 15:15:16 | INFO | my_functions.py:247 | [DEBUG] Buscando en paralelo: ['battle_ready.PNG'] | timeout=20s | confidence=0.8
2026-06-12 15:15:18 | INFO | my_functions.py:134 | Haciendo click en la posición (680, 958)
2026-06-12 15:15:19 | INFO | my_functions.py:269 | 🖱️ Click OK (En paralelo): battle_ready.PNG at (680, 958) delay=1s
2026-06-12 15:16:57 | INFO | exp_farm_conquest sin saber cuanta exp vamos.py:228 | Turno 3+ detectado. Retirándose para ganar EXP.
2026-06-12 15:16:57 | INFO | my_functions.py:142 | Presionando ESC (1/1)
2026-06-12 15:16:58 | INFO | my_functions.py:247 | [DEBUG] Buscando en paralelo: ['retreat_now.PNG'] | timeout=20s | confidence=0.8
2026-06-12 15:16:59 | INFO | my_functions.py:134 | Haciendo click en la posición (277, 767)
2026-06-12 15:16:59 | INFO | my_functions.py:269 | 🖱️ Click OK (En paralelo): retreat_now.PNG at (277, 767) delay=0.1s
2026-06-12 15:17:09 | INFO | exp_farm_conquest sin saber cuanta exp vamos.py:187 | Fin de la partida. Mostrando resultados.
2026-06-12 15:17:09 | INFO | my_functions.py:247 | [DEBUG] Buscando en paralelo: ['next_after_concede_conquest_2.PNG'] | timeout=20s | confidence=0.8
2026-06-12 15:17:11 | INFO | my_functions.py:134 | Haciendo click en la posición (680, 959)
2026-06-12 15:17:11 | INFO | my_functions.py:269 | 🖱️ Click OK (En paralelo): next_after_concede_conquest_2.PNG at (680, 959) delay=1s
2026-06-12 15:17:16 | INFO | exp_farm_conquest sin saber cuanta exp vamos.py:205 | Derrota detectada. No se reclama nada.
2026-06-12 15:17:16 | INFO | my_functions.py:247 | [DEBUG] Buscando en paralelo: ['next_conquest.PNG'] | timeout=20s | confidence=0.8
2026-06-12 15:17:18 | INFO | my_functions.py:134 | Haciendo click en la posición (679, 973)
2026-06-12 15:17:18 | INFO | my_functions.py:269 | 🖱️ Click OK (En paralelo): next_conquest.PNG at (679, 973) delay=1s
2026-06-12 15:17:19 | INFO | my_functions.py:247 | [DEBUG] Buscando en paralelo: ['next_conquest.PNG'] | timeout=20s | confidence=0.8
2026-06-12 15:17:22 | INFO | my_functions.py:134 | Haciendo click en la posición (679, 973)
2026-06-12 15:17:22 | INFO | my_functions.py:269 | 🖱️ Click OK (En paralelo): next_conquest.PNG at (679, 973) delay=1s
2026-06-12 15:17:23 | INFO | exp_farm_conquest sin saber cuanta exp vamos.py:64 | Game #2 finalizada
2026-06-12 15:17:23 | INFO | exp_farm_conquest sin saber cuanta exp vamos.py:64 | Tiempo total de la partida: 11.5 min
2026-06-12 15:17:23 | INFO | exp_farm_conquest sin saber cuanta exp vamos.py:64 | XP obtenida en este game: 0
2026-06-12 15:17:23 | INFO | exp_farm_conquest sin saber cuanta exp vamos.py:64 | john
2026-06-12 15:17:24 | INFO | my_functions.py:247 | [DEBUG] Buscando en paralelo: ['enter.PNG'] | timeout=10s | confidence=0.8
2026-06-12 15:17:27 | INFO | my_functions.py:134 | Haciendo click en la posición (383, 828)
2026-06-12 15:17:27 | INFO | my_functions.py:269 | 🖱️ Click OK (En paralelo): enter.PNG at (383, 828) delay=1s
2026-06-12 15:17:34 | INFO | my_functions.py:247 | [DEBUG] Buscando en paralelo: ['play_conquest.PNG'] | timeout=20s | confidence=0.8
2026-06-12 15:17:35 | INFO | my_functions.py:134 | Haciendo click en la posición (381, 824)
2026-06-12 15:17:35 | INFO | my_functions.py:269 | 🖱️ Click OK (En paralelo): play_conquest.PNG at (381, 824) delay=1s
2026-06-12 15:17:37 | INFO | my_functions.py:247 | [DEBUG] Buscando en paralelo: ['confirm_conquest.PNG'] | timeout=20s | confidence=0.8
2026-06-12 15:17:38 | INFO | my_functions.py:134 | Haciendo click en la posición (471, 719)
2026-06-12 15:17:38 | INFO | my_functions.py:269 | 🖱️ Click OK (En paralelo): confirm_conquest.PNG at (471, 719) delay=1s
2026-06-12 15:17:40 | INFO | my_functions.py:169 | Searching matchmaking_has_been_interrupted.png (timeout=0s)
2026-06-12 15:17:40 | INFO | my_functions.py:213 | 
⛔ Not found: matchmaking_has_been_interrupted.png after 0.0s region=(0, 0, 765, 1038) confidence=0.8
2026-06-12 15:17:40 | INFO | exp_farm_conquest sin saber cuanta exp vamos.py:180 | Entrando al bucle de juego...
2026-06-12 15:23:11 | INFO | my_functions.py:142 | Presionando ESC (1/1)
2026-06-12 15:25:12 | INFO | my_functions.py:142 | Presionando ESC (1/1)
2026-06-12 15:26:13 | INFO | exp_farm_conquest sin saber cuanta exp vamos.py:212 | Fin de ronda. Hay más rondas por jugar.
2026-06-12 15:26:13 | INFO | my_functions.py:247 | [DEBUG] Buscando en paralelo: ['battle_ready.PNG'] | timeout=20s | confidence=0.8
2026-06-12 15:26:15 | INFO | my_functions.py:134 | Haciendo click en la posición (680, 958)
2026-06-12 15:26:15 | INFO | my_functions.py:269 | 🖱️ Click OK (En paralelo): battle_ready.PNG at (680, 958) delay=1s
2026-06-12 15:31:03 | INFO | exp_farm_conquest sin saber cuanta exp vamos.py:212 | Fin de ronda. Hay más rondas por jugar.
2026-06-12 15:31:03 | INFO | my_functions.py:247 | [DEBUG] Buscando en paralelo: ['battle_ready.PNG'] | timeout=20s | confidence=0.8
2026-06-12 15:31:04 | INFO | my_functions.py:134 | Haciendo click en la posición (680, 958)
2026-06-12 15:31:05 | INFO | my_functions.py:269 | 🖱️ Click OK (En paralelo): battle_ready.PNG at (680, 958) delay=1s
2026-06-12 15:35:08 | INFO | my_functions.py:142 | Presionando ESC (1/1)
2026-06-12 15:36:15 | INFO | my_functions.py:142 | Presionando ESC (1/1)
2026-06-12 15:37:18 | INFO | my_functions.py:142 | Presionando ESC (1/1)
2026-06-12 15:38:45 | INFO | exp_farm_conquest sin saber cuanta exp vamos.py:212 | Fin de ronda. Hay más rondas por jugar.
2026-06-12 15:38:45 | INFO | my_functions.py:247 | [DEBUG] Buscando en paralelo: ['battle_ready.PNG'] | timeout=20s | confidence=0.8
2026-06-12 15:38:55 | INFO | my_functions.py:134 | Haciendo click en la posición (680, 959)
2026-06-12 15:38:55 | INFO | my_functions.py:269 | 🖱️ Click OK (En paralelo): battle_ready.PNG at (680, 959) delay=1s
2026-06-12 15:42:42 | INFO | exp_farm_conquest sin saber cuanta exp vamos.py:228 | Turno 3+ detectado. Retirándose para ganar EXP.
2026-06-12 15:42:42 | INFO | my_functions.py:142 | Presionando ESC (1/1)
2026-06-12 15:42:42 | INFO | my_functions.py:247 | [DEBUG] Buscando en paralelo: ['retreat_now.PNG'] | timeout=20s | confidence=0.8
2026-06-12 15:42:43 | INFO | my_functions.py:134 | Haciendo click en la posición (277, 767)
2026-06-12 15:42:43 | INFO | my_functions.py:269 | 🖱️ Click OK (En paralelo): retreat_now.PNG at (277, 767) delay=0.1s
2026-06-12 15:42:55 | INFO | exp_farm_conquest sin saber cuanta exp vamos.py:212 | Fin de ronda. Hay más rondas por jugar.
2026-06-12 15:42:55 | INFO | my_functions.py:247 | [DEBUG] Buscando en paralelo: ['battle_ready.PNG'] | timeout=20s | confidence=0.8
2026-06-12 15:42:57 | INFO | my_functions.py:134 | Haciendo click en la posición (680, 958)
2026-06-12 15:42:57 | INFO | my_functions.py:269 | 🖱️ Click OK (En paralelo): battle_ready.PNG at (680, 958) delay=1s
2026-06-12 15:46:32 | INFO | exp_farm_conquest sin saber cuanta exp vamos.py:228 | Turno 3+ detectado. Retirándose para ganar EXP.
2026-06-12 15:46:32 | INFO | my_functions.py:142 | Presionando ESC (1/1)
2026-06-12 15:46:33 | INFO | my_functions.py:247 | [DEBUG] Buscando en paralelo: ['retreat_now.PNG'] | timeout=20s | confidence=0.8
2026-06-12 15:46:34 | INFO | my_functions.py:134 | Haciendo click en la posición (277, 767)
2026-06-12 15:46:34 | INFO | my_functions.py:269 | 🖱️ Click OK (En paralelo): retreat_now.PNG at (277, 767) delay=0.1s
2026-06-12 15:46:46 | INFO | exp_farm_conquest sin saber cuanta exp vamos.py:212 | Fin de ronda. Hay más rondas por jugar.
2026-06-12 15:46:46 | INFO | my_functions.py:247 | [DEBUG] Buscando en paralelo: ['battle_ready.PNG'] | timeout=20s | confidence=0.8
2026-06-12 15:46:48 | INFO | my_functions.py:134 | Haciendo click en la posición (680, 959)
2026-06-12 15:46:48 | INFO | my_functions.py:269 | 🖱️ Click OK (En paralelo): battle_ready.PNG at (680, 959) delay=1s
2026-06-12 15:50:07 | INFO | exp_farm_conquest sin saber cuanta exp vamos.py:228 | Turno 3+ detectado. Retirándose para ganar EXP.
2026-06-12 15:50:07 | INFO | my_functions.py:142 | Presionando ESC (1/1)
2026-06-12 15:50:08 | INFO | my_functions.py:247 | [DEBUG] Buscando en paralelo: ['retreat_now.PNG'] | timeout=20s | confidence=0.8
2026-06-12 15:50:08 | INFO | my_functions.py:134 | Haciendo click en la posición (277, 767)
2026-06-12 15:50:08 | INFO | my_functions.py:269 | 🖱️ Click OK (En paralelo): retreat_now.PNG at (277, 767) delay=0.1s
2026-06-12 15:50:20 | INFO | exp_farm_conquest sin saber cuanta exp vamos.py:212 | Fin de ronda. Hay más rondas por jugar.
2026-06-12 15:50:20 | INFO | my_functions.py:247 | [DEBUG] Buscando en paralelo: ['battle_ready.PNG'] | timeout=20s | confidence=0.8
2026-06-12 15:50:22 | INFO | my_functions.py:134 | Haciendo click en la posición (680, 958)
2026-06-12 15:50:22 | INFO | my_functions.py:269 | 🖱️ Click OK (En paralelo): battle_ready.PNG at (680, 958) delay=1s
2026-06-12 15:53:20 | INFO | my_functions.py:142 | Presionando ESC (1/1)
2026-06-12 15:53:40 | INFO | exp_farm_conquest sin saber cuanta exp vamos.py:228 | Turno 3+ detectado. Retirándose para ganar EXP.
2026-06-12 15:53:40 | INFO | my_functions.py:142 | Presionando ESC (1/1)
2026-06-12 15:53:40 | INFO | my_functions.py:247 | [DEBUG] Buscando en paralelo: ['retreat_now.PNG'] | timeout=20s | confidence=0.8
2026-06-12 15:53:41 | INFO | my_functions.py:134 | Haciendo click en la posición (277, 767)
2026-06-12 15:53:41 | INFO | my_functions.py:269 | 🖱️ Click OK (En paralelo): retreat_now.PNG at (277, 767) delay=0.1s
2026-06-12 15:53:53 | INFO | exp_farm_conquest sin saber cuanta exp vamos.py:212 | Fin de ronda. Hay más rondas por jugar.
2026-06-12 15:53:53 | INFO | my_functions.py:247 | [DEBUG] Buscando en paralelo: ['battle_ready.PNG'] | timeout=20s | confidence=0.8
2026-06-12 15:53:55 | INFO | my_functions.py:134 | Haciendo click en la posición (680, 959)
2026-06-12 15:53:55 | INFO | my_functions.py:269 | 🖱️ Click OK (En paralelo): battle_ready.PNG at (680, 959) delay=1s
2026-06-12 15:56:59 | INFO | exp_farm_conquest sin saber cuanta exp vamos.py:187 | Fin de la partida. Mostrando resultados.
2026-06-12 15:56:59 | INFO | my_functions.py:247 | [DEBUG] Buscando en paralelo: ['next_after_concede_conquest_2.PNG'] | timeout=20s | confidence=0.8
2026-06-12 15:57:01 | INFO | my_functions.py:134 | Haciendo click en la posición (680, 959)
2026-06-12 15:57:01 | INFO | my_functions.py:269 | 🖱️ Click OK (En paralelo): next_after_concede_conquest_2.PNG at (680, 959) delay=1s
2026-06-12 15:57:02 | INFO | exp_farm_conquest sin saber cuanta exp vamos.py:193 | ¡Victoria detectada! Reclamando recompensas...
2026-06-12 15:57:02 | INFO | my_functions.py:247 | [DEBUG] Buscando en paralelo: ['next_conquest.PNG'] | timeout=20s | confidence=0.8
2026-06-12 15:57:05 | INFO | my_functions.py:134 | Haciendo click en la posición (679, 973)
2026-06-12 15:57:05 | INFO | my_functions.py:269 | 🖱️ Click OK (En paralelo): next_conquest.PNG at (679, 973) delay=1s
2026-06-12 15:57:07 | INFO | my_functions.py:247 | [DEBUG] Buscando en paralelo: ['next_conquest.PNG'] | timeout=20s | confidence=0.8
2026-06-12 15:57:09 | INFO | my_functions.py:134 | Haciendo click en la posición (679, 973)
2026-06-12 15:57:09 | INFO | my_functions.py:269 | 🖱️ Click OK (En paralelo): next_conquest.PNG at (679, 973) delay=1s
2026-06-12 15:57:10 | INFO | my_functions.py:247 | [DEBUG] Buscando en paralelo: ['next_claim_ticket_3.PNG'] | timeout=25s | confidence=0.8
2026-06-12 15:57:23 | INFO | my_functions.py:134 | Haciendo click en la posición (382, 870)
2026-06-12 15:57:23 | INFO | my_functions.py:269 | 🖱️ Click OK (En paralelo): next_claim_ticket_3.PNG at (382, 870) delay=1s
2026-06-12 15:57:24 | INFO | my_functions.py:247 | [DEBUG] Buscando en paralelo: ['claim!_after_gain_ticket_conquest_2.PNG'] | timeout=20s | confidence=0.8
2026-06-12 15:57:25 | INFO | my_functions.py:134 | Haciendo click en la posición (384, 922)
2026-06-12 15:57:26 | INFO | my_functions.py:269 | 🖱️ Click OK (En paralelo): claim!_after_gain_ticket_conquest_2.PNG at (384, 922) delay=0.6s
2026-06-12 15:57:28 | INFO | exp_farm_conquest sin saber cuanta exp vamos.py:64 | Game #3 finalizada
2026-06-12 15:57:28 | INFO | exp_farm_conquest sin saber cuanta exp vamos.py:64 | Tiempo total de la partida: 40.1 min
2026-06-12 15:57:28 | INFO | exp_farm_conquest sin saber cuanta exp vamos.py:64 | XP obtenida en este game: 0
2026-06-12 15:57:28 | INFO | exp_farm_conquest sin saber cuanta exp vamos.py:64 | john
2026-06-12 15:57:28 | INFO | my_functions.py:247 | [DEBUG] Buscando en paralelo: ['enter.PNG'] | timeout=10s | confidence=0.8
2026-06-12 15:57:30 | INFO | my_functions.py:134 | Haciendo click en la posición (383, 828)
2026-06-12 15:57:30 | INFO | my_functions.py:269 | 🖱️ Click OK (En paralelo): enter.PNG at (383, 828) delay=1s
2026-06-12 15:57:36 | INFO | my_functions.py:247 | [DEBUG] Buscando en paralelo: ['play_conquest.PNG'] | timeout=20s | confidence=0.8
2026-06-12 15:57:38 | INFO | my_functions.py:134 | Haciendo click en la posición (381, 824)
2026-06-12 15:57:38 | INFO | my_functions.py:269 | 🖱️ Click OK (En paralelo): play_conquest.PNG at (381, 824) delay=1s
2026-06-12 15:57:39 | INFO | my_functions.py:247 | [DEBUG] Buscando en paralelo: ['confirm_conquest.PNG'] | timeout=20s | confidence=0.8
2026-06-12 15:57:41 | INFO | my_functions.py:134 | Haciendo click en la posición (471, 719)
2026-06-12 15:57:41 | INFO | my_functions.py:269 | 🖱️ Click OK (En paralelo): confirm_conquest.PNG at (471, 719) delay=1s
2026-06-12 15:57:42 | INFO | my_functions.py:169 | Searching matchmaking_has_been_interrupted.png (timeout=0s)
2026-06-12 15:57:43 | INFO | my_functions.py:213 | 
⛔ Not found: matchmaking_has_been_interrupted.png after 0.46s region=(0, 0, 765, 1038) confidence=0.8
2026-06-12 15:57:43 | INFO | exp_farm_conquest sin saber cuanta exp vamos.py:180 | Entrando al bucle de juego...
2026-06-12 16:01:13 | INFO | exp_farm_conquest sin saber cuanta exp vamos.py:228 | Turno 3+ detectado. Retirándose para ganar EXP.
2026-06-12 16:01:13 | INFO | my_functions.py:142 | Presionando ESC (1/1)
2026-06-12 16:01:14 | INFO | my_functions.py:247 | [DEBUG] Buscando en paralelo: ['retreat_now.PNG'] | timeout=20s | confidence=0.8
2026-06-12 16:01:15 | INFO | my_functions.py:134 | Haciendo click en la posición (277, 767)
2026-06-12 16:01:15 | INFO | my_functions.py:269 | 🖱️ Click OK (En paralelo): retreat_now.PNG at (277, 767) delay=0.1s
2026-06-12 16:01:27 | INFO | exp_farm_conquest sin saber cuanta exp vamos.py:212 | Fin de ronda. Hay más rondas por jugar.
2026-06-12 16:01:27 | INFO | my_functions.py:247 | [DEBUG] Buscando en paralelo: ['battle_ready.PNG'] | timeout=20s | confidence=0.8
2026-06-12 16:01:29 | INFO | my_functions.py:134 | Haciendo click en la posición (680, 958)
2026-06-12 16:01:29 | INFO | my_functions.py:269 | 🖱️ Click OK (En paralelo): battle_ready.PNG at (680, 958) delay=1s
2026-06-12 16:03:00 | INFO | exp_farm_conquest sin saber cuanta exp vamos.py:228 | Turno 3+ detectado. Retirándose para ganar EXP.
2026-06-12 16:03:00 | INFO | my_functions.py:142 | Presionando ESC (1/1)
2026-06-12 16:03:01 | INFO | my_functions.py:247 | [DEBUG] Buscando en paralelo: ['retreat_now.PNG'] | timeout=20s | confidence=0.8
2026-06-12 16:03:01 | INFO | my_functions.py:134 | Haciendo click en la posición (277, 767)
2026-06-12 16:03:02 | INFO | my_functions.py:269 | 🖱️ Click OK (En paralelo): retreat_now.PNG at (277, 767) delay=0.1s
2026-06-12 16:03:12 | INFO | exp_farm_conquest sin saber cuanta exp vamos.py:187 | Fin de la partida. Mostrando resultados.
2026-06-12 16:03:12 | INFO | my_functions.py:247 | [DEBUG] Buscando en paralelo: ['next_after_concede_conquest_2.PNG'] | timeout=20s | confidence=0.8
2026-06-12 16:03:14 | INFO | my_functions.py:134 | Haciendo click en la posición (680, 959)
2026-06-12 16:03:14 | INFO | my_functions.py:269 | 🖱️ Click OK (En paralelo): next_after_concede_conquest_2.PNG at (680, 959) delay=1s
2026-06-12 16:03:16 | INFO | exp_farm_conquest sin saber cuanta exp vamos.py:193 | ¡Victoria detectada! Reclamando recompensas...
2026-06-12 16:03:16 | INFO | my_functions.py:247 | [DEBUG] Buscando en paralelo: ['next_conquest.PNG'] | timeout=20s | confidence=0.8
2026-06-12 16:03:18 | INFO | my_functions.py:134 | Haciendo click en la posición (679, 973)
2026-06-12 16:03:19 | INFO | my_functions.py:269 | 🖱️ Click OK (En paralelo): next_conquest.PNG at (679, 973) delay=1s
2026-06-12 16:03:20 | INFO | my_functions.py:247 | [DEBUG] Buscando en paralelo: ['next_conquest.PNG'] | timeout=20s | confidence=0.8
2026-06-12 16:03:23 | INFO | my_functions.py:134 | Haciendo click en la posición (679, 973)
2026-06-12 16:03:23 | INFO | my_functions.py:269 | 🖱️ Click OK (En paralelo): next_conquest.PNG at (679, 973) delay=1s
2026-06-12 16:03:24 | INFO | my_functions.py:247 | [DEBUG] Buscando en paralelo: ['next_claim_ticket_3.PNG'] | timeout=25s | confidence=0.8
2026-06-12 16:03:37 | INFO | my_functions.py:134 | Haciendo click en la posición (382, 870)
2026-06-12 16:03:37 | INFO | my_functions.py:269 | 🖱️ Click OK (En paralelo): next_claim_ticket_3.PNG at (382, 870) delay=1s
2026-06-12 16:03:38 | INFO | my_functions.py:247 | [DEBUG] Buscando en paralelo: ['claim!_after_gain_ticket_conquest_2.PNG'] | timeout=20s | confidence=0.8
2026-06-12 16:03:39 | INFO | my_functions.py:134 | Haciendo click en la posición (384, 922)
2026-06-12 16:03:39 | INFO | my_functions.py:269 | 🖱️ Click OK (En paralelo): claim!_after_gain_ticket_conquest_2.PNG at (384, 922) delay=0.6s
2026-06-12 16:03:42 | INFO | exp_farm_conquest sin saber cuanta exp vamos.py:64 | Game #4 finalizada
2026-06-12 16:03:42 | INFO | exp_farm_conquest sin saber cuanta exp vamos.py:64 | Tiempo total de la partida: 6.2 min
2026-06-12 16:03:42 | INFO | exp_farm_conquest sin saber cuanta exp vamos.py:64 | XP obtenida en este game: 0
2026-06-12 16:03:42 | INFO | exp_farm_conquest sin saber cuanta exp vamos.py:64 | john
2026-06-12 16:03:42 | INFO | my_functions.py:247 | [DEBUG] Buscando en paralelo: ['enter.PNG'] | timeout=10s | confidence=0.8
2026-06-12 16:03:44 | INFO | my_functions.py:134 | Haciendo click en la posición (383, 828)
2026-06-12 16:03:44 | INFO | my_functions.py:269 | 🖱️ Click OK (En paralelo): enter.PNG at (383, 828) delay=1s
2026-06-12 16:03:50 | INFO | my_functions.py:247 | [DEBUG] Buscando en paralelo: ['play_conquest.PNG'] | timeout=20s | confidence=0.8
2026-06-12 16:03:52 | INFO | my_functions.py:134 | Haciendo click en la posición (380, 825)
2026-06-12 16:03:52 | INFO | my_functions.py:269 | 🖱️ Click OK (En paralelo): play_conquest.PNG at (380, 825) delay=1s
2026-06-12 16:03:53 | INFO | my_functions.py:247 | [DEBUG] Buscando en paralelo: ['confirm_conquest.PNG'] | timeout=20s | confidence=0.8
2026-06-12 16:03:55 | INFO | my_functions.py:134 | Haciendo click en la posición (471, 719)
2026-06-12 16:03:55 | INFO | my_functions.py:269 | 🖱️ Click OK (En paralelo): confirm_conquest.PNG at (471, 719) delay=1s
2026-06-12 16:03:56 | INFO | my_functions.py:169 | Searching matchmaking_has_been_interrupted.png (timeout=0s)
2026-06-12 16:03:56 | INFO | my_functions.py:213 | 
⛔ Not found: matchmaking_has_been_interrupted.png after 0.0s region=(0, 0, 765, 1038) confidence=0.8
2026-06-12 16:03:56 | INFO | exp_farm_conquest sin saber cuanta exp vamos.py:180 | Entrando al bucle de juego...
2026-06-12 16:06:05 | INFO | exp_farm_conquest sin saber cuanta exp vamos.py:228 | Turno 3+ detectado. Retirándose para ganar EXP.
2026-06-12 16:06:05 | INFO | my_functions.py:142 | Presionando ESC (1/1)
2026-06-12 16:06:06 | INFO | my_functions.py:247 | [DEBUG] Buscando en paralelo: ['retreat_now.PNG'] | timeout=20s | confidence=0.8
2026-06-12 16:06:06 | INFO | my_functions.py:134 | Haciendo click en la posición (277, 767)
2026-06-12 16:06:06 | INFO | my_functions.py:269 | 🖱️ Click OK (En paralelo): retreat_now.PNG at (277, 767) delay=0.1s
2026-06-12 16:06:18 | INFO | exp_farm_conquest sin saber cuanta exp vamos.py:212 | Fin de ronda. Hay más rondas por jugar.
2026-06-12 16:06:18 | INFO | my_functions.py:247 | [DEBUG] Buscando en paralelo: ['battle_ready.PNG'] | timeout=20s | confidence=0.8
2026-06-12 16:06:20 | INFO | my_functions.py:134 | Haciendo click en la posición (680, 958)
2026-06-12 16:06:20 | INFO | my_functions.py:269 | 🖱️ Click OK (En paralelo): battle_ready.PNG at (680, 958) delay=1s
2026-06-12 16:07:14 | INFO | exp_farm_conquest sin saber cuanta exp vamos.py:212 | Fin de ronda. Hay más rondas por jugar.
2026-06-12 16:07:14 | INFO | my_functions.py:247 | [DEBUG] Buscando en paralelo: ['battle_ready.PNG'] | timeout=20s | confidence=0.8
2026-06-12 16:07:16 | INFO | my_functions.py:134 | Haciendo click en la posición (680, 959)
2026-06-12 16:07:16 | INFO | my_functions.py:269 | 🖱️ Click OK (En paralelo): battle_ready.PNG at (680, 959) delay=1s
2026-06-12 16:08:30 | INFO | exp_farm_conquest sin saber cuanta exp vamos.py:228 | Turno 3+ detectado. Retirándose para ganar EXP.
2026-06-12 16:08:30 | INFO | my_functions.py:142 | Presionando ESC (1/1)
2026-06-12 16:08:30 | INFO | my_functions.py:247 | [DEBUG] Buscando en paralelo: ['retreat_now.PNG'] | timeout=20s | confidence=0.8
2026-06-12 16:08:31 | INFO | my_functions.py:134 | Haciendo click en la posición (277, 767)
2026-06-12 16:08:31 | INFO | my_functions.py:269 | 🖱️ Click OK (En paralelo): retreat_now.PNG at (277, 767) delay=0.1s
2026-06-12 16:08:43 | INFO | exp_farm_conquest sin saber cuanta exp vamos.py:212 | Fin de ronda. Hay más rondas por jugar.
2026-06-12 16:08:43 | INFO | my_functions.py:247 | [DEBUG] Buscando en paralelo: ['battle_ready.PNG'] | timeout=20s | confidence=0.8
2026-06-12 16:08:45 | INFO | my_functions.py:134 | Haciendo click en la posición (680, 958)
2026-06-12 16:08:45 | INFO | my_functions.py:269 | 🖱️ Click OK (En paralelo): battle_ready.PNG at (680, 958) delay=1s
2026-06-12 16:10:15 | INFO | exp_farm_conquest sin saber cuanta exp vamos.py:228 | Turno 3+ detectado. Retirándose para ganar EXP.
2026-06-12 16:10:15 | INFO | my_functions.py:142 | Presionando ESC (1/1)
2026-06-12 16:10:16 | INFO | my_functions.py:247 | [DEBUG] Buscando en paralelo: ['retreat_now.PNG'] | timeout=20s | confidence=0.8
2026-06-12 16:10:16 | INFO | my_functions.py:134 | Haciendo click en la posición (277, 767)
2026-06-12 16:10:16 | INFO | my_functions.py:269 | 🖱️ Click OK (En paralelo): retreat_now.PNG at (277, 767) delay=0.1s
2026-06-12 16:10:28 | INFO | exp_farm_conquest sin saber cuanta exp vamos.py:212 | Fin de ronda. Hay más rondas por jugar.
2026-06-12 16:10:28 | INFO | my_functions.py:247 | [DEBUG] Buscando en paralelo: ['battle_ready.PNG'] | timeout=20s | confidence=0.8
2026-06-12 16:10:30 | INFO | my_functions.py:134 | Haciendo click en la posición (680, 959)
2026-06-12 16:10:30 | INFO | my_functions.py:269 | 🖱️ Click OK (En paralelo): battle_ready.PNG at (680, 959) delay=1s
2026-06-12 16:12:38 | INFO | exp_farm_conquest sin saber cuanta exp vamos.py:228 | Turno 3+ detectado. Retirándose para ganar EXP.
2026-06-12 16:12:38 | INFO | my_functions.py:142 | Presionando ESC (1/1)
2026-06-12 16:12:39 | INFO | my_functions.py:247 | [DEBUG] Buscando en paralelo: ['retreat_now.PNG'] | timeout=20s | confidence=0.8
2026-06-12 16:12:39 | INFO | my_functions.py:134 | Haciendo click en la posición (277, 767)
2026-06-12 16:12:40 | INFO | my_functions.py:269 | 🖱️ Click OK (En paralelo): retreat_now.PNG at (277, 767) delay=0.1s
2026-06-12 16:12:52 | INFO | exp_farm_conquest sin saber cuanta exp vamos.py:212 | Fin de ronda. Hay más rondas por jugar.
2026-06-12 16:12:52 | INFO | my_functions.py:247 | [DEBUG] Buscando en paralelo: ['battle_ready.PNG'] | timeout=20s | confidence=0.8
2026-06-12 16:12:54 | INFO | my_functions.py:134 | Haciendo click en la posición (680, 958)
2026-06-12 16:12:54 | INFO | my_functions.py:269 | 🖱️ Click OK (En paralelo): battle_ready.PNG at (680, 958) delay=1s
2026-06-12 16:14:47 | INFO | exp_farm_conquest sin saber cuanta exp vamos.py:228 | Turno 3+ detectado. Retirándose para ganar EXP.
2026-06-12 16:14:47 | INFO | my_functions.py:142 | Presionando ESC (1/1)
2026-06-12 16:14:48 | INFO | my_functions.py:247 | [DEBUG] Buscando en paralelo: ['retreat_now.PNG'] | timeout=20s | confidence=0.8
2026-06-12 16:14:48 | INFO | my_functions.py:134 | Haciendo click en la posición (277, 767)
2026-06-12 16:14:48 | INFO | my_functions.py:269 | 🖱️ Click OK (En paralelo): retreat_now.PNG at (277, 767) delay=0.1s
2026-06-12 16:15:01 | INFO | exp_farm_conquest sin saber cuanta exp vamos.py:212 | Fin de ronda. Hay más rondas por jugar.
2026-06-12 16:15:01 | INFO | my_functions.py:247 | [DEBUG] Buscando en paralelo: ['battle_ready.PNG'] | timeout=20s | confidence=0.8
2026-06-12 16:15:02 | INFO | my_functions.py:134 | Haciendo click en la posición (680, 958)
2026-06-12 16:15:03 | INFO | my_functions.py:269 | 🖱️ Click OK (En paralelo): battle_ready.PNG at (680, 958) delay=1s
2026-06-12 16:16:27 | INFO | exp_farm_conquest sin saber cuanta exp vamos.py:228 | Turno 3+ detectado. Retirándose para ganar EXP.
2026-06-12 16:16:27 | INFO | my_functions.py:142 | Presionando ESC (1/1)
2026-06-12 16:16:27 | INFO | my_functions.py:247 | [DEBUG] Buscando en paralelo: ['retreat_now.PNG'] | timeout=20s | confidence=0.8
2026-06-12 16:16:28 | INFO | my_functions.py:134 | Haciendo click en la posición (277, 767)
2026-06-12 16:16:28 | INFO | my_functions.py:269 | 🖱️ Click OK (En paralelo): retreat_now.PNG at (277, 767) delay=0.1s
2026-06-12 16:16:38 | INFO | exp_farm_conquest sin saber cuanta exp vamos.py:187 | Fin de la partida. Mostrando resultados.
2026-06-12 16:16:38 | INFO | my_functions.py:247 | [DEBUG] Buscando en paralelo: ['next_after_concede_conquest_2.PNG'] | timeout=20s | confidence=0.8
2026-06-12 16:16:40 | INFO | my_functions.py:134 | Haciendo click en la posición (680, 959)
2026-06-12 16:16:40 | INFO | my_functions.py:269 | 🖱️ Click OK (En paralelo): next_after_concede_conquest_2.PNG at (680, 959) delay=1s
2026-06-12 16:16:45 | INFO | exp_farm_conquest sin saber cuanta exp vamos.py:205 | Derrota detectada. No se reclama nada.
2026-06-12 16:16:45 | INFO | my_functions.py:247 | [DEBUG] Buscando en paralelo: ['next_conquest.PNG'] | timeout=20s | confidence=0.8
2026-06-12 16:16:47 | INFO | my_functions.py:134 | Haciendo click en la posición (679, 973)
2026-06-12 16:16:47 | INFO | my_functions.py:269 | 🖱️ Click OK (En paralelo): next_conquest.PNG at (679, 973) delay=1s
2026-06-12 16:16:49 | INFO | my_functions.py:247 | [DEBUG] Buscando en paralelo: ['next_conquest.PNG'] | timeout=20s | confidence=0.8
2026-06-12 16:16:51 | INFO | my_functions.py:134 | Haciendo click en la posición (679, 973)
2026-06-12 16:16:52 | INFO | my_functions.py:269 | 🖱️ Click OK (En paralelo): next_conquest.PNG at (679, 973) delay=1s
2026-06-12 16:16:53 | INFO | exp_farm_conquest sin saber cuanta exp vamos.py:64 | Game #5 finalizada
2026-06-12 16:16:53 | INFO | exp_farm_conquest sin saber cuanta exp vamos.py:64 | Tiempo total de la partida: 13.2 min
2026-06-12 16:16:53 | INFO | exp_farm_conquest sin saber cuanta exp vamos.py:64 | XP obtenida en este game: 0
2026-06-12 16:16:53 | INFO | exp_farm_conquest sin saber cuanta exp vamos.py:64 | john
2026-06-12 16:16:53 | INFO | my_functions.py:247 | [DEBUG] Buscando en paralelo: ['enter.PNG'] | timeout=10s | confidence=0.8
2026-06-12 16:16:56 | INFO | my_functions.py:134 | Haciendo click en la posición (383, 828)
2026-06-12 16:16:56 | INFO | my_functions.py:269 | 🖱️ Click OK (En paralelo): enter.PNG at (383, 828) delay=1s
2026-06-12 16:17:03 | INFO | my_functions.py:247 | [DEBUG] Buscando en paralelo: ['play_conquest.PNG'] | timeout=20s | confidence=0.8
2026-06-12 16:17:04 | INFO | my_functions.py:134 | Haciendo click en la posición (380, 825)
2026-06-12 16:17:04 | INFO | my_functions.py:269 | 🖱️ Click OK (En paralelo): play_conquest.PNG at (380, 825) delay=1s
2026-06-12 16:17:06 | INFO | my_functions.py:247 | [DEBUG] Buscando en paralelo: ['confirm_conquest.PNG'] | timeout=20s | confidence=0.8
2026-06-12 16:17:07 | INFO | my_functions.py:134 | Haciendo click en la posición (471, 719)
2026-06-12 16:17:07 | INFO | my_functions.py:269 | 🖱️ Click OK (En paralelo): confirm_conquest.PNG at (471, 719) delay=1s
2026-06-12 16:17:08 | INFO | my_functions.py:169 | Searching matchmaking_has_been_interrupted.png (timeout=0s)
2026-06-12 16:17:09 | INFO | my_functions.py:213 | 
⛔ Not found: matchmaking_has_been_interrupted.png after 0.0s region=(0, 0, 765, 1038) confidence=0.8
2026-06-12 16:17:09 | INFO | exp_farm_conquest sin saber cuanta exp vamos.py:180 | Entrando al bucle de juego...
