2026-06-12 14:29:39 | INFO | exp_farm_conquest.py:53 | LOG FILE PATH: \\vmware-host\Shared Folders\SHARED FILES VM\MS\logs\exp_farm_conquest_2026-06-12_14-29-39.log
2026-06-12 14:29:39 | INFO | exp_farm_conquest.py:54 | Logger initialized
2026-06-12 14:29:39 | INFO | exp_farm_conquest.py:81 | TEST LOG INITIALIZATION
2026-06-12 14:29:39 | INFO | exp_farm_conquest.py:82 | Logger test executed
2026-06-12 14:29:40 | INFO | exp_farm_conquest.py:112 | snap.exe terminated if it was running
2026-06-12 14:29:40 | INFO | my_functions.py:1525 | ⏱ Esperando 0.1 segundos antes de empezar...
2026-06-12 14:29:40 | INFO | my_functions.py:1532 | 🔍 Esperando ventana que contenga alguna de: ['exp_farm_conquest'] (máx 20s)
2026-06-12 14:29:40 | INFO | my_functions.py:1544 | ✅ Ventana encontrada: 'exp_farm_conquest - Acceso directo'
2026-06-12 14:29:40 | INFO | my_functions.py:1559 | ✅ Ventana seleccionada: 'exp_farm_conquest - Acceso directo'
2026-06-12 14:29:42 | INFO | my_functions.py:1582 | 🔁 Reajuste #1...
2026-06-12 14:29:42 | INFO | my_functions.py:1589 | ✔ Verificación completa. Se hicieron 1 reajustes.
2026-06-12 14:29:42 | INFO | my_functions.py:56 | ⏳ Esperando WebSocket de OBS...
2026-06-12 14:29:47 | INFO | baseclient.py:33 | Connecting with parameters: host='localhost' port=4455 password='' subs=0 timeout=None
2026-06-12 14:29:47 | INFO | reqs.py:23 | Successfully identified ReqClient with the server using RPC version:1
2026-06-12 14:29:47 | INFO | my_functions.py:62 | ✅ Conectado al OBS WebSocket
2026-06-12 14:29:47 | ERROR | reqs.py:59 | OBSSDKRequestError: Request GetRecordStatus returned code 207. With message: OBS is not ready to perform the request.
Traceback (most recent call last):
  File "C:\Users\Farm\AppData\Local\Programs\Python\Python311\Lib\site-packages\obsws_python\reqs.py", line 53, in send
    raise OBSSDKRequestError(
obsws_python.error.OBSSDKRequestError: Request GetRecordStatus returned code 207. With message: OBS is not ready to perform the request.
2026-06-12 14:29:48 | INFO | my_functions.py:87 | 🎬 Grabación iniciada
2026-06-12 14:29:49 | INFO | exp_farm_conquest.py:123 | Steam launch command sent
2026-06-12 14:29:49 | INFO | my_functions.py:1525 | ⏱ Esperando 10 segundos antes de empezar...
2026-06-12 14:29:59 | INFO | my_functions.py:1532 | 🔍 Esperando ventana que contenga alguna de: ['SNAP'] (máx 20s)
2026-06-12 14:29:59 | INFO | my_functions.py:1544 | ✅ Ventana encontrada: 'SNAP'
2026-06-12 14:29:59 | INFO | my_functions.py:1559 | ✅ Ventana seleccionada: 'SNAP'
2026-06-12 14:30:01 | INFO | my_functions.py:1582 | 🔁 Reajuste #1...
2026-06-12 14:30:02 | INFO | my_functions.py:1589 | ✔ Verificación completa. Se hicieron 1 reajustes.
2026-06-12 14:30:02 | INFO | my_functions.py:1205 | [DEBUG] Resizing SNAP window...
2026-06-12 14:30:02 | INFO | my_functions.py:1525 | ⏱ Esperando 0.1 segundos antes de empezar...
2026-06-12 14:30:03 | INFO | my_functions.py:1532 | 🔍 Esperando ventana que contenga alguna de: ['SNAP'] (máx 20s)
2026-06-12 14:30:03 | INFO | my_functions.py:1544 | ✅ Ventana encontrada: 'SNAP'
2026-06-12 14:30:03 | INFO | my_functions.py:1559 | ✅ Ventana seleccionada: 'SNAP'
2026-06-12 14:30:06 | INFO | my_functions.py:1591 | ✔ Verificación completa. No hubo cambios después del primer ajuste.
2026-06-12 14:30:06 | INFO | my_functions.py:247 | [DEBUG] Buscando en paralelo: ['small_submit.PNG', 'small_submit_hover.png', 'submit_hover_2.png', 'small_submit_hover_2.png'] | timeout=90s | confidence=0.8
2026-06-12 14:30:07 | INFO | my_functions.py:134 | Haciendo click en la posición (380, 642)
2026-06-12 14:30:08 | INFO | my_functions.py:269 | 🖱️ Click OK (En paralelo): small_submit.PNG at (380, 642) delay=0.2s
2026-06-12 14:30:11 | INFO | my_functions.py:247 | [DEBUG] Buscando en paralelo: ['small_submit.PNG', 'small_submit_hover.png', 'submit_hover_2.png', 'small_submit_hover_2.png'] | timeout=20s | confidence=0.8
2026-06-12 14:30:12 | INFO | my_functions.py:134 | Haciendo click en la posición (380, 721)
2026-06-12 14:30:12 | INFO | my_functions.py:269 | 🖱️ Click OK (En paralelo): small_submit.PNG at (380, 721) delay=0.2s
2026-06-12 14:30:13 | INFO | my_functions.py:1525 | ⏱ Esperando 0.1 segundos antes de empezar...
2026-06-12 14:30:14 | INFO | my_functions.py:1532 | 🔍 Esperando ventana que contenga alguna de: ['SNAP'] (máx 20s)
2026-06-12 14:30:14 | INFO | my_functions.py:1544 | ✅ Ventana encontrada: 'SNAP'
2026-06-12 14:30:14 | INFO | my_functions.py:1559 | ✅ Ventana seleccionada: 'SNAP'
2026-06-12 14:30:16 | INFO | my_functions.py:1582 | 🔁 Reajuste #1...
2026-06-12 14:30:17 | INFO | my_functions.py:1589 | ✔ Verificación completa. Se hicieron 1 reajustes.
2026-06-12 14:30:17 | INFO | my_functions.py:169 | Searching please_sign.png (timeout=0s)
2026-06-12 14:30:17 | INFO | my_functions.py:199 | 
✅ Found: please_sign.png pos=(383, 438) time=0.47s confidence=0.8
2026-06-12 14:30:17 | INFO | my_functions.py:247 | [DEBUG] Buscando en paralelo: ['ok_btn.png'] | timeout=20s | confidence=0.8
2026-06-12 14:30:19 | INFO | my_functions.py:134 | Haciendo click en la posición (382, 634)
2026-06-12 14:30:19 | INFO | my_functions.py:269 | 🖱️ Click OK (En paralelo): ok_btn.png at (382, 634) delay=1s
2026-06-12 14:30:20 | INFO | my_functions.py:247 | [DEBUG] Buscando en paralelo: ['small_submit.PNG', 'small_submit_hover.png', 'submit_hover_2.png', 'small_submit_hover_2.png'] | timeout=30s | confidence=0.8
2026-06-12 14:30:23 | INFO | my_functions.py:134 | Haciendo click en la posición (383, 643)
2026-06-12 14:30:23 | INFO | my_functions.py:269 | 🖱️ Click OK (En paralelo): small_submit_hover_2.png at (383, 643) delay=0.2s
2026-06-12 14:30:25 | INFO | my_functions.py:247 | [DEBUG] Buscando en paralelo: ['small_submit.PNG', 'small_submit_hover.png', 'submit_hover_2.png', 'small_submit_hover_2.png'] | timeout=20s | confidence=0.8
2026-06-12 14:30:26 | INFO | my_functions.py:134 | Haciendo click en la posición (380, 721)
2026-06-12 14:30:26 | INFO | my_functions.py:269 | 🖱️ Click OK (En paralelo): small_submit.PNG at (380, 721) delay=0.2s
2026-06-12 14:30:27 | INFO | my_functions.py:247 | [DEBUG] Buscando en paralelo: ['small_submit.PNG', 'small_submit_hover.png', 'submit_hover_2.png', 'small_submit_hover_2.png'] | timeout=20s | confidence=0.8
2026-06-12 14:30:51 | INFO | my_functions.py:281 | [DEBUG] Click skipped, ninguna de las imágenes se encontró en el intento.
2026-06-12 14:30:52 | INFO | my_functions.py:247 | [DEBUG] Buscando en paralelo: ['sign_in_with_google2.PNG'] | timeout=20s | confidence=0.8
2026-06-12 14:30:53 | INFO | my_functions.py:134 | Haciendo click en la posición (406, 957)
2026-06-12 14:30:54 | INFO | my_functions.py:269 | 🖱️ Click OK (En paralelo): sign_in_with_google2.PNG at (406, 957) delay=1s
2026-06-12 14:30:55 | INFO | my_functions.py:169 | Searching pagina_cargada.png (timeout=60s)
2026-06-12 14:31:04 | INFO | my_functions.py:199 | 
✅ Found: pagina_cargada.png pos=(70, 24) time=8.9s confidence=0.8
2026-06-12 14:31:04 | INFO | my_functions.py:247 | [DEBUG] Buscando en paralelo: ['guille.png'] | timeout=0s | confidence=0.8
2026-06-12 14:31:08 | INFO | my_functions.py:134 | Haciendo click en la posición (1147, 704)
2026-06-12 14:31:08 | INFO | my_functions.py:269 | 🖱️ Click OK (En paralelo): guille.png at (1147, 704) delay=3s
2026-06-12 14:31:10 | INFO | my_functions.py:169 | Searching marvelsnap_web.png (timeout=30s)
2026-06-12 14:31:19 | INFO | my_functions.py:199 | 
✅ Found: marvelsnap_web.png pos=(258, 80) time=9.25s confidence=0.7
2026-06-12 14:31:19 | INFO | my_functions.py:169 | Searching shop_unselected.PNG (timeout=0s)
2026-06-12 14:31:20 | INFO | my_functions.py:213 | 
⛔ Not found: shop_unselected.PNG after 0.0s region=(0, 0, 765, 1038) confidence=0.8
2026-06-12 14:31:20 | INFO | my_functions.py:247 | [DEBUG] Buscando en paralelo: ['super_premium.PNG'] | timeout=0s | confidence=0.8
2026-06-12 14:31:21 | INFO | my_functions.py:281 | [DEBUG] Click skipped, ninguna de las imágenes se encontró en el intento.
2026-06-12 14:31:22 | INFO | my_functions.py:247 | [DEBUG] Buscando en paralelo: ['maybe_later.PNG'] | timeout=0s | confidence=0.8
2026-06-12 14:31:22 | INFO | my_functions.py:281 | [DEBUG] Click skipped, ninguna de las imágenes se encontró en el intento.
2026-06-12 14:31:24 | INFO | my_functions.py:247 | [DEBUG] Buscando en paralelo: ['maybe_later2.PNG'] | timeout=0s | confidence=0.8
2026-06-12 14:31:24 | INFO | my_functions.py:281 | [DEBUG] Click skipped, ninguna de las imágenes se encontró en el intento.
2026-06-12 14:31:25 | INFO | my_functions.py:169 | Searching go_to_shop.PNG (timeout=0s)
2026-06-12 14:31:26 | INFO | my_functions.py:213 | 
⛔ Not found: go_to_shop.PNG after 0.0s region=(0, 0, 765, 1038) confidence=0.8
2026-06-12 14:31:26 | INFO | my_functions.py:247 | [DEBUG] Buscando en paralelo: ['14_days_of_winterverse.PNG'] | timeout=0s | confidence=0.8
2026-06-12 14:31:27 | INFO | my_functions.py:281 | [DEBUG] Click skipped, ninguna de las imágenes se encontró en el intento.
2026-06-12 14:31:28 | INFO | my_functions.py:169 | Searching welcome_back_calendar.PNG (timeout=0s)
2026-06-12 14:31:29 | INFO | my_functions.py:213 | 
⛔ Not found: welcome_back_calendar.PNG after 0.0s region=(0, 0, 765, 1038) confidence=0.8
2026-06-12 14:31:29 | INFO | my_functions.py:247 | [DEBUG] Buscando en paralelo: ['start_the_countdown.PNG'] | timeout=0s | confidence=0.8
2026-06-12 14:31:29 | INFO | my_functions.py:281 | [DEBUG] Click skipped, ninguna de las imágenes se encontró en el intento.
2026-06-12 14:31:30 | INFO | my_functions.py:247 | [DEBUG] Buscando en paralelo: ['event_has_ended_sanctum.PNG'] | timeout=0s | confidence=0.8
2026-06-12 14:31:31 | INFO | my_functions.py:281 | [DEBUG] Click skipped, ninguna de las imágenes se encontró en el intento.
2026-06-12 14:31:32 | INFO | my_functions.py:247 | [DEBUG] Buscando en paralelo: ['event_has_ended_teamclash.PNG'] | timeout=0s | confidence=0.8
2026-06-12 14:31:33 | INFO | my_functions.py:281 | [DEBUG] Click skipped, ninguna de las imágenes se encontró en el intento.
2026-06-12 14:31:34 | INFO | my_functions.py:247 | [DEBUG] Buscando en paralelo: ['image_part_of_event_grand_arena_finished.PNG'] | timeout=0s | confidence=0.8
2026-06-12 14:31:35 | INFO | my_functions.py:281 | [DEBUG] Click skipped, ninguna de las imágenes se encontró en el intento.
2026-06-12 14:31:36 | INFO | my_functions.py:169 | Searching 28_day_event_login_rewards.PNG (timeout=0s)
2026-06-12 14:31:36 | INFO | my_functions.py:213 | 
⛔ Not found: 28_day_event_login_rewards.PNG after 0.0s region=(0, 0, 765, 1038) confidence=0.8
2026-06-12 14:31:36 | INFO | my_functions.py:169 | Searching 7_day_event_login.PNG (timeout=0s)
2026-06-12 14:31:37 | INFO | my_functions.py:213 | 
⛔ Not found: 7_day_event_login.PNG after 0.0s region=(0, 0, 765, 1038) confidence=0.8
2026-06-12 14:31:37 | INFO | my_functions.py:169 | Searching 14_days_event.PNG (timeout=0s)
2026-06-12 14:31:37 | INFO | my_functions.py:213 | 
⛔ Not found: 14_days_event.PNG after 0.0s region=(0, 0, 765, 1038) confidence=0.8
2026-06-12 14:31:37 | INFO | my_functions.py:247 | [DEBUG] Buscando en paralelo: ['lets_go.PNG'] | timeout=0s | confidence=0.8
2026-06-12 14:31:38 | INFO | my_functions.py:281 | [DEBUG] Click skipped, ninguna de las imágenes se encontró en el intento.
2026-06-12 14:31:40 | INFO | my_functions.py:169 | Searching shop_unselected.PNG (timeout=0s)
2026-06-12 14:31:41 | INFO | my_functions.py:199 | 
✅ Found: shop_unselected.PNG pos=(88, 961) time=0.76s confidence=0.8
2026-06-12 14:31:49 | INFO | my_functions.py:169 | Searching shop_unselected.PNG (timeout=0s)
2026-06-12 14:31:50 | INFO | my_functions.py:199 | 
✅ Found: shop_unselected.PNG pos=(89, 961) time=0.85s confidence=0.8
2026-06-12 14:31:50 | INFO | my_functions.py:714 | Ya esta listo
2026-06-12 14:31:50 | INFO | my_functions.py:169 | Searching play.PNG (timeout=0s)
2026-06-12 14:31:50 | INFO | my_functions.py:199 | 
✅ Found: play.PNG pos=(384, 824) time=0.64s confidence=0.8
2026-06-12 14:31:51 | INFO | my_functions.py:1420 | [INFO] Click realizado donde se equipa el deck a jugar
2026-06-12 14:31:55 | INFO | my_functions.py:247 | [DEBUG] Buscando en paralelo: ['deck_333.png'] | timeout=3s | confidence=0.8
2026-06-12 14:31:57 | INFO | my_functions.py:134 | Haciendo click en la posición (381, 546)
2026-06-12 14:31:57 | INFO | my_functions.py:269 | 🖱️ Click OK (En paralelo): deck_333.png at (381, 546) delay=1s
2026-06-12 14:31:58 | INFO | my_functions.py:247 | [DEBUG] Buscando en paralelo: ['equip.png'] | timeout=3s | confidence=0.95
2026-06-12 14:32:00 | INFO | my_functions.py:134 | Haciendo click en la posición (548, 983)
2026-06-12 14:32:00 | INFO | my_functions.py:269 | 🖱️ Click OK (En paralelo): equip.png at (548, 983) delay=1s
2026-06-12 14:32:01 | INFO | my_functions.py:247 | [DEBUG] Buscando en paralelo: ['maybe_later.PNG'] | timeout=2s | confidence=0.8
2026-06-12 14:32:03 | INFO | my_functions.py:281 | [DEBUG] Click skipped, ninguna de las imágenes se encontró en el intento.
2026-06-12 14:32:05 | INFO | my_functions.py:247 | [DEBUG] Buscando en paralelo: ['maybe_later2.PNG'] | timeout=0.01s | confidence=0.8
2026-06-12 14:32:05 | INFO | my_functions.py:281 | [DEBUG] Click skipped, ninguna de las imágenes se encontró en el intento.
2026-06-12 14:32:06 | INFO | exp_farm_conquest.py:63 | Abriendo modo de juego Conquest...
2026-06-12 14:32:06 | INFO | my_functions.py:247 | [DEBUG] Buscando en paralelo: ['game_modes_unselected.PNG'] | timeout=3s | confidence=0.8
2026-06-12 14:32:10 | INFO | my_functions.py:281 | [DEBUG] Click skipped, ninguna de las imágenes se encontró en el intento.
2026-06-12 14:32:11 | INFO | my_functions.py:247 | [DEBUG] Buscando en paralelo: ['games_mode_selected.PNG'] | timeout=3s | confidence=0.8
2026-06-12 14:32:13 | INFO | my_functions.py:134 | Haciendo click en la posición (541, 975)
2026-06-12 14:32:13 | INFO | my_functions.py:269 | 🖱️ Click OK (En paralelo): games_mode_selected.PNG at (541, 975) delay=1s
2026-06-12 14:32:14 | INFO | my_functions.py:247 | [DEBUG] Buscando en paralelo: ['conquest.PNG'] | timeout=3s | confidence=0.8
2026-06-12 14:32:16 | INFO | my_functions.py:134 | Haciendo click en la posición (390, 569)
2026-06-12 14:32:16 | INFO | my_functions.py:269 | 🖱️ Click OK (En paralelo): conquest.PNG at (390, 569) delay=1s
2026-06-12 14:32:20 | INFO | exp_farm_conquest.py:153 | Entrando al bucle de juego...
2026-06-12 14:32:20 | ERROR | exp_farm_conquest.py:350 | Unhandled exception occurred
Traceback (most recent call last):
  File "Z:\SHARED FILES VM\MS\exp_farm_conquest.py", line 156, in <module>
    previous_xp = get_postgame_xp_value()
                  ^^^^^^^^^^^^^^^^^^^^^^^
  File "Z:\SHARED FILES VM\MS\my_functions.py", line 512, in get_postgame_xp_value
    with open(get_nvprod_json_path("BattlePassState"), "r", encoding="utf-8-sig") as f:
         ^^^^^^^^^^^^^^^^^^^^^^^^^^^^^^^^^^^^^^^^^^^^^^^^^^^^^^^^^^^^^^^^^^^^^^^^
FileNotFoundError: [Errno 2] No such file or directory: 'C:\\Users\\Farm\\AppData\\LocalLow\\Second Dinner\\SNAP\\Standalone\\States\\nvprod\\BattlePassState.json'
2026-06-12 14:32:20 | INFO | exp_farm_conquest.py:63 | Presiona ENTER para cerrar...
