2026-07-04 18:19:44 | INFO | exp_farm_conquest sin saber cuanta exp vamos.py:56 | LOG FILE PATH: \\vmware-host\Shared Folders\SHARED FILES VM\MS\logs\exp_farm_conquest sin saber cuanta exp vamos_2026-07-04_18-19-44.log
2026-07-04 18:19:44 | INFO | exp_farm_conquest sin saber cuanta exp vamos.py:57 | Logger initialized
2026-07-04 18:19:44 | INFO | exp_farm_conquest sin saber cuanta exp vamos.py:84 | TEST LOG INITIALIZATION
2026-07-04 18:19:44 | INFO | exp_farm_conquest sin saber cuanta exp vamos.py:85 | Logger test executed
2026-07-04 18:19:45 | INFO | exp_farm_conquest sin saber cuanta exp vamos.py:110 | snap.exe terminated if it was running
2026-07-04 18:19:45 | INFO | my_functions.py:1545 | ⏱ Esperando 0.1 segundos antes de empezar...
2026-07-04 18:19:45 | INFO | my_functions.py:1552 | 🔍 Esperando ventana que contenga alguna de: ['exp_farm_conquest'] (máx 20s)
2026-07-04 18:20:05 | INFO | my_functions.py:1570 | ❌ No se encontró ninguna ventana con '['exp_farm_conquest']' tras 20s
2026-07-04 18:20:05 | INFO | my_functions.py:56 | ⏳ Esperando WebSocket de OBS...
2026-07-04 18:20:10 | INFO | baseclient.py:33 | Connecting with parameters: host='localhost' port=4455 password='' subs=0 timeout=None
2026-07-04 18:20:10 | INFO | reqs.py:23 | Successfully identified ReqClient with the server using RPC version:1
2026-07-04 18:20:10 | INFO | my_functions.py:62 | ✅ Conectado al OBS WebSocket
2026-07-04 18:20:10 | ERROR | reqs.py:59 | OBSSDKRequestError: Request GetRecordStatus returned code 207. With message: OBS is not ready to perform the request.
Traceback (most recent call last):
  File "C:\Users\Farm\AppData\Local\Programs\Python\Python311\Lib\site-packages\obsws_python\reqs.py", line 53, in send
    raise OBSSDKRequestError(
obsws_python.error.OBSSDKRequestError: Request GetRecordStatus returned code 207. With message: OBS is not ready to perform the request.
2026-07-04 18:20:11 | INFO | my_functions.py:87 | 🎬 Grabación iniciada
2026-07-04 18:20:12 | INFO | exp_farm_conquest sin saber cuanta exp vamos.py:120 | Steam launch command sent
2026-07-04 18:20:12 | INFO | my_functions.py:1545 | ⏱ Esperando 10 segundos antes de empezar...
2026-07-04 18:20:22 | INFO | my_functions.py:1552 | 🔍 Esperando ventana que contenga alguna de: ['SNAP'] (máx 20s)
2026-07-04 18:20:22 | INFO | my_functions.py:1564 | ✅ Ventana encontrada: 'SNAP'
2026-07-04 18:20:22 | INFO | my_functions.py:1579 | ✅ Ventana seleccionada: 'SNAP'
2026-07-04 18:20:24 | INFO | my_functions.py:1602 | 🔁 Reajuste #1...
2026-07-04 18:20:24 | INFO | my_functions.py:1609 | ✔ Verificación completa. Se hicieron 1 reajustes.
2026-07-04 18:20:24 | INFO | my_functions.py:1206 | [DEBUG] Resizing SNAP window...
2026-07-04 18:20:24 | INFO | my_functions.py:1545 | ⏱ Esperando 0.1 segundos antes de empezar...
2026-07-04 18:20:25 | INFO | my_functions.py:1552 | 🔍 Esperando ventana que contenga alguna de: ['SNAP'] (máx 20s)
2026-07-04 18:20:25 | INFO | my_functions.py:1564 | ✅ Ventana encontrada: 'SNAP'
2026-07-04 18:20:25 | INFO | my_functions.py:1579 | ✅ Ventana seleccionada: 'SNAP'
2026-07-04 18:20:32 | INFO | my_functions.py:1611 | ✔ Verificación completa. No hubo cambios después del primer ajuste.
2026-07-04 18:20:32 | INFO | my_functions.py:247 | [DEBUG] Buscando en paralelo: ['small_submit.PNG', 'small_submit_hover.png', 'submit_hover_2.png', 'small_submit_hover_2.png'] | timeout=90s | confidence=0.8
2026-07-04 18:20:33 | INFO | my_functions.py:134 | Haciendo click en la posición (380, 642)
2026-07-04 18:20:33 | INFO | my_functions.py:269 | 🖱️ Click OK (En paralelo): small_submit.PNG at (380, 642) delay=0.2s
2026-07-04 18:20:37 | INFO | my_functions.py:247 | [DEBUG] Buscando en paralelo: ['small_submit.PNG', 'small_submit_hover.png', 'submit_hover_2.png', 'small_submit_hover_2.png'] | timeout=20s | confidence=0.8
2026-07-04 18:20:38 | INFO | my_functions.py:134 | Haciendo click en la posición (380, 721)
2026-07-04 18:20:38 | INFO | my_functions.py:269 | 🖱️ Click OK (En paralelo): small_submit.PNG at (380, 721) delay=0.2s
2026-07-04 18:20:39 | INFO | my_functions.py:1545 | ⏱ Esperando 0.1 segundos antes de empezar...
2026-07-04 18:20:40 | INFO | my_functions.py:1552 | 🔍 Esperando ventana que contenga alguna de: ['SNAP'] (máx 20s)
2026-07-04 18:20:40 | INFO | my_functions.py:1564 | ✅ Ventana encontrada: 'SNAP'
2026-07-04 18:20:40 | INFO | my_functions.py:1579 | ✅ Ventana seleccionada: 'SNAP'
2026-07-04 18:20:42 | INFO | my_functions.py:1602 | 🔁 Reajuste #1...
2026-07-04 18:20:43 | INFO | my_functions.py:1609 | ✔ Verificación completa. Se hicieron 1 reajustes.
2026-07-04 18:20:43 | INFO | my_functions.py:169 | Searching please_sign.png (timeout=0s)
2026-07-04 18:20:43 | INFO | my_functions.py:199 | 
✅ Found: please_sign.png pos=(383, 438) time=0.47s confidence=0.8
2026-07-04 18:20:43 | INFO | my_functions.py:247 | [DEBUG] Buscando en paralelo: ['ok_btn.png'] | timeout=20s | confidence=0.8
2026-07-04 18:20:45 | INFO | my_functions.py:134 | Haciendo click en la posición (382, 634)
2026-07-04 18:20:45 | INFO | my_functions.py:269 | 🖱️ Click OK (En paralelo): ok_btn.png at (382, 634) delay=1s
2026-07-04 18:20:46 | INFO | my_functions.py:247 | [DEBUG] Buscando en paralelo: ['small_submit.PNG', 'small_submit_hover.png', 'submit_hover_2.png', 'small_submit_hover_2.png'] | timeout=30s | confidence=0.8
2026-07-04 18:20:49 | INFO | my_functions.py:134 | Haciendo click en la posición (383, 643)
2026-07-04 18:20:49 | INFO | my_functions.py:269 | 🖱️ Click OK (En paralelo): small_submit_hover_2.png at (383, 643) delay=0.2s
2026-07-04 18:20:50 | INFO | my_functions.py:247 | [DEBUG] Buscando en paralelo: ['small_submit.PNG', 'small_submit_hover.png', 'submit_hover_2.png', 'small_submit_hover_2.png'] | timeout=20s | confidence=0.8
2026-07-04 18:20:52 | INFO | my_functions.py:134 | Haciendo click en la posición (380, 721)
2026-07-04 18:20:52 | INFO | my_functions.py:269 | 🖱️ Click OK (En paralelo): small_submit.PNG at (380, 721) delay=0.2s
2026-07-04 18:20:53 | INFO | my_functions.py:247 | [DEBUG] Buscando en paralelo: ['sign_in_with_google2.PNG'] | timeout=20s | confidence=0.8
2026-07-04 18:20:55 | INFO | my_functions.py:134 | Haciendo click en la posición (406, 957)
2026-07-04 18:20:55 | INFO | my_functions.py:269 | 🖱️ Click OK (En paralelo): sign_in_with_google2.PNG at (406, 957) delay=1s
2026-07-04 18:20:56 | INFO | my_functions.py:169 | Searching pagina_cargada.png (timeout=60s)
2026-07-04 18:21:14 | INFO | my_functions.py:199 | 
✅ Found: pagina_cargada.png pos=(70, 24) time=18.34s confidence=0.8
2026-07-04 18:21:16 | INFO | my_functions.py:247 | [DEBUG] Buscando en paralelo: ['john.png'] | timeout=0s | confidence=0.8
2026-07-04 18:21:20 | INFO | my_functions.py:134 | Haciendo click en la posición (1143, 619)
2026-07-04 18:21:21 | INFO | my_functions.py:269 | 🖱️ Click OK (En paralelo): john.png at (1143, 619) delay=3s
2026-07-04 18:21:22 | INFO | my_functions.py:169 | Searching marvelsnap_web.png (timeout=30s)
2026-07-04 18:21:28 | INFO | my_functions.py:199 | 
✅ Found: marvelsnap_web.png pos=(258, 80) time=6.4s confidence=0.7
2026-07-04 18:21:28 | INFO | my_functions.py:169 | Searching shop_unselected.PNG (timeout=0s)
2026-07-04 18:21:29 | INFO | my_functions.py:213 | 
⛔ Not found: shop_unselected.PNG after 0.0s region=(0, 0, 765, 1038) confidence=0.8
2026-07-04 18:21:29 | INFO | my_functions.py:247 | [DEBUG] Buscando en paralelo: ['super_premium.PNG'] | timeout=0s | confidence=0.8
2026-07-04 18:21:30 | INFO | my_functions.py:281 | [DEBUG] Click skipped, ninguna de las imágenes se encontró en el intento.
2026-07-04 18:21:31 | INFO | my_functions.py:247 | [DEBUG] Buscando en paralelo: ['maybe_later.PNG'] | timeout=0s | confidence=0.8
2026-07-04 18:21:31 | INFO | my_functions.py:281 | [DEBUG] Click skipped, ninguna de las imágenes se encontró en el intento.
2026-07-04 18:21:33 | INFO | my_functions.py:247 | [DEBUG] Buscando en paralelo: ['maybe_later2.PNG'] | timeout=0s | confidence=0.8
2026-07-04 18:21:33 | INFO | my_functions.py:281 | [DEBUG] Click skipped, ninguna de las imágenes se encontró en el intento.
2026-07-04 18:21:34 | INFO | my_functions.py:169 | Searching go_to_shop.PNG (timeout=0s)
2026-07-04 18:21:35 | INFO | my_functions.py:213 | 
⛔ Not found: go_to_shop.PNG after 0.0s region=(0, 0, 765, 1038) confidence=0.8
2026-07-04 18:21:35 | INFO | my_functions.py:247 | [DEBUG] Buscando en paralelo: ['14_days_of_winterverse.PNG'] | timeout=0s | confidence=0.8
2026-07-04 18:21:35 | INFO | my_functions.py:281 | [DEBUG] Click skipped, ninguna de las imágenes se encontró en el intento.
2026-07-04 18:21:37 | INFO | my_functions.py:169 | Searching welcome_back_calendar.PNG (timeout=0s)
2026-07-04 18:21:37 | INFO | my_functions.py:213 | 
⛔ Not found: welcome_back_calendar.PNG after 0.0s region=(0, 0, 765, 1038) confidence=0.8
2026-07-04 18:21:37 | INFO | my_functions.py:247 | [DEBUG] Buscando en paralelo: ['start_the_countdown.PNG'] | timeout=0s | confidence=0.8
2026-07-04 18:21:38 | INFO | my_functions.py:281 | [DEBUG] Click skipped, ninguna de las imágenes se encontró en el intento.
2026-07-04 18:21:39 | INFO | my_functions.py:247 | [DEBUG] Buscando en paralelo: ['event_has_ended_sanctum.PNG'] | timeout=0s | confidence=0.8
2026-07-04 18:21:39 | INFO | my_functions.py:281 | [DEBUG] Click skipped, ninguna de las imágenes se encontró en el intento.
2026-07-04 18:21:40 | INFO | my_functions.py:247 | [DEBUG] Buscando en paralelo: ['event_has_ended_teamclash.PNG'] | timeout=0s | confidence=0.8
2026-07-04 18:21:41 | INFO | my_functions.py:281 | [DEBUG] Click skipped, ninguna de las imágenes se encontró en el intento.
2026-07-04 18:21:42 | INFO | my_functions.py:247 | [DEBUG] Buscando en paralelo: ['image_part_of_event_grand_arena_finished.PNG'] | timeout=0s | confidence=0.8
2026-07-04 18:21:43 | INFO | my_functions.py:281 | [DEBUG] Click skipped, ninguna de las imágenes se encontró en el intento.
2026-07-04 18:21:44 | INFO | my_functions.py:169 | Searching 28_day_event_login_rewards.PNG (timeout=0s)
2026-07-04 18:21:44 | INFO | my_functions.py:213 | 
⛔ Not found: 28_day_event_login_rewards.PNG after 0.0s region=(0, 0, 765, 1038) confidence=0.8
2026-07-04 18:21:44 | INFO | my_functions.py:169 | Searching 7_day_event_login.PNG (timeout=0s)
2026-07-04 18:21:45 | INFO | my_functions.py:213 | 
⛔ Not found: 7_day_event_login.PNG after 0.0s region=(0, 0, 765, 1038) confidence=0.8
2026-07-04 18:21:45 | INFO | my_functions.py:169 | Searching 14_days_event.PNG (timeout=0s)
2026-07-04 18:21:45 | INFO | my_functions.py:213 | 
⛔ Not found: 14_days_event.PNG after 0.0s region=(0, 0, 765, 1038) confidence=0.8
2026-07-04 18:21:45 | INFO | my_functions.py:247 | [DEBUG] Buscando en paralelo: ['lets_go.PNG'] | timeout=0s | confidence=0.8
2026-07-04 18:21:46 | INFO | my_functions.py:281 | [DEBUG] Click skipped, ninguna de las imágenes se encontró en el intento.
2026-07-04 18:21:48 | INFO | my_functions.py:169 | Searching shop_unselected.PNG (timeout=0s)
2026-07-04 18:21:49 | INFO | my_functions.py:213 | 
⛔ Not found: shop_unselected.PNG after 0.0s region=(0, 0, 765, 1038) confidence=0.8
2026-07-04 18:21:49 | INFO | my_functions.py:247 | [DEBUG] Buscando en paralelo: ['super_premium.PNG'] | timeout=0s | confidence=0.8
2026-07-04 18:21:50 | INFO | my_functions.py:134 | Haciendo click en la posición (480, 777)
2026-07-04 18:21:50 | INFO | my_functions.py:269 | 🖱️ Click OK (En paralelo): super_premium.PNG at (480, 777) delay=1s
2026-07-04 18:21:51 | INFO | my_functions.py:142 | Presionando ESC (1/1)
2026-07-04 18:22:00 | INFO | my_functions.py:169 | Searching shop_unselected.PNG (timeout=0s)
2026-07-04 18:22:01 | INFO | my_functions.py:199 | 
✅ Found: shop_unselected.PNG pos=(88, 961) time=0.73s confidence=0.8
2026-07-04 18:22:01 | INFO | my_functions.py:714 | Ya esta listo
2026-07-04 18:22:01 | INFO | my_functions.py:169 | Searching play.PNG (timeout=0s)
2026-07-04 18:22:01 | INFO | my_functions.py:199 | 
✅ Found: play.PNG pos=(384, 825) time=0.62s confidence=0.8
2026-07-04 18:22:02 | INFO | my_functions.py:1440 | [INFO] Click realizado donde se equipa el deck a jugar
2026-07-04 18:22:06 | INFO | my_functions.py:247 | [DEBUG] Buscando en paralelo: ['deck_333.png'] | timeout=3s | confidence=0.8
2026-07-04 18:22:07 | INFO | my_functions.py:134 | Haciendo click en la posición (530, 546)
2026-07-04 18:22:08 | INFO | my_functions.py:269 | 🖱️ Click OK (En paralelo): deck_333.png at (530, 546) delay=1s
2026-07-04 18:22:09 | INFO | my_functions.py:247 | [DEBUG] Buscando en paralelo: ['equip.png'] | timeout=3s | confidence=0.95
2026-07-04 18:22:11 | INFO | my_functions.py:134 | Haciendo click en la posición (548, 983)
2026-07-04 18:22:11 | INFO | my_functions.py:269 | 🖱️ Click OK (En paralelo): equip.png at (548, 983) delay=1s
2026-07-04 18:22:12 | INFO | my_functions.py:247 | [DEBUG] Buscando en paralelo: ['maybe_later.PNG'] | timeout=2s | confidence=0.8
2026-07-04 18:22:14 | INFO | my_functions.py:281 | [DEBUG] Click skipped, ninguna de las imágenes se encontró en el intento.
2026-07-04 18:22:15 | INFO | my_functions.py:247 | [DEBUG] Buscando en paralelo: ['maybe_later2.PNG'] | timeout=0.01s | confidence=0.8
2026-07-04 18:22:16 | INFO | my_functions.py:281 | [DEBUG] Click skipped, ninguna de las imágenes se encontró en el intento.
2026-07-04 18:22:17 | INFO | exp_farm_conquest sin saber cuanta exp vamos.py:66 | Abriendo modo de juego Conquest...
2026-07-04 18:22:17 | INFO | my_functions.py:247 | [DEBUG] Buscando en paralelo: ['game_modes_unselected.PNG'] | timeout=3s | confidence=0.8
2026-07-04 18:22:21 | INFO | my_functions.py:281 | [DEBUG] Click skipped, ninguna de las imágenes se encontró en el intento.
2026-07-04 18:22:22 | INFO | my_functions.py:247 | [DEBUG] Buscando en paralelo: ['games_mode_selected.PNG'] | timeout=3s | confidence=0.8
2026-07-04 18:22:23 | INFO | my_functions.py:134 | Haciendo click en la posición (541, 975)
2026-07-04 18:22:24 | INFO | my_functions.py:269 | 🖱️ Click OK (En paralelo): games_mode_selected.PNG at (541, 975) delay=1s
2026-07-04 18:22:25 | INFO | my_functions.py:247 | [DEBUG] Buscando en paralelo: ['conquest.PNG'] | timeout=3s | confidence=0.8
2026-07-04 18:22:26 | INFO | my_functions.py:134 | Haciendo click en la posición (390, 504)
2026-07-04 18:22:26 | INFO | my_functions.py:269 | 🖱️ Click OK (En paralelo): conquest.PNG at (390, 504) delay=1s
2026-07-04 18:22:31 | INFO | exp_farm_conquest sin saber cuanta exp vamos.py:150 | Entrando al bucle de juego...
2026-07-04 18:22:31 | INFO | my_functions.py:247 | [DEBUG] Buscando en paralelo: ['enter.PNG'] | timeout=10s | confidence=0.8
2026-07-04 18:22:32 | INFO | my_functions.py:134 | Haciendo click en la posición (383, 828)
2026-07-04 18:22:33 | INFO | my_functions.py:269 | 🖱️ Click OK (En paralelo): enter.PNG at (383, 828) delay=1s
2026-07-04 18:22:39 | INFO | my_functions.py:247 | [DEBUG] Buscando en paralelo: ['play_conquest.PNG'] | timeout=20s | confidence=0.8
2026-07-04 18:22:40 | INFO | my_functions.py:134 | Haciendo click en la posición (380, 825)
2026-07-04 18:22:41 | INFO | my_functions.py:269 | 🖱️ Click OK (En paralelo): play_conquest.PNG at (380, 825) delay=1s
2026-07-04 18:22:42 | INFO | my_functions.py:247 | [DEBUG] Buscando en paralelo: ['confirm_conquest.PNG'] | timeout=20s | confidence=0.8
2026-07-04 18:22:43 | INFO | my_functions.py:134 | Haciendo click en la posición (471, 719)
2026-07-04 18:22:43 | INFO | my_functions.py:269 | 🖱️ Click OK (En paralelo): confirm_conquest.PNG at (471, 719) delay=1s
2026-07-04 18:22:45 | INFO | my_functions.py:169 | Searching matchmaking_has_been_interrupted.png (timeout=0s)
2026-07-04 18:22:45 | INFO | my_functions.py:213 | 
⛔ Not found: matchmaking_has_been_interrupted.png after 0.0s region=(0, 0, 765, 1038) confidence=0.8
2026-07-04 18:22:45 | INFO | exp_farm_conquest sin saber cuanta exp vamos.py:179 | Entrando al bucle de juego...
2026-07-04 18:27:05 | INFO | exp_farm_conquest sin saber cuanta exp vamos.py:219 | Fin de ronda. Hay más rondas por jugar.
2026-07-04 18:27:05 | INFO | my_functions.py:247 | [DEBUG] Buscando en paralelo: ['battle_ready.PNG'] | timeout=20s | confidence=0.8
2026-07-04 18:27:07 | INFO | my_functions.py:134 | Haciendo click en la posición (680, 958)
2026-07-04 18:27:07 | INFO | my_functions.py:269 | 🖱️ Click OK (En paralelo): battle_ready.PNG at (680, 958) delay=1s
2026-07-04 18:29:34 | INFO | my_functions.py:142 | Presionando ESC (1/1)
2026-07-04 18:30:08 | INFO | my_functions.py:142 | Presionando ESC (1/1)
2026-07-04 18:30:24 | INFO | exp_farm_conquest sin saber cuanta exp vamos.py:219 | Fin de ronda. Hay más rondas por jugar.
2026-07-04 18:30:24 | INFO | my_functions.py:247 | [DEBUG] Buscando en paralelo: ['battle_ready.PNG'] | timeout=20s | confidence=0.8
2026-07-04 18:30:26 | INFO | my_functions.py:134 | Haciendo click en la posición (680, 958)
2026-07-04 18:30:26 | INFO | my_functions.py:269 | 🖱️ Click OK (En paralelo): battle_ready.PNG at (680, 958) delay=1s
