2026-09-04 14:34:50 | INFO | exp_farm_conquest sin saber cuanta exp vamos copy.py:62 | LOG FILE PATH: C:\Users\Abel\Documents\SHARED FILES VM\MS\logs\exp_farm_conquest sin saber cuanta exp vamos copy_2026-09-04_14-34-50.log
2026-09-04 14:34:50 | INFO | exp_farm_conquest sin saber cuanta exp vamos copy.py:63 | Logger initialized
2026-09-04 14:34:50 | INFO | exp_farm_conquest sin saber cuanta exp vamos copy.py:90 | TEST LOG INITIALIZATION
2026-09-04 14:34:50 | INFO | exp_farm_conquest sin saber cuanta exp vamos copy.py:91 | Logger test executed
2026-09-04 14:34:50 | INFO | obs_helpers.py:42 | ⏳ Esperando WebSocket de OBS...
2026-09-04 14:34:55 | INFO | baseclient.py:33 | Connecting with parameters: host='localhost' port=4455 password='' subs=0 timeout=None
2026-09-04 14:34:55 | INFO | reqs.py:23 | Successfully identified ReqClient with the server using RPC version:1
2026-09-04 14:34:55 | INFO | obs_helpers.py:48 | ✅ Conectado al OBS WebSocket
2026-09-04 14:34:55 | INFO | obs_helpers.py:70 | 🎬 Grabación iniciada
2026-09-04 14:34:55 | INFO | exp_farm_conquest sin saber cuanta exp vamos copy.py:116 | Entrando al bucle de juego...
2026-09-04 14:34:55 | INFO | image_processing.py:114 | [DEBUG] Buscando en paralelo: ['enter.PNG'] | timeout=10s | confidence=0.8
2026-09-04 14:34:56 | INFO | my_functions.py:32 | Haciendo click en la posición (367, 820)
2026-09-04 14:34:56 | INFO | image_processing.py:136 | 🖱️ Click OK (En paralelo): enter.PNG at (367, 820) delay=1s
2026-09-04 14:35:03 | INFO | image_processing.py:114 | [DEBUG] Buscando en paralelo: ['play_conquest.PNG'] | timeout=20s | confidence=0.8
2026-09-04 14:35:04 | INFO | my_functions.py:32 | Haciendo click en la posición (364, 818)
2026-09-04 14:35:04 | INFO | image_processing.py:136 | 🖱️ Click OK (En paralelo): play_conquest.PNG at (364, 818) delay=1s
2026-09-04 14:35:05 | INFO | image_processing.py:114 | [DEBUG] Buscando en paralelo: ['confirm_conquest.PNG'] | timeout=20s | confidence=0.8
2026-09-04 14:35:06 | INFO | my_functions.py:32 | Haciendo click en la posición (454, 712)
2026-09-04 14:35:06 | INFO | image_processing.py:136 | 🖱️ Click OK (En paralelo): confirm_conquest.PNG at (454, 712) delay=1s
2026-09-04 14:35:07 | INFO | image_processing.py:39 | Searching matchmaking_has_been_interrupted.png (timeout=0s)
2026-09-04 14:35:08 | INFO | image_processing.py:84 | 
⛔ Not found: matchmaking_has_been_interrupted.png after 0.12s region=(0, 0, 765, 1038) confidence=0.8
2026-09-04 14:35:08 | INFO | exp_farm_conquest sin saber cuanta exp vamos copy.py:145 | Entrando al bucle de juego...
2026-09-04 14:35:08 | INFO | image_processing.py:39 | Searching next_after_concede_conquest_2.PNG (timeout=0s)
2026-09-04 14:35:08 | INFO | image_processing.py:84 | 
⛔ Not found: next_after_concede_conquest_2.PNG after 0.0s region=(0, 0, 765, 1038) confidence=0.8
2026-09-04 14:35:08 | INFO | image_processing.py:39 | Searching battle_ready.PNG (timeout=0s)
2026-09-04 14:35:08 | INFO | image_processing.py:84 | 
⛔ Not found: battle_ready.PNG after 0.13s region=(0, 0, 765, 1038) confidence=0.8
2026-09-04 14:35:08 | INFO | image_processing.py:39 | Searching end_turn.PNG (timeout=0s)
2026-09-04 14:35:08 | INFO | image_processing.py:84 | 
⛔ Not found: end_turn.PNG after 0.13s region=(0, 0, 765, 1038) confidence=0.8
2026-09-04 14:35:08 | INFO | image_processing.py:39 | Searching playing3_6_2.png (timeout=0s)
2026-09-04 14:35:08 | INFO | image_processing.py:84 | 
⛔ Not found: playing3_6_2.png after 0.14s region=(0, 0, 765, 1038) confidence=0.95
2026-09-04 14:35:08 | INFO | image_processing.py:39 | Searching you_have_encountered_an_error.png (timeout=0s)
2026-09-04 14:35:09 | INFO | image_processing.py:84 | 
⛔ Not found: you_have_encountered_an_error.png after 0.1s region=(0, 0, 765, 1038) confidence=0.8
2026-09-04 14:35:09 | INFO | image_processing.py:39 | Searching aw_snap_only.png (timeout=0s)
2026-09-04 14:35:09 | INFO | image_processing.py:84 | 
⛔ Not found: aw_snap_only.png after 0.0s region=(0, 0, 765, 1038) confidence=0.8
2026-09-04 14:35:09 | INFO | image_processing.py:39 | Searching battle_victory_conquest.PNG (timeout=0s)
2026-09-04 14:35:09 | INFO | image_processing.py:84 | 
⛔ Not found: battle_victory_conquest.PNG after 0.0s region=(0, 0, 765, 1038) confidence=0.8
2026-09-04 14:35:09 | INFO | image_processing.py:39 | Searching next_after_concede_conquest_2.PNG (timeout=0s)
2026-09-04 14:35:09 | INFO | image_processing.py:84 | 
⛔ Not found: next_after_concede_conquest_2.PNG after 0.13s region=(0, 0, 765, 1038) confidence=0.8
2026-09-04 14:35:09 | INFO | image_processing.py:39 | Searching battle_ready.PNG (timeout=0s)
2026-09-04 14:35:10 | INFO | image_processing.py:84 | 
⛔ Not found: battle_ready.PNG after 0.13s region=(0, 0, 765, 1038) confidence=0.8
2026-09-04 14:35:10 | INFO | image_processing.py:39 | Searching end_turn.PNG (timeout=0s)
2026-09-04 14:35:10 | INFO | image_processing.py:84 | 
⛔ Not found: end_turn.PNG after 0.11s region=(0, 0, 765, 1038) confidence=0.8
2026-09-04 14:35:10 | INFO | image_processing.py:39 | Searching playing3_6_2.png (timeout=0s)
2026-09-04 14:35:10 | INFO | image_processing.py:84 | 
⛔ Not found: playing3_6_2.png after 0.1s region=(0, 0, 765, 1038) confidence=0.95
2026-09-04 14:35:10 | INFO | image_processing.py:39 | Searching you_have_encountered_an_error.png (timeout=0s)
2026-09-04 14:35:10 | INFO | image_processing.py:84 | 
⛔ Not found: you_have_encountered_an_error.png after 0.0s region=(0, 0, 765, 1038) confidence=0.8
2026-09-04 14:35:10 | INFO | image_processing.py:39 | Searching aw_snap_only.png (timeout=0s)
2026-09-04 14:35:10 | INFO | image_processing.py:84 | 
⛔ Not found: aw_snap_only.png after 0.12s region=(0, 0, 765, 1038) confidence=0.8
2026-09-04 14:35:10 | INFO | image_processing.py:39 | Searching battle_victory_conquest.PNG (timeout=0s)
2026-09-04 14:35:11 | INFO | image_processing.py:84 | 
⛔ Not found: battle_victory_conquest.PNG after 0.12s region=(0, 0, 765, 1038) confidence=0.8
2026-09-04 14:35:11 | INFO | image_processing.py:39 | Searching next_after_concede_conquest_2.PNG (timeout=0s)
2026-09-04 14:35:11 | INFO | image_processing.py:84 | 
⛔ Not found: next_after_concede_conquest_2.PNG after 0.12s region=(0, 0, 765, 1038) confidence=0.8
2026-09-04 14:35:11 | INFO | image_processing.py:39 | Searching battle_ready.PNG (timeout=0s)
2026-09-04 14:35:11 | INFO | image_processing.py:84 | 
⛔ Not found: battle_ready.PNG after 0.0s region=(0, 0, 765, 1038) confidence=0.8
2026-09-04 14:35:11 | INFO | image_processing.py:39 | Searching end_turn.PNG (timeout=0s)
2026-09-04 14:35:11 | INFO | image_processing.py:84 | 
⛔ Not found: end_turn.PNG after 0.14s region=(0, 0, 765, 1038) confidence=0.8
2026-09-04 14:35:11 | INFO | image_processing.py:39 | Searching playing3_6_2.png (timeout=0s)
2026-09-04 14:35:11 | INFO | image_processing.py:84 | 
⛔ Not found: playing3_6_2.png after 0.0s region=(0, 0, 765, 1038) confidence=0.95
2026-09-04 14:35:11 | INFO | image_processing.py:39 | Searching you_have_encountered_an_error.png (timeout=0s)
2026-09-04 14:35:12 | INFO | image_processing.py:84 | 
⛔ Not found: you_have_encountered_an_error.png after 0.14s region=(0, 0, 765, 1038) confidence=0.8
2026-09-04 14:35:12 | INFO | image_processing.py:39 | Searching aw_snap_only.png (timeout=0s)
2026-09-04 14:35:12 | INFO | image_processing.py:84 | 
⛔ Not found: aw_snap_only.png after 0.11s region=(0, 0, 765, 1038) confidence=0.8
2026-09-04 14:35:12 | INFO | image_processing.py:39 | Searching battle_victory_conquest.PNG (timeout=0s)
2026-09-04 14:35:12 | INFO | image_processing.py:84 | 
⛔ Not found: battle_victory_conquest.PNG after 0.0s region=(0, 0, 765, 1038) confidence=0.8
2026-09-04 14:35:12 | INFO | image_processing.py:39 | Searching next_after_concede_conquest_2.PNG (timeout=0s)
2026-09-04 14:35:12 | INFO | image_processing.py:84 | 
⛔ Not found: next_after_concede_conquest_2.PNG after 0.13s region=(0, 0, 765, 1038) confidence=0.8
2026-09-04 14:35:12 | INFO | image_processing.py:39 | Searching battle_ready.PNG (timeout=0s)
2026-09-04 14:35:13 | INFO | image_processing.py:84 | 
⛔ Not found: battle_ready.PNG after 0.15s region=(0, 0, 765, 1038) confidence=0.8
2026-09-04 14:35:13 | INFO | image_processing.py:39 | Searching end_turn.PNG (timeout=0s)
2026-09-04 14:35:13 | INFO | image_processing.py:84 | 
⛔ Not found: end_turn.PNG after 0.0s region=(0, 0, 765, 1038) confidence=0.8
2026-09-04 14:35:13 | INFO | image_processing.py:39 | Searching playing3_6_2.png (timeout=0s)
2026-09-04 14:35:13 | INFO | image_processing.py:84 | 
⛔ Not found: playing3_6_2.png after 0.12s region=(0, 0, 765, 1038) confidence=0.95
2026-09-04 14:35:13 | INFO | image_processing.py:39 | Searching you_have_encountered_an_error.png (timeout=0s)
2026-09-04 14:35:13 | INFO | image_processing.py:84 | 
⛔ Not found: you_have_encountered_an_error.png after 0.11s region=(0, 0, 765, 1038) confidence=0.8
2026-09-04 14:35:13 | INFO | image_processing.py:39 | Searching aw_snap_only.png (timeout=0s)
2026-09-04 14:35:13 | INFO | image_processing.py:84 | 
⛔ Not found: aw_snap_only.png after 0.11s region=(0, 0, 765, 1038) confidence=0.8
2026-09-04 14:35:13 | INFO | image_processing.py:39 | Searching battle_victory_conquest.PNG (timeout=0s)
2026-09-04 14:35:14 | INFO | image_processing.py:84 | 
⛔ Not found: battle_victory_conquest.PNG after 0.0s region=(0, 0, 765, 1038) confidence=0.8
2026-09-04 14:35:14 | INFO | image_processing.py:39 | Searching next_after_concede_conquest_2.PNG (timeout=0s)
2026-09-04 14:35:14 | INFO | image_processing.py:84 | 
⛔ Not found: next_after_concede_conquest_2.PNG after 0.11s region=(0, 0, 765, 1038) confidence=0.8
2026-09-04 14:35:14 | INFO | image_processing.py:39 | Searching battle_ready.PNG (timeout=0s)
2026-09-04 14:35:14 | INFO | image_processing.py:84 | 
⛔ Not found: battle_ready.PNG after 0.14s region=(0, 0, 765, 1038) confidence=0.8
2026-09-04 14:35:14 | INFO | image_processing.py:39 | Searching end_turn.PNG (timeout=0s)
2026-09-04 14:35:14 | INFO | image_processing.py:84 | 
⛔ Not found: end_turn.PNG after 0.11s region=(0, 0, 765, 1038) confidence=0.8
2026-09-04 14:35:14 | INFO | image_processing.py:39 | Searching playing3_6_2.png (timeout=0s)
2026-09-04 14:35:15 | INFO | image_processing.py:84 | 
⛔ Not found: playing3_6_2.png after 0.0s region=(0, 0, 765, 1038) confidence=0.95
2026-09-04 14:35:15 | INFO | image_processing.py:39 | Searching you_have_encountered_an_error.png (timeout=0s)
2026-09-04 14:35:15 | INFO | image_processing.py:84 | 
⛔ Not found: you_have_encountered_an_error.png after 0.0s region=(0, 0, 765, 1038) confidence=0.8
2026-09-04 14:35:15 | INFO | image_processing.py:39 | Searching aw_snap_only.png (timeout=0s)
2026-09-04 14:35:15 | INFO | image_processing.py:84 | 
⛔ Not found: aw_snap_only.png after 0.11s region=(0, 0, 765, 1038) confidence=0.8
2026-09-04 14:35:15 | INFO | image_processing.py:39 | Searching battle_victory_conquest.PNG (timeout=0s)
2026-09-04 14:35:15 | INFO | image_processing.py:84 | 
⛔ Not found: battle_victory_conquest.PNG after 0.11s region=(0, 0, 765, 1038) confidence=0.8
2026-09-04 14:35:15 | INFO | image_processing.py:39 | Searching next_after_concede_conquest_2.PNG (timeout=0s)
2026-09-04 14:35:15 | INFO | image_processing.py:84 | 
⛔ Not found: next_after_concede_conquest_2.PNG after 0.11s region=(0, 0, 765, 1038) confidence=0.8
2026-09-04 14:35:15 | INFO | image_processing.py:39 | Searching battle_ready.PNG (timeout=0s)
2026-09-04 14:35:15 | INFO | image_processing.py:84 | 
⛔ Not found: battle_ready.PNG after 0.0s region=(0, 0, 765, 1038) confidence=0.8
2026-09-04 14:35:15 | INFO | image_processing.py:39 | Searching end_turn.PNG (timeout=0s)
2026-09-04 14:35:16 | INFO | image_processing.py:84 | 
⛔ Not found: end_turn.PNG after 0.0s region=(0, 0, 765, 1038) confidence=0.8
2026-09-04 14:35:16 | INFO | image_processing.py:39 | Searching playing3_6_2.png (timeout=0s)
2026-09-04 14:35:16 | INFO | image_processing.py:84 | 
⛔ Not found: playing3_6_2.png after 0.0s region=(0, 0, 765, 1038) confidence=0.95
2026-09-04 14:35:16 | INFO | image_processing.py:39 | Searching you_have_encountered_an_error.png (timeout=0s)
2026-09-04 14:35:16 | INFO | image_processing.py:84 | 
⛔ Not found: you_have_encountered_an_error.png after 0.0s region=(0, 0, 765, 1038) confidence=0.8
2026-09-04 14:35:16 | INFO | image_processing.py:39 | Searching aw_snap_only.png (timeout=0s)
2026-09-04 14:35:16 | INFO | image_processing.py:84 | 
⛔ Not found: aw_snap_only.png after 0.0s region=(0, 0, 765, 1038) confidence=0.8
2026-09-04 14:35:16 | INFO | image_processing.py:39 | Searching battle_victory_conquest.PNG (timeout=0s)
2026-09-04 14:35:16 | INFO | image_processing.py:84 | 
⛔ Not found: battle_victory_conquest.PNG after 0.1s region=(0, 0, 765, 1038) confidence=0.8
2026-09-04 14:35:16 | INFO | image_processing.py:39 | Searching next_after_concede_conquest_2.PNG (timeout=0s)
2026-09-04 14:35:16 | INFO | image_processing.py:84 | 
⛔ Not found: next_after_concede_conquest_2.PNG after 0.12s region=(0, 0, 765, 1038) confidence=0.8
2026-09-04 14:35:16 | INFO | image_processing.py:39 | Searching battle_ready.PNG (timeout=0s)
2026-09-04 14:35:17 | INFO | image_processing.py:84 | 
⛔ Not found: battle_ready.PNG after 0.0s region=(0, 0, 765, 1038) confidence=0.8
2026-09-04 14:35:17 | INFO | image_processing.py:39 | Searching end_turn.PNG (timeout=0s)
2026-09-04 14:35:17 | INFO | image_processing.py:84 | 
⛔ Not found: end_turn.PNG after 0.0s region=(0, 0, 765, 1038) confidence=0.8
2026-09-04 14:35:17 | INFO | image_processing.py:39 | Searching playing3_6_2.png (timeout=0s)
2026-09-04 14:35:17 | INFO | image_processing.py:84 | 
⛔ Not found: playing3_6_2.png after 0.0s region=(0, 0, 765, 1038) confidence=0.95
2026-09-04 14:35:17 | INFO | image_processing.py:39 | Searching you_have_encountered_an_error.png (timeout=0s)
2026-09-04 14:35:17 | INFO | image_processing.py:84 | 
⛔ Not found: you_have_encountered_an_error.png after 0.11s region=(0, 0, 765, 1038) confidence=0.8
2026-09-04 14:35:17 | INFO | image_processing.py:39 | Searching aw_snap_only.png (timeout=0s)
2026-09-04 14:35:17 | INFO | image_processing.py:84 | 
⛔ Not found: aw_snap_only.png after 0.1s region=(0, 0, 765, 1038) confidence=0.8
2026-09-04 14:35:17 | INFO | image_processing.py:39 | Searching battle_victory_conquest.PNG (timeout=0s)
2026-09-04 14:35:17 | INFO | image_processing.py:84 | 
⛔ Not found: battle_victory_conquest.PNG after 0.1s region=(0, 0, 765, 1038) confidence=0.8
2026-09-04 14:35:18 | INFO | image_processing.py:39 | Searching next_after_concede_conquest_2.PNG (timeout=0s)
2026-09-04 14:35:18 | INFO | image_processing.py:84 | 
⛔ Not found: next_after_concede_conquest_2.PNG after 0.1s region=(0, 0, 765, 1038) confidence=0.8
2026-09-04 14:35:18 | INFO | image_processing.py:39 | Searching battle_ready.PNG (timeout=0s)
2026-09-04 14:35:18 | INFO | image_processing.py:84 | 
⛔ Not found: battle_ready.PNG after 0.0s region=(0, 0, 765, 1038) confidence=0.8
2026-09-04 14:35:18 | INFO | image_processing.py:39 | Searching end_turn.PNG (timeout=0s)
2026-09-04 14:35:18 | INFO | image_processing.py:84 | 
⛔ Not found: end_turn.PNG after 0.11s region=(0, 0, 765, 1038) confidence=0.8
2026-09-04 14:35:18 | INFO | image_processing.py:39 | Searching playing3_6_2.png (timeout=0s)
2026-09-04 14:35:18 | INFO | image_processing.py:84 | 
⛔ Not found: playing3_6_2.png after 0.0s region=(0, 0, 765, 1038) confidence=0.95
2026-09-04 14:35:18 | INFO | image_processing.py:39 | Searching you_have_encountered_an_error.png (timeout=0s)
2026-09-04 14:35:18 | INFO | image_processing.py:84 | 
⛔ Not found: you_have_encountered_an_error.png after 0.0s region=(0, 0, 765, 1038) confidence=0.8
2026-09-04 14:35:18 | INFO | image_processing.py:39 | Searching aw_snap_only.png (timeout=0s)
2026-09-04 14:35:19 | INFO | image_processing.py:84 | 
⛔ Not found: aw_snap_only.png after 0.1s region=(0, 0, 765, 1038) confidence=0.8
2026-09-04 14:35:19 | INFO | image_processing.py:39 | Searching battle_victory_conquest.PNG (timeout=0s)
2026-09-04 14:35:19 | INFO | image_processing.py:84 | 
⛔ Not found: battle_victory_conquest.PNG after 0.11s region=(0, 0, 765, 1038) confidence=0.8
2026-09-04 14:35:19 | INFO | image_processing.py:39 | Searching next_after_concede_conquest_2.PNG (timeout=0s)
2026-09-04 14:35:19 | INFO | image_processing.py:84 | 
⛔ Not found: next_after_concede_conquest_2.PNG after 0.09s region=(0, 0, 765, 1038) confidence=0.8
2026-09-04 14:35:19 | INFO | image_processing.py:39 | Searching battle_ready.PNG (timeout=0s)
2026-09-04 14:35:19 | INFO | image_processing.py:84 | 
⛔ Not found: battle_ready.PNG after 0.15s region=(0, 0, 765, 1038) confidence=0.8
2026-09-04 14:35:19 | INFO | image_processing.py:39 | Searching end_turn.PNG (timeout=0s)
2026-09-04 14:35:20 | INFO | image_processing.py:84 | 
⛔ Not found: end_turn.PNG after 0.11s region=(0, 0, 765, 1038) confidence=0.8
2026-09-04 14:35:20 | INFO | image_processing.py:39 | Searching playing3_6_2.png (timeout=0s)
2026-09-04 14:35:20 | INFO | image_processing.py:84 | 
⛔ Not found: playing3_6_2.png after 0.0s region=(0, 0, 765, 1038) confidence=0.95
2026-09-04 14:35:20 | INFO | image_processing.py:39 | Searching you_have_encountered_an_error.png (timeout=0s)
2026-09-04 14:35:20 | INFO | image_processing.py:84 | 
⛔ Not found: you_have_encountered_an_error.png after 0.1s region=(0, 0, 765, 1038) confidence=0.8
2026-09-04 14:35:20 | INFO | image_processing.py:39 | Searching aw_snap_only.png (timeout=0s)
2026-09-04 14:35:20 | INFO | image_processing.py:84 | 
⛔ Not found: aw_snap_only.png after 0.0s region=(0, 0, 765, 1038) confidence=0.8
2026-09-04 14:35:20 | INFO | image_processing.py:39 | Searching battle_victory_conquest.PNG (timeout=0s)
2026-09-04 14:35:20 | INFO | image_processing.py:84 | 
⛔ Not found: battle_victory_conquest.PNG after 0.12s region=(0, 0, 765, 1038) confidence=0.8
2026-09-04 14:35:21 | INFO | image_processing.py:39 | Searching next_after_concede_conquest_2.PNG (timeout=0s)
2026-09-04 14:35:21 | INFO | image_processing.py:84 | 
⛔ Not found: next_after_concede_conquest_2.PNG after 0.12s region=(0, 0, 765, 1038) confidence=0.8
2026-09-04 14:35:21 | INFO | image_processing.py:39 | Searching battle_ready.PNG (timeout=0s)
2026-09-04 14:35:22 | INFO | image_processing.py:84 | 
⛔ Not found: battle_ready.PNG after 0.0s region=(0, 0, 765, 1038) confidence=0.8
2026-09-04 14:35:22 | INFO | image_processing.py:39 | Searching end_turn.PNG (timeout=0s)
2026-09-04 14:35:22 | INFO | image_processing.py:84 | 
⛔ Not found: end_turn.PNG after 0.0s region=(0, 0, 765, 1038) confidence=0.8
2026-09-04 14:35:22 | INFO | image_processing.py:39 | Searching playing3_6_2.png (timeout=0s)
2026-09-04 14:35:22 | INFO | image_processing.py:84 | 
⛔ Not found: playing3_6_2.png after 0.11s region=(0, 0, 765, 1038) confidence=0.95
2026-09-04 14:35:22 | INFO | image_processing.py:39 | Searching you_have_encountered_an_error.png (timeout=0s)
2026-09-04 14:35:22 | INFO | image_processing.py:84 | 
⛔ Not found: you_have_encountered_an_error.png after 0.1s region=(0, 0, 765, 1038) confidence=0.8
2026-09-04 14:35:22 | INFO | image_processing.py:39 | Searching aw_snap_only.png (timeout=0s)
2026-09-04 14:35:22 | INFO | image_processing.py:84 | 
⛔ Not found: aw_snap_only.png after 0.1s region=(0, 0, 765, 1038) confidence=0.8
2026-09-04 14:35:22 | INFO | image_processing.py:39 | Searching battle_victory_conquest.PNG (timeout=0s)
2026-09-04 14:35:22 | INFO | image_processing.py:84 | 
⛔ Not found: battle_victory_conquest.PNG after 0.0s region=(0, 0, 765, 1038) confidence=0.8
2026-09-04 14:35:23 | INFO | image_processing.py:39 | Searching next_after_concede_conquest_2.PNG (timeout=0s)
2026-09-04 14:35:23 | INFO | image_processing.py:84 | 
⛔ Not found: next_after_concede_conquest_2.PNG after 0.1s region=(0, 0, 765, 1038) confidence=0.8
2026-09-04 14:35:23 | INFO | image_processing.py:39 | Searching battle_ready.PNG (timeout=0s)
2026-09-04 14:35:23 | INFO | image_processing.py:84 | 
⛔ Not found: battle_ready.PNG after 0.14s region=(0, 0, 765, 1038) confidence=0.8
2026-09-04 14:35:23 | INFO | image_processing.py:39 | Searching end_turn.PNG (timeout=0s)
2026-09-04 14:35:23 | INFO | image_processing.py:84 | 
⛔ Not found: end_turn.PNG after 0.0s region=(0, 0, 765, 1038) confidence=0.8
2026-09-04 14:35:23 | INFO | image_processing.py:39 | Searching playing3_6_2.png (timeout=0s)
2026-09-04 14:35:23 | INFO | image_processing.py:84 | 
⛔ Not found: playing3_6_2.png after 0.11s region=(0, 0, 765, 1038) confidence=0.95
2026-09-04 14:35:23 | INFO | image_processing.py:39 | Searching you_have_encountered_an_error.png (timeout=0s)
2026-09-04 14:35:23 | INFO | image_processing.py:84 | 
⛔ Not found: you_have_encountered_an_error.png after 0.0s region=(0, 0, 765, 1038) confidence=0.8
2026-09-04 14:35:23 | INFO | image_processing.py:39 | Searching aw_snap_only.png (timeout=0s)
2026-09-04 14:35:24 | INFO | image_processing.py:84 | 
⛔ Not found: aw_snap_only.png after 0.1s region=(0, 0, 765, 1038) confidence=0.8
2026-09-04 14:35:24 | INFO | image_processing.py:39 | Searching battle_victory_conquest.PNG (timeout=0s)
2026-09-04 14:35:24 | INFO | image_processing.py:84 | 
⛔ Not found: battle_victory_conquest.PNG after 0.12s region=(0, 0, 765, 1038) confidence=0.8
2026-09-04 14:35:24 | INFO | image_processing.py:39 | Searching next_after_concede_conquest_2.PNG (timeout=0s)
2026-09-04 14:35:24 | INFO | image_processing.py:84 | 
⛔ Not found: next_after_concede_conquest_2.PNG after 0.11s region=(0, 0, 765, 1038) confidence=0.8
2026-09-04 14:35:24 | INFO | image_processing.py:39 | Searching battle_ready.PNG (timeout=0s)
2026-09-04 14:35:24 | INFO | image_processing.py:84 | 
⛔ Not found: battle_ready.PNG after 0.13s region=(0, 0, 765, 1038) confidence=0.8
2026-09-04 14:35:24 | INFO | image_processing.py:39 | Searching end_turn.PNG (timeout=0s)
2026-09-04 14:35:25 | INFO | image_processing.py:70 | 
✅ Found: end_turn.PNG pos=(661, 935) time=0.13s confidence=0.8
