2026-06-02 14:47:18 | INFO | get_free_series3.py:53 | LOG FILE PATH: \\vmware-host\Shared Folders\SHARED FILES VM\MS\logs\get_free_series3_2026-06-02_14-47-18.log
2026-06-02 14:47:18 | INFO | get_free_series3.py:54 | Logger initialized
2026-06-02 14:47:18 | INFO | get_free_series3.py:81 | TEST LOG INITIALIZATION
2026-06-02 14:47:18 | INFO | get_free_series3.py:82 | Logger test executed
2026-06-02 14:47:18 | INFO | get_free_series3.py:104 | Execution started
2026-06-02 14:47:18 | INFO | get_free_series3.py:107 | Mouse moved to initial position
2026-06-02 14:47:18 | INFO | get_free_series3.py:114 | snap.exe terminated if it was running
2026-06-02 14:47:18 | INFO | my_functions.py:57 | ⏳ Esperando WebSocket de OBS...
2026-06-02 14:47:18 | INFO | baseclient.py:33 | Connecting with parameters: host='localhost' port=4455 password='' subs=0 timeout=None
2026-06-02 14:47:18 | INFO | reqs.py:23 | Successfully identified ReqClient with the server using RPC version:1
2026-06-02 14:47:18 | INFO | my_functions.py:63 | ✅ Conectado al OBS WebSocket
2026-06-02 14:47:18 | INFO | my_functions.py:88 | 🎬 Grabación iniciada
2026-06-02 14:47:18 | INFO | get_free_series3.py:117 | OBS started and recording
2026-06-02 14:47:18 | INFO | my_functions.py:1294 | ⏱ Esperando 0.1 segundos antes de empezar...
2026-06-02 14:47:18 | INFO | my_functions.py:1301 | 🔍 Esperando ventana que contenga alguna de: ['py', 'eight_hours'] (máx 20s)
2026-06-02 14:47:18 | INFO | my_functions.py:1313 | ✅ Ventana encontrada: 'C:\Windows\py.exe'
2026-06-02 14:47:18 | INFO | my_functions.py:1328 | ✅ Ventana seleccionada: 'C:\Windows\py.exe'
2026-06-02 14:47:20 | INFO | my_functions.py:1351 | 🔁 Reajuste #1...
2026-06-02 14:47:20 | INFO | my_functions.py:1358 | ✔ Verificación completa. Se hicieron 1 reajustes.
2026-06-02 14:47:20 | INFO | get_free_series3.py:123 | Console window resized
2026-06-02 14:47:20 | INFO | my_functions.py:2124 | Starting Steam window scan
2026-06-02 14:47:20 | INFO | my_functions.py:2127 | Found window: 
2026-06-02 14:47:20 | INFO | my_functions.py:2127 | Found window: C:\Windows\py.exe
2026-06-02 14:47:20 | INFO | my_functions.py:2127 | Found window: Explorador de archivos
2026-06-02 14:47:20 | INFO | my_functions.py:2127 | Found window: Microsoft Text Input Application
2026-06-02 14:47:20 | INFO | my_functions.py:2127 | Found window: 
2026-06-02 14:47:20 | INFO | my_functions.py:2127 | Found window: 
2026-06-02 14:47:20 | INFO | my_functions.py:2127 | Found window: 
2026-06-02 14:47:20 | INFO | my_functions.py:2127 | Found window: 
2026-06-02 14:47:20 | INFO | my_functions.py:2127 | Found window: Program Manager
2026-06-02 14:47:20 | INFO | get_free_series3.py:127 | Steam popup windows closed
2026-06-02 14:47:20 | INFO | get_free_series3.py:130 | Processing account: jeremy
2026-06-02 14:47:21 | INFO | get_free_series3.py:133 | Game relaunched for account
2026-06-02 14:47:21 | INFO | my_functions.py:1294 | ⏱ Esperando 0.1 segundos antes de empezar...
2026-06-02 14:47:21 | INFO | my_functions.py:1301 | 🔍 Esperando ventana que contenga alguna de: ['SNAP'] (máx 20s)
2026-06-02 14:47:23 | INFO | my_functions.py:1313 | ✅ Ventana encontrada: 'SNAP'
2026-06-02 14:47:23 | INFO | my_functions.py:1328 | ✅ Ventana seleccionada: 'SNAP'
2026-06-02 14:47:25 | INFO | my_functions.py:1351 | 🔁 Reajuste #1...
2026-06-02 14:47:27 | INFO | my_functions.py:1358 | ✔ Verificación completa. Se hicieron 1 reajustes.
2026-06-02 14:47:27 | INFO | get_free_series3.py:140 | Game window resized
2026-06-02 14:47:27 | INFO | get_free_series3.py:63 | [ERROR] Account image not found: images/accounts/relogin_accounts/gmail_accounts/vm/jeremy.png
