2026-05-14 16:00:34 | INFO | sanctum.py:39 | LOG FILE PATH: \\vmware-host\Shared Folders\SHARED FILES VM\MS\logs\sanctum_2026-05-14_16-00-34.log
2026-05-14 16:00:34 | INFO | sanctum.py:40 | Logger initialized
2026-05-14 16:00:34 | INFO | sanctum.py:67 | Script initialized
2026-05-14 16:00:35 | INFO | sanctum.py:121 | Execution started
2026-05-14 16:00:35 | INFO | sanctum.py:124 | Mouse moved to initial position
2026-05-14 16:00:36 | INFO | sanctum.py:131 | snap.exe terminated if it was running
2026-05-14 16:00:36 | INFO | my_functions.py:57 | ⏳ Esperando WebSocket de OBS...
2026-05-14 16:00:36 | INFO | baseclient.py:33 | Connecting with parameters: host='localhost' port=4455 password='' subs=0 timeout=None
2026-05-14 16:00:36 | INFO | reqs.py:23 | Successfully identified ReqClient with the server using RPC version:1
2026-05-14 16:00:36 | INFO | my_functions.py:63 | ✅ Conectado al OBS WebSocket
2026-05-14 16:00:36 | INFO | my_functions.py:79 | ⏹ Grabación ya estaba activa, deteniéndola...
2026-05-14 16:00:36 | INFO | baseclient.py:33 | Connecting with parameters: host='localhost' port=4455 password='' subs=0 timeout=None
2026-05-14 16:00:36 | INFO | reqs.py:23 | Successfully identified ReqClient with the server using RPC version:1
2026-05-14 16:00:36 | INFO | my_functions.py:94 | Record stopped.
2026-05-14 16:00:48 | INFO | my_functions.py:124 | Archivo renombrado a: C:\Users\Farm\Videos\my_functions_2026-05-14_16-00-48.mkv
2026-05-14 16:00:51 | INFO | my_functions.py:84 | 🎬 Nueva grabación iniciada
2026-05-14 16:00:51 | INFO | my_functions.py:1480 | ⏱ Esperando 0.1 segundos antes de empezar...
2026-05-14 16:00:51 | INFO | my_functions.py:1487 | 🔍 Esperando ventana que contenga alguna de: ['py', 'sanctum'] (máx 20s)
2026-05-14 16:00:51 | INFO | my_functions.py:1499 | ✅ Ventana encontrada: 'sanctum'
2026-05-14 16:00:51 | INFO | my_functions.py:1514 | ✅ Ventana seleccionada: 'sanctum'
2026-05-14 16:00:53 | INFO | my_functions.py:1537 | 🔁 Reajuste #1...
2026-05-14 16:00:53 | INFO | my_functions.py:1544 | ✔ Verificación completa. Se hicieron 1 reajustes.
2026-05-14 16:01:23 | INFO | my_functions.py:2327 | Starting Steam window scan
2026-05-14 16:01:23 | INFO | my_functions.py:2330 | Found window: 
2026-05-14 16:01:23 | INFO | my_functions.py:2330 | Found window: sanctum
2026-05-14 16:01:23 | INFO | my_functions.py:2330 | Found window: MS
2026-05-14 16:01:23 | INFO | my_functions.py:2330 | Found window: 
2026-05-14 16:01:23 | INFO | my_functions.py:2330 | Found window: 
2026-05-14 16:01:23 | INFO | my_functions.py:2330 | Found window: 
2026-05-14 16:01:23 | INFO | my_functions.py:2330 | Found window: 
2026-05-14 16:01:23 | INFO | my_functions.py:2330 | Found window: Microsoft Text Input Application
2026-05-14 16:01:23 | INFO | my_functions.py:2330 | Found window: Program Manager
2026-05-14 16:01:23 | INFO | sanctum.py:143 | Steam popup windows closed
2026-05-14 16:01:23 | INFO | sanctum.py:147 | Processing account: reeps_vm
2026-05-14 16:01:23 | INFO | sanctum.py:150 | Game relaunched for account
2026-05-14 16:01:23 | INFO | my_functions.py:1480 | ⏱ Esperando 0.1 segundos antes de empezar...
2026-05-14 16:01:24 | INFO | my_functions.py:1487 | 🔍 Esperando ventana que contenga alguna de: ['SNAP'] (máx 20s)
2026-05-14 16:01:29 | INFO | my_functions.py:1499 | ✅ Ventana encontrada: 'SNAP'
2026-05-14 16:01:29 | INFO | my_functions.py:1514 | ✅ Ventana seleccionada: 'SNAP'
2026-05-14 16:01:31 | INFO | my_functions.py:1546 | ✔ Verificación completa. No hubo cambios después del primer ajuste.
2026-05-14 16:01:31 | INFO | my_functions.py:1146 | [DEBUG] Resizing SNAP window...
2026-05-14 16:01:31 | INFO | my_functions.py:1480 | ⏱ Esperando 0.1 segundos antes de empezar...
2026-05-14 16:01:31 | INFO | my_functions.py:1487 | 🔍 Esperando ventana que contenga alguna de: ['SNAP'] (máx 20s)
2026-05-14 16:01:31 | INFO | my_functions.py:1499 | ✅ Ventana encontrada: 'SNAP'
2026-05-14 16:01:31 | INFO | my_functions.py:1514 | ✅ Ventana seleccionada: 'SNAP'
2026-05-14 16:01:34 | INFO | my_functions.py:1546 | ✔ Verificación completa. No hubo cambios después del primer ajuste.
2026-05-14 16:01:34 | INFO | my_functions.py:228 | [DEBUG] wait_for_image_and_click -> submit.PNG timeout=90s delay_click=0.2s confidence=0.8
2026-05-14 16:01:34 | INFO | my_functions.py:169 | Searching submit.PNG (timeout=90s)
2026-05-14 16:01:41 | INFO | my_functions.py:195 | 
✅ Found: submit.PNG pos=(385, 779) time=6.92s confidence=0.8
2026-05-14 16:01:41 | INFO | my_functions.py:135 | Haciendo click en la posición (385, 779)
2026-05-14 16:01:41 | INFO | my_functions.py:248 | 🖱️ Click OK: submit.PNG at (385, 779) delay=0.2s
2026-05-14 16:01:41 | INFO | my_functions.py:1480 | ⏱ Esperando 0.1 segundos antes de empezar...
2026-05-14 16:01:42 | INFO | my_functions.py:1487 | 🔍 Esperando ventana que contenga alguna de: ['SNAP'] (máx 20s)
2026-05-14 16:01:42 | INFO | my_functions.py:1499 | ✅ Ventana encontrada: 'SNAP'
2026-05-14 16:01:42 | INFO | my_functions.py:1514 | ✅ Ventana seleccionada: 'SNAP'
2026-05-14 16:01:44 | INFO | my_functions.py:1537 | 🔁 Reajuste #1...
2026-05-14 16:01:45 | INFO | my_functions.py:1544 | ✔ Verificación completa. Se hicieron 1 reajustes.
2026-05-14 16:01:45 | INFO | my_functions.py:169 | Searching please_sign.png (timeout=0s)
2026-05-14 16:01:45 | INFO | my_functions.py:195 | 
✅ Found: please_sign.png pos=(383, 438) time=0.22s confidence=0.8
2026-05-14 16:01:45 | INFO | my_functions.py:228 | [DEBUG] wait_for_image_and_click -> ok_btn.png timeout=20s delay_click=1s confidence=0.8
2026-05-14 16:01:45 | INFO | my_functions.py:169 | Searching ok_btn.png (timeout=20s)
2026-05-14 16:01:45 | INFO | my_functions.py:195 | 
✅ Found: ok_btn.png pos=(382, 634) time=0.2s confidence=0.8
2026-05-14 16:01:46 | INFO | my_functions.py:135 | Haciendo click en la posición (382, 634)
2026-05-14 16:01:46 | INFO | my_functions.py:248 | 🖱️ Click OK: ok_btn.png at (382, 634) delay=1s
2026-05-14 16:01:46 | INFO | my_functions.py:228 | [DEBUG] wait_for_image_and_click -> submit.PNG timeout=90s delay_click=0.2s confidence=0.8
2026-05-14 16:01:46 | INFO | my_functions.py:169 | Searching submit.PNG (timeout=90s)
2026-05-14 16:01:48 | INFO | my_functions.py:195 | 
✅ Found: submit.PNG pos=(385, 779) time=1.3s confidence=0.8
2026-05-14 16:01:48 | INFO | my_functions.py:135 | Haciendo click en la posición (385, 779)
2026-05-14 16:01:48 | INFO | my_functions.py:248 | 🖱️ Click OK: submit.PNG at (385, 779) delay=0.2s
2026-05-14 16:01:48 | INFO | my_functions.py:169 | Searching sign_in_with_google2.PNG (timeout=90s)
2026-05-14 16:01:49 | INFO | my_functions.py:195 | 
✅ Found: sign_in_with_google2.PNG pos=(406, 957) time=0.88s confidence=0.8
2026-05-14 16:01:49 | INFO | my_functions.py:228 | [DEBUG] wait_for_image_and_click -> sign_in_with_google2.PNG timeout=20s delay_click=1s confidence=0.8
2026-05-14 16:01:49 | INFO | my_functions.py:169 | Searching sign_in_with_google2.PNG (timeout=20s)
2026-05-14 16:01:49 | INFO | my_functions.py:195 | 
✅ Found: sign_in_with_google2.PNG pos=(406, 957) time=0.34s confidence=0.8
2026-05-14 16:01:50 | INFO | my_functions.py:135 | Haciendo click en la posición (406, 957)
2026-05-14 16:01:50 | INFO | my_functions.py:248 | 🖱️ Click OK: sign_in_with_google2.PNG at (406, 957) delay=1s
2026-05-14 16:01:50 | INFO | my_functions.py:228 | [DEBUG] wait_for_image_and_click -> reeps_vm.png timeout=30s delay_click=3s confidence=0.8
2026-05-14 16:01:50 | INFO | my_functions.py:169 | Searching reeps_vm.png (timeout=30s)
2026-05-14 16:01:58 | INFO | my_functions.py:195 | 
✅ Found: reeps_vm.png pos=(1126, 534) time=7.53s confidence=0.8
2026-05-14 16:02:01 | INFO | my_functions.py:135 | Haciendo click en la posición (1126, 534)
2026-05-14 16:02:01 | INFO | my_functions.py:248 | 🖱️ Click OK: reeps_vm.png at (1126, 534) delay=3s
2026-05-14 16:02:01 | INFO | my_functions.py:169 | Searching marvelsnap_web.png (timeout=30s)
2026-05-14 16:02:09 | INFO | my_functions.py:195 | 
✅ Found: marvelsnap_web.png pos=(258, 80) time=7.55s confidence=0.7
2026-05-14 16:02:09 | INFO | my_functions.py:169 | Searching shop_unselected.PNG (timeout=0s)
2026-05-14 16:02:09 | INFO | my_functions.py:206 | 
⛔ Not found: shop_unselected.PNG after 0.0s region=(0, 0, 765, 1038) confidence=0.8
2026-05-14 16:02:09 | INFO | my_functions.py:228 | [DEBUG] wait_for_image_and_click -> super_premium.PNG timeout=0s delay_click=1s confidence=0.8
2026-05-14 16:02:09 | INFO | my_functions.py:169 | Searching super_premium.PNG (timeout=0s)
2026-05-14 16:02:09 | INFO | my_functions.py:206 | 
⛔ Not found: super_premium.PNG after 0.0s region=(0, 0, 765, 1038) confidence=0.8
2026-05-14 16:02:09 | INFO | my_functions.py:255 | [DEBUG] Click skipped, image not found: super_premium.PNG
2026-05-14 16:02:09 | INFO | my_functions.py:228 | [DEBUG] wait_for_image_and_click -> maybe_later.PNG timeout=0s delay_click=1s confidence=0.8
2026-05-14 16:02:09 | INFO | my_functions.py:169 | Searching maybe_later.PNG (timeout=0s)
2026-05-14 16:02:10 | INFO | my_functions.py:206 | 
⛔ Not found: maybe_later.PNG after 0.01s region=(0, 0, 765, 1038) confidence=0.8
2026-05-14 16:02:10 | INFO | my_functions.py:255 | [DEBUG] Click skipped, image not found: maybe_later.PNG
2026-05-14 16:02:10 | INFO | my_functions.py:228 | [DEBUG] wait_for_image_and_click -> maybe_later2.PNG timeout=0s delay_click=1s confidence=0.8
2026-05-14 16:02:10 | INFO | my_functions.py:169 | Searching maybe_later2.PNG (timeout=0s)
2026-05-14 16:02:10 | INFO | my_functions.py:206 | 
⛔ Not found: maybe_later2.PNG after 0.01s region=(0, 0, 765, 1038) confidence=0.8
2026-05-14 16:02:10 | INFO | my_functions.py:255 | [DEBUG] Click skipped, image not found: maybe_later2.PNG
2026-05-14 16:02:10 | INFO | my_functions.py:169 | Searching go_to_shop.PNG (timeout=0s)
2026-05-14 16:02:10 | INFO | my_functions.py:206 | 
⛔ Not found: go_to_shop.PNG after 0.0s region=(0, 0, 765, 1038) confidence=0.8
2026-05-14 16:02:10 | INFO | my_functions.py:228 | [DEBUG] wait_for_image_and_click -> 14_days_of_winterverse.PNG timeout=0s delay_click=1s confidence=0.8
2026-05-14 16:02:10 | INFO | my_functions.py:169 | Searching 14_days_of_winterverse.PNG (timeout=0s)
2026-05-14 16:02:10 | INFO | my_functions.py:206 | 
⛔ Not found: 14_days_of_winterverse.PNG after 0.0s region=(0, 0, 765, 1038) confidence=0.8
2026-05-14 16:02:10 | INFO | my_functions.py:255 | [DEBUG] Click skipped, image not found: 14_days_of_winterverse.PNG
2026-05-14 16:02:10 | INFO | my_functions.py:169 | Searching welcome_back_calendar.PNG (timeout=0s)
2026-05-14 16:02:11 | INFO | my_functions.py:206 | 
⛔ Not found: welcome_back_calendar.PNG after 0.01s region=(0, 0, 765, 1038) confidence=0.8
2026-05-14 16:02:11 | INFO | my_functions.py:228 | [DEBUG] wait_for_image_and_click -> start_the_countdown.PNG timeout=0s delay_click=1s confidence=0.8
2026-05-14 16:02:11 | INFO | my_functions.py:169 | Searching start_the_countdown.PNG (timeout=0s)
2026-05-14 16:02:11 | INFO | my_functions.py:206 | 
⛔ Not found: start_the_countdown.PNG after 0.01s region=(0, 0, 765, 1038) confidence=0.8
2026-05-14 16:02:11 | INFO | my_functions.py:255 | [DEBUG] Click skipped, image not found: start_the_countdown.PNG
2026-05-14 16:02:11 | INFO | my_functions.py:228 | [DEBUG] wait_for_image_and_click -> event_has_ended_sanctum.PNG timeout=0s delay_click=1s confidence=0.8
2026-05-14 16:02:11 | INFO | my_functions.py:169 | Searching event_has_ended_sanctum.PNG (timeout=0s)
2026-05-14 16:02:11 | INFO | my_functions.py:206 | 
⛔ Not found: event_has_ended_sanctum.PNG after 0.01s region=(0, 0, 765, 1038) confidence=0.8
2026-05-14 16:02:11 | INFO | my_functions.py:255 | [DEBUG] Click skipped, image not found: event_has_ended_sanctum.PNG
2026-05-14 16:02:11 | INFO | my_functions.py:228 | [DEBUG] wait_for_image_and_click -> image_part_of_event_grand_arena_finished.PNG timeout=0s delay_click=1s confidence=0.8
2026-05-14 16:02:11 | INFO | my_functions.py:169 | Searching image_part_of_event_grand_arena_finished.PNG (timeout=0s)
2026-05-14 16:02:11 | INFO | my_functions.py:206 | 
⛔ Not found: image_part_of_event_grand_arena_finished.PNG after 0.01s region=(0, 0, 765, 1038) confidence=0.8
2026-05-14 16:02:11 | INFO | my_functions.py:255 | [DEBUG] Click skipped, image not found: image_part_of_event_grand_arena_finished.PNG
2026-05-14 16:02:11 | INFO | my_functions.py:169 | Searching 28_day_event_login_rewards.PNG (timeout=0s)
2026-05-14 16:02:11 | INFO | my_functions.py:206 | 
⛔ Not found: 28_day_event_login_rewards.PNG after 0.01s region=(0, 0, 765, 1038) confidence=0.8
2026-05-14 16:02:11 | INFO | my_functions.py:169 | Searching 7_day_event_login.PNG (timeout=0s)
2026-05-14 16:02:12 | INFO | my_functions.py:206 | 
⛔ Not found: 7_day_event_login.PNG after 0.0s region=(0, 0, 765, 1038) confidence=0.8
2026-05-14 16:02:12 | INFO | my_functions.py:169 | Searching 14_days_event.PNG (timeout=0s)
2026-05-14 16:02:12 | INFO | my_functions.py:206 | 
⛔ Not found: 14_days_event.PNG after 0.0s region=(0, 0, 765, 1038) confidence=0.8
2026-05-14 16:02:12 | INFO | my_functions.py:228 | [DEBUG] wait_for_image_and_click -> lets_go.PNG timeout=0s delay_click=1s confidence=0.8
2026-05-14 16:02:12 | INFO | my_functions.py:169 | Searching lets_go.PNG (timeout=0s)
2026-05-14 16:02:12 | INFO | my_functions.py:206 | 
⛔ Not found: lets_go.PNG after 0.0s region=(0, 0, 765, 1038) confidence=0.8
2026-05-14 16:02:12 | INFO | my_functions.py:255 | [DEBUG] Click skipped, image not found: lets_go.PNG
2026-05-14 16:02:13 | INFO | my_functions.py:169 | Searching shop_unselected.PNG (timeout=0s)
2026-05-14 16:02:13 | INFO | my_functions.py:206 | 
⛔ Not found: shop_unselected.PNG after 0.2s region=(0, 0, 765, 1038) confidence=0.8
2026-05-14 16:02:13 | INFO | my_functions.py:228 | [DEBUG] wait_for_image_and_click -> super_premium.PNG timeout=0s delay_click=1s confidence=0.8
2026-05-14 16:02:13 | INFO | my_functions.py:169 | Searching super_premium.PNG (timeout=0s)
2026-05-14 16:02:14 | INFO | my_functions.py:206 | 
⛔ Not found: super_premium.PNG after 0.2s region=(0, 0, 765, 1038) confidence=0.8
2026-05-14 16:02:14 | INFO | my_functions.py:255 | [DEBUG] Click skipped, image not found: super_premium.PNG
2026-05-14 16:02:14 | INFO | my_functions.py:228 | [DEBUG] wait_for_image_and_click -> maybe_later.PNG timeout=0s delay_click=1s confidence=0.8
2026-05-14 16:02:14 | INFO | my_functions.py:169 | Searching maybe_later.PNG (timeout=0s)
2026-05-14 16:02:14 | INFO | my_functions.py:206 | 
⛔ Not found: maybe_later.PNG after 0.01s region=(0, 0, 765, 1038) confidence=0.8
2026-05-14 16:02:14 | INFO | my_functions.py:255 | [DEBUG] Click skipped, image not found: maybe_later.PNG
2026-05-14 16:02:14 | INFO | my_functions.py:228 | [DEBUG] wait_for_image_and_click -> maybe_later2.PNG timeout=0s delay_click=1s confidence=0.8
2026-05-14 16:02:14 | INFO | my_functions.py:169 | Searching maybe_later2.PNG (timeout=0s)
2026-05-14 16:02:14 | INFO | my_functions.py:206 | 
⛔ Not found: maybe_later2.PNG after 0.01s region=(0, 0, 765, 1038) confidence=0.8
2026-05-14 16:02:14 | INFO | my_functions.py:255 | [DEBUG] Click skipped, image not found: maybe_later2.PNG
2026-05-14 16:02:14 | INFO | my_functions.py:169 | Searching go_to_shop.PNG (timeout=0s)
2026-05-14 16:02:15 | INFO | my_functions.py:206 | 
⛔ Not found: go_to_shop.PNG after 0.0s region=(0, 0, 765, 1038) confidence=0.8
2026-05-14 16:02:15 | INFO | my_functions.py:228 | [DEBUG] wait_for_image_and_click -> 14_days_of_winterverse.PNG timeout=0s delay_click=1s confidence=0.8
2026-05-14 16:02:15 | INFO | my_functions.py:169 | Searching 14_days_of_winterverse.PNG (timeout=0s)
2026-05-14 16:02:15 | INFO | my_functions.py:206 | 
⛔ Not found: 14_days_of_winterverse.PNG after 0.0s region=(0, 0, 765, 1038) confidence=0.8
2026-05-14 16:02:15 | INFO | my_functions.py:255 | [DEBUG] Click skipped, image not found: 14_days_of_winterverse.PNG
2026-05-14 16:02:15 | INFO | my_functions.py:169 | Searching welcome_back_calendar.PNG (timeout=0s)
2026-05-14 16:02:15 | INFO | my_functions.py:206 | 
⛔ Not found: welcome_back_calendar.PNG after 0.0s region=(0, 0, 765, 1038) confidence=0.8
2026-05-14 16:02:15 | INFO | my_functions.py:228 | [DEBUG] wait_for_image_and_click -> start_the_countdown.PNG timeout=0s delay_click=1s confidence=0.8
2026-05-14 16:02:15 | INFO | my_functions.py:169 | Searching start_the_countdown.PNG (timeout=0s)
2026-05-14 16:02:15 | INFO | my_functions.py:206 | 
⛔ Not found: start_the_countdown.PNG after 0.0s region=(0, 0, 765, 1038) confidence=0.8
2026-05-14 16:02:15 | INFO | my_functions.py:255 | [DEBUG] Click skipped, image not found: start_the_countdown.PNG
2026-05-14 16:02:15 | INFO | my_functions.py:228 | [DEBUG] wait_for_image_and_click -> event_has_ended_sanctum.PNG timeout=0s delay_click=1s confidence=0.8
2026-05-14 16:02:15 | INFO | my_functions.py:169 | Searching event_has_ended_sanctum.PNG (timeout=0s)
2026-05-14 16:02:15 | INFO | my_functions.py:206 | 
⛔ Not found: event_has_ended_sanctum.PNG after 0.01s region=(0, 0, 765, 1038) confidence=0.8
2026-05-14 16:02:15 | INFO | my_functions.py:255 | [DEBUG] Click skipped, image not found: event_has_ended_sanctum.PNG
2026-05-14 16:02:15 | INFO | my_functions.py:228 | [DEBUG] wait_for_image_and_click -> image_part_of_event_grand_arena_finished.PNG timeout=0s delay_click=1s confidence=0.8
2026-05-14 16:02:15 | INFO | my_functions.py:169 | Searching image_part_of_event_grand_arena_finished.PNG (timeout=0s)
2026-05-14 16:02:16 | INFO | my_functions.py:206 | 
⛔ Not found: image_part_of_event_grand_arena_finished.PNG after 0.0s region=(0, 0, 765, 1038) confidence=0.8
2026-05-14 16:02:16 | INFO | my_functions.py:255 | [DEBUG] Click skipped, image not found: image_part_of_event_grand_arena_finished.PNG
2026-05-14 16:02:16 | INFO | my_functions.py:169 | Searching 28_day_event_login_rewards.PNG (timeout=0s)
2026-05-14 16:02:16 | INFO | my_functions.py:206 | 
⛔ Not found: 28_day_event_login_rewards.PNG after 0.01s region=(0, 0, 765, 1038) confidence=0.8
2026-05-14 16:02:16 | INFO | my_functions.py:169 | Searching 7_day_event_login.PNG (timeout=0s)
2026-05-14 16:02:16 | INFO | my_functions.py:206 | 
⛔ Not found: 7_day_event_login.PNG after 0.0s region=(0, 0, 765, 1038) confidence=0.8
2026-05-14 16:02:16 | INFO | my_functions.py:169 | Searching 14_days_event.PNG (timeout=0s)
2026-05-14 16:02:16 | INFO | my_functions.py:206 | 
⛔ Not found: 14_days_event.PNG after 0.0s region=(0, 0, 765, 1038) confidence=0.8
2026-05-14 16:02:16 | INFO | my_functions.py:228 | [DEBUG] wait_for_image_and_click -> lets_go.PNG timeout=0s delay_click=1s confidence=0.8
2026-05-14 16:02:16 | INFO | my_functions.py:169 | Searching lets_go.PNG (timeout=0s)
2026-05-14 16:02:17 | INFO | my_functions.py:206 | 
⛔ Not found: lets_go.PNG after 0.01s region=(0, 0, 765, 1038) confidence=0.8
2026-05-14 16:02:17 | INFO | my_functions.py:255 | [DEBUG] Click skipped, image not found: lets_go.PNG
2026-05-14 16:02:18 | INFO | my_functions.py:169 | Searching shop_unselected.PNG (timeout=0s)
2026-05-14 16:02:18 | INFO | my_functions.py:195 | 
✅ Found: shop_unselected.PNG pos=(89, 961) time=0.25s confidence=0.8
2026-05-14 16:02:26 | INFO | my_functions.py:169 | Searching shop_unselected.PNG (timeout=0s)
2026-05-14 16:02:26 | INFO | my_functions.py:206 | 
⛔ Not found: shop_unselected.PNG after 0.0s region=(0, 0, 765, 1038) confidence=0.8
2026-05-14 16:02:27 | INFO | my_functions.py:169 | Searching shop_unselected.PNG (timeout=0s)
2026-05-14 16:02:27 | INFO | my_functions.py:206 | 
⛔ Not found: shop_unselected.PNG after 0.0s region=(0, 0, 765, 1038) confidence=0.8
2026-05-14 16:02:27 | INFO | my_functions.py:228 | [DEBUG] wait_for_image_and_click -> super_premium.PNG timeout=0s delay_click=1s confidence=0.8
2026-05-14 16:02:27 | INFO | my_functions.py:169 | Searching super_premium.PNG (timeout=0s)
2026-05-14 16:02:28 | INFO | my_functions.py:195 | 
✅ Found: super_premium.PNG pos=(480, 777) time=0.2s confidence=0.8
2026-05-14 16:02:29 | INFO | my_functions.py:135 | Haciendo click en la posición (480, 777)
2026-05-14 16:02:29 | INFO | my_functions.py:248 | 🖱️ Click OK: super_premium.PNG at (480, 777) delay=1s
2026-05-14 16:02:29 | INFO | my_functions.py:143 | Presionando ESC (1/1)
2026-05-14 16:02:38 | INFO | my_functions.py:169 | Searching shop_unselected.PNG (timeout=0s)
2026-05-14 16:02:38 | INFO | my_functions.py:195 | 
✅ Found: shop_unselected.PNG pos=(88, 961) time=0.21s confidence=0.8
2026-05-14 16:02:38 | INFO | my_functions.py:667 | Ya esta listo
2026-05-14 16:02:38 | INFO | sanctum.py:49 | [DEBUG] Requested JSON: MissionState.json
2026-05-14 16:02:38 | INFO | sanctum.py:49 | [DEBUG] Resolved JSON path: C:\Users\Farm\AppData\LocalLow\Second Dinner\SNAP\Standalone\States\nvprod\MissionState.json
2026-05-14 16:02:38 | INFO | sanctum.py:49 | [DEBUG] Notepad path: C:\Windows\System32\notepad.exe
2026-05-14 16:02:38 | INFO | sanctum.py:49 | [DEBUG] Notepad exists: True
2026-05-14 16:02:38 | INFO | sanctum.py:49 | [DEBUG] JSON exists: True
2026-05-14 16:02:38 | INFO | sanctum.py:49 | [DEBUG] Notepad launched
2026-05-14 16:02:38 | INFO | sanctum.py:49 | [DEBUG] PID: 2588
2026-05-14 16:02:38 | INFO | my_functions.py:296 | [INFO] Waiting for Notepad process...
2026-05-14 16:02:38 | INFO | my_functions.py:303 | [DEBUG] Loop running | elapsed=0.0s
2026-05-14 16:02:38 | INFO | my_functions.py:314 | [DEBUG] Found process | PID=0 | NAME=System Idle Process
2026-05-14 16:02:38 | INFO | my_functions.py:314 | [DEBUG] Found process | PID=4 | NAME=System
2026-05-14 16:02:38 | INFO | my_functions.py:314 | [DEBUG] Found process | PID=76 | NAME=svchost.exe
2026-05-14 16:02:38 | INFO | my_functions.py:314 | [DEBUG] Found process | PID=124 | NAME=Registry
2026-05-14 16:02:38 | INFO | my_functions.py:314 | [DEBUG] Found process | PID=380 | NAME=smss.exe
2026-05-14 16:02:38 | INFO | my_functions.py:314 | [DEBUG] Found process | PID=416 | NAME=svchost.exe
2026-05-14 16:02:38 | INFO | my_functions.py:314 | [DEBUG] Found process | PID=468 | NAME=svchost.exe
2026-05-14 16:02:38 | INFO | my_functions.py:314 | [DEBUG] Found process | PID=496 | NAME=csrss.exe
2026-05-14 16:02:38 | INFO | my_functions.py:314 | [DEBUG] Found process | PID=516 | NAME=svchost.exe
2026-05-14 16:02:38 | INFO | my_functions.py:314 | [DEBUG] Found process | PID=572 | NAME=wininit.exe
2026-05-14 16:02:38 | INFO | my_functions.py:314 | [DEBUG] Found process | PID=580 | NAME=csrss.exe
2026-05-14 16:02:38 | INFO | my_functions.py:314 | [DEBUG] Found process | PID=644 | NAME=winlogon.exe
2026-05-14 16:02:38 | INFO | my_functions.py:314 | [DEBUG] Found process | PID=712 | NAME=svchost.exe
2026-05-14 16:02:38 | INFO | my_functions.py:314 | [DEBUG] Found process | PID=736 | NAME=services.exe
2026-05-14 16:02:38 | INFO | my_functions.py:314 | [DEBUG] Found process | PID=748 | NAME=lsass.exe
2026-05-14 16:02:38 | INFO | my_functions.py:314 | [DEBUG] Found process | PID=856 | NAME=steamservice.exe
2026-05-14 16:02:38 | INFO | my_functions.py:314 | [DEBUG] Found process | PID=864 | NAME=steamwebhelper.exe
2026-05-14 16:02:38 | INFO | my_functions.py:314 | [DEBUG] Found process | PID=876 | NAME=svchost.exe
2026-05-14 16:02:38 | INFO | my_functions.py:314 | [DEBUG] Found process | PID=904 | NAME=fontdrvhost.exe
2026-05-14 16:02:38 | INFO | my_functions.py:314 | [DEBUG] Found process | PID=908 | NAME=fontdrvhost.exe
2026-05-14 16:02:38 | INFO | my_functions.py:314 | [DEBUG] Found process | PID=920 | NAME=WmiApSrv.exe
2026-05-14 16:02:38 | INFO | my_functions.py:314 | [DEBUG] Found process | PID=992 | NAME=svchost.exe
2026-05-14 16:02:38 | INFO | my_functions.py:314 | [DEBUG] Found process | PID=996 | NAME=svchost.exe
2026-05-14 16:02:38 | INFO | my_functions.py:314 | [DEBUG] Found process | PID=1136 | NAME=dwm.exe
2026-05-14 16:02:38 | INFO | my_functions.py:314 | [DEBUG] Found process | PID=1204 | NAME=svchost.exe
2026-05-14 16:02:38 | INFO | my_functions.py:314 | [DEBUG] Found process | PID=1212 | NAME=svchost.exe
2026-05-14 16:02:38 | INFO | my_functions.py:314 | [DEBUG] Found process | PID=1232 | NAME=svchost.exe
2026-05-14 16:02:38 | INFO | my_functions.py:314 | [DEBUG] Found process | PID=1256 | NAME=cmd.exe
2026-05-14 16:02:38 | INFO | my_functions.py:314 | [DEBUG] Found process | PID=1300 | NAME=svchost.exe
2026-05-14 16:02:38 | INFO | my_functions.py:314 | [DEBUG] Found process | PID=1312 | NAME=GameBarFTServer.exe
2026-05-14 16:02:38 | INFO | my_functions.py:314 | [DEBUG] Found process | PID=1376 | NAME=svchost.exe
2026-05-14 16:02:38 | INFO | my_functions.py:314 | [DEBUG] Found process | PID=1392 | NAME=svchost.exe
2026-05-14 16:02:38 | INFO | my_functions.py:314 | [DEBUG] Found process | PID=1424 | NAME=svchost.exe
2026-05-14 16:02:38 | INFO | my_functions.py:314 | [DEBUG] Found process | PID=1464 | NAME=svchost.exe
2026-05-14 16:02:38 | INFO | my_functions.py:314 | [DEBUG] Found process | PID=1472 | NAME=svchost.exe
2026-05-14 16:02:38 | INFO | my_functions.py:314 | [DEBUG] Found process | PID=1480 | NAME=svchost.exe
2026-05-14 16:02:38 | INFO | my_functions.py:314 | [DEBUG] Found process | PID=1488 | NAME=svchost.exe
2026-05-14 16:02:38 | INFO | my_functions.py:314 | [DEBUG] Found process | PID=1536 | NAME=SecurityHealthService.exe
2026-05-14 16:02:38 | INFO | my_functions.py:314 | [DEBUG] Found process | PID=1596 | NAME=svchost.exe
2026-05-14 16:02:38 | INFO | my_functions.py:314 | [DEBUG] Found process | PID=1664 | NAME=svchost.exe
2026-05-14 16:02:38 | INFO | my_functions.py:314 | [DEBUG] Found process | PID=1684 | NAME=MemCompression
2026-05-14 16:02:38 | INFO | my_functions.py:314 | [DEBUG] Found process | PID=1740 | NAME=svchost.exe
2026-05-14 16:02:38 | INFO | my_functions.py:314 | [DEBUG] Found process | PID=1760 | NAME=svchost.exe
2026-05-14 16:02:38 | INFO | my_functions.py:314 | [DEBUG] Found process | PID=1768 | NAME=svchost.exe
2026-05-14 16:02:38 | INFO | my_functions.py:314 | [DEBUG] Found process | PID=1828 | NAME=NisSrv.exe
2026-05-14 16:02:38 | INFO | my_functions.py:314 | [DEBUG] Found process | PID=1832 | NAME=svchost.exe
2026-05-14 16:02:38 | INFO | my_functions.py:314 | [DEBUG] Found process | PID=1924 | NAME=svchost.exe
2026-05-14 16:02:38 | INFO | my_functions.py:314 | [DEBUG] Found process | PID=1944 | NAME=svchost.exe
2026-05-14 16:02:38 | INFO | my_functions.py:314 | [DEBUG] Found process | PID=1948 | NAME=svchost.exe
2026-05-14 16:02:38 | INFO | my_functions.py:314 | [DEBUG] Found process | PID=1952 | NAME=svchost.exe
2026-05-14 16:02:38 | INFO | my_functions.py:314 | [DEBUG] Found process | PID=2016 | NAME=TextInputHost.exe
2026-05-14 16:02:38 | INFO | my_functions.py:314 | [DEBUG] Found process | PID=2124 | NAME=svchost.exe
2026-05-14 16:02:38 | INFO | my_functions.py:314 | [DEBUG] Found process | PID=2256 | NAME=crashpad_handler.exe
2026-05-14 16:02:38 | INFO | my_functions.py:314 | [DEBUG] Found process | PID=2284 | NAME=spoolsv.exe
2026-05-14 16:02:38 | INFO | my_functions.py:314 | [DEBUG] Found process | PID=2360 | NAME=svchost.exe
2026-05-14 16:02:38 | INFO | my_functions.py:314 | [DEBUG] Found process | PID=2424 | NAME=svchost.exe
2026-05-14 16:02:38 | INFO | my_functions.py:314 | [DEBUG] Found process | PID=2444 | NAME=svchost.exe
2026-05-14 16:02:38 | INFO | my_functions.py:314 | [DEBUG] Found process | PID=2520 | NAME=svchost.exe
2026-05-14 16:02:38 | INFO | my_functions.py:314 | [DEBUG] Found process | PID=2588 | NAME=notepad.exe
2026-05-14 16:02:38 | INFO | my_functions.py:326 | [INFO] Notepad detected | PID=2588
2026-05-14 16:02:38 | INFO | my_functions.py:331 | [DEBUG] Sleeping 1 second before kill...
2026-05-14 16:02:39 | INFO | my_functions.py:337 | [DEBUG] Killing process PID=2588
2026-05-14 16:02:39 | INFO | my_functions.py:344 | [SUCCESS] Notepad closed successfully
2026-05-14 16:02:40 | INFO | my_functions.py:228 | [DEBUG] wait_for_image_and_click -> maybe_later.PNG timeout=2s delay_click=1s confidence=0.8
2026-05-14 16:02:40 | INFO | my_functions.py:169 | Searching maybe_later.PNG (timeout=2s)
2026-05-14 16:02:42 | INFO | my_functions.py:206 | 
⛔ Not found: maybe_later.PNG after 2.01s region=(0, 0, 765, 1038) confidence=0.8
2026-05-14 16:02:42 | INFO | my_functions.py:255 | [DEBUG] Click skipped, image not found: maybe_later.PNG
2026-05-14 16:02:42 | INFO | my_functions.py:228 | [DEBUG] wait_for_image_and_click -> maybe_later2.PNG timeout=0.01s delay_click=1s confidence=0.8
2026-05-14 16:02:42 | INFO | my_functions.py:169 | Searching maybe_later2.PNG (timeout=0.01s)
2026-05-14 16:02:43 | INFO | my_functions.py:206 | 
⛔ Not found: maybe_later2.PNG after 0.23s region=(0, 0, 765, 1038) confidence=0.8
2026-05-14 16:02:43 | INFO | my_functions.py:255 | [DEBUG] Click skipped, image not found: maybe_later2.PNG
2026-05-14 16:02:43 | INFO | my_functions.py:228 | [DEBUG] wait_for_image_and_click -> game_modes_menu.PNG timeout=20s delay_click=1s confidence=0.8
2026-05-14 16:02:43 | INFO | my_functions.py:169 | Searching game_modes_menu.PNG (timeout=20s)
2026-05-14 16:02:43 | INFO | my_functions.py:184 | [ERROR] Exception while searching game_modes_menu.PNG -> Failed to read C:\Users\Abel\Documents\SHARED FILES VM\MS\images\stages\games_mode\game_modes_menu.PNG because file is missing, has improper permissions, or is an unsupported or invalid format
2026-05-14 16:02:43 | INFO | my_functions.py:255 | [DEBUG] Click skipped, image not found: game_modes_menu.PNG
2026-05-14 16:02:43 | INFO | my_functions.py:228 | [DEBUG] wait_for_image_and_click -> sanctum.PNG timeout=3s delay_click=1s confidence=0.8
2026-05-14 16:02:43 | INFO | my_functions.py:169 | Searching sanctum.PNG (timeout=3s)
2026-05-14 16:02:43 | INFO | my_functions.py:184 | [ERROR] Exception while searching sanctum.PNG -> Failed to read C:\Users\Abel\Documents\SHARED FILES VM\MS\images\stages\games_mode\sanctum\sanctum.PNG because file is missing, has improper permissions, or is an unsupported or invalid format
2026-05-14 16:02:43 | INFO | my_functions.py:255 | [DEBUG] Click skipped, image not found: sanctum.PNG
2026-05-14 16:02:43 | INFO | sanctum.py:169 | Starting game loop 1
2026-05-14 16:02:43 | INFO | my_functions.py:169 | Searching 28_day_event_login_rewards.PNG (timeout=0s)
2026-05-14 16:02:44 | INFO | my_functions.py:206 | 
⛔ Not found: 28_day_event_login_rewards.PNG after 0.01s region=(0, 0, 765, 1038) confidence=0.8
2026-05-14 16:02:44 | INFO | sanctum.py:229 | Play button clicked
2026-05-14 16:03:38 | ERROR | sanctum.py:60 | Uncaught exception
Traceback (most recent call last):
  File "Z:\SHARED FILES VM\MS\sanctum.py", line 235, in <module>
    end_turn = search_MS_img(
               ^^^^^^^^^^^^^^
  File "Z:\SHARED FILES VM\MS\my_functions.py", line 178, in search_MS_img
    position = pg.locateCenterOnScreen(
               ^^^^^^^^^^^^^^^^^^^^^^^^
  File "C:\Users\Farm\AppData\Local\Programs\Python\Python311\Lib\site-packages\pyautogui\__init__.py", line 175, in wrapper
    return wrappedFunction(*args, **kwargs)
           ^^^^^^^^^^^^^^^^^^^^^^^^^^^^^^^^
  File "C:\Users\Farm\AppData\Local\Programs\Python\Python311\Lib\site-packages\pyautogui\__init__.py", line 207, in locateCenterOnScreen
    return pyscreeze.locateCenterOnScreen(*args, **kwargs)
           ^^^^^^^^^^^^^^^^^^^^^^^^^^^^^^^^^^^^^^^^^^^^^^^
  File "C:\Users\Farm\AppData\Local\Programs\Python\Python311\Lib\site-packages\pyscreeze\__init__.py", line 413, in locateCenterOnScreen
    coords = locateOnScreen(image, **kwargs)
             ^^^^^^^^^^^^^^^^^^^^^^^^^^^^^^^
  File "C:\Users\Farm\AppData\Local\Programs\Python\Python311\Lib\site-packages\pyscreeze\__init__.py", line 372, in locateOnScreen
    screenshotIm = screenshot(region=None) # the locateAll() function must handle cropping to return accurate coordinates, so don't pass a region here.
                   ^^^^^^^^^^^^^^^^^^^^^^^
  File "C:\Users\Farm\AppData\Local\Programs\Python\Python311\Lib\site-packages\pyscreeze\__init__.py", line 145, in wrapper
    return wrappedFunction(*args, **kwargs)
           ^^^^^^^^^^^^^^^^^^^^^^^^^^^^^^^^
KeyboardInterrupt
