2026-07-04 19:54:45 | INFO | sandbox2.py:45 | LOG FILE PATH: \\vmware-host\Shared Folders\SHARED FILES VM\MS\logs\sandbox2_2026-07-04_19-54-45.log
2026-07-04 19:54:45 | INFO | sandbox2.py:46 | Logger initialized
2026-07-04 19:54:45 | INFO | sandbox2.py:73 | TEST LOG INITIALIZATION
2026-07-04 19:54:45 | INFO | sandbox2.py:74 | Logger test executed
2026-07-04 19:54:45 | INFO | my_functions.py:56 | ⏳ Esperando WebSocket de OBS...
2026-07-04 19:54:45 | INFO | baseclient.py:33 | Connecting with parameters: host='localhost' port=4455 password='' subs=0 timeout=None
2026-07-04 19:54:45 | INFO | reqs.py:23 | Successfully identified ReqClient with the server using RPC version:1
2026-07-04 19:54:45 | INFO | my_functions.py:62 | ✅ Conectado al OBS WebSocket
2026-07-04 19:54:45 | INFO | my_functions.py:87 | 🎬 Grabación iniciada
2026-07-04 19:54:45 | INFO | sandbox2.py:98 | snap.exe terminated if it was running
2026-07-04 19:54:45 | INFO | my_functions.py:1545 | ⏱ Esperando 0.1 segundos antes de empezar...
2026-07-04 19:54:45 | INFO | my_functions.py:1552 | 🔍 Esperando ventana que contenga alguna de: ['py', 'eight_hours'] (máx 20s)
2026-07-04 19:54:45 | INFO | my_functions.py:1564 | ✅ Ventana encontrada: 'C:\Windows\py.exe'
2026-07-04 19:54:45 | INFO | my_functions.py:1579 | ✅ Ventana seleccionada: 'C:\Windows\py.exe'
2026-07-04 19:54:47 | INFO | my_functions.py:1602 | 🔁 Reajuste #1...
2026-07-04 19:54:48 | INFO | my_functions.py:1609 | ✔ Verificación completa. Se hicieron 1 reajustes.
2026-07-04 19:54:48 | INFO | sandbox2.py:108 | Processing account: john
2026-07-04 19:54:49 | INFO | my_functions.py:1545 | ⏱ Esperando 0.1 segundos antes de empezar...
2026-07-04 19:54:49 | INFO | my_functions.py:1552 | 🔍 Esperando ventana que contenga alguna de: ['SNAP'] (máx 20s)
2026-07-04 19:54:53 | INFO | my_functions.py:1564 | ✅ Ventana encontrada: 'SNAP'
2026-07-04 19:54:53 | INFO | my_functions.py:1579 | ✅ Ventana seleccionada: 'SNAP'
2026-07-04 19:54:55 | INFO | my_functions.py:1602 | 🔁 Reajuste #1...
2026-07-04 19:54:58 | INFO | my_functions.py:1609 | ✔ Verificación completa. Se hicieron 1 reajustes.
2026-07-04 19:54:58 | INFO | my_functions.py:1206 | [DEBUG] Resizing SNAP window...
2026-07-04 19:54:58 | INFO | my_functions.py:1545 | ⏱ Esperando 0.1 segundos antes de empezar...
2026-07-04 19:54:58 | INFO | my_functions.py:1552 | 🔍 Esperando ventana que contenga alguna de: ['SNAP'] (máx 20s)
2026-07-04 19:54:58 | INFO | my_functions.py:1564 | ✅ Ventana encontrada: 'SNAP'
2026-07-04 19:54:58 | INFO | my_functions.py:1579 | ✅ Ventana seleccionada: 'SNAP'
2026-07-04 19:55:05 | INFO | my_functions.py:1611 | ✔ Verificación completa. No hubo cambios después del primer ajuste.
2026-07-04 19:55:05 | INFO | my_functions.py:247 | [DEBUG] Buscando en paralelo: ['small_submit.PNG', 'small_submit_hover.png', 'submit_hover_2.png', 'small_submit_hover_2.png'] | timeout=90s | confidence=0.8
2026-07-04 19:56:39 | INFO | my_functions.py:281 | [DEBUG] Click skipped, ninguna de las imágenes se encontró en el intento.
2026-07-04 19:56:40 | INFO | my_functions.py:169 | Searching shop_unselected.PNG (timeout=0s)
2026-07-04 19:56:41 | INFO | my_functions.py:199 | 
✅ Found: shop_unselected.PNG pos=(88, 961) time=0.77s confidence=0.8
2026-07-04 19:56:49 | INFO | my_functions.py:169 | Searching shop_unselected.PNG (timeout=0s)
2026-07-04 19:56:50 | INFO | my_functions.py:199 | 
✅ Found: shop_unselected.PNG pos=(89, 961) time=0.76s confidence=0.8
2026-07-04 19:56:50 | INFO | my_functions.py:714 | Ya esta listo
2026-07-04 19:56:50 | INFO | my_functions.py:247 | [DEBUG] Buscando en paralelo: ['nut.png'] | timeout=20s | confidence=0.8
2026-07-04 19:56:52 | INFO | my_functions.py:134 | Haciendo click en la posición (184, 78)
2026-07-04 19:56:52 | INFO | my_functions.py:269 | 🖱️ Click OK (En paralelo): nut.png at (184, 78) delay=1s
2026-07-04 19:56:53 | INFO | my_functions.py:247 | [DEBUG] Buscando en paralelo: ['graphics_quality.png'] | timeout=3s | confidence=0.8
2026-07-04 19:56:54 | INFO | my_functions.py:134 | Haciendo click en la posición (304, 644)
2026-07-04 19:56:55 | INFO | my_functions.py:269 | 🖱️ Click OK (En paralelo): graphics_quality.png at (304, 644) delay=1s
2026-07-04 19:56:57 | INFO | my_functions.py:247 | [DEBUG] Buscando en paralelo: ['sign_out.png'] | timeout=20s | confidence=0.8
2026-07-04 19:56:58 | INFO | my_functions.py:134 | Haciendo click en la posición (380, 796)
2026-07-04 19:56:59 | INFO | my_functions.py:269 | 🖱️ Click OK (En paralelo): sign_out.png at (380, 796) delay=1s
2026-07-04 19:57:01 | INFO | my_functions.py:247 | [DEBUG] Buscando en paralelo: ['sign_out_grande.png'] | timeout=20s | confidence=0.8
2026-07-04 19:57:02 | INFO | my_functions.py:134 | Haciendo click en la posición (359, 437)
2026-07-04 19:57:02 | INFO | my_functions.py:269 | 🖱️ Click OK (En paralelo): sign_out_grande.png at (359, 437) delay=1s
2026-07-04 19:57:04 | INFO | my_functions.py:247 | [DEBUG] Buscando en paralelo: ['sign_out2.png'] | timeout=20s | confidence=0.8
2026-07-04 19:57:05 | INFO | my_functions.py:134 | Haciendo click en la posición (383, 634)
2026-07-04 19:57:05 | INFO | my_functions.py:269 | 🖱️ Click OK (En paralelo): sign_out2.png at (383, 634) delay=1s
2026-07-04 19:57:07 | INFO | my_functions.py:1545 | ⏱ Esperando 0.1 segundos antes de empezar...
2026-07-04 19:57:07 | INFO | my_functions.py:1552 | 🔍 Esperando ventana que contenga alguna de: SNAP (máx 20s)
2026-07-04 19:57:07 | INFO | my_functions.py:1564 | ✅ Ventana encontrada: 'SNAP'
2026-07-04 19:57:07 | INFO | my_functions.py:1579 | ✅ Ventana seleccionada: 'SNAP'
2026-07-04 19:57:09 | INFO | my_functions.py:1602 | 🔁 Reajuste #1...
2026-07-04 19:57:11 | INFO | my_functions.py:1609 | ✔ Verificación completa. Se hicieron 1 reajustes.
2026-07-04 19:57:15 | INFO | my_functions.py:1206 | [DEBUG] Resizing SNAP window...
2026-07-04 19:57:15 | INFO | my_functions.py:1545 | ⏱ Esperando 0.1 segundos antes de empezar...
2026-07-04 19:57:15 | INFO | my_functions.py:1552 | 🔍 Esperando ventana que contenga alguna de: ['SNAP'] (máx 20s)
2026-07-04 19:57:17 | INFO | my_functions.py:1564 | ✅ Ventana encontrada: 'SNAP'
2026-07-04 19:57:17 | INFO | my_functions.py:1579 | ✅ Ventana seleccionada: 'SNAP'
2026-07-04 19:57:25 | INFO | my_functions.py:1611 | ✔ Verificación completa. No hubo cambios después del primer ajuste.
2026-07-04 19:57:25 | INFO | my_functions.py:247 | [DEBUG] Buscando en paralelo: ['small_submit.PNG', 'small_submit_hover.png', 'submit_hover_2.png', 'small_submit_hover_2.png'] | timeout=90s | confidence=0.8
2026-07-04 19:57:32 | INFO | my_functions.py:134 | Haciendo click en la posición (380, 642)
2026-07-04 19:57:32 | INFO | my_functions.py:269 | 🖱️ Click OK (En paralelo): small_submit.PNG at (380, 642) delay=0.2s
2026-07-04 19:57:35 | INFO | my_functions.py:247 | [DEBUG] Buscando en paralelo: ['small_submit.PNG', 'small_submit_hover.png', 'submit_hover_2.png', 'small_submit_hover_2.png'] | timeout=20s | confidence=0.8
2026-07-04 19:57:37 | INFO | my_functions.py:134 | Haciendo click en la posición (380, 721)
2026-07-04 19:57:37 | INFO | my_functions.py:269 | 🖱️ Click OK (En paralelo): small_submit.PNG at (380, 721) delay=0.2s
2026-07-04 19:57:38 | INFO | my_functions.py:1545 | ⏱ Esperando 0.1 segundos antes de empezar...
2026-07-04 19:57:38 | INFO | my_functions.py:1552 | 🔍 Esperando ventana que contenga alguna de: ['SNAP'] (máx 20s)
2026-07-04 19:57:38 | INFO | my_functions.py:1564 | ✅ Ventana encontrada: 'SNAP'
2026-07-04 19:57:38 | INFO | my_functions.py:1579 | ✅ Ventana seleccionada: 'SNAP'
2026-07-04 19:57:40 | INFO | my_functions.py:1602 | 🔁 Reajuste #1...
2026-07-04 19:57:41 | INFO | my_functions.py:1609 | ✔ Verificación completa. Se hicieron 1 reajustes.
2026-07-04 19:57:41 | INFO | my_functions.py:169 | Searching please_sign.png (timeout=0s)
2026-07-04 19:57:42 | INFO | my_functions.py:199 | 
✅ Found: please_sign.png pos=(383, 438) time=0.47s confidence=0.8
2026-07-04 19:57:42 | INFO | my_functions.py:247 | [DEBUG] Buscando en paralelo: ['ok_btn.png'] | timeout=20s | confidence=0.8
2026-07-04 19:57:44 | INFO | my_functions.py:134 | Haciendo click en la posición (382, 634)
2026-07-04 19:57:44 | INFO | my_functions.py:269 | 🖱️ Click OK (En paralelo): ok_btn.png at (382, 634) delay=1s
2026-07-04 19:57:45 | INFO | my_functions.py:247 | [DEBUG] Buscando en paralelo: ['small_submit.PNG', 'small_submit_hover.png', 'submit_hover_2.png', 'small_submit_hover_2.png'] | timeout=30s | confidence=0.8
2026-07-04 19:57:48 | INFO | my_functions.py:134 | Haciendo click en la posición (383, 643)
2026-07-04 19:57:48 | INFO | my_functions.py:269 | 🖱️ Click OK (En paralelo): small_submit_hover_2.png at (383, 643) delay=0.2s
2026-07-04 19:57:49 | INFO | my_functions.py:247 | [DEBUG] Buscando en paralelo: ['small_submit.PNG', 'small_submit_hover.png', 'submit_hover_2.png', 'small_submit_hover_2.png'] | timeout=20s | confidence=0.8
2026-07-04 19:57:51 | INFO | my_functions.py:134 | Haciendo click en la posición (380, 721)
2026-07-04 19:57:51 | INFO | my_functions.py:269 | 🖱️ Click OK (En paralelo): small_submit.PNG at (380, 721) delay=0.2s
2026-07-04 19:57:52 | INFO | my_functions.py:247 | [DEBUG] Buscando en paralelo: ['sign_in_with_google2.PNG'] | timeout=20s | confidence=0.8
2026-07-04 19:57:53 | INFO | my_functions.py:134 | Haciendo click en la posición (406, 957)
2026-07-04 19:57:54 | INFO | my_functions.py:269 | 🖱️ Click OK (En paralelo): sign_in_with_google2.PNG at (406, 957) delay=1s
2026-07-04 19:57:55 | INFO | my_functions.py:169 | Searching pagina_cargada.png (timeout=60s)
2026-07-04 19:58:04 | INFO | my_functions.py:199 | 
✅ Found: pagina_cargada.png pos=(70, 24) time=9.65s confidence=0.8
2026-07-04 19:58:06 | INFO | my_functions.py:247 | [DEBUG] Buscando en paralelo: ['john.png'] | timeout=0s | confidence=0.8
2026-07-04 19:58:10 | INFO | my_functions.py:134 | Haciendo click en la posición (1143, 619)
2026-07-04 19:58:10 | INFO | my_functions.py:269 | 🖱️ Click OK (En paralelo): john.png at (1143, 619) delay=3s
2026-07-04 19:58:12 | INFO | my_functions.py:169 | Searching marvelsnap_web.png (timeout=30s)
2026-07-04 19:58:16 | INFO | my_functions.py:199 | 
✅ Found: marvelsnap_web.png pos=(258, 80) time=4.5s confidence=0.7
2026-07-04 19:58:16 | INFO | my_functions.py:169 | Searching shop_unselected.PNG (timeout=0s)
2026-07-04 19:58:17 | INFO | my_functions.py:213 | 
⛔ Not found: shop_unselected.PNG after 0.0s region=(0, 0, 765, 1038) confidence=0.8
2026-07-04 19:58:17 | INFO | my_functions.py:247 | [DEBUG] Buscando en paralelo: ['super_premium.PNG'] | timeout=0s | confidence=0.8
2026-07-04 19:58:18 | INFO | my_functions.py:281 | [DEBUG] Click skipped, ninguna de las imágenes se encontró en el intento.
2026-07-04 19:58:19 | INFO | my_functions.py:247 | [DEBUG] Buscando en paralelo: ['maybe_later.PNG'] | timeout=0s | confidence=0.8
2026-07-04 19:58:20 | INFO | my_functions.py:281 | [DEBUG] Click skipped, ninguna de las imágenes se encontró en el intento.
2026-07-04 19:58:21 | INFO | my_functions.py:247 | [DEBUG] Buscando en paralelo: ['maybe_later2.PNG'] | timeout=0s | confidence=0.8
2026-07-04 19:58:21 | INFO | my_functions.py:281 | [DEBUG] Click skipped, ninguna de las imágenes se encontró en el intento.
2026-07-04 19:58:23 | INFO | my_functions.py:169 | Searching go_to_shop.PNG (timeout=0s)
2026-07-04 19:58:23 | INFO | my_functions.py:213 | 
⛔ Not found: go_to_shop.PNG after 0.0s region=(0, 0, 765, 1038) confidence=0.8
2026-07-04 19:58:23 | INFO | my_functions.py:247 | [DEBUG] Buscando en paralelo: ['14_days_of_winterverse.PNG'] | timeout=0s | confidence=0.8
2026-07-04 19:58:24 | INFO | my_functions.py:281 | [DEBUG] Click skipped, ninguna de las imágenes se encontró en el intento.
2026-07-04 19:58:25 | INFO | my_functions.py:169 | Searching welcome_back_calendar.PNG (timeout=0s)
2026-07-04 19:58:25 | INFO | my_functions.py:213 | 
⛔ Not found: welcome_back_calendar.PNG after 0.0s region=(0, 0, 765, 1038) confidence=0.8
2026-07-04 19:58:25 | INFO | my_functions.py:247 | [DEBUG] Buscando en paralelo: ['start_the_countdown.PNG'] | timeout=0s | confidence=0.8
2026-07-04 19:58:26 | INFO | my_functions.py:281 | [DEBUG] Click skipped, ninguna de las imágenes se encontró en el intento.
2026-07-04 19:58:27 | INFO | my_functions.py:247 | [DEBUG] Buscando en paralelo: ['event_has_ended_sanctum.PNG'] | timeout=0s | confidence=0.8
2026-07-04 19:58:27 | INFO | my_functions.py:281 | [DEBUG] Click skipped, ninguna de las imágenes se encontró en el intento.
2026-07-04 19:58:29 | INFO | my_functions.py:247 | [DEBUG] Buscando en paralelo: ['event_has_ended_teamclash.PNG'] | timeout=0s | confidence=0.8
2026-07-04 19:58:29 | INFO | my_functions.py:281 | [DEBUG] Click skipped, ninguna de las imágenes se encontró en el intento.
2026-07-04 19:58:30 | INFO | my_functions.py:247 | [DEBUG] Buscando en paralelo: ['image_part_of_event_grand_arena_finished.PNG'] | timeout=0s | confidence=0.8
2026-07-04 19:58:31 | INFO | my_functions.py:281 | [DEBUG] Click skipped, ninguna de las imágenes se encontró en el intento.
2026-07-04 19:58:32 | INFO | my_functions.py:169 | Searching 28_day_event_login_rewards.PNG (timeout=0s)
2026-07-04 19:58:33 | INFO | my_functions.py:213 | 
⛔ Not found: 28_day_event_login_rewards.PNG after 0.0s region=(0, 0, 765, 1038) confidence=0.8
2026-07-04 19:58:33 | INFO | my_functions.py:169 | Searching 7_day_event_login.PNG (timeout=0s)
2026-07-04 19:58:33 | INFO | my_functions.py:213 | 
⛔ Not found: 7_day_event_login.PNG after 0.0s region=(0, 0, 765, 1038) confidence=0.8
2026-07-04 19:58:33 | INFO | my_functions.py:169 | Searching 14_days_event.PNG (timeout=0s)
2026-07-04 19:58:34 | INFO | my_functions.py:213 | 
⛔ Not found: 14_days_event.PNG after 0.0s region=(0, 0, 765, 1038) confidence=0.8
2026-07-04 19:58:34 | INFO | my_functions.py:247 | [DEBUG] Buscando en paralelo: ['lets_go.PNG'] | timeout=0s | confidence=0.8
2026-07-04 19:58:34 | INFO | my_functions.py:281 | [DEBUG] Click skipped, ninguna de las imágenes se encontró en el intento.
2026-07-04 19:58:36 | INFO | my_functions.py:169 | Searching shop_unselected.PNG (timeout=0s)
2026-07-04 19:58:37 | INFO | my_functions.py:213 | 
⛔ Not found: shop_unselected.PNG after 0.0s region=(0, 0, 765, 1038) confidence=0.8
2026-07-04 19:58:37 | INFO | my_functions.py:247 | [DEBUG] Buscando en paralelo: ['super_premium.PNG'] | timeout=0s | confidence=0.8
2026-07-04 19:58:38 | INFO | my_functions.py:134 | Haciendo click en la posición (480, 777)
2026-07-04 19:58:39 | INFO | my_functions.py:269 | 🖱️ Click OK (En paralelo): super_premium.PNG at (480, 777) delay=1s
2026-07-04 19:58:40 | INFO | my_functions.py:142 | Presionando ESC (1/1)
2026-07-04 19:58:48 | INFO | my_functions.py:169 | Searching shop_unselected.PNG (timeout=0s)
2026-07-04 19:58:49 | INFO | my_functions.py:199 | 
✅ Found: shop_unselected.PNG pos=(88, 961) time=0.83s confidence=0.8
2026-07-04 19:58:49 | INFO | my_functions.py:714 | Ya esta listo
2026-07-04 19:58:49 | INFO | my_functions.py:247 | [DEBUG] Buscando en paralelo: ['maybe_later.PNG'] | timeout=2s | confidence=0.8
2026-07-04 19:58:51 | INFO | my_functions.py:281 | [DEBUG] Click skipped, ninguna de las imágenes se encontró en el intento.
2026-07-04 19:58:53 | INFO | my_functions.py:247 | [DEBUG] Buscando en paralelo: ['maybe_later2.PNG'] | timeout=0.01s | confidence=0.8
2026-07-04 19:58:53 | INFO | my_functions.py:281 | [DEBUG] Click skipped, ninguna de las imágenes se encontró en el intento.
2026-07-04 19:58:54 | INFO | my_functions.py:134 | Haciendo click en la posición (232, 968)
2026-07-04 19:59:00 | INFO | my_functions.py:142 | Presionando ESC (1/1)
2026-07-04 19:59:00 | INFO | my_functions.py:247 | [DEBUG] Buscando en paralelo: ['nut.png'] | timeout=20s | confidence=0.8
2026-07-04 19:59:03 | INFO | my_functions.py:134 | Haciendo click en la posición (184, 78)
2026-07-04 19:59:03 | INFO | my_functions.py:269 | 🖱️ Click OK (En paralelo): nut.png at (184, 78) delay=1s
2026-07-04 19:59:04 | INFO | my_functions.py:247 | [DEBUG] Buscando en paralelo: ['graphics_quality.png'] | timeout=3s | confidence=0.8
2026-07-04 19:59:05 | INFO | my_functions.py:134 | Haciendo click en la posición (304, 644)
2026-07-04 19:59:06 | INFO | my_functions.py:269 | 🖱️ Click OK (En paralelo): graphics_quality.png at (304, 644) delay=1s
2026-07-04 19:59:08 | INFO | my_functions.py:247 | [DEBUG] Buscando en paralelo: ['sign_out.png'] | timeout=20s | confidence=0.8
2026-07-04 19:59:09 | INFO | my_functions.py:134 | Haciendo click en la posición (380, 796)
2026-07-04 19:59:10 | INFO | my_functions.py:269 | 🖱️ Click OK (En paralelo): sign_out.png at (380, 796) delay=1s
2026-07-04 19:59:12 | INFO | my_functions.py:247 | [DEBUG] Buscando en paralelo: ['sign_out_grande.png'] | timeout=20s | confidence=0.8
2026-07-04 19:59:13 | INFO | my_functions.py:134 | Haciendo click en la posición (359, 437)
2026-07-04 19:59:13 | INFO | my_functions.py:269 | 🖱️ Click OK (En paralelo): sign_out_grande.png at (359, 437) delay=1s
2026-07-04 19:59:15 | INFO | my_functions.py:247 | [DEBUG] Buscando en paralelo: ['sign_out2.png'] | timeout=20s | confidence=0.8
2026-07-04 19:59:16 | INFO | my_functions.py:134 | Haciendo click en la posición (383, 634)
2026-07-04 19:59:16 | INFO | my_functions.py:269 | 🖱️ Click OK (En paralelo): sign_out2.png at (383, 634) delay=1s
2026-07-04 19:59:18 | INFO | my_functions.py:1545 | ⏱ Esperando 0.1 segundos antes de empezar...
2026-07-04 19:59:18 | INFO | my_functions.py:1552 | 🔍 Esperando ventana que contenga alguna de: SNAP (máx 20s)
2026-07-04 19:59:18 | INFO | my_functions.py:1564 | ✅ Ventana encontrada: 'SNAP'
2026-07-04 19:59:18 | INFO | my_functions.py:1579 | ✅ Ventana seleccionada: 'SNAP'
2026-07-04 19:59:20 | INFO | my_functions.py:1602 | 🔁 Reajuste #1...
2026-07-04 19:59:22 | INFO | my_functions.py:1609 | ✔ Verificación completa. Se hicieron 1 reajustes.
2026-07-04 19:59:26 | INFO | sandbox2.py:108 | Processing account: robert
2026-07-04 19:59:26 | INFO | my_functions.py:1545 | ⏱ Esperando 0.1 segundos antes de empezar...
2026-07-04 19:59:26 | INFO | my_functions.py:1552 | 🔍 Esperando ventana que contenga alguna de: ['SNAP'] (máx 20s)
2026-07-04 19:59:29 | INFO | my_functions.py:1564 | ✅ Ventana encontrada: 'SNAP'
2026-07-04 19:59:29 | INFO | my_functions.py:1579 | ✅ Ventana seleccionada: 'SNAP'
2026-07-04 19:59:31 | INFO | my_functions.py:1611 | ✔ Verificación completa. No hubo cambios después del primer ajuste.
2026-07-04 19:59:31 | INFO | my_functions.py:1206 | [DEBUG] Resizing SNAP window...
2026-07-04 19:59:31 | INFO | my_functions.py:1545 | ⏱ Esperando 0.1 segundos antes de empezar...
2026-07-04 19:59:31 | INFO | my_functions.py:1552 | 🔍 Esperando ventana que contenga alguna de: ['SNAP'] (máx 20s)
2026-07-04 19:59:31 | INFO | my_functions.py:1564 | ✅ Ventana encontrada: 'SNAP'
2026-07-04 19:59:31 | INFO | my_functions.py:1579 | ✅ Ventana seleccionada: 'SNAP'
2026-07-04 19:59:38 | INFO | my_functions.py:1611 | ✔ Verificación completa. No hubo cambios después del primer ajuste.
2026-07-04 19:59:38 | INFO | my_functions.py:247 | [DEBUG] Buscando en paralelo: ['small_submit.PNG', 'small_submit_hover.png', 'submit_hover_2.png', 'small_submit_hover_2.png'] | timeout=90s | confidence=0.8
2026-07-04 19:59:40 | INFO | my_functions.py:134 | Haciendo click en la posición (380, 642)
2026-07-04 19:59:40 | INFO | my_functions.py:269 | 🖱️ Click OK (En paralelo): small_submit.PNG at (380, 642) delay=0.2s
2026-07-04 19:59:43 | INFO | my_functions.py:247 | [DEBUG] Buscando en paralelo: ['small_submit.PNG', 'small_submit_hover.png', 'submit_hover_2.png', 'small_submit_hover_2.png'] | timeout=20s | confidence=0.8
2026-07-04 19:59:44 | INFO | my_functions.py:134 | Haciendo click en la posición (380, 721)
2026-07-04 19:59:45 | INFO | my_functions.py:269 | 🖱️ Click OK (En paralelo): small_submit.PNG at (380, 721) delay=0.2s
2026-07-04 19:59:46 | INFO | my_functions.py:1545 | ⏱ Esperando 0.1 segundos antes de empezar...
2026-07-04 19:59:46 | INFO | my_functions.py:1552 | 🔍 Esperando ventana que contenga alguna de: ['SNAP'] (máx 20s)
2026-07-04 19:59:46 | INFO | my_functions.py:1564 | ✅ Ventana encontrada: 'SNAP'
2026-07-04 19:59:46 | INFO | my_functions.py:1579 | ✅ Ventana seleccionada: 'SNAP'
2026-07-04 19:59:48 | INFO | my_functions.py:1602 | 🔁 Reajuste #1...
2026-07-04 19:59:49 | INFO | my_functions.py:1609 | ✔ Verificación completa. Se hicieron 1 reajustes.
2026-07-04 19:59:49 | INFO | my_functions.py:169 | Searching please_sign.png (timeout=0s)
2026-07-04 19:59:49 | INFO | my_functions.py:199 | 
✅ Found: please_sign.png pos=(383, 438) time=0.49s confidence=0.8
2026-07-04 19:59:49 | INFO | my_functions.py:247 | [DEBUG] Buscando en paralelo: ['ok_btn.png'] | timeout=20s | confidence=0.8
2026-07-04 19:59:51 | INFO | my_functions.py:134 | Haciendo click en la posición (382, 634)
2026-07-04 19:59:51 | INFO | my_functions.py:269 | 🖱️ Click OK (En paralelo): ok_btn.png at (382, 634) delay=1s
2026-07-04 19:59:53 | INFO | my_functions.py:247 | [DEBUG] Buscando en paralelo: ['small_submit.PNG', 'small_submit_hover.png', 'submit_hover_2.png', 'small_submit_hover_2.png'] | timeout=30s | confidence=0.8
2026-07-04 19:59:56 | INFO | my_functions.py:134 | Haciendo click en la posición (383, 643)
2026-07-04 19:59:56 | INFO | my_functions.py:269 | 🖱️ Click OK (En paralelo): small_submit_hover_2.png at (383, 643) delay=0.2s
2026-07-04 19:59:57 | INFO | my_functions.py:247 | [DEBUG] Buscando en paralelo: ['small_submit.PNG', 'small_submit_hover.png', 'submit_hover_2.png', 'small_submit_hover_2.png'] | timeout=20s | confidence=0.8
2026-07-04 19:59:59 | INFO | my_functions.py:134 | Haciendo click en la posición (380, 721)
2026-07-04 19:59:59 | INFO | my_functions.py:269 | 🖱️ Click OK (En paralelo): small_submit.PNG at (380, 721) delay=0.2s
2026-07-04 20:00:00 | INFO | my_functions.py:247 | [DEBUG] Buscando en paralelo: ['sign_in_with_google2.PNG'] | timeout=20s | confidence=0.8
2026-07-04 20:00:01 | INFO | my_functions.py:134 | Haciendo click en la posición (406, 957)
2026-07-04 20:00:02 | INFO | my_functions.py:269 | 🖱️ Click OK (En paralelo): sign_in_with_google2.PNG at (406, 957) delay=1s
2026-07-04 20:00:03 | INFO | my_functions.py:169 | Searching pagina_cargada.png (timeout=60s)
2026-07-04 20:00:10 | INFO | my_functions.py:199 | 
✅ Found: pagina_cargada.png pos=(70, 24) time=7.64s confidence=0.8
2026-07-04 20:00:12 | INFO | my_functions.py:247 | [DEBUG] Buscando en paralelo: ['robert.png'] | timeout=0s | confidence=0.8
2026-07-04 20:00:16 | INFO | my_functions.py:134 | Haciendo click en la posición (1152, 794)
2026-07-04 20:00:17 | INFO | my_functions.py:269 | 🖱️ Click OK (En paralelo): robert.png at (1152, 794) delay=3s
2026-07-04 20:00:18 | INFO | my_functions.py:169 | Searching marvelsnap_web.png (timeout=30s)
2026-07-04 20:00:23 | INFO | my_functions.py:199 | 
✅ Found: marvelsnap_web.png pos=(258, 80) time=5.48s confidence=0.7
2026-07-04 20:00:23 | INFO | my_functions.py:169 | Searching shop_unselected.PNG (timeout=0s)
2026-07-04 20:00:24 | INFO | my_functions.py:213 | 
⛔ Not found: shop_unselected.PNG after 0.0s region=(0, 0, 765, 1038) confidence=0.8
2026-07-04 20:00:24 | INFO | my_functions.py:247 | [DEBUG] Buscando en paralelo: ['super_premium.PNG'] | timeout=0s | confidence=0.8
2026-07-04 20:00:25 | INFO | my_functions.py:281 | [DEBUG] Click skipped, ninguna de las imágenes se encontró en el intento.
2026-07-04 20:00:26 | INFO | my_functions.py:247 | [DEBUG] Buscando en paralelo: ['maybe_later.PNG'] | timeout=0s | confidence=0.8
2026-07-04 20:00:27 | INFO | my_functions.py:281 | [DEBUG] Click skipped, ninguna de las imágenes se encontró en el intento.
2026-07-04 20:00:28 | INFO | my_functions.py:247 | [DEBUG] Buscando en paralelo: ['maybe_later2.PNG'] | timeout=0s | confidence=0.8
2026-07-04 20:00:28 | INFO | my_functions.py:281 | [DEBUG] Click skipped, ninguna de las imágenes se encontró en el intento.
2026-07-04 20:00:29 | INFO | my_functions.py:169 | Searching go_to_shop.PNG (timeout=0s)
2026-07-04 20:00:30 | INFO | my_functions.py:213 | 
⛔ Not found: go_to_shop.PNG after 0.0s region=(0, 0, 765, 1038) confidence=0.8
2026-07-04 20:00:30 | INFO | my_functions.py:247 | [DEBUG] Buscando en paralelo: ['14_days_of_winterverse.PNG'] | timeout=0s | confidence=0.8
2026-07-04 20:00:31 | INFO | my_functions.py:281 | [DEBUG] Click skipped, ninguna de las imágenes se encontró en el intento.
2026-07-04 20:00:32 | INFO | my_functions.py:169 | Searching welcome_back_calendar.PNG (timeout=0s)
2026-07-04 20:00:32 | INFO | my_functions.py:213 | 
⛔ Not found: welcome_back_calendar.PNG after 0.0s region=(0, 0, 765, 1038) confidence=0.8
2026-07-04 20:00:32 | INFO | my_functions.py:247 | [DEBUG] Buscando en paralelo: ['start_the_countdown.PNG'] | timeout=0s | confidence=0.8
2026-07-04 20:00:33 | INFO | my_functions.py:281 | [DEBUG] Click skipped, ninguna de las imágenes se encontró en el intento.
2026-07-04 20:00:34 | INFO | my_functions.py:247 | [DEBUG] Buscando en paralelo: ['event_has_ended_sanctum.PNG'] | timeout=0s | confidence=0.8
2026-07-04 20:00:34 | INFO | my_functions.py:281 | [DEBUG] Click skipped, ninguna de las imágenes se encontró en el intento.
2026-07-04 20:00:35 | INFO | my_functions.py:247 | [DEBUG] Buscando en paralelo: ['event_has_ended_teamclash.PNG'] | timeout=0s | confidence=0.8
2026-07-04 20:00:36 | INFO | my_functions.py:281 | [DEBUG] Click skipped, ninguna de las imágenes se encontró en el intento.
2026-07-04 20:00:37 | INFO | my_functions.py:247 | [DEBUG] Buscando en paralelo: ['image_part_of_event_grand_arena_finished.PNG'] | timeout=0s | confidence=0.8
2026-07-04 20:00:38 | INFO | my_functions.py:281 | [DEBUG] Click skipped, ninguna de las imágenes se encontró en el intento.
2026-07-04 20:00:39 | INFO | my_functions.py:169 | Searching 28_day_event_login_rewards.PNG (timeout=0s)
2026-07-04 20:00:39 | INFO | my_functions.py:213 | 
⛔ Not found: 28_day_event_login_rewards.PNG after 0.0s region=(0, 0, 765, 1038) confidence=0.8
2026-07-04 20:00:39 | INFO | my_functions.py:169 | Searching 7_day_event_login.PNG (timeout=0s)
2026-07-04 20:00:40 | INFO | my_functions.py:213 | 
⛔ Not found: 7_day_event_login.PNG after 0.0s region=(0, 0, 765, 1038) confidence=0.8
2026-07-04 20:00:40 | INFO | my_functions.py:169 | Searching 14_days_event.PNG (timeout=0s)
2026-07-04 20:00:40 | INFO | my_functions.py:213 | 
⛔ Not found: 14_days_event.PNG after 0.0s region=(0, 0, 765, 1038) confidence=0.8
2026-07-04 20:00:40 | INFO | my_functions.py:247 | [DEBUG] Buscando en paralelo: ['lets_go.PNG'] | timeout=0s | confidence=0.8
2026-07-04 20:00:41 | INFO | my_functions.py:281 | [DEBUG] Click skipped, ninguna de las imágenes se encontró en el intento.
2026-07-04 20:00:43 | INFO | my_functions.py:169 | Searching shop_unselected.PNG (timeout=0s)
2026-07-04 20:00:44 | INFO | my_functions.py:213 | 
⛔ Not found: shop_unselected.PNG after 0.77s region=(0, 0, 765, 1038) confidence=0.8
2026-07-04 20:00:44 | INFO | my_functions.py:247 | [DEBUG] Buscando en paralelo: ['super_premium.PNG'] | timeout=0s | confidence=0.8
2026-07-04 20:00:46 | INFO | my_functions.py:134 | Haciendo click en la posición (480, 777)
2026-07-04 20:00:46 | INFO | my_functions.py:269 | 🖱️ Click OK (En paralelo): super_premium.PNG at (480, 777) delay=1s
2026-07-04 20:00:47 | INFO | my_functions.py:142 | Presionando ESC (1/1)
2026-07-04 20:00:56 | INFO | my_functions.py:169 | Searching shop_unselected.PNG (timeout=0s)
2026-07-04 20:00:57 | INFO | my_functions.py:199 | 
✅ Found: shop_unselected.PNG pos=(89, 961) time=0.73s confidence=0.8
2026-07-04 20:00:57 | INFO | my_functions.py:714 | Ya esta listo
2026-07-04 20:00:57 | INFO | my_functions.py:247 | [DEBUG] Buscando en paralelo: ['maybe_later.PNG'] | timeout=2s | confidence=0.8
2026-07-04 20:00:59 | INFO | my_functions.py:281 | [DEBUG] Click skipped, ninguna de las imágenes se encontró en el intento.
2026-07-04 20:01:00 | INFO | my_functions.py:247 | [DEBUG] Buscando en paralelo: ['maybe_later2.PNG'] | timeout=0.01s | confidence=0.8
2026-07-04 20:01:01 | INFO | my_functions.py:281 | [DEBUG] Click skipped, ninguna de las imágenes se encontró en el intento.
2026-07-04 20:01:02 | INFO | my_functions.py:134 | Haciendo click en la posición (232, 968)
2026-07-04 20:01:07 | INFO | my_functions.py:142 | Presionando ESC (1/1)
2026-07-04 20:01:08 | INFO | my_functions.py:247 | [DEBUG] Buscando en paralelo: ['nut.png'] | timeout=20s | confidence=0.8
2026-07-04 20:01:10 | INFO | my_functions.py:134 | Haciendo click en la posición (184, 78)
2026-07-04 20:01:10 | INFO | my_functions.py:269 | 🖱️ Click OK (En paralelo): nut.png at (184, 78) delay=1s
2026-07-04 20:01:11 | INFO | my_functions.py:247 | [DEBUG] Buscando en paralelo: ['graphics_quality.png'] | timeout=3s | confidence=0.8
2026-07-04 20:01:12 | INFO | my_functions.py:134 | Haciendo click en la posición (304, 644)
2026-07-04 20:01:13 | INFO | my_functions.py:269 | 🖱️ Click OK (En paralelo): graphics_quality.png at (304, 644) delay=1s
2026-07-04 20:01:15 | INFO | my_functions.py:247 | [DEBUG] Buscando en paralelo: ['sign_out.png'] | timeout=20s | confidence=0.8
2026-07-04 20:01:16 | INFO | my_functions.py:134 | Haciendo click en la posición (380, 796)
2026-07-04 20:01:17 | INFO | my_functions.py:269 | 🖱️ Click OK (En paralelo): sign_out.png at (380, 796) delay=1s
