2026-07-04 20:01:39 | INFO | sandbox2.py:46 | LOG FILE PATH: \\vmware-host\Shared Folders\SHARED FILES VM\MS\logs\sandbox2_2026-07-04_20-01-39.log
2026-07-04 20:01:39 | INFO | sandbox2.py:47 | Logger initialized
2026-07-04 20:01:39 | INFO | sandbox2.py:74 | TEST LOG INITIALIZATION
2026-07-04 20:01:39 | INFO | sandbox2.py:75 | Logger test executed
2026-07-04 20:01:39 | INFO | my_functions.py:56 | ⏳ Esperando WebSocket de OBS...
2026-07-04 20:01:40 | INFO | baseclient.py:33 | Connecting with parameters: host='localhost' port=4455 password='' subs=0 timeout=None
2026-07-04 20:01:40 | INFO | reqs.py:23 | Successfully identified ReqClient with the server using RPC version:1
2026-07-04 20:01:40 | INFO | my_functions.py:62 | ✅ Conectado al OBS WebSocket
2026-07-04 20:01:40 | INFO | my_functions.py:87 | 🎬 Grabación iniciada
2026-07-04 20:01:40 | INFO | sandbox2.py:99 | snap.exe terminated if it was running
2026-07-04 20:01:40 | INFO | my_functions.py:1545 | ⏱ Esperando 0.1 segundos antes de empezar...
2026-07-04 20:01:40 | INFO | my_functions.py:1552 | 🔍 Esperando ventana que contenga alguna de: ['py', 'eight_hours'] (máx 20s)
2026-07-04 20:01:40 | INFO | my_functions.py:1564 | ✅ Ventana encontrada: 'C:\Windows\py.exe'
2026-07-04 20:01:40 | INFO | my_functions.py:1579 | ✅ Ventana seleccionada: 'C:\Windows\py.exe'
2026-07-04 20:01:42 | INFO | my_functions.py:1602 | 🔁 Reajuste #1...
2026-07-04 20:01:42 | INFO | my_functions.py:1609 | ✔ Verificación completa. Se hicieron 1 reajustes.
2026-07-04 20:01:42 | INFO | sandbox2.py:115 | Processing account: john
2026-07-04 20:01:42 | INFO | my_functions.py:1545 | ⏱ Esperando 0.1 segundos antes de empezar...
2026-07-04 20:01:42 | INFO | my_functions.py:1552 | 🔍 Esperando ventana que contenga alguna de: ['SNAP'] (máx 20s)
2026-07-04 20:01:46 | INFO | my_functions.py:1564 | ✅ Ventana encontrada: 'SNAP'
2026-07-04 20:01:46 | INFO | my_functions.py:1579 | ✅ Ventana seleccionada: 'SNAP'
2026-07-04 20:01:48 | INFO | my_functions.py:1611 | ✔ Verificación completa. No hubo cambios después del primer ajuste.
2026-07-04 20:01:48 | INFO | my_functions.py:1206 | [DEBUG] Resizing SNAP window...
2026-07-04 20:01:48 | INFO | my_functions.py:1545 | ⏱ Esperando 0.1 segundos antes de empezar...
2026-07-04 20:01:48 | INFO | my_functions.py:1552 | 🔍 Esperando ventana que contenga alguna de: ['SNAP'] (máx 20s)
2026-07-04 20:01:48 | INFO | my_functions.py:1564 | ✅ Ventana encontrada: 'SNAP'
2026-07-04 20:01:48 | INFO | my_functions.py:1579 | ✅ Ventana seleccionada: 'SNAP'
2026-07-04 20:01:55 | INFO | my_functions.py:1611 | ✔ Verificación completa. No hubo cambios después del primer ajuste.
2026-07-04 20:01:55 | INFO | my_functions.py:247 | [DEBUG] Buscando en paralelo: ['small_submit.PNG', 'small_submit_hover.png', 'submit_hover_2.png', 'small_submit_hover_2.png'] | timeout=90s | confidence=0.8
